0.136: [GC 0.136: [ParNew: 25621K->342K(39296K), 0.0372850 secs] 25621K->21064K(126720K), 0.0373610 secs] [Times: user=0.05 sys=0.01, real=0.04 secs] 
0.186: [GC 0.186: [ParNew: 21520K->371K(39296K), 0.0319050 secs] 42243K->40876K(126720K), 0.0319800 secs] [Times: user=0.04 sys=0.01, real=0.04 secs] 
0.227: [GC 0.227: [ParNew: 20152K->463K(39296K), 0.0313710 secs] 60657K->60749K(126720K), 0.0314320 secs] [Times: user=0.04 sys=0.01, real=0.03 secs] 
0.268: [GC 0.268: [ParNew: 20244K->568K(39296K), 0.0303500 secs] 80530K->80635K(126720K), 0.0304090 secs] [Times: user=0.04 sys=0.01, real=0.03 secs] 
0.309: [GC 0.309: [ParNew: 23912K->443K(39296K), 0.0356170 secs] 103979K->102319K(148532K), 0.0356880 secs] [Times: user=0.05 sys=0.02, real=0.03 secs] 
0.355: [GC [1 CMS-initial-mark: 101875K(109236K)] 123039K(148532K), 0.0005920 secs] [Times: user=0.00 sys=0.00, real=0.00 secs] 
0.356: [CMS-concurrent-mark-start]
0.356: [GC 0.356: [ParNew: 21163K->566K(39296K), 0.0337150 secs] 123039K->123162K(169256K), 0.0337640 secs] [Times: user=0.04 sys=0.01, real=0.03 secs] 
0.403: [GC 0.403: [ParNew: 25290K->178K(39296K), 0.0364050 secs] 147886K->147801K(193980K), 0.0364630 secs] [Times: user=0.04 sys=0.01, real=0.04 secs] 
0.453: [GC 0.454: [ParNew: 21987K->45K(39296K), 0.0383650 secs] 169610K->169477K(215792K), 0.0384880 secs] [Times: user=0.05 sys=0.01, real=0.04 secs] 
0.503: [GC 0.503: [ParNew: 20571K->12K(39296K), 0.0447200 secs] 190003K->189970K(236320K), 0.0447830 secs] [Times: user=0.05 sys=0.02, real=0.05 secs] 
0.558: [GC 0.558: [ParNew: 20538K->6K(39296K), 0.0547170 secs] 210496K->210490K(256848K), 0.0547800 secs] [Times: user=0.06 sys=0.01, real=0.05 secs] 
0.622: [GC 0.622: [ParNew: 20719K->4K(39296K), 0.0480960 secs] 231204K->231206K(277564K), 0.0481540 secs] [Times: user=0.04 sys=0.01, real=0.05 secs] 
0.677: [CMS-concurrent-mark: 0.018/0.322 secs] [Times: user=0.35 sys=0.09, real=0.33 secs] 
0.677: [CMS-concurrent-preclean-start]
0.679: [CMS-concurrent-preclean: 0.002/0.002 secs] [Times: user=0.00 sys=0.00, real=0.00 secs] 
0.679: [CMS-concurrent-abortable-preclean-start]
0.691: [GC 0.691: [ParNew: 32767K->4K(39296K), 0.0496710 secs] 263969K->263850K(310212K), 0.0497610 secs] [Times: user=0.03 sys=0.02, real=0.05 secs] 
0.759: [GC 0.759: [ParNew: 34464K->4K(39296K), 0.0769050 secs] 298310K->298190K(344556K), 0.0769690 secs] [Times: user=0.03 sys=0.03, real=0.07 secs] 
0.836: [CMS-concurrent-abortable-preclean: 0.002/0.157 secs] [Times: user=0.10 sys=0.05, real=0.15 secs] 
0.845: [GC 0.845: [ParNew: 14959K->4K(39296K), 0.0283090 secs] 313145K->313145K(359512K), 0.0283660 secs] [Times: user=0.03 sys=0.00, real=0.03 secs] 
0.883: [GC[YG occupancy: 20717 K (39296 K)]0.883: [Rescan (parallel) , 0.0010790 secs]0.884: [weak refs processing, 0.0000110 secs]0.884: [scrub string table, 0.0000290 secs] [1 CMS-remark: 313141K(320216K)] 333859K(359512K), 0.0011990 secs] [Times: user=0.00 sys=0.00, real=0.00 secs] 
0.885: [GC 0.885: [ParNew: 20961K->2K(39296K), 0.0331220 secs] 334103K->333857K(380228K), 0.0331790 secs] [Times: user=0.02 sys=0.01, real=0.04 secs] 
0.918: [CMS-concurrent-sweep-start]
0.918: [CMS-concurrent-sweep: 0.000/0.000 secs] [Times: user=0.00 sys=0.00, real=0.00 secs] 
0.930: [GC 0.930: [ParNew: 24725K->24725K(39296K), 0.0000270 secs]0.930: [CMS: 333855K->244378K(340932K), 0.1182550 secs] 358580K->244378K(380228K), [CMS Perm : 2871K->2869K(21248K)], 0.1187360 secs] [Times: user=0.12 sys=0.00, real=0.12 secs] 
1.153: [GC 1.153: [ParNew (promotion failed): 134560K->149517K(153344K), 0.0597560 secs]1.212: [CMS: 336462K->336575K(353920K), 0.1366550 secs] 378938K->336575K(507264K), [CMS Perm : 2869K->2869K(21248K)], 0.1965180 secs] [Times: user=0.22 sys=0.02, real=0.20 secs] 
1.420: [GC 1.420: [ParNew: 134094K->134094K(153344K), 0.0000230 secs]1.420: [CMS: 336575K->258255K(353920K), 0.1144750 secs] 470670K->258255K(507264K), [CMS Perm : 2871K->2871K(21248K)], 0.1145870 secs] [Times: user=0.11 sys=0.00, real=0.11 secs] 
1.546: [GC [1 CMS-initial-mark: 258255K(353920K)] 284623K(507264K), 0.0002090 secs] [Times: user=0.00 sys=0.00, real=0.00 secs] 
1.547: [CMS-concurrent-mark-start]
1.556: [CMS-concurrent-mark: 0.009/0.009 secs] [Times: user=0.02 sys=0.00, real=0.01 secs] 
1.556: [CMS-concurrent-preclean-start]
1.581: [CMS-concurrent-preclean: 0.025/0.025 secs] [Times: user=0.03 sys=0.00, real=0.02 secs] 
1.581: [CMS-concurrent-abortable-preclean-start]
1.603: [GC 1.603: [ParNew (promotion failed): 128159K->138500K(153344K), 0.0580050 secs]1.661: [CMS1.661: [CMS-concurrent-abortable-preclean: 0.001/0.080 secs] [Times: user=0.12 sys=0.01, real=0.08 secs] 
 (concurrent mode failure): 343006K->307673K(353920K), 0.1365140 secs] 386414K->307673K(507264K), [CMS Perm : 2871K->2871K(21248K)], 0.1946250 secs] [Times: user=0.21 sys=0.02, real=0.20 secs] 
1.870: [GC 1.870: [ParNew: 133220K->133220K(153344K), 0.0000230 secs]1.870: [CMS: 307673K->344865K(353920K), 0.1606050 secs] 440893K->359040K(507264K), [CMS Perm : 2871K->2871K(21248K)], 0.1607180 secs] [Times: user=0.15 sys=0.00, real=0.16 secs] 
2.101: [GC [1 CMS-initial-mark: 344865K(353920K)] 492038K(507264K), 0.0003190 secs] [Times: user=0.00 sys=0.00, real=0.00 secs] 
2.101: [CMS-concurrent-mark-start]
2.102: [Full GC 2.102: [CMS2.107: [CMS-concurrent-mark: 0.005/0.005 secs] [Times: user=0.01 sys=0.00, real=0.01 secs] 
 (concurrent mode failure): 344865K->227202K(353920K), 0.1025120 secs] 492038K->227202K(507264K), [CMS Perm : 2871K->2871K(21248K)], 0.1025750 secs] [Times: user=0.11 sys=0.00, real=0.10 secs] 
2.275: [GC 2.275: [ParNew: 132235K->14069K(153344K), 0.0576850 secs] 359438K->358753K(507264K), 0.0577540 secs] [Times: user=0.10 sys=0.00, real=0.06 secs] 
2.399: [GC [1 CMS-initial-mark: 344684K(353920K)] 481809K(507264K), 0.0001890 secs] [Times: user=0.00 sys=0.00, real=0.00 secs] 
2.399: [CMS-concurrent-mark-start]
2.407: [GC 2.407: [ParNew: 147651K->147651K(153344K), 0.0000180 secs]2.407: [CMS2.408: [CMS-concurrent-mark: 0.009/0.009 secs] [Times: user=0.01 sys=0.00, real=0.01 secs] 
 (concurrent mode failure): 344684K->294904K(353920K), 0.1207430 secs] 492335K->294904K(507264K), [CMS Perm : 2871K->2871K(21248K)], 0.1208400 secs] [Times: user=0.12 sys=0.00, real=0.12 secs] 
2.598: [GC 2.598: [ParNew: 132695K->132695K(153344K), 0.0000230 secs]2.598: [CMS: 294904K->341764K(353920K), 0.0618740 secs] 427600K->427132K(507264K), [CMS Perm : 2871K->2871K(21248K)], 0.0619840 secs] [Times: user=0.06 sys=0.00, real=0.06 secs] 
2.668: [GC [1 CMS-initial-mark: 341764K(353920K)] 444566K(507264K), 0.0002180 secs] [Times: user=0.00 sys=0.00, real=0.00 secs] 
2.669: [CMS-concurrent-mark-start]
2.679: [CMS-concurrent-mark: 0.010/0.010 secs] [Times: user=0.02 sys=0.00, real=0.01 secs] 
2.679: [CMS-concurrent-preclean-start]
2.693: [Full GC 2.693: [CMS2.696: [CMS-concurrent-preclean: 0.006/0.017 secs] [Times: user=0.02 sys=0.00, real=0.01 secs] 
 (concurrent mode failure): 341764K->340122K(353920K), 0.1865130 secs] 482143K->432207K(507264K), [CMS Perm : 2871K->2871K(21248K)], 0.1865850 secs] [Times: user=0.19 sys=0.00, real=0.19 secs] 
2.908: [Full GC 2.908: [CMS: 340122K->340122K(353920K), 0.0839460 secs] 485865K->485865K(507264K), [CMS Perm : 2871K->2871K(21248K)], 0.0840140 secs] [Times: user=0.08 sys=0.00, real=0.08 secs] 
2.992: [Full GC 2.992: [CMS: 340122K->340112K(353920K), 0.1477720 secs] 485865K->485855K(507264K), [CMS Perm : 2871K->2871K(21248K)], 0.1478280 secs] [Times: user=0.15 sys=0.00, real=0.15 secs] 
3.153: [Full GC 3.153: [CMS: 353466K->353465K(353920K), 0.1784960 secs] 499209K->499208K(507264K), [CMS Perm : 2871K->2871K(21248K)], 0.1785670 secs] [Times: user=0.17 sys=0.01, real=0.18 secs] 
3.332: [Full GC 3.332: [CMS: 353465K->353465K(353920K), 0.0076630 secs] 499208K->499208K(507264K), [CMS Perm : 2871K->2871K(21248K)], 0.0077230 secs] [Times: user=0.01 sys=0.00, real=0.01 secs] 
3.340: [Full GC 3.340: [CMS: 353465K->353464K(353920K), 0.1611390 secs] 499208K->499208K(507264K), [CMS Perm : 2871K->2871K(21248K)], 0.1611980 secs] [Times: user=0.15 sys=0.00, real=0.16 secs] 
3.501: [Full GC 3.501: [CMS: 353464K->353464K(353920K), 0.0075210 secs] 499208K->499208K(507264K), [CMS Perm : 2871K->2871K(21248K)], 0.0075750 secs] [Times: user=0.01 sys=0.00, real=0.01 secs] 
3.509: [GC [1 CMS-initial-mark: 353464K(353920K)] 499208K(507264K), 0.0000990 secs] [Times: user=0.00 sys=0.00, real=0.00 secs] 
3.509: [CMS-concurrent-mark-start]
3.509: [Full GC 3.509: [CMS3.515: [CMS-concurrent-mark: 0.005/0.005 secs] [Times: user=0.00 sys=0.00, real=0.00 secs] 
 (concurrent mode failure): 353464K->353464K(353920K), 0.1578490 secs] 499208K->499207K(507264K), [CMS Perm : 2871K->2871K(21248K)], 0.1579110 secs] [Times: user=0.15 sys=0.00, real=0.16 secs] 
3.667: [Full GC 3.667: [CMS: 353464K->353464K(353920K), 0.0080590 secs] 499207K->499207K(507264K), [CMS Perm : 2871K->2871K(21248K)], 0.0081150 secs] [Times: user=0.01 sys=0.00, real=0.00 secs] 
3.676: [Full GC 3.676: [CMS: 353464K->353462K(353920K), 0.1535590 secs] 499207K->499206K(507264K), [CMS Perm : 2871K->2871K(21248K)], 0.1536250 secs] [Times: user=0.15 sys=0.00, real=0.16 secs] 
3.830: [Full GC 3.830: [CMS: 353462K->353462K(353920K), 0.0071450 secs] 499206K->499206K(507264K), [CMS Perm : 2871K->2871K(21248K)], 0.0071990 secs] [Times: user=0.00 sys=0.00, real=0.01 secs] 
3.837: [Full GC 3.837: [CMS: 353462K->353462K(353920K), 0.1720060 secs] 499206K->499205K(507264K), [CMS Perm : 2871K->2871K(21248K)], 0.1720710 secs] [Times: user=0.17 sys=0.00, real=0.17 secs] 
4.009: [Full GC 4.009: [CMS: 353462K->353462K(353920K), 0.0087920 secs] 499205K->499205K(507264K), [CMS Perm : 2871K->2871K(21248K)], 0.0088850 secs] [Times: user=0.01 sys=0.00, real=0.01 secs] 
4.019: [GC [1 CMS-initial-mark: 353462K(353920K)] 499467K(507264K), 0.0001120 secs] [Times: user=0.00 sys=0.00, real=0.00 secs] 
4.019: [CMS-concurrent-mark-start]
4.019: [Full GC 4.019: [CMS4.024: [CMS-concurrent-mark: 0.005/0.005 secs] [Times: user=0.00 sys=0.00, real=0.00 secs] 
 (concurrent mode failure): 353462K->353461K(353920K), 0.1621620 secs] 499467K->499204K(507264K), [CMS Perm : 2871K->2871K(21248K)], 0.1622220 secs] [Times: user=0.15 sys=0.00, real=0.16 secs] 
4.181: [Full GC 4.181: [CMS: 353461K->353461K(353920K), 0.0072760 secs] 499204K->499204K(507264K), [CMS Perm : 2871K->2871K(21248K)], 0.0073320 secs] [Times: user=0.01 sys=0.00, real=0.01 secs] 
4.189: [Full GC 4.189: [CMS: 353461K->133830K(353920K), 0.0625930 secs] 499204K->133830K(507264K), [CMS Perm : 2871K->2871K(21248K)], 0.0626500 secs] [Times: user=0.06 sys=0.00, real=0.06 secs] 
4.320: [GC 4.320: [ParNew: 127825K->10593K(153344K), 0.0580420 secs] 261655K->261020K(507264K), 0.0581440 secs] [Times: user=0.10 sys=0.00, real=0.06 secs] 
4.384: [GC [1 CMS-initial-mark: 250427K(353920K)] 274733K(507264K), 0.0002900 secs] [Times: user=0.00 sys=0.00, real=0.00 secs] 
4.385: [CMS-concurrent-mark-start]
4.393: [CMS-concurrent-mark: 0.008/0.008 secs] [Times: user=0.01 sys=0.00, real=0.01 secs] 
4.393: [CMS-concurrent-preclean-start]
4.396: [CMS-concurrent-preclean: 0.003/0.003 secs] [Times: user=0.01 sys=0.00, real=0.00 secs] 
4.396: [CMS-concurrent-abortable-preclean-start]
4.449: [GC 4.449: [ParNew: 135583K->135583K(153344K), 0.0000200 secs]4.449: [CMS4.449: [CMS-concurrent-abortable-preclean: 0.001/0.053 secs] [Times: user=0.08 sys=0.00, real=0.06 secs] 
 (concurrent mode failure): 250427K->189632K(353920K), 0.0874540 secs] 386010K->189632K(507264K), [CMS Perm : 2871K->2871K(21248K)], 0.0875560 secs] [Times: user=0.08 sys=0.00, real=0.09 secs] 
4.605: [GC 4.605: [ParNew: 130264K->16719K(153344K), 0.0594980 secs] 319896K->319624K(507264K), 0.0595670 secs] [Times: user=0.11 sys=0.00, real=0.06 secs] 
4.693: [GC [1 CMS-initial-mark: 302905K(353920K)] 369184K(507264K), 0.0002910 secs] [Times: user=0.00 sys=0.00, real=0.00 secs] 
4.693: [CMS-concurrent-mark-start]
4.702: [CMS-concurrent-mark: 0.009/0.009 secs] [Times: user=0.01 sys=0.00, real=0.01 secs] 
4.702: [CMS-concurrent-preclean-start]
4.703: [CMS-concurrent-preclean: 0.001/0.001 secs] [Times: user=0.00 sys=0.00, real=0.00 secs] 
4.703: [CMS-concurrent-abortable-preclean-start]
4.703: [CMS-concurrent-abortable-preclean: 0.000/0.000 secs] [Times: user=0.00 sys=0.00, real=0.00 secs] 
4.737: [GC[YG occupancy: 137881 K (153344 K)]4.737: [Rescan (parallel) , 0.0007280 secs]4.738: [weak refs processing, 0.0000070 secs]4.738: [scrub string table, 0.0000210 secs] [1 CMS-remark: 302905K(353920K)] 440786K(507264K), 0.0008640 secs] [Times: user=0.00 sys=0.00, real=0.00 secs] 
4.738: [CMS-concurrent-sweep-start]
4.738: [GC 4.738: [ParNew: 137881K->137881K(153344K), 0.0000120 secs]4.738: [CMS4.739: [CMS-concurrent-sweep: 0.000/0.001 secs] [Times: user=0.00 sys=0.00, real=0.00 secs] 
 (concurrent mode failure): 302905K->201959K(353920K), 0.0912820 secs] 440786K->201959K(507264K), [CMS Perm : 2871K->2871K(21248K)], 0.0913750 secs] [Times: user=0.09 sys=0.00, real=0.09 secs] 
4.896: [GC 4.896: [ParNew: 127578K->13662K(153344K), 0.0583090 secs] 329537K->329425K(507264K), 0.0583770 secs] [Times: user=0.09 sys=0.00, real=0.06 secs] 
4.980: [GC [1 CMS-initial-mark: 315762K(353920K)] 379444K(507264K), 0.0001560 secs] [Times: user=0.00 sys=0.00, real=0.00 secs] 
4.980: [CMS-concurrent-mark-start]
4.987: [CMS-concurrent-mark: 0.007/0.007 secs] [Times: user=0.01 sys=0.00, real=0.01 secs] 
4.987: [CMS-concurrent-preclean-start]
4.988: [CMS-concurrent-preclean: 0.001/0.001 secs] [Times: user=0.00 sys=0.00, real=0.00 secs] 
4.988: [CMS-concurrent-abortable-preclean-start]
4.988: [CMS-concurrent-abortable-preclean: 0.000/0.000 secs] [Times: user=0.00 sys=0.00, real=0.00 secs] 
5.002: [GC[YG occupancy: 97702 K (153344 K)]5.002: [Rescan (parallel) , 0.0005850 secs]5.002: [weak refs processing, 0.0000080 secs]5.003: [scrub string table, 0.0000190 secs] [1 CMS-remark: 315762K(353920K)] 413465K(507264K), 0.0006840 secs] [Times: user=0.00 sys=0.00, real=0.00 secs] 
5.003: [CMS-concurrent-sweep-start]
5.004: [CMS-concurrent-sweep: 0.001/0.001 secs] [Times: user=0.00 sys=0.00, real=0.00 secs] 
5.004: [CMS-concurrent-reset-start]
5.006: [CMS-concurrent-reset: 0.002/0.002 secs] [Times: user=0.01 sys=0.00, real=0.00 secs] 
5.035: [GC 5.035: [ParNew: 149717K->10782K(153344K), 0.0709310 secs] 263813K->250075K(507264K), 0.0709990 secs] [Times: user=0.10 sys=0.00, real=0.07 secs] 
5.116: [GC [1 CMS-initial-mark: 239293K(353920K)] 271591K(507264K), 0.0002620 secs] [Times: user=0.00 sys=0.00, real=0.00 secs] 
5.117: [CMS-concurrent-mark-start]
5.125: [CMS-concurrent-mark: 0.008/0.008 secs] [Times: user=0.01 sys=0.00, real=0.00 secs] 
5.125: [CMS-concurrent-preclean-start]
5.126: [CMS-concurrent-preclean: 0.001/0.001 secs] [Times: user=0.00 sys=0.00, real=0.00 secs] 
5.126: [CMS-concurrent-abortable-preclean-start]
5.179: [GC 5.179: [ParNew: 143217K->143217K(153344K), 0.0000240 secs]5.179: [CMS5.180: [CMS-concurrent-abortable-preclean: 0.001/0.054 secs] [Times: user=0.09 sys=0.01, real=0.06 secs] 
 (concurrent mode failure): 239293K->194667K(353920K), 0.0901790 secs] 382510K->194667K(507264K), [CMS Perm : 2871K->2871K(21248K)], 0.0902880 secs] [Times: user=0.08 sys=0.00, real=0.09 secs] 
5.338: [GC 5.338: [ParNew: 127720K->16484K(153344K), 0.0559170 secs] 322388K->322362K(507264K), 0.0559790 secs] [Times: user=0.10 sys=0.00, real=0.05 secs] 
5.398: [GC [1 CMS-initial-mark: 305877K(353920K)] 333107K(507264K), 0.0001940 secs] [Times: user=0.00 sys=0.00, real=0.00 secs] 
5.398: [CMS-concurrent-mark-start]
5.407: [CMS-concurrent-mark: 0.009/0.009 secs] [Times: user=0.02 sys=0.00, real=0.01 secs] 
5.407: [CMS-concurrent-preclean-start]
5.408: [CMS-concurrent-preclean: 0.001/0.001 secs] [Times: user=0.00 sys=0.00, real=0.00 secs] 
5.408: [CMS-concurrent-abortable-preclean-start]
5.408: [CMS-concurrent-abortable-preclean: 0.000/0.000 secs] [Times: user=0.00 sys=0.00, real=0.00 secs] 
5.430: [GC[YG occupancy: 81467 K (153344 K)]5.430: [Rescan (parallel) , 0.0008010 secs]5.431: [weak refs processing, 0.0000080 secs]5.431: [scrub string table, 0.0000210 secs] [1 CMS-remark: 305877K(353920K)] 387345K(507264K), 0.0009120 secs] [Times: user=0.00 sys=0.00, real=0.00 secs] 
5.431: [CMS-concurrent-sweep-start]
5.432: [CMS-concurrent-sweep: 0.000/0.000 secs] [Times: user=0.00 sys=0.00, real=0.00 secs] 
5.432: [CMS-concurrent-reset-start]
5.433: [CMS-concurrent-reset: 0.002/0.002 secs] [Times: user=0.00 sys=0.00, real=0.00 secs] 
5.466: [GC 5.466: [ParNew: 141610K->14747K(153344K), 0.0578580 secs] 285806K->269303K(507264K), 0.0579130 secs] [Times: user=0.09 sys=0.00, real=0.06 secs] 
5.530: [GC [1 CMS-initial-mark: 254556K(353920K)] 282387K(507264K), 0.0001810 secs] [Times: user=0.00 sys=0.00, real=0.00 secs] 
5.530: [CMS-concurrent-mark-start]
5.538: [CMS-concurrent-mark: 0.008/0.008 secs] [Times: user=0.02 sys=0.00, real=0.01 secs] 
5.538: [CMS-concurrent-preclean-start]
5.538: [CMS-concurrent-preclean: 0.001/0.001 secs] [Times: user=0.00 sys=0.00, real=0.00 secs] 
5.538: [CMS-concurrent-abortable-preclean-start]
5.599: [GC 5.599: [ParNew: 146212K->146212K(153344K), 0.0000230 secs]5.599: [CMS5.599: [CMS-concurrent-abortable-preclean: 0.001/0.060 secs] [Times: user=0.08 sys=0.00, real=0.06 secs] 
 (concurrent mode failure): 254556K->208048K(353920K), 0.1024650 secs] 400769K->208048K(507264K), [CMS Perm : 2871K->2871K(21248K)], 0.1025730 secs] [Times: user=0.10 sys=0.00, real=0.10 secs] 
5.769: [GC 5.769: [ParNew: 127085K->17008K(153344K), 0.0577370 secs] 335133K->335131K(507264K), 0.0578160 secs] [Times: user=0.09 sys=0.01, real=0.06 secs] 
5.836: [GC [1 CMS-initial-mark: 318123K(353920K)] 355590K(507264K), 0.0001910 secs] [Times: user=0.00 sys=0.00, real=0.00 secs] 
5.837: [CMS-concurrent-mark-start]
5.849: [CMS-concurrent-mark: 0.012/0.012 secs] [Times: user=0.02 sys=0.00, real=0.01 secs] 
5.849: [CMS-concurrent-preclean-start]
5.850: [CMS-concurrent-preclean: 0.001/0.001 secs] [Times: user=0.00 sys=0.00, real=0.00 secs] 
5.850: [CMS-concurrent-abortable-preclean-start]
5.850: [CMS-concurrent-abortable-preclean: 0.000/0.000 secs] [Times: user=0.00 sys=0.00, real=0.00 secs] 
5.881: [GC[YG occupancy: 112213 K (153344 K)]5.881: [Rescan (parallel) , 0.0006920 secs]5.882: [weak refs processing, 0.0000070 secs]5.882: [scrub string table, 0.0000200 secs] [1 CMS-remark: 318123K(353920K)] 430337K(507264K), 0.0008020 secs] [Times: user=0.00 sys=0.00, real=0.00 secs] 
5.882: [CMS-concurrent-sweep-start]
5.882: [CMS-concurrent-sweep: 0.000/0.000 secs] [Times: user=0.00 sys=0.00, real=0.00 secs] 
5.882: [CMS-concurrent-reset-start]
5.884: [CMS-concurrent-reset: 0.001/0.001 secs] [Times: user=0.00 sys=0.00, real=0.00 secs] 
5.906: [GC 5.906: [ParNew: 152573K->16719K(153344K), 0.0655770 secs] 303339K->303332K(507264K), 0.0656940 secs] [Times: user=0.11 sys=0.00, real=0.07 secs] 
5.978: [GC [1 CMS-initial-mark: 286612K(353920K)] 317625K(507264K), 0.0001890 secs] [Times: user=0.00 sys=0.00, real=0.00 secs] 
5.979: [CMS-concurrent-mark-start]
5.988: [CMS-concurrent-mark: 0.009/0.009 secs] [Times: user=0.01 sys=0.00, real=0.01 secs] 
5.988: [CMS-concurrent-preclean-start]
5.989: [CMS-concurrent-preclean: 0.001/0.001 secs] [Times: user=0.00 sys=0.00, real=0.00 secs] 
5.989: [CMS-concurrent-abortable-preclean-start]
5.989: [CMS-concurrent-abortable-preclean: 0.000/0.000 secs] [Times: user=0.00 sys=0.00, real=0.00 secs] 
6.012: [GC[YG occupancy: 89484 K (153344 K)]6.012: [Rescan (parallel) , 0.0006460 secs]6.013: [weak refs processing, 0.0000080 secs]6.013: [scrub string table, 0.0000210 secs] [1 CMS-remark: 286612K(353920K)] 376097K(507264K), 0.0007580 secs] [Times: user=0.00 sys=0.00, real=0.00 secs] 
6.013: [CMS-concurrent-sweep-start]
6.013: [CMS-concurrent-sweep: 0.000/0.000 secs] [Times: user=0.00 sys=0.00, real=0.00 secs] 
6.013: [CMS-concurrent-reset-start]
6.015: [CMS-concurrent-reset: 0.002/0.002 secs] [Times: user=0.00 sys=0.00, real=0.00 secs] 
6.047: [GC 6.047: [ParNew: 148251K->148251K(153344K), 0.0000240 secs]6.047: [CMS: 209478K->172178K(353920K), 0.0788830 secs] 357729K->172178K(507264K), [CMS Perm : 2871K->2871K(21248K)], 0.0789920 secs] [Times: user=0.08 sys=0.00, real=0.08 secs] 
6.149: [GC [1 CMS-initial-mark: 172178K(353920K)] 217270K(507264K), 0.0001800 secs] [Times: user=0.00 sys=0.00, real=0.00 secs] 
6.149: [CMS-concurrent-mark-start]
6.158: [CMS-concurrent-mark: 0.009/0.009 secs] [Times: user=0.02 sys=0.00, real=0.01 secs] 
6.158: [CMS-concurrent-preclean-start]
6.159: [CMS-concurrent-preclean: 0.001/0.001 secs] [Times: user=0.00 sys=0.00, real=0.00 secs] 
6.159: [CMS-concurrent-abortable-preclean-start]
6.198: [GC 6.198: [ParNew: 129693K->14628K(153344K), 0.0570780 secs] 301872K->301874K(507264K), 0.0571430 secs] [Times: user=0.10 sys=0.00, real=0.05 secs] 
6.321: [GC 6.322: [ParNew: 141558K->141558K(153344K), 0.0000320 secs]6.322: [CMS6.322: [CMS-concurrent-abortable-preclean: 0.002/0.163 secs] [Times: user=0.26 sys=0.00, real=0.16 secs] 
 (concurrent mode failure): 287245K->189959K(353920K), 0.0875560 secs] 428804K->189959K(507264K), [CMS Perm : 2871K->2871K(21248K)], 0.0876730 secs] [Times: user=0.08 sys=0.00, real=0.09 secs] 
6.475: [GC 6.475: [ParNew: 124077K->12734K(153344K), 0.0578960 secs] 314036K->314038K(507264K), 0.0579600 secs] [Times: user=0.10 sys=0.01, real=0.06 secs] 
6.553: [GC [1 CMS-initial-mark: 301303K(353920K)] 355010K(507264K), 0.0007270 secs] [Times: user=0.00 sys=0.00, real=0.00 secs] 
6.554: [CMS-concurrent-mark-start]
6.563: [CMS-concurrent-mark: 0.008/0.008 secs] [Times: user=0.01 sys=0.00, real=0.01 secs] 
6.563: [CMS-concurrent-preclean-start]
6.564: [CMS-concurrent-preclean: 0.001/0.001 secs] [Times: user=0.01 sys=0.00, real=0.00 secs] 
6.564: [CMS-concurrent-abortable-preclean-start]
6.564: [CMS-concurrent-abortable-preclean: 0.000/0.000 secs] [Times: user=0.00 sys=0.00, real=0.00 secs] 
6.582: [GC[YG occupancy: 103669 K (153344 K)]6.582: [Rescan (parallel) , 0.0006810 secs]6.582: [weak refs processing, 0.0000090 secs]6.582: [scrub string table, 0.0000210 secs] [1 CMS-remark: 301303K(353920K)] 404973K(507264K), 0.0007890 secs] [Times: user=0.00 sys=0.00, real=0.00 secs] 
6.583: [CMS-concurrent-sweep-start]
6.583: [CMS-concurrent-sweep: 0.001/0.001 secs] [Times: user=0.01 sys=0.00, real=0.00 secs] 
6.583: [CMS-concurrent-reset-start]
6.587: [CMS-concurrent-reset: 0.003/0.003 secs] [Times: user=0.00 sys=0.00, real=0.01 secs] 
6.602: [GC 6.602: [ParNew: 138314K->16821K(153344K), 0.0550040 secs] 274417K->261679K(507264K), 0.0550680 secs] [Times: user=0.10 sys=0.00, real=0.06 secs] 
6.678: [GC [1 CMS-initial-mark: 244857K(353920K)] 296118K(507264K), 0.0001780 secs] [Times: user=0.00 sys=0.00, real=0.00 secs] 
6.697: [CMS-concurrent-mark-start]
6.706: [CMS-concurrent-mark: 0.008/0.008 secs] [Times: user=0.02 sys=0.00, real=0.00 secs] 
6.706: [CMS-concurrent-preclean-start]
6.707: [CMS-concurrent-preclean: 0.001/0.001 secs] [Times: user=0.00 sys=0.00, real=0.01 secs] 
6.707: [CMS-concurrent-abortable-preclean-start]
6.740: [GC 6.740: [ParNew: 153052K->153052K(153344K), 0.0000240 secs]6.740: [CMS6.740: [CMS-concurrent-abortable-preclean: 0.001/0.033 secs] [Times: user=0.05 sys=0.00, real=0.03 secs] 
 (concurrent mode failure): 244857K->207845K(353920K), 0.0963290 secs] 397910K->207845K(507264K), [CMS Perm : 2871K->2871K(21248K)], 0.0964370 secs] [Times: user=0.09 sys=0.00, real=0.09 secs] 
6.906: [GC 6.906: [ParNew: 131662K->13486K(153344K), 0.0610210 secs] 339508K->339510K(507264K), 0.0610890 secs] [Times: user=0.10 sys=0.00, real=0.07 secs] 
6.978: [GC [1 CMS-initial-mark: 326023K(353920K)] 361597K(507264K), 0.0002210 secs] [Times: user=0.00 sys=0.00, real=0.00 secs] 
6.978: [CMS-concurrent-mark-start]
6.986: [CMS-concurrent-mark: 0.008/0.008 secs] [Times: user=0.02 sys=0.00, real=0.00 secs] 
6.986: [CMS-concurrent-preclean-start]
6.987: [CMS-concurrent-preclean: 0.001/0.001 secs] [Times: user=0.00 sys=0.00, real=0.01 secs] 
6.987: [CMS-concurrent-abortable-preclean-start]
6.987: [CMS-concurrent-abortable-preclean: 0.000/0.000 secs] [Times: user=0.00 sys=0.00, real=0.00 secs] 
6.987: [GC[YG occupancy: 46505 K (153344 K)]6.987: [Rescan (parallel) , 0.0005740 secs]6.988: [weak refs processing, 0.0000060 secs]6.988: [scrub string table, 0.0000180 secs] [1 CMS-remark: 326023K(353920K)] 372528K(507264K), 0.0006490 secs] [Times: user=0.00 sys=0.00, real=0.00 secs] 
6.988: [CMS-concurrent-sweep-start]
6.988: [CMS-concurrent-sweep: 0.001/0.001 secs] [Times: user=0.00 sys=0.00, real=0.00 secs] 
6.988: [CMS-concurrent-reset-start]
6.991: [CMS-concurrent-reset: 0.003/0.003 secs] [Times: user=0.00 sys=0.00, real=0.00 secs] 
7.041: [GC 7.041: [ParNew: 142241K->13814K(153344K), 0.0642760 secs] 295985K->295979K(507264K), 0.0643410 secs] [Times: user=0.10 sys=0.00, real=0.06 secs] 
7.112: [GC [1 CMS-initial-mark: 282165K(353920K)] 309458K(507264K), 0.0002230 secs] [Times: user=0.00 sys=0.00, real=0.00 secs] 
7.112: [CMS-concurrent-mark-start]
7.123: [CMS-concurrent-mark: 0.011/0.011 secs] [Times: user=0.02 sys=0.00, real=0.01 secs] 
7.123: [CMS-concurrent-preclean-start]
7.124: [CMS-concurrent-preclean: 0.001/0.001 secs] [Times: user=0.00 sys=0.00, real=0.00 secs] 
7.124: [CMS-concurrent-abortable-preclean-start]
7.124: [CMS-concurrent-abortable-preclean: 0.000/0.000 secs] [Times: user=0.00 sys=0.00, real=0.00 secs] 
7.152: [GC[YG occupancy: 100629 K (153344 K)]7.152: [Rescan (parallel) , 0.0006090 secs]7.153: [weak refs processing, 0.0000090 secs]7.153: [scrub string table, 0.0000210 secs] [1 CMS-remark: 282165K(353920K)] 382794K(507264K), 0.0007140 secs] [Times: user=0.00 sys=0.00, real=0.00 secs] 
7.153: [CMS-concurrent-sweep-start]
7.154: [CMS-concurrent-sweep: 0.000/0.000 secs] [Times: user=0.00 sys=0.00, real=0.00 secs] 
7.154: [CMS-concurrent-reset-start]
7.156: [CMS-concurrent-reset: 0.002/0.002 secs] [Times: user=0.00 sys=0.00, real=0.00 secs] 
7.177: [GC 7.178: [ParNew: 141281K->13482K(153344K), 0.0607540 secs] 259278K->259272K(507264K), 0.0608200 secs] [Times: user=0.11 sys=0.00, real=0.06 secs] 
7.249: [GC [1 CMS-initial-mark: 245790K(353920K)] 281359K(507264K), 0.0005000 secs] [Times: user=0.00 sys=0.00, real=0.00 secs] 
7.249: [CMS-concurrent-mark-start]
7.256: [CMS-concurrent-mark: 0.007/0.007 secs] [Times: user=0.01 sys=0.00, real=0.00 secs] 
7.256: [CMS-concurrent-preclean-start]
7.257: [CMS-concurrent-preclean: 0.001/0.001 secs] [Times: user=0.00 sys=0.00, real=0.01 secs] 
7.257: [CMS-concurrent-abortable-preclean-start]
7.312: [GC 7.312: [ParNew: 146703K->146703K(153344K), 0.0000230 secs]7.312: [CMS7.312: [CMS-concurrent-abortable-preclean: 0.001/0.055 secs] [Times: user=0.09 sys=0.00, real=0.05 secs] 
 (concurrent mode failure): 245790K->174161K(353920K), 0.0784930 secs] 392493K->174161K(507264K), [CMS Perm : 2871K->2871K(21248K)], 0.0785990 secs] [Times: user=0.07 sys=0.00, real=0.08 secs] 
7.452: [GC 7.452: [ParNew: 117345K->13558K(153344K), 0.0543410 secs] 291507K->291511K(507264K), 0.0544020 secs] [Times: user=0.09 sys=0.00, real=0.06 secs] 
7.519: [GC [1 CMS-initial-mark: 277952K(353920K)] 314488K(507264K), 0.0001950 secs] [Times: user=0.00 sys=0.00, real=0.00 secs] 
7.519: [CMS-concurrent-mark-start]
7.529: [CMS-concurrent-mark: 0.010/0.010 secs] [Times: user=0.02 sys=0.00, real=0.01 secs] 
7.529: [CMS-concurrent-preclean-start]
7.530: [CMS-concurrent-preclean: 0.001/0.001 secs] [Times: user=0.00 sys=0.00, real=0.00 secs] 
7.530: [CMS-concurrent-abortable-preclean-start]
7.579: [GC 7.579: [ParNew: 146080K->146080K(153344K), 0.0000340 secs]7.579: [CMS7.579: [CMS-concurrent-abortable-preclean: 0.001/0.049 secs] [Times: user=0.08 sys=0.00, real=0.05 secs] 
 (concurrent mode failure): 277952K->224345K(353920K), 0.1005860 secs] 424033K->224345K(507264K), [CMS Perm : 2871K->2871K(21248K)], 0.1007220 secs] [Times: user=0.10 sys=0.00, real=0.10 secs] 
7.747: [GC 7.747: [ParNew: 129321K->16329K(153344K), 0.0567920 secs] 353666K->353668K(507264K), 0.0568620 secs] [Times: user=0.10 sys=0.00, real=0.05 secs] 
7.822: [GC [1 CMS-initial-mark: 337338K(353920K)] 389025K(507264K), 0.0001910 secs] [Times: user=0.00 sys=0.00, real=0.00 secs] 
7.822: [CMS-concurrent-mark-start]
7.831: [CMS-concurrent-mark: 0.009/0.009 secs] [Times: user=0.02 sys=0.00, real=0.01 secs] 
7.831: [CMS-concurrent-preclean-start]
7.832: [CMS-concurrent-preclean: 0.001/0.001 secs] [Times: user=0.00 sys=0.00, real=0.00 secs] 
7.832: [CMS-concurrent-abortable-preclean-start]
7.832: [CMS-concurrent-abortable-preclean: 0.000/0.000 secs] [Times: user=0.00 sys=0.00, real=0.00 secs] 
7.853: [GC[YG occupancy: 107302 K (153344 K)]7.853: [Rescan (parallel) , 0.0007780 secs]7.854: [weak refs processing, 0.0000080 secs]7.854: [scrub string table, 0.0000210 secs] [1 CMS-remark: 337338K(353920K)] 444641K(507264K), 0.0009530 secs] [Times: user=0.00 sys=0.00, real=0.00 secs] 
7.854: [CMS-concurrent-sweep-start]
7.855: [CMS-concurrent-sweep: 0.000/0.000 secs] [Times: user=0.00 sys=0.00, real=0.00 secs] 
7.855: [CMS-concurrent-reset-start]
7.857: [CMS-concurrent-reset: 0.002/0.002 secs] [Times: user=0.00 sys=0.00, real=0.01 secs] 
7.877: [GC 7.877: [ParNew: 142740K->16096K(153344K), 0.0622220 secs] 266043K->266037K(507264K), 0.0622870 secs] [Times: user=0.11 sys=0.01, real=0.06 secs] 
7.950: [GC [1 CMS-initial-mark: 249941K(353920K)] 289948K(507264K), 0.0002390 secs] [Times: user=0.00 sys=0.00, real=0.00 secs] 
7.951: [CMS-concurrent-mark-start]
7.958: [CMS-concurrent-mark: 0.007/0.007 secs] [Times: user=0.01 sys=0.00, real=0.01 secs] 
7.958: [CMS-concurrent-preclean-start]
7.959: [CMS-concurrent-preclean: 0.001/0.001 secs] [Times: user=0.00 sys=0.00, real=0.00 secs] 
7.959: [CMS-concurrent-abortable-preclean-start]
8.013: [GC 8.013: [ParNew: 148767K->148767K(153344K), 0.0000220 secs]8.013: [CMS8.013: [CMS-concurrent-abortable-preclean: 0.001/0.055 secs] [Times: user=0.08 sys=0.00, real=0.05 secs] 
 (concurrent mode failure): 249941K->208257K(353920K), 0.0920910 secs] 398708K->208257K(507264K), [CMS Perm : 2871K->2871K(21248K)], 0.0921960 secs] [Times: user=0.09 sys=0.00, real=0.09 secs] 
8.168: [GC 8.168: [ParNew: 118268K->16349K(153344K), 0.0525070 secs] 326525K->326527K(507264K), 0.0525710 secs] [Times: user=0.09 sys=0.00, real=0.05 secs] 
8.231: [GC [1 CMS-initial-mark: 310177K(353920K)] 348222K(507264K), 0.0002440 secs] [Times: user=0.00 sys=0.00, real=0.00 secs] 
8.231: [CMS-concurrent-mark-start]
8.241: [CMS-concurrent-mark: 0.010/0.010 secs] [Times: user=0.02 sys=0.00, real=0.01 secs] 
8.241: [CMS-concurrent-preclean-start]
8.242: [CMS-concurrent-preclean: 0.001/0.001 secs] [Times: user=0.00 sys=0.00, real=0.00 secs] 
8.242: [CMS-concurrent-abortable-preclean-start]
8.242: [CMS-concurrent-abortable-preclean: 0.000/0.000 secs] [Times: user=0.00 sys=0.00, real=0.00 secs] 
8.247: [GC[YG occupancy: 63853 K (153344 K)]8.247: [Rescan (parallel) , 0.0006230 secs]8.248: [weak refs processing, 0.0000090 secs]8.248: [scrub string table, 0.0000210 secs] [1 CMS-remark: 310177K(353920K)] 374031K(507264K), 0.0007210 secs] [Times: user=0.00 sys=0.00, real=0.00 secs] 
8.248: [CMS-concurrent-sweep-start]
8.249: [CMS-concurrent-sweep: 0.001/0.001 secs] [Times: user=0.01 sys=0.00, real=0.00 secs] 
8.249: [CMS-concurrent-reset-start]
8.252: [CMS-concurrent-reset: 0.003/0.003 secs] [Times: user=0.00 sys=0.00, real=0.00 secs] 
8.290: [GC 8.290: [ParNew: 140838K->15088K(153344K), 0.0574890 secs] 279378K->263026K(507264K), 0.0575470 secs] [Times: user=0.09 sys=0.00, real=0.06 secs] 
8.354: [GC [1 CMS-initial-mark: 247938K(353920K)] 276742K(507264K), 0.0002430 secs] [Times: user=0.00 sys=0.00, real=0.00 secs] 
8.355: [CMS-concurrent-mark-start]
8.364: [CMS-concurrent-mark: 0.010/0.010 secs] [Times: user=0.02 sys=0.00, real=0.01 secs] 
8.364: [CMS-concurrent-preclean-start]
8.365: [CMS-concurrent-preclean: 0.001/0.001 secs] [Times: user=0.00 sys=0.00, real=0.00 secs] 
8.365: [CMS-concurrent-abortable-preclean-start]
8.420: [GC 8.420: [ParNew: 145654K->145654K(153344K), 0.0000260 secs]8.420: [CMS8.420: [CMS-concurrent-abortable-preclean: 0.001/0.055 secs] [Times: user=0.08 sys=0.00, real=0.06 secs] 
 (concurrent mode failure): 247938K->201367K(353920K), 0.0905220 secs] 393592K->201367K(507264K), [CMS Perm : 2871K->2871K(21248K)], 0.0906660 secs] [Times: user=0.09 sys=0.00, real=0.09 secs] 
8.577: [GC 8.577: [ParNew: 123261K->11065K(153344K), 0.0568450 secs] 324629K->324631K(507264K), 0.0569130 secs] [Times: user=0.10 sys=0.00, real=0.05 secs] 
8.646: [GC [1 CMS-initial-mark: 313565K(353920K)] 346916K(507264K), 0.0002720 secs] [Times: user=0.00 sys=0.00, real=0.00 secs] 
8.646: [CMS-concurrent-mark-start]
8.655: [CMS-concurrent-mark: 0.009/0.009 secs] [Times: user=0.02 sys=0.00, real=0.00 secs] 
8.655: [CMS-concurrent-preclean-start]
8.656: [CMS-concurrent-preclean: 0.001/0.001 secs] [Times: user=0.00 sys=0.00, real=0.00 secs] 
8.656: [CMS-concurrent-abortable-preclean-start]
8.656: [CMS-concurrent-abortable-preclean: 0.000/0.000 secs] [Times: user=0.00 sys=0.00, real=0.00 secs] 
8.672: [GC[YG occupancy: 79792 K (153344 K)]8.672: [Rescan (parallel) , 0.0006460 secs]8.673: [weak refs processing, 0.0000080 secs]8.673: [scrub string table, 0.0000200 secs] [1 CMS-remark: 313565K(353920K)] 393358K(507264K), 0.0007510 secs] [Times: user=0.01 sys=0.00, real=0.00 secs] 
8.673: [CMS-concurrent-sweep-start]
8.674: [CMS-concurrent-sweep: 0.001/0.001 secs] [Times: user=0.00 sys=0.00, real=0.00 secs] 
8.674: [CMS-concurrent-reset-start]
8.677: [CMS-concurrent-reset: 0.004/0.004 secs] [Times: user=0.00 sys=0.00, real=0.01 secs] 
8.699: [GC 8.699: [ParNew: 125677K->4K(153344K), 0.0565310 secs] 284453K->284447K(507264K), 0.0565980 secs] [Times: user=0.09 sys=0.00, real=0.05 secs] 
8.767: [GC [1 CMS-initial-mark: 284443K(353920K)] 308361K(507264K), 0.0001810 secs] [Times: user=0.00 sys=0.00, real=0.00 secs] 
8.767: [CMS-concurrent-mark-start]
8.774: [CMS-concurrent-mark: 0.007/0.007 secs] [Times: user=0.01 sys=0.00, real=0.00 secs] 
8.774: [CMS-concurrent-preclean-start]
8.775: [CMS-concurrent-preclean: 0.001/0.001 secs] [Times: user=0.00 sys=0.00, real=0.00 secs] 
8.775: [CMS-concurrent-abortable-preclean-start]
8.823: [GC 8.824: [ParNew: 122412K->122412K(153344K), 0.0000240 secs]8.824: [CMS8.824: [CMS-concurrent-abortable-preclean: 0.001/0.048 secs] [Times: user=0.08 sys=0.00, real=0.05 secs] 
 (concurrent mode failure): 284443K->225923K(353920K), 0.0902750 secs] 406856K->225923K(507264K), [CMS Perm : 2871K->2871K(21248K)], 0.0903820 secs] [Times: user=0.08 sys=0.00, real=0.09 secs] 
8.982: [GC 8.982: [ParNew: 126985K->15371K(153344K), 0.0621100 secs] 352908K->352910K(507264K), 0.0621750 secs] [Times: user=0.09 sys=0.00, real=0.06 secs] 
9.056: [GC [1 CMS-initial-mark: 337539K(353920K)] 370837K(507264K), 0.0004450 secs] [Times: user=0.00 sys=0.00, real=0.01 secs] 
9.057: [CMS-concurrent-mark-start]
9.065: [CMS-concurrent-mark: 0.008/0.008 secs] [Times: user=0.01 sys=0.00, real=0.00 secs] 
9.065: [CMS-concurrent-preclean-start]
9.065: [CMS-concurrent-preclean: 0.001/0.001 secs] [Times: user=0.00 sys=0.00, real=0.00 secs] 
9.066: [CMS-concurrent-abortable-preclean-start]
9.066: [CMS-concurrent-abortable-preclean: 0.000/0.000 secs] [Times: user=0.00 sys=0.00, real=0.00 secs] 
9.066: [GC[YG occupancy: 33298 K (153344 K)]9.066: [Rescan (parallel) , 0.0015070 secs]9.067: [weak refs processing, 0.0000060 secs]9.067: [scrub string table, 0.0000210 secs] [1 CMS-remark: 337539K(353920K)] 370837K(507264K), 0.0015990 secs] [Times: user=0.00 sys=0.00, real=0.01 secs] 
9.067: [CMS-concurrent-sweep-start]
9.068: [CMS-concurrent-sweep: 0.000/0.000 secs] [Times: user=0.00 sys=0.00, real=0.00 secs] 
9.068: [CMS-concurrent-reset-start]
9.070: [CMS-concurrent-reset: 0.003/0.003 secs] [Times: user=0.00 sys=0.00, real=0.00 secs] 
9.126: [GC 9.126: [ParNew: 140048K->15371K(153344K), 0.0543090 secs] 271225K->255851K(507264K), 0.0543760 secs] [Times: user=0.10 sys=0.00, real=0.06 secs] 
9.187: [GC [1 CMS-initial-mark: 240480K(353920K)] 271242K(507264K), 0.0001850 secs] [Times: user=0.00 sys=0.00, real=0.00 secs] 
9.187: [CMS-concurrent-mark-start]
9.195: [CMS-concurrent-mark: 0.008/0.008 secs] [Times: user=0.01 sys=0.00, real=0.00 secs] 
9.195: [CMS-concurrent-preclean-start]
9.196: [CMS-concurrent-preclean: 0.001/0.001 secs] [Times: user=0.01 sys=0.00, real=0.00 secs] 
9.196: [CMS-concurrent-abortable-preclean-start]
9.254: [GC 9.254: [ParNew: 150900K->150900K(153344K), 0.0000230 secs]9.254: [CMS9.254: [CMS-concurrent-abortable-preclean: 0.001/0.058 secs] [Times: user=0.09 sys=0.00, real=0.06 secs] 
 (concurrent mode failure): 240480K->220148K(353920K), 0.1163290 secs] 391380K->220148K(507264K), [CMS Perm : 2871K->2871K(21248K)], 0.1164820 secs] [Times: user=0.11 sys=0.00, real=0.12 secs] 
9.446: [GC 9.446: [ParNew: 120628K->11950K(153344K), 0.0526580 secs] 340777K->340779K(507264K), 0.0527220 secs] [Times: user=0.09 sys=0.00, real=0.05 secs] 
9.509: [GC [1 CMS-initial-mark: 328828K(353920K)] 359808K(507264K), 0.0002210 secs] [Times: user=0.01 sys=0.00, real=0.00 secs] 
9.510: [CMS-concurrent-mark-start]
9.518: [CMS-concurrent-mark: 0.008/0.008 secs] [Times: user=0.01 sys=0.00, real=0.01 secs] 
9.518: [CMS-concurrent-preclean-start]
9.519: [CMS-concurrent-preclean: 0.001/0.001 secs] [Times: user=0.00 sys=0.00, real=0.00 secs] 
9.519: [CMS-concurrent-abortable-preclean-start]
9.519: [CMS-concurrent-abortable-preclean: 0.000/0.000 secs] [Times: user=0.00 sys=0.00, real=0.00 secs] 
9.521: [GC[YG occupancy: 47937 K (153344 K)]9.521: [Rescan (parallel) , 0.0009890 secs]9.522: [weak refs processing, 0.0000100 secs]9.522: [scrub string table, 0.0000200 secs] [1 CMS-remark: 328828K(353920K)] 376766K(507264K), 0.0010940 secs] [Times: user=0.00 sys=0.00, real=0.00 secs] 
9.522: [CMS-concurrent-sweep-start]
9.522: [CMS-concurrent-sweep: 0.001/0.001 secs] [Times: user=0.00 sys=0.00, real=0.00 secs] 
9.522: [CMS-concurrent-reset-start]
9.525: [CMS-concurrent-reset: 0.002/0.002 secs] [Times: user=0.01 sys=0.00, real=0.00 secs] 
9.574: [GC 9.574: [ParNew: 144819K->15022K(153344K), 0.0617290 secs] 253792K->253786K(507264K), 0.0617950 secs] [Times: user=0.11 sys=0.00, real=0.06 secs] 
9.646: [GC [1 CMS-initial-mark: 238764K(353920K)] 273942K(507264K), 0.0001740 secs] [Times: user=0.00 sys=0.00, real=0.00 secs] 
9.647: [CMS-concurrent-mark-start]
9.653: [CMS-concurrent-mark: 0.006/0.006 secs] [Times: user=0.01 sys=0.00, real=0.00 secs] 
9.653: [CMS-concurrent-preclean-start]
9.654: [CMS-concurrent-preclean: 0.001/0.001 secs] [Times: user=0.00 sys=0.00, real=0.00 secs] 
9.654: [CMS-concurrent-abortable-preclean-start]
9.706: [GC 9.706: [ParNew: 142379K->142379K(153344K), 0.0000380 secs]9.706: [CMS9.706: [CMS-concurrent-abortable-preclean: 0.001/0.053 secs] [Times: user=0.08 sys=0.00, real=0.06 secs] 
 (concurrent mode failure): 238764K->173470K(353920K), 0.0788060 secs] 381143K->173470K(507264K), [CMS Perm : 2871K->2871K(21248K)], 0.0789380 secs] [Times: user=0.08 sys=0.00, real=0.08 secs] 
9.856: [GC 9.856: [ParNew: 135870K->10718K(153344K), 0.0591700 secs] 309340K->309342K(507264K), 0.0592360 secs] [Times: user=0.10 sys=0.00, real=0.05 secs] 
9.931: [GC [1 CMS-initial-mark: 298624K(353920K)] 340626K(507264K), 0.0002210 secs] [Times: user=0.00 sys=0.00, real=0.00 secs] 
9.932: [CMS-concurrent-mark-start]
9.940: [CMS-concurrent-mark: 0.008/0.008 secs] [Times: user=0.02 sys=0.00, real=0.01 secs] 
9.940: [CMS-concurrent-preclean-start]
9.941: [CMS-concurrent-preclean: 0.001/0.001 secs] [Times: user=0.00 sys=0.00, real=0.00 secs] 
9.941: [CMS-concurrent-abortable-preclean-start]
9.941: [CMS-concurrent-abortable-preclean: 0.000/0.000 secs] [Times: user=0.00 sys=0.00, real=0.00 secs] 
9.953: [GC[YG occupancy: 78345 K (153344 K)]9.953: [Rescan (parallel) , 0.0006140 secs]9.954: [weak refs processing, 0.0000080 secs]9.954: [scrub string table, 0.0000210 secs] [1 CMS-remark: 298624K(353920K)] 376969K(507264K), 0.0007230 secs] [Times: user=0.00 sys=0.00, real=0.00 secs] 
9.954: [CMS-concurrent-sweep-start]
9.955: [CMS-concurrent-sweep: 0.001/0.001 secs] [Times: user=0.00 sys=0.00, real=0.00 secs] 
9.955: [CMS-concurrent-reset-start]
9.957: [CMS-concurrent-reset: 0.003/0.003 secs] [Times: user=0.01 sys=0.00, real=0.01 secs] 
9.990: [GC 9.990: [ParNew: 135448K->11396K(153344K), 0.0522720 secs] 300466K->289746K(507264K), 0.0524500 secs] [Times: user=0.09 sys=0.00, real=0.05 secs] 
10.048: [GC [1 CMS-initial-mark: 278349K(353920K)] 302986K(507264K), 0.0002320 secs] [Times: user=0.00 sys=0.00, real=0.00 secs] 
10.049: [CMS-concurrent-mark-start]
10.058: [CMS-concurrent-mark: 0.009/0.009 secs] [Times: user=0.02 sys=0.00, real=0.01 secs] 
10.058: [CMS-concurrent-preclean-start]
10.059: [CMS-concurrent-preclean: 0.001/0.001 secs] [Times: user=0.00 sys=0.00, real=0.00 secs] 
10.059: [CMS-concurrent-abortable-preclean-start]
10.059: [CMS-concurrent-abortable-preclean: 0.000/0.000 secs] [Times: user=0.00 sys=0.00, real=0.00 secs] 
10.080: [GC[YG occupancy: 79546 K (153344 K)]10.080: [Rescan (parallel) , 0.0006650 secs]10.080: [weak refs processing, 0.0000100 secs]10.080: [scrub string table, 0.0000200 secs] [1 CMS-remark: 278349K(353920K)] 357895K(507264K), 0.0008140 secs] [Times: user=0.00 sys=0.00, real=0.00 secs] 
10.081: [CMS-concurrent-sweep-start]
10.081: [CMS-concurrent-sweep: 0.000/0.000 secs] [Times: user=0.00 sys=0.00, real=0.00 secs] 
10.081: [CMS-concurrent-reset-start]
10.082: [CMS-concurrent-reset: 0.001/0.001 secs] [Times: user=0.00 sys=0.00, real=0.00 secs] 
10.116: [GC 10.116: [ParNew (promotion failed): 143190K->145037K(153344K), 0.0529750 secs]10.169: [CMS: 300434K->163967K(353920K), 0.0729870 secs] 337378K->163967K(507264K), [CMS Perm : 2871K->2871K(21248K)], 0.1260750 secs] [Times: user=0.16 sys=0.00, real=0.12 secs] 
10.254: [GC [1 CMS-initial-mark: 163967K(353920K)] 187576K(507264K), 0.0001850 secs] [Times: user=0.00 sys=0.00, real=0.00 secs] 
10.254: [CMS-concurrent-mark-start]
10.263: [CMS-concurrent-mark: 0.009/0.009 secs] [Times: user=0.02 sys=0.00, real=0.01 secs] 
10.263: [CMS-concurrent-preclean-start]
10.264: [CMS-concurrent-preclean: 0.001/0.001 secs] [Times: user=0.00 sys=0.00, real=0.00 secs] 
10.264: [CMS-concurrent-abortable-preclean-start]
10.316: [GC 10.316: [ParNew10.369: [CMS-concurrent-abortable-preclean: 0.001/0.105 secs] [Times: user=0.16 sys=0.00, real=0.11 secs] 
: 131027K->14370K(153344K), 0.0562280 secs] 294995K->294997K(507264K), 0.0562950 secs] [Times: user=0.10 sys=0.00, real=0.06 secs] 
10.378: [GC[YG occupancy: 25933 K (153344 K)]10.378: [Rescan (parallel) , 0.0008720 secs]10.379: [weak refs processing, 0.0000080 secs]10.379: [scrub string table, 0.0000200 secs] [1 CMS-remark: 280627K(353920K)] 306560K(507264K), 0.0009760 secs] [Times: user=0.00 sys=0.00, real=0.00 secs] 
10.379: [CMS-concurrent-sweep-start]
10.379: [CMS-concurrent-sweep: 0.000/0.000 secs] [Times: user=0.00 sys=0.00, real=0.00 secs] 
10.379: [CMS-concurrent-reset-start]
10.382: [CMS-concurrent-reset: 0.003/0.003 secs] [Times: user=0.00 sys=0.00, real=0.00 secs] 
10.441: [GC 10.441: [ParNew: 139793K->13121K(153344K), 0.0619940 secs] 334242K->334236K(507264K), 0.0620580 secs] [Times: user=0.10 sys=0.00, real=0.06 secs] 
10.522: [GC [1 CMS-initial-mark: 321114K(353920K)] 370533K(507264K), 0.0005720 secs] [Times: user=0.00 sys=0.00, real=0.00 secs] 
10.523: [CMS-concurrent-mark-start]
10.529: [CMS-concurrent-mark: 0.006/0.006 secs] [Times: user=0.00 sys=0.00, real=0.01 secs] 
10.529: [CMS-concurrent-preclean-start]
10.530: [CMS-concurrent-preclean: 0.001/0.001 secs] [Times: user=0.01 sys=0.00, real=0.00 secs] 
10.530: [CMS-concurrent-abortable-preclean-start]
10.530: [CMS-concurrent-abortable-preclean: 0.000/0.000 secs] [Times: user=0.00 sys=0.00, real=0.00 secs] 
10.537: [GC[YG occupancy: 66715 K (153344 K)]10.537: [Rescan (parallel) , 0.0006240 secs]10.537: [weak refs processing, 0.0000090 secs]10.537: [scrub string table, 0.0000210 secs] [1 CMS-remark: 321114K(353920K)] 387829K(507264K), 0.0007310 secs] [Times: user=0.00 sys=0.00, real=0.00 secs] 
10.537: [CMS-concurrent-sweep-start]
10.538: [CMS-concurrent-sweep: 0.001/0.001 secs] [Times: user=0.00 sys=0.00, real=0.00 secs] 
10.538: [CMS-concurrent-reset-start]
10.541: [CMS-concurrent-reset: 0.003/0.003 secs] [Times: user=0.01 sys=0.00, real=0.00 secs] 
10.580: [GC 10.580: [ParNew (promotion failed): 144611K->144611K(153344K), 0.0582690 secs]10.639: [CMS: 316592K->168503K(353920K), 0.0752680 secs] 351392K->168503K(507264K), [CMS Perm : 2871K->2871K(21248K)], 0.1336440 secs] [Times: user=0.17 sys=0.00, real=0.13 secs] 
10.722: [GC [1 CMS-initial-mark: 168503K(353920K)] 183953K(507264K), 0.0002470 secs] [Times: user=0.00 sys=0.00, real=0.00 secs] 
10.722: [CMS-concurrent-mark-start]
10.729: [CMS-concurrent-mark: 0.007/0.007 secs] [Times: user=0.00 sys=0.00, real=0.01 secs] 
10.729: [CMS-concurrent-preclean-start]
10.730: [CMS-concurrent-preclean: 0.001/0.001 secs] [Times: user=0.01 sys=0.00, real=0.00 secs] 
10.730: [CMS-concurrent-abortable-preclean-start]
10.788: [GC 10.788: [ParNew10.831: [CMS-concurrent-abortable-preclean: 0.001/0.102 secs] [Times: user=0.16 sys=0.01, real=0.10 secs] 
: 132518K->16585K(153344K), 0.0548820 secs] 301021K->301023K(507264K), 0.0549740 secs] [Times: user=0.10 sys=0.00, real=0.05 secs] 
10.861: [GC[YG occupancy: 50794 K (153344 K)]10.861: [Rescan (parallel) , 0.0012230 secs]10.863: [weak refs processing, 0.0000070 secs]10.863: [scrub string table, 0.0000200 secs] [1 CMS-remark: 284438K(353920K)] 335233K(507264K), 0.0013390 secs] [Times: user=0.00 sys=0.00, real=0.00 secs] 
10.863: [CMS-concurrent-sweep-start]
10.863: [CMS-concurrent-sweep: 0.000/0.000 secs] [Times: user=0.00 sys=0.00, real=0.00 secs] 
10.863: [CMS-concurrent-reset-start]
10.866: [CMS-concurrent-reset: 0.002/0.002 secs] [Times: user=0.01 sys=0.00, real=0.00 secs] 
10.911: [GC 10.911: [ParNew: 139728K->139728K(153344K), 0.0000310 secs]10.911: [CMS: 260829K->197436K(353920K), 0.0918640 secs] 400558K->197436K(507264K), [CMS Perm : 2871K->2871K(21248K)], 0.0919890 secs] [Times: user=0.08 sys=0.00, real=0.09 secs] 
11.010: [GC [1 CMS-initial-mark: 197436K(353920K)] 211408K(507264K), 0.0001970 secs] [Times: user=0.00 sys=0.00, real=0.00 secs] 
11.010: [CMS-concurrent-mark-start]
11.019: [CMS-concurrent-mark: 0.009/0.009 secs] [Times: user=0.01 sys=0.00, real=0.01 secs] 
11.019: [CMS-concurrent-preclean-start]
11.020: [CMS-concurrent-preclean: 0.001/0.001 secs] [Times: user=0.01 sys=0.00, real=0.00 secs] 
11.020: [CMS-concurrent-abortable-preclean-start]
11.077: [GC 11.077: [ParNew11.124: [CMS-concurrent-abortable-preclean: 0.001/0.104 secs] [Times: user=0.15 sys=0.00, real=0.10 secs] 
: 132883K->13164K(153344K), 0.0580870 secs] 330320K->330322K(507264K), 0.0582050 secs] [Times: user=0.09 sys=0.00, real=0.05 secs] 
11.141: [GC[YG occupancy: 25599 K (153344 K)]11.141: [Rescan (parallel) , 0.0006650 secs]11.141: [weak refs processing, 0.0000080 secs]11.141: [scrub string table, 0.0000220 secs] [1 CMS-remark: 317157K(353920K)] 342756K(507264K), 0.0007730 secs] [Times: user=0.00 sys=0.00, real=0.00 secs] 
11.142: [CMS-concurrent-sweep-start]
11.142: [CMS-concurrent-sweep: 0.000/0.000 secs] [Times: user=0.00 sys=0.00, real=0.00 secs] 
11.142: [CMS-concurrent-reset-start]
11.145: [CMS-concurrent-reset: 0.003/0.003 secs] [Times: user=0.01 sys=0.00, real=0.00 secs] 
11.205: [GC 11.205: [ParNew: 128508K->128508K(153344K), 0.0000250 secs]11.205: [CMS: 248672K->180846K(353920K), 0.1155670 secs] 377180K->180846K(507264K), [CMS Perm : 2871K->2871K(21248K)], 0.1157080 secs] [Times: user=0.09 sys=0.00, real=0.12 secs] 
11.365: [GC [1 CMS-initial-mark: 180846K(353920K)] 254651K(507264K), 0.0001610 secs] [Times: user=0.00 sys=0.00, real=0.00 secs] 
11.365: [CMS-concurrent-mark-start]
11.376: [CMS-concurrent-mark: 0.012/0.012 secs] [Times: user=0.02 sys=0.00, real=0.02 secs] 
11.376: [CMS-concurrent-preclean-start]
11.377: [CMS-concurrent-preclean: 0.001/0.001 secs] [Times: user=0.01 sys=0.00, real=0.00 secs] 
11.377: [CMS-concurrent-abortable-preclean-start]
11.399: [GC 11.399: [ParNew: 135991K->16928K(153344K), 0.0572250 secs] 316838K->316840K(507264K), 0.0573170 secs] [Times: user=0.10 sys=0.01, real=0.06 secs] 
11.522: [GC 11.522: [ParNew: 137700K->137700K(153344K), 0.0000230 secs]11.522: [CMS11.522: [CMS-concurrent-abortable-preclean: 0.001/0.145 secs] [Times: user=0.22 sys=0.01, real=0.14 secs] 
 (concurrent mode failure): 299911K->226358K(353920K), 0.1008660 secs] 437611K->226358K(507264K), [CMS Perm : 2871K->2871K(21248K)], 0.1009830 secs] [Times: user=0.10 sys=0.00, real=0.10 secs] 
11.696: [GC 11.696: [ParNew: 133826K->12970K(153344K), 0.0620220 secs] 360184K->360184K(507264K), 0.0620860 secs] [Times: user=0.10 sys=0.00, real=0.07 secs] 
11.766: [GC [1 CMS-initial-mark: 347214K(353920K)] 377215K(507264K), 0.0003250 secs] [Times: user=0.00 sys=0.00, real=0.01 secs] 
11.766: [CMS-concurrent-mark-start]
11.774: [CMS-concurrent-mark: 0.008/0.008 secs] [Times: user=0.01 sys=0.00, real=0.00 secs] 
11.774: [CMS-concurrent-preclean-start]
11.775: [CMS-concurrent-preclean: 0.001/0.001 secs] [Times: user=0.00 sys=0.00, real=0.00 secs] 
11.775: [CMS-concurrent-abortable-preclean-start]
11.775: [CMS-concurrent-abortable-preclean: 0.000/0.000 secs] [Times: user=0.00 sys=0.00, real=0.00 secs] 
11.791: [GC[YG occupancy: 70981 K (153344 K)]11.791: [Rescan (parallel) , 0.0022040 secs]11.793: [weak refs processing, 0.0000070 secs]11.793: [scrub string table, 0.0000200 secs] [1 CMS-remark: 347214K(353920K)] 418195K(507264K), 0.0023120 secs] [Times: user=0.00 sys=0.00, real=0.00 secs] 
11.794: [CMS-concurrent-sweep-start]
11.794: [CMS-concurrent-sweep: 0.000/0.000 secs] [Times: user=0.00 sys=0.00, real=0.00 secs] 
11.794: [CMS-concurrent-reset-start]
11.796: [CMS-concurrent-reset: 0.001/0.001 secs] [Times: user=0.00 sys=0.00, real=0.00 secs] 
11.835: [GC 11.835: [ParNew: 142513K->4K(153344K), 0.0653640 secs] 288878K->288874K(507264K), 0.0654300 secs] [Times: user=0.10 sys=0.00, real=0.07 secs] 
11.909: [GC [1 CMS-initial-mark: 288870K(353920K)] 306465K(507264K), 0.0003010 secs] [Times: user=0.00 sys=0.00, real=0.00 secs] 
11.910: [CMS-concurrent-mark-start]
11.919: [CMS-concurrent-mark: 0.009/0.009 secs] [Times: user=0.01 sys=0.00, real=0.01 secs] 
11.919: [CMS-concurrent-preclean-start]
11.920: [CMS-concurrent-preclean: 0.001/0.001 secs] [Times: user=0.00 sys=0.00, real=0.00 secs] 
11.920: [CMS-concurrent-abortable-preclean-start]
11.974: [GC 11.974: [ParNew: 127213K->127213K(153344K), 0.0000270 secs]11.974: [CMS11.974: [CMS-concurrent-abortable-preclean: 0.001/0.054 secs] [Times: user=0.08 sys=0.00, real=0.05 secs] 
 (concurrent mode failure): 288870K->223593K(353920K), 0.0810320 secs] 416084K->223593K(507264K), [CMS Perm : 2871K->2871K(21248K)], 0.0811380 secs] [Times: user=0.08 sys=0.00, real=0.08 secs] 
12.125: [GC 12.125: [ParNew: 132990K->132990K(153344K), 0.0000230 secs]12.125: [CMS: 223593K->133277K(353920K), 0.0622300 secs] 356583K->133277K(507264K), [CMS Perm : 2871K->2871K(21248K)], 0.0623380 secs] [Times: user=0.06 sys=0.00, real=0.07 secs] 
12.258: [GC 12.258: [ParNew: 133296K->10785K(153344K), 0.0613670 secs] 266574K->266576K(507264K), 0.0614390 secs] [Times: user=0.10 sys=0.00, real=0.06 secs] 
12.331: [GC [1 CMS-initial-mark: 255791K(353920K)] 288962K(507264K), 0.0001700 secs] [Times: user=0.00 sys=0.00, real=0.00 secs] 
12.331: [CMS-concurrent-mark-start]
12.341: [CMS-concurrent-mark: 0.010/0.010 secs] [Times: user=0.01 sys=0.00, real=0.01 secs] 
12.341: [CMS-concurrent-preclean-start]
12.342: [CMS-concurrent-preclean: 0.001/0.001 secs] [Times: user=0.00 sys=0.00, real=0.00 secs] 
12.342: [CMS-concurrent-abortable-preclean-start]
12.391: [GC 12.391: [ParNew: 142807K->142807K(153344K), 0.0000240 secs]12.391: [CMS12.391: [CMS-concurrent-abortable-preclean: 0.001/0.049 secs] [Times: user=0.08 sys=0.00, real=0.05 secs] 
 (concurrent mode failure): 255791K->213854K(353920K), 0.1054950 secs] 398598K->213854K(507264K), [CMS Perm : 2871K->2871K(21248K)], 0.1056020 secs] [Times: user=0.10 sys=0.00, real=0.11 secs] 
12.564: [GC 12.564: [ParNew: 125883K->13757K(153344K), 0.0574630 secs] 339738K->339740K(507264K), 0.0575370 secs] [Times: user=0.07 sys=0.00, real=0.06 secs] 
12.631: [GC [1 CMS-initial-mark: 325983K(353920K)] 357667K(507264K), 0.0001440 secs] [Times: user=0.00 sys=0.00, real=0.00 secs] 
12.631: [CMS-concurrent-mark-start]
12.638: [CMS-concurrent-mark: 0.006/0.006 secs] [Times: user=0.01 sys=0.00, real=0.01 secs] 
12.638: [CMS-concurrent-preclean-start]
12.639: [CMS-concurrent-preclean: 0.001/0.001 secs] [Times: user=0.00 sys=0.00, real=0.00 secs] 
12.639: [CMS-concurrent-abortable-preclean-start]
12.639: [CMS-concurrent-abortable-preclean: 0.000/0.000 secs] [Times: user=0.00 sys=0.00, real=0.00 secs] 
12.657: [GC[YG occupancy: 70400 K (153344 K)]12.657: [Rescan (parallel) , 0.0011080 secs]12.658: [weak refs processing, 0.0000160 secs]12.658: [scrub string table, 0.0000240 secs] [1 CMS-remark: 325983K(353920K)] 396383K(507264K), 0.0012350 secs] [Times: user=0.01 sys=0.00, real=0.00 secs] 
12.658: [CMS-concurrent-sweep-start]
12.659: [CMS-concurrent-sweep: 0.000/0.000 secs] [Times: user=0.00 sys=0.00, real=0.00 secs] 
12.659: [CMS-concurrent-reset-start]
12.660: [CMS-concurrent-reset: 0.001/0.001 secs] [Times: user=0.00 sys=0.00, real=0.00 secs] 
12.698: [GC 12.698: [ParNew: 136963K->13231K(153344K), 0.0576970 secs] 249385K->235625K(507264K), 0.0577760 secs] [Times: user=0.08 sys=0.00, real=0.05 secs] 
12.762: [GC [1 CMS-initial-mark: 222394K(353920K)] 249123K(507264K), 0.0001850 secs] [Times: user=0.00 sys=0.00, real=0.00 secs] 
12.762: [CMS-concurrent-mark-start]
12.772: [CMS-concurrent-mark: 0.010/0.010 secs] [Times: user=0.02 sys=0.00, real=0.01 secs] 
12.772: [CMS-concurrent-preclean-start]
12.773: [CMS-concurrent-preclean: 0.001/0.001 secs] [Times: user=0.00 sys=0.00, real=0.00 secs] 
12.773: [CMS-concurrent-abortable-preclean-start]
12.826: [GC 12.826: [ParNew: 137972K->137972K(153344K), 0.0000250 secs]12.826: [CMS12.826: [CMS-concurrent-abortable-preclean: 0.001/0.054 secs] [Times: user=0.08 sys=0.01, real=0.06 secs] 
 (concurrent mode failure): 222394K->148899K(353920K), 0.0656160 secs] 360366K->148899K(507264K), [CMS Perm : 2871K->2871K(21248K)], 0.0657250 secs] [Times: user=0.06 sys=0.00, real=0.07 secs] 
12.955: [GC 12.955: [ParNew: 122321K->16753K(153344K), 0.0519630 secs] 271220K->271220K(507264K), 0.0520300 secs] [Times: user=0.10 sys=0.00, real=0.06 secs] 
13.014: [GC [1 CMS-initial-mark: 254467K(353920K)] 289448K(507264K), 0.0002360 secs] [Times: user=0.00 sys=0.00, real=0.00 secs] 
13.015: [CMS-concurrent-mark-start]
13.025: [CMS-concurrent-mark: 0.010/0.010 secs] [Times: user=0.02 sys=0.00, real=0.01 secs] 
13.025: [CMS-concurrent-preclean-start]
13.026: [CMS-concurrent-preclean: 0.001/0.001 secs] [Times: user=0.00 sys=0.00, real=0.00 secs] 
13.026: [CMS-concurrent-abortable-preclean-start]
13.070: [GC 13.070: [ParNew: 135559K->135559K(153344K), 0.0000230 secs]13.070: [CMS13.070: [CMS-concurrent-abortable-preclean: 0.001/0.044 secs] [Times: user=0.07 sys=0.00, real=0.05 secs] 
 (concurrent mode failure): 254467K->197399K(353920K), 0.0841550 secs] 390027K->197399K(507264K), [CMS Perm : 2871K->2871K(21248K)], 0.0842610 secs] [Times: user=0.08 sys=0.00, real=0.08 secs] 
13.220: [GC 13.220: [ParNew: 129795K->14938K(153344K), 0.0566560 secs] 327194K->327196K(507264K), 0.0567240 secs] [Times: user=0.11 sys=0.00, real=0.06 secs] 
13.284: [GC [1 CMS-initial-mark: 312257K(353920K)] 342080K(507264K), 0.0001760 secs] [Times: user=0.00 sys=0.00, real=0.00 secs] 
13.285: [CMS-concurrent-mark-start]
13.295: [CMS-concurrent-mark: 0.010/0.010 secs] [Times: user=0.02 sys=0.00, real=0.01 secs] 
13.295: [CMS-concurrent-preclean-start]
13.297: [CMS-concurrent-preclean: 0.002/0.002 secs] [Times: user=0.00 sys=0.00, real=0.01 secs] 
13.297: [CMS-concurrent-abortable-preclean-start]
13.297: [CMS-concurrent-abortable-preclean: 0.000/0.000 secs] [Times: user=0.00 sys=0.00, real=0.00 secs] 
13.305: [GC[YG occupancy: 65701 K (153344 K)]13.305: [Rescan (parallel) , 0.0007100 secs]13.306: [weak refs processing, 0.0000090 secs]13.306: [scrub string table, 0.0000220 secs] [1 CMS-remark: 312257K(353920K)] 377959K(507264K), 0.0008260 secs] [Times: user=0.00 sys=0.00, real=0.00 secs] 
13.306: [CMS-concurrent-sweep-start]
13.307: [CMS-concurrent-sweep: 0.001/0.001 secs] [Times: user=0.00 sys=0.00, real=0.01 secs] 
13.307: [CMS-concurrent-reset-start]
13.309: [CMS-concurrent-reset: 0.003/0.003 secs] [Times: user=0.01 sys=0.00, real=0.00 secs] 
13.351: [GC 13.351: [ParNew: 146421K->13937K(153344K), 0.0540210 secs] 281338K->266397K(507264K), 0.0540880 secs] [Times: user=0.10 sys=0.01, real=0.05 secs] 
13.411: [GC [1 CMS-initial-mark: 252460K(353920K)] 280280K(507264K), 0.0001810 secs] [Times: user=0.00 sys=0.00, real=0.00 secs] 
13.411: [CMS-concurrent-mark-start]
13.420: [CMS-concurrent-mark: 0.009/0.009 secs] [Times: user=0.02 sys=0.00, real=0.01 secs] 
13.420: [CMS-concurrent-preclean-start]
13.421: [CMS-concurrent-preclean: 0.001/0.001 secs] [Times: user=0.00 sys=0.00, real=0.00 secs] 
13.421: [CMS-concurrent-abortable-preclean-start]
13.470: [GC 13.470: [ParNew: 137289K->137289K(153344K), 0.0000230 secs]13.470: [CMS13.470: [CMS-concurrent-abortable-preclean: 0.001/0.049 secs] [Times: user=0.08 sys=0.00, real=0.05 secs] 
 (concurrent mode failure): 252460K->188119K(353920K), 0.0848750 secs] 389749K->188119K(507264K), [CMS Perm : 2871K->2871K(21248K)], 0.0850160 secs] [Times: user=0.08 sys=0.00, real=0.08 secs] 
13.620: [GC 13.620: [ParNew: 125172K->13461K(153344K), 0.0508360 secs] 313292K->313294K(507264K), 0.0509020 secs] [Times: user=0.09 sys=0.00, real=0.05 secs] 
13.683: [GC [1 CMS-initial-mark: 299832K(353920K)] 340777K(507264K), 0.0001880 secs] [Times: user=0.00 sys=0.00, real=0.00 secs] 
13.683: [CMS-concurrent-mark-start]
13.692: [CMS-concurrent-mark: 0.009/0.009 secs] [Times: user=0.01 sys=0.00, real=0.01 secs] 
13.692: [CMS-concurrent-preclean-start]
13.693: [CMS-concurrent-preclean: 0.001/0.001 secs] [Times: user=0.00 sys=0.00, real=0.00 secs] 
13.693: [CMS-concurrent-abortable-preclean-start]
13.693: [CMS-concurrent-abortable-preclean: 0.000/0.000 secs] [Times: user=0.00 sys=0.00, real=0.00 secs] 
13.715: [GC[YG occupancy: 97232 K (153344 K)]13.715: [Rescan (parallel) , 0.0005990 secs]13.716: [weak refs processing, 0.0000080 secs]13.716: [scrub string table, 0.0000240 secs] [1 CMS-remark: 299832K(353920K)] 397064K(507264K), 0.0007110 secs] [Times: user=0.00 sys=0.00, real=0.00 secs] 
13.716: [CMS-concurrent-sweep-start]
13.721: [CMS-concurrent-sweep: 0.006/0.006 secs] [Times: user=0.01 sys=0.00, real=0.01 secs] 
13.721: [CMS-concurrent-reset-start]
13.724: [CMS-concurrent-reset: 0.003/0.003 secs] [Times: user=0.00 sys=0.00, real=0.00 secs] 
13.734: [GC 13.734: [ParNew: 130526K->12596K(153344K), 0.0561830 secs] 259169K->259163K(507264K), 0.0562500 secs] [Times: user=0.10 sys=0.00, real=0.06 secs] 
13.801: [GC [1 CMS-initial-mark: 246566K(353920K)] 283416K(507264K), 0.0002220 secs] [Times: user=0.00 sys=0.00, real=0.00 secs] 
13.802: [CMS-concurrent-mark-start]
13.811: [CMS-concurrent-mark: 0.009/0.009 secs] [Times: user=0.02 sys=0.00, real=0.01 secs] 
13.811: [CMS-concurrent-preclean-start]
13.812: [CMS-concurrent-preclean: 0.001/0.001 secs] [Times: user=0.00 sys=0.00, real=0.00 secs] 
13.812: [CMS-concurrent-abortable-preclean-start]
13.854: [GC 13.854: [ParNew: 131294K->131294K(153344K), 0.0000220 secs]13.854: [CMS13.854: [CMS-concurrent-abortable-preclean: 0.001/0.043 secs] [Times: user=0.07 sys=0.01, real=0.04 secs] 
 (concurrent mode failure): 246566K->196113K(353920K), 0.0851300 secs] 377860K->196113K(507264K), [CMS Perm : 2871K->2871K(21248K)], 0.0852390 secs] [Times: user=0.08 sys=0.00, real=0.09 secs] 
14.010: [GC 14.010: [ParNew: 135856K->16079K(153344K), 0.0596120 secs] 331969K->331971K(507264K), 0.0596860 secs] [Times: user=0.10 sys=0.00, real=0.06 secs] 
14.101: [GC [1 CMS-initial-mark: 315892K(353920K)] 394741K(507264K), 0.0002760 secs] [Times: user=0.00 sys=0.00, real=0.00 secs] 
14.101: [CMS-concurrent-mark-start]
14.109: [CMS-concurrent-mark: 0.007/0.007 secs] [Times: user=0.01 sys=0.00, real=0.01 secs] 
14.109: [CMS-concurrent-preclean-start]
14.110: [CMS-concurrent-preclean: 0.001/0.001 secs] [Times: user=0.00 sys=0.00, real=0.00 secs] 
14.110: [CMS-concurrent-abortable-preclean-start]
14.110: [CMS-concurrent-abortable-preclean: 0.000/0.000 secs] [Times: user=0.00 sys=0.00, real=0.00 secs] 
14.124: [GC[YG occupancy: 116037 K (153344 K)]14.124: [Rescan (parallel) , 0.0008180 secs]14.125: [weak refs processing, 0.0000120 secs]14.125: [scrub string table, 0.0000300 secs] [1 CMS-remark: 315892K(353920K)] 431929K(507264K), 0.0009670 secs] [Times: user=0.00 sys=0.00, real=0.00 secs] 
14.125: [CMS-concurrent-sweep-start]
14.126: [CMS-concurrent-sweep: 0.001/0.001 secs] [Times: user=0.01 sys=0.00, real=0.00 secs] 
14.126: [CMS-concurrent-reset-start]
14.130: [CMS-concurrent-reset: 0.004/0.004 secs] [Times: user=0.00 sys=0.00, real=0.01 secs] 
14.142: [GC 14.142: [ParNew: 146382K->10741K(153344K), 0.0558490 secs] 306304K->290222K(507264K), 0.0559170 secs] [Times: user=0.10 sys=0.00, real=0.06 secs] 
14.207: [GC [1 CMS-initial-mark: 279481K(353920K)] 311216K(507264K), 0.0002140 secs] [Times: user=0.00 sys=0.00, real=0.00 secs] 
14.207: [CMS-concurrent-mark-start]
14.217: [CMS-concurrent-mark: 0.010/0.010 secs] [Times: user=0.02 sys=0.00, real=0.01 secs] 
14.217: [CMS-concurrent-preclean-start]
14.218: [CMS-concurrent-preclean: 0.001/0.001 secs] [Times: user=0.00 sys=0.00, real=0.00 secs] 
14.218: [CMS-concurrent-abortable-preclean-start]
14.218: [CMS-concurrent-abortable-preclean: 0.000/0.000 secs] [Times: user=0.00 sys=0.00, real=0.00 secs] 
14.238: [GC[YG occupancy: 86761 K (153344 K)]14.239: [Rescan (parallel) , 0.0018250 secs]14.240: [weak refs processing, 0.0000090 secs]14.240: [scrub string table, 0.0000200 secs] [1 CMS-remark: 279481K(353920K)] 366243K(507264K), 0.0019370 secs] [Times: user=0.00 sys=0.00, real=0.00 secs] 
14.241: [CMS-concurrent-sweep-start]
14.241: [CMS-concurrent-sweep: 0.000/0.000 secs] [Times: user=0.00 sys=0.00, real=0.00 secs] 
14.241: [CMS-concurrent-reset-start]
14.243: [CMS-concurrent-reset: 0.002/0.002 secs] [Times: user=0.00 sys=0.00, real=0.00 secs] 
14.275: [GC 14.275: [ParNew: 142540K->16612K(153344K), 0.0612130 secs] 343649K->343643K(507264K), 0.0612690 secs] [Times: user=0.10 sys=0.00, real=0.06 secs] 
14.358: [GC [1 CMS-initial-mark: 327030K(353920K)] 385380K(507264K), 0.0001930 secs] [Times: user=0.00 sys=0.00, real=0.00 secs] 
14.358: [CMS-concurrent-mark-start]
14.367: [CMS-concurrent-mark: 0.009/0.009 secs] [Times: user=0.02 sys=0.00, real=0.01 secs] 
14.369: [CMS-concurrent-preclean-start]
14.369: [CMS-concurrent-preclean: 0.001/0.001 secs] [Times: user=0.00 sys=0.00, real=0.00 secs] 
14.369: [CMS-concurrent-abortable-preclean-start]
14.369: [CMS-concurrent-abortable-preclean: 0.000/0.000 secs] [Times: user=0.00 sys=0.00, real=0.00 secs] 
14.387: [GC[YG occupancy: 109378 K (153344 K)]14.387: [Rescan (parallel) , 0.0006360 secs]14.388: [weak refs processing, 0.0000080 secs]14.388: [scrub string table, 0.0000200 secs] [1 CMS-remark: 327030K(353920K)] 436408K(507264K), 0.0007410 secs] [Times: user=0.00 sys=0.00, real=0.00 secs] 
14.388: [CMS-concurrent-sweep-start]
14.388: [CMS-concurrent-sweep: 0.000/0.000 secs] [Times: user=0.00 sys=0.00, real=0.00 secs] 
14.388: [CMS-concurrent-reset-start]
14.390: [CMS-concurrent-reset: 0.001/0.001 secs] [Times: user=0.00 sys=0.00, real=0.00 secs] 
14.410: [GC 14.411: [ParNew: 147301K->16313K(153344K), 0.0614490 secs] 293127K->293121K(507264K), 0.0615310 secs] [Times: user=0.11 sys=0.00, real=0.06 secs] 
14.483: [GC [1 CMS-initial-mark: 276807K(353920K)] 314735K(507264K), 0.0002350 secs] [Times: user=0.00 sys=0.00, real=0.00 secs] 
14.484: [CMS-concurrent-mark-start]
14.494: [CMS-concurrent-mark: 0.010/0.010 secs] [Times: user=0.01 sys=0.00, real=0.01 secs] 
14.494: [CMS-concurrent-preclean-start]
14.495: [CMS-concurrent-preclean: 0.001/0.001 secs] [Times: user=0.01 sys=0.00, real=0.00 secs] 
14.495: [CMS-concurrent-abortable-preclean-start]
14.537: [GC 14.537: [ParNew: 132821K->132821K(153344K), 0.0000240 secs]14.537: [CMS14.537: [CMS-concurrent-abortable-preclean: 0.001/0.042 secs] [Times: user=0.06 sys=0.01, real=0.05 secs] 
 (concurrent mode failure): 276807K->154718K(353920K), 0.0738600 secs] 409629K->154718K(507264K), [CMS Perm : 2871K->2871K(21248K)], 0.0739690 secs] [Times: user=0.07 sys=0.00, real=0.07 secs] 
14.687: [GC 14.687: [ParNew: 133734K->10353K(153344K), 0.0663920 secs] 288453K->288455K(507264K), 0.0664470 secs] [Times: user=0.09 sys=0.00, real=0.06 secs] 
14.758: [GC [1 CMS-initial-mark: 278102K(353920K)] 298804K(507264K), 0.0001980 secs] [Times: user=0.00 sys=0.00, real=0.00 secs] 
14.758: [CMS-concurrent-mark-start]
14.764: [CMS-concurrent-mark: 0.006/0.006 secs] [Times: user=0.01 sys=0.00, real=0.00 secs] 
14.764: [CMS-concurrent-preclean-start]
14.765: [CMS-concurrent-preclean: 0.001/0.001 secs] [Times: user=0.00 sys=0.00, real=0.00 secs] 
14.765: [CMS-concurrent-abortable-preclean-start]
14.867: [CMS-concurrent-abortable-preclean: 0.001/0.102 secs] [Times: user=0.09 sys=0.00, real=0.11 secs] 
14.867: [GC 14.867: [ParNew: 142452K->142452K(153344K), 0.0000190 secs]14.867: [CMS (concurrent mode failure): 278102K->209851K(353920K), 0.0934890 secs] 420554K->209851K(507264K), [CMS Perm : 2871K->2871K(21248K)], 0.0935870 secs] [Times: user=0.09 sys=0.00, real=0.09 secs] 
15.020: [GC 15.020: [ParNew: 111141K->16892K(153344K), 0.0552890 secs] 320992K->320992K(507264K), 0.0553670 secs] [Times: user=0.08 sys=0.00, real=0.05 secs] 
15.139: [GC [1 CMS-initial-mark: 304099K(353920K)] 378044K(507264K), 0.0005390 secs] [Times: user=0.00 sys=0.00, real=0.00 secs] 
15.161: [CMS-concurrent-mark-start]
15.178: [GC 15.178: [ParNew: 130168K->130168K(153344K), 0.0000230 secs]15.178: [CMS15.181: [CMS-concurrent-mark: 0.018/0.020 secs] [Times: user=0.01 sys=0.00, real=0.02 secs] 
 (concurrent mode failure): 304099K->165541K(353920K), 0.0889450 secs] 434268K->165541K(507264K), [CMS Perm : 2871K->2871K(21248K)], 0.0890520 secs] [Times: user=0.08 sys=0.00, real=0.09 secs] 
15.336: [GC 15.336: [ParNew: 127105K->16685K(153344K), 0.0593140 secs] 292646K->292648K(507264K), 0.0593840 secs] [Times: user=0.09 sys=0.00, real=0.05 secs] 
15.405: [GC [1 CMS-initial-mark: 275962K(353920K)] 315116K(507264K), 0.0003160 secs] [Times: user=0.00 sys=0.00, real=0.00 secs] 
15.406: [CMS-concurrent-mark-start]
Heap
 par new generation   total 153344K, used 52570K [0x00000007dae00000, 0x00000007e5460000, 0x00000007e5460000)
  eden space 136320K,  26% used [0x00000007dae00000, 0x00000007dd10b2c8, 0x00000007e3320000)
  from space 17024K,  98% used [0x00000007e3320000, 0x00000007e436b7d0, 0x00000007e43c0000)
  to   space 17024K,   0% used [0x00000007e43c0000, 0x00000007e43c0000, 0x00000007e5460000)
 concurrent mark-sweep generation total 353920K, used 275962K [0x00000007e5460000, 0x00000007fae00000, 0x00000007fae00000)
 concurrent-mark-sweep perm gen total 21248K, used 2880K [0x00000007fae00000, 0x00000007fc2c0000, 0x0000000800000000)
15.417: [CMS-concurrent-mark: 0.012/0.012 secs] [Times: user=0.02 sys=0.00, real=0.02 secs] 
15.417: [CMS-concurrent-preclean-start]
15.418: [CMS-concurrent-preclean: 0.001/0.001 secs] [Times: user=0.00 sys=0.00, real=0.00 secs] 
15.418: [CMS-concurrent-abortable-preclean-start]
15.418: [CMS-concurrent-abortable-preclean: 0.000/0.000 secs] [Times: user=0.00 sys=0.00, real=0.00 secs] 
