{Heap before GC invocations=0 (full 0):
 par new generation   total 39296K, used 27519K [0x00000007dae00000, 0x00000007dd8a0000, 0x00000007e5460000)
  eden space 34944K,  78% used [0x00000007dae00000, 0x00000007dc8dfdd0, 0x00000007dd020000)
  from space 4352K,   0% used [0x00000007dd020000, 0x00000007dd020000, 0x00000007dd460000)
  to   space 4352K,   0% used [0x00000007dd460000, 0x00000007dd460000, 0x00000007dd8a0000)
 concurrent mark-sweep generation total 87424K, used 0K [0x00000007e5460000, 0x00000007ea9c0000, 0x00000007fae00000)
 concurrent-mark-sweep perm gen total 21248K, used 2865K [0x00000007fae00000, 0x00000007fc2c0000, 0x0000000800000000)
0.125: [GC 0.125: [ParNew
Desired survivor size 2228224 bytes, new threshold 6 (max 6)
- age   1:     341720 bytes,     341720 total
: 27519K->342K(39296K), 0.0300240 secs] 27519K->21564K(126720K), 0.0301030 secs] [Times: user=0.04 sys=0.01, real=0.03 secs] 
Heap after GC invocations=1 (full 0):
 par new generation   total 39296K, used 342K [0x00000007dae00000, 0x00000007dd8a0000, 0x00000007e5460000)
  eden space 34944K,   0% used [0x00000007dae00000, 0x00000007dae00000, 0x00000007dd020000)
  from space 4352K,   7% used [0x00000007dd460000, 0x00000007dd4b5a80, 0x00000007dd8a0000)
  to   space 4352K,   0% used [0x00000007dd020000, 0x00000007dd020000, 0x00000007dd460000)
 concurrent mark-sweep generation total 87424K, used 21222K [0x00000007e5460000, 0x00000007ea9c0000, 0x00000007fae00000)
 concurrent-mark-sweep perm gen total 21248K, used 2865K [0x00000007fae00000, 0x00000007fc2c0000, 0x0000000800000000)
}
{Heap before GC invocations=1 (full 0):
 par new generation   total 39296K, used 21375K [0x00000007dae00000, 0x00000007dd8a0000, 0x00000007e5460000)
  eden space 34944K,  60% used [0x00000007dae00000, 0x00000007dc28a190, 0x00000007dd020000)
  from space 4352K,   7% used [0x00000007dd460000, 0x00000007dd4b5a80, 0x00000007dd8a0000)
  to   space 4352K,   0% used [0x00000007dd020000, 0x00000007dd020000, 0x00000007dd460000)
 concurrent mark-sweep generation total 87424K, used 21222K [0x00000007e5460000, 0x00000007ea9c0000, 0x00000007fae00000)
 concurrent-mark-sweep perm gen total 21248K, used 2865K [0x00000007fae00000, 0x00000007fc2c0000, 0x0000000800000000)
0.168: [GC 0.168: [ParNew
Desired survivor size 2228224 bytes, new threshold 6 (max 6)
- age   2:     341680 bytes,     341680 total
: 21375K->494K(39296K), 0.0322090 secs] 42597K->42750K(126720K), 0.0323960 secs] [Times: user=0.04 sys=0.01, real=0.03 secs] 
Heap after GC invocations=2 (full 0):
 par new generation   total 39296K, used 494K [0x00000007dae00000, 0x00000007dd8a0000, 0x00000007e5460000)
  eden space 34944K,   0% used [0x00000007dae00000, 0x00000007dae00000, 0x00000007dd020000)
  from space 4352K,  11% used [0x00000007dd020000, 0x00000007dd09b8a0, 0x00000007dd460000)
  to   space 4352K,   0% used [0x00000007dd460000, 0x00000007dd460000, 0x00000007dd8a0000)
 concurrent mark-sweep generation total 87424K, used 42256K [0x00000007e5460000, 0x00000007ea9c0000, 0x00000007fae00000)
 concurrent-mark-sweep perm gen total 21248K, used 2865K [0x00000007fae00000, 0x00000007fc2c0000, 0x0000000800000000)
}
{Heap before GC invocations=2 (full 0):
 par new generation   total 39296K, used 23978K [0x00000007dae00000, 0x00000007dd8a0000, 0x00000007e5460000)
  eden space 34944K,  67% used [0x00000007dae00000, 0x00000007dc4ef0c0, 0x00000007dd020000)
  from space 4352K,  11% used [0x00000007dd020000, 0x00000007dd09b8a0, 0x00000007dd460000)
  to   space 4352K,   0% used [0x00000007dd460000, 0x00000007dd460000, 0x00000007dd8a0000)
 concurrent mark-sweep generation total 87424K, used 42256K [0x00000007e5460000, 0x00000007ea9c0000, 0x00000007fae00000)
 concurrent-mark-sweep perm gen total 21248K, used 2865K [0x00000007fae00000, 0x00000007fc2c0000, 0x0000000800000000)
0.211: [GC 0.211: [ParNew
Desired survivor size 2228224 bytes, new threshold 6 (max 6)
- age   1:       1488 bytes,       1488 total
- age   3:     341488 bytes,     342976 total
: 23978K->624K(39296K), 0.0309370 secs] 66235K->64101K(126720K), 0.0310080 secs] [Times: user=0.05 sys=0.01, real=0.03 secs] 
Heap after GC invocations=3 (full 0):
 par new generation   total 39296K, used 624K [0x00000007dae00000, 0x00000007dd8a0000, 0x00000007e5460000)
  eden space 34944K,   0% used [0x00000007dae00000, 0x00000007dae00000, 0x00000007dd020000)
  from space 4352K,  14% used [0x00000007dd460000, 0x00000007dd4fc060, 0x00000007dd8a0000)
  to   space 4352K,   0% used [0x00000007dd020000, 0x00000007dd020000, 0x00000007dd460000)
 concurrent mark-sweep generation total 87424K, used 63477K [0x00000007e5460000, 0x00000007ea9c0000, 0x00000007fae00000)
 concurrent-mark-sweep perm gen total 21248K, used 2865K [0x00000007fae00000, 0x00000007fc2c0000, 0x0000000800000000)
}
{Heap before GC invocations=3 (full 0):
 par new generation   total 39296K, used 34376K [0x00000007dae00000, 0x00000007dd8a0000, 0x00000007e5460000)
  eden space 34944K,  96% used [0x00000007dae00000, 0x00000007dcef6120, 0x00000007dd020000)
  from space 4352K,  14% used [0x00000007dd460000, 0x00000007dd4fc060, 0x00000007dd8a0000)
  to   space 4352K,   0% used [0x00000007dd020000, 0x00000007dd020000, 0x00000007dd460000)
 concurrent mark-sweep generation total 87424K, used 63477K [0x00000007e5460000, 0x00000007ea9c0000, 0x00000007fae00000)
 concurrent-mark-sweep perm gen total 21248K, used 2865K [0x00000007fae00000, 0x00000007fc2c0000, 0x0000000800000000)
0.258: [GC 0.258: [ParNew
Desired survivor size 2228224 bytes, new threshold 6 (max 6)
- age   1:         56 bytes,         56 total
- age   2:       1488 bytes,       1544 total
- age   4:     341472 bytes,     343016 total
: 34376K->423K(39296K), 0.0396540 secs] 97853K->97294K(147568K), 0.0397190 secs] [Times: user=0.04 sys=0.03, real=0.04 secs] 
Heap after GC invocations=4 (full 0):
 par new generation   total 39296K, used 423K [0x00000007dae00000, 0x00000007dd8a0000, 0x00000007e5460000)
  eden space 34944K,   0% used [0x00000007dae00000, 0x00000007dae00000, 0x00000007dd020000)
  from space 4352K,   9% used [0x00000007dd020000, 0x00000007dd089d10, 0x00000007dd460000)
  to   space 4352K,   0% used [0x00000007dd460000, 0x00000007dd460000, 0x00000007dd8a0000)
 concurrent mark-sweep generation total 108272K, used 96870K [0x00000007e5460000, 0x00000007ebe1c000, 0x00000007fae00000)
 concurrent-mark-sweep perm gen total 21248K, used 2865K [0x00000007fae00000, 0x00000007fc2c0000, 0x0000000800000000)
}
{Heap before GC invocations=4 (full 0):
 par new generation   total 39296K, used 21455K [0x00000007dae00000, 0x00000007dd8a0000, 0x00000007e5460000)
  eden space 34944K,  60% used [0x00000007dae00000, 0x00000007dc28a1b8, 0x00000007dd020000)
  from space 4352K,   9% used [0x00000007dd020000, 0x00000007dd089d10, 0x00000007dd460000)
  to   space 4352K,   0% used [0x00000007dd460000, 0x00000007dd460000, 0x00000007dd8a0000)
 concurrent mark-sweep generation total 108272K, used 96870K [0x00000007e5460000, 0x00000007ebe1c000, 0x00000007fae00000)
 concurrent-mark-sweep perm gen total 21248K, used 2865K [0x00000007fae00000, 0x00000007fc2c0000, 0x0000000800000000)
0.308: [GC 0.308: [ParNew
Desired survivor size 2228224 bytes, new threshold 6 (max 6)
- age   1:         40 bytes,         40 total
- age   2:         56 bytes,         96 total
- age   3:       1472 bytes,       1568 total
- age   5:     341472 bytes,     343040 total
: 21455K->580K(39296K), 0.0292870 secs] 118326K->118483K(168604K), 0.0293490 secs] [Times: user=0.05 sys=0.01, real=0.03 secs] 
Heap after GC invocations=5 (full 0):
 par new generation   total 39296K, used 580K [0x00000007dae00000, 0x00000007dd8a0000, 0x00000007e5460000)
  eden space 34944K,   0% used [0x00000007dae00000, 0x00000007dae00000, 0x00000007dd020000)
  from space 4352K,  13% used [0x00000007dd460000, 0x00000007dd4f1120, 0x00000007dd8a0000)
  to   space 4352K,   0% used [0x00000007dd020000, 0x00000007dd020000, 0x00000007dd460000)
 concurrent mark-sweep generation total 129308K, used 117903K [0x00000007e5460000, 0x00000007ed2a7000, 0x00000007fae00000)
 concurrent-mark-sweep perm gen total 21248K, used 2865K [0x00000007fae00000, 0x00000007fc2c0000, 0x0000000800000000)
}
{Heap before GC invocations=5 (full 0):
 par new generation   total 39296K, used 21612K [0x00000007dae00000, 0x00000007dd8a0000, 0x00000007e5460000)
  eden space 34944K,  60% used [0x00000007dae00000, 0x00000007dc28a210, 0x00000007dd020000)
  from space 4352K,  13% used [0x00000007dd460000, 0x00000007dd4f1120, 0x00000007dd8a0000)
  to   space 4352K,   0% used [0x00000007dd020000, 0x00000007dd020000, 0x00000007dd460000)
 concurrent mark-sweep generation total 129308K, used 117903K [0x00000007e5460000, 0x00000007ed2a7000, 0x00000007fae00000)
 concurrent-mark-sweep perm gen total 21248K, used 2865K [0x00000007fae00000, 0x00000007fc2c0000, 0x0000000800000000)
0.347: [GC 0.347: [ParNew
Desired survivor size 2228224 bytes, new threshold 6 (max 6)
- age   1:        128 bytes,        128 total
- age   2:         40 bytes,        168 total
- age   3:         40 bytes,        208 total
- age   4:       1472 bytes,       1680 total
- age   6:     341456 bytes,     343136 total
: 21612K->511K(39296K), 0.0288620 secs] 139516K->139447K(189640K), 0.0289260 secs] [Times: user=0.04 sys=0.01, real=0.03 secs] 
Heap after GC invocations=6 (full 0):
 par new generation   total 39296K, used 511K [0x00000007dae00000, 0x00000007dd8a0000, 0x00000007e5460000)
  eden space 34944K,   0% used [0x00000007dae00000, 0x00000007dae00000, 0x00000007dd020000)
  from space 4352K,  11% used [0x00000007dd020000, 0x00000007dd09fdc8, 0x00000007dd460000)
  to   space 4352K,   0% used [0x00000007dd460000, 0x00000007dd460000, 0x00000007dd8a0000)
 concurrent mark-sweep generation total 150344K, used 138935K [0x00000007e5460000, 0x00000007ee732000, 0x00000007fae00000)
 concurrent-mark-sweep perm gen total 21248K, used 2865K [0x00000007fae00000, 0x00000007fc2c0000, 0x0000000800000000)
}
0.393: [GC [1 CMS-initial-mark: 138935K(150344K)] 173387K(189640K), 0.0006250 secs] [Times: user=0.00 sys=0.00, real=0.01 secs] 
0.394: [CMS-concurrent-mark-start]
{Heap before GC invocations=6 (full 1):
 par new generation   total 39296K, used 34451K [0x00000007dae00000, 0x00000007dd8a0000, 0x00000007e5460000)
  eden space 34944K,  97% used [0x00000007dae00000, 0x00000007dcf250f8, 0x00000007dd020000)
  from space 4352K,  11% used [0x00000007dd020000, 0x00000007dd09fdc8, 0x00000007dd460000)
  to   space 4352K,   0% used [0x00000007dd460000, 0x00000007dd460000, 0x00000007dd8a0000)
 concurrent mark-sweep generation total 150344K, used 138935K [0x00000007e5460000, 0x00000007ee732000, 0x00000007fae00000)
 concurrent-mark-sweep perm gen total 21248K, used 2865K [0x00000007fae00000, 0x00000007fc2c0000, 0x0000000800000000)
0.394: [GC 0.394: [ParNew
Desired survivor size 2228224 bytes, new threshold 6 (max 6)
- age   1:        152 bytes,        152 total
- age   2:        128 bytes,        280 total
- age   3:         40 bytes,        320 total
- age   4:         40 bytes,        360 total
- age   5:       1472 bytes,       1832 total
: 34451K->288K(39296K), 0.0365040 secs] 173387K->173143K(223228K), 0.0365570 secs] [Times: user=0.04 sys=0.03, real=0.03 secs] 
Heap after GC invocations=7 (full 1):
 par new generation   total 39296K, used 288K [0x00000007dae00000, 0x00000007dd8a0000, 0x00000007e5460000)
  eden space 34944K,   0% used [0x00000007dae00000, 0x00000007dae00000, 0x00000007dd020000)
  from space 4352K,   6% used [0x00000007dd460000, 0x00000007dd4a8380, 0x00000007dd8a0000)
  to   space 4352K,   0% used [0x00000007dd020000, 0x00000007dd020000, 0x00000007dd460000)
 concurrent mark-sweep generation total 183932K, used 172854K [0x00000007e5460000, 0x00000007f07ff000, 0x00000007fae00000)
 concurrent-mark-sweep perm gen total 21248K, used 2865K [0x00000007fae00000, 0x00000007fc2c0000, 0x0000000800000000)
}
0.446: [CMS-concurrent-mark: 0.016/0.053 secs] [Times: user=0.06 sys=0.04, real=0.05 secs] 
0.446: [CMS-concurrent-preclean-start]
{Heap before GC invocations=7 (full 1):
 par new generation   total 39296K, used 24512K [0x00000007dae00000, 0x00000007dd8a0000, 0x00000007e5460000)
  eden space 34944K,  69% used [0x00000007dae00000, 0x00000007dc5a7ef0, 0x00000007dd020000)
  from space 4352K,   6% used [0x00000007dd460000, 0x00000007dd4a8380, 0x00000007dd8a0000)
  to   space 4352K,   0% used [0x00000007dd020000, 0x00000007dd020000, 0x00000007dd460000)
 concurrent mark-sweep generation total 183932K, used 172854K [0x00000007e5460000, 0x00000007f07ff000, 0x00000007fae00000)
 concurrent-mark-sweep perm gen total 21248K, used 2865K [0x00000007fae00000, 0x00000007fc2c0000, 0x0000000800000000)
0.447: [GC 0.447: [ParNew
Desired survivor size 2228224 bytes, new threshold 6 (max 6)
- age   1:         72 bytes,         72 total
- age   2:        136 bytes,        208 total
- age   3:        128 bytes,        336 total
- age   4:         40 bytes,        376 total
- age   5:         40 bytes,        416 total
- age   6:       1472 bytes,       1888 total
: 24512K->72K(39296K), 0.0449240 secs] 197367K->197150K(247452K), 0.0449810 secs] [Times: user=0.05 sys=0.01, real=0.04 secs] 
Heap after GC invocations=8 (full 1):
 par new generation   total 39296K, used 72K [0x00000007dae00000, 0x00000007dd8a0000, 0x00000007e5460000)
  eden space 34944K,   0% used [0x00000007dae00000, 0x00000007dae00000, 0x00000007dd020000)
  from space 4352K,   1% used [0x00000007dd020000, 0x00000007dd032230, 0x00000007dd460000)
  to   space 4352K,   0% used [0x00000007dd460000, 0x00000007dd460000, 0x00000007dd8a0000)
 concurrent mark-sweep generation total 208156K, used 197078K [0x00000007e5460000, 0x00000007f1fa7000, 0x00000007fae00000)
 concurrent-mark-sweep perm gen total 21248K, used 2865K [0x00000007fae00000, 0x00000007fc2c0000, 0x0000000800000000)
}
{Heap before GC invocations=8 (full 1):
 par new generation   total 39296K, used 34053K [0x00000007dae00000, 0x00000007dd8a0000, 0x00000007e5460000)
  eden space 34944K,  97% used [0x00000007dae00000, 0x00000007dcf2f500, 0x00000007dd020000)
  from space 4352K,   1% used [0x00000007dd020000, 0x00000007dd032230, 0x00000007dd460000)
  to   space 4352K,   0% used [0x00000007dd460000, 0x00000007dd460000, 0x00000007dd8a0000)
 concurrent mark-sweep generation total 208156K, used 197078K [0x00000007e5460000, 0x00000007f1fa7000, 0x00000007fae00000)
 concurrent-mark-sweep perm gen total 21248K, used 2865K [0x00000007fae00000, 0x00000007fc2c0000, 0x0000000800000000)
0.508: [GC 0.508: [ParNew
Desired survivor size 2228224 bytes, new threshold 6 (max 6)
- age   1:         16 bytes,         16 total
- age   2:         72 bytes,         88 total
- age   3:        136 bytes,        224 total
- age   4:        128 bytes,        352 total
- age   5:         40 bytes,        392 total
- age   6:         40 bytes,        432 total
: 34053K->18K(39296K), 0.0372950 secs] 231131K->230843K(281204K), 0.0373610 secs] [Times: user=0.05 sys=0.03, real=0.04 secs] 
Heap after GC invocations=9 (full 1):
 par new generation   total 39296K, used 18K [0x00000007dae00000, 0x00000007dd8a0000, 0x00000007e5460000)
  eden space 34944K,   0% used [0x00000007dae00000, 0x00000007dae00000, 0x00000007dd020000)
  from space 4352K,   0% used [0x00000007dd460000, 0x00000007dd4649f0, 0x00000007dd8a0000)
  to   space 4352K,   0% used [0x00000007dd020000, 0x00000007dd020000, 0x00000007dd460000)
 concurrent mark-sweep generation total 241908K, used 230825K [0x00000007e5460000, 0x00000007f409d000, 0x00000007fae00000)
 concurrent-mark-sweep perm gen total 21248K, used 2865K [0x00000007fae00000, 0x00000007fc2c0000, 0x0000000800000000)
}
0.546: [CMS-concurrent-preclean: 0.000/0.099 secs] [Times: user=0.14 sys=0.04, real=0.10 secs] 
0.546: [CMS-concurrent-abortable-preclean-start]
0.548: [CMS-concurrent-abortable-preclean: 0.002/0.002 secs] [Times: user=0.00 sys=0.00, real=0.00 secs] 
0.556: [GC[YG occupancy: 20862 K (39296 K)]0.556: [Rescan (parallel) , 0.0004730 secs]0.556: [weak refs processing, 0.0000090 secs]0.556: [scrub string table, 0.0000210 secs] [1 CMS-remark: 230825K(241908K)] 251688K(281204K), 0.0006140 secs] [Times: user=0.00 sys=0.00, real=0.00 secs] 
{Heap before GC invocations=9 (full 1):
 par new generation   total 39296K, used 20863K [0x00000007dae00000, 0x00000007dd8a0000, 0x00000007e5460000)
  eden space 34944K,  59% used [0x00000007dae00000, 0x00000007dc25b250, 0x00000007dd020000)
  from space 4352K,   0% used [0x00000007dd460000, 0x00000007dd4649f0, 0x00000007dd8a0000)
  to   space 4352K,   0% used [0x00000007dd020000, 0x00000007dd020000, 0x00000007dd460000)
 concurrent mark-sweep generation total 241908K, used 230825K [0x00000007e5460000, 0x00000007f409d000, 0x00000007fae00000)
 concurrent-mark-sweep perm gen total 21248K, used 2865K [0x00000007fae00000, 0x00000007fc2c0000, 0x0000000800000000)
0.557: [GC 0.557: [ParNew
Desired survivor size 2228224 bytes, new threshold 6 (max 6)
- age   1:         80 bytes,         80 total
- age   3:         72 bytes,        152 total
- age   4:        136 bytes,        288 total
- age   5:        128 bytes,        416 total
- age   6:         40 bytes,        456 total
: 20863K->4K(39296K), 0.0310640 secs] 251688K->251674K(302052K), 0.0311210 secs] [Times: user=0.04 sys=0.01, real=0.03 secs] 
Heap after GC invocations=10 (full 1):
 par new generation   total 39296K, used 4K [0x00000007dae00000, 0x00000007dd8a0000, 0x00000007e5460000)
  eden space 34944K,   0% used [0x00000007dae00000, 0x00000007dae00000, 0x00000007dd020000)
  from space 4352K,   0% used [0x00000007dd020000, 0x00000007dd0212d0, 0x00000007dd460000)
  to   space 4352K,   0% used [0x00000007dd460000, 0x00000007dd460000, 0x00000007dd8a0000)
 concurrent mark-sweep generation total 262756K, used 251669K [0x00000007e5460000, 0x00000007f54f9000, 0x00000007fae00000)
 concurrent-mark-sweep perm gen total 21248K, used 2865K [0x00000007fae00000, 0x00000007fc2c0000, 0x0000000800000000)
}
0.589: [CMS-concurrent-sweep-start]
0.589: [CMS-concurrent-sweep: 0.000/0.000 secs] [Times: user=0.00 sys=0.00, real=0.00 secs] 
0.590: [CMS-concurrent-reset-start]
0.593: [CMS-concurrent-reset: 0.003/0.003 secs] [Times: user=0.00 sys=0.00, real=0.00 secs] 
{Heap before GC invocations=10 (full 1):
 par new generation   total 39296K, used 33398K [0x00000007dae00000, 0x00000007dd8a0000, 0x00000007e5460000)
  eden space 34944K,  95% used [0x00000007dae00000, 0x00000007dce9c7d8, 0x00000007dd020000)
  from space 4352K,   0% used [0x00000007dd020000, 0x00000007dd0212d0, 0x00000007dd460000)
  to   space 4352K,   0% used [0x00000007dd460000, 0x00000007dd460000, 0x00000007dd8a0000)
 concurrent mark-sweep generation total 353920K, used 251669K [0x00000007e5460000, 0x00000007fae00000, 0x00000007fae00000)
 concurrent-mark-sweep perm gen total 21248K, used 2865K [0x00000007fae00000, 0x00000007fc2c0000, 0x0000000800000000)
0.606: [GC 0.606: [ParNew
Desired survivor size 2228224 bytes, new threshold 6 (max 6)
- age   1:         40 bytes,         40 total
- age   2:         80 bytes,        120 total
- age   4:         72 bytes,        192 total
- age   5:        136 bytes,        328 total
- age   6:        128 bytes,        456 total
: 33398K->4K(39296K), 0.0376050 secs] 285068K->285067K(393216K), 0.0376660 secs] [Times: user=0.05 sys=0.03, real=0.04 secs] 
Heap after GC invocations=11 (full 1):
 par new generation   total 39296K, used 4K [0x00000007dae00000, 0x00000007dd8a0000, 0x00000007e5460000)
  eden space 34944K,   0% used [0x00000007dae00000, 0x00000007dae00000, 0x00000007dd020000)
  from space 4352K,   0% used [0x00000007dd460000, 0x00000007dd461000, 0x00000007dd8a0000)
  to   space 4352K,   0% used [0x00000007dd020000, 0x00000007dd020000, 0x00000007dd460000)
 concurrent mark-sweep generation total 353920K, used 285063K [0x00000007e5460000, 0x00000007fae00000, 0x00000007fae00000)
 concurrent-mark-sweep perm gen total 21248K, used 2865K [0x00000007fae00000, 0x00000007fc2c0000, 0x0000000800000000)
}
{Heap before GC invocations=11 (full 1):
 par new generation   total 39296K, used 24227K [0x00000007dae00000, 0x00000007dd8a0000, 0x00000007e5460000)
  eden space 34944K,  69% used [0x00000007dae00000, 0x00000007dc5a7eb8, 0x00000007dd020000)
  from space 4352K,   0% used [0x00000007dd460000, 0x00000007dd461000, 0x00000007dd8a0000)
  to   space 4352K,   0% used [0x00000007dd020000, 0x00000007dd020000, 0x00000007dd460000)
 concurrent mark-sweep generation total 353920K, used 285063K [0x00000007e5460000, 0x00000007fae00000, 0x00000007fae00000)
 concurrent-mark-sweep perm gen total 21248K, used 2865K [0x00000007fae00000, 0x00000007fc2c0000, 0x0000000800000000)
0.656: [GC 0.656: [ParNew
Desired survivor size 2228224 bytes, new threshold 6 (max 6)
- age   1:         16 bytes,         16 total
- age   2:         40 bytes,         56 total
- age   3:         80 bytes,        136 total
- age   5:         72 bytes,        208 total
- age   6:        136 bytes,        344 total
: 24227K->4K(39296K), 0.0353830 secs] 309291K->309291K(393216K), 0.0354440 secs] [Times: user=0.06 sys=0.01, real=0.03 secs] 
Heap after GC invocations=12 (full 1):
 par new generation   total 39296K, used 4K [0x00000007dae00000, 0x00000007dd8a0000, 0x00000007e5460000)
  eden space 34944K,   0% used [0x00000007dae00000, 0x00000007dae00000, 0x00000007dd020000)
  from space 4352K,   0% used [0x00000007dd020000, 0x00000007dd021000, 0x00000007dd460000)
  to   space 4352K,   0% used [0x00000007dd460000, 0x00000007dd460000, 0x00000007dd8a0000)
 concurrent mark-sweep generation total 353920K, used 309287K [0x00000007e5460000, 0x00000007fae00000, 0x00000007fae00000)
 concurrent-mark-sweep perm gen total 21248K, used 2865K [0x00000007fae00000, 0x00000007fc2c0000, 0x0000000800000000)
}
0.705: [GC [1 CMS-initial-mark: 309287K(353920K)] 340248K(393216K), 0.0002710 secs] [Times: user=0.00 sys=0.00, real=0.00 secs] 
0.706: [CMS-concurrent-mark-start]
{Heap before GC invocations=12 (full 2):
 par new generation   total 39296K, used 30960K [0x00000007dae00000, 0x00000007dd8a0000, 0x00000007e5460000)
  eden space 34944K,  88% used [0x00000007dae00000, 0x00000007dcc3b2d8, 0x00000007dd020000)
  from space 4352K,   0% used [0x00000007dd020000, 0x00000007dd021000, 0x00000007dd460000)
  to   space 4352K,   0% used [0x00000007dd460000, 0x00000007dd460000, 0x00000007dd8a0000)
 concurrent mark-sweep generation total 353920K, used 309287K [0x00000007e5460000, 0x00000007fae00000, 0x00000007fae00000)
 concurrent-mark-sweep perm gen total 21248K, used 2873K [0x00000007fae00000, 0x00000007fc2c0000, 0x0000000800000000)
0.707: [GC 0.707: [ParNew
Desired survivor size 2228224 bytes, new threshold 6 (max 6)
- age   1:        640 bytes,        640 total
- age   3:         40 bytes,        680 total
- age   4:         80 bytes,        760 total
- age   6:         40 bytes,        800 total
: 30960K->4K(39296K), 0.0366050 secs] 340248K->339306K(393216K), 0.0366590 secs] [Times: user=0.04 sys=0.03, real=0.04 secs] 
Heap after GC invocations=13 (full 2):
 par new generation   total 39296K, used 4K [0x00000007dae00000, 0x00000007dd8a0000, 0x00000007e5460000)
  eden space 34944K,   0% used [0x00000007dae00000, 0x00000007dae00000, 0x00000007dd020000)
  from space 4352K,   0% used [0x00000007dd460000, 0x00000007dd461000, 0x00000007dd8a0000)
  to   space 4352K,   0% used [0x00000007dd020000, 0x00000007dd020000, 0x00000007dd460000)
 concurrent mark-sweep generation total 353920K, used 339302K [0x00000007e5460000, 0x00000007fae00000, 0x00000007fae00000)
 concurrent-mark-sweep perm gen total 21248K, used 2873K [0x00000007fae00000, 0x00000007fc2c0000, 0x0000000800000000)
}
0.751: [CMS-concurrent-mark: 0.009/0.045 secs] [Times: user=0.05 sys=0.03, real=0.04 secs] 
0.751: [CMS-concurrent-preclean-start]
0.752: [CMS-concurrent-preclean: 0.001/0.001 secs] [Times: user=0.00 sys=0.00, real=0.00 secs] 
0.752: [CMS-concurrent-abortable-preclean-start]
0.752: [CMS-concurrent-abortable-preclean: 0.000/0.000 secs] [Times: user=0.00 sys=0.00, real=0.00 secs] 
0.755: [GC[YG occupancy: 23719 K (39296 K)]0.756: [Rescan (parallel) , 0.0006410 secs]0.756: [weak refs processing, 0.0000080 secs]0.756: [scrub string table, 0.0000230 secs] [1 CMS-remark: 339302K(353920K)] 363022K(393216K), 0.0007450 secs] [Times: user=0.00 sys=0.00, real=0.00 secs] 
0.756: [CMS-concurrent-sweep-start]
{Heap before GC invocations=13 (full 2):
 par new generation   total 39296K, used 23719K [0x00000007dae00000, 0x00000007dd8a0000, 0x00000007e5460000)
  eden space 34944K,  67% used [0x00000007dae00000, 0x00000007dc528d80, 0x00000007dd020000)
  from space 4352K,   0% used [0x00000007dd460000, 0x00000007dd461000, 0x00000007dd8a0000)
  to   space 4352K,   0% used [0x00000007dd020000, 0x00000007dd020000, 0x00000007dd460000)
 concurrent mark-sweep generation total 353920K, used 339302K [0x00000007e5460000, 0x00000007fae00000, 0x00000007fae00000)
 concurrent-mark-sweep perm gen total 21248K, used 2873K [0x00000007fae00000, 0x00000007fc2c0000, 0x0000000800000000)
0.757: [GC 0.757: [ParNew: 23719K->23719K(39296K), 0.0000110 secs]0.757: [CMS0.757: [CMS-concurrent-sweep: 0.000/0.001 secs] [Times: user=0.00 sys=0.00, real=0.00 secs] 
 (concurrent mode failure): 339302K->339298K(353920K), 0.1394620 secs] 363022K->363014K(393216K), [CMS Perm : 2873K->2871K(21248K)], 0.1398150 secs] [Times: user=0.14 sys=0.00, real=0.14 secs] 
Heap after GC invocations=14 (full 3):
 par new generation   total 153344K, used 23716K [0x00000007dae00000, 0x00000007e5460000, 0x00000007e5460000)
  eden space 136320K,  17% used [0x00000007dae00000, 0x00000007dc529090, 0x00000007e3320000)
  from space 17024K,   0% used [0x00000007e3320000, 0x00000007e3320000, 0x00000007e43c0000)
  to   space 17024K,   0% used [0x00000007e43c0000, 0x00000007e43c0000, 0x00000007e5460000)
 concurrent mark-sweep generation total 353920K, used 339298K [0x00000007e5460000, 0x00000007fae00000, 0x00000007fae00000)
 concurrent-mark-sweep perm gen total 21248K, used 2871K [0x00000007fae00000, 0x00000007fc2c0000, 0x0000000800000000)
}
{Heap before GC invocations=14 (full 3):
 par new generation   total 153344K, used 130615K [0x00000007dae00000, 0x00000007e5460000, 0x00000007e5460000)
  eden space 136320K,  95% used [0x00000007dae00000, 0x00000007e2d8dde8, 0x00000007e3320000)
  from space 17024K,   0% used [0x00000007e3320000, 0x00000007e3320000, 0x00000007e43c0000)
  to   space 17024K,   0% used [0x00000007e43c0000, 0x00000007e43c0000, 0x00000007e5460000)
 concurrent mark-sweep generation total 353920K, used 339298K [0x00000007e5460000, 0x00000007fae00000, 0x00000007fae00000)
 concurrent-mark-sweep perm gen total 21248K, used 2871K [0x00000007fae00000, 0x00000007fc2c0000, 0x0000000800000000)
0.967: [Full GC 0.967: [CMS: 339298K->339298K(353920K), 0.0080420 secs] 469913K->469913K(507264K), [CMS Perm : 2871K->2871K(21248K)], 0.0081080 secs] [Times: user=0.00 sys=0.00, real=0.01 secs] 
Heap after GC invocations=15 (full 4):
 par new generation   total 153344K, used 130615K [0x00000007dae00000, 0x00000007e5460000, 0x00000007e5460000)
  eden space 136320K,  95% used [0x00000007dae00000, 0x00000007e2d8dde8, 0x00000007e3320000)
  from space 17024K,   0% used [0x00000007e3320000, 0x00000007e3320000, 0x00000007e43c0000)
  to   space 17024K,   0% used [0x00000007e43c0000, 0x00000007e43c0000, 0x00000007e5460000)
 concurrent mark-sweep generation total 353920K, used 339298K [0x00000007e5460000, 0x00000007fae00000, 0x00000007fae00000)
 concurrent-mark-sweep perm gen total 21248K, used 2871K [0x00000007fae00000, 0x00000007fc2c0000, 0x0000000800000000)
}
{Heap before GC invocations=15 (full 4):
 par new generation   total 153344K, used 130615K [0x00000007dae00000, 0x00000007e5460000, 0x00000007e5460000)
  eden space 136320K,  95% used [0x00000007dae00000, 0x00000007e2d8dde8, 0x00000007e3320000)
  from space 17024K,   0% used [0x00000007e3320000, 0x00000007e3320000, 0x00000007e43c0000)
  to   space 17024K,   0% used [0x00000007e43c0000, 0x00000007e43c0000, 0x00000007e5460000)
 concurrent mark-sweep generation total 353920K, used 339298K [0x00000007e5460000, 0x00000007fae00000, 0x00000007fae00000)
 concurrent-mark-sweep perm gen total 21248K, used 2871K [0x00000007fae00000, 0x00000007fc2c0000, 0x0000000800000000)
0.975: [Full GC 0.975: [CMS: 339298K->339287K(353920K), 0.0827490 secs] 469913K->469902K(507264K), [CMS Perm : 2871K->2871K(21248K)], 0.0828070 secs] [Times: user=0.09 sys=0.00, real=0.08 secs] 
Heap after GC invocations=16 (full 5):
 par new generation   total 153344K, used 130615K [0x00000007dae00000, 0x00000007e5460000, 0x00000007e5460000)
  eden space 136320K,  95% used [0x00000007dae00000, 0x00000007e2d8dde8, 0x00000007e3320000)
  from space 17024K,   0% used [0x00000007e3320000, 0x00000007e3320000, 0x00000007e43c0000)
  to   space 17024K,   0% used [0x00000007e43c0000, 0x00000007e43c0000, 0x00000007e5460000)
 concurrent mark-sweep generation total 353920K, used 339287K [0x00000007e5460000, 0x00000007fae00000, 0x00000007fae00000)
 concurrent-mark-sweep perm gen total 21248K, used 2871K [0x00000007fae00000, 0x00000007fc2c0000, 0x0000000800000000)
}
{Heap before GC invocations=16 (full 5):
 par new generation   total 153344K, used 148105K [0x00000007dae00000, 0x00000007e5460000, 0x00000007e5460000)
  eden space 136320K,  97% used [0x00000007dae00000, 0x00000007e30378c0, 0x00000007e3320000)
  from space 17024K,  86% used [0x00000007e3320000, 0x00000007e418ab90, 0x00000007e43c0000)
  to   space 17024K,   0% used [0x00000007e43c0000, 0x00000007e43c0000, 0x00000007e5460000)
 concurrent mark-sweep generation total 353920K, used 339287K [0x00000007e5460000, 0x00000007fae00000, 0x00000007fae00000)
 concurrent-mark-sweep perm gen total 21248K, used 2871K [0x00000007fae00000, 0x00000007fc2c0000, 0x0000000800000000)
1.071: [Full GC 1.071: [CMS: 339287K->309122K(353920K), 0.1277370 secs] 487392K->309122K(507264K), [CMS Perm : 2871K->2871K(21248K)], 0.1278120 secs] [Times: user=0.13 sys=0.00, real=0.13 secs] 
Heap after GC invocations=17 (full 6):
 par new generation   total 153344K, used 0K [0x00000007dae00000, 0x00000007e5460000, 0x00000007e5460000)
  eden space 136320K,   0% used [0x00000007dae00000, 0x00000007dae00000, 0x00000007e3320000)
  from space 17024K,   0% used [0x00000007e3320000, 0x00000007e3320000, 0x00000007e43c0000)
  to   space 17024K,   0% used [0x00000007e43c0000, 0x00000007e43c0000, 0x00000007e5460000)
 concurrent mark-sweep generation total 353920K, used 309122K [0x00000007e5460000, 0x00000007fae00000, 0x00000007fae00000)
 concurrent-mark-sweep perm gen total 21248K, used 2871K [0x00000007fae00000, 0x00000007fc2c0000, 0x0000000800000000)
}
1.259: [GC [1 CMS-initial-mark: 309122K(353920K)] 435549K(507264K), 0.0002170 secs] [Times: user=0.00 sys=0.00, real=0.00 secs] 
1.259: [CMS-concurrent-mark-start]
{Heap before GC invocations=17 (full 7):
 par new generation   total 153344K, used 126426K [0x00000007dae00000, 0x00000007e5460000, 0x00000007e5460000)
  eden space 136320K,  92% used [0x00000007dae00000, 0x00000007e2976aa0, 0x00000007e3320000)
  from space 17024K,   0% used [0x00000007e3320000, 0x00000007e3320000, 0x00000007e43c0000)
  to   space 17024K,   0% used [0x00000007e43c0000, 0x00000007e43c0000, 0x00000007e5460000)
 concurrent mark-sweep generation total 353920K, used 309122K [0x00000007e5460000, 0x00000007fae00000, 0x00000007fae00000)
 concurrent-mark-sweep perm gen total 21248K, used 2871K [0x00000007fae00000, 0x00000007fc2c0000, 0x0000000800000000)
1.261: [GC 1.261: [ParNew (promotion failed)
Desired survivor size 8716288 bytes, new threshold 1 (max 6)
- age   1:   15117616 bytes,   15117616 total
: 126426K->141193K(153344K), 0.0351700 secs]1.297: [CMS1.300: [CMS-concurrent-mark: 0.006/0.041 secs] [Times: user=0.05 sys=0.02, real=0.04 secs] 
 (concurrent mode failure): 345728K->297569K(353920K), 0.1245870 secs] 435549K->297569K(507264K), [CMS Perm : 2871K->2871K(21248K)], 0.1598640 secs] [Times: user=0.17 sys=0.02, real=0.16 secs] 
Heap after GC invocations=18 (full 8):
 par new generation   total 153344K, used 0K [0x00000007dae00000, 0x00000007e5460000, 0x00000007e5460000)
  eden space 136320K,   0% used [0x00000007dae00000, 0x00000007dae00000, 0x00000007e3320000)
  from space 17024K,   0% used [0x00000007e43c0000, 0x00000007e43c0000, 0x00000007e5460000)
  to   space 17024K,   0% used [0x00000007e3320000, 0x00000007e3320000, 0x00000007e43c0000)
 concurrent mark-sweep generation total 353920K, used 297569K [0x00000007e5460000, 0x00000007fae00000, 0x00000007fae00000)
 concurrent-mark-sweep perm gen total 21248K, used 2871K [0x00000007fae00000, 0x00000007fc2c0000, 0x0000000800000000)
}
{Heap before GC invocations=18 (full 8):
 par new generation   total 153344K, used 128400K [0x00000007dae00000, 0x00000007e5460000, 0x00000007e5460000)
  eden space 136320K,  94% used [0x00000007dae00000, 0x00000007e2b64268, 0x00000007e3320000)
  from space 17024K,   0% used [0x00000007e43c0000, 0x00000007e43c0000, 0x00000007e5460000)
  to   space 17024K,   0% used [0x00000007e3320000, 0x00000007e3320000, 0x00000007e43c0000)
 concurrent mark-sweep generation total 353920K, used 297569K [0x00000007e5460000, 0x00000007fae00000, 0x00000007fae00000)
 concurrent-mark-sweep perm gen total 21248K, used 2871K [0x00000007fae00000, 0x00000007fc2c0000, 0x0000000800000000)
1.486: [GC 1.486: [ParNew (promotion failed)
Desired survivor size 8716288 bytes, new threshold 1 (max 6)
- age   1:   12724112 bytes,   12724112 total
: 128400K->140830K(153344K), 0.0267830 secs]1.513: [CMS: 346264K->334798K(353920K), 0.1500410 secs] 425970K->370940K(507264K), [CMS Perm : 2871K->2871K(21248K)], 0.1769410 secs] [Times: user=0.20 sys=0.00, real=0.17 secs] 
Heap after GC invocations=19 (full 9):
 par new generation   total 153344K, used 36141K [0x00000007dae00000, 0x00000007e5460000, 0x00000007e5460000)
  eden space 136320K,  26% used [0x00000007dae00000, 0x00000007dd14b4d8, 0x00000007e3320000)
  from space 17024K,   0% used [0x00000007e3320000, 0x00000007e3320000, 0x00000007e43c0000)
  to   space 17024K,   0% used [0x00000007e43c0000, 0x00000007e43c0000, 0x00000007e5460000)
 concurrent mark-sweep generation total 353920K, used 334798K [0x00000007e5460000, 0x00000007fae00000, 0x00000007fae00000)
 concurrent-mark-sweep perm gen total 21248K, used 2871K [0x00000007fae00000, 0x00000007fc2c0000, 0x0000000800000000)
}
1.709: [GC [1 CMS-initial-mark: 334798K(353920K)] 465192K(507264K), 0.0001890 secs] [Times: user=0.00 sys=0.00, real=0.00 secs] 
1.709: [CMS-concurrent-mark-start]
1.719: [CMS-concurrent-mark: 0.010/0.010 secs] [Times: user=0.02 sys=0.00, real=0.01 secs] 
1.719: [CMS-concurrent-preclean-start]
1.724: [CMS-concurrent-preclean: 0.005/0.005 secs] [Times: user=0.01 sys=0.00, real=0.01 secs] 
1.724: [CMS-concurrent-abortable-preclean-start]
1.724: [CMS-concurrent-abortable-preclean: 0.000/0.000 secs] [Times: user=0.00 sys=0.00, real=0.00 secs] 
{Heap before GC invocations=19 (full 10):
 par new generation   total 153344K, used 143294K [0x00000007dae00000, 0x00000007e5460000, 0x00000007e5460000)
  eden space 136320K,  95% used [0x00000007dae00000, 0x00000007e2d56628, 0x00000007e3320000)
  from space 17024K,  75% used [0x00000007e3320000, 0x00000007e3fb94f8, 0x00000007e43c0000)
  to   space 17024K,   0% used [0x00000007e43c0000, 0x00000007e43c0000, 0x00000007e5460000)
 concurrent mark-sweep generation total 353920K, used 349696K [0x00000007e5460000, 0x00000007fae00000, 0x00000007fae00000)
 concurrent-mark-sweep perm gen total 21248K, used 2871K [0x00000007fae00000, 0x00000007fc2c0000, 0x0000000800000000)
1.728: [Full GC 1.728: [CMS (concurrent mode failure): 349696K->349696K(353920K), 0.0939240 secs] 492991K->491390K(507264K), [CMS Perm : 2871K->2871K(21248K)], 0.0939990 secs] [Times: user=0.09 sys=0.00, real=0.09 secs] 
Heap after GC invocations=20 (full 11):
 par new generation   total 153344K, used 141694K [0x00000007dae00000, 0x00000007e5460000, 0x00000007e5460000)
  eden space 136320K,  94% used [0x00000007dae00000, 0x00000007e2bc6388, 0x00000007e3320000)
  from space 17024K,  75% used [0x00000007e3320000, 0x00000007e3fb94f8, 0x00000007e43c0000)
  to   space 17024K,   0% used [0x00000007e43c0000, 0x00000007e43c0000, 0x00000007e5460000)
 concurrent mark-sweep generation total 353920K, used 349696K [0x00000007e5460000, 0x00000007fae00000, 0x00000007fae00000)
 concurrent-mark-sweep perm gen total 21248K, used 2871K [0x00000007fae00000, 0x00000007fc2c0000, 0x0000000800000000)
}
{Heap before GC invocations=20 (full 11):
 par new generation   total 153344K, used 141694K [0x00000007dae00000, 0x00000007e5460000, 0x00000007e5460000)
  eden space 136320K,  94% used [0x00000007dae00000, 0x00000007e2bc6388, 0x00000007e3320000)
  from space 17024K,  75% used [0x00000007e3320000, 0x00000007e3fb94f8, 0x00000007e43c0000)
  to   space 17024K,   0% used [0x00000007e43c0000, 0x00000007e43c0000, 0x00000007e5460000)
 concurrent mark-sweep generation total 353920K, used 349696K [0x00000007e5460000, 0x00000007fae00000, 0x00000007fae00000)
 concurrent-mark-sweep perm gen total 21248K, used 2871K [0x00000007fae00000, 0x00000007fc2c0000, 0x0000000800000000)
1.822: [Full GC 1.822: [CMS: 349696K->349696K(353920K), 0.0086510 secs] 491390K->491390K(507264K), [CMS Perm : 2871K->2871K(21248K)], 0.0087080 secs] [Times: user=0.01 sys=0.00, real=0.01 secs] 
Heap after GC invocations=21 (full 12):
 par new generation   total 153344K, used 141694K [0x00000007dae00000, 0x00000007e5460000, 0x00000007e5460000)
  eden space 136320K,  94% used [0x00000007dae00000, 0x00000007e2bc6388, 0x00000007e3320000)
  from space 17024K,  75% used [0x00000007e3320000, 0x00000007e3fb94f8, 0x00000007e43c0000)
  to   space 17024K,   0% used [0x00000007e43c0000, 0x00000007e43c0000, 0x00000007e5460000)
 concurrent mark-sweep generation total 353920K, used 349696K [0x00000007e5460000, 0x00000007fae00000, 0x00000007fae00000)
 concurrent-mark-sweep perm gen total 21248K, used 2871K [0x00000007fae00000, 0x00000007fc2c0000, 0x0000000800000000)
}
{Heap before GC invocations=21 (full 12):
 par new generation   total 153344K, used 141694K [0x00000007dae00000, 0x00000007e5460000, 0x00000007e5460000)
  eden space 136320K,  94% used [0x00000007dae00000, 0x00000007e2bc63e8, 0x00000007e3320000)
  from space 17024K,  75% used [0x00000007e3320000, 0x00000007e3fb94f8, 0x00000007e43c0000)
  to   space 17024K,   0% used [0x00000007e43c0000, 0x00000007e43c0000, 0x00000007e5460000)
 concurrent mark-sweep generation total 353920K, used 349696K [0x00000007e5460000, 0x00000007fae00000, 0x00000007fae00000)
 concurrent-mark-sweep perm gen total 21248K, used 2871K [0x00000007fae00000, 0x00000007fc2c0000, 0x0000000800000000)
1.831: [Full GC 1.831: [CMS: 349696K->349695K(353920K), 0.1584460 secs] 491390K->491389K(507264K), [CMS Perm : 2871K->2871K(21248K)], 0.1585130 secs] [Times: user=0.16 sys=0.00, real=0.16 secs] 
Heap after GC invocations=22 (full 13):
 par new generation   total 153344K, used 141694K [0x00000007dae00000, 0x00000007e5460000, 0x00000007e5460000)
  eden space 136320K,  94% used [0x00000007dae00000, 0x00000007e2bc63b0, 0x00000007e3320000)
  from space 17024K,  75% used [0x00000007e3320000, 0x00000007e3fb94f8, 0x00000007e43c0000)
  to   space 17024K,   0% used [0x00000007e43c0000, 0x00000007e43c0000, 0x00000007e5460000)
 concurrent mark-sweep generation total 353920K, used 349695K [0x00000007e5460000, 0x00000007fae00000, 0x00000007fae00000)
 concurrent-mark-sweep perm gen total 21248K, used 2871K [0x00000007fae00000, 0x00000007fc2c0000, 0x0000000800000000)
}
{Heap before GC invocations=22 (full 13):
 par new generation   total 153344K, used 141694K [0x00000007dae00000, 0x00000007e5460000, 0x00000007e5460000)
  eden space 136320K,  94% used [0x00000007dae00000, 0x00000007e2bc63b0, 0x00000007e3320000)
  from space 17024K,  75% used [0x00000007e3320000, 0x00000007e3fb94f8, 0x00000007e43c0000)
  to   space 17024K,   0% used [0x00000007e43c0000, 0x00000007e43c0000, 0x00000007e5460000)
 concurrent mark-sweep generation total 353920K, used 349695K [0x00000007e5460000, 0x00000007fae00000, 0x00000007fae00000)
 concurrent-mark-sweep perm gen total 21248K, used 2871K [0x00000007fae00000, 0x00000007fc2c0000, 0x0000000800000000)
1.990: [Full GC 1.990: [CMS: 349695K->349695K(353920K), 0.0070560 secs] 491389K->491389K(507264K), [CMS Perm : 2871K->2871K(21248K)], 0.0071060 secs] [Times: user=0.00 sys=0.00, real=0.01 secs] 
Heap after GC invocations=23 (full 14):
 par new generation   total 153344K, used 141694K [0x00000007dae00000, 0x00000007e5460000, 0x00000007e5460000)
  eden space 136320K,  94% used [0x00000007dae00000, 0x00000007e2bc63b0, 0x00000007e3320000)
  from space 17024K,  75% used [0x00000007e3320000, 0x00000007e3fb94f8, 0x00000007e43c0000)
  to   space 17024K,   0% used [0x00000007e43c0000, 0x00000007e43c0000, 0x00000007e5460000)
 concurrent mark-sweep generation total 353920K, used 349695K [0x00000007e5460000, 0x00000007fae00000, 0x00000007fae00000)
 concurrent-mark-sweep perm gen total 21248K, used 2871K [0x00000007fae00000, 0x00000007fc2c0000, 0x0000000800000000)
}
{Heap before GC invocations=23 (full 14):
 par new generation   total 153344K, used 141694K [0x00000007dae00000, 0x00000007e5460000, 0x00000007e5460000)
  eden space 136320K,  94% used [0x00000007dae00000, 0x00000007e2bc63e8, 0x00000007e3320000)
  from space 17024K,  75% used [0x00000007e3320000, 0x00000007e3fb94f8, 0x00000007e43c0000)
  to   space 17024K,   0% used [0x00000007e43c0000, 0x00000007e43c0000, 0x00000007e5460000)
 concurrent mark-sweep generation total 353920K, used 349695K [0x00000007e5460000, 0x00000007fae00000, 0x00000007fae00000)
 concurrent-mark-sweep perm gen total 21248K, used 2871K [0x00000007fae00000, 0x00000007fc2c0000, 0x0000000800000000)
1.997: [Full GC 1.997: [CMS: 349695K->349694K(353920K), 0.1403740 secs] 491389K->491388K(507264K), [CMS Perm : 2871K->2871K(21248K)], 0.1404330 secs] [Times: user=0.14 sys=0.00, real=0.14 secs] 
Heap after GC invocations=24 (full 15):
 par new generation   total 153344K, used 141694K [0x00000007dae00000, 0x00000007e5460000, 0x00000007e5460000)
  eden space 136320K,  94% used [0x00000007dae00000, 0x00000007e2bc63b0, 0x00000007e3320000)
  from space 17024K,  75% used [0x00000007e3320000, 0x00000007e3fb94f8, 0x00000007e43c0000)
  to   space 17024K,   0% used [0x00000007e43c0000, 0x00000007e43c0000, 0x00000007e5460000)
 concurrent mark-sweep generation total 353920K, used 349694K [0x00000007e5460000, 0x00000007fae00000, 0x00000007fae00000)
 concurrent-mark-sweep perm gen total 21248K, used 2871K [0x00000007fae00000, 0x00000007fc2c0000, 0x0000000800000000)
}
{Heap before GC invocations=24 (full 15):
 par new generation   total 153344K, used 141694K [0x00000007dae00000, 0x00000007e5460000, 0x00000007e5460000)
  eden space 136320K,  94% used [0x00000007dae00000, 0x00000007e2bc63b0, 0x00000007e3320000)
  from space 17024K,  75% used [0x00000007e3320000, 0x00000007e3fb94f8, 0x00000007e43c0000)
  to   space 17024K,   0% used [0x00000007e43c0000, 0x00000007e43c0000, 0x00000007e5460000)
 concurrent mark-sweep generation total 353920K, used 349694K [0x00000007e5460000, 0x00000007fae00000, 0x00000007fae00000)
 concurrent-mark-sweep perm gen total 21248K, used 2871K [0x00000007fae00000, 0x00000007fc2c0000, 0x0000000800000000)
2.138: [Full GC 2.138: [CMS: 349694K->349694K(353920K), 0.0070950 secs] 491388K->491388K(507264K), [CMS Perm : 2871K->2871K(21248K)], 0.0071500 secs] [Times: user=0.01 sys=0.00, real=0.01 secs] 
Heap after GC invocations=25 (full 16):
 par new generation   total 153344K, used 141694K [0x00000007dae00000, 0x00000007e5460000, 0x00000007e5460000)
  eden space 136320K,  94% used [0x00000007dae00000, 0x00000007e2bc63b0, 0x00000007e3320000)
  from space 17024K,  75% used [0x00000007e3320000, 0x00000007e3fb94f8, 0x00000007e43c0000)
  to   space 17024K,   0% used [0x00000007e43c0000, 0x00000007e43c0000, 0x00000007e5460000)
 concurrent mark-sweep generation total 353920K, used 349694K [0x00000007e5460000, 0x00000007fae00000, 0x00000007fae00000)
 concurrent-mark-sweep perm gen total 21248K, used 2871K [0x00000007fae00000, 0x00000007fc2c0000, 0x0000000800000000)
}
{Heap before GC invocations=25 (full 16):
 par new generation   total 153344K, used 141694K [0x00000007dae00000, 0x00000007e5460000, 0x00000007e5460000)
  eden space 136320K,  94% used [0x00000007dae00000, 0x00000007e2bc63b0, 0x00000007e3320000)
  from space 17024K,  75% used [0x00000007e3320000, 0x00000007e3fb94f8, 0x00000007e43c0000)
  to   space 17024K,   0% used [0x00000007e43c0000, 0x00000007e43c0000, 0x00000007e5460000)
 concurrent mark-sweep generation total 353920K, used 349694K [0x00000007e5460000, 0x00000007fae00000, 0x00000007fae00000)
 concurrent-mark-sweep perm gen total 21248K, used 2871K [0x00000007fae00000, 0x00000007fc2c0000, 0x0000000800000000)
2.145: [Full GC 2.145: [CMS: 349694K->349694K(353920K), 0.1409760 secs] 491388K->491388K(507264K), [CMS Perm : 2871K->2871K(21248K)], 0.1410370 secs] [Times: user=0.14 sys=0.00, real=0.14 secs] 
Heap after GC invocations=26 (full 17):
 par new generation   total 153344K, used 141694K [0x00000007dae00000, 0x00000007e5460000, 0x00000007e5460000)
  eden space 136320K,  94% used [0x00000007dae00000, 0x00000007e2bc63a0, 0x00000007e3320000)
  from space 17024K,  75% used [0x00000007e3320000, 0x00000007e3fb94f8, 0x00000007e43c0000)
  to   space 17024K,   0% used [0x00000007e43c0000, 0x00000007e43c0000, 0x00000007e5460000)
 concurrent mark-sweep generation total 353920K, used 349694K [0x00000007e5460000, 0x00000007fae00000, 0x00000007fae00000)
 concurrent-mark-sweep perm gen total 21248K, used 2871K [0x00000007fae00000, 0x00000007fc2c0000, 0x0000000800000000)
}
{Heap before GC invocations=26 (full 17):
 par new generation   total 153344K, used 141694K [0x00000007dae00000, 0x00000007e5460000, 0x00000007e5460000)
  eden space 136320K,  94% used [0x00000007dae00000, 0x00000007e2bc63a0, 0x00000007e3320000)
  from space 17024K,  75% used [0x00000007e3320000, 0x00000007e3fb94f8, 0x00000007e43c0000)
  to   space 17024K,   0% used [0x00000007e43c0000, 0x00000007e43c0000, 0x00000007e5460000)
 concurrent mark-sweep generation total 353920K, used 349694K [0x00000007e5460000, 0x00000007fae00000, 0x00000007fae00000)
 concurrent-mark-sweep perm gen total 21248K, used 2871K [0x00000007fae00000, 0x00000007fc2c0000, 0x0000000800000000)
2.286: [Full GC 2.286: [CMS: 349694K->349694K(353920K), 0.0070430 secs] 491388K->491388K(507264K), [CMS Perm : 2871K->2871K(21248K)], 0.0070950 secs] [Times: user=0.01 sys=0.00, real=0.00 secs] 
Heap after GC invocations=27 (full 18):
 par new generation   total 153344K, used 141694K [0x00000007dae00000, 0x00000007e5460000, 0x00000007e5460000)
  eden space 136320K,  94% used [0x00000007dae00000, 0x00000007e2bc63a0, 0x00000007e3320000)
  from space 17024K,  75% used [0x00000007e3320000, 0x00000007e3fb94f8, 0x00000007e43c0000)
  to   space 17024K,   0% used [0x00000007e43c0000, 0x00000007e43c0000, 0x00000007e5460000)
 concurrent mark-sweep generation total 353920K, used 349694K [0x00000007e5460000, 0x00000007fae00000, 0x00000007fae00000)
 concurrent-mark-sweep perm gen total 21248K, used 2871K [0x00000007fae00000, 0x00000007fc2c0000, 0x0000000800000000)
}
{Heap before GC invocations=27 (full 18):
 par new generation   total 153344K, used 143092K [0x00000007dae00000, 0x00000007e5460000, 0x00000007e5460000)
  eden space 136320K,  95% used [0x00000007dae00000, 0x00000007e2d23b20, 0x00000007e3320000)
  from space 17024K,  75% used [0x00000007e3320000, 0x00000007e3fb94f8, 0x00000007e43c0000)
  to   space 17024K,   0% used [0x00000007e43c0000, 0x00000007e43c0000, 0x00000007e5460000)
 concurrent mark-sweep generation total 353920K, used 349694K [0x00000007e5460000, 0x00000007fae00000, 0x00000007fae00000)
 concurrent-mark-sweep perm gen total 21248K, used 2871K [0x00000007fae00000, 0x00000007fc2c0000, 0x0000000800000000)
2.294: [Full GC 2.294: [CMS: 349694K->349693K(353920K), 0.1589180 secs] 492786K->491387K(507264K), [CMS Perm : 2871K->2871K(21248K)], 0.1589740 secs] [Times: user=0.14 sys=0.00, real=0.15 secs] 
Heap after GC invocations=28 (full 19):
 par new generation   total 153344K, used 141694K [0x00000007dae00000, 0x00000007e5460000, 0x00000007e5460000)
  eden space 136320K,  94% used [0x00000007dae00000, 0x00000007e2bc63e0, 0x00000007e3320000)
  from space 17024K,  75% used [0x00000007e3320000, 0x00000007e3fb94f8, 0x00000007e43c0000)
  to   space 17024K,   0% used [0x00000007e43c0000, 0x00000007e43c0000, 0x00000007e5460000)
 concurrent mark-sweep generation total 353920K, used 349693K [0x00000007e5460000, 0x00000007fae00000, 0x00000007fae00000)
 concurrent-mark-sweep perm gen total 21248K, used 2871K [0x00000007fae00000, 0x00000007fc2c0000, 0x0000000800000000)
}
{Heap before GC invocations=28 (full 19):
 par new generation   total 153344K, used 141694K [0x00000007dae00000, 0x00000007e5460000, 0x00000007e5460000)
  eden space 136320K,  94% used [0x00000007dae00000, 0x00000007e2bc63e0, 0x00000007e3320000)
  from space 17024K,  75% used [0x00000007e3320000, 0x00000007e3fb94f8, 0x00000007e43c0000)
  to   space 17024K,   0% used [0x00000007e43c0000, 0x00000007e43c0000, 0x00000007e5460000)
 concurrent mark-sweep generation total 353920K, used 349693K [0x00000007e5460000, 0x00000007fae00000, 0x00000007fae00000)
 concurrent-mark-sweep perm gen total 21248K, used 2871K [0x00000007fae00000, 0x00000007fc2c0000, 0x0000000800000000)
2.453: [Full GC 2.453: [CMS: 349693K->349693K(353920K), 0.0125580 secs] 491387K->491387K(507264K), [CMS Perm : 2871K->2871K(21248K)], 0.0127120 secs] [Times: user=0.01 sys=0.00, real=0.02 secs] 
Heap after GC invocations=29 (full 20):
 par new generation   total 153344K, used 141694K [0x00000007dae00000, 0x00000007e5460000, 0x00000007e5460000)
  eden space 136320K,  94% used [0x00000007dae00000, 0x00000007e2bc63e0, 0x00000007e3320000)
  from space 17024K,  75% used [0x00000007e3320000, 0x00000007e3fb94f8, 0x00000007e43c0000)
  to   space 17024K,   0% used [0x00000007e43c0000, 0x00000007e43c0000, 0x00000007e5460000)
 concurrent mark-sweep generation total 353920K, used 349693K [0x00000007e5460000, 0x00000007fae00000, 0x00000007fae00000)
 concurrent-mark-sweep perm gen total 21248K, used 2871K [0x00000007fae00000, 0x00000007fc2c0000, 0x0000000800000000)
}
{Heap before GC invocations=29 (full 20):
 par new generation   total 153344K, used 141694K [0x00000007dae00000, 0x00000007e5460000, 0x00000007e5460000)
  eden space 136320K,  94% used [0x00000007dae00000, 0x00000007e2bc6408, 0x00000007e3320000)
  from space 17024K,  75% used [0x00000007e3320000, 0x00000007e3fb94f8, 0x00000007e43c0000)
  to   space 17024K,   0% used [0x00000007e43c0000, 0x00000007e43c0000, 0x00000007e5460000)
 concurrent mark-sweep generation total 353920K, used 349693K [0x00000007e5460000, 0x00000007fae00000, 0x00000007fae00000)
 concurrent-mark-sweep perm gen total 21248K, used 2871K [0x00000007fae00000, 0x00000007fc2c0000, 0x0000000800000000)
2.468: [Full GC 2.468: [CMS: 349693K->255171K(353920K), 0.1635450 secs] 491387K->255171K(507264K), [CMS Perm : 2871K->2871K(21248K)], 0.1636120 secs] [Times: user=0.12 sys=0.00, real=0.16 secs] 
Heap after GC invocations=30 (full 21):
 par new generation   total 153344K, used 0K [0x00000007dae00000, 0x00000007e5460000, 0x00000007e5460000)
  eden space 136320K,   0% used [0x00000007dae00000, 0x00000007dae00000, 0x00000007e3320000)
  from space 17024K,   0% used [0x00000007e3320000, 0x00000007e3320000, 0x00000007e43c0000)
  to   space 17024K,   0% used [0x00000007e43c0000, 0x00000007e43c0000, 0x00000007e5460000)
 concurrent mark-sweep generation total 353920K, used 255171K [0x00000007e5460000, 0x00000007fae00000, 0x00000007fae00000)
 concurrent-mark-sweep perm gen total 21248K, used 2871K [0x00000007fae00000, 0x00000007fc2c0000, 0x0000000800000000)
}
2.646: [GC [1 CMS-initial-mark: 255171K(353920K)] 279909K(507264K), 0.0001780 secs] [Times: user=0.00 sys=0.00, real=0.00 secs] 
2.646: [CMS-concurrent-mark-start]
2.652: [CMS-concurrent-mark: 0.006/0.006 secs] [Times: user=0.01 sys=0.00, real=0.00 secs] 
2.652: [CMS-concurrent-preclean-start]
2.652: [CMS-concurrent-preclean: 0.001/0.001 secs] [Times: user=0.00 sys=0.00, real=0.00 secs] 
2.652: [CMS-concurrent-abortable-preclean-start]
{Heap before GC invocations=30 (full 22):
 par new generation   total 153344K, used 130873K [0x00000007dae00000, 0x00000007e5460000, 0x00000007e5460000)
  eden space 136320K,  96% used [0x00000007dae00000, 0x00000007e2dce598, 0x00000007e3320000)
  from space 17024K,   0% used [0x00000007e3320000, 0x00000007e3320000, 0x00000007e43c0000)
  to   space 17024K,   0% used [0x00000007e43c0000, 0x00000007e43c0000, 0x00000007e5460000)
 concurrent mark-sweep generation total 353920K, used 255171K [0x00000007e5460000, 0x00000007fae00000, 0x00000007fae00000)
 concurrent-mark-sweep perm gen total 21248K, used 2871K [0x00000007fae00000, 0x00000007fc2c0000, 0x0000000800000000)
2.712: [GC 2.712: [ParNew (promotion failed)
Desired survivor size 8716288 bytes, new threshold 1 (max 6)
- age   1:   13959112 bytes,   13959112 total
: 130873K->144509K(153344K), 0.0427680 secs]2.755: [CMS2.755: [CMS-concurrent-abortable-preclean: 0.020/0.102 secs] [Times: user=0.14 sys=0.00, real=0.11 secs] 
 (concurrent mode failure): 347072K->130560K(353920K), 0.0588300 secs] 386044K->130560K(507264K), [CMS Perm : 2871K->2871K(21248K)], 0.1017550 secs] [Times: user=0.14 sys=0.00, real=0.11 secs] 
Heap after GC invocations=31 (full 23):
 par new generation   total 153344K, used 0K [0x00000007dae00000, 0x00000007e5460000, 0x00000007e5460000)
  eden space 136320K,   0% used [0x00000007dae00000, 0x00000007dae00000, 0x00000007e3320000)
  from space 17024K,   0% used [0x00000007e43c0000, 0x00000007e43c0000, 0x00000007e5460000)
  to   space 17024K,   0% used [0x00000007e3320000, 0x00000007e3320000, 0x00000007e43c0000)
 concurrent mark-sweep generation total 353920K, used 130560K [0x00000007e5460000, 0x00000007fae00000, 0x00000007fae00000)
 concurrent-mark-sweep perm gen total 21248K, used 2871K [0x00000007fae00000, 0x00000007fc2c0000, 0x0000000800000000)
}
{Heap before GC invocations=31 (full 23):
 par new generation   total 153344K, used 122544K [0x00000007dae00000, 0x00000007e5460000, 0x00000007e5460000)
  eden space 136320K,  89% used [0x00000007dae00000, 0x00000007e25ac058, 0x00000007e3320000)
  from space 17024K,   0% used [0x00000007e43c0000, 0x00000007e43c0000, 0x00000007e5460000)
  to   space 17024K,   0% used [0x00000007e3320000, 0x00000007e3320000, 0x00000007e43c0000)
 concurrent mark-sweep generation total 353920K, used 130560K [0x00000007e5460000, 0x00000007fae00000, 0x00000007fae00000)
 concurrent-mark-sweep perm gen total 21248K, used 2871K [0x00000007fae00000, 0x00000007fc2c0000, 0x0000000800000000)
2.878: [GC 2.878: [ParNew
Desired survivor size 8716288 bytes, new threshold 1 (max 6)
- age   1:   15255576 bytes,   15255576 total
: 122544K->14901K(153344K), 0.0735140 secs] 253104K->251524K(507264K), 0.0736230 secs] [Times: user=0.09 sys=0.01, real=0.07 secs] 
Heap after GC invocations=32 (full 23):
 par new generation   total 153344K, used 14901K [0x00000007dae00000, 0x00000007e5460000, 0x00000007e5460000)
  eden space 136320K,   0% used [0x00000007dae00000, 0x00000007dae00000, 0x00000007e3320000)
  from space 17024K,  87% used [0x00000007e3320000, 0x00000007e41ad6d0, 0x00000007e43c0000)
  to   space 17024K,   0% used [0x00000007e43c0000, 0x00000007e43c0000, 0x00000007e5460000)
 concurrent mark-sweep generation total 353920K, used 236623K [0x00000007e5460000, 0x00000007fae00000, 0x00000007fae00000)
 concurrent-mark-sweep perm gen total 21248K, used 2871K [0x00000007fae00000, 0x00000007fc2c0000, 0x0000000800000000)
}
2.988: [GC [1 CMS-initial-mark: 236623K(353920K)] 313492K(507264K), 0.0001770 secs] [Times: user=0.00 sys=0.00, real=0.00 secs] 
2.988: [CMS-concurrent-mark-start]
2.997: [CMS-concurrent-mark: 0.009/0.009 secs] [Times: user=0.01 sys=0.00, real=0.01 secs] 
2.998: [CMS-concurrent-preclean-start]
2.998: [CMS-concurrent-preclean: 0.001/0.001 secs] [Times: user=0.00 sys=0.00, real=0.00 secs] 
2.998: [CMS-concurrent-abortable-preclean-start]
2.999: [CMS-concurrent-abortable-preclean: 0.000/0.000 secs] [Times: user=0.00 sys=0.00, real=0.00 secs] 
3.028: [GC[YG occupancy: 146966 K (153344 K)]3.028: [Rescan (parallel) , 0.0006430 secs]3.028: [weak refs processing, 0.0000090 secs]3.028: [scrub string table, 0.0000210 secs] [1 CMS-remark: 236623K(353920K)] 383589K(507264K), 0.0007540 secs] [Times: user=0.01 sys=0.00, real=0.00 secs] 
3.029: [CMS-concurrent-sweep-start]
3.029: [CMS-concurrent-sweep: 0.000/0.000 secs] [Times: user=0.00 sys=0.00, real=0.00 secs] 
3.029: [CMS-concurrent-reset-start]
3.030: [CMS-concurrent-reset: 0.001/0.001 secs] [Times: user=0.00 sys=0.00, real=0.00 secs] 
{Heap before GC invocations=32 (full 24):
 par new generation   total 153344K, used 146966K [0x00000007dae00000, 0x00000007e5460000, 0x00000007e5460000)
  eden space 136320K,  96% used [0x00000007dae00000, 0x00000007e2ef83b0, 0x00000007e3320000)
  from space 17024K,  87% used [0x00000007e3320000, 0x00000007e41ad6d0, 0x00000007e43c0000)
  to   space 17024K,   0% used [0x00000007e43c0000, 0x00000007e43c0000, 0x00000007e5460000)
 concurrent mark-sweep generation total 353920K, used 119988K [0x00000007e5460000, 0x00000007fae00000, 0x00000007fae00000)
 concurrent-mark-sweep perm gen total 21248K, used 2871K [0x00000007fae00000, 0x00000007fc2c0000, 0x0000000800000000)
3.034: [GC 3.034: [ParNew
Desired survivor size 8716288 bytes, new threshold 1 (max 6)
- age   1:   17286400 bytes,   17286400 total
: 146966K->16884K(153344K), 0.0599600 secs] 266954K->266309K(507264K), 0.0600160 secs] [Times: user=0.11 sys=0.00, real=0.06 secs] 
Heap after GC invocations=33 (full 24):
 par new generation   total 153344K, used 16884K [0x00000007dae00000, 0x00000007e5460000, 0x00000007e5460000)
  eden space 136320K,   0% used [0x00000007dae00000, 0x00000007dae00000, 0x00000007e3320000)
  from space 17024K,  99% used [0x00000007e43c0000, 0x00000007e543d390, 0x00000007e5460000)
  to   space 17024K,   0% used [0x00000007e3320000, 0x00000007e3320000, 0x00000007e43c0000)
 concurrent mark-sweep generation total 353920K, used 249425K [0x00000007e5460000, 0x00000007fae00000, 0x00000007fae00000)
 concurrent-mark-sweep perm gen total 21248K, used 2871K [0x00000007fae00000, 0x00000007fc2c0000, 0x0000000800000000)
}
3.102: [GC [1 CMS-initial-mark: 249425K(353920K)] 283804K(507264K), 0.0001620 secs] [Times: user=0.00 sys=0.00, real=0.00 secs] 
3.102: [CMS-concurrent-mark-start]
3.110: [CMS-concurrent-mark: 0.008/0.008 secs] [Times: user=0.01 sys=0.00, real=0.01 secs] 
3.110: [CMS-concurrent-preclean-start]
3.111: [CMS-concurrent-preclean: 0.001/0.001 secs] [Times: user=0.00 sys=0.00, real=0.00 secs] 
3.111: [CMS-concurrent-abortable-preclean-start]
{Heap before GC invocations=33 (full 25):
 par new generation   total 153344K, used 134536K [0x00000007dae00000, 0x00000007e5460000, 0x00000007e5460000)
  eden space 136320K,  86% used [0x00000007dae00000, 0x00000007e20e4da8, 0x00000007e3320000)
  from space 17024K,  99% used [0x00000007e43c0000, 0x00000007e543d390, 0x00000007e5460000)
  to   space 17024K,   0% used [0x00000007e3320000, 0x00000007e3320000, 0x00000007e43c0000)
 concurrent mark-sweep generation total 353920K, used 249425K [0x00000007e5460000, 0x00000007fae00000, 0x00000007fae00000)
 concurrent-mark-sweep perm gen total 21248K, used 2871K [0x00000007fae00000, 0x00000007fc2c0000, 0x0000000800000000)
3.156: [GC 3.156: [ParNew: 134536K->134536K(153344K), 0.0000270 secs]3.156: [CMS3.156: [CMS-concurrent-abortable-preclean: 0.001/0.045 secs] [Times: user=0.08 sys=0.00, real=0.05 secs] 
 (concurrent mode failure): 249425K->168129K(353920K), 0.0763260 secs] 383961K->168129K(507264K), [CMS Perm : 2871K->2871K(21248K)], 0.0764430 secs] [Times: user=0.08 sys=0.00, real=0.07 secs] 
Heap after GC invocations=34 (full 26):
 par new generation   total 153344K, used 0K [0x00000007dae00000, 0x00000007e5460000, 0x00000007e5460000)
  eden space 136320K,   0% used [0x00000007dae00000, 0x00000007dae00000, 0x00000007e3320000)
  from space 17024K,   0% used [0x00000007e43c0000, 0x00000007e43c0000, 0x00000007e5460000)
  to   space 17024K,   0% used [0x00000007e3320000, 0x00000007e3320000, 0x00000007e43c0000)
 concurrent mark-sweep generation total 353920K, used 168129K [0x00000007e5460000, 0x00000007fae00000, 0x00000007fae00000)
 concurrent-mark-sweep perm gen total 21248K, used 2871K [0x00000007fae00000, 0x00000007fc2c0000, 0x0000000800000000)
}
{Heap before GC invocations=34 (full 26):
 par new generation   total 153344K, used 132708K [0x00000007dae00000, 0x00000007e5460000, 0x00000007e5460000)
  eden space 136320K,  97% used [0x00000007dae00000, 0x00000007e2f99128, 0x00000007e3320000)
  from space 17024K,   0% used [0x00000007e43c0000, 0x00000007e43c0000, 0x00000007e5460000)
  to   space 17024K,   0% used [0x00000007e3320000, 0x00000007e3320000, 0x00000007e43c0000)
 concurrent mark-sweep generation total 353920K, used 168129K [0x00000007e5460000, 0x00000007fae00000, 0x00000007fae00000)
 concurrent-mark-sweep perm gen total 21248K, used 2871K [0x00000007fae00000, 0x00000007fc2c0000, 0x0000000800000000)
3.298: [GC 3.299: [ParNew
Desired survivor size 8716288 bytes, new threshold 1 (max 6)
- age   1:   16875024 bytes,   16875024 total
: 132708K->16483K(153344K), 0.0568420 secs] 300837K->300276K(507264K), 0.0569070 secs] [Times: user=0.11 sys=0.01, real=0.06 secs] 
Heap after GC invocations=35 (full 26):
 par new generation   total 153344K, used 16483K [0x00000007dae00000, 0x00000007e5460000, 0x00000007e5460000)
  eden space 136320K,   0% used [0x00000007dae00000, 0x00000007dae00000, 0x00000007e3320000)
  from space 17024K,  96% used [0x00000007e3320000, 0x00000007e4338cf0, 0x00000007e43c0000)
  to   space 17024K,   0% used [0x00000007e43c0000, 0x00000007e43c0000, 0x00000007e5460000)
 concurrent mark-sweep generation total 353920K, used 283793K [0x00000007e5460000, 0x00000007fae00000, 0x00000007fae00000)
 concurrent-mark-sweep perm gen total 21248K, used 2871K [0x00000007fae00000, 0x00000007fc2c0000, 0x0000000800000000)
}
3.374: [GC [1 CMS-initial-mark: 283793K(353920K)] 337678K(507264K), 0.0001830 secs] [Times: user=0.00 sys=0.00, real=0.00 secs] 
3.374: [CMS-concurrent-mark-start]
3.384: [CMS-concurrent-mark: 0.009/0.009 secs] [Times: user=0.02 sys=0.00, real=0.01 secs] 
3.384: [CMS-concurrent-preclean-start]
3.385: [CMS-concurrent-preclean: 0.001/0.001 secs] [Times: user=0.00 sys=0.00, real=0.00 secs] 
3.385: [CMS-concurrent-abortable-preclean-start]
3.385: [CMS-concurrent-abortable-preclean: 0.000/0.000 secs] [Times: user=0.00 sys=0.00, real=0.00 secs] 
3.401: [GC[YG occupancy: 104712 K (153344 K)]3.402: [Rescan (parallel) , 0.0007730 secs]3.402: [weak refs processing, 0.0000110 secs]3.402: [scrub string table, 0.0000290 secs] [1 CMS-remark: 283793K(353920K)] 388506K(507264K), 0.0009260 secs] [Times: user=0.01 sys=0.00, real=0.00 secs] 
3.403: [CMS-concurrent-sweep-start]
3.403: [CMS-concurrent-sweep: 0.001/0.001 secs] [Times: user=0.00 sys=0.00, real=0.00 secs] 
3.403: [CMS-concurrent-reset-start]
3.406: [CMS-concurrent-reset: 0.003/0.003 secs] [Times: user=0.00 sys=0.00, real=0.01 secs] 
{Heap before GC invocations=35 (full 27):
 par new generation   total 153344K, used 151733K [0x00000007dae00000, 0x00000007e5460000, 0x00000007e5460000)
  eden space 136320K,  99% used [0x00000007dae00000, 0x00000007e3214ac0, 0x00000007e3320000)
  from space 17024K,  96% used [0x00000007e3320000, 0x00000007e4338cf0, 0x00000007e43c0000)
  to   space 17024K,   0% used [0x00000007e43c0000, 0x00000007e43c0000, 0x00000007e5460000)
 concurrent mark-sweep generation total 353920K, used 132761K [0x00000007e5460000, 0x00000007fae00000, 0x00000007fae00000)
 concurrent-mark-sweep perm gen total 21248K, used 2871K [0x00000007fae00000, 0x00000007fc2c0000, 0x0000000800000000)
3.429: [GC 3.429: [ParNew
Desired survivor size 8716288 bytes, new threshold 1 (max 6)
- age   1:   15534544 bytes,   15534544 total
: 151733K->15174K(153344K), 0.0624500 secs] 284495K->284121K(507264K), 0.0625190 secs] [Times: user=0.12 sys=0.00, real=0.06 secs] 
Heap after GC invocations=36 (full 27):
 par new generation   total 153344K, used 15174K [0x00000007dae00000, 0x00000007e5460000, 0x00000007e5460000)
  eden space 136320K,   0% used [0x00000007dae00000, 0x00000007dae00000, 0x00000007e3320000)
  from space 17024K,  89% used [0x00000007e43c0000, 0x00000007e5291888, 0x00000007e5460000)
  to   space 17024K,   0% used [0x00000007e3320000, 0x00000007e3320000, 0x00000007e43c0000)
 concurrent mark-sweep generation total 353920K, used 268946K [0x00000007e5460000, 0x00000007fae00000, 0x00000007fae00000)
 concurrent-mark-sweep perm gen total 21248K, used 2871K [0x00000007fae00000, 0x00000007fc2c0000, 0x0000000800000000)
}
3.503: [GC [1 CMS-initial-mark: 268946K(353920K)] 308163K(507264K), 0.0001700 secs] [Times: user=0.00 sys=0.00, real=0.00 secs] 
3.503: [CMS-concurrent-mark-start]
3.513: [CMS-concurrent-mark: 0.010/0.010 secs] [Times: user=0.02 sys=0.00, real=0.01 secs] 
3.513: [CMS-concurrent-preclean-start]
3.514: [CMS-concurrent-preclean: 0.001/0.001 secs] [Times: user=0.00 sys=0.00, real=0.01 secs] 
3.514: [CMS-concurrent-abortable-preclean-start]
3.514: [CMS-concurrent-abortable-preclean: 0.000/0.000 secs] [Times: user=0.00 sys=0.00, real=0.00 secs] 
3.546: [GC[YG occupancy: 120011 K (153344 K)]3.546: [Rescan (parallel) , 0.0006150 secs]3.546: [weak refs processing, 0.0000110 secs]3.546: [scrub string table, 0.0000210 secs] [1 CMS-remark: 268946K(353920K)] 388958K(507264K), 0.0007680 secs] [Times: user=0.00 sys=0.00, real=0.00 secs] 
3.547: [CMS-concurrent-sweep-start]
3.547: [CMS-concurrent-sweep: 0.000/0.000 secs] [Times: user=0.00 sys=0.00, real=0.00 secs] 
3.547: [CMS-concurrent-reset-start]
3.548: [CMS-concurrent-reset: 0.001/0.001 secs] [Times: user=0.00 sys=0.00, real=0.00 secs] 
{Heap before GC invocations=36 (full 28):
 par new generation   total 153344K, used 142168K [0x00000007dae00000, 0x00000007e5460000, 0x00000007e5460000)
  eden space 136320K,  93% used [0x00000007dae00000, 0x00000007e2a04960, 0x00000007e3320000)
  from space 17024K,  89% used [0x00000007e43c0000, 0x00000007e5291888, 0x00000007e5460000)
  to   space 17024K,   0% used [0x00000007e3320000, 0x00000007e3320000, 0x00000007e43c0000)
 concurrent mark-sweep generation total 353920K, used 133641K [0x00000007e5460000, 0x00000007fae00000, 0x00000007fae00000)
 concurrent-mark-sweep perm gen total 21248K, used 2871K [0x00000007fae00000, 0x00000007fc2c0000, 0x0000000800000000)
3.564: [GC 3.564: [ParNew
Desired survivor size 8716288 bytes, new threshold 1 (max 6)
- age   1:   13538464 bytes,   13538464 total
: 142168K->13224K(153344K), 0.0520270 secs] 275809K->260393K(507264K), 0.0520920 secs] [Times: user=0.10 sys=0.00, real=0.05 secs] 
Heap after GC invocations=37 (full 28):
 par new generation   total 153344K, used 13224K [0x00000007dae00000, 0x00000007e5460000, 0x00000007e5460000)
  eden space 136320K,   0% used [0x00000007dae00000, 0x00000007dae00000, 0x00000007e3320000)
  from space 17024K,  77% used [0x00000007e3320000, 0x00000007e400a340, 0x00000007e43c0000)
  to   space 17024K,   0% used [0x00000007e43c0000, 0x00000007e43c0000, 0x00000007e5460000)
 concurrent mark-sweep generation total 353920K, used 247168K [0x00000007e5460000, 0x00000007fae00000, 0x00000007fae00000)
 concurrent-mark-sweep perm gen total 21248K, used 2871K [0x00000007fae00000, 0x00000007fc2c0000, 0x0000000800000000)
}
3.627: [GC [1 CMS-initial-mark: 247168K(353920K)] 283850K(507264K), 0.0001920 secs] [Times: user=0.00 sys=0.00, real=0.00 secs] 
3.627: [CMS-concurrent-mark-start]
3.637: [CMS-concurrent-mark: 0.010/0.010 secs] [Times: user=0.01 sys=0.00, real=0.01 secs] 
3.637: [CMS-concurrent-preclean-start]
3.638: [CMS-concurrent-preclean: 0.001/0.001 secs] [Times: user=0.01 sys=0.00, real=0.00 secs] 
3.638: [CMS-concurrent-abortable-preclean-start]
{Heap before GC invocations=37 (full 29):
 par new generation   total 153344K, used 143341K [0x00000007dae00000, 0x00000007e5460000, 0x00000007e5460000)
  eden space 136320K,  95% used [0x00000007dae00000, 0x00000007e2d11418, 0x00000007e3320000)
  from space 17024K,  77% used [0x00000007e3320000, 0x00000007e400a340, 0x00000007e43c0000)
  to   space 17024K,   0% used [0x00000007e43c0000, 0x00000007e43c0000, 0x00000007e5460000)
 concurrent mark-sweep generation total 353920K, used 247168K [0x00000007e5460000, 0x00000007fae00000, 0x00000007fae00000)
 concurrent-mark-sweep perm gen total 21248K, used 2871K [0x00000007fae00000, 0x00000007fc2c0000, 0x0000000800000000)
3.683: [GC 3.683: [ParNew: 143341K->143341K(153344K), 0.0000230 secs]3.683: [CMS3.683: [CMS-concurrent-abortable-preclean: 0.001/0.045 secs] [Times: user=0.08 sys=0.00, real=0.04 secs] 
 (concurrent mode failure): 247168K->152405K(353920K), 0.0669620 secs] 390510K->152405K(507264K), [CMS Perm : 2871K->2871K(21248K)], 0.0670850 secs] [Times: user=0.07 sys=0.00, real=0.07 secs] 
Heap after GC invocations=38 (full 30):
 par new generation   total 153344K, used 0K [0x00000007dae00000, 0x00000007e5460000, 0x00000007e5460000)
  eden space 136320K,   0% used [0x00000007dae00000, 0x00000007dae00000, 0x00000007e3320000)
  from space 17024K,   0% used [0x00000007e3320000, 0x00000007e3320000, 0x00000007e43c0000)
  to   space 17024K,   0% used [0x00000007e43c0000, 0x00000007e43c0000, 0x00000007e5460000)
 concurrent mark-sweep generation total 353920K, used 152405K [0x00000007e5460000, 0x00000007fae00000, 0x00000007fae00000)
 concurrent-mark-sweep perm gen total 21248K, used 2871K [0x00000007fae00000, 0x00000007fc2c0000, 0x0000000800000000)
}
{Heap before GC invocations=38 (full 30):
 par new generation   total 153344K, used 127348K [0x00000007dae00000, 0x00000007e5460000, 0x00000007e5460000)
  eden space 136320K,  93% used [0x00000007dae00000, 0x00000007e2a5d3e0, 0x00000007e3320000)
  from space 17024K,   0% used [0x00000007e3320000, 0x00000007e3320000, 0x00000007e43c0000)
  to   space 17024K,   0% used [0x00000007e43c0000, 0x00000007e43c0000, 0x00000007e5460000)
 concurrent mark-sweep generation total 353920K, used 152405K [0x00000007e5460000, 0x00000007fae00000, 0x00000007fae00000)
 concurrent-mark-sweep perm gen total 21248K, used 2871K [0x00000007fae00000, 0x00000007fc2c0000, 0x0000000800000000)
3.816: [GC 3.816: [ParNew
Desired survivor size 8716288 bytes, new threshold 6 (max 6)
- age   1:        352 bytes,        352 total
: 127348K->4K(153344K), 0.0546900 secs] 279754K->279656K(507264K), 0.0547610 secs] [Times: user=0.10 sys=0.00, real=0.05 secs] 
Heap after GC invocations=39 (full 30):
 par new generation   total 153344K, used 4K [0x00000007dae00000, 0x00000007e5460000, 0x00000007e5460000)
  eden space 136320K,   0% used [0x00000007dae00000, 0x00000007dae00000, 0x00000007e3320000)
  from space 17024K,   0% used [0x00000007e43c0000, 0x00000007e43c1000, 0x00000007e5460000)
  to   space 17024K,   0% used [0x00000007e3320000, 0x00000007e3320000, 0x00000007e43c0000)
 concurrent mark-sweep generation total 353920K, used 279652K [0x00000007e5460000, 0x00000007fae00000, 0x00000007fae00000)
 concurrent-mark-sweep perm gen total 21248K, used 2871K [0x00000007fae00000, 0x00000007fc2c0000, 0x0000000800000000)
}
3.889: [GC [1 CMS-initial-mark: 279652K(353920K)] 317017K(507264K), 0.0002000 secs] [Times: user=0.00 sys=0.00, real=0.00 secs] 
3.889: [CMS-concurrent-mark-start]
3.900: [CMS-concurrent-mark: 0.011/0.011 secs] [Times: user=0.02 sys=0.00, real=0.01 secs] 
3.900: [CMS-concurrent-preclean-start]
3.901: [CMS-concurrent-preclean: 0.001/0.001 secs] [Times: user=0.00 sys=0.00, real=0.00 secs] 
3.901: [CMS-concurrent-abortable-preclean-start]
{Heap before GC invocations=39 (full 31):
 par new generation   total 153344K, used 124999K [0x00000007dae00000, 0x00000007e5460000, 0x00000007e5460000)
  eden space 136320K,  91% used [0x00000007dae00000, 0x00000007e2810c90, 0x00000007e3320000)
  from space 17024K,   0% used [0x00000007e43c0000, 0x00000007e43c1000, 0x00000007e5460000)
  to   space 17024K,   0% used [0x00000007e3320000, 0x00000007e3320000, 0x00000007e43c0000)
 concurrent mark-sweep generation total 353920K, used 279652K [0x00000007e5460000, 0x00000007fae00000, 0x00000007fae00000)
 concurrent-mark-sweep perm gen total 21248K, used 2871K [0x00000007fae00000, 0x00000007fc2c0000, 0x0000000800000000)
3.935: [GC 3.936: [ParNew: 124999K->124999K(153344K), 0.0000300 secs]3.936: [CMS3.936: [CMS-concurrent-abortable-preclean: 0.001/0.035 secs] [Times: user=0.06 sys=0.00, real=0.04 secs] 
 (concurrent mode failure): 279652K->227242K(353920K), 0.0953210 secs] 404651K->227242K(507264K), [CMS Perm : 2871K->2871K(21248K)], 0.0954580 secs] [Times: user=0.10 sys=0.00, real=0.09 secs] 
Heap after GC invocations=40 (full 32):
 par new generation   total 153344K, used 0K [0x00000007dae00000, 0x00000007e5460000, 0x00000007e5460000)
  eden space 136320K,   0% used [0x00000007dae00000, 0x00000007dae00000, 0x00000007e3320000)
  from space 17024K,   0% used [0x00000007e43c0000, 0x00000007e43c0000, 0x00000007e5460000)
  to   space 17024K,   0% used [0x00000007e3320000, 0x00000007e3320000, 0x00000007e43c0000)
 concurrent mark-sweep generation total 353920K, used 227242K [0x00000007e5460000, 0x00000007fae00000, 0x00000007fae00000)
 concurrent-mark-sweep perm gen total 21248K, used 2871K [0x00000007fae00000, 0x00000007fc2c0000, 0x0000000800000000)
}
{Heap before GC invocations=40 (full 32):
 par new generation   total 153344K, used 132528K [0x00000007dae00000, 0x00000007e5460000, 0x00000007e5460000)
  eden space 136320K,  97% used [0x00000007dae00000, 0x00000007e2f6c340, 0x00000007e3320000)
  from space 17024K,   0% used [0x00000007e43c0000, 0x00000007e43c0000, 0x00000007e5460000)
  to   space 17024K,   0% used [0x00000007e3320000, 0x00000007e3320000, 0x00000007e43c0000)
 concurrent mark-sweep generation total 353920K, used 227242K [0x00000007e5460000, 0x00000007fae00000, 0x00000007fae00000)
 concurrent-mark-sweep perm gen total 21248K, used 2871K [0x00000007fae00000, 0x00000007fc2c0000, 0x0000000800000000)
4.101: [GC 4.101: [ParNew
Desired survivor size 8716288 bytes, new threshold 1 (max 6)
- age   1:   14908712 bytes,   14908712 total
: 132528K->14562K(153344K), 0.0559380 secs] 359770K->359732K(507264K), 0.0560030 secs] [Times: user=0.10 sys=0.00, real=0.06 secs] 
Heap after GC invocations=41 (full 32):
 par new generation   total 153344K, used 14562K [0x00000007dae00000, 0x00000007e5460000, 0x00000007e5460000)
  eden space 136320K,   0% used [0x00000007dae00000, 0x00000007dae00000, 0x00000007e3320000)
  from space 17024K,  85% used [0x00000007e3320000, 0x00000007e4158bb0, 0x00000007e43c0000)
  to   space 17024K,   0% used [0x00000007e43c0000, 0x00000007e43c0000, 0x00000007e5460000)
 concurrent mark-sweep generation total 353920K, used 345170K [0x00000007e5460000, 0x00000007fae00000, 0x00000007fae00000)
 concurrent-mark-sweep perm gen total 21248K, used 2871K [0x00000007fae00000, 0x00000007fc2c0000, 0x0000000800000000)
}
4.174: [GC [1 CMS-initial-mark: 345170K(353920K)] 393916K(507264K), 0.0002070 secs] [Times: user=0.00 sys=0.00, real=0.00 secs] 
4.174: [CMS-concurrent-mark-start]
4.184: [CMS-concurrent-mark: 0.010/0.010 secs] [Times: user=0.01 sys=0.00, real=0.01 secs] 
4.184: [CMS-concurrent-preclean-start]
4.185: [CMS-concurrent-preclean: 0.001/0.001 secs] [Times: user=0.01 sys=0.00, real=0.00 secs] 
4.185: [CMS-concurrent-abortable-preclean-start]
4.185: [CMS-concurrent-abortable-preclean: 0.000/0.000 secs] [Times: user=0.00 sys=0.00, real=0.00 secs] 
4.191: [GC[YG occupancy: 79832 K (153344 K)]4.192: [Rescan (parallel) , 0.0006300 secs]4.192: [weak refs processing, 0.0000080 secs]4.192: [scrub string table, 0.0000210 secs] [1 CMS-remark: 345170K(353920K)] 425002K(507264K), 0.0007370 secs] [Times: user=0.00 sys=0.00, real=0.00 secs] 
4.192: [CMS-concurrent-sweep-start]
4.193: [CMS-concurrent-sweep: 0.001/0.001 secs] [Times: user=0.01 sys=0.00, real=0.00 secs] 
4.193: [CMS-concurrent-reset-start]
4.196: [CMS-concurrent-reset: 0.003/0.003 secs] [Times: user=0.00 sys=0.00, real=0.01 secs] 
{Heap before GC invocations=41 (full 33):
 par new generation   total 153344K, used 143141K [0x00000007dae00000, 0x00000007e5460000, 0x00000007e5460000)
  eden space 136320K,  94% used [0x00000007dae00000, 0x00000007e2b90b90, 0x00000007e3320000)
  from space 17024K,  85% used [0x00000007e3320000, 0x00000007e4158bb0, 0x00000007e43c0000)
  to   space 17024K,   0% used [0x00000007e43c0000, 0x00000007e43c0000, 0x00000007e5460000)
 concurrent mark-sweep generation total 353920K, used 155289K [0x00000007e5460000, 0x00000007fae00000, 0x00000007fae00000)
 concurrent-mark-sweep perm gen total 21248K, used 2871K [0x00000007fae00000, 0x00000007fc2c0000, 0x0000000800000000)
4.226: [GC 4.226: [ParNew
Desired survivor size 8716288 bytes, new threshold 1 (max 6)
- age   1:   14908560 bytes,   14908560 total
: 143141K->14562K(153344K), 0.0571010 secs] 298431K->298401K(507264K), 0.0571680 secs] [Times: user=0.11 sys=0.00, real=0.05 secs] 
Heap after GC invocations=42 (full 33):
 par new generation   total 153344K, used 14562K [0x00000007dae00000, 0x00000007e5460000, 0x00000007e5460000)
  eden space 136320K,   0% used [0x00000007dae00000, 0x00000007dae00000, 0x00000007e3320000)
  from space 17024K,  85% used [0x00000007e43c0000, 0x00000007e51f8bb0, 0x00000007e5460000)
  to   space 17024K,   0% used [0x00000007e3320000, 0x00000007e3320000, 0x00000007e43c0000)
 concurrent mark-sweep generation total 353920K, used 283838K [0x00000007e5460000, 0x00000007fae00000, 0x00000007fae00000)
 concurrent-mark-sweep perm gen total 21248K, used 2871K [0x00000007fae00000, 0x00000007fc2c0000, 0x0000000800000000)
}
4.290: [GC [1 CMS-initial-mark: 283838K(353920K)] 314514K(507264K), 0.0002480 secs] [Times: user=0.00 sys=0.00, real=0.00 secs] 
4.291: [CMS-concurrent-mark-start]
4.300: [CMS-concurrent-mark: 0.009/0.009 secs] [Times: user=0.02 sys=0.00, real=0.01 secs] 
4.300: [CMS-concurrent-preclean-start]
4.301: [CMS-concurrent-preclean: 0.001/0.001 secs] [Times: user=0.00 sys=0.00, real=0.00 secs] 
4.301: [CMS-concurrent-abortable-preclean-start]
{Heap before GC invocations=42 (full 34):
 par new generation   total 153344K, used 139886K [0x00000007dae00000, 0x00000007e5460000, 0x00000007e5460000)
  eden space 136320K,  91% used [0x00000007dae00000, 0x00000007e2862de0, 0x00000007e3320000)
  from space 17024K,  85% used [0x00000007e43c0000, 0x00000007e51f8bb0, 0x00000007e5460000)
  to   space 17024K,   0% used [0x00000007e3320000, 0x00000007e3320000, 0x00000007e43c0000)
 concurrent mark-sweep generation total 353920K, used 283838K [0x00000007e5460000, 0x00000007fae00000, 0x00000007fae00000)
 concurrent-mark-sweep perm gen total 21248K, used 2871K [0x00000007fae00000, 0x00000007fc2c0000, 0x0000000800000000)
4.348: [GC 4.349: [ParNew: 139886K->139886K(153344K), 0.0000220 secs]4.349: [CMS4.349: [CMS-concurrent-abortable-preclean: 0.001/0.048 secs] [Times: user=0.09 sys=0.00, real=0.05 secs] 
 (concurrent mode failure): 283838K->240527K(353920K), 0.0913650 secs] 423724K->240527K(507264K), [CMS Perm : 2871K->2871K(21248K)], 0.0914700 secs] [Times: user=0.09 sys=0.00, real=0.09 secs] 
Heap after GC invocations=43 (full 35):
 par new generation   total 153344K, used 0K [0x00000007dae00000, 0x00000007e5460000, 0x00000007e5460000)
  eden space 136320K,   0% used [0x00000007dae00000, 0x00000007dae00000, 0x00000007e3320000)
  from space 17024K,   0% used [0x00000007e43c0000, 0x00000007e43c0000, 0x00000007e5460000)
  to   space 17024K,   0% used [0x00000007e3320000, 0x00000007e3320000, 0x00000007e43c0000)
 concurrent mark-sweep generation total 353920K, used 240527K [0x00000007e5460000, 0x00000007fae00000, 0x00000007fae00000)
 concurrent-mark-sweep perm gen total 21248K, used 2871K [0x00000007fae00000, 0x00000007fc2c0000, 0x0000000800000000)
}
{Heap before GC invocations=43 (full 35):
 par new generation   total 153344K, used 123822K [0x00000007dae00000, 0x00000007e5460000, 0x00000007e5460000)
  eden space 136320K,  90% used [0x00000007dae00000, 0x00000007e26ebb78, 0x00000007e3320000)
  from space 17024K,   0% used [0x00000007e43c0000, 0x00000007e43c0000, 0x00000007e5460000)
  to   space 17024K,   0% used [0x00000007e3320000, 0x00000007e3320000, 0x00000007e43c0000)
 concurrent mark-sweep generation total 353920K, used 240527K [0x00000007e5460000, 0x00000007fae00000, 0x00000007fae00000)
 concurrent-mark-sweep perm gen total 21248K, used 2871K [0x00000007fae00000, 0x00000007fc2c0000, 0x0000000800000000)
4.507: [GC 4.507: [ParNew: 123822K->123822K(153344K), 0.0000230 secs]4.507: [CMS: 240527K->169134K(353920K), 0.0733000 secs] 364350K->169134K(507264K), [CMS Perm : 2871K->2871K(21248K)], 0.0734150 secs] [Times: user=0.08 sys=0.00, real=0.07 secs] 
Heap after GC invocations=44 (full 36):
 par new generation   total 153344K, used 0K [0x00000007dae00000, 0x00000007e5460000, 0x00000007e5460000)
  eden space 136320K,   0% used [0x00000007dae00000, 0x00000007dae00000, 0x00000007e3320000)
  from space 17024K,   0% used [0x00000007e43c0000, 0x00000007e43c0000, 0x00000007e5460000)
  to   space 17024K,   0% used [0x00000007e3320000, 0x00000007e3320000, 0x00000007e43c0000)
 concurrent mark-sweep generation total 353920K, used 169134K [0x00000007e5460000, 0x00000007fae00000, 0x00000007fae00000)
 concurrent-mark-sweep perm gen total 21248K, used 2871K [0x00000007fae00000, 0x00000007fc2c0000, 0x0000000800000000)
}
{Heap before GC invocations=44 (full 36):
 par new generation   total 153344K, used 125003K [0x00000007dae00000, 0x00000007e5460000, 0x00000007e5460000)
  eden space 136320K,  91% used [0x00000007dae00000, 0x00000007e2812db8, 0x00000007e3320000)
  from space 17024K,   0% used [0x00000007e43c0000, 0x00000007e43c0000, 0x00000007e5460000)
  to   space 17024K,   0% used [0x00000007e3320000, 0x00000007e3320000, 0x00000007e43c0000)
 concurrent mark-sweep generation total 353920K, used 169134K [0x00000007e5460000, 0x00000007fae00000, 0x00000007fae00000)
 concurrent-mark-sweep perm gen total 21248K, used 2871K [0x00000007fae00000, 0x00000007fc2c0000, 0x0000000800000000)
4.643: [GC 4.643: [ParNew
Desired survivor size 8716288 bytes, new threshold 1 (max 6)
- age   1:   13582280 bytes,   13582280 total
: 125003K->13267K(153344K), 0.0511170 secs] 294138K->294138K(507264K), 0.0511780 secs] [Times: user=0.10 sys=0.01, real=0.06 secs] 
Heap after GC invocations=45 (full 36):
 par new generation   total 153344K, used 13267K [0x00000007dae00000, 0x00000007e5460000, 0x00000007e5460000)
  eden space 136320K,   0% used [0x00000007dae00000, 0x00000007dae00000, 0x00000007e3320000)
  from space 17024K,  77% used [0x00000007e3320000, 0x00000007e4014e90, 0x00000007e43c0000)
  to   space 17024K,   0% used [0x00000007e43c0000, 0x00000007e43c0000, 0x00000007e5460000)
 concurrent mark-sweep generation total 353920K, used 280870K [0x00000007e5460000, 0x00000007fae00000, 0x00000007fae00000)
 concurrent-mark-sweep perm gen total 21248K, used 2871K [0x00000007fae00000, 0x00000007fc2c0000, 0x0000000800000000)
}
4.722: [GC [1 CMS-initial-mark: 280870K(353920K)] 350795K(507264K), 0.0002240 secs] [Times: user=0.00 sys=0.00, real=0.00 secs] 
4.722: [CMS-concurrent-mark-start]
4.731: [CMS-concurrent-mark: 0.009/0.009 secs] [Times: user=0.01 sys=0.00, real=0.01 secs] 
4.731: [CMS-concurrent-preclean-start]
4.737: [CMS-concurrent-preclean: 0.006/0.006 secs] [Times: user=0.01 sys=0.00, real=0.01 secs] 
4.737: [CMS-concurrent-abortable-preclean-start]
4.737: [CMS-concurrent-abortable-preclean: 0.000/0.000 secs] [Times: user=0.00 sys=0.00, real=0.00 secs] 
4.762: [GC[YG occupancy: 144992 K (153344 K)]4.762: [Rescan (parallel) , 0.0006420 secs]4.763: [weak refs processing, 0.0000080 secs]4.763: [scrub string table, 0.0000210 secs] [1 CMS-remark: 280870K(353920K)] 425862K(507264K), 0.0007530 secs] [Times: user=0.00 sys=0.00, real=0.00 secs] 
4.763: [CMS-concurrent-sweep-start]
{Heap before GC invocations=45 (full 37):
 par new generation   total 153344K, used 144992K [0x00000007dae00000, 0x00000007e5460000, 0x00000007e5460000)
  eden space 136320K,  96% used [0x00000007dae00000, 0x00000007e2ea31d8, 0x00000007e3320000)
  from space 17024K,  77% used [0x00000007e3320000, 0x00000007e4014e90, 0x00000007e43c0000)
  to   space 17024K,   0% used [0x00000007e43c0000, 0x00000007e43c0000, 0x00000007e5460000)
 concurrent mark-sweep generation total 353920K, used 280870K [0x00000007e5460000, 0x00000007fae00000, 0x00000007fae00000)
 concurrent-mark-sweep perm gen total 21248K, used 2871K [0x00000007fae00000, 0x00000007fc2c0000, 0x0000000800000000)
4.763: [GC 4.763: [ParNew: 144992K->144992K(153344K), 0.0000120 secs]4.763: [CMS4.764: [CMS-concurrent-sweep: 0.001/0.001 secs] [Times: user=0.00 sys=0.00, real=0.01 secs] 
 (concurrent mode failure): 280870K->256921K(353920K), 0.1065830 secs] 425862K->256921K(507264K), [CMS Perm : 2871K->2871K(21248K)], 0.1066760 secs] [Times: user=0.11 sys=0.00, real=0.11 secs] 
Heap after GC invocations=46 (full 38):
 par new generation   total 153344K, used 0K [0x00000007dae00000, 0x00000007e5460000, 0x00000007e5460000)
  eden space 136320K,   0% used [0x00000007dae00000, 0x00000007dae00000, 0x00000007e3320000)
  from space 17024K,   0% used [0x00000007e3320000, 0x00000007e3320000, 0x00000007e43c0000)
  to   space 17024K,   0% used [0x00000007e43c0000, 0x00000007e43c0000, 0x00000007e5460000)
 concurrent mark-sweep generation total 353920K, used 256921K [0x00000007e5460000, 0x00000007fae00000, 0x00000007fae00000)
 concurrent-mark-sweep perm gen total 21248K, used 2871K [0x00000007fae00000, 0x00000007fc2c0000, 0x0000000800000000)
}
{Heap before GC invocations=46 (full 38):
 par new generation   total 153344K, used 126399K [0x00000007dae00000, 0x00000007e5460000, 0x00000007e5460000)
  eden space 136320K,  92% used [0x00000007dae00000, 0x00000007e296fe58, 0x00000007e3320000)
  from space 17024K,   0% used [0x00000007e3320000, 0x00000007e3320000, 0x00000007e43c0000)
  to   space 17024K,   0% used [0x00000007e43c0000, 0x00000007e43c0000, 0x00000007e5460000)
 concurrent mark-sweep generation total 353920K, used 256921K [0x00000007e5460000, 0x00000007fae00000, 0x00000007fae00000)
 concurrent-mark-sweep perm gen total 21248K, used 2871K [0x00000007fae00000, 0x00000007fc2c0000, 0x0000000800000000)
4.935: [GC 4.935: [ParNew: 126399K->126399K(153344K), 0.0000220 secs]4.935: [CMS: 256921K->180196K(353920K), 0.0774750 secs] 383320K->180196K(507264K), [CMS Perm : 2871K->2871K(21248K)], 0.0775880 secs] [Times: user=0.08 sys=0.00, real=0.07 secs] 
Heap after GC invocations=47 (full 39):
 par new generation   total 153344K, used 0K [0x00000007dae00000, 0x00000007e5460000, 0x00000007e5460000)
  eden space 136320K,   0% used [0x00000007dae00000, 0x00000007dae00000, 0x00000007e3320000)
  from space 17024K,   0% used [0x00000007e3320000, 0x00000007e3320000, 0x00000007e43c0000)
  to   space 17024K,   0% used [0x00000007e43c0000, 0x00000007e43c0000, 0x00000007e5460000)
 concurrent mark-sweep generation total 353920K, used 180196K [0x00000007e5460000, 0x00000007fae00000, 0x00000007fae00000)
 concurrent-mark-sweep perm gen total 21248K, used 2871K [0x00000007fae00000, 0x00000007fc2c0000, 0x0000000800000000)
}
{Heap before GC invocations=47 (full 39):
 par new generation   total 153344K, used 132608K [0x00000007dae00000, 0x00000007e5460000, 0x00000007e5460000)
  eden space 136320K,  97% used [0x00000007dae00000, 0x00000007e2f80278, 0x00000007e3320000)
  from space 17024K,   0% used [0x00000007e3320000, 0x00000007e3320000, 0x00000007e43c0000)
  to   space 17024K,   0% used [0x00000007e43c0000, 0x00000007e43c0000, 0x00000007e5460000)
 concurrent mark-sweep generation total 353920K, used 180196K [0x00000007e5460000, 0x00000007fae00000, 0x00000007fae00000)
 concurrent-mark-sweep perm gen total 21248K, used 2871K [0x00000007fae00000, 0x00000007fc2c0000, 0x0000000800000000)
5.079: [GC 5.079: [ParNew
Desired survivor size 8716288 bytes, new threshold 1 (max 6)
- age   1:   16478136 bytes,   16478136 total
: 132608K->16095K(153344K), 0.0542090 secs] 312805K->312805K(507264K), 0.0542750 secs] [Times: user=0.10 sys=0.00, real=0.06 secs] 
Heap after GC invocations=48 (full 39):
 par new generation   total 153344K, used 16095K [0x00000007dae00000, 0x00000007e5460000, 0x00000007e5460000)
  eden space 136320K,   0% used [0x00000007dae00000, 0x00000007dae00000, 0x00000007e3320000)
  from space 17024K,  94% used [0x00000007e43c0000, 0x00000007e5377e58, 0x00000007e5460000)
  to   space 17024K,   0% used [0x00000007e3320000, 0x00000007e3320000, 0x00000007e43c0000)
 concurrent mark-sweep generation total 353920K, used 296709K [0x00000007e5460000, 0x00000007fae00000, 0x00000007fae00000)
 concurrent-mark-sweep perm gen total 21248K, used 2871K [0x00000007fae00000, 0x00000007fc2c0000, 0x0000000800000000)
}
5.141: [GC [1 CMS-initial-mark: 296709K(353920K)] 329737K(507264K), 0.0003200 secs] [Times: user=0.00 sys=0.00, real=0.00 secs] 
5.142: [CMS-concurrent-mark-start]
5.151: [CMS-concurrent-mark: 0.009/0.009 secs] [Times: user=0.02 sys=0.00, real=0.01 secs] 
5.151: [CMS-concurrent-preclean-start]
5.152: [CMS-concurrent-preclean: 0.001/0.001 secs] [Times: user=0.00 sys=0.00, real=0.00 secs] 
5.152: [CMS-concurrent-abortable-preclean-start]
5.152: [CMS-concurrent-abortable-preclean: 0.000/0.000 secs] [Times: user=0.00 sys=0.00, real=0.00 secs] 
5.156: [GC[YG occupancy: 58671 K (153344 K)]5.156: [Rescan (parallel) , 0.0006540 secs]5.157: [weak refs processing, 0.0000090 secs]5.157: [scrub string table, 0.0000210 secs] [1 CMS-remark: 296709K(353920K)] 355381K(507264K), 0.0007770 secs] [Times: user=0.01 sys=0.00, real=0.00 secs] 
5.157: [CMS-concurrent-sweep-start]
5.158: [CMS-concurrent-sweep: 0.001/0.001 secs] [Times: user=0.00 sys=0.00, real=0.00 secs] 
5.158: [CMS-concurrent-reset-start]
5.161: [CMS-concurrent-reset: 0.003/0.003 secs] [Times: user=0.00 sys=0.00, real=0.00 secs] 
{Heap before GC invocations=48 (full 40):
 par new generation   total 153344K, used 133595K [0x00000007dae00000, 0x00000007e5460000, 0x00000007e5460000)
  eden space 136320K,  86% used [0x00000007dae00000, 0x00000007e20bef60, 0x00000007e3320000)
  from space 17024K,  94% used [0x00000007e43c0000, 0x00000007e5377e58, 0x00000007e5460000)
  to   space 17024K,   0% used [0x00000007e3320000, 0x00000007e3320000, 0x00000007e43c0000)
 concurrent mark-sweep generation total 353920K, used 164722K [0x00000007e5460000, 0x00000007fae00000, 0x00000007fae00000)
 concurrent-mark-sweep perm gen total 21248K, used 2871K [0x00000007fae00000, 0x00000007fc2c0000, 0x0000000800000000)
5.197: [GC 5.197: [ParNew
Desired survivor size 8716288 bytes, new threshold 1 (max 6)
- age   1:   15205112 bytes,   15205112 total
: 133595K->14852K(153344K), 0.0489580 secs] 298317K->282217K(507264K), 0.0490260 secs] [Times: user=0.10 sys=0.00, real=0.05 secs] 
Heap after GC invocations=49 (full 40):
 par new generation   total 153344K, used 14852K [0x00000007dae00000, 0x00000007e5460000, 0x00000007e5460000)
  eden space 136320K,   0% used [0x00000007dae00000, 0x00000007dae00000, 0x00000007e3320000)
  from space 17024K,  87% used [0x00000007e3320000, 0x00000007e41a11d8, 0x00000007e43c0000)
  to   space 17024K,   0% used [0x00000007e43c0000, 0x00000007e43c0000, 0x00000007e5460000)
 concurrent mark-sweep generation total 353920K, used 267365K [0x00000007e5460000, 0x00000007fae00000, 0x00000007fae00000)
 concurrent-mark-sweep perm gen total 21248K, used 2871K [0x00000007fae00000, 0x00000007fc2c0000, 0x0000000800000000)
}
5.265: [GC [1 CMS-initial-mark: 267365K(353920K)] 320955K(507264K), 0.0001830 secs] [Times: user=0.00 sys=0.00, real=0.00 secs] 
5.265: [CMS-concurrent-mark-start]
5.274: [CMS-concurrent-mark: 0.010/0.010 secs] [Times: user=0.02 sys=0.00, real=0.01 secs] 
5.275: [CMS-concurrent-preclean-start]
5.297: [CMS-concurrent-preclean: 0.023/0.023 secs] [Times: user=0.04 sys=0.00, real=0.02 secs] 
5.297: [CMS-concurrent-abortable-preclean-start]
5.297: [CMS-concurrent-abortable-preclean: 0.000/0.000 secs] [Times: user=0.00 sys=0.00, real=0.00 secs] 
5.310: [GC[YG occupancy: 137422 K (153344 K)]5.310: [Rescan (parallel) , 0.0006300 secs]5.311: [weak refs processing, 0.0000080 secs]5.311: [scrub string table, 0.0000210 secs] [1 CMS-remark: 267365K(353920K)] 404788K(507264K), 0.0007400 secs] [Times: user=0.00 sys=0.00, real=0.00 secs] 
5.311: [CMS-concurrent-sweep-start]
{Heap before GC invocations=49 (full 41):
 par new generation   total 153344K, used 137422K [0x00000007dae00000, 0x00000007e5460000, 0x00000007e5460000)
  eden space 136320K,  89% used [0x00000007dae00000, 0x00000007e25b2940, 0x00000007e3320000)
  from space 17024K,  87% used [0x00000007e3320000, 0x00000007e41a11d8, 0x00000007e43c0000)
  to   space 17024K,   0% used [0x00000007e43c0000, 0x00000007e43c0000, 0x00000007e5460000)
 concurrent mark-sweep generation total 353920K, used 267365K [0x00000007e5460000, 0x00000007fae00000, 0x00000007fae00000)
 concurrent-mark-sweep perm gen total 21248K, used 2871K [0x00000007fae00000, 0x00000007fc2c0000, 0x0000000800000000)
5.311: [GC 5.311: [ParNew: 137422K->137422K(153344K), 0.0000120 secs]5.311: [CMS5.311: [CMS-concurrent-sweep: 0.000/0.001 secs] [Times: user=0.00 sys=0.00, real=0.00 secs] 
 (concurrent mode failure): 267365K->224242K(353920K), 0.0869860 secs] 404788K->224242K(507264K), [CMS Perm : 2871K->2871K(21248K)], 0.0870770 secs] [Times: user=0.09 sys=0.00, real=0.09 secs] 
Heap after GC invocations=50 (full 42):
 par new generation   total 153344K, used 0K [0x00000007dae00000, 0x00000007e5460000, 0x00000007e5460000)
  eden space 136320K,   0% used [0x00000007dae00000, 0x00000007dae00000, 0x00000007e3320000)
  from space 17024K,   0% used [0x00000007e3320000, 0x00000007e3320000, 0x00000007e43c0000)
  to   space 17024K,   0% used [0x00000007e43c0000, 0x00000007e43c0000, 0x00000007e5460000)
 concurrent mark-sweep generation total 353920K, used 224242K [0x00000007e5460000, 0x00000007fae00000, 0x00000007fae00000)
 concurrent-mark-sweep perm gen total 21248K, used 2871K [0x00000007fae00000, 0x00000007fc2c0000, 0x0000000800000000)
}
{Heap before GC invocations=50 (full 42):
 par new generation   total 153344K, used 122358K [0x00000007dae00000, 0x00000007e5460000, 0x00000007e5460000)
  eden space 136320K,  89% used [0x00000007dae00000, 0x00000007e257dba0, 0x00000007e3320000)
  from space 17024K,   0% used [0x00000007e3320000, 0x00000007e3320000, 0x00000007e43c0000)
  to   space 17024K,   0% used [0x00000007e43c0000, 0x00000007e43c0000, 0x00000007e5460000)
 concurrent mark-sweep generation total 353920K, used 224242K [0x00000007e5460000, 0x00000007fae00000, 0x00000007fae00000)
 concurrent-mark-sweep perm gen total 21248K, used 2871K [0x00000007fae00000, 0x00000007fc2c0000, 0x0000000800000000)
5.459: [GC 5.460: [ParNew
Desired survivor size 8716288 bytes, new threshold 1 (max 6)
- age   1:   12391360 bytes,   12391360 total
: 122358K->12104K(153344K), 0.0518700 secs] 346601K->346601K(507264K), 0.0519370 secs] [Times: user=0.09 sys=0.01, real=0.05 secs] 
Heap after GC invocations=51 (full 42):
 par new generation   total 153344K, used 12104K [0x00000007dae00000, 0x00000007e5460000, 0x00000007e5460000)
  eden space 136320K,   0% used [0x00000007dae00000, 0x00000007dae00000, 0x00000007e3320000)
  from space 17024K,  71% used [0x00000007e43c0000, 0x00000007e4f92260, 0x00000007e5460000)
  to   space 17024K,   0% used [0x00000007e3320000, 0x00000007e3320000, 0x00000007e43c0000)
 concurrent mark-sweep generation total 353920K, used 334496K [0x00000007e5460000, 0x00000007fae00000, 0x00000007fae00000)
 concurrent-mark-sweep perm gen total 21248K, used 2871K [0x00000007fae00000, 0x00000007fc2c0000, 0x0000000800000000)
}
5.525: [GC [1 CMS-initial-mark: 334496K(353920K)] 376612K(507264K), 0.0003100 secs] [Times: user=0.00 sys=0.00, real=0.00 secs] 
5.527: [CMS-concurrent-mark-start]
5.538: [CMS-concurrent-mark: 0.011/0.011 secs] [Times: user=0.02 sys=0.00, real=0.01 secs] 
5.538: [CMS-concurrent-preclean-start]
5.539: [CMS-concurrent-preclean: 0.001/0.001 secs] [Times: user=0.00 sys=0.00, real=0.00 secs] 
5.539: [CMS-concurrent-abortable-preclean-start]
5.539: [CMS-concurrent-abortable-preclean: 0.000/0.000 secs] [Times: user=0.00 sys=0.00, real=0.00 secs] 
5.544: [GC[YG occupancy: 74197 K (153344 K)]5.544: [Rescan (parallel) , 0.0006280 secs]5.545: [weak refs processing, 0.0000080 secs]5.545: [scrub string table, 0.0000210 secs] [1 CMS-remark: 334496K(353920K)] 408694K(507264K), 0.0007320 secs] [Times: user=0.01 sys=0.00, real=0.00 secs] 
5.545: [CMS-concurrent-sweep-start]
5.546: [CMS-concurrent-sweep: 0.001/0.001 secs] [Times: user=0.00 sys=0.00, real=0.00 secs] 
5.546: [CMS-concurrent-reset-start]
5.548: [CMS-concurrent-reset: 0.003/0.003 secs] [Times: user=0.00 sys=0.00, real=0.00 secs] 
{Heap before GC invocations=51 (full 43):
 par new generation   total 153344K, used 147890K [0x00000007dae00000, 0x00000007e5460000, 0x00000007e5460000)
  eden space 136320K,  99% used [0x00000007dae00000, 0x00000007e329a7b0, 0x00000007e3320000)
  from space 17024K,  71% used [0x00000007e43c0000, 0x00000007e4f92260, 0x00000007e5460000)
  to   space 17024K,   0% used [0x00000007e3320000, 0x00000007e3320000, 0x00000007e43c0000)
 concurrent mark-sweep generation total 353920K, used 130934K [0x00000007e5460000, 0x00000007fae00000, 0x00000007fae00000)
 concurrent-mark-sweep perm gen total 21248K, used 2871K [0x00000007fae00000, 0x00000007fc2c0000, 0x0000000800000000)
5.584: [GC 5.584: [ParNew
Desired survivor size 8716288 bytes, new threshold 1 (max 6)
- age   1:   11654760 bytes,   11654760 total
: 147890K->11385K(153344K), 0.0560900 secs] 278824K->266716K(507264K), 0.0561530 secs] [Times: user=0.11 sys=0.00, real=0.05 secs] 
Heap after GC invocations=52 (full 43):
 par new generation   total 153344K, used 11385K [0x00000007dae00000, 0x00000007e5460000, 0x00000007e5460000)
  eden space 136320K,   0% used [0x00000007dae00000, 0x00000007dae00000, 0x00000007e3320000)
  from space 17024K,  66% used [0x00000007e3320000, 0x00000007e3e3e4e0, 0x00000007e43c0000)
  to   space 17024K,   0% used [0x00000007e43c0000, 0x00000007e43c0000, 0x00000007e5460000)
 concurrent mark-sweep generation total 353920K, used 255330K [0x00000007e5460000, 0x00000007fae00000, 0x00000007fae00000)
 concurrent-mark-sweep perm gen total 21248K, used 2871K [0x00000007fae00000, 0x00000007fc2c0000, 0x0000000800000000)
}
5.667: [GC [1 CMS-initial-mark: 255330K(353920K)] 319386K(507264K), 0.0002580 secs] [Times: user=0.00 sys=0.00, real=0.00 secs] 
5.667: [CMS-concurrent-mark-start]
5.676: [CMS-concurrent-mark: 0.009/0.009 secs] [Times: user=0.02 sys=0.00, real=0.01 secs] 
5.676: [CMS-concurrent-preclean-start]
5.677: [CMS-concurrent-preclean: 0.001/0.001 secs] [Times: user=0.00 sys=0.00, real=0.00 secs] 
5.677: [CMS-concurrent-abortable-preclean-start]
5.677: [CMS-concurrent-abortable-preclean: 0.000/0.000 secs] [Times: user=0.00 sys=0.00, real=0.00 secs] 
5.703: [GC[YG occupancy: 131718 K (153344 K)]5.703: [Rescan (parallel) , 0.0006180 secs]5.704: [weak refs processing, 0.0000100 secs]5.704: [scrub string table, 0.0000210 secs] [1 CMS-remark: 255330K(353920K)] 387049K(507264K), 0.0007290 secs] [Times: user=0.00 sys=0.00, real=0.01 secs] 
5.704: [CMS-concurrent-sweep-start]
5.704: [CMS-concurrent-sweep: 0.001/0.001 secs] [Times: user=0.00 sys=0.00, real=0.00 secs] 
5.704: [CMS-concurrent-reset-start]
5.706: [CMS-concurrent-reset: 0.001/0.001 secs] [Times: user=0.00 sys=0.00, real=0.00 secs] 
{Heap before GC invocations=52 (full 44):
 par new generation   total 153344K, used 147679K [0x00000007dae00000, 0x00000007e5460000, 0x00000007e5460000)
  eden space 136320K,  99% used [0x00000007dae00000, 0x00000007e3319960, 0x00000007e3320000)
  from space 17024K,  66% used [0x00000007e3320000, 0x00000007e3e3e4e0, 0x00000007e43c0000)
  to   space 17024K,   0% used [0x00000007e43c0000, 0x00000007e43c0000, 0x00000007e5460000)
 concurrent mark-sweep generation total 353920K, used 72843K [0x00000007e5460000, 0x00000007fae00000, 0x00000007fae00000)
 concurrent-mark-sweep perm gen total 21248K, used 2871K [0x00000007fae00000, 0x00000007fc2c0000, 0x0000000800000000)
5.717: [GC 5.717: [ParNew
Desired survivor size 8716288 bytes, new threshold 1 (max 6)
- age   1:   16344504 bytes,   16344504 total
: 147679K->15965K(153344K), 0.0625810 secs] 220523K->220515K(507264K), 0.0626560 secs] [Times: user=0.11 sys=0.00, real=0.06 secs] 
Heap after GC invocations=53 (full 44):
 par new generation   total 153344K, used 15965K [0x00000007dae00000, 0x00000007e5460000, 0x00000007e5460000)
  eden space 136320K,   0% used [0x00000007dae00000, 0x00000007dae00000, 0x00000007e3320000)
  from space 17024K,  93% used [0x00000007e43c0000, 0x00000007e5357458, 0x00000007e5460000)
  to   space 17024K,   0% used [0x00000007e3320000, 0x00000007e3320000, 0x00000007e43c0000)
 concurrent mark-sweep generation total 353920K, used 204550K [0x00000007e5460000, 0x00000007fae00000, 0x00000007fae00000)
 concurrent-mark-sweep perm gen total 21248K, used 2871K [0x00000007fae00000, 0x00000007fc2c0000, 0x0000000800000000)
}
5.799: [GC [1 CMS-initial-mark: 204550K(353920K)] 258778K(507264K), 0.0002000 secs] [Times: user=0.00 sys=0.00, real=0.00 secs] 
5.799: [CMS-concurrent-mark-start]
5.809: [CMS-concurrent-mark: 0.009/0.009 secs] [Times: user=0.02 sys=0.00, real=0.01 secs] 
5.809: [CMS-concurrent-preclean-start]
5.809: [CMS-concurrent-preclean: 0.001/0.001 secs] [Times: user=0.00 sys=0.00, real=0.00 secs] 
5.809: [CMS-concurrent-abortable-preclean-start]
{Heap before GC invocations=53 (full 45):
 par new generation   total 153344K, used 144991K [0x00000007dae00000, 0x00000007e5460000, 0x00000007e5460000)
  eden space 136320K,  94% used [0x00000007dae00000, 0x00000007e2c00b98, 0x00000007e3320000)
  from space 17024K,  93% used [0x00000007e43c0000, 0x00000007e5357458, 0x00000007e5460000)
  to   space 17024K,   0% used [0x00000007e3320000, 0x00000007e3320000, 0x00000007e43c0000)
 concurrent mark-sweep generation total 353920K, used 204550K [0x00000007e5460000, 0x00000007fae00000, 0x00000007fae00000)
 concurrent-mark-sweep perm gen total 21248K, used 2871K [0x00000007fae00000, 0x00000007fc2c0000, 0x0000000800000000)
5.852: [GC 5.852: [ParNew (promotion failed)
Desired survivor size 8716288 bytes, new threshold 1 (max 6)
- age   1:   14795368 bytes,   14795368 total
: 144991K->143479K(153344K), 0.0562970 secs]5.908: [CMS5.908: [CMS-concurrent-abortable-preclean: 0.001/0.099 secs] [Times: user=0.17 sys=0.01, real=0.10 secs] 
 (concurrent mode failure): 319120K->145273K(353920K), 0.0197870 secs] 349542K->145273K(507264K), [CMS Perm : 2871K->2871K(21248K)], 0.0762300 secs] [Times: user=0.12 sys=0.00, real=0.08 secs] 
Heap after GC invocations=54 (full 46):
 par new generation   total 153344K, used 0K [0x00000007dae00000, 0x00000007e5460000, 0x00000007e5460000)
  eden space 136320K,   0% used [0x00000007dae00000, 0x00000007dae00000, 0x00000007e3320000)
  from space 17024K,   0% used [0x00000007e3320000, 0x00000007e3320000, 0x00000007e43c0000)
  to   space 17024K,   0% used [0x00000007e43c0000, 0x00000007e43c0000, 0x00000007e5460000)
 concurrent mark-sweep generation total 353920K, used 145273K [0x00000007e5460000, 0x00000007fae00000, 0x00000007fae00000)
 concurrent-mark-sweep perm gen total 21248K, used 2871K [0x00000007fae00000, 0x00000007fc2c0000, 0x0000000800000000)
}
{Heap before GC invocations=54 (full 46):
 par new generation   total 153344K, used 133799K [0x00000007dae00000, 0x00000007e5460000, 0x00000007e5460000)
  eden space 136320K,  98% used [0x00000007dae00000, 0x00000007e30a9df8, 0x00000007e3320000)
  from space 17024K,   0% used [0x00000007e3320000, 0x00000007e3320000, 0x00000007e43c0000)
  to   space 17024K,   0% used [0x00000007e43c0000, 0x00000007e43c0000, 0x00000007e5460000)
 concurrent mark-sweep generation total 353920K, used 145273K [0x00000007e5460000, 0x00000007fae00000, 0x00000007fae00000)
 concurrent-mark-sweep perm gen total 21248K, used 2871K [0x00000007fae00000, 0x00000007fc2c0000, 0x0000000800000000)
5.998: [GC 5.998: [ParNew
Desired survivor size 8716288 bytes, new threshold 1 (max 6)
- age   1:   15910848 bytes,   15910848 total
: 133799K->15541K(153344K), 0.0572170 secs] 279073K->279073K(507264K), 0.0572850 secs] [Times: user=0.11 sys=0.00, real=0.06 secs] 
Heap after GC invocations=55 (full 46):
 par new generation   total 153344K, used 15541K [0x00000007dae00000, 0x00000007e5460000, 0x00000007e5460000)
  eden space 136320K,   0% used [0x00000007dae00000, 0x00000007dae00000, 0x00000007e3320000)
  from space 17024K,  91% used [0x00000007e43c0000, 0x00000007e52ed6a0, 0x00000007e5460000)
  to   space 17024K,   0% used [0x00000007e3320000, 0x00000007e3320000, 0x00000007e43c0000)
 concurrent mark-sweep generation total 353920K, used 263531K [0x00000007e5460000, 0x00000007fae00000, 0x00000007fae00000)
 concurrent-mark-sweep perm gen total 21248K, used 2871K [0x00000007fae00000, 0x00000007fc2c0000, 0x0000000800000000)
}
6.079: [GC [1 CMS-initial-mark: 263531K(353920K)] 327626K(507264K), 0.0002000 secs] [Times: user=0.00 sys=0.00, real=0.00 secs] 
6.079: [CMS-concurrent-mark-start]
6.090: [CMS-concurrent-mark: 0.011/0.011 secs] [Times: user=0.02 sys=0.00, real=0.01 secs] 
6.090: [CMS-concurrent-preclean-start]
6.091: [CMS-concurrent-preclean: 0.001/0.001 secs] [Times: user=0.00 sys=0.00, real=0.00 secs] 
6.091: [CMS-concurrent-abortable-preclean-start]
6.091: [CMS-concurrent-abortable-preclean: 0.000/0.000 secs] [Times: user=0.00 sys=0.00, real=0.00 secs] 
6.118: [GC[YG occupancy: 134791 K (153344 K)]6.118: [Rescan (parallel) , 0.0006180 secs]6.118: [weak refs processing, 0.0000080 secs]6.118: [scrub string table, 0.0000210 secs] [1 CMS-remark: 263531K(353920K)] 398322K(507264K), 0.0007280 secs] [Times: user=0.00 sys=0.00, real=0.00 secs] 
6.119: [CMS-concurrent-sweep-start]
{Heap before GC invocations=55 (full 47):
 par new generation   total 153344K, used 134791K [0x00000007dae00000, 0x00000007e5460000, 0x00000007e5460000)
  eden space 136320K,  87% used [0x00000007dae00000, 0x00000007e22745d8, 0x00000007e3320000)
  from space 17024K,  91% used [0x00000007e43c0000, 0x00000007e52ed6a0, 0x00000007e5460000)
  to   space 17024K,   0% used [0x00000007e3320000, 0x00000007e3320000, 0x00000007e43c0000)
 concurrent mark-sweep generation total 353920K, used 263531K [0x00000007e5460000, 0x00000007fae00000, 0x00000007fae00000)
 concurrent-mark-sweep perm gen total 21248K, used 2871K [0x00000007fae00000, 0x00000007fc2c0000, 0x0000000800000000)
6.119: [GC 6.119: [ParNew: 134791K->134791K(153344K), 0.0000120 secs]6.119: [CMS6.119: [CMS-concurrent-sweep: 0.000/0.001 secs] [Times: user=0.00 sys=0.00, real=0.00 secs] 
 (concurrent mode failure): 263531K->237812K(353920K), 0.0819140 secs] 398322K->237812K(507264K), [CMS Perm : 2871K->2871K(21248K)], 0.0820080 secs] [Times: user=0.08 sys=0.00, real=0.08 secs] 
Heap after GC invocations=56 (full 48):
 par new generation   total 153344K, used 0K [0x00000007dae00000, 0x00000007e5460000, 0x00000007e5460000)
  eden space 136320K,   0% used [0x00000007dae00000, 0x00000007dae00000, 0x00000007e3320000)
  from space 17024K,   0% used [0x00000007e43c0000, 0x00000007e43c0000, 0x00000007e5460000)
  to   space 17024K,   0% used [0x00000007e3320000, 0x00000007e3320000, 0x00000007e43c0000)
 concurrent mark-sweep generation total 353920K, used 237812K [0x00000007e5460000, 0x00000007fae00000, 0x00000007fae00000)
 concurrent-mark-sweep perm gen total 21248K, used 2871K [0x00000007fae00000, 0x00000007fc2c0000, 0x0000000800000000)
}
{Heap before GC invocations=56 (full 48):
 par new generation   total 153344K, used 130165K [0x00000007dae00000, 0x00000007e5460000, 0x00000007e5460000)
  eden space 136320K,  95% used [0x00000007dae00000, 0x00000007e2d1d408, 0x00000007e3320000)
  from space 17024K,   0% used [0x00000007e43c0000, 0x00000007e43c0000, 0x00000007e5460000)
  to   space 17024K,   0% used [0x00000007e3320000, 0x00000007e3320000, 0x00000007e43c0000)
 concurrent mark-sweep generation total 353920K, used 237812K [0x00000007e5460000, 0x00000007fae00000, 0x00000007fae00000)
 concurrent-mark-sweep perm gen total 21248K, used 2871K [0x00000007fae00000, 0x00000007fc2c0000, 0x0000000800000000)
6.267: [GC 6.267: [ParNew
Desired survivor size 8716288 bytes, new threshold 1 (max 6)
- age   1:   16177024 bytes,   16177024 total
: 130165K->15801K(153344K), 0.0811250 secs] 367977K->367975K(507264K), 0.0811930 secs] [Times: user=0.10 sys=0.00, real=0.08 secs] 
Heap after GC invocations=57 (full 48):
 par new generation   total 153344K, used 15801K [0x00000007dae00000, 0x00000007e5460000, 0x00000007e5460000)
  eden space 136320K,   0% used [0x00000007dae00000, 0x00000007dae00000, 0x00000007e3320000)
  from space 17024K,  92% used [0x00000007e3320000, 0x00000007e428e688, 0x00000007e43c0000)
  to   space 17024K,   0% used [0x00000007e43c0000, 0x00000007e43c0000, 0x00000007e5460000)
 concurrent mark-sweep generation total 353920K, used 352174K [0x00000007e5460000, 0x00000007fae00000, 0x00000007fae00000)
 concurrent-mark-sweep perm gen total 21248K, used 2871K [0x00000007fae00000, 0x00000007fc2c0000, 0x0000000800000000)
}
6.354: [GC [1 CMS-initial-mark: 352174K(353920K)] 379945K(507264K), 0.0001680 secs] [Times: user=0.00 sys=0.00, real=0.00 secs] 
6.354: [CMS-concurrent-mark-start]
6.363: [CMS-concurrent-mark: 0.009/0.009 secs] [Times: user=0.01 sys=0.00, real=0.00 secs] 
6.363: [CMS-concurrent-preclean-start]
6.364: [CMS-concurrent-preclean: 0.001/0.001 secs] [Times: user=0.00 sys=0.00, real=0.01 secs] 
6.364: [CMS-concurrent-abortable-preclean-start]
6.364: [CMS-concurrent-abortable-preclean: 0.000/0.000 secs] [Times: user=0.00 sys=0.00, real=0.00 secs] 
6.364: [GC[YG occupancy: 39127 K (153344 K)]6.364: [Rescan (parallel) , 0.0010010 secs]6.365: [weak refs processing, 0.0000040 secs]6.365: [scrub string table, 0.0000200 secs] [1 CMS-remark: 352174K(353920K)] 391302K(507264K), 0.0010750 secs] [Times: user=0.00 sys=0.00, real=0.00 secs] 
6.366: [CMS-concurrent-sweep-start]
6.367: [CMS-concurrent-sweep: 0.001/0.001 secs] [Times: user=0.00 sys=0.00, real=0.00 secs] 
6.367: [CMS-concurrent-reset-start]
6.373: [CMS-concurrent-reset: 0.006/0.006 secs] [Times: user=0.01 sys=0.00, real=0.00 secs] 
{Heap before GC invocations=57 (full 49):
 par new generation   total 153344K, used 138169K [0x00000007dae00000, 0x00000007e5460000, 0x00000007e5460000)
  eden space 136320K,  89% used [0x00000007dae00000, 0x00000007e2580058, 0x00000007e3320000)
  from space 17024K,  92% used [0x00000007e3320000, 0x00000007e428e688, 0x00000007e43c0000)
  to   space 17024K,   0% used [0x00000007e43c0000, 0x00000007e43c0000, 0x00000007e5460000)
 concurrent mark-sweep generation total 353920K, used 185519K [0x00000007e5460000, 0x00000007fae00000, 0x00000007fae00000)
 concurrent-mark-sweep perm gen total 21248K, used 2871K [0x00000007fae00000, 0x00000007fc2c0000, 0x0000000800000000)
6.420: [GC 6.420: [ParNew
Desired survivor size 8716288 bytes, new threshold 1 (max 6)
- age   1:   17040840 bytes,   17040840 total
: 138169K->16645K(153344K), 0.0760130 secs] 323689K->323683K(507264K), 0.0760860 secs] [Times: user=0.10 sys=0.00, real=0.08 secs] 
Heap after GC invocations=58 (full 49):
 par new generation   total 153344K, used 16645K [0x00000007dae00000, 0x00000007e5460000, 0x00000007e5460000)
  eden space 136320K,   0% used [0x00000007dae00000, 0x00000007dae00000, 0x00000007e3320000)
  from space 17024K,  97% used [0x00000007e43c0000, 0x00000007e5401448, 0x00000007e5460000)
  to   space 17024K,   0% used [0x00000007e3320000, 0x00000007e3320000, 0x00000007e43c0000)
 concurrent mark-sweep generation total 353920K, used 307038K [0x00000007e5460000, 0x00000007fae00000, 0x00000007fae00000)
 concurrent-mark-sweep perm gen total 21248K, used 2871K [0x00000007fae00000, 0x00000007fc2c0000, 0x0000000800000000)
}
6.504: [GC [1 CMS-initial-mark: 307038K(353920K)] 340324K(507264K), 0.0001780 secs] [Times: user=0.00 sys=0.00, real=0.00 secs] 
6.506: [CMS-concurrent-mark-start]
6.519: [CMS-concurrent-mark: 0.013/0.013 secs] [Times: user=0.02 sys=0.00, real=0.01 secs] 
6.519: [CMS-concurrent-preclean-start]
6.520: [CMS-concurrent-preclean: 0.001/0.001 secs] [Times: user=0.01 sys=0.00, real=0.00 secs] 
6.520: [CMS-concurrent-abortable-preclean-start]
6.520: [CMS-concurrent-abortable-preclean: 0.000/0.000 secs] [Times: user=0.00 sys=0.00, real=0.00 secs] 
6.545: [GC[YG occupancy: 108022 K (153344 K)]6.545: [Rescan (parallel) , 0.0011420 secs]6.547: [weak refs processing, 0.0000080 secs]6.547: [scrub string table, 0.0000220 secs] [1 CMS-remark: 307038K(353920K)] 415060K(507264K), 0.0012520 secs] [Times: user=0.00 sys=0.00, real=0.00 secs] 
6.547: [CMS-concurrent-sweep-start]
6.547: [CMS-concurrent-sweep: 0.000/0.000 secs] [Times: user=0.00 sys=0.00, real=0.00 secs] 
6.547: [CMS-concurrent-reset-start]
6.549: [CMS-concurrent-reset: 0.001/0.001 secs] [Times: user=0.00 sys=0.00, real=0.00 secs] 
{Heap before GC invocations=58 (full 50):
 par new generation   total 153344K, used 146102K [0x00000007dae00000, 0x00000007e5460000, 0x00000007e5460000)
  eden space 136320K,  94% used [0x00000007dae00000, 0x00000007e2c6c7b0, 0x00000007e3320000)
  from space 17024K,  97% used [0x00000007e43c0000, 0x00000007e5401448, 0x00000007e5460000)
  to   space 17024K,   0% used [0x00000007e3320000, 0x00000007e3320000, 0x00000007e43c0000)
 concurrent mark-sweep generation total 353920K, used 167199K [0x00000007e5460000, 0x00000007fae00000, 0x00000007fae00000)
 concurrent-mark-sweep perm gen total 21248K, used 2871K [0x00000007fae00000, 0x00000007fc2c0000, 0x0000000800000000)
6.572: [GC 6.572: [ParNew
Desired survivor size 8716288 bytes, new threshold 1 (max 6)
- age   1:   16350056 bytes,   16350056 total
: 146102K->15970K(153344K), 0.0668830 secs] 313302K->313294K(507264K), 0.0669600 secs] [Times: user=0.10 sys=0.01, real=0.07 secs] 
Heap after GC invocations=59 (full 50):
 par new generation   total 153344K, used 15970K [0x00000007dae00000, 0x00000007e5460000, 0x00000007e5460000)
  eden space 136320K,   0% used [0x00000007dae00000, 0x00000007dae00000, 0x00000007e3320000)
  from space 17024K,  93% used [0x00000007e3320000, 0x00000007e42b89d0, 0x00000007e43c0000)
  to   space 17024K,   0% used [0x00000007e43c0000, 0x00000007e43c0000, 0x00000007e5460000)
 concurrent mark-sweep generation total 353920K, used 297324K [0x00000007e5460000, 0x00000007fae00000, 0x00000007fae00000)
 concurrent-mark-sweep perm gen total 21248K, used 2871K [0x00000007fae00000, 0x00000007fc2c0000, 0x0000000800000000)
}
6.661: [GC [1 CMS-initial-mark: 297324K(353920K)] 357397K(507264K), 0.0001920 secs] [Times: user=0.00 sys=0.00, real=0.00 secs] 
6.661: [CMS-concurrent-mark-start]
6.671: [CMS-concurrent-mark: 0.010/0.010 secs] [Times: user=0.02 sys=0.00, real=0.01 secs] 
6.671: [CMS-concurrent-preclean-start]
6.672: [CMS-concurrent-preclean: 0.001/0.001 secs] [Times: user=0.00 sys=0.00, real=0.00 secs] 
6.672: [CMS-concurrent-abortable-preclean-start]
6.672: [CMS-concurrent-abortable-preclean: 0.000/0.000 secs] [Times: user=0.00 sys=0.00, real=0.00 secs] 
6.676: [GC[YG occupancy: 85100 K (153344 K)]6.676: [Rescan (parallel) , 0.0012830 secs]6.677: [weak refs processing, 0.0000090 secs]6.678: [scrub string table, 0.0000210 secs] [1 CMS-remark: 297324K(353920K)] 382424K(507264K), 0.0014100 secs] [Times: user=0.00 sys=0.00, real=0.00 secs] 
6.678: [CMS-concurrent-sweep-start]
6.678: [CMS-concurrent-sweep: 0.001/0.001 secs] [Times: user=0.00 sys=0.00, real=0.00 secs] 
6.678: [CMS-concurrent-reset-start]
6.681: [CMS-concurrent-reset: 0.003/0.003 secs] [Times: user=0.01 sys=0.00, real=0.00 secs] 
{Heap before GC invocations=59 (full 51):
 par new generation   total 153344K, used 145632K [0x00000007dae00000, 0x00000007e5460000, 0x00000007e5460000)
  eden space 136320K,  95% used [0x00000007dae00000, 0x00000007e2c9f7b8, 0x00000007e3320000)
  from space 17024K,  93% used [0x00000007e3320000, 0x00000007e42b89d0, 0x00000007e43c0000)
  to   space 17024K,   0% used [0x00000007e43c0000, 0x00000007e43c0000, 0x00000007e5460000)
 concurrent mark-sweep generation total 353920K, used 161497K [0x00000007e5460000, 0x00000007fae00000, 0x00000007fae00000)
 concurrent-mark-sweep perm gen total 21248K, used 2871K [0x00000007fae00000, 0x00000007fc2c0000, 0x0000000800000000)
6.711: [GC 6.711: [ParNew
Desired survivor size 8716288 bytes, new threshold 1 (max 6)
- age   1:   10838560 bytes,   10838560 total
: 145632K->10588K(153344K), 0.0548640 secs] 307129K->291154K(507264K), 0.0549320 secs] [Times: user=0.11 sys=0.00, real=0.06 secs] 
Heap after GC invocations=60 (full 51):
 par new generation   total 153344K, used 10588K [0x00000007dae00000, 0x00000007e5460000, 0x00000007e5460000)
  eden space 136320K,   0% used [0x00000007dae00000, 0x00000007dae00000, 0x00000007e3320000)
  from space 17024K,  62% used [0x00000007e43c0000, 0x00000007e4e170d8, 0x00000007e5460000)
  to   space 17024K,   0% used [0x00000007e3320000, 0x00000007e3320000, 0x00000007e43c0000)
 concurrent mark-sweep generation total 353920K, used 280566K [0x00000007e5460000, 0x00000007fae00000, 0x00000007fae00000)
 concurrent-mark-sweep perm gen total 21248K, used 2871K [0x00000007fae00000, 0x00000007fc2c0000, 0x0000000800000000)
}
6.784: [GC [1 CMS-initial-mark: 280566K(353920K)] 326717K(507264K), 0.0002810 secs] [Times: user=0.00 sys=0.00, real=0.00 secs] 
6.785: [CMS-concurrent-mark-start]
6.794: [CMS-concurrent-mark: 0.009/0.009 secs] [Times: user=0.02 sys=0.00, real=0.01 secs] 
6.794: [CMS-concurrent-preclean-start]
6.794: [CMS-concurrent-preclean: 0.001/0.001 secs] [Times: user=0.00 sys=0.00, real=0.00 secs] 
6.794: [CMS-concurrent-abortable-preclean-start]
6.794: [CMS-concurrent-abortable-preclean: 0.000/0.000 secs] [Times: user=0.00 sys=0.00, real=0.00 secs] 
6.804: [GC[YG occupancy: 78576 K (153344 K)]6.804: [Rescan (parallel) , 0.0006220 secs]6.805: [weak refs processing, 0.0000070 secs]6.805: [scrub string table, 0.0000200 secs] [1 CMS-remark: 280566K(353920K)] 359143K(507264K), 0.0007210 secs] [Times: user=0.00 sys=0.00, real=0.00 secs] 
6.805: [CMS-concurrent-sweep-start]
6.806: [CMS-concurrent-sweep: 0.001/0.001 secs] [Times: user=0.01 sys=0.00, real=0.00 secs] 
6.806: [CMS-concurrent-reset-start]
6.808: [CMS-concurrent-reset: 0.003/0.003 secs] [Times: user=0.00 sys=0.00, real=0.00 secs] 
{Heap before GC invocations=60 (full 52):
 par new generation   total 153344K, used 139778K [0x00000007dae00000, 0x00000007e5460000, 0x00000007e5460000)
  eden space 136320K,  94% used [0x00000007dae00000, 0x00000007e2c29ae0, 0x00000007e3320000)
  from space 17024K,  62% used [0x00000007e43c0000, 0x00000007e4e170d8, 0x00000007e5460000)
  to   space 17024K,   0% used [0x00000007e3320000, 0x00000007e3320000, 0x00000007e43c0000)
 concurrent mark-sweep generation total 353920K, used 138374K [0x00000007e5460000, 0x00000007fae00000, 0x00000007fae00000)
 concurrent-mark-sweep perm gen total 21248K, used 2871K [0x00000007fae00000, 0x00000007fc2c0000, 0x0000000800000000)
6.839: [GC 6.839: [ParNew
Desired survivor size 8716288 bytes, new threshold 1 (max 6)
- age   1:   15768712 bytes,   15768712 total
: 139778K->15402K(153344K), 0.0554660 secs] 278153K->267561K(507264K), 0.0555420 secs] [Times: user=0.10 sys=0.00, real=0.06 secs] 
Heap after GC invocations=61 (full 52):
 par new generation   total 153344K, used 15402K [0x00000007dae00000, 0x00000007e5460000, 0x00000007e5460000)
  eden space 136320K,   0% used [0x00000007dae00000, 0x00000007dae00000, 0x00000007e3320000)
  from space 17024K,  90% used [0x00000007e3320000, 0x00000007e422ab58, 0x00000007e43c0000)
  to   space 17024K,   0% used [0x00000007e43c0000, 0x00000007e43c0000, 0x00000007e5460000)
 concurrent mark-sweep generation total 353920K, used 252158K [0x00000007e5460000, 0x00000007fae00000, 0x00000007fae00000)
 concurrent-mark-sweep perm gen total 21248K, used 2871K [0x00000007fae00000, 0x00000007fc2c0000, 0x0000000800000000)
}
6.903: [GC [1 CMS-initial-mark: 252158K(353920K)] 284588K(507264K), 0.0002590 secs] [Times: user=0.00 sys=0.00, real=0.00 secs] 
6.903: [CMS-concurrent-mark-start]
6.912: [CMS-concurrent-mark: 0.009/0.009 secs] [Times: user=0.01 sys=0.00, real=0.01 secs] 
6.912: [CMS-concurrent-preclean-start]
6.913: [CMS-concurrent-preclean: 0.001/0.001 secs] [Times: user=0.00 sys=0.00, real=0.00 secs] 
6.913: [CMS-concurrent-abortable-preclean-start]
{Heap before GC invocations=61 (full 53):
 par new generation   total 153344K, used 146850K [0x00000007dae00000, 0x00000007e5460000, 0x00000007e5460000)
  eden space 136320K,  96% used [0x00000007dae00000, 0x00000007e2e5ddc0, 0x00000007e3320000)
  from space 17024K,  90% used [0x00000007e3320000, 0x00000007e422ab58, 0x00000007e43c0000)
  to   space 17024K,   0% used [0x00000007e43c0000, 0x00000007e43c0000, 0x00000007e5460000)
 concurrent mark-sweep generation total 353920K, used 252158K [0x00000007e5460000, 0x00000007fae00000, 0x00000007fae00000)
 concurrent-mark-sweep perm gen total 21248K, used 2871K [0x00000007fae00000, 0x00000007fc2c0000, 0x0000000800000000)
6.966: [GC 6.966: [ParNew: 146850K->146850K(153344K), 0.0000210 secs]6.966: [CMS6.966: [CMS-concurrent-abortable-preclean: 0.001/0.053 secs] [Times: user=0.09 sys=0.00, real=0.06 secs] 
 (concurrent mode failure): 252158K->200878K(353920K), 0.0993360 secs] 399008K->200878K(507264K), [CMS Perm : 2871K->2871K(21248K)], 0.0994360 secs] [Times: user=0.09 sys=0.00, real=0.10 secs] 
Heap after GC invocations=62 (full 54):
 par new generation   total 153344K, used 0K [0x00000007dae00000, 0x00000007e5460000, 0x00000007e5460000)
  eden space 136320K,   0% used [0x00000007dae00000, 0x00000007dae00000, 0x00000007e3320000)
  from space 17024K,   0% used [0x00000007e3320000, 0x00000007e3320000, 0x00000007e43c0000)
  to   space 17024K,   0% used [0x00000007e43c0000, 0x00000007e43c0000, 0x00000007e5460000)
 concurrent mark-sweep generation total 353920K, used 200878K [0x00000007e5460000, 0x00000007fae00000, 0x00000007fae00000)
 concurrent-mark-sweep perm gen total 21248K, used 2871K [0x00000007fae00000, 0x00000007fc2c0000, 0x0000000800000000)
}
{Heap before GC invocations=62 (full 54):
 par new generation   total 153344K, used 131702K [0x00000007dae00000, 0x00000007e5460000, 0x00000007e5460000)
  eden space 136320K,  96% used [0x00000007dae00000, 0x00000007e2e9d868, 0x00000007e3320000)
  from space 17024K,   0% used [0x00000007e3320000, 0x00000007e3320000, 0x00000007e43c0000)
  to   space 17024K,   0% used [0x00000007e43c0000, 0x00000007e43c0000, 0x00000007e5460000)
 concurrent mark-sweep generation total 353920K, used 200878K [0x00000007e5460000, 0x00000007fae00000, 0x00000007fae00000)
 concurrent-mark-sweep perm gen total 21248K, used 2871K [0x00000007fae00000, 0x00000007fc2c0000, 0x0000000800000000)
7.183: [GC 7.183: [ParNew
Desired survivor size 8716288 bytes, new threshold 1 (max 6)
- age   1:   11201984 bytes,   11201984 total
: 131702K->10943K(153344K), 0.0614150 secs] 332580K->332584K(507264K), 0.0618770 secs] [Times: user=0.09 sys=0.00, real=0.07 secs] 
Heap after GC invocations=63 (full 54):
 par new generation   total 153344K, used 10943K [0x00000007dae00000, 0x00000007e5460000, 0x00000007e5460000)
  eden space 136320K,   0% used [0x00000007dae00000, 0x00000007dae00000, 0x00000007e3320000)
  from space 17024K,  64% used [0x00000007e43c0000, 0x00000007e4e6fc70, 0x00000007e5460000)
  to   space 17024K,   0% used [0x00000007e3320000, 0x00000007e3320000, 0x00000007e43c0000)
 concurrent mark-sweep generation total 353920K, used 321641K [0x00000007e5460000, 0x00000007fae00000, 0x00000007fae00000)
 concurrent-mark-sweep perm gen total 21248K, used 2871K [0x00000007fae00000, 0x00000007fc2c0000, 0x0000000800000000)
}
7.258: [GC [1 CMS-initial-mark: 321641K(353920K)] 361652K(507264K), 0.0002290 secs] [Times: user=0.00 sys=0.00, real=0.00 secs] 
7.259: [CMS-concurrent-mark-start]
7.268: [CMS-concurrent-mark: 0.009/0.009 secs] [Times: user=0.01 sys=0.01, real=0.01 secs] 
7.268: [CMS-concurrent-preclean-start]
7.269: [CMS-concurrent-preclean: 0.001/0.001 secs] [Times: user=0.01 sys=0.00, real=0.00 secs] 
7.269: [CMS-concurrent-abortable-preclean-start]
7.269: [CMS-concurrent-abortable-preclean: 0.000/0.000 secs] [Times: user=0.00 sys=0.00, real=0.00 secs] 
7.270: [GC[YG occupancy: 57228 K (153344 K)]7.270: [Rescan (parallel) , 0.0006310 secs]7.271: [weak refs processing, 0.0000070 secs]7.271: [scrub string table, 0.0000200 secs] [1 CMS-remark: 321641K(353920K)] 378869K(507264K), 0.0007190 secs] [Times: user=0.00 sys=0.00, real=0.00 secs] 
7.271: [CMS-concurrent-sweep-start]
7.271: [CMS-concurrent-sweep: 0.001/0.001 secs] [Times: user=0.00 sys=0.00, real=0.00 secs] 
7.271: [CMS-concurrent-reset-start]
7.274: [CMS-concurrent-reset: 0.003/0.003 secs] [Times: user=0.00 sys=0.00, real=0.01 secs] 
{Heap before GC invocations=63 (full 55):
 par new generation   total 153344K, used 134579K [0x00000007dae00000, 0x00000007e5460000, 0x00000007e5460000)
  eden space 136320K,  90% used [0x00000007dae00000, 0x00000007e26bd020, 0x00000007e3320000)
  from space 17024K,  64% used [0x00000007e43c0000, 0x00000007e4e6fc70, 0x00000007e5460000)
  to   space 17024K,   0% used [0x00000007e3320000, 0x00000007e3320000, 0x00000007e43c0000)
 concurrent mark-sweep generation total 353920K, used 141279K [0x00000007e5460000, 0x00000007fae00000, 0x00000007fae00000)
 concurrent-mark-sweep perm gen total 21248K, used 2871K [0x00000007fae00000, 0x00000007fc2c0000, 0x0000000800000000)
7.315: [GC 7.315: [ParNew
Desired survivor size 8716288 bytes, new threshold 1 (max 6)
- age   1:   16135400 bytes,   16135400 total
: 134579K->15760K(153344K), 0.0528240 secs] 275859K->264911K(507264K), 0.0528840 secs] [Times: user=0.10 sys=0.00, real=0.05 secs] 
Heap after GC invocations=64 (full 55):
 par new generation   total 153344K, used 15760K [0x00000007dae00000, 0x00000007e5460000, 0x00000007e5460000)
  eden space 136320K,   0% used [0x00000007dae00000, 0x00000007dae00000, 0x00000007e3320000)
  from space 17024K,  92% used [0x00000007e3320000, 0x00000007e4284370, 0x00000007e43c0000)
  to   space 17024K,   0% used [0x00000007e43c0000, 0x00000007e43c0000, 0x00000007e5460000)
 concurrent mark-sweep generation total 353920K, used 249151K [0x00000007e5460000, 0x00000007fae00000, 0x00000007fae00000)
 concurrent-mark-sweep perm gen total 21248K, used 2871K [0x00000007fae00000, 0x00000007fc2c0000, 0x0000000800000000)
}
7.384: [GC [1 CMS-initial-mark: 249151K(353920K)] 298373K(507264K), 0.0004240 secs] [Times: user=0.00 sys=0.00, real=0.00 secs] 
7.384: [CMS-concurrent-mark-start]
7.402: [CMS-concurrent-mark: 0.017/0.017 secs] [Times: user=0.03 sys=0.00, real=0.01 secs] 
7.402: [CMS-concurrent-preclean-start]
7.403: [CMS-concurrent-preclean: 0.001/0.001 secs] [Times: user=0.00 sys=0.00, real=0.00 secs] 
7.403: [CMS-concurrent-abortable-preclean-start]
{Heap before GC invocations=64 (full 56):
 par new generation   total 153344K, used 141265K [0x00000007dae00000, 0x00000007e5460000, 0x00000007e5460000)
  eden space 136320K,  92% used [0x00000007dae00000, 0x00000007e2890338, 0x00000007e3320000)
  from space 17024K,  92% used [0x00000007e3320000, 0x00000007e4284370, 0x00000007e43c0000)
  to   space 17024K,   0% used [0x00000007e43c0000, 0x00000007e43c0000, 0x00000007e5460000)
 concurrent mark-sweep generation total 353920K, used 249151K [0x00000007e5460000, 0x00000007fae00000, 0x00000007fae00000)
 concurrent-mark-sweep perm gen total 21248K, used 2871K [0x00000007fae00000, 0x00000007fc2c0000, 0x0000000800000000)
7.440: [GC 7.440: [ParNew: 141265K->141265K(153344K), 0.0000200 secs]7.440: [CMS7.440: [CMS-concurrent-abortable-preclean: 0.001/0.038 secs] [Times: user=0.05 sys=0.00, real=0.04 secs] 
 (concurrent mode failure): 249151K->180571K(353920K), 0.0769600 secs] 390416K->180571K(507264K), [CMS Perm : 2871K->2871K(21248K)], 0.0770700 secs] [Times: user=0.08 sys=0.00, real=0.08 secs] 
Heap after GC invocations=65 (full 57):
 par new generation   total 153344K, used 0K [0x00000007dae00000, 0x00000007e5460000, 0x00000007e5460000)
  eden space 136320K,   0% used [0x00000007dae00000, 0x00000007dae00000, 0x00000007e3320000)
  from space 17024K,   0% used [0x00000007e3320000, 0x00000007e3320000, 0x00000007e43c0000)
  to   space 17024K,   0% used [0x00000007e43c0000, 0x00000007e43c0000, 0x00000007e5460000)
 concurrent mark-sweep generation total 353920K, used 180571K [0x00000007e5460000, 0x00000007fae00000, 0x00000007fae00000)
 concurrent-mark-sweep perm gen total 21248K, used 2871K [0x00000007fae00000, 0x00000007fc2c0000, 0x0000000800000000)
}
{Heap before GC invocations=65 (full 57):
 par new generation   total 153344K, used 118095K [0x00000007dae00000, 0x00000007e5460000, 0x00000007e5460000)
  eden space 136320K,  86% used [0x00000007dae00000, 0x00000007e2153f80, 0x00000007e3320000)
  from space 17024K,   0% used [0x00000007e3320000, 0x00000007e3320000, 0x00000007e43c0000)
  to   space 17024K,   0% used [0x00000007e43c0000, 0x00000007e43c0000, 0x00000007e5460000)
 concurrent mark-sweep generation total 353920K, used 180571K [0x00000007e5460000, 0x00000007fae00000, 0x00000007fae00000)
 concurrent-mark-sweep perm gen total 21248K, used 2871K [0x00000007fae00000, 0x00000007fc2c0000, 0x0000000800000000)
7.578: [GC 7.578: [ParNew
Desired survivor size 8716288 bytes, new threshold 1 (max 6)
- age   1:   11484568 bytes,   11484568 total
: 118095K->11219K(153344K), 0.0492590 secs] 298667K->298667K(507264K), 0.0493300 secs] [Times: user=0.10 sys=0.00, real=0.05 secs] 
Heap after GC invocations=66 (full 57):
 par new generation   total 153344K, used 11219K [0x00000007dae00000, 0x00000007e5460000, 0x00000007e5460000)
  eden space 136320K,   0% used [0x00000007dae00000, 0x00000007dae00000, 0x00000007e3320000)
  from space 17024K,  65% used [0x00000007e43c0000, 0x00000007e4eb4c88, 0x00000007e5460000)
  to   space 17024K,   0% used [0x00000007e3320000, 0x00000007e3320000, 0x00000007e43c0000)
 concurrent mark-sweep generation total 353920K, used 287448K [0x00000007e5460000, 0x00000007fae00000, 0x00000007fae00000)
 concurrent-mark-sweep perm gen total 21248K, used 2871K [0x00000007fae00000, 0x00000007fc2c0000, 0x0000000800000000)
}
7.671: [GC [1 CMS-initial-mark: 287448K(353920K)] 383863K(507264K), 0.0001960 secs] [Times: user=0.00 sys=0.00, real=0.00 secs] 
7.672: [CMS-concurrent-mark-start]
7.677: [CMS-concurrent-mark: 0.006/0.006 secs] [Times: user=0.00 sys=0.00, real=0.01 secs] 
7.677: [CMS-concurrent-preclean-start]
7.678: [CMS-concurrent-preclean: 0.001/0.001 secs] [Times: user=0.00 sys=0.00, real=0.00 secs] 
7.678: [CMS-concurrent-abortable-preclean-start]
7.678: [CMS-concurrent-abortable-preclean: 0.000/0.000 secs] [Times: user=0.00 sys=0.00, real=0.00 secs] 
7.688: [GC[YG occupancy: 120272 K (153344 K)]7.688: [Rescan (parallel) , 0.0006170 secs]7.689: [weak refs processing, 0.0000080 secs]7.689: [scrub string table, 0.0000220 secs] [1 CMS-remark: 287448K(353920K)] 407720K(507264K), 0.0007330 secs] [Times: user=0.00 sys=0.00, real=0.00 secs] 
7.689: [CMS-concurrent-sweep-start]
7.690: [CMS-concurrent-sweep: 0.001/0.001 secs] [Times: user=0.00 sys=0.00, real=0.00 secs] 
7.690: [CMS-concurrent-reset-start]
7.693: [CMS-concurrent-reset: 0.003/0.003 secs] [Times: user=0.00 sys=0.00, real=0.00 secs] 
{Heap before GC invocations=66 (full 58):
 par new generation   total 153344K, used 143994K [0x00000007dae00000, 0x00000007e5460000, 0x00000007e5460000)
  eden space 136320K,  97% used [0x00000007dae00000, 0x00000007e2fa9bc0, 0x00000007e3320000)
  from space 17024K,  65% used [0x00000007e43c0000, 0x00000007e4eb4c88, 0x00000007e5460000)
  to   space 17024K,   0% used [0x00000007e3320000, 0x00000007e3320000, 0x00000007e43c0000)
 concurrent mark-sweep generation total 353920K, used 80490K [0x00000007e5460000, 0x00000007fae00000, 0x00000007fae00000)
 concurrent-mark-sweep perm gen total 21248K, used 2871K [0x00000007fae00000, 0x00000007fc2c0000, 0x0000000800000000)
7.703: [GC 7.703: [ParNew
Desired survivor size 8716288 bytes, new threshold 1 (max 6)
- age   1:   12981656 bytes,   12981656 total
: 143994K->12681K(153344K), 0.0561310 secs] 224484K->213263K(507264K), 0.0562000 secs] [Times: user=0.11 sys=0.00, real=0.06 secs] 
Heap after GC invocations=67 (full 58):
 par new generation   total 153344K, used 12681K [0x00000007dae00000, 0x00000007e5460000, 0x00000007e5460000)
  eden space 136320K,   0% used [0x00000007dae00000, 0x00000007dae00000, 0x00000007e3320000)
  from space 17024K,  74% used [0x00000007e3320000, 0x00000007e3f82450, 0x00000007e43c0000)
  to   space 17024K,   0% used [0x00000007e43c0000, 0x00000007e43c0000, 0x00000007e5460000)
 concurrent mark-sweep generation total 353920K, used 200582K [0x00000007e5460000, 0x00000007fae00000, 0x00000007fae00000)
 concurrent-mark-sweep perm gen total 21248K, used 2871K [0x00000007fae00000, 0x00000007fc2c0000, 0x0000000800000000)
}
7.767: [GC [1 CMS-initial-mark: 200582K(353920K)] 231451K(507264K), 0.0002450 secs] [Times: user=0.00 sys=0.00, real=0.00 secs] 
7.768: [CMS-concurrent-mark-start]
7.777: [CMS-concurrent-mark: 0.009/0.009 secs] [Times: user=0.02 sys=0.00, real=0.01 secs] 
7.777: [CMS-concurrent-preclean-start]
7.778: [CMS-concurrent-preclean: 0.001/0.001 secs] [Times: user=0.00 sys=0.00, real=0.00 secs] 
7.778: [CMS-concurrent-abortable-preclean-start]
{Heap before GC invocations=67 (full 59):
 par new generation   total 153344K, used 146845K [0x00000007dae00000, 0x00000007e5460000, 0x00000007e5460000)
  eden space 136320K,  98% used [0x00000007dae00000, 0x00000007e31051a0, 0x00000007e3320000)
  from space 17024K,  74% used [0x00000007e3320000, 0x00000007e3f82450, 0x00000007e43c0000)
  to   space 17024K,   0% used [0x00000007e43c0000, 0x00000007e43c0000, 0x00000007e5460000)
 concurrent mark-sweep generation total 353920K, used 200582K [0x00000007e5460000, 0x00000007fae00000, 0x00000007fae00000)
 concurrent-mark-sweep perm gen total 21248K, used 2871K [0x00000007fae00000, 0x00000007fc2c0000, 0x0000000800000000)
7.830: [GC 7.830: [ParNew7.880: [CMS-concurrent-abortable-preclean: 0.001/0.102 secs] [Times: user=0.18 sys=0.00, real=0.10 secs] 
 (promotion failed)
Desired survivor size 8716288 bytes, new threshold 1 (max 6)
- age   1:   11090800 bytes,   11090800 total
: 146845K->144998K(153344K), 0.0552820 secs]7.885: [CMS (concurrent mode failure): 323907K->202349K(353920K), 0.0380160 secs] 347427K->202349K(507264K), [CMS Perm : 2871K->2871K(21248K)], 0.0934090 secs] [Times: user=0.15 sys=0.00, real=0.09 secs] 
Heap after GC invocations=68 (full 60):
 par new generation   total 153344K, used 0K [0x00000007dae00000, 0x00000007e5460000, 0x00000007e5460000)
  eden space 136320K,   0% used [0x00000007dae00000, 0x00000007dae00000, 0x00000007e3320000)
  from space 17024K,   0% used [0x00000007e43c0000, 0x00000007e43c0000, 0x00000007e5460000)
  to   space 17024K,   0% used [0x00000007e3320000, 0x00000007e3320000, 0x00000007e43c0000)
 concurrent mark-sweep generation total 353920K, used 202349K [0x00000007e5460000, 0x00000007fae00000, 0x00000007fae00000)
 concurrent-mark-sweep perm gen total 21248K, used 2871K [0x00000007fae00000, 0x00000007fc2c0000, 0x0000000800000000)
}
{Heap before GC invocations=68 (full 60):
 par new generation   total 153344K, used 132777K [0x00000007dae00000, 0x00000007e5460000, 0x00000007e5460000)
  eden space 136320K,  97% used [0x00000007dae00000, 0x00000007e2faa550, 0x00000007e3320000)
  from space 17024K,   0% used [0x00000007e43c0000, 0x00000007e43c0000, 0x00000007e5460000)
  to   space 17024K,   0% used [0x00000007e3320000, 0x00000007e3320000, 0x00000007e43c0000)
 concurrent mark-sweep generation total 353920K, used 202349K [0x00000007e5460000, 0x00000007fae00000, 0x00000007fae00000)
 concurrent-mark-sweep perm gen total 21248K, used 2871K [0x00000007fae00000, 0x00000007fc2c0000, 0x0000000800000000)
7.991: [GC 7.991: [ParNew
Desired survivor size 8716288 bytes, new threshold 1 (max 6)
- age   1:   13261016 bytes,   13261016 total
: 132777K->12953K(153344K), 0.0547060 secs] 335126K->335126K(507264K), 0.0547810 secs] [Times: user=0.10 sys=0.00, real=0.06 secs] 
Heap after GC invocations=69 (full 60):
 par new generation   total 153344K, used 12953K [0x00000007dae00000, 0x00000007e5460000, 0x00000007e5460000)
  eden space 136320K,   0% used [0x00000007dae00000, 0x00000007dae00000, 0x00000007e3320000)
  from space 17024K,  76% used [0x00000007e3320000, 0x00000007e3fc6750, 0x00000007e43c0000)
  to   space 17024K,   0% used [0x00000007e43c0000, 0x00000007e43c0000, 0x00000007e5460000)
 concurrent mark-sweep generation total 353920K, used 322172K [0x00000007e5460000, 0x00000007fae00000, 0x00000007fae00000)
 concurrent-mark-sweep perm gen total 21248K, used 2871K [0x00000007fae00000, 0x00000007fc2c0000, 0x0000000800000000)
}
8.058: [GC [1 CMS-initial-mark: 322172K(353920K)] 359598K(507264K), 0.0001950 secs] [Times: user=0.00 sys=0.00, real=0.00 secs] 
8.058: [CMS-concurrent-mark-start]
8.067: [CMS-concurrent-mark: 0.009/0.009 secs] [Times: user=0.02 sys=0.00, real=0.01 secs] 
8.067: [CMS-concurrent-preclean-start]
8.068: [CMS-concurrent-preclean: 0.001/0.001 secs] [Times: user=0.00 sys=0.00, real=0.00 secs] 
8.068: [CMS-concurrent-abortable-preclean-start]
8.068: [CMS-concurrent-abortable-preclean: 0.000/0.000 secs] [Times: user=0.00 sys=0.00, real=0.00 secs] 
8.080: [GC[YG occupancy: 76662 K (153344 K)]8.080: [Rescan (parallel) , 0.0006200 secs]8.081: [weak refs processing, 0.0000090 secs]8.081: [scrub string table, 0.0000220 secs] [1 CMS-remark: 322172K(353920K)] 398834K(507264K), 0.0007270 secs] [Times: user=0.00 sys=0.00, real=0.00 secs] 
8.081: [CMS-concurrent-sweep-start]
8.081: [CMS-concurrent-sweep: 0.001/0.001 secs] [Times: user=0.00 sys=0.00, real=0.00 secs] 
8.081: [CMS-concurrent-reset-start]
8.084: [CMS-concurrent-reset: 0.003/0.003 secs] [Times: user=0.01 sys=0.00, real=0.01 secs] 
{Heap before GC invocations=69 (full 61):
 par new generation   total 153344K, used 136201K [0x00000007dae00000, 0x00000007e5460000, 0x00000007e5460000)
  eden space 136320K,  90% used [0x00000007dae00000, 0x00000007e265bf48, 0x00000007e3320000)
  from space 17024K,  76% used [0x00000007e3320000, 0x00000007e3fc6750, 0x00000007e43c0000)
  to   space 17024K,   0% used [0x00000007e43c0000, 0x00000007e43c0000, 0x00000007e5460000)
 concurrent mark-sweep generation total 353920K, used 173877K [0x00000007e5460000, 0x00000007fae00000, 0x00000007fae00000)
 concurrent-mark-sweep perm gen total 21248K, used 2871K [0x00000007fae00000, 0x00000007fc2c0000, 0x0000000800000000)
8.113: [GC 8.113: [ParNew
Desired survivor size 8716288 bytes, new threshold 1 (max 6)
- age   1:   11090768 bytes,   11090768 total
: 136201K->10834K(153344K), 0.0522970 secs] 310079K->297121K(507264K), 0.0523640 secs] [Times: user=0.10 sys=0.00, real=0.06 secs] 
Heap after GC invocations=70 (full 61):
 par new generation   total 153344K, used 10834K [0x00000007dae00000, 0x00000007e5460000, 0x00000007e5460000)
  eden space 136320K,   0% used [0x00000007dae00000, 0x00000007dae00000, 0x00000007e3320000)
  from space 17024K,  63% used [0x00000007e43c0000, 0x00000007e4e54a40, 0x00000007e5460000)
  to   space 17024K,   0% used [0x00000007e3320000, 0x00000007e3320000, 0x00000007e43c0000)
 concurrent mark-sweep generation total 353920K, used 286286K [0x00000007e5460000, 0x00000007fae00000, 0x00000007fae00000)
 concurrent-mark-sweep perm gen total 21248K, used 2871K [0x00000007fae00000, 0x00000007fc2c0000, 0x0000000800000000)
}
8.172: [GC [1 CMS-initial-mark: 286286K(353920K)] 311881K(507264K), 0.0001830 secs] [Times: user=0.00 sys=0.00, real=0.00 secs] 
8.172: [CMS-concurrent-mark-start]
8.182: [CMS-concurrent-mark: 0.010/0.010 secs] [Times: user=0.01 sys=0.00, real=0.01 secs] 
8.182: [CMS-concurrent-preclean-start]
8.197: [CMS-concurrent-preclean: 0.016/0.016 secs] [Times: user=0.03 sys=0.00, real=0.02 secs] 
8.198: [CMS-concurrent-abortable-preclean-start]
8.198: [CMS-concurrent-abortable-preclean: 0.000/0.000 secs] [Times: user=0.00 sys=0.00, real=0.00 secs] 
8.214: [GC[YG occupancy: 102746 K (153344 K)]8.214: [Rescan (parallel) , 0.0006280 secs]8.215: [weak refs processing, 0.0000100 secs]8.215: [scrub string table, 0.0000200 secs] [1 CMS-remark: 286286K(353920K)] 389032K(507264K), 0.0007340 secs] [Times: user=0.01 sys=0.00, real=0.00 secs] 
8.215: [CMS-concurrent-sweep-start]
8.216: [CMS-concurrent-sweep: 0.001/0.001 secs] [Times: user=0.00 sys=0.00, real=0.00 secs] 
8.216: [CMS-concurrent-reset-start]
8.218: [CMS-concurrent-reset: 0.003/0.003 secs] [Times: user=0.00 sys=0.00, real=0.00 secs] 
{Heap before GC invocations=70 (full 62):
 par new generation   total 153344K, used 130474K [0x00000007dae00000, 0x00000007e5460000, 0x00000007e5460000)
  eden space 136320K,  87% used [0x00000007dae00000, 0x00000007e22d5f28, 0x00000007e3320000)
  from space 17024K,  63% used [0x00000007e43c0000, 0x00000007e4e54a40, 0x00000007e5460000)
  to   space 17024K,   0% used [0x00000007e3320000, 0x00000007e3320000, 0x00000007e43c0000)
 concurrent mark-sweep generation total 353920K, used 213050K [0x00000007e5460000, 0x00000007fae00000, 0x00000007fae00000)
 concurrent-mark-sweep perm gen total 21248K, used 2871K [0x00000007fae00000, 0x00000007fc2c0000, 0x0000000800000000)
8.231: [GC 8.231: [ParNew
Desired survivor size 8716288 bytes, new threshold 1 (max 6)
- age   1:   16918528 bytes,   16918528 total
: 130474K->16525K(153344K), 0.0479330 secs] 343524K->332685K(507264K), 0.0480030 secs] [Times: user=0.09 sys=0.00, real=0.05 secs] 
Heap after GC invocations=71 (full 62):
 par new generation   total 153344K, used 16525K [0x00000007dae00000, 0x00000007e5460000, 0x00000007e5460000)
  eden space 136320K,   0% used [0x00000007dae00000, 0x00000007dae00000, 0x00000007e3320000)
  from space 17024K,  97% used [0x00000007e3320000, 0x00000007e43436c8, 0x00000007e43c0000)
  to   space 17024K,   0% used [0x00000007e43c0000, 0x00000007e43c0000, 0x00000007e5460000)
 concurrent mark-sweep generation total 353920K, used 316160K [0x00000007e5460000, 0x00000007fae00000, 0x00000007fae00000)
 concurrent-mark-sweep perm gen total 21248K, used 2871K [0x00000007fae00000, 0x00000007fc2c0000, 0x0000000800000000)
}
8.287: [GC [1 CMS-initial-mark: 316160K(353920K)] 350673K(507264K), 0.0001920 secs] [Times: user=0.00 sys=0.00, real=0.00 secs] 
8.287: [CMS-concurrent-mark-start]
8.296: [CMS-concurrent-mark: 0.009/0.009 secs] [Times: user=0.01 sys=0.00, real=0.01 secs] 
8.296: [CMS-concurrent-preclean-start]
8.297: [CMS-concurrent-preclean: 0.001/0.001 secs] [Times: user=0.00 sys=0.00, real=0.00 secs] 
8.297: [CMS-concurrent-abortable-preclean-start]
8.297: [CMS-concurrent-abortable-preclean: 0.000/0.000 secs] [Times: user=0.00 sys=0.00, real=0.00 secs] 
8.299: [GC[YG occupancy: 54657 K (153344 K)]8.299: [Rescan (parallel) , 0.0006910 secs]8.300: [weak refs processing, 0.0000080 secs]8.300: [scrub string table, 0.0000210 secs] [1 CMS-remark: 316160K(353920K)] 370817K(507264K), 0.0007860 secs] [Times: user=0.00 sys=0.00, real=0.00 secs] 
8.310: [CMS-concurrent-sweep-start]
8.313: [CMS-concurrent-sweep: 0.003/0.003 secs] [Times: user=0.00 sys=0.00, real=0.00 secs] 
8.313: [CMS-concurrent-reset-start]
8.316: [CMS-concurrent-reset: 0.003/0.003 secs] [Times: user=0.01 sys=0.00, real=0.01 secs] 
{Heap before GC invocations=71 (full 63):
 par new generation   total 153344K, used 132840K [0x00000007dae00000, 0x00000007e5460000, 0x00000007e5460000)
  eden space 136320K,  85% used [0x00000007dae00000, 0x00000007e1f96b88, 0x00000007e3320000)
  from space 17024K,  97% used [0x00000007e3320000, 0x00000007e43436c8, 0x00000007e43c0000)
  to   space 17024K,   0% used [0x00000007e43c0000, 0x00000007e43c0000, 0x00000007e5460000)
 concurrent mark-sweep generation total 353920K, used 127656K [0x00000007e5460000, 0x00000007fae00000, 0x00000007fae00000)
 concurrent-mark-sweep perm gen total 21248K, used 2871K [0x00000007fae00000, 0x00000007fc2c0000, 0x0000000800000000)
8.342: [GC 8.342: [ParNew
Desired survivor size 8716288 bytes, new threshold 1 (max 6)
- age   1:   11475736 bytes,   11475736 total
: 132840K->11210K(153344K), 0.0550300 secs] 260497K->260489K(507264K), 0.0550950 secs] [Times: user=0.10 sys=0.00, real=0.06 secs] 
Heap after GC invocations=72 (full 63):
 par new generation   total 153344K, used 11210K [0x00000007dae00000, 0x00000007e5460000, 0x00000007e5460000)
  eden space 136320K,   0% used [0x00000007dae00000, 0x00000007dae00000, 0x00000007e3320000)
  from space 17024K,  65% used [0x00000007e43c0000, 0x00000007e4eb29f8, 0x00000007e5460000)
  to   space 17024K,   0% used [0x00000007e3320000, 0x00000007e3320000, 0x00000007e43c0000)
 concurrent mark-sweep generation total 353920K, used 249278K [0x00000007e5460000, 0x00000007fae00000, 0x00000007fae00000)
 concurrent-mark-sweep perm gen total 21248K, used 2871K [0x00000007fae00000, 0x00000007fc2c0000, 0x0000000800000000)
}
8.424: [GC [1 CMS-initial-mark: 249278K(353920K)] 316589K(507264K), 0.0001810 secs] [Times: user=0.00 sys=0.00, real=0.00 secs] 
8.425: [CMS-concurrent-mark-start]
8.434: [CMS-concurrent-mark: 0.009/0.009 secs] [Times: user=0.02 sys=0.00, real=0.01 secs] 
8.434: [CMS-concurrent-preclean-start]
8.435: [CMS-concurrent-preclean: 0.001/0.001 secs] [Times: user=0.00 sys=0.00, real=0.00 secs] 
8.435: [CMS-concurrent-abortable-preclean-start]
{Heap before GC invocations=72 (full 64):
 par new generation   total 153344K, used 137166K [0x00000007dae00000, 0x00000007e5460000, 0x00000007e5460000)
  eden space 136320K,  92% used [0x00000007dae00000, 0x00000007e29011e0, 0x00000007e3320000)
  from space 17024K,  65% used [0x00000007e43c0000, 0x00000007e4eb29f8, 0x00000007e5460000)
  to   space 17024K,   0% used [0x00000007e3320000, 0x00000007e3320000, 0x00000007e43c0000)
 concurrent mark-sweep generation total 353920K, used 249278K [0x00000007e5460000, 0x00000007fae00000, 0x00000007fae00000)
 concurrent-mark-sweep perm gen total 21248K, used 2871K [0x00000007fae00000, 0x00000007fc2c0000, 0x0000000800000000)
8.463: [GC 8.464: [ParNew: 137166K->137166K(153344K), 0.0000310 secs]8.464: [CMS8.464: [CMS-concurrent-abortable-preclean: 0.003/0.029 secs] [Times: user=0.05 sys=0.00, real=0.03 secs] 
 (concurrent mode failure): 249278K->155760K(353920K), 0.0690060 secs] 386445K->155760K(507264K), [CMS Perm : 2871K->2871K(21248K)], 0.0691300 secs] [Times: user=0.07 sys=0.00, real=0.07 secs] 
Heap after GC invocations=73 (full 65):
 par new generation   total 153344K, used 0K [0x00000007dae00000, 0x00000007e5460000, 0x00000007e5460000)
  eden space 136320K,   0% used [0x00000007dae00000, 0x00000007dae00000, 0x00000007e3320000)
  from space 17024K,   0% used [0x00000007e43c0000, 0x00000007e43c0000, 0x00000007e5460000)
  to   space 17024K,   0% used [0x00000007e3320000, 0x00000007e3320000, 0x00000007e43c0000)
 concurrent mark-sweep generation total 353920K, used 155760K [0x00000007e5460000, 0x00000007fae00000, 0x00000007fae00000)
 concurrent-mark-sweep perm gen total 21248K, used 2871K [0x00000007fae00000, 0x00000007fc2c0000, 0x0000000800000000)
}
{Heap before GC invocations=73 (full 65):
 par new generation   total 153344K, used 128909K [0x00000007dae00000, 0x00000007e5460000, 0x00000007e5460000)
  eden space 136320K,  94% used [0x00000007dae00000, 0x00000007e2be3458, 0x00000007e3320000)
  from space 17024K,   0% used [0x00000007e43c0000, 0x00000007e43c0000, 0x00000007e5460000)
  to   space 17024K,   0% used [0x00000007e3320000, 0x00000007e3320000, 0x00000007e43c0000)
 concurrent mark-sweep generation total 353920K, used 155760K [0x00000007e5460000, 0x00000007fae00000, 0x00000007fae00000)
 concurrent-mark-sweep perm gen total 21248K, used 2871K [0x00000007fae00000, 0x00000007fc2c0000, 0x0000000800000000)
8.601: [GC 8.601: [ParNew
Desired survivor size 8716288 bytes, new threshold 1 (max 6)
- age   1:   11475856 bytes,   11475856 total
: 128909K->11210K(153344K), 0.0949570 secs] 284669K->284669K(507264K), 0.0950240 secs] [Times: user=0.12 sys=0.01, real=0.10 secs] 
Heap after GC invocations=74 (full 65):
 par new generation   total 153344K, used 11210K [0x00000007dae00000, 0x00000007e5460000, 0x00000007e5460000)
  eden space 136320K,   0% used [0x00000007dae00000, 0x00000007dae00000, 0x00000007e3320000)
  from space 17024K,  65% used [0x00000007e3320000, 0x00000007e3e129f8, 0x00000007e43c0000)
  to   space 17024K,   0% used [0x00000007e43c0000, 0x00000007e43c0000, 0x00000007e5460000)
 concurrent mark-sweep generation total 353920K, used 273458K [0x00000007e5460000, 0x00000007fae00000, 0x00000007fae00000)
 concurrent-mark-sweep perm gen total 21248K, used 2871K [0x00000007fae00000, 0x00000007fc2c0000, 0x0000000800000000)
}
8.705: [GC [1 CMS-initial-mark: 273458K(353920K)] 304699K(507264K), 0.0001900 secs] [Times: user=0.00 sys=0.00, real=0.00 secs] 
8.705: [CMS-concurrent-mark-start]
8.714: [CMS-concurrent-mark: 0.009/0.009 secs] [Times: user=0.01 sys=0.00, real=0.01 secs] 
8.714: [CMS-concurrent-preclean-start]
8.715: [CMS-concurrent-preclean: 0.001/0.001 secs] [Times: user=0.01 sys=0.00, real=0.00 secs] 
8.715: [CMS-concurrent-abortable-preclean-start]
{Heap before GC invocations=74 (full 66):
 par new generation   total 153344K, used 135228K [0x00000007dae00000, 0x00000007e5460000, 0x00000007e5460000)
  eden space 136320K,  90% used [0x00000007dae00000, 0x00000007e271c9e8, 0x00000007e3320000)
  from space 17024K,  65% used [0x00000007e3320000, 0x00000007e3e129f8, 0x00000007e43c0000)
  to   space 17024K,   0% used [0x00000007e43c0000, 0x00000007e43c0000, 0x00000007e5460000)
 concurrent mark-sweep generation total 353920K, used 273458K [0x00000007e5460000, 0x00000007fae00000, 0x00000007fae00000)
 concurrent-mark-sweep perm gen total 21248K, used 2871K [0x00000007fae00000, 0x00000007fc2c0000, 0x0000000800000000)
8.760: [GC 8.760: [ParNew: 135228K->135228K(153344K), 0.0000220 secs]8.760: [CMS8.760: [CMS-concurrent-abortable-preclean: 0.001/0.045 secs] [Times: user=0.08 sys=0.00, real=0.04 secs] 
 (concurrent mode failure): 273458K->232527K(353920K), 0.0991500 secs] 408687K->232527K(507264K), [CMS Perm : 2871K->2871K(21248K)], 0.0992610 secs] [Times: user=0.09 sys=0.00, real=0.10 secs] 
Heap after GC invocations=75 (full 67):
 par new generation   total 153344K, used 0K [0x00000007dae00000, 0x00000007e5460000, 0x00000007e5460000)
  eden space 136320K,   0% used [0x00000007dae00000, 0x00000007dae00000, 0x00000007e3320000)
  from space 17024K,   0% used [0x00000007e3320000, 0x00000007e3320000, 0x00000007e43c0000)
  to   space 17024K,   0% used [0x00000007e43c0000, 0x00000007e43c0000, 0x00000007e5460000)
 concurrent mark-sweep generation total 353920K, used 232527K [0x00000007e5460000, 0x00000007fae00000, 0x00000007fae00000)
 concurrent-mark-sweep perm gen total 21248K, used 2871K [0x00000007fae00000, 0x00000007fc2c0000, 0x0000000800000000)
}
{Heap before GC invocations=75 (full 67):
 par new generation   total 153344K, used 126449K [0x00000007dae00000, 0x00000007e5460000, 0x00000007e5460000)
  eden space 136320K,  92% used [0x00000007dae00000, 0x00000007e297c4a0, 0x00000007e3320000)
  from space 17024K,   0% used [0x00000007e3320000, 0x00000007e3320000, 0x00000007e43c0000)
  to   space 17024K,   0% used [0x00000007e43c0000, 0x00000007e43c0000, 0x00000007e5460000)
 concurrent mark-sweep generation total 353920K, used 232527K [0x00000007e5460000, 0x00000007fae00000, 0x00000007fae00000)
 concurrent-mark-sweep perm gen total 21248K, used 2871K [0x00000007fae00000, 0x00000007fc2c0000, 0x0000000800000000)
8.925: [GC 8.925: [ParNew
Desired survivor size 8716288 bytes, new threshold 1 (max 6)
- age   1:   16550240 bytes,   16550240 total
: 126449K->16165K(153344K), 0.0537770 secs] 358976K->358976K(507264K), 0.0539100 secs] [Times: user=0.09 sys=0.00, real=0.05 secs] 
Heap after GC invocations=76 (full 67):
 par new generation   total 153344K, used 16165K [0x00000007dae00000, 0x00000007e5460000, 0x00000007e5460000)
  eden space 136320K,   0% used [0x00000007dae00000, 0x00000007dae00000, 0x00000007e3320000)
  from space 17024K,  94% used [0x00000007e43c0000, 0x00000007e53897c0, 0x00000007e5460000)
  to   space 17024K,   0% used [0x00000007e3320000, 0x00000007e3320000, 0x00000007e43c0000)
 concurrent mark-sweep generation total 353920K, used 342810K [0x00000007e5460000, 0x00000007fae00000, 0x00000007fae00000)
 concurrent-mark-sweep perm gen total 21248K, used 2871K [0x00000007fae00000, 0x00000007fc2c0000, 0x0000000800000000)
}
8.985: [GC [1 CMS-initial-mark: 342810K(353920K)] 372641K(507264K), 0.0002300 secs] [Times: user=0.00 sys=0.00, real=0.00 secs] 
8.985: [CMS-concurrent-mark-start]
8.994: [CMS-concurrent-mark: 0.009/0.009 secs] [Times: user=0.01 sys=0.00, real=0.01 secs] 
8.994: [CMS-concurrent-preclean-start]
8.995: [CMS-concurrent-preclean: 0.001/0.001 secs] [Times: user=0.01 sys=0.00, real=0.00 secs] 
8.995: [CMS-concurrent-abortable-preclean-start]
8.995: [CMS-concurrent-abortable-preclean: 0.000/0.000 secs] [Times: user=0.00 sys=0.00, real=0.00 secs] 
9.017: [GC[YG occupancy: 89190 K (153344 K)]9.017: [Rescan (parallel) , 0.0006210 secs]9.017: [weak refs processing, 0.0000080 secs]9.017: [scrub string table, 0.0000210 secs] [1 CMS-remark: 342810K(353920K)] 432000K(507264K), 0.0007310 secs] [Times: user=0.00 sys=0.00, real=0.00 secs] 
9.017: [CMS-concurrent-sweep-start]
9.018: [CMS-concurrent-sweep: 0.001/0.001 secs] [Times: user=0.00 sys=0.00, real=0.00 secs] 
9.018: [CMS-concurrent-reset-start]
9.019: [CMS-concurrent-reset: 0.001/0.001 secs] [Times: user=0.00 sys=0.00, real=0.00 secs] 
{Heap before GC invocations=76 (full 68):
 par new generation   total 153344K, used 127797K [0x00000007dae00000, 0x00000007e5460000, 0x00000007e5460000)
  eden space 136320K,  81% used [0x00000007dae00000, 0x00000007e1b03ef0, 0x00000007e3320000)
  from space 17024K,  94% used [0x00000007e43c0000, 0x00000007e53897c0, 0x00000007e5460000)
  to   space 17024K,   0% used [0x00000007e3320000, 0x00000007e3320000, 0x00000007e43c0000)
 concurrent mark-sweep generation total 353920K, used 169323K [0x00000007e5460000, 0x00000007fae00000, 0x00000007fae00000)
 concurrent-mark-sweep perm gen total 21248K, used 2871K [0x00000007fae00000, 0x00000007fc2c0000, 0x0000000800000000)
9.042: [GC 9.042: [ParNew
Desired survivor size 8716288 bytes, new threshold 1 (max 6)
- age   1:   17292432 bytes,   17292432 total
: 127797K->16890K(153344K), 0.0461780 secs] 297121K->280951K(507264K), 0.0462520 secs] [Times: user=0.08 sys=0.00, real=0.05 secs] 
Heap after GC invocations=77 (full 68):
 par new generation   total 153344K, used 16890K [0x00000007dae00000, 0x00000007e5460000, 0x00000007e5460000)
  eden space 136320K,   0% used [0x00000007dae00000, 0x00000007dae00000, 0x00000007e3320000)
  from space 17024K,  99% used [0x00000007e3320000, 0x00000007e439ebc0, 0x00000007e43c0000)
  to   space 17024K,   0% used [0x00000007e43c0000, 0x00000007e43c0000, 0x00000007e5460000)
 concurrent mark-sweep generation total 353920K, used 264060K [0x00000007e5460000, 0x00000007fae00000, 0x00000007fae00000)
 concurrent-mark-sweep perm gen total 21248K, used 2871K [0x00000007fae00000, 0x00000007fc2c0000, 0x0000000800000000)
}
9.118: [GC [1 CMS-initial-mark: 264060K(353920K)] 342346K(507264K), 0.0001940 secs] [Times: user=0.00 sys=0.00, real=0.00 secs] 
9.119: [CMS-concurrent-mark-start]
9.128: [CMS-concurrent-mark: 0.010/0.010 secs] [Times: user=0.01 sys=0.00, real=0.01 secs] 
9.128: [CMS-concurrent-preclean-start]
9.129: [CMS-concurrent-preclean: 0.001/0.001 secs] [Times: user=0.01 sys=0.00, real=0.00 secs] 
9.129: [CMS-concurrent-abortable-preclean-start]
9.129: [CMS-concurrent-abortable-preclean: 0.000/0.000 secs] [Times: user=0.00 sys=0.00, real=0.00 secs] 
9.145: [GC[YG occupancy: 126301 K (153344 K)]9.145: [Rescan (parallel) , 0.0006870 secs]9.146: [weak refs processing, 0.0000120 secs]9.146: [scrub string table, 0.0000200 secs] [1 CMS-remark: 264060K(353920K)] 390362K(507264K), 0.0008120 secs] [Times: user=0.00 sys=0.00, real=0.00 secs] 
9.146: [CMS-concurrent-sweep-start]
9.147: [CMS-concurrent-sweep: 0.001/0.001 secs] [Times: user=0.00 sys=0.00, real=0.00 secs] 
9.147: [CMS-concurrent-reset-start]
9.149: [CMS-concurrent-reset: 0.002/0.002 secs] [Times: user=0.01 sys=0.00, real=0.00 secs] 
{Heap before GC invocations=77 (full 69):
 par new generation   total 153344K, used 141978K [0x00000007dae00000, 0x00000007e5460000, 0x00000007e5460000)
  eden space 136320K,  91% used [0x00000007dae00000, 0x00000007e2827f58, 0x00000007e3320000)
  from space 17024K,  99% used [0x00000007e3320000, 0x00000007e439ebc0, 0x00000007e43c0000)
  to   space 17024K,   0% used [0x00000007e43c0000, 0x00000007e43c0000, 0x00000007e5460000)
 concurrent mark-sweep generation total 353920K, used 174822K [0x00000007e5460000, 0x00000007fae00000, 0x00000007fae00000)
 concurrent-mark-sweep perm gen total 21248K, used 2871K [0x00000007fae00000, 0x00000007fc2c0000, 0x0000000800000000)
9.155: [GC 9.155: [ParNew
Desired survivor size 8716288 bytes, new threshold 1 (max 6)
- age   1:   16053376 bytes,   16053376 total
: 141978K->15680K(153344K), 0.0570790 secs] 316801K->316795K(507264K), 0.0571440 secs] [Times: user=0.11 sys=0.00, real=0.05 secs] 
Heap after GC invocations=78 (full 69):
 par new generation   total 153344K, used 15680K [0x00000007dae00000, 0x00000007e5460000, 0x00000007e5460000)
  eden space 136320K,   0% used [0x00000007dae00000, 0x00000007dae00000, 0x00000007e3320000)
  from space 17024K,  92% used [0x00000007e43c0000, 0x00000007e5310348, 0x00000007e5460000)
  to   space 17024K,   0% used [0x00000007e3320000, 0x00000007e3320000, 0x00000007e43c0000)
 concurrent mark-sweep generation total 353920K, used 301114K [0x00000007e5460000, 0x00000007fae00000, 0x00000007fae00000)
 concurrent-mark-sweep perm gen total 21248K, used 2871K [0x00000007fae00000, 0x00000007fc2c0000, 0x0000000800000000)
}
9.252: [GC [1 CMS-initial-mark: 301114K(353920K)] 397567K(507264K), 0.0001990 secs] [Times: user=0.00 sys=0.00, real=0.00 secs] 
9.253: [CMS-concurrent-mark-start]
9.258: [CMS-concurrent-mark: 0.006/0.006 secs] [Times: user=0.01 sys=0.00, real=0.01 secs] 
9.258: [CMS-concurrent-preclean-start]
9.259: [CMS-concurrent-preclean: 0.001/0.001 secs] [Times: user=0.00 sys=0.00, real=0.00 secs] 
9.259: [CMS-concurrent-abortable-preclean-start]
9.259: [CMS-concurrent-abortable-preclean: 0.000/0.000 secs] [Times: user=0.00 sys=0.00, real=0.00 secs] 
9.281: [GC[YG occupancy: 141590 K (153344 K)]9.281: [Rescan (parallel) , 0.0005850 secs]9.281: [weak refs processing, 0.0000070 secs]9.281: [scrub string table, 0.0000200 secs] [1 CMS-remark: 301114K(353920K)] 442704K(507264K), 0.0006810 secs] [Times: user=0.01 sys=0.00, real=0.00 secs] 
9.282: [CMS-concurrent-sweep-start]
{Heap before GC invocations=78 (full 70):
 par new generation   total 153344K, used 141590K [0x00000007dae00000, 0x00000007e5460000, 0x00000007e5460000)
  eden space 136320K,  92% used [0x00000007dae00000, 0x00000007e28f5540, 0x00000007e3320000)
  from space 17024K,  92% used [0x00000007e43c0000, 0x00000007e5310348, 0x00000007e5460000)
  to   space 17024K,   0% used [0x00000007e3320000, 0x00000007e3320000, 0x00000007e43c0000)
 concurrent mark-sweep generation total 353920K, used 301114K [0x00000007e5460000, 0x00000007fae00000, 0x00000007fae00000)
 concurrent-mark-sweep perm gen total 21248K, used 2871K [0x00000007fae00000, 0x00000007fc2c0000, 0x0000000800000000)
9.282: [GC 9.282: [ParNew: 141590K->141590K(153344K), 0.0000110 secs]9.282: [CMS9.282: [CMS-concurrent-sweep: 0.000/0.001 secs] [Times: user=0.00 sys=0.00, real=0.00 secs] 
 (concurrent mode failure): 301114K->235204K(353920K), 0.0932900 secs] 442704K->235204K(507264K), [CMS Perm : 2871K->2871K(21248K)], 0.0933780 secs] [Times: user=0.09 sys=0.01, real=0.10 secs] 
Heap after GC invocations=79 (full 71):
 par new generation   total 153344K, used 0K [0x00000007dae00000, 0x00000007e5460000, 0x00000007e5460000)
  eden space 136320K,   0% used [0x00000007dae00000, 0x00000007dae00000, 0x00000007e3320000)
  from space 17024K,   0% used [0x00000007e43c0000, 0x00000007e43c0000, 0x00000007e5460000)
  to   space 17024K,   0% used [0x00000007e3320000, 0x00000007e3320000, 0x00000007e43c0000)
 concurrent mark-sweep generation total 353920K, used 235204K [0x00000007e5460000, 0x00000007fae00000, 0x00000007fae00000)
 concurrent-mark-sweep perm gen total 21248K, used 2871K [0x00000007fae00000, 0x00000007fc2c0000, 0x0000000800000000)
}
{Heap before GC invocations=79 (full 71):
 par new generation   total 153344K, used 115293K [0x00000007dae00000, 0x00000007e5460000, 0x00000007e5460000)
  eden space 136320K,  84% used [0x00000007dae00000, 0x00000007e1e97548, 0x00000007e3320000)
  from space 17024K,   0% used [0x00000007e43c0000, 0x00000007e43c0000, 0x00000007e5460000)
  to   space 17024K,   0% used [0x00000007e3320000, 0x00000007e3320000, 0x00000007e43c0000)
 concurrent mark-sweep generation total 353920K, used 235204K [0x00000007e5460000, 0x00000007fae00000, 0x00000007fae00000)
 concurrent-mark-sweep perm gen total 21248K, used 2871K [0x00000007fae00000, 0x00000007fc2c0000, 0x0000000800000000)
9.433: [GC 9.434: [ParNew
Desired survivor size 8716288 bytes, new threshold 1 (max 6)
- age   1:   16943056 bytes,   16943056 total
: 115293K->16549K(153344K), 0.0486060 secs] 350498K->350498K(507264K), 0.0486780 secs] [Times: user=0.09 sys=0.00, real=0.05 secs] 
Heap after GC invocations=80 (full 71):
 par new generation   total 153344K, used 16549K [0x00000007dae00000, 0x00000007e5460000, 0x00000007e5460000)
  eden space 136320K,   0% used [0x00000007dae00000, 0x00000007dae00000, 0x00000007e3320000)
  from space 17024K,  97% used [0x00000007e3320000, 0x00000007e43496e8, 0x00000007e43c0000)
  to   space 17024K,   0% used [0x00000007e43c0000, 0x00000007e43c0000, 0x00000007e5460000)
 concurrent mark-sweep generation total 353920K, used 333948K [0x00000007e5460000, 0x00000007fae00000, 0x00000007fae00000)
 concurrent-mark-sweep perm gen total 21248K, used 2871K [0x00000007fae00000, 0x00000007fc2c0000, 0x0000000800000000)
}
9.493: [GC [1 CMS-initial-mark: 333948K(353920K)] 373873K(507264K), 0.0001640 secs] [Times: user=0.00 sys=0.00, real=0.00 secs] 
9.493: [CMS-concurrent-mark-start]
9.503: [CMS-concurrent-mark: 0.010/0.010 secs] [Times: user=0.02 sys=0.00, real=0.01 secs] 
9.503: [CMS-concurrent-preclean-start]
9.504: [CMS-concurrent-preclean: 0.001/0.001 secs] [Times: user=0.00 sys=0.00, real=0.01 secs] 
9.504: [CMS-concurrent-abortable-preclean-start]
9.504: [CMS-concurrent-abortable-preclean: 0.000/0.000 secs] [Times: user=0.00 sys=0.00, real=0.00 secs] 
9.517: [GC[YG occupancy: 83845 K (153344 K)]9.517: [Rescan (parallel) , 0.0006940 secs]9.518: [weak refs processing, 0.0000120 secs]9.518: [scrub string table, 0.0000230 secs] [1 CMS-remark: 333948K(353920K)] 417793K(507264K), 0.0008110 secs] [Times: user=0.00 sys=0.00, real=0.00 secs] 
9.518: [CMS-concurrent-sweep-start]
9.519: [CMS-concurrent-sweep: 0.001/0.001 secs] [Times: user=0.00 sys=0.00, real=0.00 secs] 
9.519: [CMS-concurrent-reset-start]
9.521: [CMS-concurrent-reset: 0.003/0.003 secs] [Times: user=0.01 sys=0.00, real=0.00 secs] 
{Heap before GC invocations=80 (full 72):
 par new generation   total 153344K, used 139824K [0x00000007dae00000, 0x00000007e5460000, 0x00000007e5460000)
  eden space 136320K,  90% used [0x00000007dae00000, 0x00000007e2662b18, 0x00000007e3320000)
  from space 17024K,  97% used [0x00000007e3320000, 0x00000007e43496e8, 0x00000007e43c0000)
  to   space 17024K,   0% used [0x00000007e43c0000, 0x00000007e43c0000, 0x00000007e5460000)
 concurrent mark-sweep generation total 353920K, used 159933K [0x00000007e5460000, 0x00000007fae00000, 0x00000007fae00000)
 concurrent-mark-sweep perm gen total 21248K, used 2871K [0x00000007fae00000, 0x00000007fc2c0000, 0x0000000800000000)
9.548: [GC 9.548: [ParNew
Desired survivor size 8716288 bytes, new threshold 1 (max 6)
- age   1:   16253616 bytes,   16253616 total
: 139824K->15876K(153344K), 0.0500340 secs] 299757K->283203K(507264K), 0.0501250 secs] [Times: user=0.10 sys=0.00, real=0.05 secs] 
Heap after GC invocations=81 (full 72):
 par new generation   total 153344K, used 15876K [0x00000007dae00000, 0x00000007e5460000, 0x00000007e5460000)
  eden space 136320K,   0% used [0x00000007dae00000, 0x00000007dae00000, 0x00000007e3320000)
  from space 17024K,  93% used [0x00000007e43c0000, 0x00000007e53411a0, 0x00000007e5460000)
  to   space 17024K,   0% used [0x00000007e3320000, 0x00000007e3320000, 0x00000007e43c0000)
 concurrent mark-sweep generation total 353920K, used 267327K [0x00000007e5460000, 0x00000007fae00000, 0x00000007fae00000)
 concurrent-mark-sweep perm gen total 21248K, used 2871K [0x00000007fae00000, 0x00000007fc2c0000, 0x0000000800000000)
}
9.625: [GC [1 CMS-initial-mark: 267327K(353920K)] 338358K(507264K), 0.0001960 secs] [Times: user=0.00 sys=0.00, real=0.00 secs] 
9.625: [CMS-concurrent-mark-start]
9.635: [CMS-concurrent-mark: 0.010/0.010 secs] [Times: user=0.02 sys=0.00, real=0.01 secs] 
9.635: [CMS-concurrent-preclean-start]
9.636: [CMS-concurrent-preclean: 0.001/0.001 secs] [Times: user=0.00 sys=0.00, real=0.00 secs] 
9.636: [CMS-concurrent-abortable-preclean-start]
9.636: [CMS-concurrent-abortable-preclean: 0.000/0.000 secs] [Times: user=0.00 sys=0.00, real=0.00 secs] 
9.648: [GC[YG occupancy: 112563 K (153344 K)]9.648: [Rescan (parallel) , 0.0005970 secs]9.648: [weak refs processing, 0.0000090 secs]9.649: [scrub string table, 0.0000210 secs] [1 CMS-remark: 267327K(353920K)] 379890K(507264K), 0.0006910 secs] [Times: user=0.01 sys=0.00, real=0.00 secs] 
9.649: [CMS-concurrent-sweep-start]
9.649: [CMS-concurrent-sweep: 0.001/0.001 secs] [Times: user=0.00 sys=0.00, real=0.00 secs] 
9.650: [CMS-concurrent-reset-start]
9.652: [CMS-concurrent-reset: 0.003/0.003 secs] [Times: user=0.00 sys=0.00, real=0.00 secs] 
{Heap before GC invocations=81 (full 73):
 par new generation   total 153344K, used 152158K [0x00000007dae00000, 0x00000007e5460000, 0x00000007e5460000)
  eden space 136320K,  99% used [0x00000007dae00000, 0x00000007e33167a0, 0x00000007e3320000)
  from space 17024K,  93% used [0x00000007e43c0000, 0x00000007e53411a0, 0x00000007e5460000)
  to   space 17024K,   0% used [0x00000007e3320000, 0x00000007e3320000, 0x00000007e43c0000)
 concurrent mark-sweep generation total 353920K, used 86966K [0x00000007e5460000, 0x00000007fae00000, 0x00000007fae00000)
 concurrent-mark-sweep perm gen total 21248K, used 2871K [0x00000007fae00000, 0x00000007fc2c0000, 0x0000000800000000)
9.671: [GC 9.671: [ParNew
Desired survivor size 8716288 bytes, new threshold 1 (max 6)
- age   1:   16253672 bytes,   16253672 total
: 152158K->15876K(153344K), 0.0625940 secs] 239125K->239117K(507264K), 0.0626600 secs] [Times: user=0.12 sys=0.00, real=0.06 secs] 
Heap after GC invocations=82 (full 73):
 par new generation   total 153344K, used 15876K [0x00000007dae00000, 0x00000007e5460000, 0x00000007e5460000)
  eden space 136320K,   0% used [0x00000007dae00000, 0x00000007dae00000, 0x00000007e3320000)
  from space 17024K,  93% used [0x00000007e3320000, 0x00000007e42a11a0, 0x00000007e43c0000)
  to   space 17024K,   0% used [0x00000007e43c0000, 0x00000007e43c0000, 0x00000007e5460000)
 concurrent mark-sweep generation total 353920K, used 223240K [0x00000007e5460000, 0x00000007fae00000, 0x00000007fae00000)
 concurrent-mark-sweep perm gen total 21248K, used 2871K [0x00000007fae00000, 0x00000007fc2c0000, 0x0000000800000000)
}
9.750: [GC [1 CMS-initial-mark: 223240K(353920K)] 275175K(507264K), 0.0001720 secs] [Times: user=0.00 sys=0.00, real=0.00 secs] 
9.750: [CMS-concurrent-mark-start]
9.760: [CMS-concurrent-mark: 0.009/0.009 secs] [Times: user=0.02 sys=0.00, real=0.01 secs] 
9.760: [CMS-concurrent-preclean-start]
9.761: [CMS-concurrent-preclean: 0.001/0.001 secs] [Times: user=0.00 sys=0.00, real=0.00 secs] 
9.761: [CMS-concurrent-abortable-preclean-start]
{Heap before GC invocations=82 (full 74):
 par new generation   total 153344K, used 143681K [0x00000007dae00000, 0x00000007e5460000, 0x00000007e5460000)
  eden space 136320K,  93% used [0x00000007dae00000, 0x00000007e2acf300, 0x00000007e3320000)
  from space 17024K,  93% used [0x00000007e3320000, 0x00000007e42a11a0, 0x00000007e43c0000)
  to   space 17024K,   0% used [0x00000007e43c0000, 0x00000007e43c0000, 0x00000007e5460000)
 concurrent mark-sweep generation total 353920K, used 223240K [0x00000007e5460000, 0x00000007fae00000, 0x00000007fae00000)
 concurrent-mark-sweep perm gen total 21248K, used 2871K [0x00000007fae00000, 0x00000007fc2c0000, 0x0000000800000000)
9.799: [GC 9.799: [ParNew: 143681K->143681K(153344K), 0.0000240 secs]9.799: [CMS9.799: [CMS-concurrent-abortable-preclean: 0.001/0.039 secs] [Times: user=0.07 sys=0.00, real=0.04 secs] 
 (concurrent mode failure): 223240K->167685K(353920K), 0.0728140 secs] 366921K->167685K(507264K), [CMS Perm : 2871K->2871K(21248K)], 0.0729240 secs] [Times: user=0.07 sys=0.00, real=0.07 secs] 
Heap after GC invocations=83 (full 75):
 par new generation   total 153344K, used 0K [0x00000007dae00000, 0x00000007e5460000, 0x00000007e5460000)
  eden space 136320K,   0% used [0x00000007dae00000, 0x00000007dae00000, 0x00000007e3320000)
  from space 17024K,   0% used [0x00000007e3320000, 0x00000007e3320000, 0x00000007e43c0000)
  to   space 17024K,   0% used [0x00000007e43c0000, 0x00000007e43c0000, 0x00000007e5460000)
 concurrent mark-sweep generation total 353920K, used 167685K [0x00000007e5460000, 0x00000007fae00000, 0x00000007fae00000)
 concurrent-mark-sweep perm gen total 21248K, used 2871K [0x00000007fae00000, 0x00000007fc2c0000, 0x0000000800000000)
}
{Heap before GC invocations=83 (full 75):
 par new generation   total 153344K, used 129622K [0x00000007dae00000, 0x00000007e5460000, 0x00000007e5460000)
  eden space 136320K,  95% used [0x00000007dae00000, 0x00000007e2c958b8, 0x00000007e3320000)
  from space 17024K,   0% used [0x00000007e3320000, 0x00000007e3320000, 0x00000007e43c0000)
  to   space 17024K,   0% used [0x00000007e43c0000, 0x00000007e43c0000, 0x00000007e5460000)
 concurrent mark-sweep generation total 353920K, used 167685K [0x00000007e5460000, 0x00000007fae00000, 0x00000007fae00000)
 concurrent-mark-sweep perm gen total 21248K, used 2871K [0x00000007fae00000, 0x00000007fc2c0000, 0x0000000800000000)
9.939: [GC 9.939: [ParNew
Desired survivor size 8716288 bytes, new threshold 1 (max 6)
- age   1:   16849520 bytes,   16849520 total
: 129622K->16458K(153344K), 0.0535960 secs] 297307K->297307K(507264K), 0.0536570 secs] [Times: user=0.10 sys=0.00, real=0.05 secs] 
Heap after GC invocations=84 (full 75):
 par new generation   total 153344K, used 16458K [0x00000007dae00000, 0x00000007e5460000, 0x00000007e5460000)
  eden space 136320K,   0% used [0x00000007dae00000, 0x00000007dae00000, 0x00000007e3320000)
  from space 17024K,  96% used [0x00000007e43c0000, 0x00000007e53d2880, 0x00000007e5460000)
  to   space 17024K,   0% used [0x00000007e3320000, 0x00000007e3320000, 0x00000007e43c0000)
 concurrent mark-sweep generation total 353920K, used 280849K [0x00000007e5460000, 0x00000007fae00000, 0x00000007fae00000)
 concurrent-mark-sweep perm gen total 21248K, used 2871K [0x00000007fae00000, 0x00000007fc2c0000, 0x0000000800000000)
}
10.015: [GC [1 CMS-initial-mark: 280849K(353920K)] 345677K(507264K), 0.0002360 secs] [Times: user=0.00 sys=0.00, real=0.00 secs] 
10.016: [CMS-concurrent-mark-start]
10.026: [CMS-concurrent-mark: 0.010/0.010 secs] [Times: user=0.02 sys=0.00, real=0.01 secs] 
10.026: [CMS-concurrent-preclean-start]
10.027: [CMS-concurrent-preclean: 0.001/0.001 secs] [Times: user=0.00 sys=0.00, real=0.00 secs] 
10.027: [CMS-concurrent-abortable-preclean-start]
10.027: [CMS-concurrent-abortable-preclean: 0.000/0.000 secs] [Times: user=0.00 sys=0.00, real=0.00 secs] 
10.034: [GC[YG occupancy: 97097 K (153344 K)]10.034: [Rescan (parallel) , 0.0006440 secs]10.035: [weak refs processing, 0.0000090 secs]10.035: [scrub string table, 0.0000210 secs] [1 CMS-remark: 280849K(353920K)] 377946K(507264K), 0.0007530 secs] [Times: user=0.00 sys=0.00, real=0.00 secs] 
10.035: [CMS-concurrent-sweep-start]
10.036: [CMS-concurrent-sweep: 0.001/0.001 secs] [Times: user=0.00 sys=0.00, real=0.00 secs] 
10.036: [CMS-concurrent-reset-start]
10.038: [CMS-concurrent-reset: 0.003/0.003 secs] [Times: user=0.01 sys=0.00, real=0.00 secs] 
{Heap before GC invocations=84 (full 76):
 par new generation   total 153344K, used 150058K [0x00000007dae00000, 0x00000007e5460000, 0x00000007e5460000)
  eden space 136320K,  98% used [0x00000007dae00000, 0x00000007e3078280, 0x00000007e3320000)
  from space 17024K,  96% used [0x00000007e43c0000, 0x00000007e53d2880, 0x00000007e5460000)
  to   space 17024K,   0% used [0x00000007e3320000, 0x00000007e3320000, 0x00000007e43c0000)
 concurrent mark-sweep generation total 353920K, used 153708K [0x00000007e5460000, 0x00000007fae00000, 0x00000007fae00000)
 concurrent-mark-sweep perm gen total 21248K, used 2871K [0x00000007fae00000, 0x00000007fc2c0000, 0x0000000800000000)
10.064: [GC 10.064: [ParNew
Desired survivor size 8716288 bytes, new threshold 1 (max 6)
- age   1:   15735984 bytes,   15735984 total
: 150058K->15370K(153344K), 0.0542390 secs] 303767K->287305K(507264K), 0.0543050 secs] [Times: user=0.10 sys=0.00, real=0.05 secs] 
Heap after GC invocations=85 (full 76):
 par new generation   total 153344K, used 15370K [0x00000007dae00000, 0x00000007e5460000, 0x00000007e5460000)
  eden space 136320K,   0% used [0x00000007dae00000, 0x00000007dae00000, 0x00000007e3320000)
  from space 17024K,  90% used [0x00000007e3320000, 0x00000007e4222ba8, 0x00000007e43c0000)
  to   space 17024K,   0% used [0x00000007e43c0000, 0x00000007e43c0000, 0x00000007e5460000)
 concurrent mark-sweep generation total 353920K, used 271934K [0x00000007e5460000, 0x00000007fae00000, 0x00000007fae00000)
 concurrent-mark-sweep perm gen total 21248K, used 2871K [0x00000007fae00000, 0x00000007fc2c0000, 0x0000000800000000)
}
10.125: [GC [1 CMS-initial-mark: 271934K(353920K)] 303073K(507264K), 0.0001890 secs] [Times: user=0.00 sys=0.00, real=0.00 secs] 
10.125: [CMS-concurrent-mark-start]
10.135: [CMS-concurrent-mark: 0.010/0.010 secs] [Times: user=0.01 sys=0.00, real=0.01 secs] 
10.135: [CMS-concurrent-preclean-start]
10.136: [CMS-concurrent-preclean: 0.001/0.001 secs] [Times: user=0.01 sys=0.00, real=0.00 secs] 
10.136: [CMS-concurrent-abortable-preclean-start]
{Heap before GC invocations=85 (full 77):
 par new generation   total 153344K, used 148452K [0x00000007dae00000, 0x00000007e5460000, 0x00000007e5460000)
  eden space 136320K,  97% used [0x00000007dae00000, 0x00000007e2ff6618, 0x00000007e3320000)
  from space 17024K,  90% used [0x00000007e3320000, 0x00000007e4222ba8, 0x00000007e43c0000)
  to   space 17024K,   0% used [0x00000007e43c0000, 0x00000007e43c0000, 0x00000007e5460000)
 concurrent mark-sweep generation total 353920K, used 271934K [0x00000007e5460000, 0x00000007fae00000, 0x00000007fae00000)
 concurrent-mark-sweep perm gen total 21248K, used 2871K [0x00000007fae00000, 0x00000007fc2c0000, 0x0000000800000000)
10.189: [GC 10.189: [ParNew: 148452K->148452K(153344K), 0.0000210 secs]10.190: [CMS10.190: [CMS-concurrent-abortable-preclean: 0.001/0.054 secs] [Times: user=0.08 sys=0.00, real=0.05 secs] 
 (concurrent mode failure): 271934K->253485K(353920K), 0.0990860 secs] 420387K->253485K(507264K), [CMS Perm : 2871K->2871K(21248K)], 0.0991870 secs] [Times: user=0.10 sys=0.00, real=0.10 secs] 
Heap after GC invocations=86 (full 78):
 par new generation   total 153344K, used 0K [0x00000007dae00000, 0x00000007e5460000, 0x00000007e5460000)
  eden space 136320K,   0% used [0x00000007dae00000, 0x00000007dae00000, 0x00000007e3320000)
  from space 17024K,   0% used [0x00000007e3320000, 0x00000007e3320000, 0x00000007e43c0000)
  to   space 17024K,   0% used [0x00000007e43c0000, 0x00000007e43c0000, 0x00000007e5460000)
 concurrent mark-sweep generation total 353920K, used 253485K [0x00000007e5460000, 0x00000007fae00000, 0x00000007fae00000)
 concurrent-mark-sweep perm gen total 21248K, used 2871K [0x00000007fae00000, 0x00000007fc2c0000, 0x0000000800000000)
}
{Heap before GC invocations=86 (full 78):
 par new generation   total 153344K, used 120575K [0x00000007dae00000, 0x00000007e5460000, 0x00000007e5460000)
  eden space 136320K,  88% used [0x00000007dae00000, 0x00000007e23bff08, 0x00000007e3320000)
  from space 17024K,   0% used [0x00000007e3320000, 0x00000007e3320000, 0x00000007e43c0000)
  to   space 17024K,   0% used [0x00000007e43c0000, 0x00000007e43c0000, 0x00000007e5460000)
 concurrent mark-sweep generation total 353920K, used 253485K [0x00000007e5460000, 0x00000007fae00000, 0x00000007fae00000)
 concurrent-mark-sweep perm gen total 21248K, used 2871K [0x00000007fae00000, 0x00000007fc2c0000, 0x0000000800000000)
10.351: [GC 10.351: [ParNew: 120575K->120575K(153344K), 0.0000220 secs]10.351: [CMS: 253485K->225415K(353920K), 0.0952580 secs] 374061K->225415K(507264K), [CMS Perm : 2871K->2871K(21248K)], 0.0953650 secs] [Times: user=0.10 sys=0.00, real=0.10 secs] 
Heap after GC invocations=87 (full 79):
 par new generation   total 153344K, used 0K [0x00000007dae00000, 0x00000007e5460000, 0x00000007e5460000)
  eden space 136320K,   0% used [0x00000007dae00000, 0x00000007dae00000, 0x00000007e3320000)
  from space 17024K,   0% used [0x00000007e3320000, 0x00000007e3320000, 0x00000007e43c0000)
  to   space 17024K,   0% used [0x00000007e43c0000, 0x00000007e43c0000, 0x00000007e5460000)
 concurrent mark-sweep generation total 353920K, used 225415K [0x00000007e5460000, 0x00000007fae00000, 0x00000007fae00000)
 concurrent-mark-sweep perm gen total 21248K, used 2871K [0x00000007fae00000, 0x00000007fc2c0000, 0x0000000800000000)
}
{Heap before GC invocations=87 (full 79):
 par new generation   total 153344K, used 131719K [0x00000007dae00000, 0x00000007e5460000, 0x00000007e5460000)
  eden space 136320K,  96% used [0x00000007dae00000, 0x00000007e2ea1dd8, 0x00000007e3320000)
  from space 17024K,   0% used [0x00000007e3320000, 0x00000007e3320000, 0x00000007e43c0000)
  to   space 17024K,   0% used [0x00000007e43c0000, 0x00000007e43c0000, 0x00000007e5460000)
 concurrent mark-sweep generation total 353920K, used 225415K [0x00000007e5460000, 0x00000007fae00000, 0x00000007fae00000)
 concurrent-mark-sweep perm gen total 21248K, used 2871K [0x00000007fae00000, 0x00000007fc2c0000, 0x0000000800000000)
10.515: [GC 10.515: [ParNew
Desired survivor size 8716288 bytes, new threshold 1 (max 6)
- age   1:   17228888 bytes,   17228888 total
: 131719K->16828K(153344K), 0.0532740 secs] 357134K->357134K(507264K), 0.0533400 secs] [Times: user=0.11 sys=0.00, real=0.05 secs] 
Heap after GC invocations=88 (full 79):
 par new generation   total 153344K, used 16828K [0x00000007dae00000, 0x00000007e5460000, 0x00000007e5460000)
  eden space 136320K,   0% used [0x00000007dae00000, 0x00000007dae00000, 0x00000007e3320000)
  from space 17024K,  98% used [0x00000007e43c0000, 0x00000007e542f320, 0x00000007e5460000)
  to   space 17024K,   0% used [0x00000007e3320000, 0x00000007e3320000, 0x00000007e43c0000)
 concurrent mark-sweep generation total 353920K, used 340305K [0x00000007e5460000, 0x00000007fae00000, 0x00000007fae00000)
 concurrent-mark-sweep perm gen total 21248K, used 2871K [0x00000007fae00000, 0x00000007fc2c0000, 0x0000000800000000)
}
10.580: [GC [1 CMS-initial-mark: 340305K(353920K)] 381297K(507264K), 0.0001800 secs] [Times: user=0.00 sys=0.00, real=0.00 secs] 
10.580: [CMS-concurrent-mark-start]
10.590: [CMS-concurrent-mark: 0.010/0.010 secs] [Times: user=0.02 sys=0.00, real=0.01 secs] 
10.590: [CMS-concurrent-preclean-start]
10.591: [CMS-concurrent-preclean: 0.001/0.001 secs] [Times: user=0.00 sys=0.00, real=0.00 secs] 
10.591: [CMS-concurrent-abortable-preclean-start]
10.591: [CMS-concurrent-abortable-preclean: 0.000/0.000 secs] [Times: user=0.00 sys=0.00, real=0.00 secs] 
10.633: [GC[YG occupancy: 143772 K (153344 K)]10.634: [Rescan (parallel) , 0.0006440 secs]10.634: [weak refs processing, 0.0000080 secs]10.634: [scrub string table, 0.0000210 secs] [1 CMS-remark: 340305K(353920K)] 484078K(507264K), 0.0007540 secs] [Times: user=0.00 sys=0.00, real=0.01 secs] 
10.634: [CMS-concurrent-sweep-start]
{Heap before GC invocations=88 (full 80):
 par new generation   total 153344K, used 143772K [0x00000007dae00000, 0x00000007e5460000, 0x00000007e5460000)
  eden space 136320K,  93% used [0x00000007dae00000, 0x00000007e29f7e20, 0x00000007e3320000)
  from space 17024K,  98% used [0x00000007e43c0000, 0x00000007e542f320, 0x00000007e5460000)
  to   space 17024K,   0% used [0x00000007e3320000, 0x00000007e3320000, 0x00000007e43c0000)
 concurrent mark-sweep generation total 353920K, used 340305K [0x00000007e5460000, 0x00000007fae00000, 0x00000007fae00000)
 concurrent-mark-sweep perm gen total 21248K, used 2871K [0x00000007fae00000, 0x00000007fc2c0000, 0x0000000800000000)
10.635: [GC 10.635: [ParNew: 143772K->143772K(153344K), 0.0000120 secs]10.635: [CMS10.635: [CMS-concurrent-sweep: 0.001/0.001 secs] [Times: user=0.00 sys=0.00, real=0.00 secs] 
 (concurrent mode failure): 340305K->208528K(353920K), 0.0939740 secs] 484078K->208528K(507264K), [CMS Perm : 2871K->2871K(21248K)], 0.0940540 secs] [Times: user=0.09 sys=0.00, real=0.09 secs] 
Heap after GC invocations=89 (full 81):
 par new generation   total 153344K, used 0K [0x00000007dae00000, 0x00000007e5460000, 0x00000007e5460000)
  eden space 136320K,   0% used [0x00000007dae00000, 0x00000007dae00000, 0x00000007e3320000)
  from space 17024K,   0% used [0x00000007e43c0000, 0x00000007e43c0000, 0x00000007e5460000)
  to   space 17024K,   0% used [0x00000007e3320000, 0x00000007e3320000, 0x00000007e43c0000)
 concurrent mark-sweep generation total 353920K, used 208528K [0x00000007e5460000, 0x00000007fae00000, 0x00000007fae00000)
 concurrent-mark-sweep perm gen total 21248K, used 2871K [0x00000007fae00000, 0x00000007fc2c0000, 0x0000000800000000)
}
{Heap before GC invocations=89 (full 81):
 par new generation   total 153344K, used 122105K [0x00000007dae00000, 0x00000007e5460000, 0x00000007e5460000)
  eden space 136320K,  89% used [0x00000007dae00000, 0x00000007e253e678, 0x00000007e3320000)
  from space 17024K,   0% used [0x00000007e43c0000, 0x00000007e43c0000, 0x00000007e5460000)
  to   space 17024K,   0% used [0x00000007e3320000, 0x00000007e3320000, 0x00000007e43c0000)
 concurrent mark-sweep generation total 353920K, used 208528K [0x00000007e5460000, 0x00000007fae00000, 0x00000007fae00000)
 concurrent-mark-sweep perm gen total 21248K, used 2871K [0x00000007fae00000, 0x00000007fc2c0000, 0x0000000800000000)
10.790: [GC 10.790: [ParNew
Desired survivor size 8716288 bytes, new threshold 1 (max 6)
- age   1:   16322752 bytes,   16322752 total
: 122105K->15943K(153344K), 0.0507020 secs] 330633K->330633K(507264K), 0.0507690 secs] [Times: user=0.10 sys=0.00, real=0.05 secs] 
Heap after GC invocations=90 (full 81):
 par new generation   total 153344K, used 15943K [0x00000007dae00000, 0x00000007e5460000, 0x00000007e5460000)
  eden space 136320K,   0% used [0x00000007dae00000, 0x00000007dae00000, 0x00000007e3320000)
  from space 17024K,  93% used [0x00000007e3320000, 0x00000007e42b1ff0, 0x00000007e43c0000)
  to   space 17024K,   0% used [0x00000007e43c0000, 0x00000007e43c0000, 0x00000007e5460000)
 concurrent mark-sweep generation total 353920K, used 314689K [0x00000007e5460000, 0x00000007fae00000, 0x00000007fae00000)
 concurrent-mark-sweep perm gen total 21248K, used 2871K [0x00000007fae00000, 0x00000007fc2c0000, 0x0000000800000000)
}
10.866: [GC [1 CMS-initial-mark: 314689K(353920K)] 383807K(507264K), 0.0001990 secs] [Times: user=0.00 sys=0.01, real=0.00 secs] 
10.866: [CMS-concurrent-mark-start]
10.876: [CMS-concurrent-mark: 0.010/0.010 secs] [Times: user=0.02 sys=0.00, real=0.01 secs] 
10.876: [CMS-concurrent-preclean-start]
10.877: [CMS-concurrent-preclean: 0.001/0.001 secs] [Times: user=0.00 sys=0.00, real=0.00 secs] 
10.877: [CMS-concurrent-abortable-preclean-start]
10.877: [CMS-concurrent-abortable-preclean: 0.000/0.000 secs] [Times: user=0.00 sys=0.00, real=0.00 secs] 
10.894: [GC[YG occupancy: 120431 K (153344 K)]10.894: [Rescan (parallel) , 0.0006510 secs]10.895: [weak refs processing, 0.0000090 secs]10.895: [scrub string table, 0.0000210 secs] [1 CMS-remark: 314689K(353920K)] 435120K(507264K), 0.0007600 secs] [Times: user=0.00 sys=0.00, real=0.00 secs] 
10.895: [CMS-concurrent-sweep-start]
10.896: [CMS-concurrent-sweep: 0.001/0.001 secs] [Times: user=0.00 sys=0.00, real=0.00 secs] 
10.896: [CMS-concurrent-reset-start]
10.898: [CMS-concurrent-reset: 0.003/0.003 secs] [Times: user=0.01 sys=0.00, real=0.00 secs] 
{Heap before GC invocations=90 (full 82):
 par new generation   total 153344K, used 142316K [0x00000007dae00000, 0x00000007e5460000, 0x00000007e5460000)
  eden space 136320K,  92% used [0x00000007dae00000, 0x00000007e2969318, 0x00000007e3320000)
  from space 17024K,  93% used [0x00000007e3320000, 0x00000007e42b1ff0, 0x00000007e43c0000)
  to   space 17024K,   0% used [0x00000007e43c0000, 0x00000007e43c0000, 0x00000007e5460000)
 concurrent mark-sweep generation total 353920K, used 106455K [0x00000007e5460000, 0x00000007fae00000, 0x00000007fae00000)
 concurrent-mark-sweep perm gen total 21248K, used 2871K [0x00000007fae00000, 0x00000007fc2c0000, 0x0000000800000000)
10.908: [GC 10.908: [ParNew
Desired survivor size 8716288 bytes, new threshold 1 (max 6)
- age   1:   12837472 bytes,   12837472 total
: 142316K->12540K(153344K), 0.0533360 secs] 248772K->232823K(507264K), 0.0533980 secs] [Times: user=0.10 sys=0.00, real=0.05 secs] 
Heap after GC invocations=91 (full 82):
 par new generation   total 153344K, used 12540K [0x00000007dae00000, 0x00000007e5460000, 0x00000007e5460000)
  eden space 136320K,   0% used [0x00000007dae00000, 0x00000007dae00000, 0x00000007e3320000)
  from space 17024K,  73% used [0x00000007e43c0000, 0x00000007e4fff100, 0x00000007e5460000)
  to   space 17024K,   0% used [0x00000007e3320000, 0x00000007e3320000, 0x00000007e43c0000)
 concurrent mark-sweep generation total 353920K, used 220283K [0x00000007e5460000, 0x00000007fae00000, 0x00000007fae00000)
 concurrent-mark-sweep perm gen total 21248K, used 2871K [0x00000007fae00000, 0x00000007fc2c0000, 0x0000000800000000)
}
10.978: [GC [1 CMS-initial-mark: 220283K(353920K)] 266766K(507264K), 0.0001990 secs] [Times: user=0.00 sys=0.00, real=0.00 secs] 
10.978: [CMS-concurrent-mark-start]
10.988: [CMS-concurrent-mark: 0.010/0.010 secs] [Times: user=0.02 sys=0.00, real=0.01 secs] 
10.988: [CMS-concurrent-preclean-start]
10.989: [CMS-concurrent-preclean: 0.002/0.002 secs] [Times: user=0.00 sys=0.00, real=0.00 secs] 
10.989: [CMS-concurrent-abortable-preclean-start]
{Heap before GC invocations=91 (full 83):
 par new generation   total 153344K, used 148372K [0x00000007dae00000, 0x00000007e5460000, 0x00000007e5460000)
  eden space 136320K,  99% used [0x00000007dae00000, 0x00000007e32a5fd8, 0x00000007e3320000)
  from space 17024K,  73% used [0x00000007e43c0000, 0x00000007e4fff100, 0x00000007e5460000)
  to   space 17024K,   0% used [0x00000007e3320000, 0x00000007e3320000, 0x00000007e43c0000)
 concurrent mark-sweep generation total 353920K, used 220283K [0x00000007e5460000, 0x00000007fae00000, 0x00000007fae00000)
 concurrent-mark-sweep perm gen total 21248K, used 2871K [0x00000007fae00000, 0x00000007fc2c0000, 0x0000000800000000)
11.031: [GC 11.032: [ParNew: 148372K->148372K(153344K), 0.0000230 secs]11.032: [CMS11.032: [CMS-concurrent-abortable-preclean: 0.001/0.042 secs] [Times: user=0.08 sys=0.00, real=0.04 secs] 
 (concurrent mode failure): 220283K->198247K(353920K), 0.0886920 secs] 368655K->198247K(507264K), [CMS Perm : 2871K->2871K(21248K)], 0.0888010 secs] [Times: user=0.09 sys=0.00, real=0.09 secs] 
Heap after GC invocations=92 (full 84):
 par new generation   total 153344K, used 0K [0x00000007dae00000, 0x00000007e5460000, 0x00000007e5460000)
  eden space 136320K,   0% used [0x00000007dae00000, 0x00000007dae00000, 0x00000007e3320000)
  from space 17024K,   0% used [0x00000007e43c0000, 0x00000007e43c0000, 0x00000007e5460000)
  to   space 17024K,   0% used [0x00000007e3320000, 0x00000007e3320000, 0x00000007e43c0000)
 concurrent mark-sweep generation total 353920K, used 198247K [0x00000007e5460000, 0x00000007fae00000, 0x00000007fae00000)
 concurrent-mark-sweep perm gen total 21248K, used 2871K [0x00000007fae00000, 0x00000007fc2c0000, 0x0000000800000000)
}
{Heap before GC invocations=92 (full 84):
 par new generation   total 153344K, used 115838K [0x00000007dae00000, 0x00000007e5460000, 0x00000007e5460000)
  eden space 136320K,  84% used [0x00000007dae00000, 0x00000007e1f1fab8, 0x00000007e3320000)
  from space 17024K,   0% used [0x00000007e43c0000, 0x00000007e43c0000, 0x00000007e5460000)
  to   space 17024K,   0% used [0x00000007e3320000, 0x00000007e3320000, 0x00000007e43c0000)
 concurrent mark-sweep generation total 353920K, used 198247K [0x00000007e5460000, 0x00000007fae00000, 0x00000007fae00000)
 concurrent-mark-sweep perm gen total 21248K, used 2871K [0x00000007fae00000, 0x00000007fc2c0000, 0x0000000800000000)
11.184: [GC 11.184: [ParNew
Desired survivor size 8716288 bytes, new threshold 1 (max 6)
- age   1:   12837432 bytes,   12837432 total
: 115838K->12540K(153344K), 0.0716310 secs] 314086K->314086K(507264K), 0.0717170 secs] [Times: user=0.09 sys=0.00, real=0.07 secs] 
Heap after GC invocations=93 (full 84):
 par new generation   total 153344K, used 12540K [0x00000007dae00000, 0x00000007e5460000, 0x00000007e5460000)
  eden space 136320K,   0% used [0x00000007dae00000, 0x00000007dae00000, 0x00000007e3320000)
  from space 17024K,  73% used [0x00000007e3320000, 0x00000007e3f5f100, 0x00000007e43c0000)
  to   space 17024K,   0% used [0x00000007e43c0000, 0x00000007e43c0000, 0x00000007e5460000)
 concurrent mark-sweep generation total 353920K, used 301545K [0x00000007e5460000, 0x00000007fae00000, 0x00000007fae00000)
 concurrent-mark-sweep perm gen total 21248K, used 2871K [0x00000007fae00000, 0x00000007fc2c0000, 0x0000000800000000)
}
11.318: [GC [1 CMS-initial-mark: 301545K(353920K)] 401864K(507264K), 0.0002530 secs] [Times: user=0.00 sys=0.00, real=0.00 secs] 
11.319: [CMS-concurrent-mark-start]
11.330: [CMS-concurrent-mark: 0.011/0.011 secs] [Times: user=0.02 sys=0.00, real=0.01 secs] 
11.330: [CMS-concurrent-preclean-start]
11.331: [CMS-concurrent-preclean: 0.001/0.001 secs] [Times: user=0.00 sys=0.00, real=0.00 secs] 
11.331: [CMS-concurrent-abortable-preclean-start]
11.331: [CMS-concurrent-abortable-preclean: 0.000/0.000 secs] [Times: user=0.00 sys=0.00, real=0.00 secs] 
11.348: [GC[YG occupancy: 146309 K (153344 K)]11.348: [Rescan (parallel) , 0.0006150 secs]11.349: [weak refs processing, 0.0000100 secs]11.349: [scrub string table, 0.0000220 secs] [1 CMS-remark: 301545K(353920K)] 447855K(507264K), 0.0007190 secs] [Times: user=0.00 sys=0.00, real=0.00 secs] 
11.349: [CMS-concurrent-sweep-start]
{Heap before GC invocations=93 (full 85):
 par new generation   total 153344K, used 146309K [0x00000007dae00000, 0x00000007e5460000, 0x00000007e5460000)
  eden space 136320K,  98% used [0x00000007dae00000, 0x00000007e30a2598, 0x00000007e3320000)
  from space 17024K,  73% used [0x00000007e3320000, 0x00000007e3f5f100, 0x00000007e43c0000)
  to   space 17024K,   0% used [0x00000007e43c0000, 0x00000007e43c0000, 0x00000007e5460000)
 concurrent mark-sweep generation total 353920K, used 301545K [0x00000007e5460000, 0x00000007fae00000, 0x00000007fae00000)
 concurrent-mark-sweep perm gen total 21248K, used 2871K [0x00000007fae00000, 0x00000007fc2c0000, 0x0000000800000000)
11.349: [GC 11.349: [ParNew: 146309K->146309K(153344K), 0.0000110 secs]11.349: [CMS11.350: [CMS-concurrent-sweep: 0.001/0.001 secs] [Times: user=0.00 sys=0.00, real=0.00 secs] 
 (concurrent mode failure): 301545K->189906K(353920K), 0.0808240 secs] 447855K->189906K(507264K), [CMS Perm : 2871K->2871K(21248K)], 0.0809120 secs] [Times: user=0.08 sys=0.00, real=0.08 secs] 
Heap after GC invocations=94 (full 86):
 par new generation   total 153344K, used 0K [0x00000007dae00000, 0x00000007e5460000, 0x00000007e5460000)
  eden space 136320K,   0% used [0x00000007dae00000, 0x00000007dae00000, 0x00000007e3320000)
  from space 17024K,   0% used [0x00000007e3320000, 0x00000007e3320000, 0x00000007e43c0000)
  to   space 17024K,   0% used [0x00000007e43c0000, 0x00000007e43c0000, 0x00000007e5460000)
 concurrent mark-sweep generation total 353920K, used 189906K [0x00000007e5460000, 0x00000007fae00000, 0x00000007fae00000)
 concurrent-mark-sweep perm gen total 21248K, used 2871K [0x00000007fae00000, 0x00000007fc2c0000, 0x0000000800000000)
}
{Heap before GC invocations=94 (full 86):
 par new generation   total 153344K, used 131299K [0x00000007dae00000, 0x00000007e5460000, 0x00000007e5460000)
  eden space 136320K,  96% used [0x00000007dae00000, 0x00000007e2e38f98, 0x00000007e3320000)
  from space 17024K,   0% used [0x00000007e3320000, 0x00000007e3320000, 0x00000007e43c0000)
  to   space 17024K,   0% used [0x00000007e43c0000, 0x00000007e43c0000, 0x00000007e5460000)
 concurrent mark-sweep generation total 353920K, used 189906K [0x00000007e5460000, 0x00000007fae00000, 0x00000007fae00000)
 concurrent-mark-sweep perm gen total 21248K, used 2871K [0x00000007fae00000, 0x00000007fc2c0000, 0x0000000800000000)
11.496: [GC 11.496: [ParNew
Desired survivor size 8716288 bytes, new threshold 1 (max 6)
- age   1:   11231920 bytes,   11231920 total
: 131299K->10972K(153344K), 0.0517250 secs] 321206K->321206K(507264K), 0.0517900 secs] [Times: user=0.11 sys=0.00, real=0.05 secs] 
Heap after GC invocations=95 (full 86):
 par new generation   total 153344K, used 10972K [0x00000007dae00000, 0x00000007e5460000, 0x00000007e5460000)
  eden space 136320K,   0% used [0x00000007dae00000, 0x00000007dae00000, 0x00000007e3320000)
  from space 17024K,  64% used [0x00000007e43c0000, 0x00000007e4e77178, 0x00000007e5460000)
  to   space 17024K,   0% used [0x00000007e3320000, 0x00000007e3320000, 0x00000007e43c0000)
 concurrent mark-sweep generation total 353920K, used 310234K [0x00000007e5460000, 0x00000007fae00000, 0x00000007fae00000)
 concurrent-mark-sweep perm gen total 21248K, used 2871K [0x00000007fae00000, 0x00000007fc2c0000, 0x0000000800000000)
}
11.610: [GC [1 CMS-initial-mark: 310234K(353920K)] 446215K(507264K), 0.0001960 secs] [Times: user=0.00 sys=0.00, real=0.00 secs] 
11.610: [CMS-concurrent-mark-start]
11.616: [CMS-concurrent-mark: 0.006/0.006 secs] [Times: user=0.00 sys=0.00, real=0.01 secs] 
11.616: [CMS-concurrent-preclean-start]
{Heap before GC invocations=95 (full 87):
 par new generation   total 153344K, used 135981K [0x00000007dae00000, 0x00000007e5460000, 0x00000007e5460000)
  eden space 136320K,  91% used [0x00000007dae00000, 0x00000007e2814480, 0x00000007e3320000)
  from space 17024K,  64% used [0x00000007e43c0000, 0x00000007e4e77178, 0x00000007e5460000)
  to   space 17024K,   0% used [0x00000007e3320000, 0x00000007e3320000, 0x00000007e43c0000)
 concurrent mark-sweep generation total 353920K, used 310234K [0x00000007e5460000, 0x00000007fae00000, 0x00000007fae00000)
 concurrent-mark-sweep perm gen total 21248K, used 2871K [0x00000007fae00000, 0x00000007fc2c0000, 0x0000000800000000)
11.617: [GC 11.617: [ParNew: 135981K->135981K(153344K), 0.0000170 secs]11.617: [CMS11.617: [CMS-concurrent-preclean: 0.001/0.001 secs] [Times: user=0.00 sys=0.00, real=0.00 secs] 
 (concurrent mode failure): 310234K->151695K(353920K), 0.0640130 secs] 446215K->151695K(507264K), [CMS Perm : 2871K->2871K(21248K)], 0.0641060 secs] [Times: user=0.07 sys=0.00, real=0.06 secs] 
Heap after GC invocations=96 (full 88):
 par new generation   total 153344K, used 0K [0x00000007dae00000, 0x00000007e5460000, 0x00000007e5460000)
  eden space 136320K,   0% used [0x00000007dae00000, 0x00000007dae00000, 0x00000007e3320000)
  from space 17024K,   0% used [0x00000007e43c0000, 0x00000007e43c0000, 0x00000007e5460000)
  to   space 17024K,   0% used [0x00000007e3320000, 0x00000007e3320000, 0x00000007e43c0000)
 concurrent mark-sweep generation total 353920K, used 151695K [0x00000007e5460000, 0x00000007fae00000, 0x00000007fae00000)
 concurrent-mark-sweep perm gen total 21248K, used 2871K [0x00000007fae00000, 0x00000007fc2c0000, 0x0000000800000000)
}
{Heap before GC invocations=96 (full 88):
 par new generation   total 153344K, used 121156K [0x00000007dae00000, 0x00000007e5460000, 0x00000007e5460000)
  eden space 136320K,  88% used [0x00000007dae00000, 0x00000007e24513c0, 0x00000007e3320000)
  from space 17024K,   0% used [0x00000007e43c0000, 0x00000007e43c0000, 0x00000007e5460000)
  to   space 17024K,   0% used [0x00000007e3320000, 0x00000007e3320000, 0x00000007e43c0000)
 concurrent mark-sweep generation total 353920K, used 151695K [0x00000007e5460000, 0x00000007fae00000, 0x00000007fae00000)
 concurrent-mark-sweep perm gen total 21248K, used 2871K [0x00000007fae00000, 0x00000007fc2c0000, 0x0000000800000000)
11.744: [GC 11.744: [ParNew
Desired survivor size 8716288 bytes, new threshold 1 (max 6)
- age   1:   15961072 bytes,   15961072 total
: 121156K->15590K(153344K), 0.0544140 secs] 272852K->272856K(507264K), 0.0544820 secs] [Times: user=0.09 sys=0.00, real=0.05 secs] 
Heap after GC invocations=97 (full 88):
 par new generation   total 153344K, used 15590K [0x00000007dae00000, 0x00000007e5460000, 0x00000007e5460000)
  eden space 136320K,   0% used [0x00000007dae00000, 0x00000007dae00000, 0x00000007e3320000)
  from space 17024K,  91% used [0x00000007e3320000, 0x00000007e4259b20, 0x00000007e43c0000)
  to   space 17024K,   0% used [0x00000007e43c0000, 0x00000007e43c0000, 0x00000007e5460000)
 concurrent mark-sweep generation total 353920K, used 257265K [0x00000007e5460000, 0x00000007fae00000, 0x00000007fae00000)
 concurrent-mark-sweep perm gen total 21248K, used 2871K [0x00000007fae00000, 0x00000007fc2c0000, 0x0000000800000000)
}
11.806: [GC [1 CMS-initial-mark: 257265K(353920K)] 290220K(507264K), 0.0001840 secs] [Times: user=0.00 sys=0.00, real=0.00 secs] 
11.806: [CMS-concurrent-mark-start]
11.816: [CMS-concurrent-mark: 0.010/0.010 secs] [Times: user=0.02 sys=0.00, real=0.01 secs] 
11.816: [CMS-concurrent-preclean-start]
11.817: [CMS-concurrent-preclean: 0.001/0.001 secs] [Times: user=0.00 sys=0.00, real=0.00 secs] 
11.817: [CMS-concurrent-abortable-preclean-start]
{Heap before GC invocations=97 (full 89):
 par new generation   total 153344K, used 150888K [0x00000007dae00000, 0x00000007e5460000, 0x00000007e5460000)
  eden space 136320K,  99% used [0x00000007dae00000, 0x00000007e3220668, 0x00000007e3320000)
  from space 17024K,  91% used [0x00000007e3320000, 0x00000007e4259b20, 0x00000007e43c0000)
  to   space 17024K,   0% used [0x00000007e43c0000, 0x00000007e43c0000, 0x00000007e5460000)
 concurrent mark-sweep generation total 353920K, used 257265K [0x00000007e5460000, 0x00000007fae00000, 0x00000007fae00000)
 concurrent-mark-sweep perm gen total 21248K, used 2871K [0x00000007fae00000, 0x00000007fc2c0000, 0x0000000800000000)
11.869: [GC 11.869: [ParNew: 150888K->150888K(153344K), 0.0000220 secs]11.869: [CMS11.869: [CMS-concurrent-abortable-preclean: 0.002/0.052 secs] [Times: user=0.09 sys=0.00, real=0.05 secs] 
 (concurrent mode failure): 257265K->245804K(353920K), 0.1017930 secs] 408154K->245804K(507264K), [CMS Perm : 2871K->2871K(21248K)], 0.1018930 secs] [Times: user=0.10 sys=0.00, real=0.10 secs] 
Heap after GC invocations=98 (full 90):
 par new generation   total 153344K, used 0K [0x00000007dae00000, 0x00000007e5460000, 0x00000007e5460000)
  eden space 136320K,   0% used [0x00000007dae00000, 0x00000007dae00000, 0x00000007e3320000)
  from space 17024K,   0% used [0x00000007e3320000, 0x00000007e3320000, 0x00000007e43c0000)
  to   space 17024K,   0% used [0x00000007e43c0000, 0x00000007e43c0000, 0x00000007e5460000)
 concurrent mark-sweep generation total 353920K, used 245804K [0x00000007e5460000, 0x00000007fae00000, 0x00000007fae00000)
 concurrent-mark-sweep perm gen total 21248K, used 2871K [0x00000007fae00000, 0x00000007fc2c0000, 0x0000000800000000)
}
{Heap before GC invocations=98 (full 90):
 par new generation   total 153344K, used 123960K [0x00000007dae00000, 0x00000007e5460000, 0x00000007e5460000)
  eden space 136320K,  90% used [0x00000007dae00000, 0x00000007e270e020, 0x00000007e3320000)
  from space 17024K,   0% used [0x00000007e3320000, 0x00000007e3320000, 0x00000007e43c0000)
  to   space 17024K,   0% used [0x00000007e43c0000, 0x00000007e43c0000, 0x00000007e5460000)
 concurrent mark-sweep generation total 353920K, used 245804K [0x00000007e5460000, 0x00000007fae00000, 0x00000007fae00000)
 concurrent-mark-sweep perm gen total 21248K, used 2871K [0x00000007fae00000, 0x00000007fc2c0000, 0x0000000800000000)
12.034: [GC 12.034: [ParNew: 123960K->123960K(153344K), 0.0000240 secs]12.034: [CMS: 245804K->167908K(353920K), 0.0744970 secs] 369764K->167908K(507264K), [CMS Perm : 2871K->2871K(21248K)], 0.0746530 secs] [Times: user=0.07 sys=0.00, real=0.07 secs] 
Heap after GC invocations=99 (full 91):
 par new generation   total 153344K, used 0K [0x00000007dae00000, 0x00000007e5460000, 0x00000007e5460000)
  eden space 136320K,   0% used [0x00000007dae00000, 0x00000007dae00000, 0x00000007e3320000)
  from space 17024K,   0% used [0x00000007e3320000, 0x00000007e3320000, 0x00000007e43c0000)
  to   space 17024K,   0% used [0x00000007e43c0000, 0x00000007e43c0000, 0x00000007e5460000)
 concurrent mark-sweep generation total 353920K, used 167908K [0x00000007e5460000, 0x00000007fae00000, 0x00000007fae00000)
 concurrent-mark-sweep perm gen total 21248K, used 2871K [0x00000007fae00000, 0x00000007fc2c0000, 0x0000000800000000)
}
{Heap before GC invocations=99 (full 91):
 par new generation   total 153344K, used 135314K [0x00000007dae00000, 0x00000007e5460000, 0x00000007e5460000)
  eden space 136320K,  99% used [0x00000007dae00000, 0x00000007e32249e0, 0x00000007e3320000)
  from space 17024K,   0% used [0x00000007e3320000, 0x00000007e3320000, 0x00000007e43c0000)
  to   space 17024K,   0% used [0x00000007e43c0000, 0x00000007e43c0000, 0x00000007e5460000)
 concurrent mark-sweep generation total 353920K, used 167908K [0x00000007e5460000, 0x00000007fae00000, 0x00000007fae00000)
 concurrent-mark-sweep perm gen total 21248K, used 2871K [0x00000007fae00000, 0x00000007fc2c0000, 0x0000000800000000)
12.178: [GC 12.178: [ParNew
Desired survivor size 8716288 bytes, new threshold 1 (max 6)
- age   1:   12671664 bytes,   12671664 total
: 135314K->12378K(153344K), 0.0555590 secs] 303223K->303222K(507264K), 0.0556230 secs] [Times: user=0.10 sys=0.00, real=0.05 secs] 
Heap after GC invocations=100 (full 91):
 par new generation   total 153344K, used 12378K [0x00000007dae00000, 0x00000007e5460000, 0x00000007e5460000)
  eden space 136320K,   0% used [0x00000007dae00000, 0x00000007dae00000, 0x00000007e3320000)
  from space 17024K,  72% used [0x00000007e43c0000, 0x00000007e4fd6928, 0x00000007e5460000)
  to   space 17024K,   0% used [0x00000007e3320000, 0x00000007e3320000, 0x00000007e43c0000)
 concurrent mark-sweep generation total 353920K, used 290844K [0x00000007e5460000, 0x00000007fae00000, 0x00000007fae00000)
 concurrent-mark-sweep perm gen total 21248K, used 2871K [0x00000007fae00000, 0x00000007fc2c0000, 0x0000000800000000)
}
12.274: [GC [1 CMS-initial-mark: 290844K(353920K)] 386310K(507264K), 0.0002030 secs] [Times: user=0.00 sys=0.00, real=0.00 secs] 
12.275: [CMS-concurrent-mark-start]
12.284: [CMS-concurrent-mark: 0.009/0.009 secs] [Times: user=0.02 sys=0.00, real=0.01 secs] 
12.284: [CMS-concurrent-preclean-start]
{Heap before GC invocations=100 (full 92):
 par new generation   total 153344K, used 132164K [0x00000007dae00000, 0x00000007e5460000, 0x00000007e5460000)
  eden space 136320K,  87% used [0x00000007dae00000, 0x00000007e22faa00, 0x00000007e3320000)
  from space 17024K,  72% used [0x00000007e43c0000, 0x00000007e4fd6928, 0x00000007e5460000)
  to   space 17024K,   0% used [0x00000007e3320000, 0x00000007e3320000, 0x00000007e43c0000)
 concurrent mark-sweep generation total 353920K, used 290844K [0x00000007e5460000, 0x00000007fae00000, 0x00000007fae00000)
 concurrent-mark-sweep perm gen total 21248K, used 2871K [0x00000007fae00000, 0x00000007fc2c0000, 0x0000000800000000)
12.295: [GC 12.295: [ParNew: 132164K->132164K(153344K), 0.0000240 secs]12.295: [CMS12.295: [CMS-concurrent-preclean: 0.001/0.011 secs] [Times: user=0.01 sys=0.00, real=0.01 secs] 
 (concurrent mode failure): 290844K->200470K(353920K), 0.0872480 secs] 423009K->200470K(507264K), [CMS Perm : 2871K->2871K(21248K)], 0.0873780 secs] [Times: user=0.09 sys=0.00, real=0.08 secs] 
Heap after GC invocations=101 (full 93):
 par new generation   total 153344K, used 0K [0x00000007dae00000, 0x00000007e5460000, 0x00000007e5460000)
  eden space 136320K,   0% used [0x00000007dae00000, 0x00000007dae00000, 0x00000007e3320000)
  from space 17024K,   0% used [0x00000007e43c0000, 0x00000007e43c0000, 0x00000007e5460000)
  to   space 17024K,   0% used [0x00000007e3320000, 0x00000007e3320000, 0x00000007e43c0000)
 concurrent mark-sweep generation total 353920K, used 200470K [0x00000007e5460000, 0x00000007fae00000, 0x00000007fae00000)
 concurrent-mark-sweep perm gen total 21248K, used 2871K [0x00000007fae00000, 0x00000007fc2c0000, 0x0000000800000000)
}
Heap
 par new generation   total 153344K, used 39764K [0x00000007dae00000, 0x00000007e5460000, 0x00000007e5460000)
  eden space 136320K,  29% used [0x00000007dae00000, 0x00000007dd4d5390, 0x00000007e3320000)
  from space 17024K,   0% used [0x00000007e43c0000, 0x00000007e43c0000, 0x00000007e5460000)
  to   space 17024K,   0% used [0x00000007e3320000, 0x00000007e3320000, 0x00000007e43c0000)
 concurrent mark-sweep generation total 353920K, used 200470K [0x00000007e5460000, 0x00000007fae00000, 0x00000007fae00000)
 concurrent-mark-sweep perm gen total 21248K, used 2880K [0x00000007fae00000, 0x00000007fc2c0000, 0x0000000800000000)
