{Heap before GC invocations=0 (full 0):
 def new generation   total 76672K, used 55632K [0x0000000105450000, 0x000000010a780000, 0x000000010a780000)
  eden space 68160K,  81% used [0x0000000105450000, 0x0000000108aa41e8, 0x00000001096e0000)
  from space 8512K,   0% used [0x00000001096e0000, 0x00000001096e0000, 0x0000000109f30000)
  to   space 8512K,   0% used [0x0000000109f30000, 0x0000000109f30000, 0x000000010a780000)
 concurrent mark-sweep generation total 45888K, used 0K [0x000000010a780000, 0x000000010d450000, 0x0000000125450000)
 concurrent-mark-sweep perm gen total 21248K, used 2865K [0x0000000125450000, 0x0000000126910000, 0x000000012a650000)
0.133: [GC 0.133: [DefNew
Desired survivor size 4358144 bytes, new threshold 6 (max 6)
- age   1:     342680 bytes,     342680 total
: 55632K->334K(76672K), 0.0582870 secs] 55632K->42335K(122560K), 0.0583700 secs] [Times: user=0.04 sys=0.02, real=0.06 secs] 
Heap after GC invocations=1 (full 0):
 def new generation   total 76672K, used 334K [0x0000000105450000, 0x000000010a780000, 0x000000010a780000)
  eden space 68160K,   0% used [0x0000000105450000, 0x0000000105450000, 0x00000001096e0000)
  from space 8512K,   3% used [0x0000000109f30000, 0x0000000109f83a98, 0x000000010a780000)
  to   space 8512K,   0% used [0x00000001096e0000, 0x00000001096e0000, 0x0000000109f30000)
 concurrent mark-sweep generation total 45888K, used 42001K [0x000000010a780000, 0x000000010d450000, 0x0000000125450000)
 concurrent-mark-sweep perm gen total 21248K, used 2865K [0x0000000125450000, 0x0000000126910000, 0x000000012a650000)
}
{Heap before GC invocations=1 (full 0):
 def new generation   total 76672K, used 67338K [0x0000000105450000, 0x000000010a780000, 0x000000010a780000)
  eden space 68160K,  98% used [0x0000000105450000, 0x00000001095bee98, 0x00000001096e0000)
  from space 8512K,   3% used [0x0000000109f30000, 0x0000000109f83a98, 0x000000010a780000)
  to   space 8512K,   0% used [0x00000001096e0000, 0x00000001096e0000, 0x0000000109f30000)
 concurrent mark-sweep generation total 45888K, used 42001K [0x000000010a780000, 0x000000010d450000, 0x0000000125450000)
 concurrent-mark-sweep perm gen total 21248K, used 2873K [0x0000000125450000, 0x0000000126910000, 0x000000012a650000)
0.229: [GC 0.229: [DefNew
Desired survivor size 4358144 bytes, new threshold 6 (max 6)
- age   1:        664 bytes,        664 total
- age   2:     314800 bytes,     315464 total
: 67338K->308K(76672K), 0.0835420 secs] 109339K->105189K(185456K), 0.0836110 secs] [Times: user=0.05 sys=0.03, real=0.09 secs] 
Heap after GC invocations=2 (full 0):
 def new generation   total 76672K, used 308K [0x0000000105450000, 0x000000010a780000, 0x000000010a780000)
  eden space 68160K,   0% used [0x0000000105450000, 0x0000000105450000, 0x00000001096e0000)
  from space 8512K,   3% used [0x00000001096e0000, 0x000000010972d048, 0x0000000109f30000)
  to   space 8512K,   0% used [0x0000000109f30000, 0x0000000109f30000, 0x000000010a780000)
 concurrent mark-sweep generation total 108784K, used 104881K [0x000000010a780000, 0x00000001111bc000, 0x0000000125450000)
 concurrent-mark-sweep perm gen total 21248K, used 2873K [0x0000000125450000, 0x0000000126910000, 0x000000012a650000)
}
0.333: [GC [1 CMS-initial-mark: 104881K(108784K)] 150075K(185456K), 0.0006170 secs] [Times: user=0.00 sys=0.00, real=0.00 secs] 
0.334: [CMS-concurrent-mark-start]
{Heap before GC invocations=2 (full 1):
 def new generation   total 76672K, used 66773K [0x0000000105450000, 0x000000010a780000, 0x000000010a780000)
  eden space 68160K,  97% used [0x0000000105450000, 0x0000000109538640, 0x00000001096e0000)
  from space 8512K,   3% used [0x00000001096e0000, 0x000000010972d048, 0x0000000109f30000)
  to   space 8512K,   0% used [0x0000000109f30000, 0x0000000109f30000, 0x000000010a780000)
 concurrent mark-sweep generation total 108784K, used 104881K [0x000000010a780000, 0x00000001111bc000, 0x0000000125450000)
 concurrent-mark-sweep perm gen total 21248K, used 2873K [0x0000000125450000, 0x0000000126910000, 0x000000012a650000)
0.350: [GC 0.350: [DefNew
Desired survivor size 4358144 bytes, new threshold 6 (max 6)
- age   1:        576 bytes,        576 total
- age   2:        592 bytes,       1168 total
- age   3:     311112 bytes,     312280 total
: 66773K->304K(76672K), 0.0843970 secs] 171655K->169589K(249868K), 0.0844840 secs] [Times: user=0.05 sys=0.04, real=0.08 secs] 
Heap after GC invocations=3 (full 1):
 def new generation   total 76672K, used 304K [0x0000000105450000, 0x000000010a780000, 0x000000010a780000)
  eden space 68160K,   0% used [0x0000000105450000, 0x0000000105450000, 0x00000001096e0000)
  from space 8512K,   3% used [0x0000000109f30000, 0x0000000109f7c3d8, 0x000000010a780000)
  to   space 8512K,   0% used [0x00000001096e0000, 0x00000001096e0000, 0x0000000109f30000)
 concurrent mark-sweep generation total 173196K, used 169284K [0x000000010a780000, 0x00000001150a3000, 0x0000000125450000)
 concurrent-mark-sweep perm gen total 21248K, used 2873K [0x0000000125450000, 0x0000000126910000, 0x000000012a650000)
}
0.447: [CMS-concurrent-mark: 0.028/0.113 secs] [Times: user=0.08 sys=0.05, real=0.11 secs] 
0.447: [CMS-concurrent-preclean-start]
0.448: [CMS-concurrent-preclean: 0.001/0.001 secs] [Times: user=0.01 sys=0.00, real=0.00 secs] 
0.448: [CMS-concurrent-abortable-preclean-start]
{Heap before GC invocations=3 (full 1):
 def new generation   total 76672K, used 62323K [0x0000000105450000, 0x000000010a780000, 0x000000010a780000)
  eden space 68160K,  90% used [0x0000000105450000, 0x00000001090e0bd0, 0x00000001096e0000)
  from space 8512K,   3% used [0x0000000109f30000, 0x0000000109f7c3d8, 0x000000010a780000)
  to   space 8512K,   0% used [0x00000001096e0000, 0x00000001096e0000, 0x0000000109f30000)
 concurrent mark-sweep generation total 173196K, used 169284K [0x000000010a780000, 0x00000001150a3000, 0x0000000125450000)
 concurrent-mark-sweep perm gen total 21248K, used 2873K [0x0000000125450000, 0x0000000126910000, 0x000000012a650000)
0.466: [GC 0.466: [DefNew0.552: [CMS-concurrent-abortable-preclean: 0.002/0.103 secs] [Times: user=0.07 sys=0.04, real=0.11 secs] 

Desired survivor size 4358144 bytes, new threshold 6 (max 6)
- age   1:         72 bytes,         72 total
- age   2:        576 bytes,        648 total
- age   3:        592 bytes,       1240 total
- age   4:     311112 bytes,     312352 total
: 62323K->305K(76672K), 0.0857960 secs] 231608K->230454K(310748K), 0.0858610 secs] [Times: user=0.04 sys=0.04, real=0.09 secs] 
Heap after GC invocations=4 (full 1):
 def new generation   total 76672K, used 305K [0x0000000105450000, 0x000000010a780000, 0x000000010a780000)
  eden space 68160K,   0% used [0x0000000105450000, 0x0000000105450000, 0x00000001096e0000)
  from space 8512K,   3% used [0x00000001096e0000, 0x000000010972c420, 0x0000000109f30000)
  to   space 8512K,   0% used [0x0000000109f30000, 0x0000000109f30000, 0x000000010a780000)
 concurrent mark-sweep generation total 234076K, used 230149K [0x000000010a780000, 0x0000000118c17000, 0x0000000125450000)
 concurrent-mark-sweep perm gen total 21248K, used 2873K [0x0000000125450000, 0x0000000126910000, 0x000000012a650000)
}
0.558: [GC[YG occupancy: 14868 K (76672 K)]0.558: [Rescan (non-parallel) 0.558: [grey object rescan, 0.0015300 secs]0.560: [root rescan, 0.0004070 secs], 0.0019620 secs]0.560: [weak refs processing, 0.0000060 secs]0.560: [scrub string table, 0.0000200 secs] [1 CMS-remark: 230149K(234076K)] 245017K(310748K), 0.0020560 secs] [Times: user=0.00 sys=0.00, real=0.01 secs] 
0.573: [CMS-concurrent-sweep-start]
0.573: [CMS-concurrent-sweep: 0.000/0.000 secs] [Times: user=0.00 sys=0.00, real=0.00 secs] 
0.575: [CMS-concurrent-reset-start]
0.579: [CMS-concurrent-reset: 0.005/0.005 secs] [Times: user=0.02 sys=0.00, real=0.01 secs] 
{Heap before GC invocations=4 (full 1):
 def new generation   total 76672K, used 63094K [0x0000000105450000, 0x000000010a780000, 0x000000010a780000)
  eden space 68160K,  92% used [0x0000000105450000, 0x00000001091a1520, 0x00000001096e0000)
  from space 8512K,   3% used [0x00000001096e0000, 0x000000010972c420, 0x0000000109f30000)
  to   space 8512K,   0% used [0x0000000109f30000, 0x0000000109f30000, 0x000000010a780000)
 concurrent mark-sweep generation total 360252K, used 216149K [0x000000010a780000, 0x000000012074f000, 0x0000000125450000)
 concurrent-mark-sweep perm gen total 21248K, used 2873K [0x0000000125450000, 0x0000000126910000, 0x000000012a650000)
0.586: [GC 0.586: [DefNew
Desired survivor size 4358144 bytes, new threshold 6 (max 6)
- age   1:        304 bytes,        304 total
- age   2:         56 bytes,        360 total
- age   3:        424 bytes,        784 total
- age   4:        552 bytes,       1336 total
- age   5:     311064 bytes,     312400 total
: 63094K->305K(76672K), 0.0714430 secs] 279243K->278786K(436924K), 0.0715120 secs] [Times: user=0.04 sys=0.03, real=0.07 secs] 
Heap after GC invocations=5 (full 1):
 def new generation   total 76672K, used 305K [0x0000000105450000, 0x000000010a780000, 0x000000010a780000)
  eden space 68160K,   0% used [0x0000000105450000, 0x0000000105450000, 0x00000001096e0000)
  from space 8512K,   3% used [0x0000000109f30000, 0x0000000109f7c450, 0x000000010a780000)
  to   space 8512K,   0% used [0x00000001096e0000, 0x00000001096e0000, 0x0000000109f30000)
 concurrent mark-sweep generation total 360252K, used 278481K [0x000000010a780000, 0x000000012074f000, 0x0000000125450000)
 concurrent-mark-sweep perm gen total 21248K, used 2873K [0x0000000125450000, 0x0000000126910000, 0x000000012a650000)
}
{Heap before GC invocations=5 (full 1):
 def new generation   total 76672K, used 57451K [0x0000000105450000, 0x000000010a780000, 0x000000010a780000)
  eden space 68160K,  83% used [0x0000000105450000, 0x0000000108c1ea00, 0x00000001096e0000)
  from space 8512K,   3% used [0x0000000109f30000, 0x0000000109f7c450, 0x000000010a780000)
  to   space 8512K,   0% used [0x00000001096e0000, 0x00000001096e0000, 0x0000000109f30000)
 concurrent mark-sweep generation total 360252K, used 278481K [0x000000010a780000, 0x000000012074f000, 0x0000000125450000)
 concurrent-mark-sweep perm gen total 21248K, used 2873K [0x0000000125450000, 0x0000000126910000, 0x000000012a650000)
0.685: [GC 0.685: [DefNew
Desired survivor size 4358144 bytes, new threshold 6 (max 6)
- age   1:         72 bytes,         72 total
- age   2:        288 bytes,        360 total
- age   3:         56 bytes,        416 total
- age   4:        424 bytes,        840 total
- age   5:        552 bytes,       1392 total
- age   6:     311064 bytes,     312456 total
: 57451K->305K(76672K), 0.0769290 secs] 335932K->335932K(436924K), 0.0769900 secs] [Times: user=0.05 sys=0.03, real=0.08 secs] 
Heap after GC invocations=6 (full 1):
 def new generation   total 76672K, used 305K [0x0000000105450000, 0x000000010a780000, 0x000000010a780000)
  eden space 68160K,   0% used [0x0000000105450000, 0x0000000105450000, 0x00000001096e0000)
  from space 8512K,   3% used [0x00000001096e0000, 0x000000010972c488, 0x0000000109f30000)
  to   space 8512K,   0% used [0x0000000109f30000, 0x0000000109f30000, 0x000000010a780000)
 concurrent mark-sweep generation total 360252K, used 335627K [0x000000010a780000, 0x000000012074f000, 0x0000000125450000)
 concurrent-mark-sweep perm gen total 21248K, used 2873K [0x0000000125450000, 0x0000000126910000, 0x000000012a650000)
}
{Heap before GC invocations=6 (full 1):
 def new generation   total 76672K, used 61483K [0x0000000105450000, 0x000000010a780000, 0x000000010a780000)
  eden space 68160K,  89% used [0x0000000105450000, 0x000000010900e8b8, 0x00000001096e0000)
  from space 8512K,   3% used [0x00000001096e0000, 0x000000010972c488, 0x0000000109f30000)
  to   space 8512K,   0% used [0x0000000109f30000, 0x0000000109f30000, 0x000000010a780000)
 concurrent mark-sweep generation total 360252K, used 335627K [0x000000010a780000, 0x000000012074f000, 0x0000000125450000)
 concurrent-mark-sweep perm gen total 21248K, used 2873K [0x0000000125450000, 0x0000000126910000, 0x000000012a650000)
0.792: [GC 0.792: [DefNew
Desired survivor size 4358144 bytes, new threshold 6 (max 6)
- age   1:        224 bytes,        224 total
- age   2:         72 bytes,        296 total
- age   3:        256 bytes,        552 total
- age   4:         56 bytes,        608 total
- age   5:        368 bytes,        976 total
- age   6:        496 bytes,       1472 total
: 61483K->1K(76672K), 0.0822080 secs] 397110K->396115K(482004K), 0.0823040 secs] [Times: user=0.05 sys=0.03, real=0.08 secs] 
Heap after GC invocations=7 (full 1):
 def new generation   total 76672K, used 1K [0x0000000105450000, 0x000000010a780000, 0x000000010a780000)
  eden space 68160K,   0% used [0x0000000105450000, 0x0000000105450000, 0x00000001096e0000)
  from space 8512K,   0% used [0x0000000109f30000, 0x0000000109f305c0, 0x000000010a780000)
  to   space 8512K,   0% used [0x00000001096e0000, 0x00000001096e0000, 0x0000000109f30000)
 concurrent mark-sweep generation total 405332K, used 396113K [0x000000010a780000, 0x0000000123355000, 0x0000000125450000)
 concurrent-mark-sweep perm gen total 21248K, used 2873K [0x0000000125450000, 0x0000000126910000, 0x000000012a650000)
}
{Heap before GC invocations=7 (full 1):
 def new generation   total 76672K, used 57054K [0x0000000105450000, 0x000000010a780000, 0x000000010a780000)
  eden space 68160K,  83% used [0x0000000105450000, 0x0000000108c07440, 0x00000001096e0000)
  from space 8512K,   0% used [0x0000000109f30000, 0x0000000109f305c0, 0x000000010a780000)
  to   space 8512K,   0% used [0x00000001096e0000, 0x00000001096e0000, 0x0000000109f30000)
 concurrent mark-sweep generation total 405332K, used 396113K [0x000000010a780000, 0x0000000123355000, 0x0000000125450000)
 concurrent-mark-sweep perm gen total 21248K, used 2873K [0x0000000125450000, 0x0000000126910000, 0x000000012a650000)
0.902: [GC 0.902: [DefNew: 57054K->57054K(76672K), 0.0000190 secs]0.902: [CMS: 396113K->331867K(405332K), 0.1399220 secs] 453168K->331867K(482004K), [CMS Perm : 2873K->2871K(21248K)], 0.1402550 secs] [Times: user=0.14 sys=0.01, real=0.14 secs] 
Heap after GC invocations=8 (full 2):
 def new generation   total 76672K, used 0K [0x0000000105450000, 0x000000010a780000, 0x000000010a780000)
  eden space 68160K,   0% used [0x0000000105450000, 0x0000000105450000, 0x00000001096e0000)
  from space 8512K,   0% used [0x0000000109f30000, 0x0000000109f30000, 0x000000010a780000)
  to   space 8512K,   0% used [0x00000001096e0000, 0x00000001096e0000, 0x0000000109f30000)
 concurrent mark-sweep generation total 439104K, used 331867K [0x000000010a780000, 0x0000000125450000, 0x0000000125450000)
 concurrent-mark-sweep perm gen total 21248K, used 2871K [0x0000000125450000, 0x0000000126910000, 0x000000012a650000)
}
{Heap before GC invocations=8 (full 2):
 def new generation   total 76672K, used 58925K [0x0000000105450000, 0x000000010a780000, 0x000000010a780000)
  eden space 68160K,  86% used [0x0000000105450000, 0x0000000108ddb6f0, 0x00000001096e0000)
  from space 8512K,   0% used [0x0000000109f30000, 0x0000000109f30000, 0x000000010a780000)
  to   space 8512K,   0% used [0x00000001096e0000, 0x00000001096e0000, 0x0000000109f30000)
 concurrent mark-sweep generation total 439104K, used 331867K [0x000000010a780000, 0x0000000125450000, 0x0000000125450000)
 concurrent-mark-sweep perm gen total 21248K, used 2871K [0x0000000125450000, 0x0000000126910000, 0x000000012a650000)
1.071: [GC 1.071: [DefNew
Desired survivor size 4358144 bytes, new threshold 6 (max 6)
- age   1:        152 bytes,        152 total
: 58925K->0K(76672K), 0.0269830 secs] 390793K->389637K(515776K), 0.0270560 secs] [Times: user=0.03 sys=0.00, real=0.02 secs] 
Heap after GC invocations=9 (full 2):
 def new generation   total 76672K, used 0K [0x0000000105450000, 0x000000010a780000, 0x000000010a780000)
  eden space 68160K,   0% used [0x0000000105450000, 0x0000000105450000, 0x00000001096e0000)
  from space 8512K,   0% used [0x00000001096e0000, 0x00000001096e0098, 0x0000000109f30000)
  to   space 8512K,   0% used [0x0000000109f30000, 0x0000000109f30000, 0x000000010a780000)
 concurrent mark-sweep generation total 439104K, used 389637K [0x000000010a780000, 0x0000000125450000, 0x0000000125450000)
 concurrent-mark-sweep perm gen total 21248K, used 2871K [0x0000000125450000, 0x0000000126910000, 0x000000012a650000)
}
1.113: [GC [1 CMS-initial-mark: 389637K(439104K)] 423494K(515776K), 0.0003090 secs] [Times: user=0.00 sys=0.00, real=0.00 secs] 
1.114: [CMS-concurrent-mark-start]
1.127: [CMS-concurrent-mark: 0.013/0.013 secs] [Times: user=0.03 sys=0.00, real=0.01 secs] 
1.127: [CMS-concurrent-preclean-start]
1.128: [CMS-concurrent-preclean: 0.001/0.001 secs] [Times: user=0.00 sys=0.00, real=0.00 secs] 
1.128: [CMS-concurrent-abortable-preclean-start]
1.128: [CMS-concurrent-abortable-preclean: 0.000/0.000 secs] [Times: user=0.00 sys=0.00, real=0.00 secs] 
{Heap before GC invocations=9 (full 3):
 def new generation   total 76672K, used 60114K [0x0000000105450000, 0x000000010a780000, 0x000000010a780000)
  eden space 68160K,  88% used [0x0000000105450000, 0x0000000108f04a50, 0x00000001096e0000)
  from space 8512K,   0% used [0x00000001096e0000, 0x00000001096e0098, 0x0000000109f30000)
  to   space 8512K,   0% used [0x0000000109f30000, 0x0000000109f30000, 0x000000010a780000)
 concurrent mark-sweep generation total 439104K, used 389637K [0x000000010a780000, 0x0000000125450000, 0x0000000125450000)
 concurrent-mark-sweep perm gen total 21248K, used 2871K [0x0000000125450000, 0x0000000126910000, 0x000000012a650000)
1.129: [GC 1.129: [DefNew: 60114K->60114K(76672K), 0.0000170 secs]1.129: [CMS (concurrent mode failure): 389637K->435864K(439104K), 0.0928950 secs] 449751K->448988K(515776K), [CMS Perm : 2871K->2871K(21248K)], 0.0929940 secs] [Times: user=0.07 sys=0.02, real=0.09 secs] 
Heap after GC invocations=10 (full 4):
 def new generation   total 76672K, used 13124K [0x0000000105450000, 0x000000010a780000, 0x000000010a780000)
  eden space 68160K,  19% used [0x0000000105450000, 0x0000000106121128, 0x00000001096e0000)
  from space 8512K,   0% used [0x00000001096e0000, 0x00000001096e0000, 0x0000000109f30000)
  to   space 8512K,   0% used [0x0000000109f30000, 0x0000000109f30000, 0x000000010a780000)
 concurrent mark-sweep generation total 439104K, used 435864K [0x000000010a780000, 0x0000000125450000, 0x0000000125450000)
 concurrent-mark-sweep perm gen total 21248K, used 2871K [0x0000000125450000, 0x0000000126910000, 0x000000012a650000)
}
{Heap before GC invocations=10 (full 4):
 def new generation   total 76672K, used 55746K [0x0000000105450000, 0x000000010a780000, 0x000000010a780000)
  eden space 68160K,  81% used [0x0000000105450000, 0x0000000108ac0be8, 0x00000001096e0000)
  from space 8512K,   0% used [0x00000001096e0000, 0x00000001096e0000, 0x0000000109f30000)
  to   space 8512K,   0% used [0x0000000109f30000, 0x0000000109f30000, 0x000000010a780000)
 concurrent mark-sweep generation total 439104K, used 435864K [0x000000010a780000, 0x0000000125450000, 0x0000000125450000)
 concurrent-mark-sweep perm gen total 21248K, used 2871K [0x0000000125450000, 0x0000000126910000, 0x000000012a650000)
1.243: [Full GC 1.243: [CMS: 435864K->435864K(439104K), 0.0253840 secs] 491611K->491611K(515776K), [CMS Perm : 2871K->2871K(21248K)], 0.0254530 secs] [Times: user=0.03 sys=0.00, real=0.02 secs] 
Heap after GC invocations=11 (full 5):
 def new generation   total 76672K, used 55746K [0x0000000105450000, 0x000000010a780000, 0x000000010a780000)
  eden space 68160K,  81% used [0x0000000105450000, 0x0000000108ac0bd8, 0x00000001096e0000)
  from space 8512K,   0% used [0x00000001096e0000, 0x00000001096e0000, 0x0000000109f30000)
  to   space 8512K,   0% used [0x0000000109f30000, 0x0000000109f30000, 0x000000010a780000)
 concurrent mark-sweep generation total 439104K, used 435864K [0x000000010a780000, 0x0000000125450000, 0x0000000125450000)
 concurrent-mark-sweep perm gen total 21248K, used 2871K [0x0000000125450000, 0x0000000126910000, 0x000000012a650000)
}
{Heap before GC invocations=11 (full 5):
 def new generation   total 76672K, used 55746K [0x0000000105450000, 0x000000010a780000, 0x000000010a780000)
  eden space 68160K,  81% used [0x0000000105450000, 0x0000000108ac0bd8, 0x00000001096e0000)
  from space 8512K,   0% used [0x00000001096e0000, 0x00000001096e0000, 0x0000000109f30000)
  to   space 8512K,   0% used [0x0000000109f30000, 0x0000000109f30000, 0x000000010a780000)
 concurrent mark-sweep generation total 439104K, used 435864K [0x000000010a780000, 0x0000000125450000, 0x0000000125450000)
 concurrent-mark-sweep perm gen total 21248K, used 2871K [0x0000000125450000, 0x0000000126910000, 0x000000012a650000)
1.268: [Full GC 1.269: [CMS: 435864K->435854K(439104K), 0.1317930 secs] 491611K->491601K(515776K), [CMS Perm : 2871K->2871K(21248K)], 0.1318520 secs] [Times: user=0.13 sys=0.00, real=0.14 secs] 
Heap after GC invocations=12 (full 6):
 def new generation   total 76672K, used 55746K [0x0000000105450000, 0x000000010a780000, 0x000000010a780000)
  eden space 68160K,  81% used [0x0000000105450000, 0x0000000108ac0bd8, 0x00000001096e0000)
  from space 8512K,   0% used [0x00000001096e0000, 0x00000001096e0000, 0x0000000109f30000)
  to   space 8512K,   0% used [0x0000000109f30000, 0x0000000109f30000, 0x000000010a780000)
 concurrent mark-sweep generation total 439104K, used 435854K [0x000000010a780000, 0x0000000125450000, 0x0000000125450000)
 concurrent-mark-sweep perm gen total 21248K, used 2871K [0x0000000125450000, 0x0000000126910000, 0x000000012a650000)
}
{Heap before GC invocations=12 (full 6):
 def new generation   total 76672K, used 55747K [0x0000000105450000, 0x000000010a780000, 0x000000010a780000)
  eden space 68160K,  81% used [0x0000000105450000, 0x0000000108ac0c60, 0x00000001096e0000)
  from space 8512K,   0% used [0x00000001096e0000, 0x00000001096e0000, 0x0000000109f30000)
  to   space 8512K,   0% used [0x0000000109f30000, 0x0000000109f30000, 0x000000010a780000)
 concurrent mark-sweep generation total 439104K, used 435854K [0x000000010a780000, 0x0000000125450000, 0x0000000125450000)
 concurrent-mark-sweep perm gen total 21248K, used 2871K [0x0000000125450000, 0x0000000126910000, 0x000000012a650000)
1.401: [Full GC 1.401: [CMS: 435854K->420323K(439104K), 0.1724540 secs] 491601K->441614K(515776K), [CMS Perm : 2871K->2871K(21248K)], 0.1725150 secs] [Times: user=0.17 sys=0.00, real=0.17 secs] 
Heap after GC invocations=13 (full 7):
 def new generation   total 76672K, used 21291K [0x0000000105450000, 0x000000010a780000, 0x000000010a780000)
  eden space 68160K,  31% used [0x0000000105450000, 0x000000010691af38, 0x00000001096e0000)
  from space 8512K,   0% used [0x00000001096e0000, 0x00000001096e0000, 0x0000000109f30000)
  to   space 8512K,   0% used [0x0000000109f30000, 0x0000000109f30000, 0x000000010a780000)
 concurrent mark-sweep generation total 439104K, used 420323K [0x000000010a780000, 0x0000000125450000, 0x0000000125450000)
 concurrent-mark-sweep perm gen total 21248K, used 2871K [0x0000000125450000, 0x0000000126910000, 0x000000012a650000)
}
{Heap before GC invocations=13 (full 7):
 def new generation   total 76672K, used 55598K [0x0000000105450000, 0x000000010a780000, 0x000000010a780000)
  eden space 68160K,  81% used [0x0000000105450000, 0x0000000108a9ba70, 0x00000001096e0000)
  from space 8512K,   0% used [0x00000001096e0000, 0x00000001096e0000, 0x0000000109f30000)
  to   space 8512K,   0% used [0x0000000109f30000, 0x0000000109f30000, 0x000000010a780000)
 concurrent mark-sweep generation total 439104K, used 420323K [0x000000010a780000, 0x0000000125450000, 0x0000000125450000)
 concurrent-mark-sweep perm gen total 21248K, used 2871K [0x0000000125450000, 0x0000000126910000, 0x000000012a650000)
1.590: [Full GC 1.590: [CMS: 420323K->420323K(439104K), 0.0135750 secs] 475921K->475619K(515776K), [CMS Perm : 2871K->2871K(21248K)], 0.0136500 secs] [Times: user=0.01 sys=0.00, real=0.01 secs] 
Heap after GC invocations=14 (full 8):
 def new generation   total 76672K, used 55296K [0x0000000105450000, 0x000000010a780000, 0x000000010a780000)
  eden space 68160K,  81% used [0x0000000105450000, 0x0000000108a50348, 0x00000001096e0000)
  from space 8512K,   0% used [0x00000001096e0000, 0x00000001096e0000, 0x0000000109f30000)
  to   space 8512K,   0% used [0x0000000109f30000, 0x0000000109f30000, 0x000000010a780000)
 concurrent mark-sweep generation total 439104K, used 420323K [0x000000010a780000, 0x0000000125450000, 0x0000000125450000)
 concurrent-mark-sweep perm gen total 21248K, used 2871K [0x0000000125450000, 0x0000000126910000, 0x000000012a650000)
}
{Heap before GC invocations=14 (full 8):
 def new generation   total 76672K, used 55296K [0x0000000105450000, 0x000000010a780000, 0x000000010a780000)
  eden space 68160K,  81% used [0x0000000105450000, 0x0000000108a50348, 0x00000001096e0000)
  from space 8512K,   0% used [0x00000001096e0000, 0x00000001096e0000, 0x0000000109f30000)
  to   space 8512K,   0% used [0x0000000109f30000, 0x0000000109f30000, 0x000000010a780000)
 concurrent mark-sweep generation total 439104K, used 420323K [0x000000010a780000, 0x0000000125450000, 0x0000000125450000)
 concurrent-mark-sweep perm gen total 21248K, used 2871K [0x0000000125450000, 0x0000000126910000, 0x000000012a650000)
1.603: [Full GC 1.603: [CMS: 420323K->420323K(439104K), 0.0074640 secs] 475619K->475619K(515776K), [CMS Perm : 2871K->2871K(21248K)], 0.0075210 secs] [Times: user=0.01 sys=0.00, real=0.01 secs] 
Heap after GC invocations=15 (full 9):
 def new generation   total 76672K, used 55296K [0x0000000105450000, 0x000000010a780000, 0x000000010a780000)
  eden space 68160K,  81% used [0x0000000105450000, 0x0000000108a50348, 0x00000001096e0000)
  from space 8512K,   0% used [0x00000001096e0000, 0x00000001096e0000, 0x0000000109f30000)
  to   space 8512K,   0% used [0x0000000109f30000, 0x0000000109f30000, 0x000000010a780000)
 concurrent mark-sweep generation total 439104K, used 420323K [0x000000010a780000, 0x0000000125450000, 0x0000000125450000)
 concurrent-mark-sweep perm gen total 21248K, used 2871K [0x0000000125450000, 0x0000000126910000, 0x000000012a650000)
}
{Heap before GC invocations=15 (full 9):
 def new generation   total 76672K, used 55296K [0x0000000105450000, 0x000000010a780000, 0x000000010a780000)
  eden space 68160K,  81% used [0x0000000105450000, 0x0000000108a50380, 0x00000001096e0000)
  from space 8512K,   0% used [0x00000001096e0000, 0x00000001096e0000, 0x0000000109f30000)
  to   space 8512K,   0% used [0x0000000109f30000, 0x0000000109f30000, 0x000000010a780000)
 concurrent mark-sweep generation total 439104K, used 420323K [0x000000010a780000, 0x0000000125450000, 0x0000000125450000)
 concurrent-mark-sweep perm gen total 21248K, used 2871K [0x0000000125450000, 0x0000000126910000, 0x000000012a650000)
1.611: [Full GC 1.611: [CMS: 420323K->420321K(439104K), 0.1584190 secs] 475619K->475618K(515776K), [CMS Perm : 2871K->2871K(21248K)], 0.1584780 secs] [Times: user=0.16 sys=0.00, real=0.16 secs] 
Heap after GC invocations=16 (full 10):
 def new generation   total 76672K, used 55296K [0x0000000105450000, 0x000000010a780000, 0x000000010a780000)
  eden space 68160K,  81% used [0x0000000105450000, 0x0000000108a50320, 0x00000001096e0000)
  from space 8512K,   0% used [0x00000001096e0000, 0x00000001096e0000, 0x0000000109f30000)
  to   space 8512K,   0% used [0x0000000109f30000, 0x0000000109f30000, 0x000000010a780000)
 concurrent mark-sweep generation total 439104K, used 420321K [0x000000010a780000, 0x0000000125450000, 0x0000000125450000)
 concurrent-mark-sweep perm gen total 21248K, used 2871K [0x0000000125450000, 0x0000000126910000, 0x000000012a650000)
}
{Heap before GC invocations=16 (full 10):
 def new generation   total 76672K, used 55296K [0x0000000105450000, 0x000000010a780000, 0x000000010a780000)
  eden space 68160K,  81% used [0x0000000105450000, 0x0000000108a50320, 0x00000001096e0000)
  from space 8512K,   0% used [0x00000001096e0000, 0x00000001096e0000, 0x0000000109f30000)
  to   space 8512K,   0% used [0x0000000109f30000, 0x0000000109f30000, 0x000000010a780000)
 concurrent mark-sweep generation total 439104K, used 420321K [0x000000010a780000, 0x0000000125450000, 0x0000000125450000)
 concurrent-mark-sweep perm gen total 21248K, used 2871K [0x0000000125450000, 0x0000000126910000, 0x000000012a650000)
1.770: [Full GC 1.770: [CMS: 420321K->420321K(439104K), 0.0074590 secs] 475618K->475618K(515776K), [CMS Perm : 2871K->2871K(21248K)], 0.0075140 secs] [Times: user=0.00 sys=0.00, real=0.00 secs] 
Heap after GC invocations=17 (full 11):
 def new generation   total 76672K, used 55296K [0x0000000105450000, 0x000000010a780000, 0x000000010a780000)
  eden space 68160K,  81% used [0x0000000105450000, 0x0000000108a50320, 0x00000001096e0000)
  from space 8512K,   0% used [0x00000001096e0000, 0x00000001096e0000, 0x0000000109f30000)
  to   space 8512K,   0% used [0x0000000109f30000, 0x0000000109f30000, 0x000000010a780000)
 concurrent mark-sweep generation total 439104K, used 420321K [0x000000010a780000, 0x0000000125450000, 0x0000000125450000)
 concurrent-mark-sweep perm gen total 21248K, used 2871K [0x0000000125450000, 0x0000000126910000, 0x000000012a650000)
}
{Heap before GC invocations=17 (full 11):
 def new generation   total 76672K, used 55296K [0x0000000105450000, 0x000000010a780000, 0x000000010a780000)
  eden space 68160K,  81% used [0x0000000105450000, 0x0000000108a50370, 0x00000001096e0000)
  from space 8512K,   0% used [0x00000001096e0000, 0x00000001096e0000, 0x0000000109f30000)
  to   space 8512K,   0% used [0x0000000109f30000, 0x0000000109f30000, 0x000000010a780000)
 concurrent mark-sweep generation total 439104K, used 433604K [0x000000010a780000, 0x0000000125450000, 0x0000000125450000)
 concurrent-mark-sweep perm gen total 21248K, used 2871K [0x0000000125450000, 0x0000000126910000, 0x000000012a650000)
1.784: [Full GC 1.784: [CMS: 433604K->433603K(439104K), 0.1522260 secs] 488901K->488900K(515776K), [CMS Perm : 2871K->2871K(21248K)], 0.1523000 secs] [Times: user=0.15 sys=0.00, real=0.15 secs] 
Heap after GC invocations=18 (full 12):
 def new generation   total 76672K, used 55296K [0x0000000105450000, 0x000000010a780000, 0x000000010a780000)
  eden space 68160K,  81% used [0x0000000105450000, 0x0000000108a50348, 0x00000001096e0000)
  from space 8512K,   0% used [0x00000001096e0000, 0x00000001096e0000, 0x0000000109f30000)
  to   space 8512K,   0% used [0x0000000109f30000, 0x0000000109f30000, 0x000000010a780000)
 concurrent mark-sweep generation total 439104K, used 433603K [0x000000010a780000, 0x0000000125450000, 0x0000000125450000)
 concurrent-mark-sweep perm gen total 21248K, used 2871K [0x0000000125450000, 0x0000000126910000, 0x000000012a650000)
}
{Heap before GC invocations=18 (full 12):
 def new generation   total 76672K, used 55296K [0x0000000105450000, 0x000000010a780000, 0x000000010a780000)
  eden space 68160K,  81% used [0x0000000105450000, 0x0000000108a50348, 0x00000001096e0000)
  from space 8512K,   0% used [0x00000001096e0000, 0x00000001096e0000, 0x0000000109f30000)
  to   space 8512K,   0% used [0x0000000109f30000, 0x0000000109f30000, 0x000000010a780000)
 concurrent mark-sweep generation total 439104K, used 433603K [0x000000010a780000, 0x0000000125450000, 0x0000000125450000)
 concurrent-mark-sweep perm gen total 21248K, used 2871K [0x0000000125450000, 0x0000000126910000, 0x000000012a650000)
1.936: [Full GC 1.936: [CMS: 433603K->433603K(439104K), 0.0074080 secs] 488900K->488900K(515776K), [CMS Perm : 2871K->2871K(21248K)], 0.0074640 secs] [Times: user=0.01 sys=0.00, real=0.01 secs] 
Heap after GC invocations=19 (full 13):
 def new generation   total 76672K, used 55296K [0x0000000105450000, 0x000000010a780000, 0x000000010a780000)
  eden space 68160K,  81% used [0x0000000105450000, 0x0000000108a50348, 0x00000001096e0000)
  from space 8512K,   0% used [0x00000001096e0000, 0x00000001096e0000, 0x0000000109f30000)
  to   space 8512K,   0% used [0x0000000109f30000, 0x0000000109f30000, 0x000000010a780000)
 concurrent mark-sweep generation total 439104K, used 433603K [0x000000010a780000, 0x0000000125450000, 0x0000000125450000)
 concurrent-mark-sweep perm gen total 21248K, used 2871K [0x0000000125450000, 0x0000000126910000, 0x000000012a650000)
}
1.950: [GC [1 CMS-initial-mark: 433603K(439104K)] 501763K(515776K), 0.0002040 secs] [Times: user=0.00 sys=0.00, real=0.00 secs] 
1.950: [CMS-concurrent-mark-start]
{Heap before GC invocations=19 (full 14):
 def new generation   total 76672K, used 68160K [0x0000000105450000, 0x000000010a780000, 0x000000010a780000)
  eden space 68160K, 100% used [0x0000000105450000, 0x00000001096e0000, 0x00000001096e0000)
  from space 8512K,   0% used [0x00000001096e0000, 0x00000001096e0038, 0x0000000109f30000)
  to   space 8512K,   0% used [0x0000000109f30000, 0x0000000109f30000, 0x000000010a780000)
 concurrent mark-sweep generation total 439104K, used 433603K [0x000000010a780000, 0x0000000125450000, 0x0000000125450000)
 concurrent-mark-sweep perm gen total 21248K, used 2871K [0x0000000125450000, 0x0000000126910000, 0x000000012a650000)
1.952: [Full GC 1.952: [CMS1.957: [CMS-concurrent-mark: 0.006/0.006 secs] [Times: user=0.01 sys=0.00, real=0.00 secs] 
 (concurrent mode failure): 433603K->433603K(439104K), 0.1609100 secs] 501763K->501573K(515776K), [CMS Perm : 2871K->2871K(21248K)], 0.1609830 secs] [Times: user=0.16 sys=0.00, real=0.16 secs] 
Heap after GC invocations=20 (full 15):
 def new generation   total 76672K, used 67970K [0x0000000105450000, 0x000000010a780000, 0x000000010a780000)
  eden space 68160K,  99% used [0x0000000105450000, 0x00000001096b0b60, 0x00000001096e0000)
  from space 8512K,   0% used [0x00000001096e0000, 0x00000001096e0000, 0x0000000109f30000)
  to   space 8512K,   0% used [0x0000000109f30000, 0x0000000109f30000, 0x000000010a780000)
 concurrent mark-sweep generation total 439104K, used 433603K [0x000000010a780000, 0x0000000125450000, 0x0000000125450000)
 concurrent-mark-sweep perm gen total 21248K, used 2871K [0x0000000125450000, 0x0000000126910000, 0x000000012a650000)
}
{Heap before GC invocations=20 (full 15):
 def new generation   total 76672K, used 67970K [0x0000000105450000, 0x000000010a780000, 0x000000010a780000)
  eden space 68160K,  99% used [0x0000000105450000, 0x00000001096b0b60, 0x00000001096e0000)
  from space 8512K,   0% used [0x00000001096e0000, 0x00000001096e0000, 0x0000000109f30000)
  to   space 8512K,   0% used [0x0000000109f30000, 0x0000000109f30000, 0x000000010a780000)
 concurrent mark-sweep generation total 439104K, used 433603K [0x000000010a780000, 0x0000000125450000, 0x0000000125450000)
 concurrent-mark-sweep perm gen total 21248K, used 2871K [0x0000000125450000, 0x0000000126910000, 0x000000012a650000)
2.113: [Full GC 2.113: [CMS: 433603K->433603K(439104K), 0.0077920 secs] 501573K->501573K(515776K), [CMS Perm : 2871K->2871K(21248K)], 0.0078490 secs] [Times: user=0.00 sys=0.00, real=0.01 secs] 
Heap after GC invocations=21 (full 16):
 def new generation   total 76672K, used 67970K [0x0000000105450000, 0x000000010a780000, 0x000000010a780000)
  eden space 68160K,  99% used [0x0000000105450000, 0x00000001096b0b60, 0x00000001096e0000)
  from space 8512K,   0% used [0x00000001096e0000, 0x00000001096e0000, 0x0000000109f30000)
  to   space 8512K,   0% used [0x0000000109f30000, 0x0000000109f30000, 0x000000010a780000)
 concurrent mark-sweep generation total 439104K, used 433603K [0x000000010a780000, 0x0000000125450000, 0x0000000125450000)
 concurrent-mark-sweep perm gen total 21248K, used 2871K [0x0000000125450000, 0x0000000126910000, 0x000000012a650000)
}
{Heap before GC invocations=21 (full 16):
 def new generation   total 76672K, used 67970K [0x0000000105450000, 0x000000010a780000, 0x000000010a780000)
  eden space 68160K,  99% used [0x0000000105450000, 0x00000001096b0b70, 0x00000001096e0000)
  from space 8512K,   0% used [0x00000001096e0000, 0x00000001096e0000, 0x0000000109f30000)
  to   space 8512K,   0% used [0x0000000109f30000, 0x0000000109f30000, 0x000000010a780000)
 concurrent mark-sweep generation total 439104K, used 433603K [0x000000010a780000, 0x0000000125450000, 0x0000000125450000)
 concurrent-mark-sweep perm gen total 21248K, used 2871K [0x0000000125450000, 0x0000000126910000, 0x000000012a650000)
2.121: [Full GC 2.121: [CMS: 433603K->433602K(439104K), 0.1489120 secs] 501573K->501573K(515776K), [CMS Perm : 2871K->2871K(21248K)], 0.1489700 secs] [Times: user=0.15 sys=0.00, real=0.15 secs] 
Heap after GC invocations=22 (full 17):
 def new generation   total 76672K, used 67970K [0x0000000105450000, 0x000000010a780000, 0x000000010a780000)
  eden space 68160K,  99% used [0x0000000105450000, 0x00000001096b0b70, 0x00000001096e0000)
  from space 8512K,   0% used [0x00000001096e0000, 0x00000001096e0000, 0x0000000109f30000)
  to   space 8512K,   0% used [0x0000000109f30000, 0x0000000109f30000, 0x000000010a780000)
 concurrent mark-sweep generation total 439104K, used 433602K [0x000000010a780000, 0x0000000125450000, 0x0000000125450000)
 concurrent-mark-sweep perm gen total 21248K, used 2871K [0x0000000125450000, 0x0000000126910000, 0x000000012a650000)
}
{Heap before GC invocations=22 (full 17):
 def new generation   total 76672K, used 67970K [0x0000000105450000, 0x000000010a780000, 0x000000010a780000)
  eden space 68160K,  99% used [0x0000000105450000, 0x00000001096b0b70, 0x00000001096e0000)
  from space 8512K,   0% used [0x00000001096e0000, 0x00000001096e0000, 0x0000000109f30000)
  to   space 8512K,   0% used [0x0000000109f30000, 0x0000000109f30000, 0x000000010a780000)
 concurrent mark-sweep generation total 439104K, used 433602K [0x000000010a780000, 0x0000000125450000, 0x0000000125450000)
 concurrent-mark-sweep perm gen total 21248K, used 2871K [0x0000000125450000, 0x0000000126910000, 0x000000012a650000)
2.270: [Full GC 2.270: [CMS: 433602K->433602K(439104K), 0.0074510 secs] 501573K->501573K(515776K), [CMS Perm : 2871K->2871K(21248K)], 0.0075050 secs] [Times: user=0.01 sys=0.00, real=0.00 secs] 
Heap after GC invocations=23 (full 18):
 def new generation   total 76672K, used 67970K [0x0000000105450000, 0x000000010a780000, 0x000000010a780000)
  eden space 68160K,  99% used [0x0000000105450000, 0x00000001096b0b70, 0x00000001096e0000)
  from space 8512K,   0% used [0x00000001096e0000, 0x00000001096e0000, 0x0000000109f30000)
  to   space 8512K,   0% used [0x0000000109f30000, 0x0000000109f30000, 0x000000010a780000)
 concurrent mark-sweep generation total 439104K, used 433602K [0x000000010a780000, 0x0000000125450000, 0x0000000125450000)
 concurrent-mark-sweep perm gen total 21248K, used 2871K [0x0000000125450000, 0x0000000126910000, 0x000000012a650000)
}
{Heap before GC invocations=23 (full 18):
 def new generation   total 76672K, used 68160K [0x0000000105450000, 0x000000010a780000, 0x000000010a780000)
  eden space 68160K, 100% used [0x0000000105450000, 0x00000001096e0000, 0x00000001096e0000)
  from space 8512K,   0% used [0x00000001096e0000, 0x00000001096e0000, 0x0000000109f30000)
  to   space 8512K,   0% used [0x0000000109f30000, 0x0000000109f30000, 0x000000010a780000)
 concurrent mark-sweep generation total 439104K, used 433602K [0x000000010a780000, 0x0000000125450000, 0x0000000125450000)
 concurrent-mark-sweep perm gen total 21248K, used 2871K [0x0000000125450000, 0x0000000126910000, 0x000000012a650000)
2.278: [Full GC 2.278: [CMS: 433602K->433601K(439104K), 0.1506210 secs] 501762K->501572K(515776K), [CMS Perm : 2871K->2871K(21248K)], 0.1506820 secs] [Times: user=0.15 sys=0.01, real=0.15 secs] 
Heap after GC invocations=24 (full 19):
 def new generation   total 76672K, used 67970K [0x0000000105450000, 0x000000010a780000, 0x000000010a780000)
  eden space 68160K,  99% used [0x0000000105450000, 0x00000001096b0ba0, 0x00000001096e0000)
  from space 8512K,   0% used [0x00000001096e0000, 0x00000001096e0000, 0x0000000109f30000)
  to   space 8512K,   0% used [0x0000000109f30000, 0x0000000109f30000, 0x000000010a780000)
 concurrent mark-sweep generation total 439104K, used 433601K [0x000000010a780000, 0x0000000125450000, 0x0000000125450000)
 concurrent-mark-sweep perm gen total 21248K, used 2871K [0x0000000125450000, 0x0000000126910000, 0x000000012a650000)
}
{Heap before GC invocations=24 (full 19):
 def new generation   total 76672K, used 67970K [0x0000000105450000, 0x000000010a780000, 0x000000010a780000)
  eden space 68160K,  99% used [0x0000000105450000, 0x00000001096b0ba0, 0x00000001096e0000)
  from space 8512K,   0% used [0x00000001096e0000, 0x00000001096e0000, 0x0000000109f30000)
  to   space 8512K,   0% used [0x0000000109f30000, 0x0000000109f30000, 0x000000010a780000)
 concurrent mark-sweep generation total 439104K, used 433601K [0x000000010a780000, 0x0000000125450000, 0x0000000125450000)
 concurrent-mark-sweep perm gen total 21248K, used 2871K [0x0000000125450000, 0x0000000126910000, 0x000000012a650000)
2.428: [Full GC 2.428: [CMS: 433601K->433601K(439104K), 0.0074040 secs] 501572K->501572K(515776K), [CMS Perm : 2871K->2871K(21248K)], 0.0074580 secs] [Times: user=0.01 sys=0.00, real=0.01 secs] 
Heap after GC invocations=25 (full 20):
 def new generation   total 76672K, used 67970K [0x0000000105450000, 0x000000010a780000, 0x000000010a780000)
  eden space 68160K,  99% used [0x0000000105450000, 0x00000001096b0ba0, 0x00000001096e0000)
  from space 8512K,   0% used [0x00000001096e0000, 0x00000001096e0000, 0x0000000109f30000)
  to   space 8512K,   0% used [0x0000000109f30000, 0x0000000109f30000, 0x000000010a780000)
 concurrent mark-sweep generation total 439104K, used 433601K [0x000000010a780000, 0x0000000125450000, 0x0000000125450000)
 concurrent-mark-sweep perm gen total 21248K, used 2871K [0x0000000125450000, 0x0000000126910000, 0x000000012a650000)
}
2.436: [GC [1 CMS-initial-mark: 433601K(439104K)] 501572K(515776K), 0.0001410 secs] [Times: user=0.00 sys=0.00, real=0.00 secs] 
2.436: [CMS-concurrent-mark-start]
{Heap before GC invocations=25 (full 21):
 def new generation   total 76672K, used 67970K [0x0000000105450000, 0x000000010a780000, 0x000000010a780000)
  eden space 68160K,  99% used [0x0000000105450000, 0x00000001096b0bc8, 0x00000001096e0000)
  from space 8512K,   0% used [0x00000001096e0000, 0x00000001096e0000, 0x0000000109f30000)
  to   space 8512K,   0% used [0x0000000109f30000, 0x0000000109f30000, 0x000000010a780000)
 concurrent mark-sweep generation total 439104K, used 433601K [0x000000010a780000, 0x0000000125450000, 0x0000000125450000)
 concurrent-mark-sweep perm gen total 21248K, used 2871K [0x0000000125450000, 0x0000000126910000, 0x000000012a650000)
2.437: [Full GC 2.437: [CMS2.442: [CMS-concurrent-mark: 0.005/0.006 secs] [Times: user=0.00 sys=0.00, real=0.01 secs] 
 (concurrent mode failure): 433601K->433601K(439104K), 0.1543980 secs] 501572K->501572K(515776K), [CMS Perm : 2871K->2871K(21248K)], 0.1544530 secs] [Times: user=0.15 sys=0.00, real=0.16 secs] 
Heap after GC invocations=26 (full 22):
 def new generation   total 76672K, used 67970K [0x0000000105450000, 0x000000010a780000, 0x000000010a780000)
  eden space 68160K,  99% used [0x0000000105450000, 0x00000001096b0ba0, 0x00000001096e0000)
  from space 8512K,   0% used [0x00000001096e0000, 0x00000001096e0000, 0x0000000109f30000)
  to   space 8512K,   0% used [0x0000000109f30000, 0x0000000109f30000, 0x000000010a780000)
 concurrent mark-sweep generation total 439104K, used 433601K [0x000000010a780000, 0x0000000125450000, 0x0000000125450000)
 concurrent-mark-sweep perm gen total 21248K, used 2871K [0x0000000125450000, 0x0000000126910000, 0x000000012a650000)
}
{Heap before GC invocations=26 (full 22):
 def new generation   total 76672K, used 67970K [0x0000000105450000, 0x000000010a780000, 0x000000010a780000)
  eden space 68160K,  99% used [0x0000000105450000, 0x00000001096b0ba0, 0x00000001096e0000)
  from space 8512K,   0% used [0x00000001096e0000, 0x00000001096e0000, 0x0000000109f30000)
  to   space 8512K,   0% used [0x0000000109f30000, 0x0000000109f30000, 0x000000010a780000)
 concurrent mark-sweep generation total 439104K, used 433601K [0x000000010a780000, 0x0000000125450000, 0x0000000125450000)
 concurrent-mark-sweep perm gen total 21248K, used 2871K [0x0000000125450000, 0x0000000126910000, 0x000000012a650000)
2.591: [Full GC 2.591: [CMS: 433601K->433601K(439104K), 0.0077850 secs] 501572K->501572K(515776K), [CMS Perm : 2871K->2871K(21248K)], 0.0078400 secs] [Times: user=0.01 sys=0.00, real=0.00 secs] 
Heap after GC invocations=27 (full 23):
 def new generation   total 76672K, used 67970K [0x0000000105450000, 0x000000010a780000, 0x000000010a780000)
  eden space 68160K,  99% used [0x0000000105450000, 0x00000001096b0ba0, 0x00000001096e0000)
  from space 8512K,   0% used [0x00000001096e0000, 0x00000001096e0000, 0x0000000109f30000)
  to   space 8512K,   0% used [0x0000000109f30000, 0x0000000109f30000, 0x000000010a780000)
 concurrent mark-sweep generation total 439104K, used 433601K [0x000000010a780000, 0x0000000125450000, 0x0000000125450000)
 concurrent-mark-sweep perm gen total 21248K, used 2871K [0x0000000125450000, 0x0000000126910000, 0x000000012a650000)
}
{Heap before GC invocations=27 (full 23):
 def new generation   total 76672K, used 67970K [0x0000000105450000, 0x000000010a780000, 0x000000010a780000)
  eden space 68160K,  99% used [0x0000000105450000, 0x00000001096b0bc8, 0x00000001096e0000)
  from space 8512K,   0% used [0x00000001096e0000, 0x00000001096e0000, 0x0000000109f30000)
  to   space 8512K,   0% used [0x0000000109f30000, 0x0000000109f30000, 0x000000010a780000)
 concurrent mark-sweep generation total 439104K, used 433601K [0x000000010a780000, 0x0000000125450000, 0x0000000125450000)
 concurrent-mark-sweep perm gen total 21248K, used 2871K [0x0000000125450000, 0x0000000126910000, 0x000000012a650000)
2.599: [Full GC 2.599: [CMS: 433601K->104595K(439104K), 0.0473120 secs] 501572K->104595K(515776K), [CMS Perm : 2871K->2871K(21248K)], 0.0473780 secs] [Times: user=0.05 sys=0.00, real=0.04 secs] 
Heap after GC invocations=28 (full 24):
 def new generation   total 76672K, used 0K [0x0000000105450000, 0x000000010a780000, 0x000000010a780000)
  eden space 68160K,   0% used [0x0000000105450000, 0x0000000105450000, 0x00000001096e0000)
  from space 8512K,   0% used [0x00000001096e0000, 0x00000001096e0000, 0x0000000109f30000)
  to   space 8512K,   0% used [0x0000000109f30000, 0x0000000109f30000, 0x000000010a780000)
 concurrent mark-sweep generation total 439104K, used 104595K [0x000000010a780000, 0x0000000125450000, 0x0000000125450000)
 concurrent-mark-sweep perm gen total 21248K, used 2871K [0x0000000125450000, 0x0000000126910000, 0x000000012a650000)
}
{Heap before GC invocations=28 (full 24):
 def new generation   total 76672K, used 55628K [0x0000000105450000, 0x000000010a780000, 0x000000010a780000)
  eden space 68160K,  81% used [0x0000000105450000, 0x0000000108aa31b0, 0x00000001096e0000)
  from space 8512K,   0% used [0x00000001096e0000, 0x00000001096e0000, 0x0000000109f30000)
  to   space 8512K,   0% used [0x0000000109f30000, 0x0000000109f30000, 0x000000010a780000)
 concurrent mark-sweep generation total 439104K, used 104595K [0x000000010a780000, 0x0000000125450000, 0x0000000125450000)
 concurrent-mark-sweep perm gen total 21248K, used 2871K [0x0000000125450000, 0x0000000126910000, 0x000000012a650000)
2.675: [GC 2.675: [DefNew
Desired survivor size 4358144 bytes, new threshold 6 (max 6)
- age   1:        136 bytes,        136 total
: 55628K->0K(76672K), 0.0257180 secs] 160223K->159527K(515776K), 0.0257750 secs] [Times: user=0.02 sys=0.00, real=0.03 secs] 
Heap after GC invocations=29 (full 24):
 def new generation   total 76672K, used 0K [0x0000000105450000, 0x000000010a780000, 0x000000010a780000)
  eden space 68160K,   0% used [0x0000000105450000, 0x0000000105450000, 0x00000001096e0000)
  from space 8512K,   0% used [0x0000000109f30000, 0x0000000109f30088, 0x000000010a780000)
  to   space 8512K,   0% used [0x00000001096e0000, 0x00000001096e0000, 0x0000000109f30000)
 concurrent mark-sweep generation total 439104K, used 159527K [0x000000010a780000, 0x0000000125450000, 0x0000000125450000)
 concurrent-mark-sweep perm gen total 21248K, used 2871K [0x0000000125450000, 0x0000000126910000, 0x000000012a650000)
}
{Heap before GC invocations=29 (full 24):
 def new generation   total 76672K, used 63590K [0x0000000105450000, 0x000000010a780000, 0x000000010a780000)
  eden space 68160K,  93% used [0x0000000105450000, 0x0000000109269830, 0x00000001096e0000)
  from space 8512K,   0% used [0x0000000109f30000, 0x0000000109f30088, 0x000000010a780000)
  to   space 8512K,   0% used [0x00000001096e0000, 0x00000001096e0000, 0x0000000109f30000)
 concurrent mark-sweep generation total 439104K, used 159527K [0x000000010a780000, 0x0000000125450000, 0x0000000125450000)
 concurrent-mark-sweep perm gen total 21248K, used 2871K [0x0000000125450000, 0x0000000126910000, 0x000000012a650000)
2.735: [GC 2.735: [DefNew
Desired survivor size 4358144 bytes, new threshold 6 (max 6)
- age   1:        112 bytes,        112 total
- age   2:         80 bytes,        192 total
: 63590K->0K(76672K), 0.0285150 secs] 223117K->222458K(515776K), 0.0285830 secs] [Times: user=0.03 sys=0.00, real=0.03 secs] 
Heap after GC invocations=30 (full 24):
 def new generation   total 76672K, used 0K [0x0000000105450000, 0x000000010a780000, 0x000000010a780000)
  eden space 68160K,   0% used [0x0000000105450000, 0x0000000105450000, 0x00000001096e0000)
  from space 8512K,   0% used [0x00000001096e0000, 0x00000001096e00c0, 0x0000000109f30000)
  to   space 8512K,   0% used [0x0000000109f30000, 0x0000000109f30000, 0x000000010a780000)
 concurrent mark-sweep generation total 439104K, used 222458K [0x000000010a780000, 0x0000000125450000, 0x0000000125450000)
 concurrent-mark-sweep perm gen total 21248K, used 2871K [0x0000000125450000, 0x0000000126910000, 0x000000012a650000)
}
{Heap before GC invocations=30 (full 24):
 def new generation   total 76672K, used 64934K [0x0000000105450000, 0x000000010a780000, 0x000000010a780000)
  eden space 68160K,  95% used [0x0000000105450000, 0x00000001093b9b38, 0x00000001096e0000)
  from space 8512K,   0% used [0x00000001096e0000, 0x00000001096e00c0, 0x0000000109f30000)
  to   space 8512K,   0% used [0x0000000109f30000, 0x0000000109f30000, 0x000000010a780000)
 concurrent mark-sweep generation total 439104K, used 222458K [0x000000010a780000, 0x0000000125450000, 0x0000000125450000)
 concurrent-mark-sweep perm gen total 21248K, used 2871K [0x0000000125450000, 0x0000000126910000, 0x000000012a650000)
2.802: [GC 2.802: [DefNew
Desired survivor size 4358144 bytes, new threshold 6 (max 6)
- age   1:        216 bytes,        216 total
- age   3:         80 bytes,        296 total
: 64934K->0K(76672K), 0.0287360 secs] 287393K->286960K(515776K), 0.0288100 secs] [Times: user=0.03 sys=0.00, real=0.03 secs] 
Heap after GC invocations=31 (full 24):
 def new generation   total 76672K, used 0K [0x0000000105450000, 0x000000010a780000, 0x000000010a780000)
  eden space 68160K,   0% used [0x0000000105450000, 0x0000000105450000, 0x00000001096e0000)
  from space 8512K,   0% used [0x0000000109f30000, 0x0000000109f30128, 0x000000010a780000)
  to   space 8512K,   0% used [0x00000001096e0000, 0x00000001096e0000, 0x0000000109f30000)
 concurrent mark-sweep generation total 439104K, used 286960K [0x000000010a780000, 0x0000000125450000, 0x0000000125450000)
 concurrent-mark-sweep perm gen total 21248K, used 2871K [0x0000000125450000, 0x0000000126910000, 0x000000012a650000)
}
2.845: [GC [1 CMS-initial-mark: 286960K(439104K)] 317601K(515776K), 0.0001820 secs] [Times: user=0.00 sys=0.00, real=0.00 secs] 
2.845: [CMS-concurrent-mark-start]
2.852: [CMS-concurrent-mark: 0.006/0.006 secs] [Times: user=0.01 sys=0.00, real=0.01 secs] 
2.852: [CMS-concurrent-preclean-start]
2.861: [CMS-concurrent-preclean: 0.010/0.010 secs] [Times: user=0.01 sys=0.00, real=0.01 secs] 
2.862: [CMS-concurrent-abortable-preclean-start]
{Heap before GC invocations=31 (full 25):
 def new generation   total 76672K, used 63710K [0x0000000105450000, 0x000000010a780000, 0x000000010a780000)
  eden space 68160K,  93% used [0x0000000105450000, 0x0000000109287820, 0x00000001096e0000)
  from space 8512K,   0% used [0x0000000109f30000, 0x0000000109f30128, 0x000000010a780000)
  to   space 8512K,   0% used [0x00000001096e0000, 0x00000001096e0000, 0x0000000109f30000)
 concurrent mark-sweep generation total 439104K, used 286960K [0x000000010a780000, 0x0000000125450000, 0x0000000125450000)
 concurrent-mark-sweep perm gen total 21248K, used 2871K [0x0000000125450000, 0x0000000126910000, 0x000000012a650000)
2.869: [GC 2.869: [DefNew
Desired survivor size 4358144 bytes, new threshold 6 (max 6)
- age   1:        152 bytes,        152 total
- age   4:         80 bytes,        232 total
: 63710K->0K(76672K), 0.0286560 secs] 350670K->350385K(515776K), 0.0287240 secs] [Times: user=0.03 sys=0.00, real=0.03 secs] 
Heap after GC invocations=32 (full 25):
 def new generation   total 76672K, used 0K [0x0000000105450000, 0x000000010a780000, 0x000000010a780000)
  eden space 68160K,   0% used [0x0000000105450000, 0x0000000105450000, 0x00000001096e0000)
  from space 8512K,   0% used [0x00000001096e0000, 0x00000001096e00e8, 0x0000000109f30000)
  to   space 8512K,   0% used [0x0000000109f30000, 0x0000000109f30000, 0x000000010a780000)
 concurrent mark-sweep generation total 439104K, used 350385K [0x000000010a780000, 0x0000000125450000, 0x0000000125450000)
 concurrent-mark-sweep perm gen total 21248K, used 2871K [0x0000000125450000, 0x0000000126910000, 0x000000012a650000)
}
{Heap before GC invocations=32 (full 25):
 def new generation   total 76672K, used 49495K [0x0000000105450000, 0x000000010a780000, 0x000000010a780000)
  eden space 68160K,  72% used [0x0000000105450000, 0x00000001084a5c20, 0x00000001096e0000)
  from space 8512K,   0% used [0x00000001096e0000, 0x00000001096e00e8, 0x0000000109f30000)
  to   space 8512K,   0% used [0x0000000109f30000, 0x0000000109f30000, 0x000000010a780000)
 concurrent mark-sweep generation total 439104K, used 350385K [0x000000010a780000, 0x0000000125450000, 0x0000000125450000)
 concurrent-mark-sweep perm gen total 21248K, used 2871K [0x0000000125450000, 0x0000000126910000, 0x000000012a650000)
2.922: [GC 2.923: [DefNew
Desired survivor size 4358144 bytes, new threshold 6 (max 6)
- age   1:        152 bytes,        152 total
- age   5:         80 bytes,        232 total
: 49495K->0K(76672K), 0.0233990 secs] 399880K->399693K(515776K), 0.0234680 secs] [Times: user=0.02 sys=0.00, real=0.02 secs] 
Heap after GC invocations=33 (full 25):
 def new generation   total 76672K, used 0K [0x0000000105450000, 0x000000010a780000, 0x000000010a780000)
  eden space 68160K,   0% used [0x0000000105450000, 0x0000000105450000, 0x00000001096e0000)
  from space 8512K,   0% used [0x0000000109f30000, 0x0000000109f300e8, 0x000000010a780000)
  to   space 8512K,   0% used [0x00000001096e0000, 0x00000001096e0000, 0x0000000109f30000)
 concurrent mark-sweep generation total 439104K, used 399693K [0x000000010a780000, 0x0000000125450000, 0x0000000125450000)
 concurrent-mark-sweep perm gen total 21248K, used 2871K [0x0000000125450000, 0x0000000126910000, 0x000000012a650000)
}
{Heap before GC invocations=33 (full 25):
 def new generation   total 76672K, used 58230K [0x0000000105450000, 0x000000010a780000, 0x000000010a780000)
  eden space 68160K,  85% used [0x0000000105450000, 0x0000000108d2d770, 0x00000001096e0000)
  from space 8512K,   0% used [0x0000000109f30000, 0x0000000109f300e8, 0x000000010a780000)
  to   space 8512K,   0% used [0x00000001096e0000, 0x00000001096e0000, 0x0000000109f30000)
 concurrent mark-sweep generation total 439104K, used 399693K [0x000000010a780000, 0x0000000125450000, 0x0000000125450000)
 concurrent-mark-sweep perm gen total 21248K, used 2871K [0x0000000125450000, 0x0000000126910000, 0x000000012a650000)
2.977: [GC 2.977: [DefNew: 58230K->58230K(76672K), 0.0000320 secs]2.977: [CMS2.977: [CMS-concurrent-abortable-preclean: 0.003/0.115 secs] [Times: user=0.12 sys=0.00, real=0.11 secs] 
 (concurrent mode failure): 399693K->119158K(439104K), 0.0542350 secs] 457923K->119158K(515776K), [CMS Perm : 2871K->2871K(21248K)], 0.0543650 secs] [Times: user=0.06 sys=0.00, real=0.06 secs] 
Heap after GC invocations=34 (full 26):
 def new generation   total 76672K, used 0K [0x0000000105450000, 0x000000010a780000, 0x000000010a780000)
  eden space 68160K,   0% used [0x0000000105450000, 0x0000000105450000, 0x00000001096e0000)
  from space 8512K,   0% used [0x0000000109f30000, 0x0000000109f30000, 0x000000010a780000)
  to   space 8512K,   0% used [0x00000001096e0000, 0x00000001096e0000, 0x0000000109f30000)
 concurrent mark-sweep generation total 439104K, used 119158K [0x000000010a780000, 0x0000000125450000, 0x0000000125450000)
 concurrent-mark-sweep perm gen total 21248K, used 2871K [0x0000000125450000, 0x0000000126910000, 0x000000012a650000)
}
{Heap before GC invocations=34 (full 26):
 def new generation   total 76672K, used 66412K [0x0000000105450000, 0x000000010a780000, 0x000000010a780000)
  eden space 68160K,  97% used [0x0000000105450000, 0x000000010952b228, 0x00000001096e0000)
  from space 8512K,   0% used [0x0000000109f30000, 0x0000000109f30000, 0x000000010a780000)
  to   space 8512K,   0% used [0x00000001096e0000, 0x00000001096e0000, 0x0000000109f30000)
 concurrent mark-sweep generation total 439104K, used 119158K [0x000000010a780000, 0x0000000125450000, 0x0000000125450000)
 concurrent-mark-sweep perm gen total 21248K, used 2871K [0x0000000125450000, 0x0000000126910000, 0x000000012a650000)
3.067: [GC 3.067: [DefNew
Desired survivor size 4358144 bytes, new threshold 6 (max 6)
- age   1:        216 bytes,        216 total
: 66412K->0K(76672K), 0.0300270 secs] 185571K->185492K(515776K), 0.0300930 secs] [Times: user=0.03 sys=0.00, real=0.03 secs] 
Heap after GC invocations=35 (full 26):
 def new generation   total 76672K, used 0K [0x0000000105450000, 0x000000010a780000, 0x000000010a780000)
  eden space 68160K,   0% used [0x0000000105450000, 0x0000000105450000, 0x00000001096e0000)
  from space 8512K,   0% used [0x00000001096e0000, 0x00000001096e00d8, 0x0000000109f30000)
  to   space 8512K,   0% used [0x0000000109f30000, 0x0000000109f30000, 0x000000010a780000)
 concurrent mark-sweep generation total 439104K, used 185492K [0x000000010a780000, 0x0000000125450000, 0x0000000125450000)
 concurrent-mark-sweep perm gen total 21248K, used 2871K [0x0000000125450000, 0x0000000126910000, 0x000000012a650000)
}
3.115: [GC [1 CMS-initial-mark: 185492K(439104K)] 223867K(515776K), 0.0002100 secs] [Times: user=0.00 sys=0.00, real=0.00 secs] 
3.115: [CMS-concurrent-mark-start]
3.122: [CMS-concurrent-mark: 0.007/0.007 secs] [Times: user=0.01 sys=0.00, real=0.01 secs] 
3.122: [CMS-concurrent-preclean-start]
3.123: [CMS-concurrent-preclean: 0.001/0.001 secs] [Times: user=0.00 sys=0.00, real=0.00 secs] 
3.123: [CMS-concurrent-abortable-preclean-start]
{Heap before GC invocations=35 (full 27):
 def new generation   total 76672K, used 58486K [0x0000000105450000, 0x000000010a780000, 0x000000010a780000)
  eden space 68160K,  85% used [0x0000000105450000, 0x0000000108d6d838, 0x00000001096e0000)
  from space 8512K,   0% used [0x00000001096e0000, 0x00000001096e00d8, 0x0000000109f30000)
  to   space 8512K,   0% used [0x0000000109f30000, 0x0000000109f30000, 0x000000010a780000)
 concurrent mark-sweep generation total 439104K, used 185492K [0x000000010a780000, 0x0000000125450000, 0x0000000125450000)
 concurrent-mark-sweep perm gen total 21248K, used 2871K [0x0000000125450000, 0x0000000126910000, 0x000000012a650000)
3.130: [GC 3.131: [DefNew
Desired survivor size 4358144 bytes, new threshold 6 (max 6)
- age   1:        112 bytes,        112 total
- age   2:         80 bytes,        192 total
: 58486K->0K(76672K), 0.0273980 secs] 243978K->243924K(515776K), 0.0274730 secs] [Times: user=0.03 sys=0.00, real=0.02 secs] 
Heap after GC invocations=36 (full 27):
 def new generation   total 76672K, used 0K [0x0000000105450000, 0x000000010a780000, 0x000000010a780000)
  eden space 68160K,   0% used [0x0000000105450000, 0x0000000105450000, 0x00000001096e0000)
  from space 8512K,   0% used [0x0000000109f30000, 0x0000000109f300c0, 0x000000010a780000)
  to   space 8512K,   0% used [0x00000001096e0000, 0x00000001096e0000, 0x0000000109f30000)
 concurrent mark-sweep generation total 439104K, used 243924K [0x000000010a780000, 0x0000000125450000, 0x0000000125450000)
 concurrent-mark-sweep perm gen total 21248K, used 2871K [0x0000000125450000, 0x0000000126910000, 0x000000012a650000)
}
{Heap before GC invocations=36 (full 27):
 def new generation   total 76672K, used 59455K [0x0000000105450000, 0x000000010a780000, 0x000000010a780000)
  eden space 68160K,  87% used [0x0000000105450000, 0x0000000108e5fee0, 0x00000001096e0000)
  from space 8512K,   0% used [0x0000000109f30000, 0x0000000109f300c0, 0x000000010a780000)
  to   space 8512K,   0% used [0x00000001096e0000, 0x00000001096e0000, 0x0000000109f30000)
 concurrent mark-sweep generation total 439104K, used 243924K [0x000000010a780000, 0x0000000125450000, 0x0000000125450000)
 concurrent-mark-sweep perm gen total 21248K, used 2871K [0x0000000125450000, 0x0000000126910000, 0x000000012a650000)
3.188: [GC 3.188: [DefNew
Desired survivor size 4358144 bytes, new threshold 6 (max 6)
- age   1:        152 bytes,        152 total
- age   3:         80 bytes,        232 total
: 59455K->0K(76672K), 0.0273810 secs] 303380K->303345K(515776K), 0.0274490 secs] [Times: user=0.03 sys=0.00, real=0.03 secs] 
Heap after GC invocations=37 (full 27):
 def new generation   total 76672K, used 0K [0x0000000105450000, 0x000000010a780000, 0x000000010a780000)
  eden space 68160K,   0% used [0x0000000105450000, 0x0000000105450000, 0x00000001096e0000)
  from space 8512K,   0% used [0x00000001096e0000, 0x00000001096e00e8, 0x0000000109f30000)
  to   space 8512K,   0% used [0x0000000109f30000, 0x0000000109f30000, 0x000000010a780000)
 concurrent mark-sweep generation total 439104K, used 303345K [0x000000010a780000, 0x0000000125450000, 0x0000000125450000)
 concurrent-mark-sweep perm gen total 21248K, used 2871K [0x0000000125450000, 0x0000000126910000, 0x000000012a650000)
}
{Heap before GC invocations=37 (full 27):
 def new generation   total 76672K, used 62612K [0x0000000105450000, 0x000000010a780000, 0x000000010a780000)
  eden space 68160K,  91% used [0x0000000105450000, 0x0000000109175250, 0x00000001096e0000)
  from space 8512K,   0% used [0x00000001096e0000, 0x00000001096e00e8, 0x0000000109f30000)
  to   space 8512K,   0% used [0x0000000109f30000, 0x0000000109f30000, 0x000000010a780000)
 concurrent mark-sweep generation total 439104K, used 303345K [0x000000010a780000, 0x0000000125450000, 0x0000000125450000)
 concurrent-mark-sweep perm gen total 21248K, used 2871K [0x0000000125450000, 0x0000000126910000, 0x000000012a650000)
3.248: [GC 3.248: [DefNew
Desired survivor size 4358144 bytes, new threshold 6 (max 6)
- age   1:        152 bytes,        152 total
- age   4:         80 bytes,        232 total
: 62612K->0K(76672K), 0.0292500 secs] 365958K->365934K(515776K), 0.0293190 secs] [Times: user=0.03 sys=0.00, real=0.03 secs] 
Heap after GC invocations=38 (full 27):
 def new generation   total 76672K, used 0K [0x0000000105450000, 0x000000010a780000, 0x000000010a780000)
  eden space 68160K,   0% used [0x0000000105450000, 0x0000000105450000, 0x00000001096e0000)
  from space 8512K,   0% used [0x0000000109f30000, 0x0000000109f300e8, 0x000000010a780000)
  to   space 8512K,   0% used [0x00000001096e0000, 0x00000001096e0000, 0x0000000109f30000)
 concurrent mark-sweep generation total 439104K, used 365934K [0x000000010a780000, 0x0000000125450000, 0x0000000125450000)
 concurrent-mark-sweep perm gen total 21248K, used 2871K [0x0000000125450000, 0x0000000126910000, 0x000000012a650000)
}
{Heap before GC invocations=38 (full 27):
 def new generation   total 76672K, used 55223K [0x0000000105450000, 0x000000010a780000, 0x000000010a780000)
  eden space 68160K,  81% used [0x0000000105450000, 0x0000000108a3dd88, 0x00000001096e0000)
  from space 8512K,   0% used [0x0000000109f30000, 0x0000000109f300e8, 0x000000010a780000)
  to   space 8512K,   0% used [0x00000001096e0000, 0x00000001096e0000, 0x0000000109f30000)
 concurrent mark-sweep generation total 439104K, used 365934K [0x000000010a780000, 0x0000000125450000, 0x0000000125450000)
 concurrent-mark-sweep perm gen total 21248K, used 2871K [0x0000000125450000, 0x0000000126910000, 0x000000012a650000)
3.305: [GC 3.305: [DefNew
Desired survivor size 4358144 bytes, new threshold 6 (max 6)
- age   1:        152 bytes,        152 total
- age   5:         80 bytes,        232 total
: 55223K->0K(76672K), 0.0260280 secs] 421158K->421142K(515776K), 0.0260930 secs] [Times: user=0.03 sys=0.00, real=0.03 secs] 
Heap after GC invocations=39 (full 27):
 def new generation   total 76672K, used 0K [0x0000000105450000, 0x000000010a780000, 0x000000010a780000)
  eden space 68160K,   0% used [0x0000000105450000, 0x0000000105450000, 0x00000001096e0000)
  from space 8512K,   0% used [0x00000001096e0000, 0x00000001096e00e8, 0x0000000109f30000)
  to   space 8512K,   0% used [0x0000000109f30000, 0x0000000109f30000, 0x000000010a780000)
 concurrent mark-sweep generation total 439104K, used 421142K [0x000000010a780000, 0x0000000125450000, 0x0000000125450000)
 concurrent-mark-sweep perm gen total 21248K, used 2871K [0x0000000125450000, 0x0000000126910000, 0x000000012a650000)
}
{Heap before GC invocations=39 (full 27):
 def new generation   total 76672K, used 50295K [0x0000000105450000, 0x000000010a780000, 0x000000010a780000)
  eden space 68160K,  73% used [0x0000000105450000, 0x000000010856dc30, 0x00000001096e0000)
  from space 8512K,   0% used [0x00000001096e0000, 0x00000001096e00e8, 0x0000000109f30000)
  to   space 8512K,   0% used [0x0000000109f30000, 0x0000000109f30000, 0x000000010a780000)
 concurrent mark-sweep generation total 439104K, used 421142K [0x000000010a780000, 0x0000000125450000, 0x0000000125450000)
 concurrent-mark-sweep perm gen total 21248K, used 2871K [0x0000000125450000, 0x0000000126910000, 0x000000012a650000)
3.359: [GC 3.359: [DefNew: 50295K->50295K(76672K), 0.0000170 secs]3.359: [CMS3.359: [CMS-concurrent-abortable-preclean: 0.004/0.236 secs] [Times: user=0.26 sys=0.00, real=0.23 secs] 
 (concurrent mode failure): 421142K->111410K(439104K), 0.0507740 secs] 471437K->111410K(515776K), [CMS Perm : 2871K->2871K(21248K)], 0.0508680 secs] [Times: user=0.05 sys=0.00, real=0.06 secs] 
Heap after GC invocations=40 (full 28):
 def new generation   total 76672K, used 0K [0x0000000105450000, 0x000000010a780000, 0x000000010a780000)
  eden space 68160K,   0% used [0x0000000105450000, 0x0000000105450000, 0x00000001096e0000)
  from space 8512K,   0% used [0x00000001096e0000, 0x00000001096e0000, 0x0000000109f30000)
  to   space 8512K,   0% used [0x0000000109f30000, 0x0000000109f30000, 0x000000010a780000)
 concurrent mark-sweep generation total 439104K, used 111410K [0x000000010a780000, 0x0000000125450000, 0x0000000125450000)
 concurrent-mark-sweep perm gen total 21248K, used 2871K [0x0000000125450000, 0x0000000126910000, 0x000000012a650000)
}
{Heap before GC invocations=40 (full 28):
 def new generation   total 76672K, used 58463K [0x0000000105450000, 0x000000010a780000, 0x000000010a780000)
  eden space 68160K,  85% used [0x0000000105450000, 0x0000000108d67f78, 0x00000001096e0000)
  from space 8512K,   0% used [0x00000001096e0000, 0x00000001096e0000, 0x0000000109f30000)
  to   space 8512K,   0% used [0x0000000109f30000, 0x0000000109f30000, 0x000000010a780000)
 concurrent mark-sweep generation total 439104K, used 111410K [0x000000010a780000, 0x0000000125450000, 0x0000000125450000)
 concurrent-mark-sweep perm gen total 21248K, used 2871K [0x0000000125450000, 0x0000000126910000, 0x000000012a650000)
3.440: [GC 3.440: [DefNew
Desired survivor size 4358144 bytes, new threshold 6 (max 6)
- age   1:        112 bytes,        112 total
: 58463K->0K(76672K), 0.0275150 secs] 169874K->169871K(515776K), 0.0275810 secs] [Times: user=0.03 sys=0.00, real=0.02 secs] 
Heap after GC invocations=41 (full 28):
 def new generation   total 76672K, used 0K [0x0000000105450000, 0x000000010a780000, 0x000000010a780000)
  eden space 68160K,   0% used [0x0000000105450000, 0x0000000105450000, 0x00000001096e0000)
  from space 8512K,   0% used [0x0000000109f30000, 0x0000000109f30070, 0x000000010a780000)
  to   space 8512K,   0% used [0x00000001096e0000, 0x00000001096e0000, 0x0000000109f30000)
 concurrent mark-sweep generation total 439104K, used 169871K [0x000000010a780000, 0x0000000125450000, 0x0000000125450000)
 concurrent-mark-sweep perm gen total 21248K, used 2871K [0x0000000125450000, 0x0000000126910000, 0x000000012a650000)
}
3.474: [GC [1 CMS-initial-mark: 169871K(439104K)] 186010K(515776K), 0.0002000 secs] [Times: user=0.00 sys=0.00, real=0.00 secs] 
3.475: [CMS-concurrent-mark-start]
3.485: [CMS-concurrent-mark: 0.010/0.010 secs] [Times: user=0.02 sys=0.00, real=0.01 secs] 
3.485: [CMS-concurrent-preclean-start]
3.486: [CMS-concurrent-preclean: 0.001/0.001 secs] [Times: user=0.00 sys=0.00, real=0.00 secs] 
3.486: [CMS-concurrent-abortable-preclean-start]
{Heap before GC invocations=41 (full 29):
 def new generation   total 76672K, used 51758K [0x0000000105450000, 0x000000010a780000, 0x000000010a780000)
  eden space 68160K,  75% used [0x0000000105450000, 0x00000001086db818, 0x00000001096e0000)
  from space 8512K,   0% used [0x0000000109f30000, 0x0000000109f30070, 0x000000010a780000)
  to   space 8512K,   0% used [0x00000001096e0000, 0x00000001096e0000, 0x0000000109f30000)
 concurrent mark-sweep generation total 439104K, used 169871K [0x000000010a780000, 0x0000000125450000, 0x0000000125450000)
 concurrent-mark-sweep perm gen total 21248K, used 2871K [0x0000000125450000, 0x0000000126910000, 0x000000012a650000)
3.495: [GC 3.495: [DefNew
Desired survivor size 4358144 bytes, new threshold 6 (max 6)
- age   1:        152 bytes,        152 total
- age   2:         40 bytes,        192 total
: 51758K->0K(76672K), 0.0249060 secs] 221629K->221624K(515776K), 0.0249720 secs] [Times: user=0.03 sys=0.01, real=0.03 secs] 
Heap after GC invocations=42 (full 29):
 def new generation   total 76672K, used 0K [0x0000000105450000, 0x000000010a780000, 0x000000010a780000)
  eden space 68160K,   0% used [0x0000000105450000, 0x0000000105450000, 0x00000001096e0000)
  from space 8512K,   0% used [0x00000001096e0000, 0x00000001096e00c0, 0x0000000109f30000)
  to   space 8512K,   0% used [0x0000000109f30000, 0x0000000109f30000, 0x000000010a780000)
 concurrent mark-sweep generation total 439104K, used 221624K [0x000000010a780000, 0x0000000125450000, 0x0000000125450000)
 concurrent-mark-sweep perm gen total 21248K, used 2871K [0x0000000125450000, 0x0000000126910000, 0x000000012a650000)
}
{Heap before GC invocations=42 (full 29):
 def new generation   total 76672K, used 61568K [0x0000000105450000, 0x000000010a780000, 0x000000010a780000)
  eden space 68160K,  90% used [0x0000000105450000, 0x0000000109070188, 0x00000001096e0000)
  from space 8512K,   0% used [0x00000001096e0000, 0x00000001096e00c0, 0x0000000109f30000)
  to   space 8512K,   0% used [0x0000000109f30000, 0x0000000109f30000, 0x000000010a780000)
 concurrent mark-sweep generation total 439104K, used 221624K [0x000000010a780000, 0x0000000125450000, 0x0000000125450000)
 concurrent-mark-sweep perm gen total 21248K, used 2871K [0x0000000125450000, 0x0000000126910000, 0x000000012a650000)
3.556: [GC 3.557: [DefNew
Desired survivor size 4358144 bytes, new threshold 6 (max 6)
- age   1:        216 bytes,        216 total
- age   3:         40 bytes,        256 total
: 61568K->0K(76672K), 0.0276070 secs] 283192K->283188K(515776K), 0.0276660 secs] [Times: user=0.03 sys=0.00, real=0.03 secs] 
Heap after GC invocations=43 (full 29):
 def new generation   total 76672K, used 0K [0x0000000105450000, 0x000000010a780000, 0x000000010a780000)
  eden space 68160K,   0% used [0x0000000105450000, 0x0000000105450000, 0x00000001096e0000)
  from space 8512K,   0% used [0x0000000109f30000, 0x0000000109f30100, 0x000000010a780000)
  to   space 8512K,   0% used [0x00000001096e0000, 0x00000001096e0000, 0x0000000109f30000)
 concurrent mark-sweep generation total 439104K, used 283188K [0x000000010a780000, 0x0000000125450000, 0x0000000125450000)
 concurrent-mark-sweep perm gen total 21248K, used 2871K [0x0000000125450000, 0x0000000126910000, 0x000000012a650000)
}
{Heap before GC invocations=43 (full 29):
 def new generation   total 76672K, used 51148K [0x0000000105450000, 0x000000010a780000, 0x000000010a780000)
  eden space 68160K,  75% used [0x0000000105450000, 0x0000000108642ff8, 0x00000001096e0000)
  from space 8512K,   0% used [0x0000000109f30000, 0x0000000109f30100, 0x000000010a780000)
  to   space 8512K,   0% used [0x00000001096e0000, 0x00000001096e0000, 0x0000000109f30000)
 concurrent mark-sweep generation total 439104K, used 283188K [0x000000010a780000, 0x0000000125450000, 0x0000000125450000)
 concurrent-mark-sweep perm gen total 21248K, used 2871K [0x0000000125450000, 0x0000000126910000, 0x000000012a650000)
3.613: [GC 3.613: [DefNew
Desired survivor size 4358144 bytes, new threshold 6 (max 6)
- age   1:        112 bytes,        112 total
- age   4:         40 bytes,        152 total
: 51148K->0K(76672K), 0.0243140 secs] 334336K->334332K(515776K), 0.0243870 secs] [Times: user=0.03 sys=0.00, real=0.02 secs] 
Heap after GC invocations=44 (full 29):
 def new generation   total 76672K, used 0K [0x0000000105450000, 0x000000010a780000, 0x000000010a780000)
  eden space 68160K,   0% used [0x0000000105450000, 0x0000000105450000, 0x00000001096e0000)
  from space 8512K,   0% used [0x00000001096e0000, 0x00000001096e0098, 0x0000000109f30000)
  to   space 8512K,   0% used [0x0000000109f30000, 0x0000000109f30000, 0x000000010a780000)
 concurrent mark-sweep generation total 439104K, used 334332K [0x000000010a780000, 0x0000000125450000, 0x0000000125450000)
 concurrent-mark-sweep perm gen total 21248K, used 2871K [0x0000000125450000, 0x0000000126910000, 0x000000012a650000)
}
{Heap before GC invocations=44 (full 29):
 def new generation   total 76672K, used 51939K [0x0000000105450000, 0x000000010a780000, 0x000000010a780000)
  eden space 68160K,  76% used [0x0000000105450000, 0x0000000108708e40, 0x00000001096e0000)
  from space 8512K,   0% used [0x00000001096e0000, 0x00000001096e0098, 0x0000000109f30000)
  to   space 8512K,   0% used [0x0000000109f30000, 0x0000000109f30000, 0x000000010a780000)
 concurrent mark-sweep generation total 439104K, used 334332K [0x000000010a780000, 0x0000000125450000, 0x0000000125450000)
 concurrent-mark-sweep perm gen total 21248K, used 2871K [0x0000000125450000, 0x0000000126910000, 0x000000012a650000)
3.667: [GC 3.667: [DefNew
Desired survivor size 4358144 bytes, new threshold 6 (max 6)
- age   1:        152 bytes,        152 total
- age   5:         40 bytes,        192 total
: 51939K->0K(76672K), 0.0243680 secs] 386272K->386268K(515776K), 0.0244390 secs] [Times: user=0.03 sys=0.00, real=0.03 secs] 
Heap after GC invocations=45 (full 29):
 def new generation   total 76672K, used 0K [0x0000000105450000, 0x000000010a780000, 0x000000010a780000)
  eden space 68160K,   0% used [0x0000000105450000, 0x0000000105450000, 0x00000001096e0000)
  from space 8512K,   0% used [0x0000000109f30000, 0x0000000109f300c0, 0x000000010a780000)
  to   space 8512K,   0% used [0x00000001096e0000, 0x00000001096e0000, 0x0000000109f30000)
 concurrent mark-sweep generation total 439104K, used 386268K [0x000000010a780000, 0x0000000125450000, 0x0000000125450000)
 concurrent-mark-sweep perm gen total 21248K, used 2871K [0x0000000125450000, 0x0000000126910000, 0x000000012a650000)
}
{Heap before GC invocations=45 (full 29):
 def new generation   total 76672K, used 66709K [0x0000000105450000, 0x000000010a780000, 0x000000010a780000)
  eden space 68160K,  97% used [0x0000000105450000, 0x0000000109575400, 0x00000001096e0000)
  from space 8512K,   0% used [0x0000000109f30000, 0x0000000109f300c0, 0x000000010a780000)
  to   space 8512K,   0% used [0x00000001096e0000, 0x00000001096e0000, 0x0000000109f30000)
 concurrent mark-sweep generation total 439104K, used 386268K [0x000000010a780000, 0x0000000125450000, 0x0000000125450000)
 concurrent-mark-sweep perm gen total 21248K, used 2871K [0x0000000125450000, 0x0000000126910000, 0x000000012a650000)
3.726: [GC 3.726: [DefNew: 66709K->66709K(76672K), 0.0000190 secs]3.726: [CMS3.726: [CMS-concurrent-abortable-preclean: 0.004/0.240 secs] [Times: user=0.27 sys=0.01, real=0.24 secs] 
 (concurrent mode failure): 386268K->107384K(439104K), 0.0505970 secs] 452977K->107384K(515776K), [CMS Perm : 2871K->2871K(21248K)], 0.0506970 secs] [Times: user=0.05 sys=0.00, real=0.05 secs] 
Heap after GC invocations=46 (full 30):
 def new generation   total 76672K, used 0K [0x0000000105450000, 0x000000010a780000, 0x000000010a780000)
  eden space 68160K,   0% used [0x0000000105450000, 0x0000000105450000, 0x00000001096e0000)
  from space 8512K,   0% used [0x0000000109f30000, 0x0000000109f30000, 0x000000010a780000)
  to   space 8512K,   0% used [0x00000001096e0000, 0x00000001096e0000, 0x0000000109f30000)
 concurrent mark-sweep generation total 439104K, used 107384K [0x000000010a780000, 0x0000000125450000, 0x0000000125450000)
 concurrent-mark-sweep perm gen total 21248K, used 2871K [0x0000000125450000, 0x0000000126910000, 0x000000012a650000)
}
{Heap before GC invocations=46 (full 30):
 def new generation   total 76672K, used 59725K [0x0000000105450000, 0x000000010a780000, 0x000000010a780000)
  eden space 68160K,  87% used [0x0000000105450000, 0x0000000108ea3658, 0x00000001096e0000)
  from space 8512K,   0% used [0x0000000109f30000, 0x0000000109f30000, 0x000000010a780000)
  to   space 8512K,   0% used [0x00000001096e0000, 0x00000001096e0000, 0x0000000109f30000)
 concurrent mark-sweep generation total 439104K, used 107384K [0x000000010a780000, 0x0000000125450000, 0x0000000125450000)
 concurrent-mark-sweep perm gen total 21248K, used 2871K [0x0000000125450000, 0x0000000126910000, 0x000000012a650000)
3.807: [GC 3.807: [DefNew
Desired survivor size 4358144 bytes, new threshold 6 (max 6)
- age   1:        152 bytes,        152 total
: 59725K->0K(76672K), 0.0283840 secs] 167110K->167108K(515776K), 0.0284510 secs] [Times: user=0.03 sys=0.00, real=0.03 secs] 
Heap after GC invocations=47 (full 30):
 def new generation   total 76672K, used 0K [0x0000000105450000, 0x000000010a780000, 0x000000010a780000)
  eden space 68160K,   0% used [0x0000000105450000, 0x0000000105450000, 0x00000001096e0000)
  from space 8512K,   0% used [0x00000001096e0000, 0x00000001096e0098, 0x0000000109f30000)
  to   space 8512K,   0% used [0x0000000109f30000, 0x0000000109f30000, 0x000000010a780000)
 concurrent mark-sweep generation total 439104K, used 167108K [0x000000010a780000, 0x0000000125450000, 0x0000000125450000)
 concurrent-mark-sweep perm gen total 21248K, used 2871K [0x0000000125450000, 0x0000000126910000, 0x000000012a650000)
}
3.841: [GC [1 CMS-initial-mark: 167108K(439104K)] 180148K(515776K), 0.0001800 secs] [Times: user=0.00 sys=0.00, real=0.00 secs] 
3.841: [CMS-concurrent-mark-start]
3.853: [CMS-concurrent-mark: 0.012/0.012 secs] [Times: user=0.02 sys=0.00, real=0.01 secs] 
3.853: [CMS-concurrent-preclean-start]
3.855: [CMS-concurrent-preclean: 0.001/0.001 secs] [Times: user=0.00 sys=0.00, real=0.00 secs] 
3.855: [CMS-concurrent-abortable-preclean-start]
{Heap before GC invocations=47 (full 31):
 def new generation   total 76672K, used 63811K [0x0000000105450000, 0x000000010a780000, 0x000000010a780000)
  eden space 68160K,  93% used [0x0000000105450000, 0x00000001092a0e18, 0x00000001096e0000)
  from space 8512K,   0% used [0x00000001096e0000, 0x00000001096e0098, 0x0000000109f30000)
  to   space 8512K,   0% used [0x0000000109f30000, 0x0000000109f30000, 0x000000010a780000)
 concurrent mark-sweep generation total 439104K, used 167108K [0x000000010a780000, 0x0000000125450000, 0x0000000125450000)
 concurrent-mark-sweep perm gen total 21248K, used 2871K [0x0000000125450000, 0x0000000126910000, 0x000000012a650000)
3.873: [GC 3.873: [DefNew
Desired survivor size 4358144 bytes, new threshold 6 (max 6)
- age   1:        192 bytes,        192 total
- age   2:         80 bytes,        272 total
: 63811K->0K(76672K), 0.0292350 secs] 230919K->230915K(515776K), 0.0293010 secs] [Times: user=0.03 sys=0.00, real=0.03 secs] 
Heap after GC invocations=48 (full 31):
 def new generation   total 76672K, used 0K [0x0000000105450000, 0x000000010a780000, 0x000000010a780000)
  eden space 68160K,   0% used [0x0000000105450000, 0x0000000105450000, 0x00000001096e0000)
  from space 8512K,   0% used [0x0000000109f30000, 0x0000000109f30110, 0x000000010a780000)
  to   space 8512K,   0% used [0x00000001096e0000, 0x00000001096e0000, 0x0000000109f30000)
 concurrent mark-sweep generation total 439104K, used 230915K [0x000000010a780000, 0x0000000125450000, 0x0000000125450000)
 concurrent-mark-sweep perm gen total 21248K, used 2871K [0x0000000125450000, 0x0000000126910000, 0x000000012a650000)
}
{Heap before GC invocations=48 (full 31):
 def new generation   total 76672K, used 45900K [0x0000000105450000, 0x000000010a780000, 0x000000010a780000)
  eden space 68160K,  67% used [0x0000000105450000, 0x0000000108123028, 0x00000001096e0000)
  from space 8512K,   0% used [0x0000000109f30000, 0x0000000109f30110, 0x000000010a780000)
  to   space 8512K,   0% used [0x00000001096e0000, 0x00000001096e0000, 0x0000000109f30000)
 concurrent mark-sweep generation total 439104K, used 230915K [0x000000010a780000, 0x0000000125450000, 0x0000000125450000)
 concurrent-mark-sweep perm gen total 21248K, used 2871K [0x0000000125450000, 0x0000000126910000, 0x000000012a650000)
3.925: [GC 3.925: [DefNew
Desired survivor size 4358144 bytes, new threshold 6 (max 6)
- age   1:        112 bytes,        112 total
- age   3:         80 bytes,        192 total
: 45900K->0K(76672K), 0.0221080 secs] 276815K->276813K(515776K), 0.0221700 secs] [Times: user=0.03 sys=0.00, real=0.02 secs] 
Heap after GC invocations=49 (full 31):
 def new generation   total 76672K, used 0K [0x0000000105450000, 0x000000010a780000, 0x000000010a780000)
  eden space 68160K,   0% used [0x0000000105450000, 0x0000000105450000, 0x00000001096e0000)
  from space 8512K,   0% used [0x00000001096e0000, 0x00000001096e00c0, 0x0000000109f30000)
  to   space 8512K,   0% used [0x0000000109f30000, 0x0000000109f30000, 0x000000010a780000)
 concurrent mark-sweep generation total 439104K, used 276813K [0x000000010a780000, 0x0000000125450000, 0x0000000125450000)
 concurrent-mark-sweep perm gen total 21248K, used 2871K [0x0000000125450000, 0x0000000126910000, 0x000000012a650000)
}
{Heap before GC invocations=49 (full 31):
 def new generation   total 76672K, used 60079K [0x0000000105450000, 0x000000010a780000, 0x000000010a780000)
  eden space 68160K,  88% used [0x0000000105450000, 0x0000000108efbe38, 0x00000001096e0000)
  from space 8512K,   0% used [0x00000001096e0000, 0x00000001096e00c0, 0x0000000109f30000)
  to   space 8512K,   0% used [0x0000000109f30000, 0x0000000109f30000, 0x000000010a780000)
 concurrent mark-sweep generation total 439104K, used 276813K [0x000000010a780000, 0x0000000125450000, 0x0000000125450000)
 concurrent-mark-sweep perm gen total 21248K, used 2871K [0x0000000125450000, 0x0000000126910000, 0x000000012a650000)
3.977: [GC 3.977: [DefNew
Desired survivor size 4358144 bytes, new threshold 6 (max 6)
- age   1:        152 bytes,        152 total
- age   4:         80 bytes,        232 total
: 60079K->0K(76672K), 0.0279630 secs] 336893K->336889K(515776K), 0.0280300 secs] [Times: user=0.02 sys=0.00, real=0.03 secs] 
Heap after GC invocations=50 (full 31):
 def new generation   total 76672K, used 0K [0x0000000105450000, 0x000000010a780000, 0x000000010a780000)
  eden space 68160K,   0% used [0x0000000105450000, 0x0000000105450000, 0x00000001096e0000)
  from space 8512K,   0% used [0x0000000109f30000, 0x0000000109f300e8, 0x000000010a780000)
  to   space 8512K,   0% used [0x00000001096e0000, 0x00000001096e0000, 0x0000000109f30000)
 concurrent mark-sweep generation total 439104K, used 336888K [0x000000010a780000, 0x0000000125450000, 0x0000000125450000)
 concurrent-mark-sweep perm gen total 21248K, used 2871K [0x0000000125450000, 0x0000000126910000, 0x000000012a650000)
}
{Heap before GC invocations=50 (full 31):
 def new generation   total 76672K, used 61824K [0x0000000105450000, 0x000000010a780000, 0x000000010a780000)
  eden space 68160K,  90% used [0x0000000105450000, 0x00000001090b0118, 0x00000001096e0000)
  from space 8512K,   0% used [0x0000000109f30000, 0x0000000109f300e8, 0x000000010a780000)
  to   space 8512K,   0% used [0x00000001096e0000, 0x00000001096e0000, 0x0000000109f30000)
 concurrent mark-sweep generation total 439104K, used 336888K [0x000000010a780000, 0x0000000125450000, 0x0000000125450000)
 concurrent-mark-sweep perm gen total 21248K, used 2871K [0x0000000125450000, 0x0000000126910000, 0x000000012a650000)
4.041: [GC 4.041: [DefNew
Desired survivor size 4358144 bytes, new threshold 6 (max 6)
- age   1:        192 bytes,        192 total
- age   5:         80 bytes,        272 total
: 61824K->0K(76672K), 0.0283520 secs] 398713K->398709K(515776K), 0.0284260 secs] [Times: user=0.03 sys=0.00, real=0.03 secs] 
Heap after GC invocations=51 (full 31):
 def new generation   total 76672K, used 0K [0x0000000105450000, 0x000000010a780000, 0x000000010a780000)
  eden space 68160K,   0% used [0x0000000105450000, 0x0000000105450000, 0x00000001096e0000)
  from space 8512K,   0% used [0x00000001096e0000, 0x00000001096e0110, 0x0000000109f30000)
  to   space 8512K,   0% used [0x0000000109f30000, 0x0000000109f30000, 0x000000010a780000)
 concurrent mark-sweep generation total 439104K, used 398709K [0x000000010a780000, 0x0000000125450000, 0x0000000125450000)
 concurrent-mark-sweep perm gen total 21248K, used 2871K [0x0000000125450000, 0x0000000126910000, 0x000000012a650000)
}
{Heap before GC invocations=51 (full 31):
 def new generation   total 76672K, used 61549K [0x0000000105450000, 0x000000010a780000, 0x000000010a780000)
  eden space 68160K,  90% used [0x0000000105450000, 0x000000010906b648, 0x00000001096e0000)
  from space 8512K,   0% used [0x00000001096e0000, 0x00000001096e0110, 0x0000000109f30000)
  to   space 8512K,   0% used [0x0000000109f30000, 0x0000000109f30000, 0x000000010a780000)
 concurrent mark-sweep generation total 439104K, used 398709K [0x000000010a780000, 0x0000000125450000, 0x0000000125450000)
 concurrent-mark-sweep perm gen total 21248K, used 2871K [0x0000000125450000, 0x0000000126910000, 0x000000012a650000)
4.101: [GC 4.101: [DefNew: 61549K->61549K(76672K), 0.0000210 secs]4.101: [CMS4.101: [CMS-concurrent-abortable-preclean: 0.004/0.247 secs] [Times: user=0.28 sys=0.00, real=0.25 secs] 
 (concurrent mode failure): 398709K->123939K(439104K), 0.0606460 secs] 460258K->123939K(515776K), [CMS Perm : 2871K->2871K(21248K)], 0.0607610 secs] [Times: user=0.06 sys=0.00, real=0.06 secs] 
Heap after GC invocations=52 (full 32):
 def new generation   total 76672K, used 0K [0x0000000105450000, 0x000000010a780000, 0x000000010a780000)
  eden space 68160K,   0% used [0x0000000105450000, 0x0000000105450000, 0x00000001096e0000)
  from space 8512K,   0% used [0x00000001096e0000, 0x00000001096e0000, 0x0000000109f30000)
  to   space 8512K,   0% used [0x0000000109f30000, 0x0000000109f30000, 0x000000010a780000)
 concurrent mark-sweep generation total 439104K, used 123939K [0x000000010a780000, 0x0000000125450000, 0x0000000125450000)
 concurrent-mark-sweep perm gen total 21248K, used 2871K [0x0000000125450000, 0x0000000126910000, 0x000000012a650000)
}
{Heap before GC invocations=52 (full 32):
 def new generation   total 76672K, used 55792K [0x0000000105450000, 0x000000010a780000, 0x000000010a780000)
  eden space 68160K,  81% used [0x0000000105450000, 0x0000000108acc3c8, 0x00000001096e0000)
  from space 8512K,   0% used [0x00000001096e0000, 0x00000001096e0000, 0x0000000109f30000)
  to   space 8512K,   0% used [0x0000000109f30000, 0x0000000109f30000, 0x000000010a780000)
 concurrent mark-sweep generation total 439104K, used 123939K [0x000000010a780000, 0x0000000125450000, 0x0000000125450000)
 concurrent-mark-sweep perm gen total 21248K, used 2871K [0x0000000125450000, 0x0000000126910000, 0x000000012a650000)
4.191: [GC 4.191: [DefNew
Desired survivor size 4358144 bytes, new threshold 6 (max 6)
- age   1:        216 bytes,        216 total
: 55792K->0K(76672K), 0.0255080 secs] 179732K->179730K(515776K), 0.0255750 secs] [Times: user=0.02 sys=0.00, real=0.02 secs] 
Heap after GC invocations=53 (full 32):
 def new generation   total 76672K, used 0K [0x0000000105450000, 0x000000010a780000, 0x000000010a780000)
  eden space 68160K,   0% used [0x0000000105450000, 0x0000000105450000, 0x00000001096e0000)
  from space 8512K,   0% used [0x0000000109f30000, 0x0000000109f300d8, 0x000000010a780000)
  to   space 8512K,   0% used [0x00000001096e0000, 0x00000001096e0000, 0x0000000109f30000)
 concurrent mark-sweep generation total 439104K, used 179730K [0x000000010a780000, 0x0000000125450000, 0x0000000125450000)
 concurrent-mark-sweep perm gen total 21248K, used 2871K [0x0000000125450000, 0x0000000126910000, 0x000000012a650000)
}
4.233: [GC [1 CMS-initial-mark: 179730K(439104K)] 215652K(515776K), 0.0001890 secs] [Times: user=0.00 sys=0.00, real=0.00 secs] 
4.234: [CMS-concurrent-mark-start]
4.240: [CMS-concurrent-mark: 0.007/0.007 secs] [Times: user=0.01 sys=0.00, real=0.01 secs] 
4.240: [CMS-concurrent-preclean-start]
4.241: [CMS-concurrent-preclean: 0.001/0.001 secs] [Times: user=0.00 sys=0.00, real=0.00 secs] 
4.241: [CMS-concurrent-abortable-preclean-start]
{Heap before GC invocations=53 (full 33):
 def new generation   total 76672K, used 61587K [0x0000000105450000, 0x000000010a780000, 0x000000010a780000)
  eden space 68160K,  90% used [0x0000000105450000, 0x0000000109074bd8, 0x00000001096e0000)
  from space 8512K,   0% used [0x0000000109f30000, 0x0000000109f300d8, 0x000000010a780000)
  to   space 8512K,   0% used [0x00000001096e0000, 0x00000001096e0000, 0x0000000109f30000)
 concurrent mark-sweep generation total 439104K, used 179730K [0x000000010a780000, 0x0000000125450000, 0x0000000125450000)
 concurrent-mark-sweep perm gen total 21248K, used 2871K [0x0000000125450000, 0x0000000126910000, 0x000000012a650000)
4.252: [GC 4.252: [DefNew
Desired survivor size 4358144 bytes, new threshold 6 (max 6)
- age   1:        176 bytes,        176 total
- age   2:         80 bytes,        256 total
: 61587K->0K(76672K), 0.0276260 secs] 241317K->241313K(515776K), 0.0277000 secs] [Times: user=0.03 sys=0.00, real=0.03 secs] 
Heap after GC invocations=54 (full 33):
 def new generation   total 76672K, used 0K [0x0000000105450000, 0x000000010a780000, 0x000000010a780000)
  eden space 68160K,   0% used [0x0000000105450000, 0x0000000105450000, 0x00000001096e0000)
  from space 8512K,   0% used [0x00000001096e0000, 0x00000001096e0100, 0x0000000109f30000)
  to   space 8512K,   0% used [0x0000000109f30000, 0x0000000109f30000, 0x000000010a780000)
 concurrent mark-sweep generation total 439104K, used 241313K [0x000000010a780000, 0x0000000125450000, 0x0000000125450000)
 concurrent-mark-sweep perm gen total 21248K, used 2871K [0x0000000125450000, 0x0000000126910000, 0x000000012a650000)
}
{Heap before GC invocations=54 (full 33):
 def new generation   total 76672K, used 61294K [0x0000000105450000, 0x000000010a780000, 0x000000010a780000)
  eden space 68160K,  89% used [0x0000000105450000, 0x000000010902b720, 0x00000001096e0000)
  from space 8512K,   0% used [0x00000001096e0000, 0x00000001096e0100, 0x0000000109f30000)
  to   space 8512K,   0% used [0x0000000109f30000, 0x0000000109f30000, 0x000000010a780000)
 concurrent mark-sweep generation total 439104K, used 241313K [0x000000010a780000, 0x0000000125450000, 0x0000000125450000)
 concurrent-mark-sweep perm gen total 21248K, used 2871K [0x0000000125450000, 0x0000000126910000, 0x000000012a650000)
4.311: [GC 4.311: [DefNew
Desired survivor size 4358144 bytes, new threshold 6 (max 6)
- age   1:        112 bytes,        112 total
- age   3:         80 bytes,        192 total
: 61294K->0K(76672K), 0.0282930 secs] 302607K->302604K(515776K), 0.0283670 secs] [Times: user=0.03 sys=0.00, real=0.02 secs] 
Heap after GC invocations=55 (full 33):
 def new generation   total 76672K, used 0K [0x0000000105450000, 0x000000010a780000, 0x000000010a780000)
  eden space 68160K,   0% used [0x0000000105450000, 0x0000000105450000, 0x00000001096e0000)
  from space 8512K,   0% used [0x0000000109f30000, 0x0000000109f300c0, 0x000000010a780000)
  to   space 8512K,   0% used [0x00000001096e0000, 0x00000001096e0000, 0x0000000109f30000)
 concurrent mark-sweep generation total 439104K, used 302604K [0x000000010a780000, 0x0000000125450000, 0x0000000125450000)
 concurrent-mark-sweep perm gen total 21248K, used 2871K [0x0000000125450000, 0x0000000126910000, 0x000000012a650000)
}
{Heap before GC invocations=55 (full 33):
 def new generation   total 76672K, used 63830K [0x0000000105450000, 0x000000010a780000, 0x000000010a780000)
  eden space 68160K,  93% used [0x0000000105450000, 0x00000001092a5940, 0x00000001096e0000)
  from space 8512K,   0% used [0x0000000109f30000, 0x0000000109f300c0, 0x000000010a780000)
  to   space 8512K,   0% used [0x00000001096e0000, 0x00000001096e0000, 0x0000000109f30000)
 concurrent mark-sweep generation total 439104K, used 302604K [0x000000010a780000, 0x0000000125450000, 0x0000000125450000)
 concurrent-mark-sweep perm gen total 21248K, used 2871K [0x0000000125450000, 0x0000000126910000, 0x000000012a650000)
4.372: [GC 4.372: [DefNew
Desired survivor size 4358144 bytes, new threshold 6 (max 6)
- age   1:        192 bytes,        192 total
- age   4:         80 bytes,        272 total
: 63830K->0K(76672K), 0.0290730 secs] 366435K->366431K(515776K), 0.0291390 secs] [Times: user=0.03 sys=0.00, real=0.03 secs] 
Heap after GC invocations=56 (full 33):
 def new generation   total 76672K, used 0K [0x0000000105450000, 0x000000010a780000, 0x000000010a780000)
  eden space 68160K,   0% used [0x0000000105450000, 0x0000000105450000, 0x00000001096e0000)
  from space 8512K,   0% used [0x00000001096e0000, 0x00000001096e0110, 0x0000000109f30000)
  to   space 8512K,   0% used [0x0000000109f30000, 0x0000000109f30000, 0x000000010a780000)
 concurrent mark-sweep generation total 439104K, used 366430K [0x000000010a780000, 0x0000000125450000, 0x0000000125450000)
 concurrent-mark-sweep perm gen total 21248K, used 2871K [0x0000000125450000, 0x0000000126910000, 0x000000012a650000)
}
{Heap before GC invocations=56 (full 33):
 def new generation   total 76672K, used 66110K [0x0000000105450000, 0x000000010a780000, 0x000000010a780000)
  eden space 68160K,  96% used [0x0000000105450000, 0x00000001094df8e0, 0x00000001096e0000)
  from space 8512K,   0% used [0x00000001096e0000, 0x00000001096e0110, 0x0000000109f30000)
  to   space 8512K,   0% used [0x0000000109f30000, 0x0000000109f30000, 0x000000010a780000)
 concurrent mark-sweep generation total 439104K, used 366430K [0x000000010a780000, 0x0000000125450000, 0x0000000125450000)
 concurrent-mark-sweep perm gen total 21248K, used 2871K [0x0000000125450000, 0x0000000126910000, 0x000000012a650000)
4.438: [GC 4.438: [DefNew
Desired survivor size 4358144 bytes, new threshold 6 (max 6)
- age   1:        216 bytes,        216 total
- age   5:         80 bytes,        296 total
: 66110K->0K(76672K), 0.0288870 secs] 432541K->432537K(515776K), 0.0289530 secs] [Times: user=0.03 sys=0.00, real=0.03 secs] 
Heap after GC invocations=57 (full 33):
 def new generation   total 76672K, used 0K [0x0000000105450000, 0x000000010a780000, 0x000000010a780000)
  eden space 68160K,   0% used [0x0000000105450000, 0x0000000105450000, 0x00000001096e0000)
  from space 8512K,   0% used [0x0000000109f30000, 0x0000000109f30128, 0x000000010a780000)
  to   space 8512K,   0% used [0x00000001096e0000, 0x00000001096e0000, 0x0000000109f30000)
 concurrent mark-sweep generation total 439104K, used 432537K [0x000000010a780000, 0x0000000125450000, 0x0000000125450000)
 concurrent-mark-sweep perm gen total 21248K, used 2871K [0x0000000125450000, 0x0000000126910000, 0x000000012a650000)
}
4.467: [CMS-concurrent-abortable-preclean: 0.003/0.226 secs] [Times: user=0.25 sys=0.00, real=0.22 secs] 
4.483: [GC[YG occupancy: 32701 K (76672 K)]4.483: [Rescan (non-parallel) 4.483: [grey object rescan, 0.0010470 secs]4.484: [root rescan, 0.0001170 secs], 0.0011880 secs]4.484: [weak refs processing, 0.0000070 secs]4.484: [scrub string table, 0.0000200 secs] [1 CMS-remark: 432537K(439104K)] 465238K(515776K), 0.0012790 secs] [Times: user=0.00 sys=0.00, real=0.00 secs] 
4.484: [CMS-concurrent-sweep-start]
4.485: [CMS-concurrent-sweep: 0.000/0.000 secs] [Times: user=0.00 sys=0.00, real=0.00 secs] 
4.485: [CMS-concurrent-reset-start]
4.487: [CMS-concurrent-reset: 0.002/0.002 secs] [Times: user=0.00 sys=0.00, real=0.00 secs] 
{Heap before GC invocations=57 (full 33):
 def new generation   total 76672K, used 52124K [0x0000000105450000, 0x000000010a780000, 0x000000010a780000)
  eden space 68160K,  76% used [0x0000000105450000, 0x0000000108737048, 0x00000001096e0000)
  from space 8512K,   0% used [0x0000000109f30000, 0x0000000109f30128, 0x000000010a780000)
  to   space 8512K,   0% used [0x00000001096e0000, 0x00000001096e0000, 0x0000000109f30000)
 concurrent mark-sweep generation total 439104K, used 332856K [0x000000010a780000, 0x0000000125450000, 0x0000000125450000)
 concurrent-mark-sweep perm gen total 21248K, used 2871K [0x0000000125450000, 0x0000000126910000, 0x000000012a650000)
4.496: [GC 4.496: [DefNew
Desired survivor size 4358144 bytes, new threshold 6 (max 6)
- age   1:        112 bytes,        112 total
- age   2:        200 bytes,        312 total
- age   6:         80 bytes,        392 total
: 52124K->0K(76672K), 0.0252410 secs] 384981K->384977K(515776K), 0.0253150 secs] [Times: user=0.03 sys=0.00, real=0.03 secs] 
Heap after GC invocations=58 (full 33):
 def new generation   total 76672K, used 0K [0x0000000105450000, 0x000000010a780000, 0x000000010a780000)
  eden space 68160K,   0% used [0x0000000105450000, 0x0000000105450000, 0x00000001096e0000)
  from space 8512K,   0% used [0x00000001096e0000, 0x00000001096e0188, 0x0000000109f30000)
  to   space 8512K,   0% used [0x0000000109f30000, 0x0000000109f30000, 0x000000010a780000)
 concurrent mark-sweep generation total 439104K, used 384976K [0x000000010a780000, 0x0000000125450000, 0x0000000125450000)
 concurrent-mark-sweep perm gen total 21248K, used 2871K [0x0000000125450000, 0x0000000126910000, 0x000000012a650000)
}
4.529: [GC [1 CMS-initial-mark: 384976K(439104K)] 403220K(515776K), 0.0001500 secs] [Times: user=0.00 sys=0.00, real=0.01 secs] 
4.530: [CMS-concurrent-mark-start]
4.540: [CMS-concurrent-mark: 0.011/0.011 secs] [Times: user=0.02 sys=0.00, real=0.01 secs] 
4.540: [CMS-concurrent-preclean-start]
4.541: [CMS-concurrent-preclean: 0.001/0.001 secs] [Times: user=0.01 sys=0.00, real=0.00 secs] 
4.541: [CMS-concurrent-abortable-preclean-start]
4.541: [CMS-concurrent-abortable-preclean: 0.000/0.000 secs] [Times: user=0.00 sys=0.00, real=0.00 secs] 
4.550: [GC[YG occupancy: 54909 K (76672 K)]4.550: [Rescan (non-parallel) 4.550: [grey object rescan, 0.0010420 secs]4.551: [root rescan, 0.0001220 secs], 0.0011870 secs]4.551: [weak refs processing, 0.0000070 secs]4.551: [scrub string table, 0.0000210 secs] [1 CMS-remark: 384976K(439104K)] 439886K(515776K), 0.0012860 secs] [Times: user=0.00 sys=0.00, real=0.00 secs] 
4.551: [CMS-concurrent-sweep-start]
4.552: [CMS-concurrent-sweep: 0.001/0.001 secs] [Times: user=0.00 sys=0.00, real=0.00 secs] 
4.552: [CMS-concurrent-reset-start]
4.555: [CMS-concurrent-reset: 0.003/0.003 secs] [Times: user=0.00 sys=0.00, real=0.00 secs] 
{Heap before GC invocations=58 (full 34):
 def new generation   total 76672K, used 65560K [0x0000000105450000, 0x000000010a780000, 0x000000010a780000)
  eden space 68160K,  96% used [0x0000000105450000, 0x0000000109456238, 0x00000001096e0000)
  from space 8512K,   0% used [0x00000001096e0000, 0x00000001096e0188, 0x0000000109f30000)
  to   space 8512K,   0% used [0x0000000109f30000, 0x0000000109f30000, 0x000000010a780000)
 concurrent mark-sweep generation total 439104K, used 136219K [0x000000010a780000, 0x0000000125450000, 0x0000000125450000)
 concurrent-mark-sweep perm gen total 21248K, used 2871K [0x0000000125450000, 0x0000000126910000, 0x000000012a650000)
4.558: [GC 4.558: [DefNew
Desired survivor size 4358144 bytes, new threshold 6 (max 6)
- age   1:        192 bytes,        192 total
: 65560K->0K(76672K), 0.0296830 secs] 201780K->201776K(515776K), 0.0297450 secs] [Times: user=0.03 sys=0.00, real=0.03 secs] 
Heap after GC invocations=59 (full 34):
 def new generation   total 76672K, used 0K [0x0000000105450000, 0x000000010a780000, 0x000000010a780000)
  eden space 68160K,   0% used [0x0000000105450000, 0x0000000105450000, 0x00000001096e0000)
  from space 8512K,   0% used [0x0000000109f30000, 0x0000000109f300c0, 0x000000010a780000)
  to   space 8512K,   0% used [0x00000001096e0000, 0x00000001096e0000, 0x0000000109f30000)
 concurrent mark-sweep generation total 439104K, used 201776K [0x000000010a780000, 0x0000000125450000, 0x0000000125450000)
 concurrent-mark-sweep perm gen total 21248K, used 2871K [0x0000000125450000, 0x0000000126910000, 0x000000012a650000)
}
4.598: [GC [1 CMS-initial-mark: 201776K(439104K)] 223356K(515776K), 0.0001850 secs] [Times: user=0.00 sys=0.00, real=0.00 secs] 
4.598: [CMS-concurrent-mark-start]
4.609: [CMS-concurrent-mark: 0.011/0.011 secs] [Times: user=0.02 sys=0.00, real=0.01 secs] 
4.609: [CMS-concurrent-preclean-start]
4.610: [CMS-concurrent-preclean: 0.001/0.001 secs] [Times: user=0.00 sys=0.00, real=0.01 secs] 
4.610: [CMS-concurrent-abortable-preclean-start]
{Heap before GC invocations=59 (full 35):
 def new generation   total 76672K, used 60673K [0x0000000105450000, 0x000000010a780000, 0x000000010a780000)
  eden space 68160K,  89% used [0x0000000105450000, 0x0000000108f90368, 0x00000001096e0000)
  from space 8512K,   0% used [0x0000000109f30000, 0x0000000109f300c0, 0x000000010a780000)
  to   space 8512K,   0% used [0x00000001096e0000, 0x00000001096e0000, 0x0000000109f30000)
 concurrent mark-sweep generation total 439104K, used 201776K [0x000000010a780000, 0x0000000125450000, 0x0000000125450000)
 concurrent-mark-sweep perm gen total 21248K, used 2871K [0x0000000125450000, 0x0000000126910000, 0x000000012a650000)
4.621: [GC 4.621: [DefNew
Desired survivor size 4358144 bytes, new threshold 6 (max 6)
- age   1:        152 bytes,        152 total
: 60673K->0K(76672K), 0.0273520 secs] 262449K->262445K(515776K), 0.0274120 secs] [Times: user=0.03 sys=0.00, real=0.02 secs] 
Heap after GC invocations=60 (full 35):
 def new generation   total 76672K, used 0K [0x0000000105450000, 0x000000010a780000, 0x000000010a780000)
  eden space 68160K,   0% used [0x0000000105450000, 0x0000000105450000, 0x00000001096e0000)
  from space 8512K,   0% used [0x00000001096e0000, 0x00000001096e0098, 0x0000000109f30000)
  to   space 8512K,   0% used [0x0000000109f30000, 0x0000000109f30000, 0x000000010a780000)
 concurrent mark-sweep generation total 439104K, used 262445K [0x000000010a780000, 0x0000000125450000, 0x0000000125450000)
 concurrent-mark-sweep perm gen total 21248K, used 2871K [0x0000000125450000, 0x0000000126910000, 0x000000012a650000)
}
{Heap before GC invocations=60 (full 35):
 def new generation   total 76672K, used 56698K [0x0000000105450000, 0x000000010a780000, 0x000000010a780000)
  eden space 68160K,  83% used [0x0000000105450000, 0x0000000108baeaf0, 0x00000001096e0000)
  from space 8512K,   0% used [0x00000001096e0000, 0x00000001096e0098, 0x0000000109f30000)
  to   space 8512K,   0% used [0x0000000109f30000, 0x0000000109f30000, 0x000000010a780000)
 concurrent mark-sweep generation total 439104K, used 262445K [0x000000010a780000, 0x0000000125450000, 0x0000000125450000)
 concurrent-mark-sweep perm gen total 21248K, used 2871K [0x0000000125450000, 0x0000000126910000, 0x000000012a650000)
4.677: [GC 4.677: [DefNew
Desired survivor size 4358144 bytes, new threshold 6 (max 6)
- age   1:        152 bytes,        152 total
: 56698K->0K(76672K), 0.0260820 secs] 319144K->319140K(515776K), 0.0261540 secs] [Times: user=0.03 sys=0.00, real=0.03 secs] 
Heap after GC invocations=61 (full 35):
 def new generation   total 76672K, used 0K [0x0000000105450000, 0x000000010a780000, 0x000000010a780000)
  eden space 68160K,   0% used [0x0000000105450000, 0x0000000105450000, 0x00000001096e0000)
  from space 8512K,   0% used [0x0000000109f30000, 0x0000000109f30098, 0x000000010a780000)
  to   space 8512K,   0% used [0x00000001096e0000, 0x00000001096e0000, 0x0000000109f30000)
 concurrent mark-sweep generation total 439104K, used 319139K [0x000000010a780000, 0x0000000125450000, 0x0000000125450000)
 concurrent-mark-sweep perm gen total 21248K, used 2871K [0x0000000125450000, 0x0000000126910000, 0x000000012a650000)
}
{Heap before GC invocations=61 (full 35):
 def new generation   total 76672K, used 64660K [0x0000000105450000, 0x000000010a780000, 0x000000010a780000)
  eden space 68160K,  94% used [0x0000000105450000, 0x0000000109374fa0, 0x00000001096e0000)
  from space 8512K,   0% used [0x0000000109f30000, 0x0000000109f30098, 0x000000010a780000)
  to   space 8512K,   0% used [0x00000001096e0000, 0x00000001096e0000, 0x0000000109f30000)
 concurrent mark-sweep generation total 439104K, used 319139K [0x000000010a780000, 0x0000000125450000, 0x0000000125450000)
 concurrent-mark-sweep perm gen total 21248K, used 2871K [0x0000000125450000, 0x0000000126910000, 0x000000012a650000)
4.739: [GC 4.740: [DefNew
Desired survivor size 4358144 bytes, new threshold 6 (max 6)
- age   1:        152 bytes,        152 total
: 64660K->0K(76672K), 0.0295760 secs] 383799K->383795K(515776K), 0.0296410 secs] [Times: user=0.03 sys=0.00, real=0.02 secs] 
Heap after GC invocations=62 (full 35):
 def new generation   total 76672K, used 0K [0x0000000105450000, 0x000000010a780000, 0x000000010a780000)
  eden space 68160K,   0% used [0x0000000105450000, 0x0000000105450000, 0x00000001096e0000)
  from space 8512K,   0% used [0x00000001096e0000, 0x00000001096e0098, 0x0000000109f30000)
  to   space 8512K,   0% used [0x0000000109f30000, 0x0000000109f30000, 0x000000010a780000)
 concurrent mark-sweep generation total 439104K, used 383795K [0x000000010a780000, 0x0000000125450000, 0x0000000125450000)
 concurrent-mark-sweep perm gen total 21248K, used 2871K [0x0000000125450000, 0x0000000126910000, 0x000000012a650000)
}
{Heap before GC invocations=62 (full 35):
 def new generation   total 76672K, used 49388K [0x0000000105450000, 0x000000010a780000, 0x000000010a780000)
  eden space 68160K,  72% used [0x0000000105450000, 0x000000010848b270, 0x00000001096e0000)
  from space 8512K,   0% used [0x00000001096e0000, 0x00000001096e0098, 0x0000000109f30000)
  to   space 8512K,   0% used [0x0000000109f30000, 0x0000000109f30000, 0x000000010a780000)
 concurrent mark-sweep generation total 439104K, used 383795K [0x000000010a780000, 0x0000000125450000, 0x0000000125450000)
 concurrent-mark-sweep perm gen total 21248K, used 2871K [0x0000000125450000, 0x0000000126910000, 0x000000012a650000)
4.797: [GC 4.797: [DefNew (promotion failed) : 49388K->49388K(76672K), 0.0159900 secs]4.813: [CMS4.813: [CMS-concurrent-abortable-preclean: 0.004/0.203 secs] [Times: user=0.23 sys=0.00, real=0.20 secs] 
 (concurrent mode failure): 415016K->113988K(439104K), 0.0518380 secs] 433184K->113988K(515776K), [CMS Perm : 2871K->2871K(21248K)], 0.0679350 secs] [Times: user=0.06 sys=0.00, real=0.07 secs] 
Heap after GC invocations=63 (full 36):
 def new generation   total 76672K, used 0K [0x0000000105450000, 0x000000010a780000, 0x000000010a780000)
  eden space 68160K,   0% used [0x0000000105450000, 0x0000000105450000, 0x00000001096e0000)
  from space 8512K,   0% used [0x0000000109f30000, 0x0000000109f30000, 0x000000010a780000)
  to   space 8512K,   0% used [0x00000001096e0000, 0x00000001096e0000, 0x0000000109f30000)
 concurrent mark-sweep generation total 439104K, used 113988K [0x000000010a780000, 0x0000000125450000, 0x0000000125450000)
 concurrent-mark-sweep perm gen total 21248K, used 2871K [0x0000000125450000, 0x0000000126910000, 0x000000012a650000)
}
{Heap before GC invocations=63 (full 36):
 def new generation   total 76672K, used 61173K [0x0000000105450000, 0x000000010a780000, 0x000000010a780000)
  eden space 68160K,  89% used [0x0000000105450000, 0x000000010900d650, 0x00000001096e0000)
  from space 8512K,   0% used [0x0000000109f30000, 0x0000000109f30000, 0x000000010a780000)
  to   space 8512K,   0% used [0x00000001096e0000, 0x00000001096e0000, 0x0000000109f30000)
 concurrent mark-sweep generation total 439104K, used 113988K [0x000000010a780000, 0x0000000125450000, 0x0000000125450000)
 concurrent-mark-sweep perm gen total 21248K, used 2871K [0x0000000125450000, 0x0000000126910000, 0x000000012a650000)
4.899: [GC 4.899: [DefNew
Desired survivor size 4358144 bytes, new threshold 6 (max 6)
- age   1:        112 bytes,        112 total
: 61173K->0K(76672K), 0.0281560 secs] 175161K->175159K(515776K), 0.0282270 secs] [Times: user=0.03 sys=0.00, real=0.02 secs] 
Heap after GC invocations=64 (full 36):
 def new generation   total 76672K, used 0K [0x0000000105450000, 0x000000010a780000, 0x000000010a780000)
  eden space 68160K,   0% used [0x0000000105450000, 0x0000000105450000, 0x00000001096e0000)
  from space 8512K,   0% used [0x00000001096e0000, 0x00000001096e0070, 0x0000000109f30000)
  to   space 8512K,   0% used [0x0000000109f30000, 0x0000000109f30000, 0x000000010a780000)
 concurrent mark-sweep generation total 439104K, used 175159K [0x000000010a780000, 0x0000000125450000, 0x0000000125450000)
 concurrent-mark-sweep perm gen total 21248K, used 2871K [0x0000000125450000, 0x0000000126910000, 0x000000012a650000)
}
{Heap before GC invocations=64 (full 36):
 def new generation   total 76672K, used 53709K [0x0000000105450000, 0x000000010a780000, 0x000000010a780000)
  eden space 68160K,  78% used [0x0000000105450000, 0x00000001088c33f0, 0x00000001096e0000)
  from space 8512K,   0% used [0x00000001096e0000, 0x00000001096e0070, 0x0000000109f30000)
  to   space 8512K,   0% used [0x0000000109f30000, 0x0000000109f30000, 0x000000010a780000)
 concurrent mark-sweep generation total 439104K, used 175159K [0x000000010a780000, 0x0000000125450000, 0x0000000125450000)
 concurrent-mark-sweep perm gen total 21248K, used 2871K [0x0000000125450000, 0x0000000126910000, 0x000000012a650000)
4.957: [GC 4.958: [DefNew
Desired survivor size 4358144 bytes, new threshold 6 (max 6)
- age   1:        176 bytes,        176 total
- age   2:         40 bytes,        216 total
: 53709K->0K(76672K), 0.0251660 secs] 228868K->228864K(515776K), 0.0252600 secs] [Times: user=0.02 sys=0.00, real=0.03 secs] 
Heap after GC invocations=65 (full 36):
 def new generation   total 76672K, used 0K [0x0000000105450000, 0x000000010a780000, 0x000000010a780000)
  eden space 68160K,   0% used [0x0000000105450000, 0x0000000105450000, 0x00000001096e0000)
  from space 8512K,   0% used [0x0000000109f30000, 0x0000000109f300d8, 0x000000010a780000)
  to   space 8512K,   0% used [0x00000001096e0000, 0x00000001096e0000, 0x0000000109f30000)
 concurrent mark-sweep generation total 439104K, used 228864K [0x000000010a780000, 0x0000000125450000, 0x0000000125450000)
 concurrent-mark-sweep perm gen total 21248K, used 2871K [0x0000000125450000, 0x0000000126910000, 0x000000012a650000)
}
5.003: [GC [1 CMS-initial-mark: 228864K(439104K)] 269752K(515776K), 0.0001900 secs] [Times: user=0.00 sys=0.00, real=0.00 secs] 
5.003: [CMS-concurrent-mark-start]
5.010: [CMS-concurrent-mark: 0.006/0.006 secs] [Times: user=0.01 sys=0.00, real=0.01 secs] 
5.010: [CMS-concurrent-preclean-start]
5.010: [CMS-concurrent-preclean: 0.001/0.001 secs] [Times: user=0.00 sys=0.00, real=0.00 secs] 
5.010: [CMS-concurrent-abortable-preclean-start]
{Heap before GC invocations=65 (full 37):
 def new generation   total 76672K, used 52609K [0x0000000105450000, 0x000000010a780000, 0x000000010a780000)
  eden space 68160K,  77% used [0x0000000105450000, 0x00000001087b0448, 0x00000001096e0000)
  from space 8512K,   0% used [0x0000000109f30000, 0x0000000109f300d8, 0x000000010a780000)
  to   space 8512K,   0% used [0x00000001096e0000, 0x00000001096e0000, 0x0000000109f30000)
 concurrent mark-sweep generation total 439104K, used 228864K [0x000000010a780000, 0x0000000125450000, 0x0000000125450000)
 concurrent-mark-sweep perm gen total 21248K, used 2871K [0x0000000125450000, 0x0000000126910000, 0x000000012a650000)
5.014: [GC 5.014: [DefNew
Desired survivor size 4358144 bytes, new threshold 6 (max 6)
- age   1:        112 bytes,        112 total
- age   3:         40 bytes,        152 total
: 52609K->0K(76672K), 0.0247890 secs] 281474K->281469K(515776K), 0.0248500 secs] [Times: user=0.02 sys=0.00, real=0.02 secs] 
Heap after GC invocations=66 (full 37):
 def new generation   total 76672K, used 0K [0x0000000105450000, 0x000000010a780000, 0x000000010a780000)
  eden space 68160K,   0% used [0x0000000105450000, 0x0000000105450000, 0x00000001096e0000)
  from space 8512K,   0% used [0x00000001096e0000, 0x00000001096e0098, 0x0000000109f30000)
  to   space 8512K,   0% used [0x0000000109f30000, 0x0000000109f30000, 0x000000010a780000)
 concurrent mark-sweep generation total 439104K, used 281469K [0x000000010a780000, 0x0000000125450000, 0x0000000125450000)
 concurrent-mark-sweep perm gen total 21248K, used 2871K [0x0000000125450000, 0x0000000126910000, 0x000000012a650000)
}
{Heap before GC invocations=66 (full 37):
 def new generation   total 76672K, used 58268K [0x0000000105450000, 0x000000010a780000, 0x000000010a780000)
  eden space 68160K,  85% used [0x0000000105450000, 0x0000000108d370a8, 0x00000001096e0000)
  from space 8512K,   0% used [0x00000001096e0000, 0x00000001096e0098, 0x0000000109f30000)
  to   space 8512K,   0% used [0x0000000109f30000, 0x0000000109f30000, 0x000000010a780000)
 concurrent mark-sweep generation total 439104K, used 281469K [0x000000010a780000, 0x0000000125450000, 0x0000000125450000)
 concurrent-mark-sweep perm gen total 21248K, used 2871K [0x0000000125450000, 0x0000000126910000, 0x000000012a650000)
5.070: [GC 5.070: [DefNew
Desired survivor size 4358144 bytes, new threshold 6 (max 6)
- age   1:        152 bytes,        152 total
- age   4:         40 bytes,        192 total
: 58268K->0K(76672K), 0.0273800 secs] 339738K->339733K(515776K), 0.0274470 secs] [Times: user=0.03 sys=0.00, real=0.02 secs] 
Heap after GC invocations=67 (full 37):
 def new generation   total 76672K, used 0K [0x0000000105450000, 0x000000010a780000, 0x000000010a780000)
  eden space 68160K,   0% used [0x0000000105450000, 0x0000000105450000, 0x00000001096e0000)
  from space 8512K,   0% used [0x0000000109f30000, 0x0000000109f300c0, 0x000000010a780000)
  to   space 8512K,   0% used [0x00000001096e0000, 0x00000001096e0000, 0x0000000109f30000)
 concurrent mark-sweep generation total 439104K, used 339733K [0x000000010a780000, 0x0000000125450000, 0x0000000125450000)
 concurrent-mark-sweep perm gen total 21248K, used 2871K [0x0000000125450000, 0x0000000126910000, 0x000000012a650000)
}
{Heap before GC invocations=67 (full 37):
 def new generation   total 76672K, used 55689K [0x0000000105450000, 0x000000010a780000, 0x000000010a780000)
  eden space 68160K,  81% used [0x0000000105450000, 0x0000000108ab2538, 0x00000001096e0000)
  from space 8512K,   0% used [0x0000000109f30000, 0x0000000109f300c0, 0x000000010a780000)
  to   space 8512K,   0% used [0x00000001096e0000, 0x00000001096e0000, 0x0000000109f30000)
 concurrent mark-sweep generation total 439104K, used 339733K [0x000000010a780000, 0x0000000125450000, 0x0000000125450000)
 concurrent-mark-sweep perm gen total 21248K, used 2871K [0x0000000125450000, 0x0000000126910000, 0x000000012a650000)
5.131: [GC 5.131: [DefNew
Desired survivor size 4358144 bytes, new threshold 6 (max 6)
- age   1:        176 bytes,        176 total
- age   5:         40 bytes,        216 total
: 55689K->0K(76672K), 0.0253430 secs] 395423K->395419K(515776K), 0.0254020 secs] [Times: user=0.02 sys=0.00, real=0.02 secs] 
Heap after GC invocations=68 (full 37):
 def new generation   total 76672K, used 0K [0x0000000105450000, 0x000000010a780000, 0x000000010a780000)
  eden space 68160K,   0% used [0x0000000105450000, 0x0000000105450000, 0x00000001096e0000)
  from space 8512K,   0% used [0x00000001096e0000, 0x00000001096e00d8, 0x0000000109f30000)
  to   space 8512K,   0% used [0x0000000109f30000, 0x0000000109f30000, 0x000000010a780000)
 concurrent mark-sweep generation total 439104K, used 395418K [0x000000010a780000, 0x0000000125450000, 0x0000000125450000)
 concurrent-mark-sweep perm gen total 21248K, used 2871K [0x0000000125450000, 0x0000000126910000, 0x000000012a650000)
}
{Heap before GC invocations=68 (full 37):
 def new generation   total 76672K, used 61970K [0x0000000105450000, 0x000000010a780000, 0x000000010a780000)
  eden space 68160K,  90% used [0x0000000105450000, 0x00000001090d4888, 0x00000001096e0000)
  from space 8512K,   0% used [0x00000001096e0000, 0x00000001096e00d8, 0x0000000109f30000)
  to   space 8512K,   0% used [0x0000000109f30000, 0x0000000109f30000, 0x000000010a780000)
 concurrent mark-sweep generation total 439104K, used 395418K [0x000000010a780000, 0x0000000125450000, 0x0000000125450000)
 concurrent-mark-sweep perm gen total 21248K, used 2871K [0x0000000125450000, 0x0000000126910000, 0x000000012a650000)
5.189: [GC 5.189: [DefNew: 61970K->61970K(76672K), 0.0000220 secs]5.189: [CMS5.189: [CMS-concurrent-abortable-preclean: 0.004/0.179 secs] [Times: user=0.21 sys=0.00, real=0.17 secs] 
 (concurrent mode failure): 395418K->83351K(439104K), 0.0405780 secs] 457389K->83351K(515776K), [CMS Perm : 2871K->2871K(21248K)], 0.0406890 secs] [Times: user=0.04 sys=0.00, real=0.05 secs] 
Heap after GC invocations=69 (full 38):
 def new generation   total 76672K, used 0K [0x0000000105450000, 0x000000010a780000, 0x000000010a780000)
  eden space 68160K,   0% used [0x0000000105450000, 0x0000000105450000, 0x00000001096e0000)
  from space 8512K,   0% used [0x00000001096e0000, 0x00000001096e0000, 0x0000000109f30000)
  to   space 8512K,   0% used [0x0000000109f30000, 0x0000000109f30000, 0x000000010a780000)
 concurrent mark-sweep generation total 439104K, used 83351K [0x000000010a780000, 0x0000000125450000, 0x0000000125450000)
 concurrent-mark-sweep perm gen total 21248K, used 2871K [0x0000000125450000, 0x0000000126910000, 0x000000012a650000)
}
{Heap before GC invocations=69 (full 38):
 def new generation   total 76672K, used 55134K [0x0000000105450000, 0x000000010a780000, 0x000000010a780000)
  eden space 68160K,  80% used [0x0000000105450000, 0x0000000108a27a58, 0x00000001096e0000)
  from space 8512K,   0% used [0x00000001096e0000, 0x00000001096e0000, 0x0000000109f30000)
  to   space 8512K,   0% used [0x0000000109f30000, 0x0000000109f30000, 0x000000010a780000)
 concurrent mark-sweep generation total 439104K, used 83351K [0x000000010a780000, 0x0000000125450000, 0x0000000125450000)
 concurrent-mark-sweep perm gen total 21248K, used 2871K [0x0000000125450000, 0x0000000126910000, 0x000000012a650000)
5.258: [GC 5.258: [DefNew
Desired survivor size 4358144 bytes, new threshold 6 (max 6)
- age   1:        152 bytes,        152 total
: 55134K->0K(76672K), 0.0261920 secs] 138486K->138484K(515776K), 0.0262560 secs] [Times: user=0.03 sys=0.00, real=0.03 secs] 
Heap after GC invocations=70 (full 38):
 def new generation   total 76672K, used 0K [0x0000000105450000, 0x000000010a780000, 0x000000010a780000)
  eden space 68160K,   0% used [0x0000000105450000, 0x0000000105450000, 0x00000001096e0000)
  from space 8512K,   0% used [0x0000000109f30000, 0x0000000109f30098, 0x000000010a780000)
  to   space 8512K,   0% used [0x00000001096e0000, 0x00000001096e0000, 0x0000000109f30000)
 concurrent mark-sweep generation total 439104K, used 138484K [0x000000010a780000, 0x0000000125450000, 0x0000000125450000)
 concurrent-mark-sweep perm gen total 21248K, used 2871K [0x0000000125450000, 0x0000000126910000, 0x000000012a650000)
}
{Heap before GC invocations=70 (full 38):
 def new generation   total 76672K, used 61753K [0x0000000105450000, 0x000000010a780000, 0x000000010a780000)
  eden space 68160K,  90% used [0x0000000105450000, 0x000000010909e5d0, 0x00000001096e0000)
  from space 8512K,   0% used [0x0000000109f30000, 0x0000000109f30098, 0x000000010a780000)
  to   space 8512K,   0% used [0x00000001096e0000, 0x00000001096e0000, 0x0000000109f30000)
 concurrent mark-sweep generation total 439104K, used 138484K [0x000000010a780000, 0x0000000125450000, 0x0000000125450000)
 concurrent-mark-sweep perm gen total 21248K, used 2871K [0x0000000125450000, 0x0000000126910000, 0x000000012a650000)
5.314: [GC 5.315: [DefNew
Desired survivor size 4358144 bytes, new threshold 6 (max 6)
- age   1:        152 bytes,        152 total
- age   2:         80 bytes,        232 total
: 61753K->0K(76672K), 0.0286590 secs] 200237K->200233K(515776K), 0.0287190 secs] [Times: user=0.03 sys=0.00, real=0.03 secs] 
Heap after GC invocations=71 (full 38):
 def new generation   total 76672K, used 0K [0x0000000105450000, 0x000000010a780000, 0x000000010a780000)
  eden space 68160K,   0% used [0x0000000105450000, 0x0000000105450000, 0x00000001096e0000)
  from space 8512K,   0% used [0x00000001096e0000, 0x00000001096e00e8, 0x0000000109f30000)
  to   space 8512K,   0% used [0x0000000109f30000, 0x0000000109f30000, 0x000000010a780000)
 concurrent mark-sweep generation total 439104K, used 200233K [0x000000010a780000, 0x0000000125450000, 0x0000000125450000)
 concurrent-mark-sweep perm gen total 21248K, used 2871K [0x0000000125450000, 0x0000000126910000, 0x000000012a650000)
}
5.351: [GC [1 CMS-initial-mark: 200233K(439104K)] 218924K(515776K), 0.0001870 secs] [Times: user=0.00 sys=0.00, real=0.00 secs] 
5.352: [CMS-concurrent-mark-start]
5.362: [CMS-concurrent-mark: 0.011/0.011 secs] [Times: user=0.02 sys=0.00, real=0.01 secs] 
5.362: [CMS-concurrent-preclean-start]
5.363: [CMS-concurrent-preclean: 0.001/0.001 secs] [Times: user=0.00 sys=0.00, real=0.00 secs] 
5.363: [CMS-concurrent-abortable-preclean-start]
{Heap before GC invocations=71 (full 39):
 def new generation   total 76672K, used 54404K [0x0000000105450000, 0x000000010a780000, 0x000000010a780000)
  eden space 68160K,  79% used [0x0000000105450000, 0x0000000108970f18, 0x00000001096e0000)
  from space 8512K,   0% used [0x00000001096e0000, 0x00000001096e00e8, 0x0000000109f30000)
  to   space 8512K,   0% used [0x0000000109f30000, 0x0000000109f30000, 0x000000010a780000)
 concurrent mark-sweep generation total 439104K, used 200233K [0x000000010a780000, 0x0000000125450000, 0x0000000125450000)
 concurrent-mark-sweep perm gen total 21248K, used 2871K [0x0000000125450000, 0x0000000126910000, 0x000000012a650000)
5.375: [GC 5.375: [DefNew
Desired survivor size 4358144 bytes, new threshold 6 (max 6)
- age   1:        152 bytes,        152 total
- age   3:         80 bytes,        232 total
: 54404K->0K(76672K), 0.0255680 secs] 254637K->254633K(515776K), 0.0256660 secs] [Times: user=0.02 sys=0.00, real=0.03 secs] 
Heap after GC invocations=72 (full 39):
 def new generation   total 76672K, used 0K [0x0000000105450000, 0x000000010a780000, 0x000000010a780000)
  eden space 68160K,   0% used [0x0000000105450000, 0x0000000105450000, 0x00000001096e0000)
  from space 8512K,   0% used [0x0000000109f30000, 0x0000000109f300e8, 0x000000010a780000)
  to   space 8512K,   0% used [0x00000001096e0000, 0x00000001096e0000, 0x0000000109f30000)
 concurrent mark-sweep generation total 439104K, used 254633K [0x000000010a780000, 0x0000000125450000, 0x0000000125450000)
 concurrent-mark-sweep perm gen total 21248K, used 2871K [0x0000000125450000, 0x0000000126910000, 0x000000012a650000)
}
{Heap before GC invocations=72 (full 39):
 def new generation   total 76672K, used 43982K [0x0000000105450000, 0x000000010a780000, 0x000000010a780000)
  eden space 68160K,  64% used [0x0000000105450000, 0x0000000107f43b00, 0x00000001096e0000)
  from space 8512K,   0% used [0x0000000109f30000, 0x0000000109f300e8, 0x000000010a780000)
  to   space 8512K,   0% used [0x00000001096e0000, 0x00000001096e0000, 0x0000000109f30000)
 concurrent mark-sweep generation total 439104K, used 254633K [0x000000010a780000, 0x0000000125450000, 0x0000000125450000)
 concurrent-mark-sweep perm gen total 21248K, used 2871K [0x0000000125450000, 0x0000000126910000, 0x000000012a650000)
5.422: [GC 5.422: [DefNew
Desired survivor size 4358144 bytes, new threshold 6 (max 6)
- age   1:        112 bytes,        112 total
- age   2:         40 bytes,        152 total
- age   4:         80 bytes,        232 total
: 43982K->0K(76672K), 0.0215820 secs] 298616K->298614K(515776K), 0.0216800 secs] [Times: user=0.02 sys=0.00, real=0.02 secs] 
Heap after GC invocations=73 (full 39):
 def new generation   total 76672K, used 0K [0x0000000105450000, 0x000000010a780000, 0x000000010a780000)
  eden space 68160K,   0% used [0x0000000105450000, 0x0000000105450000, 0x00000001096e0000)
  from space 8512K,   0% used [0x00000001096e0000, 0x00000001096e00e8, 0x0000000109f30000)
  to   space 8512K,   0% used [0x0000000109f30000, 0x0000000109f30000, 0x000000010a780000)
 concurrent mark-sweep generation total 439104K, used 298613K [0x000000010a780000, 0x0000000125450000, 0x0000000125450000)
 concurrent-mark-sweep perm gen total 21248K, used 2871K [0x0000000125450000, 0x0000000126910000, 0x000000012a650000)
}
{Heap before GC invocations=73 (full 39):
 def new generation   total 76672K, used 63922K [0x0000000105450000, 0x000000010a780000, 0x000000010a780000)
  eden space 68160K,  93% used [0x0000000105450000, 0x00000001092bc768, 0x00000001096e0000)
  from space 8512K,   0% used [0x00000001096e0000, 0x00000001096e00e8, 0x0000000109f30000)
  to   space 8512K,   0% used [0x0000000109f30000, 0x0000000109f30000, 0x000000010a780000)
 concurrent mark-sweep generation total 439104K, used 298613K [0x000000010a780000, 0x0000000125450000, 0x0000000125450000)
 concurrent-mark-sweep perm gen total 21248K, used 2871K [0x0000000125450000, 0x0000000126910000, 0x000000012a650000)
5.480: [GC 5.480: [DefNew
Desired survivor size 4358144 bytes, new threshold 6 (max 6)
- age   1:        152 bytes,        152 total
- age   5:         80 bytes,        232 total
: 63922K->0K(76672K), 0.0294590 secs] 362536K->362531K(515776K), 0.0295280 secs] [Times: user=0.03 sys=0.00, real=0.02 secs] 
Heap after GC invocations=74 (full 39):
 def new generation   total 76672K, used 0K [0x0000000105450000, 0x000000010a780000, 0x000000010a780000)
  eden space 68160K,   0% used [0x0000000105450000, 0x0000000105450000, 0x00000001096e0000)
  from space 8512K,   0% used [0x0000000109f30000, 0x0000000109f300e8, 0x000000010a780000)
  to   space 8512K,   0% used [0x00000001096e0000, 0x00000001096e0000, 0x0000000109f30000)
 concurrent mark-sweep generation total 439104K, used 362531K [0x000000010a780000, 0x0000000125450000, 0x0000000125450000)
 concurrent-mark-sweep perm gen total 21248K, used 2871K [0x0000000125450000, 0x0000000126910000, 0x000000012a650000)
}
{Heap before GC invocations=74 (full 39):
 def new generation   total 76672K, used 62241K [0x0000000105450000, 0x000000010a780000, 0x000000010a780000)
  eden space 68160K,  91% used [0x0000000105450000, 0x0000000109118628, 0x00000001096e0000)
  from space 8512K,   0% used [0x0000000109f30000, 0x0000000109f300e8, 0x000000010a780000)
  to   space 8512K,   0% used [0x00000001096e0000, 0x00000001096e0000, 0x0000000109f30000)
 concurrent mark-sweep generation total 439104K, used 362531K [0x000000010a780000, 0x0000000125450000, 0x0000000125450000)
 concurrent-mark-sweep perm gen total 21248K, used 2871K [0x0000000125450000, 0x0000000126910000, 0x000000012a650000)
5.540: [GC 5.541: [DefNew
Desired survivor size 4358144 bytes, new threshold 6 (max 6)
- age   1:        152 bytes,        152 total
- age   6:         80 bytes,        232 total
: 62241K->0K(76672K), 0.0283890 secs] 424773K->424769K(515776K), 0.0284590 secs] [Times: user=0.03 sys=0.00, real=0.02 secs] 
Heap after GC invocations=75 (full 39):
 def new generation   total 76672K, used 0K [0x0000000105450000, 0x000000010a780000, 0x000000010a780000)
  eden space 68160K,   0% used [0x0000000105450000, 0x0000000105450000, 0x00000001096e0000)
  from space 8512K,   0% used [0x00000001096e0000, 0x00000001096e00e8, 0x0000000109f30000)
  to   space 8512K,   0% used [0x0000000109f30000, 0x0000000109f30000, 0x000000010a780000)
 concurrent mark-sweep generation total 439104K, used 424769K [0x000000010a780000, 0x0000000125450000, 0x0000000125450000)
 concurrent-mark-sweep perm gen total 21248K, used 2871K [0x0000000125450000, 0x0000000126910000, 0x000000012a650000)
}
{Heap before GC invocations=75 (full 39):
 def new generation   total 76672K, used 59486K [0x0000000105450000, 0x000000010a780000, 0x000000010a780000)
  eden space 68160K,  87% used [0x0000000105450000, 0x0000000108e67ac0, 0x00000001096e0000)
  from space 8512K,   0% used [0x00000001096e0000, 0x00000001096e00e8, 0x0000000109f30000)
  to   space 8512K,   0% used [0x0000000109f30000, 0x0000000109f30000, 0x000000010a780000)
 concurrent mark-sweep generation total 439104K, used 424769K [0x000000010a780000, 0x0000000125450000, 0x0000000125450000)
 concurrent-mark-sweep perm gen total 21248K, used 2871K [0x0000000125450000, 0x0000000126910000, 0x000000012a650000)
5.603: [GC 5.603: [DefNew: 59486K->59486K(76672K), 0.0000210 secs]5.603: [CMS5.603: [CMS-concurrent-abortable-preclean: 0.004/0.240 secs] [Times: user=0.26 sys=0.01, real=0.24 secs] 
 (concurrent mode failure): 424769K->125437K(439104K), 0.0566960 secs] 484256K->125437K(515776K), [CMS Perm : 2871K->2871K(21248K)], 0.0568040 secs] [Times: user=0.05 sys=0.00, real=0.06 secs] 
Heap after GC invocations=76 (full 40):
 def new generation   total 76672K, used 0K [0x0000000105450000, 0x000000010a780000, 0x000000010a780000)
  eden space 68160K,   0% used [0x0000000105450000, 0x0000000105450000, 0x00000001096e0000)
  from space 8512K,   0% used [0x00000001096e0000, 0x00000001096e0000, 0x0000000109f30000)
  to   space 8512K,   0% used [0x0000000109f30000, 0x0000000109f30000, 0x000000010a780000)
 concurrent mark-sweep generation total 439104K, used 125437K [0x000000010a780000, 0x0000000125450000, 0x0000000125450000)
 concurrent-mark-sweep perm gen total 21248K, used 2871K [0x0000000125450000, 0x0000000126910000, 0x000000012a650000)
}
{Heap before GC invocations=76 (full 40):
 def new generation   total 76672K, used 61308K [0x0000000105450000, 0x000000010a780000, 0x000000010a780000)
  eden space 68160K,  89% used [0x0000000105450000, 0x000000010902f1c0, 0x00000001096e0000)
  from space 8512K,   0% used [0x00000001096e0000, 0x00000001096e0000, 0x0000000109f30000)
  to   space 8512K,   0% used [0x0000000109f30000, 0x0000000109f30000, 0x000000010a780000)
 concurrent mark-sweep generation total 439104K, used 125437K [0x000000010a780000, 0x0000000125450000, 0x0000000125450000)
 concurrent-mark-sweep perm gen total 21248K, used 2871K [0x0000000125450000, 0x0000000126910000, 0x000000012a650000)
5.690: [GC 5.691: [DefNew
Desired survivor size 4358144 bytes, new threshold 6 (max 6)
- age   1:        152 bytes,        152 total
: 61308K->0K(76672K), 0.0282070 secs] 186745K->186743K(515776K), 0.0282660 secs] [Times: user=0.02 sys=0.00, real=0.02 secs] 
Heap after GC invocations=77 (full 40):
 def new generation   total 76672K, used 0K [0x0000000105450000, 0x000000010a780000, 0x000000010a780000)
  eden space 68160K,   0% used [0x0000000105450000, 0x0000000105450000, 0x00000001096e0000)
  from space 8512K,   0% used [0x0000000109f30000, 0x0000000109f30098, 0x000000010a780000)
  to   space 8512K,   0% used [0x00000001096e0000, 0x00000001096e0000, 0x0000000109f30000)
 concurrent mark-sweep generation total 439104K, used 186743K [0x000000010a780000, 0x0000000125450000, 0x0000000125450000)
 concurrent-mark-sweep perm gen total 21248K, used 2871K [0x0000000125450000, 0x0000000126910000, 0x000000012a650000)
}
{Heap before GC invocations=77 (full 40):
 def new generation   total 76672K, used 63862K [0x0000000105450000, 0x000000010a780000, 0x000000010a780000)
  eden space 68160K,  93% used [0x0000000105450000, 0x00000001092ad988, 0x00000001096e0000)
  from space 8512K,   0% used [0x0000000109f30000, 0x0000000109f30098, 0x000000010a780000)
  to   space 8512K,   0% used [0x00000001096e0000, 0x00000001096e0000, 0x0000000109f30000)
 concurrent mark-sweep generation total 439104K, used 186743K [0x000000010a780000, 0x0000000125450000, 0x0000000125450000)
 concurrent-mark-sweep perm gen total 21248K, used 2871K [0x0000000125450000, 0x0000000126910000, 0x000000012a650000)
5.755: [GC 5.755: [DefNew
Desired survivor size 4358144 bytes, new threshold 6 (max 6)
- age   1:        216 bytes,        216 total
- age   2:         80 bytes,        296 total
: 63862K->0K(76672K), 0.0283890 secs] 250606K->250602K(515776K), 0.0284510 secs] [Times: user=0.03 sys=0.00, real=0.03 secs] 
Heap after GC invocations=78 (full 40):
 def new generation   total 76672K, used 0K [0x0000000105450000, 0x000000010a780000, 0x000000010a780000)
  eden space 68160K,   0% used [0x0000000105450000, 0x0000000105450000, 0x00000001096e0000)
  from space 8512K,   0% used [0x00000001096e0000, 0x00000001096e0128, 0x0000000109f30000)
  to   space 8512K,   0% used [0x0000000109f30000, 0x0000000109f30000, 0x000000010a780000)
 concurrent mark-sweep generation total 439104K, used 250601K [0x000000010a780000, 0x0000000125450000, 0x0000000125450000)
 concurrent-mark-sweep perm gen total 21248K, used 2871K [0x0000000125450000, 0x0000000126910000, 0x000000012a650000)
}
5.799: [GC [1 CMS-initial-mark: 250601K(439104K)] 285658K(515776K), 0.0001830 secs] [Times: user=0.00 sys=0.00, real=0.01 secs] 
5.800: [CMS-concurrent-mark-start]
5.806: [CMS-concurrent-mark: 0.006/0.006 secs] [Times: user=0.01 sys=0.00, real=0.00 secs] 
5.806: [CMS-concurrent-preclean-start]
5.807: [CMS-concurrent-preclean: 0.001/0.001 secs] [Times: user=0.00 sys=0.00, real=0.00 secs] 
5.807: [CMS-concurrent-abortable-preclean-start]
{Heap before GC invocations=78 (full 41):
 def new generation   total 76672K, used 67317K [0x0000000105450000, 0x000000010a780000, 0x000000010a780000)
  eden space 68160K,  98% used [0x0000000105450000, 0x000000010960d340, 0x00000001096e0000)
  from space 8512K,   0% used [0x00000001096e0000, 0x00000001096e0128, 0x0000000109f30000)
  to   space 8512K,   0% used [0x0000000109f30000, 0x0000000109f30000, 0x000000010a780000)
 concurrent mark-sweep generation total 439104K, used 250601K [0x000000010a780000, 0x0000000125450000, 0x0000000125450000)
 concurrent-mark-sweep perm gen total 21248K, used 2871K [0x0000000125450000, 0x0000000126910000, 0x000000012a650000)
5.826: [GC 5.826: [DefNew
Desired survivor size 4358144 bytes, new threshold 6 (max 6)
- age   1:        192 bytes,        192 total
- age   3:         80 bytes,        272 total
: 67317K->0K(76672K), 0.0323100 secs] 317919K->317914K(515776K), 0.0323910 secs] [Times: user=0.03 sys=0.00, real=0.03 secs] 
Heap after GC invocations=79 (full 41):
 def new generation   total 76672K, used 0K [0x0000000105450000, 0x000000010a780000, 0x000000010a780000)
  eden space 68160K,   0% used [0x0000000105450000, 0x0000000105450000, 0x00000001096e0000)
  from space 8512K,   0% used [0x0000000109f30000, 0x0000000109f30110, 0x000000010a780000)
  to   space 8512K,   0% used [0x00000001096e0000, 0x00000001096e0000, 0x0000000109f30000)
 concurrent mark-sweep generation total 439104K, used 317914K [0x000000010a780000, 0x0000000125450000, 0x0000000125450000)
 concurrent-mark-sweep perm gen total 21248K, used 2871K [0x0000000125450000, 0x0000000126910000, 0x000000012a650000)
}
{Heap before GC invocations=79 (full 41):
 def new generation   total 76672K, used 49379K [0x0000000105450000, 0x000000010a780000, 0x000000010a780000)
  eden space 68160K,  72% used [0x0000000105450000, 0x0000000108488cc0, 0x00000001096e0000)
  from space 8512K,   0% used [0x0000000109f30000, 0x0000000109f30110, 0x000000010a780000)
  to   space 8512K,   0% used [0x00000001096e0000, 0x00000001096e0000, 0x0000000109f30000)
 concurrent mark-sweep generation total 439104K, used 317914K [0x000000010a780000, 0x0000000125450000, 0x0000000125450000)
 concurrent-mark-sweep perm gen total 21248K, used 2871K [0x0000000125450000, 0x0000000126910000, 0x000000012a650000)
5.884: [GC 5.884: [DefNew
Desired survivor size 4358144 bytes, new threshold 6 (max 6)
- age   1:        112 bytes,        112 total
- age   4:         80 bytes,        192 total
: 49379K->0K(76672K), 0.0252980 secs] 367294K->367291K(515776K), 0.0253670 secs] [Times: user=0.02 sys=0.00, real=0.03 secs] 
Heap after GC invocations=80 (full 41):
 def new generation   total 76672K, used 0K [0x0000000105450000, 0x000000010a780000, 0x000000010a780000)
  eden space 68160K,   0% used [0x0000000105450000, 0x0000000105450000, 0x00000001096e0000)
  from space 8512K,   0% used [0x00000001096e0000, 0x00000001096e00c0, 0x0000000109f30000)
  to   space 8512K,   0% used [0x0000000109f30000, 0x0000000109f30000, 0x000000010a780000)
 concurrent mark-sweep generation total 439104K, used 367291K [0x000000010a780000, 0x0000000125450000, 0x0000000125450000)
 concurrent-mark-sweep perm gen total 21248K, used 2871K [0x0000000125450000, 0x0000000126910000, 0x000000012a650000)
}
{Heap before GC invocations=80 (full 41):
 def new generation   total 76672K, used 60483K [0x0000000105450000, 0x000000010a780000, 0x000000010a780000)
  eden space 68160K,  88% used [0x0000000105450000, 0x0000000108f60c10, 0x00000001096e0000)
  from space 8512K,   0% used [0x00000001096e0000, 0x00000001096e00c0, 0x0000000109f30000)
  to   space 8512K,   0% used [0x0000000109f30000, 0x0000000109f30000, 0x000000010a780000)
 concurrent mark-sweep generation total 439104K, used 367291K [0x000000010a780000, 0x0000000125450000, 0x0000000125450000)
 concurrent-mark-sweep perm gen total 21248K, used 2871K [0x0000000125450000, 0x0000000126910000, 0x000000012a650000)
5.940: [GC 5.940: [DefNew
Desired survivor size 4358144 bytes, new threshold 6 (max 6)
- age   1:        152 bytes,        152 total
- age   5:         80 bytes,        232 total
: 60483K->0K(76672K), 0.0278230 secs] 427774K->427770K(515776K), 0.0278870 secs] [Times: user=0.03 sys=0.00, real=0.02 secs] 
Heap after GC invocations=81 (full 41):
 def new generation   total 76672K, used 0K [0x0000000105450000, 0x000000010a780000, 0x000000010a780000)
  eden space 68160K,   0% used [0x0000000105450000, 0x0000000105450000, 0x00000001096e0000)
  from space 8512K,   0% used [0x0000000109f30000, 0x0000000109f300e8, 0x000000010a780000)
  to   space 8512K,   0% used [0x00000001096e0000, 0x00000001096e0000, 0x0000000109f30000)
 concurrent mark-sweep generation total 439104K, used 427770K [0x000000010a780000, 0x0000000125450000, 0x0000000125450000)
 concurrent-mark-sweep perm gen total 21248K, used 2871K [0x0000000125450000, 0x0000000126910000, 0x000000012a650000)
}
5.968: [CMS-concurrent-abortable-preclean: 0.003/0.161 secs] [Times: user=0.19 sys=0.00, real=0.16 secs] 
5.977: [GC[YG occupancy: 20184 K (76672 K)]5.977: [Rescan (non-parallel) 5.977: [grey object rescan, 0.0010550 secs]5.978: [root rescan, 0.0001250 secs], 0.0012030 secs]5.978: [weak refs processing, 0.0000080 secs]5.978: [scrub string table, 0.0000220 secs] [1 CMS-remark: 427770K(439104K)] 447955K(515776K), 0.0013580 secs] [Times: user=0.01 sys=0.00, real=0.00 secs] 
5.978: [CMS-concurrent-sweep-start]
5.979: [CMS-concurrent-sweep: 0.001/0.001 secs] [Times: user=0.00 sys=0.00, real=0.00 secs] 
5.979: [CMS-concurrent-reset-start]
5.982: [CMS-concurrent-reset: 0.003/0.003 secs] [Times: user=0.00 sys=0.00, real=0.01 secs] 
{Heap before GC invocations=81 (full 41):
 def new generation   total 76672K, used 66304K [0x0000000105450000, 0x000000010a780000, 0x000000010a780000)
  eden space 68160K,  97% used [0x0000000105450000, 0x0000000109510268, 0x00000001096e0000)
  from space 8512K,   0% used [0x0000000109f30000, 0x0000000109f300e8, 0x000000010a780000)
  to   space 8512K,   0% used [0x00000001096e0000, 0x00000001096e0000, 0x0000000109f30000)
 concurrent mark-sweep generation total 439104K, used 292675K [0x000000010a780000, 0x0000000125450000, 0x0000000125450000)
 concurrent-mark-sweep perm gen total 21248K, used 2871K [0x0000000125450000, 0x0000000126910000, 0x000000012a650000)
6.006: [GC 6.006: [DefNew
Desired survivor size 4358144 bytes, new threshold 6 (max 6)
- age   1:        176 bytes,        176 total
- age   6:         80 bytes,        256 total
: 66304K->0K(76672K), 0.0301280 secs] 358980K->358976K(515776K), 0.0301920 secs] [Times: user=0.03 sys=0.00, real=0.03 secs] 
Heap after GC invocations=82 (full 41):
 def new generation   total 76672K, used 0K [0x0000000105450000, 0x000000010a780000, 0x000000010a780000)
  eden space 68160K,   0% used [0x0000000105450000, 0x0000000105450000, 0x00000001096e0000)
  from space 8512K,   0% used [0x00000001096e0000, 0x00000001096e0100, 0x0000000109f30000)
  to   space 8512K,   0% used [0x0000000109f30000, 0x0000000109f30000, 0x000000010a780000)
 concurrent mark-sweep generation total 439104K, used 358976K [0x000000010a780000, 0x0000000125450000, 0x0000000125450000)
 concurrent-mark-sweep perm gen total 21248K, used 2871K [0x0000000125450000, 0x0000000126910000, 0x000000012a650000)
}
6.053: [GC [1 CMS-initial-mark: 358976K(439104K)] 395901K(515776K), 0.0001890 secs] [Times: user=0.00 sys=0.00, real=0.00 secs] 
6.054: [CMS-concurrent-mark-start]
6.060: [CMS-concurrent-mark: 0.006/0.006 secs] [Times: user=0.00 sys=0.00, real=0.01 secs] 
6.060: [CMS-concurrent-preclean-start]
6.061: [CMS-concurrent-preclean: 0.001/0.001 secs] [Times: user=0.00 sys=0.00, real=0.00 secs] 
6.061: [CMS-concurrent-abortable-preclean-start]
{Heap before GC invocations=82 (full 42):
 def new generation   total 76672K, used 51110K [0x0000000105450000, 0x000000010a780000, 0x000000010a780000)
  eden space 68160K,  74% used [0x0000000105450000, 0x0000000108639a68, 0x00000001096e0000)
  from space 8512K,   0% used [0x00000001096e0000, 0x00000001096e0100, 0x0000000109f30000)
  to   space 8512K,   0% used [0x0000000109f30000, 0x0000000109f30000, 0x000000010a780000)
 concurrent mark-sweep generation total 439104K, used 358976K [0x000000010a780000, 0x0000000125450000, 0x0000000125450000)
 concurrent-mark-sweep perm gen total 21248K, used 2871K [0x0000000125450000, 0x0000000126910000, 0x000000012a650000)
6.066: [GC 6.066: [DefNew
Desired survivor size 4358144 bytes, new threshold 6 (max 6)
- age   1:        112 bytes,        112 total
: 51110K->0K(76672K), 0.0242440 secs] 410086K->410082K(515776K), 0.0243150 secs] [Times: user=0.02 sys=0.00, real=0.03 secs] 
Heap after GC invocations=83 (full 42):
 def new generation   total 76672K, used 0K [0x0000000105450000, 0x000000010a780000, 0x000000010a780000)
  eden space 68160K,   0% used [0x0000000105450000, 0x0000000105450000, 0x00000001096e0000)
  from space 8512K,   0% used [0x0000000109f30000, 0x0000000109f30070, 0x000000010a780000)
  to   space 8512K,   0% used [0x00000001096e0000, 0x00000001096e0000, 0x0000000109f30000)
 concurrent mark-sweep generation total 439104K, used 410082K [0x000000010a780000, 0x0000000125450000, 0x0000000125450000)
 concurrent-mark-sweep perm gen total 21248K, used 2871K [0x0000000125450000, 0x0000000126910000, 0x000000012a650000)
}
{Heap before GC invocations=83 (full 42):
 def new generation   total 76672K, used 65999K [0x0000000105450000, 0x000000010a780000, 0x000000010a780000)
  eden space 68160K,  96% used [0x0000000105450000, 0x00000001094c3ed8, 0x00000001096e0000)
  from space 8512K,   0% used [0x0000000109f30000, 0x0000000109f30070, 0x000000010a780000)
  to   space 8512K,   0% used [0x00000001096e0000, 0x00000001096e0000, 0x0000000109f30000)
 concurrent mark-sweep generation total 439104K, used 410082K [0x000000010a780000, 0x0000000125450000, 0x0000000125450000)
 concurrent-mark-sweep perm gen total 21248K, used 2871K [0x0000000125450000, 0x0000000126910000, 0x000000012a650000)
6.123: [GC 6.123: [DefNew: 65999K->65999K(76672K), 0.0000210 secs]6.123: [CMS6.123: [CMS-concurrent-abortable-preclean: 0.002/0.063 secs] [Times: user=0.08 sys=0.00, real=0.06 secs] 
 (concurrent mode failure): 410082K->117531K(439104K), 0.0529790 secs] 476082K->117531K(515776K), [CMS Perm : 2871K->2871K(21248K)], 0.0530850 secs] [Times: user=0.05 sys=0.00, real=0.05 secs] 
Heap after GC invocations=84 (full 43):
 def new generation   total 76672K, used 0K [0x0000000105450000, 0x000000010a780000, 0x000000010a780000)
  eden space 68160K,   0% used [0x0000000105450000, 0x0000000105450000, 0x00000001096e0000)
  from space 8512K,   0% used [0x0000000109f30000, 0x0000000109f30000, 0x000000010a780000)
  to   space 8512K,   0% used [0x00000001096e0000, 0x00000001096e0000, 0x0000000109f30000)
 concurrent mark-sweep generation total 439104K, used 117531K [0x000000010a780000, 0x0000000125450000, 0x0000000125450000)
 concurrent-mark-sweep perm gen total 21248K, used 2871K [0x0000000125450000, 0x0000000126910000, 0x000000012a650000)
}
{Heap before GC invocations=84 (full 43):
 def new generation   total 76672K, used 48033K [0x0000000105450000, 0x000000010a780000, 0x000000010a780000)
  eden space 68160K,  70% used [0x0000000105450000, 0x0000000108338640, 0x00000001096e0000)
  from space 8512K,   0% used [0x0000000109f30000, 0x0000000109f30000, 0x000000010a780000)
  to   space 8512K,   0% used [0x00000001096e0000, 0x00000001096e0000, 0x0000000109f30000)
 concurrent mark-sweep generation total 439104K, used 117531K [0x000000010a780000, 0x0000000125450000, 0x0000000125450000)
 concurrent-mark-sweep perm gen total 21248K, used 2871K [0x0000000125450000, 0x0000000126910000, 0x000000012a650000)
6.202: [GC 6.202: [DefNew
Desired survivor size 4358144 bytes, new threshold 6 (max 6)
- age   1:        152 bytes,        152 total
: 48033K->0K(76672K), 0.0230140 secs] 165564K->165563K(515776K), 0.0230940 secs] [Times: user=0.02 sys=0.00, real=0.02 secs] 
Heap after GC invocations=85 (full 43):
 def new generation   total 76672K, used 0K [0x0000000105450000, 0x000000010a780000, 0x000000010a780000)
  eden space 68160K,   0% used [0x0000000105450000, 0x0000000105450000, 0x00000001096e0000)
  from space 8512K,   0% used [0x00000001096e0000, 0x00000001096e0098, 0x0000000109f30000)
  to   space 8512K,   0% used [0x0000000109f30000, 0x0000000109f30000, 0x000000010a780000)
 concurrent mark-sweep generation total 439104K, used 165562K [0x000000010a780000, 0x0000000125450000, 0x0000000125450000)
 concurrent-mark-sweep perm gen total 21248K, used 2871K [0x0000000125450000, 0x0000000126910000, 0x000000012a650000)
}
{Heap before GC invocations=85 (full 43):
 def new generation   total 76672K, used 60556K [0x0000000105450000, 0x000000010a780000, 0x000000010a780000)
  eden space 68160K,  88% used [0x0000000105450000, 0x0000000108f73270, 0x00000001096e0000)
  from space 8512K,   0% used [0x00000001096e0000, 0x00000001096e0098, 0x0000000109f30000)
  to   space 8512K,   0% used [0x0000000109f30000, 0x0000000109f30000, 0x000000010a780000)
 concurrent mark-sweep generation total 439104K, used 165562K [0x000000010a780000, 0x0000000125450000, 0x0000000125450000)
 concurrent-mark-sweep perm gen total 21248K, used 2871K [0x0000000125450000, 0x0000000126910000, 0x000000012a650000)
6.260: [GC 6.260: [DefNew
Desired survivor size 4358144 bytes, new threshold 6 (max 6)
- age   1:        152 bytes,        152 total
- age   2:         80 bytes,        232 total
: 60556K->0K(76672K), 0.0282310 secs] 226119K->226117K(515776K), 0.0283280 secs] [Times: user=0.03 sys=0.00, real=0.02 secs] 
Heap after GC invocations=86 (full 43):
 def new generation   total 76672K, used 0K [0x0000000105450000, 0x000000010a780000, 0x000000010a780000)
  eden space 68160K,   0% used [0x0000000105450000, 0x0000000105450000, 0x00000001096e0000)
  from space 8512K,   0% used [0x0000000109f30000, 0x0000000109f300e8, 0x000000010a780000)
  to   space 8512K,   0% used [0x00000001096e0000, 0x00000001096e0000, 0x0000000109f30000)
 concurrent mark-sweep generation total 439104K, used 226117K [0x000000010a780000, 0x0000000125450000, 0x0000000125450000)
 concurrent-mark-sweep perm gen total 21248K, used 2871K [0x0000000125450000, 0x0000000126910000, 0x000000012a650000)
}
6.297: [GC [1 CMS-initial-mark: 226117K(439104K)] 247080K(515776K), 0.0001850 secs] [Times: user=0.00 sys=0.00, real=0.00 secs] 
6.298: [CMS-concurrent-mark-start]
6.308: [CMS-concurrent-mark: 0.011/0.011 secs] [Times: user=0.02 sys=0.00, real=0.01 secs] 
6.308: [CMS-concurrent-preclean-start]
6.309: [CMS-concurrent-preclean: 0.001/0.001 secs] [Times: user=0.00 sys=0.00, real=0.01 secs] 
6.309: [CMS-concurrent-abortable-preclean-start]
{Heap before GC invocations=86 (full 44):
 def new generation   total 76672K, used 54027K [0x0000000105450000, 0x000000010a780000, 0x000000010a780000)
  eden space 68160K,  79% used [0x0000000105450000, 0x0000000108912ea8, 0x00000001096e0000)
  from space 8512K,   0% used [0x0000000109f30000, 0x0000000109f300e8, 0x000000010a780000)
  to   space 8512K,   0% used [0x00000001096e0000, 0x00000001096e0000, 0x0000000109f30000)
 concurrent mark-sweep generation total 439104K, used 226117K [0x000000010a780000, 0x0000000125450000, 0x0000000125450000)
 concurrent-mark-sweep perm gen total 21248K, used 2871K [0x0000000125450000, 0x0000000126910000, 0x000000012a650000)
6.317: [GC 6.317: [DefNew
Desired survivor size 4358144 bytes, new threshold 6 (max 6)
- age   1:        152 bytes,        152 total
- age   2:         40 bytes,        192 total
- age   3:         80 bytes,        272 total
: 54027K->0K(76672K), 0.0255300 secs] 280145K->280141K(515776K), 0.0255990 secs] [Times: user=0.03 sys=0.00, real=0.03 secs] 
Heap after GC invocations=87 (full 44):
 def new generation   total 76672K, used 0K [0x0000000105450000, 0x000000010a780000, 0x000000010a780000)
  eden space 68160K,   0% used [0x0000000105450000, 0x0000000105450000, 0x00000001096e0000)
  from space 8512K,   0% used [0x00000001096e0000, 0x00000001096e0110, 0x0000000109f30000)
  to   space 8512K,   0% used [0x0000000109f30000, 0x0000000109f30000, 0x000000010a780000)
 concurrent mark-sweep generation total 439104K, used 280140K [0x000000010a780000, 0x0000000125450000, 0x0000000125450000)
 concurrent-mark-sweep perm gen total 21248K, used 2871K [0x0000000125450000, 0x0000000126910000, 0x000000012a650000)
}
{Heap before GC invocations=87 (full 44):
 def new generation   total 76672K, used 65952K [0x0000000105450000, 0x000000010a780000, 0x000000010a780000)
  eden space 68160K,  96% used [0x0000000105450000, 0x00000001094b8040, 0x00000001096e0000)
  from space 8512K,   0% used [0x00000001096e0000, 0x00000001096e0110, 0x0000000109f30000)
  to   space 8512K,   0% used [0x0000000109f30000, 0x0000000109f30000, 0x000000010a780000)
 concurrent mark-sweep generation total 439104K, used 280140K [0x000000010a780000, 0x0000000125450000, 0x0000000125450000)
 concurrent-mark-sweep perm gen total 21248K, used 2871K [0x0000000125450000, 0x0000000126910000, 0x000000012a650000)
6.376: [GC 6.376: [DefNew
Desired survivor size 4358144 bytes, new threshold 6 (max 6)
- age   1:        192 bytes,        192 total
- age   4:         80 bytes,        272 total
: 65952K->0K(76672K), 0.0303090 secs] 346093K->346089K(515776K), 0.0303730 secs] [Times: user=0.03 sys=0.00, real=0.03 secs] 
Heap after GC invocations=88 (full 44):
 def new generation   total 76672K, used 0K [0x0000000105450000, 0x000000010a780000, 0x000000010a780000)
  eden space 68160K,   0% used [0x0000000105450000, 0x0000000105450000, 0x00000001096e0000)
  from space 8512K,   0% used [0x0000000109f30000, 0x0000000109f30110, 0x000000010a780000)
  to   space 8512K,   0% used [0x00000001096e0000, 0x00000001096e0000, 0x0000000109f30000)
 concurrent mark-sweep generation total 439104K, used 346088K [0x000000010a780000, 0x0000000125450000, 0x0000000125450000)
 concurrent-mark-sweep perm gen total 21248K, used 2871K [0x0000000125450000, 0x0000000126910000, 0x000000012a650000)
}
{Heap before GC invocations=88 (full 44):
 def new generation   total 76672K, used 44353K [0x0000000105450000, 0x000000010a780000, 0x000000010a780000)
  eden space 68160K,  65% used [0x0000000105450000, 0x0000000107fa0548, 0x00000001096e0000)
  from space 8512K,   0% used [0x0000000109f30000, 0x0000000109f30110, 0x000000010a780000)
  to   space 8512K,   0% used [0x00000001096e0000, 0x00000001096e0000, 0x0000000109f30000)
 concurrent mark-sweep generation total 439104K, used 346088K [0x000000010a780000, 0x0000000125450000, 0x0000000125450000)
 concurrent-mark-sweep perm gen total 21248K, used 2871K [0x0000000125450000, 0x0000000126910000, 0x000000012a650000)
6.429: [GC 6.429: [DefNew
Desired survivor size 4358144 bytes, new threshold 6 (max 6)
- age   1:        112 bytes,        112 total
- age   5:         80 bytes,        192 total
: 44353K->0K(76672K), 0.0217700 secs] 390442K->390440K(515776K), 0.0218430 secs] [Times: user=0.02 sys=0.00, real=0.03 secs] 
Heap after GC invocations=89 (full 44):
 def new generation   total 76672K, used 0K [0x0000000105450000, 0x000000010a780000, 0x000000010a780000)
  eden space 68160K,   0% used [0x0000000105450000, 0x0000000105450000, 0x00000001096e0000)
  from space 8512K,   0% used [0x00000001096e0000, 0x00000001096e00c0, 0x0000000109f30000)
  to   space 8512K,   0% used [0x0000000109f30000, 0x0000000109f30000, 0x000000010a780000)
 concurrent mark-sweep generation total 439104K, used 390440K [0x000000010a780000, 0x0000000125450000, 0x0000000125450000)
 concurrent-mark-sweep perm gen total 21248K, used 2871K [0x0000000125450000, 0x0000000126910000, 0x000000012a650000)
}
{Heap before GC invocations=89 (full 44):
 def new generation   total 76672K, used 50131K [0x0000000105450000, 0x000000010a780000, 0x000000010a780000)
  eden space 68160K,  73% used [0x0000000105450000, 0x0000000108544d10, 0x00000001096e0000)
  from space 8512K,   0% used [0x00000001096e0000, 0x00000001096e00c0, 0x0000000109f30000)
  to   space 8512K,   0% used [0x0000000109f30000, 0x0000000109f30000, 0x000000010a780000)
 concurrent mark-sweep generation total 439104K, used 390440K [0x000000010a780000, 0x0000000125450000, 0x0000000125450000)
 concurrent-mark-sweep perm gen total 21248K, used 2871K [0x0000000125450000, 0x0000000126910000, 0x000000012a650000)
6.480: [GC 6.480: [DefNew: 50131K->50131K(76672K), 0.0000200 secs] 440571K->440571K(515776K), 0.0000600 secs] [Times: user=0.00 sys=0.00, real=0.00 secs] 
Heap after GC invocations=90 (full 44):
 def new generation   total 76672K, used 50131K [0x0000000105450000, 0x000000010a780000, 0x000000010a780000)
  eden space 68160K,  73% used [0x0000000105450000, 0x0000000108544d10, 0x00000001096e0000)
  from space 8512K,   0% used [0x00000001096e0000, 0x00000001096e00c0, 0x0000000109f30000)
  to   space 8512K,   0% used [0x0000000109f30000, 0x0000000109f30000, 0x000000010a780000)
 concurrent mark-sweep generation total 439104K, used 390440K [0x000000010a780000, 0x0000000125450000, 0x0000000125450000)
 concurrent-mark-sweep perm gen total 21248K, used 2871K [0x0000000125450000, 0x0000000126910000, 0x000000012a650000)
}
{Heap before GC invocations=90 (full 44):
 def new generation   total 76672K, used 50131K [0x0000000105450000, 0x000000010a780000, 0x000000010a780000)
  eden space 68160K,  73% used [0x0000000105450000, 0x0000000108544d10, 0x00000001096e0000)
  from space 8512K,   0% used [0x00000001096e0000, 0x00000001096e00c0, 0x0000000109f30000)
  to   space 8512K,   0% used [0x0000000109f30000, 0x0000000109f30000, 0x000000010a780000)
 concurrent mark-sweep generation total 439104K, used 390440K [0x000000010a780000, 0x0000000125450000, 0x0000000125450000)
 concurrent-mark-sweep perm gen total 21248K, used 2871K [0x0000000125450000, 0x0000000126910000, 0x000000012a650000)
6.480: [Full GC 6.480: [CMS6.480: [CMS-concurrent-abortable-preclean: 0.003/0.171 secs] [Times: user=0.19 sys=0.00, real=0.17 secs] 
 (concurrent mode failure): 390440K->120556K(439104K), 0.0542700 secs] 440571K->120556K(515776K), [CMS Perm : 2871K->2871K(21248K)], 0.0543300 secs] [Times: user=0.06 sys=0.01, real=0.05 secs] 
Heap after GC invocations=91 (full 45):
 def new generation   total 76672K, used 0K [0x0000000105450000, 0x000000010a780000, 0x000000010a780000)
  eden space 68160K,   0% used [0x0000000105450000, 0x0000000105450000, 0x00000001096e0000)
  from space 8512K,   0% used [0x00000001096e0000, 0x00000001096e0000, 0x0000000109f30000)
  to   space 8512K,   0% used [0x0000000109f30000, 0x0000000109f30000, 0x000000010a780000)
 concurrent mark-sweep generation total 439104K, used 120556K [0x000000010a780000, 0x0000000125450000, 0x0000000125450000)
 concurrent-mark-sweep perm gen total 21248K, used 2871K [0x0000000125450000, 0x0000000126910000, 0x000000012a650000)
}
{Heap before GC invocations=91 (full 45):
 def new generation   total 76672K, used 65653K [0x0000000105450000, 0x000000010a780000, 0x000000010a780000)
  eden space 68160K,  96% used [0x0000000105450000, 0x000000010946d570, 0x00000001096e0000)
  from space 8512K,   0% used [0x00000001096e0000, 0x00000001096e0000, 0x0000000109f30000)
  to   space 8512K,   0% used [0x0000000109f30000, 0x0000000109f30000, 0x000000010a780000)
 concurrent mark-sweep generation total 439104K, used 120556K [0x000000010a780000, 0x0000000125450000, 0x0000000125450000)
 concurrent-mark-sweep perm gen total 21248K, used 2871K [0x0000000125450000, 0x0000000126910000, 0x000000012a650000)
6.568: [GC 6.568: [DefNew
Desired survivor size 4358144 bytes, new threshold 6 (max 6)
- age   1:        152 bytes,        152 total
: 65653K->0K(76672K), 0.0297940 secs] 186209K->186208K(515776K), 0.0298630 secs] [Times: user=0.03 sys=0.00, real=0.03 secs] 
Heap after GC invocations=92 (full 45):
 def new generation   total 76672K, used 0K [0x0000000105450000, 0x000000010a780000, 0x000000010a780000)
  eden space 68160K,   0% used [0x0000000105450000, 0x0000000105450000, 0x00000001096e0000)
  from space 8512K,   0% used [0x0000000109f30000, 0x0000000109f30098, 0x000000010a780000)
  to   space 8512K,   0% used [0x00000001096e0000, 0x00000001096e0000, 0x0000000109f30000)
 concurrent mark-sweep generation total 439104K, used 186207K [0x000000010a780000, 0x0000000125450000, 0x0000000125450000)
 concurrent-mark-sweep perm gen total 21248K, used 2871K [0x0000000125450000, 0x0000000126910000, 0x000000012a650000)
}
{Heap before GC invocations=92 (full 45):
 def new generation   total 76672K, used 46476K [0x0000000105450000, 0x000000010a780000, 0x000000010a780000)
  eden space 68160K,  68% used [0x0000000105450000, 0x00000001081b30c8, 0x00000001096e0000)
  from space 8512K,   0% used [0x0000000109f30000, 0x0000000109f30098, 0x000000010a780000)
  to   space 8512K,   0% used [0x00000001096e0000, 0x00000001096e0000, 0x0000000109f30000)
 concurrent mark-sweep generation total 439104K, used 186207K [0x000000010a780000, 0x0000000125450000, 0x0000000125450000)
 concurrent-mark-sweep perm gen total 21248K, used 2871K [0x0000000125450000, 0x0000000126910000, 0x000000012a650000)
6.622: [GC 6.622: [DefNew
Desired survivor size 4358144 bytes, new threshold 6 (max 6)
- age   1:        112 bytes,        112 total
- age   2:         80 bytes,        192 total
: 46476K->0K(76672K), 0.0218350 secs] 232684K->232682K(515776K), 0.0219030 secs] [Times: user=0.02 sys=0.00, real=0.02 secs] 
Heap after GC invocations=93 (full 45):
 def new generation   total 76672K, used 0K [0x0000000105450000, 0x000000010a780000, 0x000000010a780000)
  eden space 68160K,   0% used [0x0000000105450000, 0x0000000105450000, 0x00000001096e0000)
  from space 8512K,   0% used [0x00000001096e0000, 0x00000001096e00c0, 0x0000000109f30000)
  to   space 8512K,   0% used [0x0000000109f30000, 0x0000000109f30000, 0x000000010a780000)
 concurrent mark-sweep generation total 439104K, used 232681K [0x000000010a780000, 0x0000000125450000, 0x0000000125450000)
 concurrent-mark-sweep perm gen total 21248K, used 2871K [0x0000000125450000, 0x0000000126910000, 0x000000012a650000)
}
6.656: [GC [1 CMS-initial-mark: 232681K(439104K)] 257701K(515776K), 0.0001660 secs] [Times: user=0.00 sys=0.00, real=0.00 secs] 
6.656: [CMS-concurrent-mark-start]
6.667: [CMS-concurrent-mark: 0.011/0.011 secs] [Times: user=0.03 sys=0.00, real=0.01 secs] 
6.667: [CMS-concurrent-preclean-start]
6.667: [CMS-concurrent-preclean: 0.001/0.001 secs] [Times: user=0.00 sys=0.00, real=0.00 secs] 
6.668: [CMS-concurrent-abortable-preclean-start]
{Heap before GC invocations=93 (full 46):
 def new generation   total 76672K, used 60491K [0x0000000105450000, 0x000000010a780000, 0x000000010a780000)
  eden space 68160K,  88% used [0x0000000105450000, 0x0000000108f62d90, 0x00000001096e0000)
  from space 8512K,   0% used [0x00000001096e0000, 0x00000001096e00c0, 0x0000000109f30000)
  to   space 8512K,   0% used [0x0000000109f30000, 0x0000000109f30000, 0x000000010a780000)
 concurrent mark-sweep generation total 439104K, used 232681K [0x000000010a780000, 0x0000000125450000, 0x0000000125450000)
 concurrent-mark-sweep perm gen total 21248K, used 2871K [0x0000000125450000, 0x0000000126910000, 0x000000012a650000)
6.677: [GC 6.677: [DefNew
Desired survivor size 4358144 bytes, new threshold 6 (max 6)
- age   1:        152 bytes,        152 total
- age   2:         80 bytes,        232 total
- age   3:         80 bytes,        312 total
: 60491K->0K(76672K), 0.0283170 secs] 293173K->293169K(515776K), 0.0283900 secs] [Times: user=0.02 sys=0.00, real=0.03 secs] 
Heap after GC invocations=94 (full 46):
 def new generation   total 76672K, used 0K [0x0000000105450000, 0x000000010a780000, 0x000000010a780000)
  eden space 68160K,   0% used [0x0000000105450000, 0x0000000105450000, 0x00000001096e0000)
  from space 8512K,   0% used [0x0000000109f30000, 0x0000000109f30138, 0x000000010a780000)
  to   space 8512K,   0% used [0x00000001096e0000, 0x00000001096e0000, 0x0000000109f30000)
 concurrent mark-sweep generation total 439104K, used 293169K [0x000000010a780000, 0x0000000125450000, 0x0000000125450000)
 concurrent-mark-sweep perm gen total 21248K, used 2871K [0x0000000125450000, 0x0000000126910000, 0x000000012a650000)
}
{Heap before GC invocations=94 (full 46):
 def new generation   total 76672K, used 61185K [0x0000000105450000, 0x000000010a780000, 0x000000010a780000)
  eden space 68160K,  89% used [0x0000000105450000, 0x00000001090106b8, 0x00000001096e0000)
  from space 8512K,   0% used [0x0000000109f30000, 0x0000000109f30138, 0x000000010a780000)
  to   space 8512K,   0% used [0x00000001096e0000, 0x00000001096e0000, 0x0000000109f30000)
 concurrent mark-sweep generation total 439104K, used 293169K [0x000000010a780000, 0x0000000125450000, 0x0000000125450000)
 concurrent-mark-sweep perm gen total 21248K, used 2871K [0x0000000125450000, 0x0000000126910000, 0x000000012a650000)
6.737: [GC 6.737: [DefNew
Desired survivor size 4358144 bytes, new threshold 6 (max 6)
- age   1:        152 bytes,        152 total
- age   4:         80 bytes,        232 total
: 61185K->0K(76672K), 0.0282310 secs] 354355K->354351K(515776K), 0.0283040 secs] [Times: user=0.03 sys=0.00, real=0.03 secs] 
Heap after GC invocations=95 (full 46):
 def new generation   total 76672K, used 0K [0x0000000105450000, 0x000000010a780000, 0x000000010a780000)
  eden space 68160K,   0% used [0x0000000105450000, 0x0000000105450000, 0x00000001096e0000)
  from space 8512K,   0% used [0x00000001096e0000, 0x00000001096e00e8, 0x0000000109f30000)
  to   space 8512K,   0% used [0x0000000109f30000, 0x0000000109f30000, 0x000000010a780000)
 concurrent mark-sweep generation total 439104K, used 354350K [0x000000010a780000, 0x0000000125450000, 0x0000000125450000)
 concurrent-mark-sweep perm gen total 21248K, used 2871K [0x0000000125450000, 0x0000000126910000, 0x000000012a650000)
}
{Heap before GC invocations=95 (full 46):
 def new generation   total 76672K, used 60338K [0x0000000105450000, 0x000000010a780000, 0x000000010a780000)
  eden space 68160K,  88% used [0x0000000105450000, 0x0000000108f3c8d0, 0x00000001096e0000)
  from space 8512K,   0% used [0x00000001096e0000, 0x00000001096e00e8, 0x0000000109f30000)
  to   space 8512K,   0% used [0x0000000109f30000, 0x0000000109f30000, 0x000000010a780000)
 concurrent mark-sweep generation total 439104K, used 354350K [0x000000010a780000, 0x0000000125450000, 0x0000000125450000)
 concurrent-mark-sweep perm gen total 21248K, used 2871K [0x0000000125450000, 0x0000000126910000, 0x000000012a650000)
6.796: [GC 6.796: [DefNew
Desired survivor size 4358144 bytes, new threshold 6 (max 6)
- age   1:        192 bytes,        192 total
- age   5:         80 bytes,        272 total
: 60338K->0K(76672K), 0.0278680 secs] 414689K->414685K(515776K), 0.0279300 secs] [Times: user=0.03 sys=0.00, real=0.03 secs] 
Heap after GC invocations=96 (full 46):
 def new generation   total 76672K, used 0K [0x0000000105450000, 0x000000010a780000, 0x000000010a780000)
  eden space 68160K,   0% used [0x0000000105450000, 0x0000000105450000, 0x00000001096e0000)
  from space 8512K,   0% used [0x0000000109f30000, 0x0000000109f30110, 0x000000010a780000)
  to   space 8512K,   0% used [0x00000001096e0000, 0x00000001096e0000, 0x0000000109f30000)
 concurrent mark-sweep generation total 439104K, used 414684K [0x000000010a780000, 0x0000000125450000, 0x0000000125450000)
 concurrent-mark-sweep perm gen total 21248K, used 2871K [0x0000000125450000, 0x0000000126910000, 0x000000012a650000)
}
{Heap before GC invocations=96 (full 46):
 def new generation   total 76672K, used 52920K [0x0000000105450000, 0x000000010a780000, 0x000000010a780000)
  eden space 68160K,  77% used [0x0000000105450000, 0x00000001087fe080, 0x00000001096e0000)
  from space 8512K,   0% used [0x0000000109f30000, 0x0000000109f30110, 0x000000010a780000)
  to   space 8512K,   0% used [0x00000001096e0000, 0x00000001096e0000, 0x0000000109f30000)
 concurrent mark-sweep generation total 439104K, used 414684K [0x000000010a780000, 0x0000000125450000, 0x0000000125450000)
 concurrent-mark-sweep perm gen total 21248K, used 2871K [0x0000000125450000, 0x0000000126910000, 0x000000012a650000)
6.851: [GC 6.851: [DefNew: 52920K->52920K(76672K), 0.0000240 secs]6.851: [CMS6.851: [CMS-concurrent-abortable-preclean: 0.003/0.184 secs] [Times: user=0.20 sys=0.00, real=0.19 secs] 
 (concurrent mode failure): 414684K->107649K(439104K), 0.0494610 secs] 467605K->107649K(515776K), [CMS Perm : 2871K->2871K(21248K)], 0.0495790 secs] [Times: user=0.05 sys=0.00, real=0.05 secs] 
Heap after GC invocations=97 (full 47):
 def new generation   total 76672K, used 0K [0x0000000105450000, 0x000000010a780000, 0x000000010a780000)
  eden space 68160K,   0% used [0x0000000105450000, 0x0000000105450000, 0x00000001096e0000)
  from space 8512K,   0% used [0x0000000109f30000, 0x0000000109f30000, 0x000000010a780000)
  to   space 8512K,   0% used [0x00000001096e0000, 0x00000001096e0000, 0x0000000109f30000)
 concurrent mark-sweep generation total 439104K, used 107649K [0x000000010a780000, 0x0000000125450000, 0x0000000125450000)
 concurrent-mark-sweep perm gen total 21248K, used 2871K [0x0000000125450000, 0x0000000126910000, 0x000000012a650000)
}
{Heap before GC invocations=97 (full 47):
 def new generation   total 76672K, used 67840K [0x0000000105450000, 0x000000010a780000, 0x000000010a780000)
  eden space 68160K,  99% used [0x0000000105450000, 0x0000000109690020, 0x00000001096e0000)
  from space 8512K,   0% used [0x0000000109f30000, 0x0000000109f30000, 0x000000010a780000)
  to   space 8512K,   0% used [0x00000001096e0000, 0x00000001096e0000, 0x0000000109f30000)
 concurrent mark-sweep generation total 439104K, used 107649K [0x000000010a780000, 0x0000000125450000, 0x0000000125450000)
 concurrent-mark-sweep perm gen total 21248K, used 2871K [0x0000000125450000, 0x0000000126910000, 0x000000012a650000)
6.935: [GC 6.935: [DefNew
Desired survivor size 4358144 bytes, new threshold 6 (max 6)
- age   1:        152 bytes,        152 total
: 67840K->0K(76672K), 0.0308040 secs] 175489K->175487K(515776K), 0.0309030 secs] [Times: user=0.03 sys=0.00, real=0.03 secs] 
Heap after GC invocations=98 (full 47):
 def new generation   total 76672K, used 0K [0x0000000105450000, 0x000000010a780000, 0x000000010a780000)
  eden space 68160K,   0% used [0x0000000105450000, 0x0000000105450000, 0x00000001096e0000)
  from space 8512K,   0% used [0x00000001096e0000, 0x00000001096e0098, 0x0000000109f30000)
  to   space 8512K,   0% used [0x0000000109f30000, 0x0000000109f30000, 0x000000010a780000)
 concurrent mark-sweep generation total 439104K, used 175486K [0x000000010a780000, 0x0000000125450000, 0x0000000125450000)
 concurrent-mark-sweep perm gen total 21248K, used 2871K [0x0000000125450000, 0x0000000126910000, 0x000000012a650000)
}
6.970: [GC [1 CMS-initial-mark: 175486K(439104K)] 186104K(515776K), 0.0001830 secs] [Times: user=0.00 sys=0.00, real=0.00 secs] 
6.970: [CMS-concurrent-mark-start]
6.977: [CMS-concurrent-mark: 0.006/0.006 secs] [Times: user=0.01 sys=0.00, real=0.00 secs] 
6.977: [CMS-concurrent-preclean-start]
6.978: [CMS-concurrent-preclean: 0.001/0.001 secs] [Times: user=0.00 sys=0.00, real=0.00 secs] 
6.978: [CMS-concurrent-abortable-preclean-start]
{Heap before GC invocations=98 (full 48):
 def new generation   total 76672K, used 57106K [0x0000000105450000, 0x000000010a780000, 0x000000010a780000)
  eden space 68160K,  83% used [0x0000000105450000, 0x0000000108c148c0, 0x00000001096e0000)
  from space 8512K,   0% used [0x00000001096e0000, 0x00000001096e0098, 0x0000000109f30000)
  to   space 8512K,   0% used [0x0000000109f30000, 0x0000000109f30000, 0x000000010a780000)
 concurrent mark-sweep generation total 439104K, used 175486K [0x000000010a780000, 0x0000000125450000, 0x0000000125450000)
 concurrent-mark-sweep perm gen total 21248K, used 2871K [0x0000000125450000, 0x0000000126910000, 0x000000012a650000)
7.001: [GC 7.001: [DefNew
Desired survivor size 4358144 bytes, new threshold 6 (max 6)
- age   1:        176 bytes,        176 total
- age   2:         80 bytes,        256 total
: 57106K->0K(76672K), 0.0258070 secs] 232593K->232589K(515776K), 0.0258740 secs] [Times: user=0.02 sys=0.00, real=0.02 secs] 
Heap after GC invocations=99 (full 48):
 def new generation   total 76672K, used 0K [0x0000000105450000, 0x000000010a780000, 0x000000010a780000)
  eden space 68160K,   0% used [0x0000000105450000, 0x0000000105450000, 0x00000001096e0000)
  from space 8512K,   0% used [0x0000000109f30000, 0x0000000109f30100, 0x000000010a780000)
  to   space 8512K,   0% used [0x00000001096e0000, 0x00000001096e0000, 0x0000000109f30000)
 concurrent mark-sweep generation total 439104K, used 232589K [0x000000010a780000, 0x0000000125450000, 0x0000000125450000)
 concurrent-mark-sweep perm gen total 21248K, used 2871K [0x0000000125450000, 0x0000000126910000, 0x000000012a650000)
}
{Heap before GC invocations=99 (full 48):
 def new generation   total 76672K, used 53311K [0x0000000105450000, 0x000000010a780000, 0x000000010a780000)
  eden space 68160K,  78% used [0x0000000105450000, 0x000000010885fe78, 0x00000001096e0000)
  from space 8512K,   0% used [0x0000000109f30000, 0x0000000109f30100, 0x000000010a780000)
  to   space 8512K,   0% used [0x00000001096e0000, 0x00000001096e0000, 0x0000000109f30000)
 concurrent mark-sweep generation total 439104K, used 232589K [0x000000010a780000, 0x0000000125450000, 0x0000000125450000)
 concurrent-mark-sweep perm gen total 21248K, used 2871K [0x0000000125450000, 0x0000000126910000, 0x000000012a650000)
7.059: [GC 7.059: [DefNew
Desired survivor size 4358144 bytes, new threshold 6 (max 6)
- age   1:        176 bytes,        176 total
- age   3:         80 bytes,        256 total
: 53311K->0K(76672K), 0.0243780 secs] 285900K->285896K(515776K), 0.0244440 secs] [Times: user=0.02 sys=0.00, real=0.02 secs] 
Heap after GC invocations=100 (full 48):
 def new generation   total 76672K, used 0K [0x0000000105450000, 0x000000010a780000, 0x000000010a780000)
  eden space 68160K,   0% used [0x0000000105450000, 0x0000000105450000, 0x00000001096e0000)
  from space 8512K,   0% used [0x00000001096e0000, 0x00000001096e0100, 0x0000000109f30000)
  to   space 8512K,   0% used [0x0000000109f30000, 0x0000000109f30000, 0x000000010a780000)
 concurrent mark-sweep generation total 439104K, used 285896K [0x000000010a780000, 0x0000000125450000, 0x0000000125450000)
 concurrent-mark-sweep perm gen total 21248K, used 2871K [0x0000000125450000, 0x0000000126910000, 0x000000012a650000)
}
{Heap before GC invocations=100 (full 48):
 def new generation   total 76672K, used 60848K [0x0000000105450000, 0x000000010a780000, 0x000000010a780000)
  eden space 68160K,  89% used [0x0000000105450000, 0x0000000108fbc148, 0x00000001096e0000)
  from space 8512K,   0% used [0x00000001096e0000, 0x00000001096e0100, 0x0000000109f30000)
  to   space 8512K,   0% used [0x0000000109f30000, 0x0000000109f30000, 0x000000010a780000)
 concurrent mark-sweep generation total 439104K, used 285896K [0x000000010a780000, 0x0000000125450000, 0x0000000125450000)
 concurrent-mark-sweep perm gen total 21248K, used 2871K [0x0000000125450000, 0x0000000126910000, 0x000000012a650000)
7.117: [GC 7.117: [DefNew
Desired survivor size 4358144 bytes, new threshold 6 (max 6)
- age   1:        112 bytes,        112 total
- age   4:         80 bytes,        192 total
: 60848K->0K(76672K), 0.0280330 secs] 346745K->346741K(515776K), 0.0281130 secs] [Times: user=0.03 sys=0.00, real=0.03 secs] 
Heap after GC invocations=101 (full 48):
 def new generation   total 76672K, used 0K [0x0000000105450000, 0x000000010a780000, 0x000000010a780000)
  eden space 68160K,   0% used [0x0000000105450000, 0x0000000105450000, 0x00000001096e0000)
  from space 8512K,   0% used [0x0000000109f30000, 0x0000000109f300c0, 0x000000010a780000)
  to   space 8512K,   0% used [0x00000001096e0000, 0x00000001096e0000, 0x0000000109f30000)
 concurrent mark-sweep generation total 439104K, used 346740K [0x000000010a780000, 0x0000000125450000, 0x0000000125450000)
 concurrent-mark-sweep perm gen total 21248K, used 2871K [0x0000000125450000, 0x0000000126910000, 0x000000012a650000)
}
{Heap before GC invocations=101 (full 48):
 def new generation   total 76672K, used 56307K [0x0000000105450000, 0x000000010a780000, 0x000000010a780000)
  eden space 68160K,  82% used [0x0000000105450000, 0x0000000108b4cf30, 0x00000001096e0000)
  from space 8512K,   0% used [0x0000000109f30000, 0x0000000109f300c0, 0x000000010a780000)
  to   space 8512K,   0% used [0x00000001096e0000, 0x00000001096e0000, 0x0000000109f30000)
 concurrent mark-sweep generation total 439104K, used 346740K [0x000000010a780000, 0x0000000125450000, 0x0000000125450000)
 concurrent-mark-sweep perm gen total 21248K, used 2871K [0x0000000125450000, 0x0000000126910000, 0x000000012a650000)
7.173: [GC 7.173: [DefNew
Desired survivor size 4358144 bytes, new threshold 6 (max 6)
- age   1:        152 bytes,        152 total
- age   5:         80 bytes,        232 total
: 56307K->0K(76672K), 0.0267100 secs] 403048K->403044K(515776K), 0.0267780 secs] [Times: user=0.03 sys=0.00, real=0.03 secs] 
Heap after GC invocations=102 (full 48):
 def new generation   total 76672K, used 0K [0x0000000105450000, 0x000000010a780000, 0x000000010a780000)
  eden space 68160K,   0% used [0x0000000105450000, 0x0000000105450000, 0x00000001096e0000)
  from space 8512K,   0% used [0x00000001096e0000, 0x00000001096e00e8, 0x0000000109f30000)
  to   space 8512K,   0% used [0x0000000109f30000, 0x0000000109f30000, 0x000000010a780000)
 concurrent mark-sweep generation total 439104K, used 403044K [0x000000010a780000, 0x0000000125450000, 0x0000000125450000)
 concurrent-mark-sweep perm gen total 21248K, used 2871K [0x0000000125450000, 0x0000000126910000, 0x000000012a650000)
}
{Heap before GC invocations=102 (full 48):
 def new generation   total 76672K, used 65342K [0x0000000105450000, 0x000000010a780000, 0x000000010a780000)
  eden space 68160K,  95% used [0x0000000105450000, 0x000000010941f9c0, 0x00000001096e0000)
  from space 8512K,   0% used [0x00000001096e0000, 0x00000001096e00e8, 0x0000000109f30000)
  to   space 8512K,   0% used [0x0000000109f30000, 0x0000000109f30000, 0x000000010a780000)
 concurrent mark-sweep generation total 439104K, used 403044K [0x000000010a780000, 0x0000000125450000, 0x0000000125450000)
 concurrent-mark-sweep perm gen total 21248K, used 2871K [0x0000000125450000, 0x0000000126910000, 0x000000012a650000)
7.232: [GC 7.232: [DefNew: 65342K->65342K(76672K), 0.0000190 secs]7.232: [CMS7.232: [CMS-concurrent-abortable-preclean: 0.004/0.255 secs] [Times: user=0.32 sys=0.00, real=0.26 secs] 
 (concurrent mode failure): 403044K->126339K(439104K), 0.0566710 secs] 468387K->126339K(515776K), [CMS Perm : 2871K->2871K(21248K)], 0.0567690 secs] [Times: user=0.05 sys=0.00, real=0.05 secs] 
Heap after GC invocations=103 (full 49):
 def new generation   total 76672K, used 0K [0x0000000105450000, 0x000000010a780000, 0x000000010a780000)
  eden space 68160K,   0% used [0x0000000105450000, 0x0000000105450000, 0x00000001096e0000)
  from space 8512K,   0% used [0x00000001096e0000, 0x00000001096e0000, 0x0000000109f30000)
  to   space 8512K,   0% used [0x0000000109f30000, 0x0000000109f30000, 0x000000010a780000)
 concurrent mark-sweep generation total 439104K, used 126339K [0x000000010a780000, 0x0000000125450000, 0x0000000125450000)
 concurrent-mark-sweep perm gen total 21248K, used 2871K [0x0000000125450000, 0x0000000126910000, 0x000000012a650000)
}
{Heap before GC invocations=103 (full 49):
 def new generation   total 76672K, used 62613K [0x0000000105450000, 0x000000010a780000, 0x000000010a780000)
  eden space 68160K,  91% used [0x0000000105450000, 0x0000000109175688, 0x00000001096e0000)
  from space 8512K,   0% used [0x00000001096e0000, 0x00000001096e0000, 0x0000000109f30000)
  to   space 8512K,   0% used [0x0000000109f30000, 0x0000000109f30000, 0x000000010a780000)
 concurrent mark-sweep generation total 439104K, used 126339K [0x000000010a780000, 0x0000000125450000, 0x0000000125450000)
 concurrent-mark-sweep perm gen total 21248K, used 2871K [0x0000000125450000, 0x0000000126910000, 0x000000012a650000)
7.322: [GC 7.322: [DefNew
Desired survivor size 4358144 bytes, new threshold 6 (max 6)
- age   1:        192 bytes,        192 total
: 62613K->0K(76672K), 0.0282290 secs] 188953K->188951K(515776K), 0.0282990 secs] [Times: user=0.03 sys=0.00, real=0.03 secs] 
Heap after GC invocations=104 (full 49):
 def new generation   total 76672K, used 0K [0x0000000105450000, 0x000000010a780000, 0x000000010a780000)
  eden space 68160K,   0% used [0x0000000105450000, 0x0000000105450000, 0x00000001096e0000)
  from space 8512K,   0% used [0x0000000109f30000, 0x0000000109f300c0, 0x000000010a780000)
  to   space 8512K,   0% used [0x00000001096e0000, 0x00000001096e0000, 0x0000000109f30000)
 concurrent mark-sweep generation total 439104K, used 188951K [0x000000010a780000, 0x0000000125450000, 0x0000000125450000)
 concurrent-mark-sweep perm gen total 21248K, used 2871K [0x0000000125450000, 0x0000000126910000, 0x000000012a650000)
}
{Heap before GC invocations=104 (full 49):
 def new generation   total 76672K, used 52219K [0x0000000105450000, 0x000000010a780000, 0x000000010a780000)
  eden space 68160K,  76% used [0x0000000105450000, 0x000000010874ec98, 0x00000001096e0000)
  from space 8512K,   0% used [0x0000000109f30000, 0x0000000109f300c0, 0x000000010a780000)
  to   space 8512K,   0% used [0x00000001096e0000, 0x00000001096e0000, 0x0000000109f30000)
 concurrent mark-sweep generation total 439104K, used 188951K [0x000000010a780000, 0x0000000125450000, 0x0000000125450000)
 concurrent-mark-sweep perm gen total 21248K, used 2871K [0x0000000125450000, 0x0000000126910000, 0x000000012a650000)
7.378: [GC 7.378: [DefNew
Desired survivor size 4358144 bytes, new threshold 6 (max 6)
- age   1:        192 bytes,        192 total
- age   2:         80 bytes,        272 total
: 52219K->0K(76672K), 0.0256020 secs] 241170K->241166K(515776K), 0.0256780 secs] [Times: user=0.03 sys=0.00, real=0.03 secs] 
Heap after GC invocations=105 (full 49):
 def new generation   total 76672K, used 0K [0x0000000105450000, 0x000000010a780000, 0x000000010a780000)
  eden space 68160K,   0% used [0x0000000105450000, 0x0000000105450000, 0x00000001096e0000)
  from space 8512K,   0% used [0x00000001096e0000, 0x00000001096e0110, 0x0000000109f30000)
  to   space 8512K,   0% used [0x0000000109f30000, 0x0000000109f30000, 0x000000010a780000)
 concurrent mark-sweep generation total 439104K, used 241166K [0x000000010a780000, 0x0000000125450000, 0x0000000125450000)
 concurrent-mark-sweep perm gen total 21248K, used 2871K [0x0000000125450000, 0x0000000126910000, 0x000000012a650000)
}
7.412: [GC [1 CMS-initial-mark: 241166K(439104K)] 259466K(515776K), 0.0001800 secs] [Times: user=0.00 sys=0.00, real=0.00 secs] 
7.412: [CMS-concurrent-mark-start]
7.423: [CMS-concurrent-mark: 0.010/0.010 secs] [Times: user=0.02 sys=0.00, real=0.01 secs] 
7.423: [CMS-concurrent-preclean-start]
7.424: [CMS-concurrent-preclean: 0.001/0.001 secs] [Times: user=0.00 sys=0.00, real=0.00 secs] 
7.424: [CMS-concurrent-abortable-preclean-start]
{Heap before GC invocations=105 (full 50):
 def new generation   total 76672K, used 59197K [0x0000000105450000, 0x000000010a780000, 0x000000010a780000)
  eden space 68160K,  86% used [0x0000000105450000, 0x0000000108e1f448, 0x00000001096e0000)
  from space 8512K,   0% used [0x00000001096e0000, 0x00000001096e0110, 0x0000000109f30000)
  to   space 8512K,   0% used [0x0000000109f30000, 0x0000000109f30000, 0x000000010a780000)
 concurrent mark-sweep generation total 439104K, used 241166K [0x000000010a780000, 0x0000000125450000, 0x0000000125450000)
 concurrent-mark-sweep perm gen total 21248K, used 2871K [0x0000000125450000, 0x0000000126910000, 0x000000012a650000)
7.435: [GC 7.435: [DefNew
Desired survivor size 4358144 bytes, new threshold 6 (max 6)
- age   1:        192 bytes,        192 total
- age   3:         80 bytes,        272 total
: 59197K->0K(76672K), 0.0278850 secs] 300363K->300359K(515776K), 0.0279540 secs] [Times: user=0.02 sys=0.00, real=0.03 secs] 
Heap after GC invocations=106 (full 50):
 def new generation   total 76672K, used 0K [0x0000000105450000, 0x000000010a780000, 0x000000010a780000)
  eden space 68160K,   0% used [0x0000000105450000, 0x0000000105450000, 0x00000001096e0000)
  from space 8512K,   0% used [0x0000000109f30000, 0x0000000109f30110, 0x000000010a780000)
  to   space 8512K,   0% used [0x00000001096e0000, 0x00000001096e0000, 0x0000000109f30000)
 concurrent mark-sweep generation total 439104K, used 300359K [0x000000010a780000, 0x0000000125450000, 0x0000000125450000)
 concurrent-mark-sweep perm gen total 21248K, used 2871K [0x0000000125450000, 0x0000000126910000, 0x000000012a650000)
}
{Heap before GC invocations=106 (full 50):
 def new generation   total 76672K, used 56071K [0x0000000105450000, 0x000000010a780000, 0x000000010a780000)
  eden space 68160K,  82% used [0x0000000105450000, 0x0000000108b11e60, 0x00000001096e0000)
  from space 8512K,   0% used [0x0000000109f30000, 0x0000000109f30110, 0x000000010a780000)
  to   space 8512K,   0% used [0x00000001096e0000, 0x00000001096e0000, 0x0000000109f30000)
 concurrent mark-sweep generation total 439104K, used 300359K [0x000000010a780000, 0x0000000125450000, 0x0000000125450000)
 concurrent-mark-sweep perm gen total 21248K, used 2871K [0x0000000125450000, 0x0000000126910000, 0x000000012a650000)
7.498: [GC 7.498: [DefNew
Desired survivor size 4358144 bytes, new threshold 6 (max 6)
- age   1:        232 bytes,        232 total
- age   4:         80 bytes,        312 total
: 56071K->0K(76672K), 0.0255270 secs] 356431K->356427K(515776K), 0.0255900 secs] [Times: user=0.03 sys=0.01, real=0.03 secs] 
Heap after GC invocations=107 (full 50):
 def new generation   total 76672K, used 0K [0x0000000105450000, 0x000000010a780000, 0x000000010a780000)
  eden space 68160K,   0% used [0x0000000105450000, 0x0000000105450000, 0x00000001096e0000)
  from space 8512K,   0% used [0x00000001096e0000, 0x00000001096e0138, 0x0000000109f30000)
  to   space 8512K,   0% used [0x0000000109f30000, 0x0000000109f30000, 0x000000010a780000)
 concurrent mark-sweep generation total 439104K, used 356426K [0x000000010a780000, 0x0000000125450000, 0x0000000125450000)
 concurrent-mark-sweep perm gen total 21248K, used 2871K [0x0000000125450000, 0x0000000126910000, 0x000000012a650000)
}
{Heap before GC invocations=107 (full 50):
 def new generation   total 76672K, used 65183K [0x0000000105450000, 0x000000010a780000, 0x000000010a780000)
  eden space 68160K,  95% used [0x0000000105450000, 0x00000001093f7e00, 0x00000001096e0000)
  from space 8512K,   0% used [0x00000001096e0000, 0x00000001096e0138, 0x0000000109f30000)
  to   space 8512K,   0% used [0x0000000109f30000, 0x0000000109f30000, 0x000000010a780000)
 concurrent mark-sweep generation total 439104K, used 356426K [0x000000010a780000, 0x0000000125450000, 0x0000000125450000)
 concurrent-mark-sweep perm gen total 21248K, used 2871K [0x0000000125450000, 0x0000000126910000, 0x000000012a650000)
7.559: [GC 7.559: [DefNew
Desired survivor size 4358144 bytes, new threshold 6 (max 6)
- age   1:        112 bytes,        112 total
- age   5:         80 bytes,        192 total
: 65183K->0K(76672K), 0.0293730 secs] 421610K->421608K(515776K), 0.0294440 secs] [Times: user=0.03 sys=0.00, real=0.03 secs] 
Heap after GC invocations=108 (full 50):
 def new generation   total 76672K, used 0K [0x0000000105450000, 0x000000010a780000, 0x000000010a780000)
  eden space 68160K,   0% used [0x0000000105450000, 0x0000000105450000, 0x00000001096e0000)
  from space 8512K,   0% used [0x0000000109f30000, 0x0000000109f300c0, 0x000000010a780000)
  to   space 8512K,   0% used [0x00000001096e0000, 0x00000001096e0000, 0x0000000109f30000)
 concurrent mark-sweep generation total 439104K, used 421608K [0x000000010a780000, 0x0000000125450000, 0x0000000125450000)
 concurrent-mark-sweep perm gen total 21248K, used 2871K [0x0000000125450000, 0x0000000126910000, 0x000000012a650000)
}
7.589: [CMS-concurrent-abortable-preclean: 0.003/0.165 secs] [Times: user=0.18 sys=0.01, real=0.16 secs] 
7.600: [GC[YG occupancy: 25075 K (76672 K)]7.600: [Rescan (non-parallel) 7.600: [grey object rescan, 0.0010680 secs]7.601: [root rescan, 0.0001210 secs], 0.0012130 secs]7.602: [weak refs processing, 0.0000080 secs]7.602: [scrub string table, 0.0000220 secs] [1 CMS-remark: 421608K(439104K)] 446683K(515776K), 0.0013100 secs] [Times: user=0.01 sys=0.00, real=0.00 secs] 
7.602: [CMS-concurrent-sweep-start]
7.602: [CMS-concurrent-sweep: 0.001/0.001 secs] [Times: user=0.00 sys=0.00, real=0.00 secs] 
7.602: [CMS-concurrent-reset-start]
7.606: [CMS-concurrent-reset: 0.003/0.003 secs] [Times: user=0.00 sys=0.00, real=0.00 secs] 
{Heap before GC invocations=108 (full 50):
 def new generation   total 76672K, used 63115K [0x0000000105450000, 0x000000010a780000, 0x000000010a780000)
  eden space 68160K,  92% used [0x0000000105450000, 0x00000001091f2c28, 0x00000001096e0000)
  from space 8512K,   0% used [0x0000000109f30000, 0x0000000109f300c0, 0x000000010a780000)
  to   space 8512K,   0% used [0x00000001096e0000, 0x00000001096e0000, 0x0000000109f30000)
 concurrent mark-sweep generation total 439104K, used 295796K [0x000000010a780000, 0x0000000125450000, 0x0000000125450000)
 concurrent-mark-sweep perm gen total 21248K, used 2871K [0x0000000125450000, 0x0000000126910000, 0x000000012a650000)
7.623: [GC 7.623: [DefNew
Desired survivor size 4358144 bytes, new threshold 6 (max 6)
- age   1:        152 bytes,        152 total
- age   2:         40 bytes,        192 total
- age   6:         80 bytes,        272 total
: 63115K->0K(76672K), 0.0307890 secs] 358911K->358907K(515776K), 0.0308510 secs] [Times: user=0.03 sys=0.00, real=0.03 secs] 
Heap after GC invocations=109 (full 50):
 def new generation   total 76672K, used 0K [0x0000000105450000, 0x000000010a780000, 0x000000010a780000)
  eden space 68160K,   0% used [0x0000000105450000, 0x0000000105450000, 0x00000001096e0000)
  from space 8512K,   0% used [0x00000001096e0000, 0x00000001096e0110, 0x0000000109f30000)
  to   space 8512K,   0% used [0x0000000109f30000, 0x0000000109f30000, 0x000000010a780000)
 concurrent mark-sweep generation total 439104K, used 358907K [0x000000010a780000, 0x0000000125450000, 0x0000000125450000)
 concurrent-mark-sweep perm gen total 21248K, used 2871K [0x0000000125450000, 0x0000000126910000, 0x000000012a650000)
}
7.667: [GC [1 CMS-initial-mark: 358907K(439104K)] 384089K(515776K), 0.0001860 secs] [Times: user=0.00 sys=0.00, real=0.00 secs] 
7.667: [CMS-concurrent-mark-start]
7.678: [CMS-concurrent-mark: 0.011/0.011 secs] [Times: user=0.02 sys=0.00, real=0.01 secs] 
7.678: [CMS-concurrent-preclean-start]
7.679: [CMS-concurrent-preclean: 0.001/0.001 secs] [Times: user=0.00 sys=0.00, real=0.00 secs] 
7.679: [CMS-concurrent-abortable-preclean-start]
{Heap before GC invocations=109 (full 51):
 def new generation   total 76672K, used 64357K [0x0000000105450000, 0x000000010a780000, 0x000000010a780000)
  eden space 68160K,  94% used [0x0000000105450000, 0x00000001093296d8, 0x00000001096e0000)
  from space 8512K,   0% used [0x00000001096e0000, 0x00000001096e0110, 0x0000000109f30000)
  to   space 8512K,   0% used [0x0000000109f30000, 0x0000000109f30000, 0x000000010a780000)
 concurrent mark-sweep generation total 439104K, used 358907K [0x000000010a780000, 0x0000000125450000, 0x0000000125450000)
 concurrent-mark-sweep perm gen total 21248K, used 2871K [0x0000000125450000, 0x0000000126910000, 0x000000012a650000)
7.692: [GC 7.692: [DefNew (promotion failed) : 64357K->64357K(76672K), 0.0189950 secs]7.711: [CMS7.711: [CMS-concurrent-abortable-preclean: 0.001/0.032 secs] [Times: user=0.04 sys=0.00, real=0.04 secs] 
 (concurrent mode failure): 398079K->124766K(439104K), 0.0468330 secs] 423265K->124766K(515776K), [CMS Perm : 2871K->2871K(21248K)], 0.0659370 secs] [Times: user=0.07 sys=0.00, real=0.06 secs] 
Heap after GC invocations=110 (full 52):
 def new generation   total 76672K, used 0K [0x0000000105450000, 0x000000010a780000, 0x000000010a780000)
  eden space 68160K,   0% used [0x0000000105450000, 0x0000000105450000, 0x00000001096e0000)
  from space 8512K,   0% used [0x0000000109f30000, 0x0000000109f30000, 0x000000010a780000)
  to   space 8512K,   0% used [0x00000001096e0000, 0x00000001096e0000, 0x0000000109f30000)
 concurrent mark-sweep generation total 439104K, used 124766K [0x000000010a780000, 0x0000000125450000, 0x0000000125450000)
 concurrent-mark-sweep perm gen total 21248K, used 2871K [0x0000000125450000, 0x0000000126910000, 0x000000012a650000)
}
{Heap before GC invocations=110 (full 52):
 def new generation   total 76672K, used 66506K [0x0000000105450000, 0x000000010a780000, 0x000000010a780000)
  eden space 68160K,  97% used [0x0000000105450000, 0x00000001095428a0, 0x00000001096e0000)
  from space 8512K,   0% used [0x0000000109f30000, 0x0000000109f30000, 0x000000010a780000)
  to   space 8512K,   0% used [0x00000001096e0000, 0x00000001096e0000, 0x0000000109f30000)
 concurrent mark-sweep generation total 439104K, used 124766K [0x000000010a780000, 0x0000000125450000, 0x0000000125450000)
 concurrent-mark-sweep perm gen total 21248K, used 2871K [0x0000000125450000, 0x0000000126910000, 0x000000012a650000)
7.795: [GC 7.795: [DefNew
Desired survivor size 4358144 bytes, new threshold 6 (max 6)
- age   1:        176 bytes,        176 total
: 66506K->0K(76672K), 0.0297980 secs] 191272K->191270K(515776K), 0.0298650 secs] [Times: user=0.02 sys=0.00, real=0.03 secs] 
Heap after GC invocations=111 (full 52):
 def new generation   total 76672K, used 0K [0x0000000105450000, 0x000000010a780000, 0x000000010a780000)
  eden space 68160K,   0% used [0x0000000105450000, 0x0000000105450000, 0x00000001096e0000)
  from space 8512K,   0% used [0x00000001096e0000, 0x00000001096e00b0, 0x0000000109f30000)
  to   space 8512K,   0% used [0x0000000109f30000, 0x0000000109f30000, 0x000000010a780000)
 concurrent mark-sweep generation total 439104K, used 191270K [0x000000010a780000, 0x0000000125450000, 0x0000000125450000)
 concurrent-mark-sweep perm gen total 21248K, used 2871K [0x0000000125450000, 0x0000000126910000, 0x000000012a650000)
}
7.839: [GC [1 CMS-initial-mark: 191270K(439104K)] 222701K(515776K), 0.0001810 secs] [Times: user=0.00 sys=0.00, real=0.00 secs] 
7.839: [CMS-concurrent-mark-start]
7.846: [CMS-concurrent-mark: 0.007/0.007 secs] [Times: user=0.01 sys=0.00, real=0.01 secs] 
7.846: [CMS-concurrent-preclean-start]
7.847: [CMS-concurrent-preclean: 0.001/0.001 secs] [Times: user=0.00 sys=0.00, real=0.00 secs] 
7.847: [CMS-concurrent-abortable-preclean-start]
{Heap before GC invocations=111 (full 53):
 def new generation   total 76672K, used 67307K [0x0000000105450000, 0x000000010a780000, 0x000000010a780000)
  eden space 68160K,  98% used [0x0000000105450000, 0x000000010960ac68, 0x00000001096e0000)
  from space 8512K,   0% used [0x00000001096e0000, 0x00000001096e00b0, 0x0000000109f30000)
  to   space 8512K,   0% used [0x0000000109f30000, 0x0000000109f30000, 0x000000010a780000)
 concurrent mark-sweep generation total 439104K, used 191270K [0x000000010a780000, 0x0000000125450000, 0x0000000125450000)
 concurrent-mark-sweep perm gen total 21248K, used 2871K [0x0000000125450000, 0x0000000126910000, 0x000000012a650000)
7.862: [GC 7.862: [DefNew
Desired survivor size 4358144 bytes, new threshold 6 (max 6)
- age   1:        152 bytes,        152 total
- age   2:         40 bytes,        192 total
: 67307K->0K(76672K), 0.0306970 secs] 258577K->258573K(515776K), 0.0307670 secs] [Times: user=0.03 sys=0.00, real=0.03 secs] 
Heap after GC invocations=112 (full 53):
 def new generation   total 76672K, used 0K [0x0000000105450000, 0x000000010a780000, 0x000000010a780000)
  eden space 68160K,   0% used [0x0000000105450000, 0x0000000105450000, 0x00000001096e0000)
  from space 8512K,   0% used [0x0000000109f30000, 0x0000000109f300c0, 0x000000010a780000)
  to   space 8512K,   0% used [0x00000001096e0000, 0x00000001096e0000, 0x0000000109f30000)
 concurrent mark-sweep generation total 439104K, used 258573K [0x000000010a780000, 0x0000000125450000, 0x0000000125450000)
 concurrent-mark-sweep perm gen total 21248K, used 2871K [0x0000000125450000, 0x0000000126910000, 0x000000012a650000)
}
{Heap before GC invocations=112 (full 53):
 def new generation   total 76672K, used 61460K [0x0000000105450000, 0x000000010a780000, 0x000000010a780000)
  eden space 68160K,  90% used [0x0000000105450000, 0x0000000109055078, 0x00000001096e0000)
  from space 8512K,   0% used [0x0000000109f30000, 0x0000000109f300c0, 0x000000010a780000)
  to   space 8512K,   0% used [0x00000001096e0000, 0x00000001096e0000, 0x0000000109f30000)
 concurrent mark-sweep generation total 439104K, used 258573K [0x000000010a780000, 0x0000000125450000, 0x0000000125450000)
 concurrent-mark-sweep perm gen total 21248K, used 2871K [0x0000000125450000, 0x0000000126910000, 0x000000012a650000)
7.925: [GC 7.925: [DefNew
Desired survivor size 4358144 bytes, new threshold 6 (max 6)
- age   1:        192 bytes,        192 total
- age   3:         40 bytes,        232 total
: 61460K->0K(76672K), 0.0285030 secs] 320033K->320029K(515776K), 0.0285710 secs] [Times: user=0.03 sys=0.00, real=0.03 secs] 
Heap after GC invocations=113 (full 53):
 def new generation   total 76672K, used 0K [0x0000000105450000, 0x000000010a780000, 0x000000010a780000)
  eden space 68160K,   0% used [0x0000000105450000, 0x0000000105450000, 0x00000001096e0000)
  from space 8512K,   0% used [0x00000001096e0000, 0x00000001096e00e8, 0x0000000109f30000)
  to   space 8512K,   0% used [0x0000000109f30000, 0x0000000109f30000, 0x000000010a780000)
 concurrent mark-sweep generation total 439104K, used 320029K [0x000000010a780000, 0x0000000125450000, 0x0000000125450000)
 concurrent-mark-sweep perm gen total 21248K, used 2871K [0x0000000125450000, 0x0000000126910000, 0x000000012a650000)
}
{Heap before GC invocations=113 (full 53):
 def new generation   total 76672K, used 54148K [0x0000000105450000, 0x000000010a780000, 0x000000010a780000)
  eden space 68160K,  79% used [0x0000000105450000, 0x00000001089312d8, 0x00000001096e0000)
  from space 8512K,   0% used [0x00000001096e0000, 0x00000001096e00e8, 0x0000000109f30000)
  to   space 8512K,   0% used [0x0000000109f30000, 0x0000000109f30000, 0x000000010a780000)
 concurrent mark-sweep generation total 439104K, used 320029K [0x000000010a780000, 0x0000000125450000, 0x0000000125450000)
 concurrent-mark-sweep perm gen total 21248K, used 2871K [0x0000000125450000, 0x0000000126910000, 0x000000012a650000)
7.980: [GC 7.981: [DefNew
Desired survivor size 4358144 bytes, new threshold 6 (max 6)
- age   1:        192 bytes,        192 total
- age   4:         40 bytes,        232 total
: 54148K->0K(76672K), 0.0261290 secs] 374178K->374174K(515776K), 0.0262200 secs] [Times: user=0.02 sys=0.00, real=0.02 secs] 
Heap after GC invocations=114 (full 53):
 def new generation   total 76672K, used 0K [0x0000000105450000, 0x000000010a780000, 0x000000010a780000)
  eden space 68160K,   0% used [0x0000000105450000, 0x0000000105450000, 0x00000001096e0000)
  from space 8512K,   0% used [0x0000000109f30000, 0x0000000109f300e8, 0x000000010a780000)
  to   space 8512K,   0% used [0x00000001096e0000, 0x00000001096e0000, 0x0000000109f30000)
 concurrent mark-sweep generation total 439104K, used 374174K [0x000000010a780000, 0x0000000125450000, 0x0000000125450000)
 concurrent-mark-sweep perm gen total 21248K, used 2871K [0x0000000125450000, 0x0000000126910000, 0x000000012a650000)
}
{Heap before GC invocations=114 (full 53):
 def new generation   total 76672K, used 67037K [0x0000000105450000, 0x000000010a780000, 0x000000010a780000)
  eden space 68160K,  98% used [0x0000000105450000, 0x00000001095c7330, 0x00000001096e0000)
  from space 8512K,   0% used [0x0000000109f30000, 0x0000000109f300e8, 0x000000010a780000)
  to   space 8512K,   0% used [0x00000001096e0000, 0x00000001096e0000, 0x0000000109f30000)
 concurrent mark-sweep generation total 439104K, used 374174K [0x000000010a780000, 0x0000000125450000, 0x0000000125450000)
 concurrent-mark-sweep perm gen total 21248K, used 2871K [0x0000000125450000, 0x0000000126910000, 0x000000012a650000)
8.045: [GC 8.045: [DefNew: 67037K->67037K(76672K), 0.0000190 secs]8.045: [CMS8.045: [CMS-concurrent-abortable-preclean: 0.004/0.199 secs] [Times: user=0.22 sys=0.00, real=0.20 secs] 
 (concurrent mode failure): 374174K->100348K(439104K), 0.0467380 secs] 441211K->100348K(515776K), [CMS Perm : 2871K->2871K(21248K)], 0.0468420 secs] [Times: user=0.05 sys=0.00, real=0.05 secs] 
Heap after GC invocations=115 (full 54):
 def new generation   total 76672K, used 0K [0x0000000105450000, 0x000000010a780000, 0x000000010a780000)
  eden space 68160K,   0% used [0x0000000105450000, 0x0000000105450000, 0x00000001096e0000)
  from space 8512K,   0% used [0x0000000109f30000, 0x0000000109f30000, 0x000000010a780000)
  to   space 8512K,   0% used [0x00000001096e0000, 0x00000001096e0000, 0x0000000109f30000)
 concurrent mark-sweep generation total 439104K, used 100348K [0x000000010a780000, 0x0000000125450000, 0x0000000125450000)
 concurrent-mark-sweep perm gen total 21248K, used 2871K [0x0000000125450000, 0x0000000126910000, 0x000000012a650000)
}
{Heap before GC invocations=115 (full 54):
 def new generation   total 76672K, used 60661K [0x0000000105450000, 0x000000010a780000, 0x000000010a780000)
  eden space 68160K,  88% used [0x0000000105450000, 0x0000000108f8d718, 0x00000001096e0000)
  from space 8512K,   0% used [0x0000000109f30000, 0x0000000109f30000, 0x000000010a780000)
  to   space 8512K,   0% used [0x00000001096e0000, 0x00000001096e0000, 0x0000000109f30000)
 concurrent mark-sweep generation total 439104K, used 100348K [0x000000010a780000, 0x0000000125450000, 0x0000000125450000)
 concurrent-mark-sweep perm gen total 21248K, used 2871K [0x0000000125450000, 0x0000000126910000, 0x000000012a650000)
8.127: [GC 8.127: [DefNew
Desired survivor size 4358144 bytes, new threshold 6 (max 6)
- age   1:        112 bytes,        112 total
: 60661K->0K(76672K), 0.0281410 secs] 161010K->161008K(515776K), 0.0282090 secs] [Times: user=0.03 sys=0.00, real=0.03 secs] 
Heap after GC invocations=116 (full 54):
 def new generation   total 76672K, used 0K [0x0000000105450000, 0x000000010a780000, 0x000000010a780000)
  eden space 68160K,   0% used [0x0000000105450000, 0x0000000105450000, 0x00000001096e0000)
  from space 8512K,   0% used [0x00000001096e0000, 0x00000001096e0070, 0x0000000109f30000)
  to   space 8512K,   0% used [0x0000000109f30000, 0x0000000109f30000, 0x000000010a780000)
 concurrent mark-sweep generation total 439104K, used 161008K [0x000000010a780000, 0x0000000125450000, 0x0000000125450000)
 concurrent-mark-sweep perm gen total 21248K, used 2871K [0x0000000125450000, 0x0000000126910000, 0x000000012a650000)
}
{Heap before GC invocations=116 (full 54):
 def new generation   total 76672K, used 60616K [0x0000000105450000, 0x000000010a780000, 0x000000010a780000)
  eden space 68160K,  88% used [0x0000000105450000, 0x0000000108f82140, 0x00000001096e0000)
  from space 8512K,   0% used [0x00000001096e0000, 0x00000001096e0070, 0x0000000109f30000)
  to   space 8512K,   0% used [0x0000000109f30000, 0x0000000109f30000, 0x000000010a780000)
 concurrent mark-sweep generation total 439104K, used 161008K [0x000000010a780000, 0x0000000125450000, 0x0000000125450000)
 concurrent-mark-sweep perm gen total 21248K, used 2871K [0x0000000125450000, 0x0000000126910000, 0x000000012a650000)
8.187: [GC 8.187: [DefNew
Desired survivor size 4358144 bytes, new threshold 6 (max 6)
- age   1:        176 bytes,        176 total
- age   2:         40 bytes,        216 total
: 60616K->0K(76672K), 0.0273160 secs] 221624K->221620K(515776K), 0.0273870 secs] [Times: user=0.03 sys=0.00, real=0.03 secs] 
Heap after GC invocations=117 (full 54):
 def new generation   total 76672K, used 0K [0x0000000105450000, 0x000000010a780000, 0x000000010a780000)
  eden space 68160K,   0% used [0x0000000105450000, 0x0000000105450000, 0x00000001096e0000)
  from space 8512K,   0% used [0x0000000109f30000, 0x0000000109f300d8, 0x000000010a780000)
  to   space 8512K,   0% used [0x00000001096e0000, 0x00000001096e0000, 0x0000000109f30000)
 concurrent mark-sweep generation total 439104K, used 221620K [0x000000010a780000, 0x0000000125450000, 0x0000000125450000)
 concurrent-mark-sweep perm gen total 21248K, used 2871K [0x0000000125450000, 0x0000000126910000, 0x000000012a650000)
}
8.232: [GC [1 CMS-initial-mark: 221620K(439104K)] 259859K(515776K), 0.0002060 secs] [Times: user=0.00 sys=0.00, real=0.00 secs] 
8.233: [CMS-concurrent-mark-start]
8.239: [CMS-concurrent-mark: 0.006/0.006 secs] [Times: user=0.01 sys=0.00, real=0.00 secs] 
8.239: [CMS-concurrent-preclean-start]
8.240: [CMS-concurrent-preclean: 0.001/0.001 secs] [Times: user=0.00 sys=0.00, real=0.01 secs] 
8.240: [CMS-concurrent-abortable-preclean-start]
{Heap before GC invocations=117 (full 55):
 def new generation   total 76672K, used 61693K [0x0000000105450000, 0x000000010a780000, 0x000000010a780000)
  eden space 68160K,  90% used [0x0000000105450000, 0x000000010908f478, 0x00000001096e0000)
  from space 8512K,   0% used [0x0000000109f30000, 0x0000000109f300d8, 0x000000010a780000)
  to   space 8512K,   0% used [0x00000001096e0000, 0x00000001096e0000, 0x0000000109f30000)
 concurrent mark-sweep generation total 439104K, used 221620K [0x000000010a780000, 0x0000000125450000, 0x0000000125450000)
 concurrent-mark-sweep perm gen total 21248K, used 2871K [0x0000000125450000, 0x0000000126910000, 0x000000012a650000)
8.252: [GC 8.252: [DefNew
Desired survivor size 4358144 bytes, new threshold 6 (max 6)
- age   1:        176 bytes,        176 total
- age   3:         40 bytes,        216 total
: 61693K->0K(76672K), 0.0276080 secs] 283314K->283309K(515776K), 0.0276690 secs] [Times: user=0.02 sys=0.00, real=0.03 secs] 
Heap after GC invocations=118 (full 55):
 def new generation   total 76672K, used 0K [0x0000000105450000, 0x000000010a780000, 0x000000010a780000)
  eden space 68160K,   0% used [0x0000000105450000, 0x0000000105450000, 0x00000001096e0000)
  from space 8512K,   0% used [0x00000001096e0000, 0x00000001096e00d8, 0x0000000109f30000)
  to   space 8512K,   0% used [0x0000000109f30000, 0x0000000109f30000, 0x000000010a780000)
 concurrent mark-sweep generation total 439104K, used 283309K [0x000000010a780000, 0x0000000125450000, 0x0000000125450000)
 concurrent-mark-sweep perm gen total 21248K, used 2871K [0x0000000125450000, 0x0000000126910000, 0x000000012a650000)
}
{Heap before GC invocations=118 (full 55):
 def new generation   total 76672K, used 64860K [0x0000000105450000, 0x000000010a780000, 0x000000010a780000)
  eden space 68160K,  95% used [0x0000000105450000, 0x00000001093a7270, 0x00000001096e0000)
  from space 8512K,   0% used [0x00000001096e0000, 0x00000001096e00d8, 0x0000000109f30000)
  to   space 8512K,   0% used [0x0000000109f30000, 0x0000000109f30000, 0x000000010a780000)
 concurrent mark-sweep generation total 439104K, used 283309K [0x000000010a780000, 0x0000000125450000, 0x0000000125450000)
 concurrent-mark-sweep perm gen total 21248K, used 2871K [0x0000000125450000, 0x0000000126910000, 0x000000012a650000)
8.319: [GC 8.319: [DefNew
Desired survivor size 4358144 bytes, new threshold 6 (max 6)
- age   1:        176 bytes,        176 total
- age   4:         40 bytes,        216 total
: 64860K->0K(76672K), 0.0285490 secs] 348170K->348166K(515776K), 0.0286170 secs] [Times: user=0.02 sys=0.00, real=0.03 secs] 
Heap after GC invocations=119 (full 55):
 def new generation   total 76672K, used 0K [0x0000000105450000, 0x000000010a780000, 0x000000010a780000)
  eden space 68160K,   0% used [0x0000000105450000, 0x0000000105450000, 0x00000001096e0000)
  from space 8512K,   0% used [0x0000000109f30000, 0x0000000109f300d8, 0x000000010a780000)
  to   space 8512K,   0% used [0x00000001096e0000, 0x00000001096e0000, 0x0000000109f30000)
 concurrent mark-sweep generation total 439104K, used 348166K [0x000000010a780000, 0x0000000125450000, 0x0000000125450000)
 concurrent-mark-sweep perm gen total 21248K, used 2871K [0x0000000125450000, 0x0000000126910000, 0x000000012a650000)
}
{Heap before GC invocations=119 (full 55):
 def new generation   total 76672K, used 49306K [0x0000000105450000, 0x000000010a780000, 0x000000010a780000)
  eden space 68160K,  72% used [0x0000000105450000, 0x00000001084767e8, 0x00000001096e0000)
  from space 8512K,   0% used [0x0000000109f30000, 0x0000000109f300d8, 0x000000010a780000)
  to   space 8512K,   0% used [0x00000001096e0000, 0x00000001096e0000, 0x0000000109f30000)
 concurrent mark-sweep generation total 439104K, used 348166K [0x000000010a780000, 0x0000000125450000, 0x0000000125450000)
 concurrent-mark-sweep perm gen total 21248K, used 2871K [0x0000000125450000, 0x0000000126910000, 0x000000012a650000)
8.375: [GC 8.375: [DefNew
Desired survivor size 4358144 bytes, new threshold 6 (max 6)
- age   1:        112 bytes,        112 total
- age   5:         40 bytes,        152 total
: 49306K->0K(76672K), 0.0254250 secs] 397472K->397470K(515776K), 0.0254890 secs] [Times: user=0.02 sys=0.00, real=0.03 secs] 
Heap after GC invocations=120 (full 55):
 def new generation   total 76672K, used 0K [0x0000000105450000, 0x000000010a780000, 0x000000010a780000)
  eden space 68160K,   0% used [0x0000000105450000, 0x0000000105450000, 0x00000001096e0000)
  from space 8512K,   0% used [0x00000001096e0000, 0x00000001096e0098, 0x0000000109f30000)
  to   space 8512K,   0% used [0x0000000109f30000, 0x0000000109f30000, 0x000000010a780000)
 concurrent mark-sweep generation total 439104K, used 397470K [0x000000010a780000, 0x0000000125450000, 0x0000000125450000)
 concurrent-mark-sweep perm gen total 21248K, used 2871K [0x0000000125450000, 0x0000000126910000, 0x000000012a650000)
}
8.401: [CMS-concurrent-abortable-preclean: 0.003/0.161 secs] [Times: user=0.18 sys=0.00, real=0.16 secs] 
8.413: [GC[YG occupancy: 25665 K (76672 K)]8.413: [Rescan (non-parallel) 8.413: [grey object rescan, 0.0011400 secs]8.414: [root rescan, 0.0001660 secs], 0.0013370 secs]8.415: [weak refs processing, 0.0000090 secs]8.415: [scrub string table, 0.0000270 secs] [1 CMS-remark: 397470K(439104K)] 423136K(515776K), 0.0014480 secs] [Times: user=0.00 sys=0.00, real=0.00 secs] 
8.415: [CMS-concurrent-sweep-start]
8.415: [CMS-concurrent-sweep: 0.001/0.001 secs] [Times: user=0.00 sys=0.00, real=0.00 secs] 
8.415: [CMS-concurrent-reset-start]
8.419: [CMS-concurrent-reset: 0.003/0.003 secs] [Times: user=0.00 sys=0.00, real=0.00 secs] 
{Heap before GC invocations=120 (full 55):
 def new generation   total 76672K, used 67080K [0x0000000105450000, 0x000000010a780000, 0x000000010a780000)
  eden space 68160K,  98% used [0x0000000105450000, 0x00000001095d2298, 0x00000001096e0000)
  from space 8512K,   0% used [0x00000001096e0000, 0x00000001096e0098, 0x0000000109f30000)
  to   space 8512K,   0% used [0x0000000109f30000, 0x0000000109f30000, 0x000000010a780000)
 concurrent mark-sweep generation total 439104K, used 277907K [0x000000010a780000, 0x0000000125450000, 0x0000000125450000)
 concurrent-mark-sweep perm gen total 21248K, used 2871K [0x0000000125450000, 0x0000000126910000, 0x000000012a650000)
8.438: [GC 8.438: [DefNew
Desired survivor size 4358144 bytes, new threshold 6 (max 6)
- age   1:        152 bytes,        152 total
- age   6:         40 bytes,        192 total
: 67080K->0K(76672K), 0.0305560 secs] 344988K->344984K(515776K), 0.0306310 secs] [Times: user=0.03 sys=0.00, real=0.03 secs] 
Heap after GC invocations=121 (full 55):
 def new generation   total 76672K, used 0K [0x0000000105450000, 0x000000010a780000, 0x000000010a780000)
  eden space 68160K,   0% used [0x0000000105450000, 0x0000000105450000, 0x00000001096e0000)
  from space 8512K,   0% used [0x0000000109f30000, 0x0000000109f300c0, 0x000000010a780000)
  to   space 8512K,   0% used [0x00000001096e0000, 0x00000001096e0000, 0x0000000109f30000)
 concurrent mark-sweep generation total 439104K, used 344984K [0x000000010a780000, 0x0000000125450000, 0x0000000125450000)
 concurrent-mark-sweep perm gen total 21248K, used 2871K [0x0000000125450000, 0x0000000126910000, 0x000000012a650000)
}
8.477: [GC [1 CMS-initial-mark: 344984K(439104K)] 364378K(515776K), 0.0002840 secs] [Times: user=0.00 sys=0.00, real=0.00 secs] 
8.478: [CMS-concurrent-mark-start]
8.491: [CMS-concurrent-mark: 0.014/0.014 secs] [Times: user=0.03 sys=0.00, real=0.02 secs] 
8.492: [CMS-concurrent-preclean-start]
8.493: [CMS-concurrent-preclean: 0.001/0.001 secs] [Times: user=0.00 sys=0.00, real=0.00 secs] 
8.493: [CMS-concurrent-abortable-preclean-start]
{Heap before GC invocations=121 (full 56):
 def new generation   total 76672K, used 67036K [0x0000000105450000, 0x000000010a780000, 0x000000010a780000)
  eden space 68160K,  98% used [0x0000000105450000, 0x00000001095c7268, 0x00000001096e0000)
  from space 8512K,   0% used [0x0000000109f30000, 0x0000000109f300c0, 0x000000010a780000)
  to   space 8512K,   0% used [0x00000001096e0000, 0x00000001096e0000, 0x0000000109f30000)
 concurrent mark-sweep generation total 439104K, used 344984K [0x000000010a780000, 0x0000000125450000, 0x0000000125450000)
 concurrent-mark-sweep perm gen total 21248K, used 2871K [0x0000000125450000, 0x0000000126910000, 0x000000012a650000)
8.506: [GC 8.506: [DefNew
Desired survivor size 4358144 bytes, new threshold 6 (max 6)
- age   1:        192 bytes,        192 total
: 67036K->0K(76672K), 0.0300360 secs] 412021K->412016K(515776K), 0.0301020 secs] [Times: user=0.03 sys=0.00, real=0.03 secs] 
Heap after GC invocations=122 (full 56):
 def new generation   total 76672K, used 0K [0x0000000105450000, 0x000000010a780000, 0x000000010a780000)
  eden space 68160K,   0% used [0x0000000105450000, 0x0000000105450000, 0x00000001096e0000)
  from space 8512K,   0% used [0x00000001096e0000, 0x00000001096e00c0, 0x0000000109f30000)
  to   space 8512K,   0% used [0x0000000109f30000, 0x0000000109f30000, 0x000000010a780000)
 concurrent mark-sweep generation total 439104K, used 412016K [0x000000010a780000, 0x0000000125450000, 0x0000000125450000)
 concurrent-mark-sweep perm gen total 21248K, used 2871K [0x0000000125450000, 0x0000000126910000, 0x000000012a650000)
}
{Heap before GC invocations=122 (full 56):
 def new generation   total 76672K, used 59889K [0x0000000105450000, 0x000000010a780000, 0x000000010a780000)
  eden space 68160K,  87% used [0x0000000105450000, 0x0000000108ecc658, 0x00000001096e0000)
  from space 8512K,   0% used [0x00000001096e0000, 0x00000001096e00c0, 0x0000000109f30000)
  to   space 8512K,   0% used [0x0000000109f30000, 0x0000000109f30000, 0x000000010a780000)
 concurrent mark-sweep generation total 439104K, used 412016K [0x000000010a780000, 0x0000000125450000, 0x0000000125450000)
 concurrent-mark-sweep perm gen total 21248K, used 2871K [0x0000000125450000, 0x0000000126910000, 0x000000012a650000)
8.566: [GC 8.567: [DefNew: 59889K->59889K(76672K), 0.0000210 secs]8.567: [CMS8.567: [CMS-concurrent-abortable-preclean: 0.002/0.074 secs] [Times: user=0.08 sys=0.00, real=0.07 secs] 
 (concurrent mode failure): 412016K->101524K(439104K), 0.0467670 secs] 471906K->101524K(515776K), [CMS Perm : 2871K->2871K(21248K)], 0.0469040 secs] [Times: user=0.05 sys=0.00, real=0.05 secs] 
Heap after GC invocations=123 (full 57):
 def new generation   total 76672K, used 0K [0x0000000105450000, 0x000000010a780000, 0x000000010a780000)
  eden space 68160K,   0% used [0x0000000105450000, 0x0000000105450000, 0x00000001096e0000)
  from space 8512K,   0% used [0x00000001096e0000, 0x00000001096e0000, 0x0000000109f30000)
  to   space 8512K,   0% used [0x0000000109f30000, 0x0000000109f30000, 0x000000010a780000)
 concurrent mark-sweep generation total 439104K, used 101524K [0x000000010a780000, 0x0000000125450000, 0x0000000125450000)
 concurrent-mark-sweep perm gen total 21248K, used 2871K [0x0000000125450000, 0x0000000126910000, 0x000000012a650000)
}
{Heap before GC invocations=123 (full 57):
 def new generation   total 76672K, used 66518K [0x0000000105450000, 0x000000010a780000, 0x000000010a780000)
  eden space 68160K,  97% used [0x0000000105450000, 0x00000001095459e8, 0x00000001096e0000)
  from space 8512K,   0% used [0x00000001096e0000, 0x00000001096e0000, 0x0000000109f30000)
  to   space 8512K,   0% used [0x0000000109f30000, 0x0000000109f30000, 0x000000010a780000)
 concurrent mark-sweep generation total 439104K, used 101524K [0x000000010a780000, 0x0000000125450000, 0x0000000125450000)
 concurrent-mark-sweep perm gen total 21248K, used 2871K [0x0000000125450000, 0x0000000126910000, 0x000000012a650000)
8.647: [GC 8.648: [DefNew
Desired survivor size 4358144 bytes, new threshold 6 (max 6)
- age   1:        192 bytes,        192 total
: 66518K->0K(76672K), 0.0306820 secs] 168043K->168041K(515776K), 0.0307450 secs] [Times: user=0.03 sys=0.00, real=0.03 secs] 
Heap after GC invocations=124 (full 57):
 def new generation   total 76672K, used 0K [0x0000000105450000, 0x000000010a780000, 0x000000010a780000)
  eden space 68160K,   0% used [0x0000000105450000, 0x0000000105450000, 0x00000001096e0000)
  from space 8512K,   0% used [0x0000000109f30000, 0x0000000109f300c0, 0x000000010a780000)
  to   space 8512K,   0% used [0x00000001096e0000, 0x00000001096e0000, 0x0000000109f30000)
 concurrent mark-sweep generation total 439104K, used 168040K [0x000000010a780000, 0x0000000125450000, 0x0000000125450000)
 concurrent-mark-sweep perm gen total 21248K, used 2871K [0x0000000125450000, 0x0000000126910000, 0x000000012a650000)
}
8.683: [GC [1 CMS-initial-mark: 168040K(439104K)] 178913K(515776K), 0.0001920 secs] [Times: user=0.00 sys=0.00, real=0.00 secs] 
8.683: [CMS-concurrent-mark-start]
8.692: [CMS-concurrent-mark: 0.009/0.009 secs] [Times: user=0.02 sys=0.00, real=0.01 secs] 
8.692: [CMS-concurrent-preclean-start]
8.693: [CMS-concurrent-preclean: 0.001/0.001 secs] [Times: user=0.00 sys=0.00, real=0.00 secs] 
8.693: [CMS-concurrent-abortable-preclean-start]
{Heap before GC invocations=124 (full 58):
 def new generation   total 76672K, used 63143K [0x0000000105450000, 0x000000010a780000, 0x000000010a780000)
  eden space 68160K,  92% used [0x0000000105450000, 0x00000001091f9c28, 0x00000001096e0000)
  from space 8512K,   0% used [0x0000000109f30000, 0x0000000109f300c0, 0x000000010a780000)
  to   space 8512K,   0% used [0x00000001096e0000, 0x00000001096e0000, 0x0000000109f30000)
 concurrent mark-sweep generation total 439104K, used 168040K [0x000000010a780000, 0x0000000125450000, 0x0000000125450000)
 concurrent-mark-sweep perm gen total 21248K, used 2871K [0x0000000125450000, 0x0000000126910000, 0x000000012a650000)
8.713: [GC 8.713: [DefNew
Desired survivor size 4358144 bytes, new threshold 6 (max 6)
- age   1:        216 bytes,        216 total
- age   2:         80 bytes,        296 total
: 63143K->0K(76672K), 0.0283000 secs] 231184K->231180K(515776K), 0.0283600 secs] [Times: user=0.03 sys=0.00, real=0.03 secs] 
Heap after GC invocations=125 (full 58):
 def new generation   total 76672K, used 0K [0x0000000105450000, 0x000000010a780000, 0x000000010a780000)
  eden space 68160K,   0% used [0x0000000105450000, 0x0000000105450000, 0x00000001096e0000)
  from space 8512K,   0% used [0x00000001096e0000, 0x00000001096e0128, 0x0000000109f30000)
  to   space 8512K,   0% used [0x0000000109f30000, 0x0000000109f30000, 0x000000010a780000)
 concurrent mark-sweep generation total 439104K, used 231179K [0x000000010a780000, 0x0000000125450000, 0x0000000125450000)
 concurrent-mark-sweep perm gen total 21248K, used 2871K [0x0000000125450000, 0x0000000126910000, 0x000000012a650000)
}
{Heap before GC invocations=125 (full 58):
 def new generation   total 76672K, used 66078K [0x0000000105450000, 0x000000010a780000, 0x000000010a780000)
  eden space 68160K,  96% used [0x0000000105450000, 0x00000001094d78e0, 0x00000001096e0000)
  from space 8512K,   0% used [0x00000001096e0000, 0x00000001096e0128, 0x0000000109f30000)
  to   space 8512K,   0% used [0x0000000109f30000, 0x0000000109f30000, 0x000000010a780000)
 concurrent mark-sweep generation total 439104K, used 231179K [0x000000010a780000, 0x0000000125450000, 0x0000000125450000)
 concurrent-mark-sweep perm gen total 21248K, used 2871K [0x0000000125450000, 0x0000000126910000, 0x000000012a650000)
8.782: [GC 8.782: [DefNew
Desired survivor size 4358144 bytes, new threshold 6 (max 6)
- age   1:        176 bytes,        176 total
- age   3:         80 bytes,        256 total
: 66078K->0K(76672K), 0.0298770 secs] 297258K->297254K(515776K), 0.0299420 secs] [Times: user=0.03 sys=0.00, real=0.03 secs] 
Heap after GC invocations=126 (full 58):
 def new generation   total 76672K, used 0K [0x0000000105450000, 0x000000010a780000, 0x000000010a780000)
  eden space 68160K,   0% used [0x0000000105450000, 0x0000000105450000, 0x00000001096e0000)
  from space 8512K,   0% used [0x0000000109f30000, 0x0000000109f30100, 0x000000010a780000)
  to   space 8512K,   0% used [0x00000001096e0000, 0x00000001096e0000, 0x0000000109f30000)
 concurrent mark-sweep generation total 439104K, used 297254K [0x000000010a780000, 0x0000000125450000, 0x0000000125450000)
 concurrent-mark-sweep perm gen total 21248K, used 2871K [0x0000000125450000, 0x0000000126910000, 0x000000012a650000)
}
{Heap before GC invocations=126 (full 58):
 def new generation   total 76672K, used 67009K [0x0000000105450000, 0x000000010a780000, 0x000000010a780000)
  eden space 68160K,  98% used [0x0000000105450000, 0x00000001095c06d8, 0x00000001096e0000)
  from space 8512K,   0% used [0x0000000109f30000, 0x0000000109f30100, 0x000000010a780000)
  to   space 8512K,   0% used [0x00000001096e0000, 0x00000001096e0000, 0x0000000109f30000)
 concurrent mark-sweep generation total 439104K, used 297254K [0x000000010a780000, 0x0000000125450000, 0x0000000125450000)
 concurrent-mark-sweep perm gen total 21248K, used 2871K [0x0000000125450000, 0x0000000126910000, 0x000000012a650000)
8.845: [GC 8.845: [DefNew
Desired survivor size 4358144 bytes, new threshold 6 (max 6)
- age   1:        152 bytes,        152 total
- age   4:         80 bytes,        232 total
: 67009K->0K(76672K), 0.0312430 secs] 364264K->364259K(515776K), 0.0313110 secs] [Times: user=0.03 sys=0.00, real=0.03 secs] 
Heap after GC invocations=127 (full 58):
 def new generation   total 76672K, used 0K [0x0000000105450000, 0x000000010a780000, 0x000000010a780000)
  eden space 68160K,   0% used [0x0000000105450000, 0x0000000105450000, 0x00000001096e0000)
  from space 8512K,   0% used [0x00000001096e0000, 0x00000001096e00e8, 0x0000000109f30000)
  to   space 8512K,   0% used [0x0000000109f30000, 0x0000000109f30000, 0x000000010a780000)
 concurrent mark-sweep generation total 439104K, used 364259K [0x000000010a780000, 0x0000000125450000, 0x0000000125450000)
 concurrent-mark-sweep perm gen total 21248K, used 2871K [0x0000000125450000, 0x0000000126910000, 0x000000012a650000)
}
8.876: [CMS-concurrent-abortable-preclean: 0.003/0.184 secs] [Times: user=0.22 sys=0.00, real=0.18 secs] 
8.885: [GC[YG occupancy: 20165 K (76672 K)]8.885: [Rescan (non-parallel) 8.885: [grey object rescan, 0.0010550 secs]8.887: [root rescan, 0.0001210 secs], 0.0011990 secs]8.887: [weak refs processing, 0.0000070 secs]8.887: [scrub string table, 0.0000200 secs] [1 CMS-remark: 364259K(439104K)] 384425K(515776K), 0.0013350 secs] [Times: user=0.00 sys=0.00, real=0.00 secs] 
8.887: [CMS-concurrent-sweep-start]
8.887: [CMS-concurrent-sweep: 0.001/0.001 secs] [Times: user=0.00 sys=0.00, real=0.00 secs] 
8.887: [CMS-concurrent-reset-start]
8.891: [CMS-concurrent-reset: 0.003/0.003 secs] [Times: user=0.00 sys=0.00, real=0.01 secs] 
{Heap before GC invocations=127 (full 58):
 def new generation   total 76672K, used 56578K [0x0000000105450000, 0x000000010a780000, 0x000000010a780000)
  eden space 68160K,  83% used [0x0000000105450000, 0x0000000108b909c8, 0x00000001096e0000)
  from space 8512K,   0% used [0x00000001096e0000, 0x00000001096e00e8, 0x0000000109f30000)
  to   space 8512K,   0% used [0x0000000109f30000, 0x0000000109f30000, 0x000000010a780000)
 concurrent mark-sweep generation total 439104K, used 285816K [0x000000010a780000, 0x0000000125450000, 0x0000000125450000)
 concurrent-mark-sweep perm gen total 21248K, used 2871K [0x0000000125450000, 0x0000000126910000, 0x000000012a650000)
8.910: [GC 8.910: [DefNew
Desired survivor size 4358144 bytes, new threshold 6 (max 6)
- age   1:        176 bytes,        176 total
- age   5:         80 bytes,        256 total
: 56578K->0K(76672K), 0.0256060 secs] 342395K->342391K(515776K), 0.0256640 secs] [Times: user=0.03 sys=0.00, real=0.02 secs] 
Heap after GC invocations=128 (full 58):
 def new generation   total 76672K, used 0K [0x0000000105450000, 0x000000010a780000, 0x000000010a780000)
  eden space 68160K,   0% used [0x0000000105450000, 0x0000000105450000, 0x00000001096e0000)
  from space 8512K,   0% used [0x0000000109f30000, 0x0000000109f30100, 0x000000010a780000)
  to   space 8512K,   0% used [0x00000001096e0000, 0x00000001096e0000, 0x0000000109f30000)
 concurrent mark-sweep generation total 439104K, used 342391K [0x000000010a780000, 0x0000000125450000, 0x0000000125450000)
 concurrent-mark-sweep perm gen total 21248K, used 2871K [0x0000000125450000, 0x0000000126910000, 0x000000012a650000)
}
8.952: [GC [1 CMS-initial-mark: 342391K(439104K)] 379460K(515776K), 0.0001870 secs] [Times: user=0.00 sys=0.00, real=0.00 secs] 
8.953: [CMS-concurrent-mark-start]
8.959: [CMS-concurrent-mark: 0.006/0.006 secs] [Times: user=0.00 sys=0.00, real=0.00 secs] 
8.959: [CMS-concurrent-preclean-start]
8.960: [CMS-concurrent-preclean: 0.001/0.001 secs] [Times: user=0.01 sys=0.00, real=0.01 secs] 
8.960: [CMS-concurrent-abortable-preclean-start]
{Heap before GC invocations=128 (full 59):
 def new generation   total 76672K, used 56993K [0x0000000105450000, 0x000000010a780000, 0x000000010a780000)
  eden space 68160K,  83% used [0x0000000105450000, 0x0000000108bf85a0, 0x00000001096e0000)
  from space 8512K,   0% used [0x0000000109f30000, 0x0000000109f30100, 0x000000010a780000)
  to   space 8512K,   0% used [0x00000001096e0000, 0x00000001096e0000, 0x0000000109f30000)
 concurrent mark-sweep generation total 439104K, used 342391K [0x000000010a780000, 0x0000000125450000, 0x0000000125450000)
 concurrent-mark-sweep perm gen total 21248K, used 2871K [0x0000000125450000, 0x0000000126910000, 0x000000012a650000)
8.967: [GC 8.968: [DefNew
Desired survivor size 4358144 bytes, new threshold 6 (max 6)
- age   1:        112 bytes,        112 total
- age   6:         80 bytes,        192 total
: 56993K->0K(76672K), 0.0266770 secs] 399384K->399380K(515776K), 0.0267470 secs] [Times: user=0.03 sys=0.00, real=0.03 secs] 
Heap after GC invocations=129 (full 59):
 def new generation   total 76672K, used 0K [0x0000000105450000, 0x000000010a780000, 0x000000010a780000)
  eden space 68160K,   0% used [0x0000000105450000, 0x0000000105450000, 0x00000001096e0000)
  from space 8512K,   0% used [0x00000001096e0000, 0x00000001096e00c0, 0x0000000109f30000)
  to   space 8512K,   0% used [0x0000000109f30000, 0x0000000109f30000, 0x000000010a780000)
 concurrent mark-sweep generation total 439104K, used 399380K [0x000000010a780000, 0x0000000125450000, 0x0000000125450000)
 concurrent-mark-sweep perm gen total 21248K, used 2871K [0x0000000125450000, 0x0000000126910000, 0x000000012a650000)
}
{Heap before GC invocations=129 (full 59):
 def new generation   total 76672K, used 55962K [0x0000000105450000, 0x000000010a780000, 0x000000010a780000)
  eden space 68160K,  82% used [0x0000000105450000, 0x0000000108af6850, 0x00000001096e0000)
  from space 8512K,   0% used [0x00000001096e0000, 0x00000001096e00c0, 0x0000000109f30000)
  to   space 8512K,   0% used [0x0000000109f30000, 0x0000000109f30000, 0x000000010a780000)
 concurrent mark-sweep generation total 439104K, used 399380K [0x000000010a780000, 0x0000000125450000, 0x0000000125450000)
 concurrent-mark-sweep perm gen total 21248K, used 2871K [0x0000000125450000, 0x0000000126910000, 0x000000012a650000)
9.022: [GC 9.022: [DefNew: 55962K->55962K(76672K), 0.0000200 secs]9.022: [CMS9.023: [CMS-concurrent-abortable-preclean: 0.002/0.063 secs] [Times: user=0.07 sys=0.00, real=0.06 secs] 
 (concurrent mode failure): 399380K->119399K(439104K), 0.0542390 secs] 455342K->119399K(515776K), [CMS Perm : 2871K->2871K(21248K)], 0.0543440 secs] [Times: user=0.05 sys=0.00, real=0.05 secs] 
Heap after GC invocations=130 (full 60):
 def new generation   total 76672K, used 0K [0x0000000105450000, 0x000000010a780000, 0x000000010a780000)
  eden space 68160K,   0% used [0x0000000105450000, 0x0000000105450000, 0x00000001096e0000)
  from space 8512K,   0% used [0x00000001096e0000, 0x00000001096e0000, 0x0000000109f30000)
  to   space 8512K,   0% used [0x0000000109f30000, 0x0000000109f30000, 0x000000010a780000)
 concurrent mark-sweep generation total 439104K, used 119399K [0x000000010a780000, 0x0000000125450000, 0x0000000125450000)
 concurrent-mark-sweep perm gen total 21248K, used 2871K [0x0000000125450000, 0x0000000126910000, 0x000000012a650000)
}
{Heap before GC invocations=130 (full 60):
 def new generation   total 76672K, used 64793K [0x0000000105450000, 0x000000010a780000, 0x000000010a780000)
  eden space 68160K,  95% used [0x0000000105450000, 0x00000001093965b0, 0x00000001096e0000)
  from space 8512K,   0% used [0x00000001096e0000, 0x00000001096e0000, 0x0000000109f30000)
  to   space 8512K,   0% used [0x0000000109f30000, 0x0000000109f30000, 0x000000010a780000)
 concurrent mark-sweep generation total 439104K, used 119399K [0x000000010a780000, 0x0000000125450000, 0x0000000125450000)
 concurrent-mark-sweep perm gen total 21248K, used 2871K [0x0000000125450000, 0x0000000126910000, 0x000000012a650000)
9.111: [GC 9.111: [DefNew
Desired survivor size 4358144 bytes, new threshold 6 (max 6)
- age   1:        152 bytes,        152 total
: 64793K->0K(76672K), 0.0297220 secs] 184192K->184190K(515776K), 0.0297880 secs] [Times: user=0.03 sys=0.00, real=0.03 secs] 
Heap after GC invocations=131 (full 60):
 def new generation   total 76672K, used 0K [0x0000000105450000, 0x000000010a780000, 0x000000010a780000)
  eden space 68160K,   0% used [0x0000000105450000, 0x0000000105450000, 0x00000001096e0000)
  from space 8512K,   0% used [0x0000000109f30000, 0x0000000109f30098, 0x000000010a780000)
  to   space 8512K,   0% used [0x00000001096e0000, 0x00000001096e0000, 0x0000000109f30000)
 concurrent mark-sweep generation total 439104K, used 184190K [0x000000010a780000, 0x0000000125450000, 0x0000000125450000)
 concurrent-mark-sweep perm gen total 21248K, used 2871K [0x0000000125450000, 0x0000000126910000, 0x000000012a650000)
}
9.152: [GC [1 CMS-initial-mark: 184190K(439104K)] 209054K(515776K), 0.0002420 secs] [Times: user=0.00 sys=0.00, real=0.00 secs] 
9.153: [CMS-concurrent-mark-start]
9.163: [CMS-concurrent-mark: 0.010/0.010 secs] [Times: user=0.02 sys=0.00, real=0.01 secs] 
9.163: [CMS-concurrent-preclean-start]
9.164: [CMS-concurrent-preclean: 0.001/0.001 secs] [Times: user=0.00 sys=0.00, real=0.00 secs] 
9.164: [CMS-concurrent-abortable-preclean-start]
{Heap before GC invocations=131 (full 61):
 def new generation   total 76672K, used 60182K [0x0000000105450000, 0x000000010a780000, 0x000000010a780000)
  eden space 68160K,  88% used [0x0000000105450000, 0x0000000108f15878, 0x00000001096e0000)
  from space 8512K,   0% used [0x0000000109f30000, 0x0000000109f30098, 0x000000010a780000)
  to   space 8512K,   0% used [0x00000001096e0000, 0x00000001096e0000, 0x0000000109f30000)
 concurrent mark-sweep generation total 439104K, used 184190K [0x000000010a780000, 0x0000000125450000, 0x0000000125450000)
 concurrent-mark-sweep perm gen total 21248K, used 2871K [0x0000000125450000, 0x0000000126910000, 0x000000012a650000)
9.173: [GC 9.173: [DefNew
Desired survivor size 4358144 bytes, new threshold 6 (max 6)
- age   1:        152 bytes,        152 total
- age   2:        120 bytes,        272 total
: 60182K->0K(76672K), 0.0280940 secs] 244372K->244368K(515776K), 0.0281640 secs] [Times: user=0.03 sys=0.00, real=0.03 secs] 
Heap after GC invocations=132 (full 61):
 def new generation   total 76672K, used 0K [0x0000000105450000, 0x000000010a780000, 0x000000010a780000)
  eden space 68160K,   0% used [0x0000000105450000, 0x0000000105450000, 0x00000001096e0000)
  from space 8512K,   0% used [0x00000001096e0000, 0x00000001096e0110, 0x0000000109f30000)
  to   space 8512K,   0% used [0x0000000109f30000, 0x0000000109f30000, 0x000000010a780000)
 concurrent mark-sweep generation total 439104K, used 244368K [0x000000010a780000, 0x0000000125450000, 0x0000000125450000)
 concurrent-mark-sweep perm gen total 21248K, used 2871K [0x0000000125450000, 0x0000000126910000, 0x000000012a650000)
}
{Heap before GC invocations=132 (full 61):
 def new generation   total 76672K, used 61630K [0x0000000105450000, 0x000000010a780000, 0x000000010a780000)
  eden space 68160K,  90% used [0x0000000105450000, 0x000000010907f780, 0x00000001096e0000)
  from space 8512K,   0% used [0x00000001096e0000, 0x00000001096e0110, 0x0000000109f30000)
  to   space 8512K,   0% used [0x0000000109f30000, 0x0000000109f30000, 0x000000010a780000)
 concurrent mark-sweep generation total 439104K, used 244368K [0x000000010a780000, 0x0000000125450000, 0x0000000125450000)
 concurrent-mark-sweep perm gen total 21248K, used 2871K [0x0000000125450000, 0x0000000126910000, 0x000000012a650000)
9.234: [GC 9.234: [DefNew
Desired survivor size 4358144 bytes, new threshold 6 (max 6)
- age   1:        192 bytes,        192 total
- age   3:         80 bytes,        272 total
: 61630K->0K(76672K), 0.0282470 secs] 305998K->305994K(515776K), 0.0283250 secs] [Times: user=0.03 sys=0.00, real=0.03 secs] 
Heap after GC invocations=133 (full 61):
 def new generation   total 76672K, used 0K [0x0000000105450000, 0x000000010a780000, 0x000000010a780000)
  eden space 68160K,   0% used [0x0000000105450000, 0x0000000105450000, 0x00000001096e0000)
  from space 8512K,   0% used [0x0000000109f30000, 0x0000000109f30110, 0x000000010a780000)
  to   space 8512K,   0% used [0x00000001096e0000, 0x00000001096e0000, 0x0000000109f30000)
 concurrent mark-sweep generation total 439104K, used 305994K [0x000000010a780000, 0x0000000125450000, 0x0000000125450000)
 concurrent-mark-sweep perm gen total 21248K, used 2871K [0x0000000125450000, 0x0000000126910000, 0x000000012a650000)
}
{Heap before GC invocations=133 (full 61):
 def new generation   total 76672K, used 58837K [0x0000000105450000, 0x000000010a780000, 0x000000010a780000)
  eden space 68160K,  86% used [0x0000000105450000, 0x0000000108dc5498, 0x00000001096e0000)
  from space 8512K,   0% used [0x0000000109f30000, 0x0000000109f30110, 0x000000010a780000)
  to   space 8512K,   0% used [0x00000001096e0000, 0x00000001096e0000, 0x0000000109f30000)
 concurrent mark-sweep generation total 439104K, used 305994K [0x000000010a780000, 0x0000000125450000, 0x0000000125450000)
 concurrent-mark-sweep perm gen total 21248K, used 2871K [0x0000000125450000, 0x0000000126910000, 0x000000012a650000)
9.292: [GC 9.292: [DefNew
Desired survivor size 4358144 bytes, new threshold 6 (max 6)
- age   1:        152 bytes,        152 total
- age   4:         80 bytes,        232 total
: 58837K->0K(76672K), 0.0273080 secs] 364831K->364827K(515776K), 0.0273840 secs] [Times: user=0.02 sys=0.00, real=0.03 secs] 
Heap after GC invocations=134 (full 61):
 def new generation   total 76672K, used 0K [0x0000000105450000, 0x000000010a780000, 0x000000010a780000)
  eden space 68160K,   0% used [0x0000000105450000, 0x0000000105450000, 0x00000001096e0000)
  from space 8512K,   0% used [0x00000001096e0000, 0x00000001096e00e8, 0x0000000109f30000)
  to   space 8512K,   0% used [0x0000000109f30000, 0x0000000109f30000, 0x000000010a780000)
 concurrent mark-sweep generation total 439104K, used 364827K [0x000000010a780000, 0x0000000125450000, 0x0000000125450000)
 concurrent-mark-sweep perm gen total 21248K, used 2871K [0x0000000125450000, 0x0000000126910000, 0x000000012a650000)
}
{Heap before GC invocations=134 (full 61):
 def new generation   total 76672K, used 64951K [0x0000000105450000, 0x000000010a780000, 0x000000010a780000)
  eden space 68160K,  95% used [0x0000000105450000, 0x00000001093bdb18, 0x00000001096e0000)
  from space 8512K,   0% used [0x00000001096e0000, 0x00000001096e00e8, 0x0000000109f30000)
  to   space 8512K,   0% used [0x0000000109f30000, 0x0000000109f30000, 0x000000010a780000)
 concurrent mark-sweep generation total 439104K, used 364827K [0x000000010a780000, 0x0000000125450000, 0x0000000125450000)
 concurrent-mark-sweep perm gen total 21248K, used 2871K [0x0000000125450000, 0x0000000126910000, 0x000000012a650000)
9.357: [GC 9.358: [DefNew
Desired survivor size 4358144 bytes, new threshold 6 (max 6)
- age   1:        192 bytes,        192 total
- age   5:         80 bytes,        272 total
: 64951K->0K(76672K), 0.0296570 secs] 429778K->429774K(515776K), 0.0297280 secs] [Times: user=0.03 sys=0.00, real=0.03 secs] 
Heap after GC invocations=135 (full 61):
 def new generation   total 76672K, used 0K [0x0000000105450000, 0x000000010a780000, 0x000000010a780000)
  eden space 68160K,   0% used [0x0000000105450000, 0x0000000105450000, 0x00000001096e0000)
  from space 8512K,   0% used [0x0000000109f30000, 0x0000000109f30110, 0x000000010a780000)
  to   space 8512K,   0% used [0x00000001096e0000, 0x00000001096e0000, 0x0000000109f30000)
 concurrent mark-sweep generation total 439104K, used 429773K [0x000000010a780000, 0x0000000125450000, 0x0000000125450000)
 concurrent-mark-sweep perm gen total 21248K, used 2871K [0x0000000125450000, 0x0000000126910000, 0x000000012a650000)
}
9.387: [CMS-concurrent-abortable-preclean: 0.003/0.224 secs] [Times: user=0.25 sys=0.00, real=0.22 secs] 
9.398: [GC[YG occupancy: 24469 K (76672 K)]9.398: [Rescan (non-parallel) 9.398: [grey object rescan, 0.0010680 secs]9.400: [root rescan, 0.0001530 secs], 0.0012470 secs]9.400: [weak refs processing, 0.0000080 secs]9.400: [scrub string table, 0.0000210 secs] [1 CMS-remark: 429773K(439104K)] 454243K(515776K), 0.0013450 secs] [Times: user=0.00 sys=0.00, real=0.01 secs] 
9.400: [CMS-concurrent-sweep-start]
9.400: [CMS-concurrent-sweep: 0.001/0.001 secs] [Times: user=0.00 sys=0.00, real=0.00 secs] 
9.401: [CMS-concurrent-reset-start]
9.404: [CMS-concurrent-reset: 0.003/0.003 secs] [Times: user=0.01 sys=0.00, real=0.00 secs] 
{Heap before GC invocations=135 (full 61):
 def new generation   total 76672K, used 60402K [0x0000000105450000, 0x000000010a780000, 0x000000010a780000)
  eden space 68160K,  88% used [0x0000000105450000, 0x0000000108f4c9e8, 0x00000001096e0000)
  from space 8512K,   0% used [0x0000000109f30000, 0x0000000109f30110, 0x000000010a780000)
  to   space 8512K,   0% used [0x00000001096e0000, 0x00000001096e0000, 0x0000000109f30000)
 concurrent mark-sweep generation total 439104K, used 328224K [0x000000010a780000, 0x0000000125450000, 0x0000000125450000)
 concurrent-mark-sweep perm gen total 21248K, used 2871K [0x0000000125450000, 0x0000000126910000, 0x000000012a650000)
9.420: [GC 9.420: [DefNew
Desired survivor size 4358144 bytes, new threshold 6 (max 6)
- age   1:        152 bytes,        152 total
- age   6:         80 bytes,        232 total
: 60402K->0K(76672K), 0.0278340 secs] 388626K->388622K(515776K), 0.0279040 secs] [Times: user=0.03 sys=0.00, real=0.02 secs] 
Heap after GC invocations=136 (full 61):
 def new generation   total 76672K, used 0K [0x0000000105450000, 0x000000010a780000, 0x000000010a780000)
  eden space 68160K,   0% used [0x0000000105450000, 0x0000000105450000, 0x00000001096e0000)
  from space 8512K,   0% used [0x00000001096e0000, 0x00000001096e00e8, 0x0000000109f30000)
  to   space 8512K,   0% used [0x0000000109f30000, 0x0000000109f30000, 0x000000010a780000)
 concurrent mark-sweep generation total 439104K, used 388622K [0x000000010a780000, 0x0000000125450000, 0x0000000125450000)
 concurrent-mark-sweep perm gen total 21248K, used 2871K [0x0000000125450000, 0x0000000126910000, 0x000000012a650000)
}
9.458: [GC [1 CMS-initial-mark: 388622K(439104K)] 410309K(515776K), 0.0002160 secs] [Times: user=0.01 sys=0.00, real=0.00 secs] 
9.458: [CMS-concurrent-mark-start]
9.469: [CMS-concurrent-mark: 0.010/0.010 secs] [Times: user=0.01 sys=0.00, real=0.01 secs] 
9.469: [CMS-concurrent-preclean-start]
9.470: [CMS-concurrent-preclean: 0.001/0.001 secs] [Times: user=0.01 sys=0.00, real=0.01 secs] 
9.470: [CMS-concurrent-abortable-preclean-start]
{Heap before GC invocations=136 (full 62):
 def new generation   total 76672K, used 55800K [0x0000000105450000, 0x000000010a780000, 0x000000010a780000)
  eden space 68160K,  81% used [0x0000000105450000, 0x0000000108ace218, 0x00000001096e0000)
  from space 8512K,   0% used [0x00000001096e0000, 0x00000001096e00e8, 0x0000000109f30000)
  to   space 8512K,   0% used [0x0000000109f30000, 0x0000000109f30000, 0x000000010a780000)
 concurrent mark-sweep generation total 439104K, used 388622K [0x000000010a780000, 0x0000000125450000, 0x0000000125450000)
 concurrent-mark-sweep perm gen total 21248K, used 2871K [0x0000000125450000, 0x0000000126910000, 0x000000012a650000)
9.479: [GC 9.479: [DefNew: 55800K->55800K(76672K), 0.0000210 secs]9.479: [CMS9.479: [CMS-concurrent-abortable-preclean: 0.001/0.009 secs] [Times: user=0.01 sys=0.00, real=0.00 secs] 
 (concurrent mode failure): 388622K->122504K(439104K), 0.0464370 secs] 444423K->122504K(515776K), [CMS Perm : 2871K->2871K(21248K)], 0.0465400 secs] [Times: user=0.04 sys=0.00, real=0.05 secs] 
Heap after GC invocations=137 (full 63):
 def new generation   total 76672K, used 0K [0x0000000105450000, 0x000000010a780000, 0x000000010a780000)
  eden space 68160K,   0% used [0x0000000105450000, 0x0000000105450000, 0x00000001096e0000)
  from space 8512K,   0% used [0x00000001096e0000, 0x00000001096e0000, 0x0000000109f30000)
  to   space 8512K,   0% used [0x0000000109f30000, 0x0000000109f30000, 0x000000010a780000)
 concurrent mark-sweep generation total 439104K, used 122504K [0x000000010a780000, 0x0000000125450000, 0x0000000125450000)
 concurrent-mark-sweep perm gen total 21248K, used 2871K [0x0000000125450000, 0x0000000126910000, 0x000000012a650000)
}
{Heap before GC invocations=137 (full 63):
 def new generation   total 76672K, used 63361K [0x0000000105450000, 0x000000010a780000, 0x000000010a780000)
  eden space 68160K,  92% used [0x0000000105450000, 0x0000000109230648, 0x00000001096e0000)
  from space 8512K,   0% used [0x00000001096e0000, 0x00000001096e0000, 0x0000000109f30000)
  to   space 8512K,   0% used [0x0000000109f30000, 0x0000000109f30000, 0x000000010a780000)
 concurrent mark-sweep generation total 439104K, used 122504K [0x000000010a780000, 0x0000000125450000, 0x0000000125450000)
 concurrent-mark-sweep perm gen total 21248K, used 2871K [0x0000000125450000, 0x0000000126910000, 0x000000012a650000)
9.559: [GC 9.559: [DefNew
Desired survivor size 4358144 bytes, new threshold 6 (max 6)
- age   1:        112 bytes,        112 total
: 63361K->0K(76672K), 0.0285000 secs] 185866K->185864K(515776K), 0.0285660 secs] [Times: user=0.03 sys=0.00, real=0.02 secs] 
Heap after GC invocations=138 (full 63):
 def new generation   total 76672K, used 0K [0x0000000105450000, 0x000000010a780000, 0x000000010a780000)
  eden space 68160K,   0% used [0x0000000105450000, 0x0000000105450000, 0x00000001096e0000)
  from space 8512K,   0% used [0x0000000109f30000, 0x0000000109f30070, 0x000000010a780000)
  to   space 8512K,   0% used [0x00000001096e0000, 0x00000001096e0000, 0x0000000109f30000)
 concurrent mark-sweep generation total 439104K, used 185864K [0x000000010a780000, 0x0000000125450000, 0x0000000125450000)
 concurrent-mark-sweep perm gen total 21248K, used 2871K [0x0000000125450000, 0x0000000126910000, 0x000000012a650000)
}
9.600: [GC [1 CMS-initial-mark: 185864K(439104K)] 211291K(515776K), 0.0001840 secs] [Times: user=0.00 sys=0.00, real=0.00 secs] 
9.600: [CMS-concurrent-mark-start]
9.611: [CMS-concurrent-mark: 0.011/0.011 secs] [Times: user=0.02 sys=0.00, real=0.01 secs] 
9.611: [CMS-concurrent-preclean-start]
9.612: [CMS-concurrent-preclean: 0.001/0.001 secs] [Times: user=0.00 sys=0.00, real=0.00 secs] 
9.612: [CMS-concurrent-abortable-preclean-start]
{Heap before GC invocations=138 (full 64):
 def new generation   total 76672K, used 54991K [0x0000000105450000, 0x000000010a780000, 0x000000010a780000)
  eden space 68160K,  80% used [0x0000000105450000, 0x0000000108a03e90, 0x00000001096e0000)
  from space 8512K,   0% used [0x0000000109f30000, 0x0000000109f30070, 0x000000010a780000)
  to   space 8512K,   0% used [0x00000001096e0000, 0x00000001096e0000, 0x0000000109f30000)
 concurrent mark-sweep generation total 439104K, used 185864K [0x000000010a780000, 0x0000000125450000, 0x0000000125450000)
 concurrent-mark-sweep perm gen total 21248K, used 2871K [0x0000000125450000, 0x0000000126910000, 0x000000012a650000)
9.619: [GC 9.619: [DefNew
Desired survivor size 4358144 bytes, new threshold 6 (max 6)
- age   1:        176 bytes,        176 total
- age   2:         40 bytes,        216 total
: 54991K->0K(76672K), 0.0249560 secs] 240856K->240852K(515776K), 0.0250160 secs] [Times: user=0.02 sys=0.00, real=0.03 secs] 
Heap after GC invocations=139 (full 64):
 def new generation   total 76672K, used 0K [0x0000000105450000, 0x000000010a780000, 0x000000010a780000)
  eden space 68160K,   0% used [0x0000000105450000, 0x0000000105450000, 0x00000001096e0000)
  from space 8512K,   0% used [0x00000001096e0000, 0x00000001096e00d8, 0x0000000109f30000)
  to   space 8512K,   0% used [0x0000000109f30000, 0x0000000109f30000, 0x000000010a780000)
 concurrent mark-sweep generation total 439104K, used 240851K [0x000000010a780000, 0x0000000125450000, 0x0000000125450000)
 concurrent-mark-sweep perm gen total 21248K, used 2871K [0x0000000125450000, 0x0000000126910000, 0x000000012a650000)
}
{Heap before GC invocations=139 (full 64):
 def new generation   total 76672K, used 55701K [0x0000000105450000, 0x000000010a780000, 0x000000010a780000)
  eden space 68160K,  81% used [0x0000000105450000, 0x0000000108ab54d0, 0x00000001096e0000)
  from space 8512K,   0% used [0x00000001096e0000, 0x00000001096e00d8, 0x0000000109f30000)
  to   space 8512K,   0% used [0x0000000109f30000, 0x0000000109f30000, 0x000000010a780000)
 concurrent mark-sweep generation total 439104K, used 240851K [0x000000010a780000, 0x0000000125450000, 0x0000000125450000)
 concurrent-mark-sweep perm gen total 21248K, used 2871K [0x0000000125450000, 0x0000000126910000, 0x000000012a650000)
9.673: [GC 9.673: [DefNew
Desired survivor size 4358144 bytes, new threshold 6 (max 6)
- age   1:        112 bytes,        112 total
- age   3:         40 bytes,        152 total
: 55701K->0K(76672K), 0.0260620 secs] 296553K->296551K(515776K), 0.0261310 secs] [Times: user=0.02 sys=0.00, real=0.03 secs] 
Heap after GC invocations=140 (full 64):
 def new generation   total 76672K, used 0K [0x0000000105450000, 0x000000010a780000, 0x000000010a780000)
  eden space 68160K,   0% used [0x0000000105450000, 0x0000000105450000, 0x00000001096e0000)
  from space 8512K,   0% used [0x0000000109f30000, 0x0000000109f30098, 0x000000010a780000)
  to   space 8512K,   0% used [0x00000001096e0000, 0x00000001096e0000, 0x0000000109f30000)
 concurrent mark-sweep generation total 439104K, used 296551K [0x000000010a780000, 0x0000000125450000, 0x0000000125450000)
 concurrent-mark-sweep perm gen total 21248K, used 2871K [0x0000000125450000, 0x0000000126910000, 0x000000012a650000)
}
9.699: [CMS-concurrent-abortable-preclean: 0.002/0.088 secs] [Times: user=0.09 sys=0.00, real=0.09 secs] 
9.705: [GC[YG occupancy: 13303 K (76672 K)]9.705: [Rescan (non-parallel) 9.705: [grey object rescan, 0.0011030 secs]9.706: [root rescan, 0.0001230 secs], 0.0012550 secs]9.706: [weak refs processing, 0.0000080 secs]9.706: [scrub string table, 0.0000210 secs] [1 CMS-remark: 296551K(439104K)] 309854K(515776K), 0.0013520 secs] [Times: user=0.00 sys=0.00, real=0.00 secs] 
9.706: [CMS-concurrent-sweep-start]
9.707: [CMS-concurrent-sweep: 0.001/0.001 secs] [Times: user=0.00 sys=0.00, real=0.00 secs] 
9.707: [CMS-concurrent-reset-start]
9.710: [CMS-concurrent-reset: 0.003/0.003 secs] [Times: user=0.01 sys=0.00, real=0.01 secs] 
{Heap before GC invocations=140 (full 64):
 def new generation   total 76672K, used 64888K [0x0000000105450000, 0x000000010a780000, 0x000000010a780000)
  eden space 68160K,  95% used [0x0000000105450000, 0x00000001093adf98, 0x00000001096e0000)
  from space 8512K,   0% used [0x0000000109f30000, 0x0000000109f30098, 0x000000010a780000)
  to   space 8512K,   0% used [0x00000001096e0000, 0x00000001096e0000, 0x0000000109f30000)
 concurrent mark-sweep generation total 439104K, used 174338K [0x000000010a780000, 0x0000000125450000, 0x0000000125450000)
 concurrent-mark-sweep perm gen total 21248K, used 2871K [0x0000000125450000, 0x0000000126910000, 0x000000012a650000)
9.737: [GC 9.737: [DefNew
Desired survivor size 4358144 bytes, new threshold 6 (max 6)
- age   1:        216 bytes,        216 total
- age   4:         40 bytes,        256 total
: 64888K->0K(76672K), 0.0288900 secs] 239226K->239222K(515776K), 0.0289530 secs] [Times: user=0.03 sys=0.00, real=0.03 secs] 
Heap after GC invocations=141 (full 64):
 def new generation   total 76672K, used 0K [0x0000000105450000, 0x000000010a780000, 0x000000010a780000)
  eden space 68160K,   0% used [0x0000000105450000, 0x0000000105450000, 0x00000001096e0000)
  from space 8512K,   0% used [0x00000001096e0000, 0x00000001096e0100, 0x0000000109f30000)
  to   space 8512K,   0% used [0x0000000109f30000, 0x0000000109f30000, 0x000000010a780000)
 concurrent mark-sweep generation total 439104K, used 239222K [0x000000010a780000, 0x0000000125450000, 0x0000000125450000)
 concurrent-mark-sweep perm gen total 21248K, used 2871K [0x0000000125450000, 0x0000000126910000, 0x000000012a650000)
}
9.778: [GC [1 CMS-initial-mark: 239222K(439104K)] 267636K(515776K), 0.0001860 secs] [Times: user=0.00 sys=0.00, real=0.00 secs] 
9.779: [CMS-concurrent-mark-start]
9.785: [CMS-concurrent-mark: 0.006/0.006 secs] [Times: user=0.01 sys=0.00, real=0.01 secs] 
9.785: [CMS-concurrent-preclean-start]
9.786: [CMS-concurrent-preclean: 0.001/0.001 secs] [Times: user=0.00 sys=0.00, real=0.00 secs] 
9.786: [CMS-concurrent-abortable-preclean-start]
{Heap before GC invocations=141 (full 65):
 def new generation   total 76672K, used 44764K [0x0000000105450000, 0x000000010a780000, 0x000000010a780000)
  eden space 68160K,  65% used [0x0000000105450000, 0x00000001080070b8, 0x00000001096e0000)
  from space 8512K,   0% used [0x00000001096e0000, 0x00000001096e0100, 0x0000000109f30000)
  to   space 8512K,   0% used [0x0000000109f30000, 0x0000000109f30000, 0x000000010a780000)
 concurrent mark-sweep generation total 439104K, used 239222K [0x000000010a780000, 0x0000000125450000, 0x0000000125450000)
 concurrent-mark-sweep perm gen total 21248K, used 2871K [0x0000000125450000, 0x0000000126910000, 0x000000012a650000)
9.792: [GC 9.792: [DefNew
Desired survivor size 4358144 bytes, new threshold 6 (max 6)
- age   1:        112 bytes,        112 total
- age   5:         40 bytes,        152 total
: 44764K->0K(76672K), 0.0216860 secs] 283986K->283984K(515776K), 0.0217490 secs] [Times: user=0.02 sys=0.00, real=0.02 secs] 
Heap after GC invocations=142 (full 65):
 def new generation   total 76672K, used 0K [0x0000000105450000, 0x000000010a780000, 0x000000010a780000)
  eden space 68160K,   0% used [0x0000000105450000, 0x0000000105450000, 0x00000001096e0000)
  from space 8512K,   0% used [0x0000000109f30000, 0x0000000109f30098, 0x000000010a780000)
  to   space 8512K,   0% used [0x00000001096e0000, 0x00000001096e0000, 0x0000000109f30000)
 concurrent mark-sweep generation total 439104K, used 283984K [0x000000010a780000, 0x0000000125450000, 0x0000000125450000)
 concurrent-mark-sweep perm gen total 21248K, used 2871K [0x0000000125450000, 0x0000000126910000, 0x000000012a650000)
}
{Heap before GC invocations=142 (full 65):
 def new generation   total 76672K, used 52031K [0x0000000105450000, 0x000000010a780000, 0x000000010a780000)
  eden space 68160K,  76% used [0x0000000105450000, 0x000000010871fec8, 0x00000001096e0000)
  from space 8512K,   0% used [0x0000000109f30000, 0x0000000109f30098, 0x000000010a780000)
  to   space 8512K,   0% used [0x00000001096e0000, 0x00000001096e0000, 0x0000000109f30000)
 concurrent mark-sweep generation total 439104K, used 283984K [0x000000010a780000, 0x0000000125450000, 0x0000000125450000)
 concurrent-mark-sweep perm gen total 21248K, used 2871K [0x0000000125450000, 0x0000000126910000, 0x000000012a650000)
9.842: [GC 9.842: [DefNew
Desired survivor size 4358144 bytes, new threshold 6 (max 6)
- age   1:        152 bytes,        152 total
- age   6:         40 bytes,        192 total
: 52031K->0K(76672K), 0.0251740 secs] 336016K->336012K(515776K), 0.0252370 secs] [Times: user=0.03 sys=0.00, real=0.02 secs] 
Heap after GC invocations=143 (full 65):
 def new generation   total 76672K, used 0K [0x0000000105450000, 0x000000010a780000, 0x000000010a780000)
  eden space 68160K,   0% used [0x0000000105450000, 0x0000000105450000, 0x00000001096e0000)
  from space 8512K,   0% used [0x00000001096e0000, 0x00000001096e00c0, 0x0000000109f30000)
  to   space 8512K,   0% used [0x0000000109f30000, 0x0000000109f30000, 0x000000010a780000)
 concurrent mark-sweep generation total 439104K, used 336012K [0x000000010a780000, 0x0000000125450000, 0x0000000125450000)
 concurrent-mark-sweep perm gen total 21248K, used 2871K [0x0000000125450000, 0x0000000126910000, 0x000000012a650000)
}
{Heap before GC invocations=143 (full 65):
 def new generation   total 76672K, used 62763K [0x0000000105450000, 0x000000010a780000, 0x000000010a780000)
  eden space 68160K,  92% used [0x0000000105450000, 0x000000010919acd8, 0x00000001096e0000)
  from space 8512K,   0% used [0x00000001096e0000, 0x00000001096e00c0, 0x0000000109f30000)
  to   space 8512K,   0% used [0x0000000109f30000, 0x0000000109f30000, 0x000000010a780000)
 concurrent mark-sweep generation total 439104K, used 336012K [0x000000010a780000, 0x0000000125450000, 0x0000000125450000)
 concurrent-mark-sweep perm gen total 21248K, used 2871K [0x0000000125450000, 0x0000000126910000, 0x000000012a650000)
9.898: [GC 9.898: [DefNew
Desired survivor size 4358144 bytes, new threshold 6 (max 6)
- age   1:        176 bytes,        176 total
: 62763K->0K(76672K), 0.0284150 secs] 398775K->398771K(515776K), 0.0284800 secs] [Times: user=0.03 sys=0.00, real=0.03 secs] 
Heap after GC invocations=144 (full 65):
 def new generation   total 76672K, used 0K [0x0000000105450000, 0x000000010a780000, 0x000000010a780000)
  eden space 68160K,   0% used [0x0000000105450000, 0x0000000105450000, 0x00000001096e0000)
  from space 8512K,   0% used [0x0000000109f30000, 0x0000000109f300b0, 0x000000010a780000)
  to   space 8512K,   0% used [0x00000001096e0000, 0x00000001096e0000, 0x0000000109f30000)
 concurrent mark-sweep generation total 439104K, used 398771K [0x000000010a780000, 0x0000000125450000, 0x0000000125450000)
 concurrent-mark-sweep perm gen total 21248K, used 2871K [0x0000000125450000, 0x0000000126910000, 0x000000012a650000)
}
{Heap before GC invocations=144 (full 65):
 def new generation   total 76672K, used 51536K [0x0000000105450000, 0x000000010a780000, 0x000000010a780000)
  eden space 68160K,  75% used [0x0000000105450000, 0x00000001086a4248, 0x00000001096e0000)
  from space 8512K,   0% used [0x0000000109f30000, 0x0000000109f300b0, 0x000000010a780000)
  to   space 8512K,   0% used [0x00000001096e0000, 0x00000001096e0000, 0x0000000109f30000)
 concurrent mark-sweep generation total 439104K, used 398771K [0x000000010a780000, 0x0000000125450000, 0x0000000125450000)
 concurrent-mark-sweep perm gen total 21248K, used 2871K [0x0000000125450000, 0x0000000126910000, 0x000000012a650000)
9.959: [GC 9.959: [DefNew: 51536K->51536K(76672K), 0.0000200 secs]9.959: [CMS9.959: [CMS-concurrent-abortable-preclean: 0.003/0.173 secs] [Times: user=0.19 sys=0.00, real=0.17 secs] 
 (concurrent mode failure): 398771K->71554K(439104K), 0.0390740 secs] 450307K->71554K(515776K), [CMS Perm : 2871K->2871K(21248K)], 0.0391830 secs] [Times: user=0.04 sys=0.00, real=0.04 secs] 
Heap after GC invocations=145 (full 66):
 def new generation   total 76672K, used 0K [0x0000000105450000, 0x000000010a780000, 0x000000010a780000)
  eden space 68160K,   0% used [0x0000000105450000, 0x0000000105450000, 0x00000001096e0000)
  from space 8512K,   0% used [0x0000000109f30000, 0x0000000109f30000, 0x000000010a780000)
  to   space 8512K,   0% used [0x00000001096e0000, 0x00000001096e0000, 0x0000000109f30000)
 concurrent mark-sweep generation total 439104K, used 71554K [0x000000010a780000, 0x0000000125450000, 0x0000000125450000)
 concurrent-mark-sweep perm gen total 21248K, used 2871K [0x0000000125450000, 0x0000000126910000, 0x000000012a650000)
}
{Heap before GC invocations=145 (full 66):
 def new generation   total 76672K, used 63734K [0x0000000105450000, 0x000000010a780000, 0x000000010a780000)
  eden space 68160K,  93% used [0x0000000105450000, 0x000000010928d908, 0x00000001096e0000)
  from space 8512K,   0% used [0x0000000109f30000, 0x0000000109f30000, 0x000000010a780000)
  to   space 8512K,   0% used [0x00000001096e0000, 0x00000001096e0000, 0x0000000109f30000)
 concurrent mark-sweep generation total 439104K, used 71554K [0x000000010a780000, 0x0000000125450000, 0x0000000125450000)
 concurrent-mark-sweep perm gen total 21248K, used 2871K [0x0000000125450000, 0x0000000126910000, 0x000000012a650000)
10.030: [GC 10.030: [DefNew
Desired survivor size 4358144 bytes, new threshold 6 (max 6)
- age   1:        152 bytes,        152 total
: 63734K->0K(76672K), 0.0296520 secs] 135288K->135286K(515776K), 0.0297230 secs] [Times: user=0.03 sys=0.00, real=0.03 secs] 
Heap after GC invocations=146 (full 66):
 def new generation   total 76672K, used 0K [0x0000000105450000, 0x000000010a780000, 0x000000010a780000)
  eden space 68160K,   0% used [0x0000000105450000, 0x0000000105450000, 0x00000001096e0000)
  from space 8512K,   0% used [0x00000001096e0000, 0x00000001096e0098, 0x0000000109f30000)
  to   space 8512K,   0% used [0x0000000109f30000, 0x0000000109f30000, 0x000000010a780000)
 concurrent mark-sweep generation total 439104K, used 135286K [0x000000010a780000, 0x0000000125450000, 0x0000000125450000)
 concurrent-mark-sweep perm gen total 21248K, used 2871K [0x0000000125450000, 0x0000000126910000, 0x000000012a650000)
}
{Heap before GC invocations=146 (full 66):
 def new generation   total 76672K, used 53866K [0x0000000105450000, 0x000000010a780000, 0x000000010a780000)
  eden space 68160K,  79% used [0x0000000105450000, 0x00000001088ea930, 0x00000001096e0000)
  from space 8512K,   0% used [0x00000001096e0000, 0x00000001096e0098, 0x0000000109f30000)
  to   space 8512K,   0% used [0x0000000109f30000, 0x0000000109f30000, 0x000000010a780000)
 concurrent mark-sweep generation total 439104K, used 135286K [0x000000010a780000, 0x0000000125450000, 0x0000000125450000)
 concurrent-mark-sweep perm gen total 21248K, used 2871K [0x0000000125450000, 0x0000000126910000, 0x000000012a650000)
10.087: [GC 10.087: [DefNew
Desired survivor size 4358144 bytes, new threshold 6 (max 6)
- age   1:        176 bytes,        176 total
- age   2:         80 bytes,        256 total
: 53866K->0K(76672K), 0.0250190 secs] 189153K->189149K(515776K), 0.0250890 secs] [Times: user=0.02 sys=0.00, real=0.03 secs] 
Heap after GC invocations=147 (full 66):
 def new generation   total 76672K, used 0K [0x0000000105450000, 0x000000010a780000, 0x000000010a780000)
  eden space 68160K,   0% used [0x0000000105450000, 0x0000000105450000, 0x00000001096e0000)
  from space 8512K,   0% used [0x0000000109f30000, 0x0000000109f30100, 0x000000010a780000)
  to   space 8512K,   0% used [0x00000001096e0000, 0x00000001096e0000, 0x0000000109f30000)
 concurrent mark-sweep generation total 439104K, used 189148K [0x000000010a780000, 0x0000000125450000, 0x0000000125450000)
 concurrent-mark-sweep perm gen total 21248K, used 2871K [0x0000000125450000, 0x0000000126910000, 0x000000012a650000)
}
10.131: [GC [1 CMS-initial-mark: 189148K(439104K)] 229387K(515776K), 0.0001870 secs] [Times: user=0.00 sys=0.00, real=0.00 secs] 
10.131: [CMS-concurrent-mark-start]
10.137: [CMS-concurrent-mark: 0.006/0.006 secs] [Times: user=0.01 sys=0.00, real=0.00 secs] 
10.137: [CMS-concurrent-preclean-start]
10.138: [CMS-concurrent-preclean: 0.001/0.001 secs] [Times: user=0.00 sys=0.00, real=0.00 secs] 
10.138: [CMS-concurrent-abortable-preclean-start]
{Heap before GC invocations=147 (full 67):
 def new generation   total 76672K, used 61347K [0x0000000105450000, 0x000000010a780000, 0x000000010a780000)
  eden space 68160K,  90% used [0x0000000105450000, 0x0000000109038ca0, 0x00000001096e0000)
  from space 8512K,   0% used [0x0000000109f30000, 0x0000000109f30100, 0x000000010a780000)
  to   space 8512K,   0% used [0x00000001096e0000, 0x00000001096e0000, 0x0000000109f30000)
 concurrent mark-sweep generation total 439104K, used 189148K [0x000000010a780000, 0x0000000125450000, 0x0000000125450000)
 concurrent-mark-sweep perm gen total 21248K, used 2871K [0x0000000125450000, 0x0000000126910000, 0x000000012a650000)
10.149: [GC 10.149: [DefNew
Desired survivor size 4358144 bytes, new threshold 6 (max 6)
- age   1:        176 bytes,        176 total
- age   3:         80 bytes,        256 total
: 61347K->0K(76672K), 0.0276850 secs] 250496K->250492K(515776K), 0.0277470 secs] [Times: user=0.02 sys=0.00, real=0.03 secs] 
Heap after GC invocations=148 (full 67):
 def new generation   total 76672K, used 0K [0x0000000105450000, 0x000000010a780000, 0x000000010a780000)
  eden space 68160K,   0% used [0x0000000105450000, 0x0000000105450000, 0x00000001096e0000)
  from space 8512K,   0% used [0x00000001096e0000, 0x00000001096e0100, 0x0000000109f30000)
  to   space 8512K,   0% used [0x0000000109f30000, 0x0000000109f30000, 0x000000010a780000)
 concurrent mark-sweep generation total 439104K, used 250492K [0x000000010a780000, 0x0000000125450000, 0x0000000125450000)
 concurrent-mark-sweep perm gen total 21248K, used 2871K [0x0000000125450000, 0x0000000126910000, 0x000000012a650000)
}
{Heap before GC invocations=148 (full 67):
 def new generation   total 76672K, used 55775K [0x0000000105450000, 0x000000010a780000, 0x000000010a780000)
  eden space 68160K,  81% used [0x0000000105450000, 0x0000000108ac7ca8, 0x00000001096e0000)
  from space 8512K,   0% used [0x00000001096e0000, 0x00000001096e0100, 0x0000000109f30000)
  to   space 8512K,   0% used [0x0000000109f30000, 0x0000000109f30000, 0x000000010a780000)
 concurrent mark-sweep generation total 439104K, used 250492K [0x000000010a780000, 0x0000000125450000, 0x0000000125450000)
 concurrent-mark-sweep perm gen total 21248K, used 2871K [0x0000000125450000, 0x0000000126910000, 0x000000012a650000)
10.205: [GC 10.205: [DefNew
Desired survivor size 4358144 bytes, new threshold 6 (max 6)
- age   1:        112 bytes,        112 total
- age   4:         80 bytes,        192 total
: 55775K->0K(76672K), 0.0266540 secs] 306267K->306265K(515776K), 0.0267230 secs] [Times: user=0.03 sys=0.00, real=0.03 secs] 
Heap after GC invocations=149 (full 67):
 def new generation   total 76672K, used 0K [0x0000000105450000, 0x000000010a780000, 0x000000010a780000)
  eden space 68160K,   0% used [0x0000000105450000, 0x0000000105450000, 0x00000001096e0000)
  from space 8512K,   0% used [0x0000000109f30000, 0x0000000109f300c0, 0x000000010a780000)
  to   space 8512K,   0% used [0x00000001096e0000, 0x00000001096e0000, 0x0000000109f30000)
 concurrent mark-sweep generation total 439104K, used 306265K [0x000000010a780000, 0x0000000125450000, 0x0000000125450000)
 concurrent-mark-sweep perm gen total 21248K, used 2871K [0x0000000125450000, 0x0000000126910000, 0x000000012a650000)
}
{Heap before GC invocations=149 (full 67):
 def new generation   total 76672K, used 60661K [0x0000000105450000, 0x000000010a780000, 0x000000010a780000)
  eden space 68160K,  88% used [0x0000000105450000, 0x0000000108f8d728, 0x00000001096e0000)
  from space 8512K,   0% used [0x0000000109f30000, 0x0000000109f300c0, 0x000000010a780000)
  to   space 8512K,   0% used [0x00000001096e0000, 0x00000001096e0000, 0x0000000109f30000)
 concurrent mark-sweep generation total 439104K, used 306265K [0x000000010a780000, 0x0000000125450000, 0x0000000125450000)
 concurrent-mark-sweep perm gen total 21248K, used 2871K [0x0000000125450000, 0x0000000126910000, 0x000000012a650000)
10.262: [GC 10.262: [DefNew
Desired survivor size 4358144 bytes, new threshold 6 (max 6)
- age   1:        176 bytes,        176 total
- age   5:         80 bytes,        256 total
: 60661K->0K(76672K), 0.0272390 secs] 366927K->366923K(515776K), 0.0273050 secs] [Times: user=0.02 sys=0.00, real=0.03 secs] 
Heap after GC invocations=150 (full 67):
 def new generation   total 76672K, used 0K [0x0000000105450000, 0x000000010a780000, 0x000000010a780000)
  eden space 68160K,   0% used [0x0000000105450000, 0x0000000105450000, 0x00000001096e0000)
  from space 8512K,   0% used [0x00000001096e0000, 0x00000001096e0100, 0x0000000109f30000)
  to   space 8512K,   0% used [0x0000000109f30000, 0x0000000109f30000, 0x000000010a780000)
 concurrent mark-sweep generation total 439104K, used 366922K [0x000000010a780000, 0x0000000125450000, 0x0000000125450000)
 concurrent-mark-sweep perm gen total 21248K, used 2871K [0x0000000125450000, 0x0000000126910000, 0x000000012a650000)
}
{Heap before GC invocations=150 (full 67):
 def new generation   total 76672K, used 55526K [0x0000000105450000, 0x000000010a780000, 0x000000010a780000)
  eden space 68160K,  81% used [0x0000000105450000, 0x0000000108a898d8, 0x00000001096e0000)
  from space 8512K,   0% used [0x00000001096e0000, 0x00000001096e0100, 0x0000000109f30000)
  to   space 8512K,   0% used [0x0000000109f30000, 0x0000000109f30000, 0x000000010a780000)
 concurrent mark-sweep generation total 439104K, used 366922K [0x000000010a780000, 0x0000000125450000, 0x0000000125450000)
 concurrent-mark-sweep perm gen total 21248K, used 2871K [0x0000000125450000, 0x0000000126910000, 0x000000012a650000)
10.320: [GC 10.320: [DefNew
Desired survivor size 4358144 bytes, new threshold 6 (max 6)
- age   1:        112 bytes,        112 total
- age   6:         80 bytes,        192 total
: 55526K->0K(76672K), 0.0263050 secs] 422449K->422445K(515776K), 0.0263700 secs] [Times: user=0.02 sys=0.01, real=0.02 secs] 
Heap after GC invocations=151 (full 67):
 def new generation   total 76672K, used 0K [0x0000000105450000, 0x000000010a780000, 0x000000010a780000)
  eden space 68160K,   0% used [0x0000000105450000, 0x0000000105450000, 0x00000001096e0000)
  from space 8512K,   0% used [0x0000000109f30000, 0x0000000109f300c0, 0x000000010a780000)
  to   space 8512K,   0% used [0x00000001096e0000, 0x00000001096e0000, 0x0000000109f30000)
 concurrent mark-sweep generation total 439104K, used 422444K [0x000000010a780000, 0x0000000125450000, 0x0000000125450000)
 concurrent-mark-sweep perm gen total 21248K, used 2871K [0x0000000125450000, 0x0000000126910000, 0x000000012a650000)
}
10.346: [CMS-concurrent-abortable-preclean: 0.003/0.208 secs] [Times: user=0.24 sys=0.01, real=0.21 secs] 
10.352: [GC[YG occupancy: 13154 K (76672 K)]10.352: [Rescan (non-parallel) 10.352: [grey object rescan, 0.0010520 secs]10.353: [root rescan, 0.0001160 secs], 0.0011910 secs]10.353: [weak refs processing, 0.0000060 secs]10.353: [scrub string table, 0.0000200 secs] [1 CMS-remark: 422444K(439104K)] 435599K(515776K), 0.0012870 secs] [Times: user=0.00 sys=0.00, real=0.00 secs] 
10.353: [CMS-concurrent-sweep-start]
10.353: [CMS-concurrent-sweep: 0.000/0.000 secs] [Times: user=0.00 sys=0.00, real=0.00 secs] 
10.353: [CMS-concurrent-reset-start]
10.355: [CMS-concurrent-reset: 0.002/0.002 secs] [Times: user=0.00 sys=0.00, real=0.00 secs] 
{Heap before GC invocations=151 (full 67):
 def new generation   total 76672K, used 48319K [0x0000000105450000, 0x000000010a780000, 0x000000010a780000)
  eden space 68160K,  70% used [0x0000000105450000, 0x000000010837fea0, 0x00000001096e0000)
  from space 8512K,   0% used [0x0000000109f30000, 0x0000000109f300c0, 0x000000010a780000)
  to   space 8512K,   0% used [0x00000001096e0000, 0x00000001096e0000, 0x0000000109f30000)
 concurrent mark-sweep generation total 439104K, used 346086K [0x000000010a780000, 0x0000000125450000, 0x0000000125450000)
 concurrent-mark-sweep perm gen total 21248K, used 2871K [0x0000000125450000, 0x0000000126910000, 0x000000012a650000)
10.376: [GC 10.376: [DefNew
Desired survivor size 4358144 bytes, new threshold 6 (max 6)
- age   1:        176 bytes,        176 total
: 48319K->0K(76672K), 0.0223260 secs] 394406K->394402K(515776K), 0.0223930 secs] [Times: user=0.02 sys=0.00, real=0.02 secs] 
Heap after GC invocations=152 (full 67):
 def new generation   total 76672K, used 0K [0x0000000105450000, 0x000000010a780000, 0x000000010a780000)
  eden space 68160K,   0% used [0x0000000105450000, 0x0000000105450000, 0x00000001096e0000)
  from space 8512K,   0% used [0x00000001096e0000, 0x00000001096e00b0, 0x0000000109f30000)
  to   space 8512K,   0% used [0x0000000109f30000, 0x0000000109f30000, 0x000000010a780000)
 concurrent mark-sweep generation total 439104K, used 394401K [0x000000010a780000, 0x0000000125450000, 0x0000000125450000)
 concurrent-mark-sweep perm gen total 21248K, used 2871K [0x0000000125450000, 0x0000000126910000, 0x000000012a650000)
}
10.416: [GC [1 CMS-initial-mark: 394401K(439104K)] 429751K(515776K), 0.0002250 secs] [Times: user=0.00 sys=0.00, real=0.00 secs] 
10.416: [CMS-concurrent-mark-start]
10.423: [CMS-concurrent-mark: 0.007/0.007 secs] [Times: user=0.01 sys=0.00, real=0.01 secs] 
10.423: [CMS-concurrent-preclean-start]
10.424: [CMS-concurrent-preclean: 0.001/0.001 secs] [Times: user=0.00 sys=0.00, real=0.00 secs] 
10.424: [CMS-concurrent-abortable-preclean-start]
{Heap before GC invocations=152 (full 68):
 def new generation   total 76672K, used 57000K [0x0000000105450000, 0x000000010a780000, 0x000000010a780000)
  eden space 68160K,  83% used [0x0000000105450000, 0x0000000108bfa320, 0x00000001096e0000)
  from space 8512K,   0% used [0x00000001096e0000, 0x00000001096e00b0, 0x0000000109f30000)
  to   space 8512K,   0% used [0x0000000109f30000, 0x0000000109f30000, 0x000000010a780000)
 concurrent mark-sweep generation total 439104K, used 394401K [0x000000010a780000, 0x0000000125450000, 0x0000000125450000)
 concurrent-mark-sweep perm gen total 21248K, used 2871K [0x0000000125450000, 0x0000000126910000, 0x000000012a650000)
10.437: [GC 10.437: [DefNew: 57000K->57000K(76672K), 0.0000200 secs]10.437: [CMS10.437: [CMS-concurrent-abortable-preclean: 0.001/0.013 secs] [Times: user=0.01 sys=0.00, real=0.01 secs] 
 (concurrent mode failure): 394401K->92129K(439104K), 0.0439390 secs] 451402K->92129K(515776K), [CMS Perm : 2871K->2871K(21248K)], 0.0440450 secs] [Times: user=0.04 sys=0.00, real=0.05 secs] 
Heap after GC invocations=153 (full 69):
 def new generation   total 76672K, used 0K [0x0000000105450000, 0x000000010a780000, 0x000000010a780000)
  eden space 68160K,   0% used [0x0000000105450000, 0x0000000105450000, 0x00000001096e0000)
  from space 8512K,   0% used [0x00000001096e0000, 0x00000001096e0000, 0x0000000109f30000)
  to   space 8512K,   0% used [0x0000000109f30000, 0x0000000109f30000, 0x000000010a780000)
 concurrent mark-sweep generation total 439104K, used 92129K [0x000000010a780000, 0x0000000125450000, 0x0000000125450000)
 concurrent-mark-sweep perm gen total 21248K, used 2871K [0x0000000125450000, 0x0000000126910000, 0x000000012a650000)
}
{Heap before GC invocations=153 (full 69):
 def new generation   total 76672K, used 62751K [0x0000000105450000, 0x000000010a780000, 0x000000010a780000)
  eden space 68160K,  92% used [0x0000000105450000, 0x0000000109197e40, 0x00000001096e0000)
  from space 8512K,   0% used [0x00000001096e0000, 0x00000001096e0000, 0x0000000109f30000)
  to   space 8512K,   0% used [0x0000000109f30000, 0x0000000109f30000, 0x000000010a780000)
 concurrent mark-sweep generation total 439104K, used 92129K [0x000000010a780000, 0x0000000125450000, 0x0000000125450000)
 concurrent-mark-sweep perm gen total 21248K, used 2871K [0x0000000125450000, 0x0000000126910000, 0x000000012a650000)
10.514: [GC 10.514: [DefNew
Desired survivor size 4358144 bytes, new threshold 6 (max 6)
- age   1:        192 bytes,        192 total
: 62751K->0K(76672K), 0.0286750 secs] 154881K->154879K(515776K), 0.0287510 secs] [Times: user=0.03 sys=0.00, real=0.03 secs] 
Heap after GC invocations=154 (full 69):
 def new generation   total 76672K, used 0K [0x0000000105450000, 0x000000010a780000, 0x000000010a780000)
  eden space 68160K,   0% used [0x0000000105450000, 0x0000000105450000, 0x00000001096e0000)
  from space 8512K,   0% used [0x0000000109f30000, 0x0000000109f300c0, 0x000000010a780000)
  to   space 8512K,   0% used [0x00000001096e0000, 0x00000001096e0000, 0x0000000109f30000)
 concurrent mark-sweep generation total 439104K, used 154878K [0x000000010a780000, 0x0000000125450000, 0x0000000125450000)
 concurrent-mark-sweep perm gen total 21248K, used 2871K [0x0000000125450000, 0x0000000126910000, 0x000000012a650000)
}
{Heap before GC invocations=154 (full 69):
 def new generation   total 76672K, used 63770K [0x0000000105450000, 0x000000010a780000, 0x000000010a780000)
  eden space 68160K,  93% used [0x0000000105450000, 0x0000000109296998, 0x00000001096e0000)
  from space 8512K,   0% used [0x0000000109f30000, 0x0000000109f300c0, 0x000000010a780000)
  to   space 8512K,   0% used [0x00000001096e0000, 0x00000001096e0000, 0x0000000109f30000)
 concurrent mark-sweep generation total 439104K, used 154878K [0x000000010a780000, 0x0000000125450000, 0x0000000125450000)
 concurrent-mark-sweep perm gen total 21248K, used 2871K [0x0000000125450000, 0x0000000126910000, 0x000000012a650000)
10.579: [GC 10.579: [DefNew
Desired survivor size 4358144 bytes, new threshold 6 (max 6)
- age   1:        216 bytes,        216 total
- age   2:         80 bytes,        296 total
: 63770K->0K(76672K), 0.0281970 secs] 218649K->218645K(515776K), 0.0282650 secs] [Times: user=0.03 sys=0.00, real=0.03 secs] 
Heap after GC invocations=155 (full 69):
 def new generation   total 76672K, used 0K [0x0000000105450000, 0x000000010a780000, 0x000000010a780000)
  eden space 68160K,   0% used [0x0000000105450000, 0x0000000105450000, 0x00000001096e0000)
  from space 8512K,   0% used [0x00000001096e0000, 0x00000001096e0128, 0x0000000109f30000)
  to   space 8512K,   0% used [0x0000000109f30000, 0x0000000109f30000, 0x000000010a780000)
 concurrent mark-sweep generation total 439104K, used 218645K [0x000000010a780000, 0x0000000125450000, 0x0000000125450000)
 concurrent-mark-sweep perm gen total 21248K, used 2871K [0x0000000125450000, 0x0000000126910000, 0x000000012a650000)
}
10.625: [GC [1 CMS-initial-mark: 218645K(439104K)] 257520K(515776K), 0.0001890 secs] [Times: user=0.00 sys=0.00, real=0.00 secs] 
10.626: [CMS-concurrent-mark-start]
10.632: [CMS-concurrent-mark: 0.006/0.006 secs] [Times: user=0.00 sys=0.00, real=0.01 secs] 
10.632: [CMS-concurrent-preclean-start]
10.633: [CMS-concurrent-preclean: 0.001/0.001 secs] [Times: user=0.00 sys=0.00, real=0.00 secs] 
10.633: [CMS-concurrent-abortable-preclean-start]
{Heap before GC invocations=155 (full 70):
 def new generation   total 76672K, used 62251K [0x0000000105450000, 0x000000010a780000, 0x000000010a780000)
  eden space 68160K,  91% used [0x0000000105450000, 0x000000010911ab28, 0x00000001096e0000)
  from space 8512K,   0% used [0x00000001096e0000, 0x00000001096e0128, 0x0000000109f30000)
  to   space 8512K,   0% used [0x0000000109f30000, 0x0000000109f30000, 0x000000010a780000)
 concurrent mark-sweep generation total 439104K, used 218645K [0x000000010a780000, 0x0000000125450000, 0x0000000125450000)
 concurrent-mark-sweep perm gen total 21248K, used 2871K [0x0000000125450000, 0x0000000126910000, 0x000000012a650000)
10.642: [GC 10.642: [DefNew
Desired survivor size 4358144 bytes, new threshold 6 (max 6)
- age   1:        112 bytes,        112 total
- age   3:         80 bytes,        192 total
: 62251K->0K(76672K), 0.0282400 secs] 280896K->280892K(515776K), 0.0283100 secs] [Times: user=0.02 sys=0.00, real=0.03 secs] 
Heap after GC invocations=156 (full 70):
 def new generation   total 76672K, used 0K [0x0000000105450000, 0x000000010a780000, 0x000000010a780000)
  eden space 68160K,   0% used [0x0000000105450000, 0x0000000105450000, 0x00000001096e0000)
  from space 8512K,   0% used [0x0000000109f30000, 0x0000000109f300c0, 0x000000010a780000)
  to   space 8512K,   0% used [0x00000001096e0000, 0x00000001096e0000, 0x0000000109f30000)
 concurrent mark-sweep generation total 439104K, used 280891K [0x000000010a780000, 0x0000000125450000, 0x0000000125450000)
 concurrent-mark-sweep perm gen total 21248K, used 2871K [0x0000000125450000, 0x0000000126910000, 0x000000012a650000)
}
{Heap before GC invocations=156 (full 70):
 def new generation   total 76672K, used 55110K [0x0000000105450000, 0x000000010a780000, 0x000000010a780000)
  eden space 68160K,  80% used [0x0000000105450000, 0x0000000108a21930, 0x00000001096e0000)
  from space 8512K,   0% used [0x0000000109f30000, 0x0000000109f300c0, 0x000000010a780000)
  to   space 8512K,   0% used [0x00000001096e0000, 0x00000001096e0000, 0x0000000109f30000)
 concurrent mark-sweep generation total 439104K, used 280891K [0x000000010a780000, 0x0000000125450000, 0x0000000125450000)
 concurrent-mark-sweep perm gen total 21248K, used 2871K [0x0000000125450000, 0x0000000126910000, 0x000000012a650000)
10.700: [GC 10.701: [DefNew
Desired survivor size 4358144 bytes, new threshold 6 (max 6)
- age   1:        176 bytes,        176 total
- age   4:         80 bytes,        256 total
: 55110K->0K(76672K), 0.0251130 secs] 336002K->335998K(515776K), 0.0251760 secs] [Times: user=0.03 sys=0.00, real=0.02 secs] 
Heap after GC invocations=157 (full 70):
 def new generation   total 76672K, used 0K [0x0000000105450000, 0x000000010a780000, 0x000000010a780000)
  eden space 68160K,   0% used [0x0000000105450000, 0x0000000105450000, 0x00000001096e0000)
  from space 8512K,   0% used [0x00000001096e0000, 0x00000001096e0100, 0x0000000109f30000)
  to   space 8512K,   0% used [0x0000000109f30000, 0x0000000109f30000, 0x000000010a780000)
 concurrent mark-sweep generation total 439104K, used 335998K [0x000000010a780000, 0x0000000125450000, 0x0000000125450000)
 concurrent-mark-sweep perm gen total 21248K, used 2871K [0x0000000125450000, 0x0000000126910000, 0x000000012a650000)
}
{Heap before GC invocations=157 (full 70):
 def new generation   total 76672K, used 62263K [0x0000000105450000, 0x000000010a780000, 0x000000010a780000)
  eden space 68160K,  91% used [0x0000000105450000, 0x000000010911dda8, 0x00000001096e0000)
  from space 8512K,   0% used [0x00000001096e0000, 0x00000001096e0100, 0x0000000109f30000)
  to   space 8512K,   0% used [0x0000000109f30000, 0x0000000109f30000, 0x000000010a780000)
 concurrent mark-sweep generation total 439104K, used 335998K [0x000000010a780000, 0x0000000125450000, 0x0000000125450000)
 concurrent-mark-sweep perm gen total 21248K, used 2871K [0x0000000125450000, 0x0000000126910000, 0x000000012a650000)
10.757: [GC 10.757: [DefNew
Desired survivor size 4358144 bytes, new threshold 6 (max 6)
- age   1:        112 bytes,        112 total
- age   5:         80 bytes,        192 total
: 62263K->0K(76672K), 0.0283720 secs] 398261K->398257K(515776K), 0.0284380 secs] [Times: user=0.03 sys=0.00, real=0.03 secs] 
Heap after GC invocations=158 (full 70):
 def new generation   total 76672K, used 0K [0x0000000105450000, 0x000000010a780000, 0x000000010a780000)
  eden space 68160K,   0% used [0x0000000105450000, 0x0000000105450000, 0x00000001096e0000)
  from space 8512K,   0% used [0x0000000109f30000, 0x0000000109f300c0, 0x000000010a780000)
  to   space 8512K,   0% used [0x00000001096e0000, 0x00000001096e0000, 0x0000000109f30000)
 concurrent mark-sweep generation total 439104K, used 398257K [0x000000010a780000, 0x0000000125450000, 0x0000000125450000)
 concurrent-mark-sweep perm gen total 21248K, used 2871K [0x0000000125450000, 0x0000000126910000, 0x000000012a650000)
}
{Heap before GC invocations=158 (full 70):
 def new generation   total 76672K, used 57323K [0x0000000105450000, 0x000000010a780000, 0x000000010a780000)
  eden space 68160K,  84% used [0x0000000105450000, 0x0000000108c4ae90, 0x00000001096e0000)
  from space 8512K,   0% used [0x0000000109f30000, 0x0000000109f300c0, 0x000000010a780000)
  to   space 8512K,   0% used [0x00000001096e0000, 0x00000001096e0000, 0x0000000109f30000)
 concurrent mark-sweep generation total 439104K, used 398257K [0x000000010a780000, 0x0000000125450000, 0x0000000125450000)
 concurrent-mark-sweep perm gen total 21248K, used 2871K [0x0000000125450000, 0x0000000126910000, 0x000000012a650000)
10.816: [GC 10.816: [DefNew: 57323K->57323K(76672K), 0.0000220 secs]10.816: [CMS10.816: [CMS-concurrent-abortable-preclean: 0.003/0.183 secs] [Times: user=0.22 sys=0.00, real=0.18 secs] 
 (concurrent mode failure): 398257K->114935K(439104K), 0.0530700 secs] 455581K->114935K(515776K), [CMS Perm : 2871K->2871K(21248K)], 0.0531790 secs] [Times: user=0.05 sys=0.00, real=0.05 secs] 
Heap after GC invocations=159 (full 71):
 def new generation   total 76672K, used 0K [0x0000000105450000, 0x000000010a780000, 0x000000010a780000)
  eden space 68160K,   0% used [0x0000000105450000, 0x0000000105450000, 0x00000001096e0000)
  from space 8512K,   0% used [0x0000000109f30000, 0x0000000109f30000, 0x000000010a780000)
  to   space 8512K,   0% used [0x00000001096e0000, 0x00000001096e0000, 0x0000000109f30000)
 concurrent mark-sweep generation total 439104K, used 114935K [0x000000010a780000, 0x0000000125450000, 0x0000000125450000)
 concurrent-mark-sweep perm gen total 21248K, used 2871K [0x0000000125450000, 0x0000000126910000, 0x000000012a650000)
}
{Heap before GC invocations=159 (full 71):
 def new generation   total 76672K, used 54632K [0x0000000105450000, 0x000000010a780000, 0x000000010a780000)
  eden space 68160K,  80% used [0x0000000105450000, 0x00000001089aa2e0, 0x00000001096e0000)
  from space 8512K,   0% used [0x0000000109f30000, 0x0000000109f30000, 0x000000010a780000)
  to   space 8512K,   0% used [0x00000001096e0000, 0x00000001096e0000, 0x0000000109f30000)
 concurrent mark-sweep generation total 439104K, used 114935K [0x000000010a780000, 0x0000000125450000, 0x0000000125450000)
 concurrent-mark-sweep perm gen total 21248K, used 2871K [0x0000000125450000, 0x0000000126910000, 0x000000012a650000)
10.898: [GC 10.898: [DefNew
Desired survivor size 4358144 bytes, new threshold 6 (max 6)
- age   1:        176 bytes,        176 total
: 54632K->0K(76672K), 0.0251740 secs] 169567K->169566K(515776K), 0.0252380 secs] [Times: user=0.03 sys=0.00, real=0.03 secs] 
Heap after GC invocations=160 (full 71):
 def new generation   total 76672K, used 0K [0x0000000105450000, 0x000000010a780000, 0x000000010a780000)
  eden space 68160K,   0% used [0x0000000105450000, 0x0000000105450000, 0x00000001096e0000)
  from space 8512K,   0% used [0x00000001096e0000, 0x00000001096e00b0, 0x0000000109f30000)
  to   space 8512K,   0% used [0x0000000109f30000, 0x0000000109f30000, 0x000000010a780000)
 concurrent mark-sweep generation total 439104K, used 169565K [0x000000010a780000, 0x0000000125450000, 0x0000000125450000)
 concurrent-mark-sweep perm gen total 21248K, used 2871K [0x0000000125450000, 0x0000000126910000, 0x000000012a650000)
}
{Heap before GC invocations=160 (full 71):
 def new generation   total 76672K, used 45879K [0x0000000105450000, 0x000000010a780000, 0x000000010a780000)
  eden space 68160K,  67% used [0x0000000105450000, 0x000000010811dc40, 0x00000001096e0000)
  from space 8512K,   0% used [0x00000001096e0000, 0x00000001096e00b0, 0x0000000109f30000)
  to   space 8512K,   0% used [0x0000000109f30000, 0x0000000109f30000, 0x000000010a780000)
 concurrent mark-sweep generation total 439104K, used 169565K [0x000000010a780000, 0x0000000125450000, 0x0000000125450000)
 concurrent-mark-sweep perm gen total 21248K, used 2871K [0x0000000125450000, 0x0000000126910000, 0x000000012a650000)
10.950: [GC 10.950: [DefNew
Desired survivor size 4358144 bytes, new threshold 6 (max 6)
- age   1:         96 bytes,         96 total
- age   2:         80 bytes,        176 total
: 45879K->0K(76672K), 0.0209710 secs] 215445K->215443K(515776K), 0.0210310 secs] [Times: user=0.02 sys=0.00, real=0.02 secs] 
Heap after GC invocations=161 (full 71):
 def new generation   total 76672K, used 0K [0x0000000105450000, 0x000000010a780000, 0x000000010a780000)
  eden space 68160K,   0% used [0x0000000105450000, 0x0000000105450000, 0x00000001096e0000)
  from space 8512K,   0% used [0x0000000109f30000, 0x0000000109f300b0, 0x000000010a780000)
  to   space 8512K,   0% used [0x00000001096e0000, 0x00000001096e0000, 0x0000000109f30000)
 concurrent mark-sweep generation total 439104K, used 215442K [0x000000010a780000, 0x0000000125450000, 0x0000000125450000)
 concurrent-mark-sweep perm gen total 21248K, used 2871K [0x0000000125450000, 0x0000000126910000, 0x000000012a650000)
}
10.989: [GC [1 CMS-initial-mark: 215442K(439104K)] 252340K(515776K), 0.0001920 secs] [Times: user=0.00 sys=0.00, real=0.00 secs] 
10.989: [CMS-concurrent-mark-start]
10.999: [CMS-concurrent-mark: 0.010/0.010 secs] [Times: user=0.02 sys=0.00, real=0.02 secs] 
{Heap before GC invocations=161 (full 72):
 def new generation   total 76672K, used 52850K [0x0000000105450000, 0x000000010a780000, 0x000000010a780000)
  eden space 68160K,  77% used [0x0000000105450000, 0x00000001087ec7e8, 0x00000001096e0000)
  from space 8512K,   0% used [0x0000000109f30000, 0x0000000109f300b0, 0x000000010a780000)
  to   space 8512K,   0% used [0x00000001096e0000, 0x00000001096e0000, 0x0000000109f30000)
 concurrent mark-sweep generation total 439104K, used 215442K [0x000000010a780000, 0x0000000125450000, 0x0000000125450000)
 concurrent-mark-sweep perm gen total 21248K, used 2871K [0x0000000125450000, 0x0000000126910000, 0x000000012a650000)
11.000: [GC 11.000: [DefNew
Desired survivor size 4358144 bytes, new threshold 6 (max 6)
- age   1:        136 bytes,        136 total
- age   3:         80 bytes,        216 total
: 52850K->0K(76672K), 0.0237090 secs] 268292K->268290K(515776K), 0.0237700 secs] [Times: user=0.03 sys=0.00, real=0.02 secs] 
Heap after GC invocations=162 (full 72):
 def new generation   total 76672K, used 0K [0x0000000105450000, 0x000000010a780000, 0x000000010a780000)
  eden space 68160K,   0% used [0x0000000105450000, 0x0000000105450000, 0x00000001096e0000)
  from space 8512K,   0% used [0x00000001096e0000, 0x00000001096e00d8, 0x0000000109f30000)
  to   space 8512K,   0% used [0x0000000109f30000, 0x0000000109f30000, 0x000000010a780000)
 concurrent mark-sweep generation total 439104K, used 268290K [0x000000010a780000, 0x0000000125450000, 0x0000000125450000)
 concurrent-mark-sweep perm gen total 21248K, used 2871K [0x0000000125450000, 0x0000000126910000, 0x000000012a650000)
}
11.023: [CMS-concurrent-preclean-start]
11.024: [CMS-concurrent-preclean: 0.001/0.001 secs] [Times: user=0.00 sys=0.00, real=0.00 secs] 
11.024: [CMS-concurrent-abortable-preclean-start]
{Heap before GC invocations=162 (full 72):
 def new generation   total 76672K, used 62544K [0x0000000105450000, 0x000000010a780000, 0x000000010a780000)
  eden space 68160K,  91% used [0x0000000105450000, 0x0000000109164268, 0x00000001096e0000)
  from space 8512K,   0% used [0x00000001096e0000, 0x00000001096e00d8, 0x0000000109f30000)
  to   space 8512K,   0% used [0x0000000109f30000, 0x0000000109f30000, 0x000000010a780000)
 concurrent mark-sweep generation total 439104K, used 268290K [0x000000010a780000, 0x0000000125450000, 0x0000000125450000)
 concurrent-mark-sweep perm gen total 21248K, used 2871K [0x0000000125450000, 0x0000000126910000, 0x000000012a650000)
11.060: [GC 11.060: [DefNew
Desired survivor size 4358144 bytes, new threshold 6 (max 6)
- age   1:        176 bytes,        176 total
- age   4:         80 bytes,        256 total
: 62544K->0K(76672K), 0.0277810 secs] 330835K->330831K(515776K), 0.0278410 secs] [Times: user=0.03 sys=0.00, real=0.02 secs] 
Heap after GC invocations=163 (full 72):
 def new generation   total 76672K, used 0K [0x0000000105450000, 0x000000010a780000, 0x000000010a780000)
  eden space 68160K,   0% used [0x0000000105450000, 0x0000000105450000, 0x00000001096e0000)
  from space 8512K,   0% used [0x0000000109f30000, 0x0000000109f30100, 0x000000010a780000)
  to   space 8512K,   0% used [0x00000001096e0000, 0x00000001096e0000, 0x0000000109f30000)
 concurrent mark-sweep generation total 439104K, used 330831K [0x000000010a780000, 0x0000000125450000, 0x0000000125450000)
 concurrent-mark-sweep perm gen total 21248K, used 2871K [0x0000000125450000, 0x0000000126910000, 0x000000012a650000)
}
{Heap before GC invocations=163 (full 72):
 def new generation   total 76672K, used 62418K [0x0000000105450000, 0x000000010a780000, 0x000000010a780000)
  eden space 68160K,  91% used [0x0000000105450000, 0x0000000109144a38, 0x00000001096e0000)
  from space 8512K,   0% used [0x0000000109f30000, 0x0000000109f30100, 0x000000010a780000)
  to   space 8512K,   0% used [0x00000001096e0000, 0x00000001096e0000, 0x0000000109f30000)
 concurrent mark-sweep generation total 439104K, used 330831K [0x000000010a780000, 0x0000000125450000, 0x0000000125450000)
 concurrent-mark-sweep perm gen total 21248K, used 2871K [0x0000000125450000, 0x0000000126910000, 0x000000012a650000)
11.121: [GC 11.121: [DefNew
Desired survivor size 4358144 bytes, new threshold 6 (max 6)
- age   1:        112 bytes,        112 total
- age   5:         80 bytes,        192 total
: 62418K->0K(76672K), 0.0284960 secs] 393250K->393247K(515776K), 0.0285670 secs] [Times: user=0.03 sys=0.00, real=0.03 secs] 
Heap after GC invocations=164 (full 72):
 def new generation   total 76672K, used 0K [0x0000000105450000, 0x000000010a780000, 0x000000010a780000)
  eden space 68160K,   0% used [0x0000000105450000, 0x0000000105450000, 0x00000001096e0000)
  from space 8512K,   0% used [0x00000001096e0000, 0x00000001096e00c0, 0x0000000109f30000)
  to   space 8512K,   0% used [0x0000000109f30000, 0x0000000109f30000, 0x000000010a780000)
 concurrent mark-sweep generation total 439104K, used 393247K [0x000000010a780000, 0x0000000125450000, 0x0000000125450000)
 concurrent-mark-sweep perm gen total 21248K, used 2871K [0x0000000125450000, 0x0000000126910000, 0x000000012a650000)
}
{Heap before GC invocations=164 (full 72):
 def new generation   total 76672K, used 57067K [0x0000000105450000, 0x000000010a780000, 0x000000010a780000)
  eden space 68160K,  83% used [0x0000000105450000, 0x0000000108c0ad78, 0x00000001096e0000)
  from space 8512K,   0% used [0x00000001096e0000, 0x00000001096e00c0, 0x0000000109f30000)
  to   space 8512K,   0% used [0x0000000109f30000, 0x0000000109f30000, 0x000000010a780000)
 concurrent mark-sweep generation total 439104K, used 393247K [0x000000010a780000, 0x0000000125450000, 0x0000000125450000)
 concurrent-mark-sweep perm gen total 21248K, used 2871K [0x0000000125450000, 0x0000000126910000, 0x000000012a650000)
11.181: [GC 11.181: [DefNew: 57067K->57067K(76672K), 0.0000220 secs]11.181: [CMS11.181: [CMS-concurrent-abortable-preclean: 0.003/0.156 secs] [Times: user=0.19 sys=0.00, real=0.16 secs] 
 (concurrent mode failure): 393247K->114737K(439104K), 0.0517780 secs] 450315K->114737K(515776K), [CMS Perm : 2871K->2871K(21248K)], 0.0518830 secs] [Times: user=0.06 sys=0.00, real=0.05 secs] 
Heap after GC invocations=165 (full 73):
 def new generation   total 76672K, used 0K [0x0000000105450000, 0x000000010a780000, 0x000000010a780000)
  eden space 68160K,   0% used [0x0000000105450000, 0x0000000105450000, 0x00000001096e0000)
  from space 8512K,   0% used [0x00000001096e0000, 0x00000001096e0000, 0x0000000109f30000)
  to   space 8512K,   0% used [0x0000000109f30000, 0x0000000109f30000, 0x000000010a780000)
 concurrent mark-sweep generation total 439104K, used 114737K [0x000000010a780000, 0x0000000125450000, 0x0000000125450000)
 concurrent-mark-sweep perm gen total 21248K, used 2871K [0x0000000125450000, 0x0000000126910000, 0x000000012a650000)
}
{Heap before GC invocations=165 (full 73):
 def new generation   total 76672K, used 66972K [0x0000000105450000, 0x000000010a780000, 0x000000010a780000)
  eden space 68160K,  98% used [0x0000000105450000, 0x00000001095b7338, 0x00000001096e0000)
  from space 8512K,   0% used [0x00000001096e0000, 0x00000001096e0000, 0x0000000109f30000)
  to   space 8512K,   0% used [0x0000000109f30000, 0x0000000109f30000, 0x000000010a780000)
 concurrent mark-sweep generation total 439104K, used 114737K [0x000000010a780000, 0x0000000125450000, 0x0000000125450000)
 concurrent-mark-sweep perm gen total 21248K, used 2871K [0x0000000125450000, 0x0000000126910000, 0x000000012a650000)
11.270: [GC 11.270: [DefNew
Desired survivor size 4358144 bytes, new threshold 6 (max 6)
- age   1:        176 bytes,        176 total
: 66972K->0K(76672K), 0.0294470 secs] 181710K->181708K(515776K), 0.0295400 secs] [Times: user=0.03 sys=0.00, real=0.03 secs] 
Heap after GC invocations=166 (full 73):
 def new generation   total 76672K, used 0K [0x0000000105450000, 0x000000010a780000, 0x000000010a780000)
  eden space 68160K,   0% used [0x0000000105450000, 0x0000000105450000, 0x00000001096e0000)
  from space 8512K,   0% used [0x0000000109f30000, 0x0000000109f300b0, 0x000000010a780000)
  to   space 8512K,   0% used [0x00000001096e0000, 0x00000001096e0000, 0x0000000109f30000)
 concurrent mark-sweep generation total 439104K, used 181708K [0x000000010a780000, 0x0000000125450000, 0x0000000125450000)
 concurrent-mark-sweep perm gen total 21248K, used 2871K [0x0000000125450000, 0x0000000126910000, 0x000000012a650000)
}
11.312: [GC [1 CMS-initial-mark: 181708K(439104K)] 209574K(515776K), 0.0001810 secs] [Times: user=0.00 sys=0.00, real=0.00 secs] 
11.312: [CMS-concurrent-mark-start]
11.320: [CMS-concurrent-mark: 0.008/0.008 secs] [Times: user=0.01 sys=0.00, real=0.01 secs] 
11.320: [CMS-concurrent-preclean-start]
11.321: [CMS-concurrent-preclean: 0.001/0.001 secs] [Times: user=0.00 sys=0.00, real=0.00 secs] 
11.321: [CMS-concurrent-abortable-preclean-start]
{Heap before GC invocations=166 (full 74):
 def new generation   total 76672K, used 68025K [0x0000000105450000, 0x000000010a780000, 0x000000010a780000)
  eden space 68160K,  99% used [0x0000000105450000, 0x00000001096be458, 0x00000001096e0000)
  from space 8512K,   0% used [0x0000000109f30000, 0x0000000109f300b0, 0x000000010a780000)
  to   space 8512K,   0% used [0x00000001096e0000, 0x00000001096e0000, 0x0000000109f30000)
 concurrent mark-sweep generation total 439104K, used 181708K [0x000000010a780000, 0x0000000125450000, 0x0000000125450000)
 concurrent-mark-sweep perm gen total 21248K, used 2871K [0x0000000125450000, 0x0000000126910000, 0x000000012a650000)
11.340: [GC 11.340: [DefNew
Desired survivor size 4358144 bytes, new threshold 6 (max 6)
- age   1:        176 bytes,        176 total
- age   2:         40 bytes,        216 total
: 68025K->0K(76672K), 0.0295660 secs] 249734K->249729K(515776K), 0.0296290 secs] [Times: user=0.03 sys=0.00, real=0.03 secs] 
Heap after GC invocations=167 (full 74):
 def new generation   total 76672K, used 0K [0x0000000105450000, 0x000000010a780000, 0x000000010a780000)
  eden space 68160K,   0% used [0x0000000105450000, 0x0000000105450000, 0x00000001096e0000)
  from space 8512K,   0% used [0x00000001096e0000, 0x00000001096e00d8, 0x0000000109f30000)
  to   space 8512K,   0% used [0x0000000109f30000, 0x0000000109f30000, 0x000000010a780000)
 concurrent mark-sweep generation total 439104K, used 249729K [0x000000010a780000, 0x0000000125450000, 0x0000000125450000)
 concurrent-mark-sweep perm gen total 21248K, used 2871K [0x0000000125450000, 0x0000000126910000, 0x000000012a650000)
}
{Heap before GC invocations=167 (full 74):
 def new generation   total 76672K, used 64077K [0x0000000105450000, 0x000000010a780000, 0x000000010a780000)
  eden space 68160K,  94% used [0x0000000105450000, 0x00000001092e3400, 0x00000001096e0000)
  from space 8512K,   0% used [0x00000001096e0000, 0x00000001096e00d8, 0x0000000109f30000)
  to   space 8512K,   0% used [0x0000000109f30000, 0x0000000109f30000, 0x000000010a780000)
 concurrent mark-sweep generation total 439104K, used 249729K [0x000000010a780000, 0x0000000125450000, 0x0000000125450000)
 concurrent-mark-sweep perm gen total 21248K, used 2871K [0x0000000125450000, 0x0000000126910000, 0x000000012a650000)
11.402: [GC 11.402: [DefNew
Desired survivor size 4358144 bytes, new threshold 6 (max 6)
- age   1:        112 bytes,        112 total
- age   3:         40 bytes,        152 total
: 64077K->0K(76672K), 0.0292030 secs] 313806K->313804K(515776K), 0.0292690 secs] [Times: user=0.03 sys=0.00, real=0.03 secs] 
Heap after GC invocations=168 (full 74):
 def new generation   total 76672K, used 0K [0x0000000105450000, 0x000000010a780000, 0x000000010a780000)
  eden space 68160K,   0% used [0x0000000105450000, 0x0000000105450000, 0x00000001096e0000)
  from space 8512K,   0% used [0x0000000109f30000, 0x0000000109f30098, 0x000000010a780000)
  to   space 8512K,   0% used [0x00000001096e0000, 0x00000001096e0000, 0x0000000109f30000)
 concurrent mark-sweep generation total 439104K, used 313804K [0x000000010a780000, 0x0000000125450000, 0x0000000125450000)
 concurrent-mark-sweep perm gen total 21248K, used 2871K [0x0000000125450000, 0x0000000126910000, 0x000000012a650000)
}
11.432: [CMS-concurrent-abortable-preclean: 0.002/0.111 secs] [Times: user=0.14 sys=0.01, real=0.11 secs] 
11.438: [GC[YG occupancy: 14893 K (76672 K)]11.438: [Rescan (non-parallel) 11.438: [grey object rescan, 0.0010560 secs]11.439: [root rescan, 0.0001220 secs], 0.0012010 secs]11.439: [weak refs processing, 0.0000070 secs]11.439: [scrub string table, 0.0000210 secs] [1 CMS-remark: 313804K(439104K)] 328698K(515776K), 0.0012970 secs] [Times: user=0.00 sys=0.00, real=0.00 secs] 
11.439: [CMS-concurrent-sweep-start]
11.440: [CMS-concurrent-sweep: 0.001/0.001 secs] [Times: user=0.01 sys=0.00, real=0.00 secs] 
11.440: [CMS-concurrent-reset-start]
11.443: [CMS-concurrent-reset: 0.003/0.003 secs] [Times: user=0.00 sys=0.00, real=0.00 secs] 
{Heap before GC invocations=168 (full 74):
 def new generation   total 76672K, used 54587K [0x0000000105450000, 0x000000010a780000, 0x000000010a780000)
  eden space 68160K,  80% used [0x0000000105450000, 0x000000010899edd8, 0x00000001096e0000)
  from space 8512K,   0% used [0x0000000109f30000, 0x0000000109f30098, 0x000000010a780000)
  to   space 8512K,   0% used [0x00000001096e0000, 0x00000001096e0000, 0x0000000109f30000)
 concurrent mark-sweep generation total 439104K, used 185856K [0x000000010a780000, 0x0000000125450000, 0x0000000125450000)
 concurrent-mark-sweep perm gen total 21248K, used 2871K [0x0000000125450000, 0x0000000126910000, 0x000000012a650000)
11.461: [GC 11.461: [DefNew
Desired survivor size 4358144 bytes, new threshold 6 (max 6)
- age   1:        152 bytes,        152 total
- age   2:         40 bytes,        192 total
- age   4:         40 bytes,        232 total
: 54587K->0K(76672K), 0.0253350 secs] 240444K->240440K(515776K), 0.0254000 secs] [Times: user=0.03 sys=0.00, real=0.02 secs] 
Heap after GC invocations=169 (full 74):
 def new generation   total 76672K, used 0K [0x0000000105450000, 0x000000010a780000, 0x000000010a780000)
  eden space 68160K,   0% used [0x0000000105450000, 0x0000000105450000, 0x00000001096e0000)
  from space 8512K,   0% used [0x00000001096e0000, 0x00000001096e00e8, 0x0000000109f30000)
  to   space 8512K,   0% used [0x0000000109f30000, 0x0000000109f30000, 0x000000010a780000)
 concurrent mark-sweep generation total 439104K, used 240440K [0x000000010a780000, 0x0000000125450000, 0x0000000125450000)
 concurrent-mark-sweep perm gen total 21248K, used 2871K [0x0000000125450000, 0x0000000126910000, 0x000000012a650000)
}
11.496: [GC [1 CMS-initial-mark: 240440K(439104K)] 262034K(515776K), 0.0001860 secs] [Times: user=0.00 sys=0.00, real=0.00 secs] 
11.497: [CMS-concurrent-mark-start]
11.507: [CMS-concurrent-mark: 0.010/0.010 secs] [Times: user=0.02 sys=0.00, real=0.01 secs] 
11.507: [CMS-concurrent-preclean-start]
11.508: [CMS-concurrent-preclean: 0.001/0.001 secs] [Times: user=0.00 sys=0.00, real=0.00 secs] 
11.508: [CMS-concurrent-abortable-preclean-start]
{Heap before GC invocations=169 (full 75):
 def new generation   total 76672K, used 54333K [0x0000000105450000, 0x000000010a780000, 0x000000010a780000)
  eden space 68160K,  79% used [0x0000000105450000, 0x000000010895f650, 0x00000001096e0000)
  from space 8512K,   0% used [0x00000001096e0000, 0x00000001096e00e8, 0x0000000109f30000)
  to   space 8512K,   0% used [0x0000000109f30000, 0x0000000109f30000, 0x000000010a780000)
 concurrent mark-sweep generation total 439104K, used 240440K [0x000000010a780000, 0x0000000125450000, 0x0000000125450000)
 concurrent-mark-sweep perm gen total 21248K, used 2871K [0x0000000125450000, 0x0000000126910000, 0x000000012a650000)
11.516: [GC 11.516: [DefNew
Desired survivor size 4358144 bytes, new threshold 6 (max 6)
- age   1:        152 bytes,        152 total
- age   5:         40 bytes,        192 total
: 54333K->0K(76672K), 0.0250230 secs] 294773K->294769K(515776K), 0.0251100 secs] [Times: user=0.03 sys=0.00, real=0.03 secs] 
Heap after GC invocations=170 (full 75):
 def new generation   total 76672K, used 0K [0x0000000105450000, 0x000000010a780000, 0x000000010a780000)
  eden space 68160K,   0% used [0x0000000105450000, 0x0000000105450000, 0x00000001096e0000)
  from space 8512K,   0% used [0x0000000109f30000, 0x0000000109f300c0, 0x000000010a780000)
  to   space 8512K,   0% used [0x00000001096e0000, 0x00000001096e0000, 0x0000000109f30000)
 concurrent mark-sweep generation total 439104K, used 294769K [0x000000010a780000, 0x0000000125450000, 0x0000000125450000)
 concurrent-mark-sweep perm gen total 21248K, used 2871K [0x0000000125450000, 0x0000000126910000, 0x000000012a650000)
}
{Heap before GC invocations=170 (full 75):
 def new generation   total 76672K, used 58864K [0x0000000105450000, 0x000000010a780000, 0x000000010a780000)
  eden space 68160K,  86% used [0x0000000105450000, 0x0000000108dcbfd0, 0x00000001096e0000)
  from space 8512K,   0% used [0x0000000109f30000, 0x0000000109f300c0, 0x000000010a780000)
  to   space 8512K,   0% used [0x00000001096e0000, 0x00000001096e0000, 0x0000000109f30000)
 concurrent mark-sweep generation total 439104K, used 294769K [0x000000010a780000, 0x0000000125450000, 0x0000000125450000)
 concurrent-mark-sweep perm gen total 21248K, used 2871K [0x0000000125450000, 0x0000000126910000, 0x000000012a650000)
11.573: [GC 11.573: [DefNew
Desired survivor size 4358144 bytes, new threshold 6 (max 6)
- age   1:        176 bytes,        176 total
- age   6:         40 bytes,        216 total
: 58864K->0K(76672K), 0.0259440 secs] 353633K->353629K(515776K), 0.0260040 secs] [Times: user=0.02 sys=0.00, real=0.02 secs] 
Heap after GC invocations=171 (full 75):
 def new generation   total 76672K, used 0K [0x0000000105450000, 0x000000010a780000, 0x000000010a780000)
  eden space 68160K,   0% used [0x0000000105450000, 0x0000000105450000, 0x00000001096e0000)
  from space 8512K,   0% used [0x00000001096e0000, 0x00000001096e00d8, 0x0000000109f30000)
  to   space 8512K,   0% used [0x0000000109f30000, 0x0000000109f30000, 0x000000010a780000)
 concurrent mark-sweep generation total 439104K, used 353629K [0x000000010a780000, 0x0000000125450000, 0x0000000125450000)
 concurrent-mark-sweep perm gen total 21248K, used 2871K [0x0000000125450000, 0x0000000126910000, 0x000000012a650000)
}
{Heap before GC invocations=171 (full 75):
 def new generation   total 76672K, used 61539K [0x0000000105450000, 0x000000010a780000, 0x000000010a780000)
  eden space 68160K,  90% used [0x0000000105450000, 0x0000000109068db0, 0x00000001096e0000)
  from space 8512K,   0% used [0x00000001096e0000, 0x00000001096e00d8, 0x0000000109f30000)
  to   space 8512K,   0% used [0x0000000109f30000, 0x0000000109f30000, 0x000000010a780000)
 concurrent mark-sweep generation total 439104K, used 353629K [0x000000010a780000, 0x0000000125450000, 0x0000000125450000)
 concurrent-mark-sweep perm gen total 21248K, used 2871K [0x0000000125450000, 0x0000000126910000, 0x000000012a650000)
11.632: [GC 11.632: [DefNew
Desired survivor size 4358144 bytes, new threshold 6 (max 6)
- age   1:        112 bytes,        112 total
: 61539K->0K(76672K), 0.0281290 secs] 415169K->415166K(515776K), 0.0281970 secs] [Times: user=0.03 sys=0.00, real=0.03 secs] 
Heap after GC invocations=172 (full 75):
 def new generation   total 76672K, used 0K [0x0000000105450000, 0x000000010a780000, 0x000000010a780000)
  eden space 68160K,   0% used [0x0000000105450000, 0x0000000105450000, 0x00000001096e0000)
  from space 8512K,   0% used [0x0000000109f30000, 0x0000000109f30070, 0x000000010a780000)
  to   space 8512K,   0% used [0x00000001096e0000, 0x00000001096e0000, 0x0000000109f30000)
 concurrent mark-sweep generation total 439104K, used 415166K [0x000000010a780000, 0x0000000125450000, 0x0000000125450000)
 concurrent-mark-sweep perm gen total 21248K, used 2871K [0x0000000125450000, 0x0000000126910000, 0x000000012a650000)
}
11.660: [CMS-concurrent-abortable-preclean: 0.003/0.152 secs] [Times: user=0.18 sys=0.00, real=0.16 secs] 
11.669: [GC[YG occupancy: 19652 K (76672 K)]11.669: [Rescan (non-parallel) 11.669: [grey object rescan, 0.0010940 secs]11.670: [root rescan, 0.0001200 secs], 0.0012380 secs]11.670: [weak refs processing, 0.0000060 secs]11.670: [scrub string table, 0.0000210 secs] [1 CMS-remark: 415166K(439104K)] 434818K(515776K), 0.0013350 secs] [Times: user=0.00 sys=0.00, real=0.01 secs] 
11.671: [CMS-concurrent-sweep-start]
11.671: [CMS-concurrent-sweep: 0.001/0.001 secs] [Times: user=0.00 sys=0.00, real=0.00 secs] 
11.671: [CMS-concurrent-reset-start]
11.674: [CMS-concurrent-reset: 0.003/0.003 secs] [Times: user=0.01 sys=0.00, real=0.00 secs] 
{Heap before GC invocations=172 (full 75):
 def new generation   total 76672K, used 61939K [0x0000000105450000, 0x000000010a780000, 0x000000010a780000)
  eden space 68160K,  90% used [0x0000000105450000, 0x00000001090cccd0, 0x00000001096e0000)
  from space 8512K,   0% used [0x0000000109f30000, 0x0000000109f30070, 0x000000010a780000)
  to   space 8512K,   0% used [0x00000001096e0000, 0x00000001096e0000, 0x0000000109f30000)
 concurrent mark-sweep generation total 439104K, used 246401K [0x000000010a780000, 0x0000000125450000, 0x0000000125450000)
 concurrent-mark-sweep perm gen total 21248K, used 2871K [0x0000000125450000, 0x0000000126910000, 0x000000012a650000)
11.695: [GC 11.695: [DefNew
Desired survivor size 4358144 bytes, new threshold 6 (max 6)
- age   1:        192 bytes,        192 total
: 61939K->0K(76672K), 0.0281710 secs] 308341K->308337K(515776K), 0.0282370 secs] [Times: user=0.03 sys=0.00, real=0.03 secs] 
Heap after GC invocations=173 (full 75):
 def new generation   total 76672K, used 0K [0x0000000105450000, 0x000000010a780000, 0x000000010a780000)
  eden space 68160K,   0% used [0x0000000105450000, 0x0000000105450000, 0x00000001096e0000)
  from space 8512K,   0% used [0x00000001096e0000, 0x00000001096e00c0, 0x0000000109f30000)
  to   space 8512K,   0% used [0x0000000109f30000, 0x0000000109f30000, 0x000000010a780000)
 concurrent mark-sweep generation total 439104K, used 308336K [0x000000010a780000, 0x0000000125450000, 0x0000000125450000)
 concurrent-mark-sweep perm gen total 21248K, used 2871K [0x0000000125450000, 0x0000000126910000, 0x000000012a650000)
}
11.732: [GC [1 CMS-initial-mark: 308336K(439104K)] 327987K(515776K), 0.0002000 secs] [Times: user=0.00 sys=0.00, real=0.00 secs] 
11.733: [CMS-concurrent-mark-start]
11.743: [CMS-concurrent-mark: 0.011/0.011 secs] [Times: user=0.02 sys=0.00, real=0.01 secs] 
11.743: [CMS-concurrent-preclean-start]
11.744: [CMS-concurrent-preclean: 0.001/0.001 secs] [Times: user=0.00 sys=0.00, real=0.00 secs] 
11.744: [CMS-concurrent-abortable-preclean-start]
{Heap before GC invocations=173 (full 76):
 def new generation   total 76672K, used 62119K [0x0000000105450000, 0x000000010a780000, 0x000000010a780000)
  eden space 68160K,  91% used [0x0000000105450000, 0x00000001090f9e60, 0x00000001096e0000)
  from space 8512K,   0% used [0x00000001096e0000, 0x00000001096e00c0, 0x0000000109f30000)
  to   space 8512K,   0% used [0x0000000109f30000, 0x0000000109f30000, 0x000000010a780000)
 concurrent mark-sweep generation total 439104K, used 308336K [0x000000010a780000, 0x0000000125450000, 0x0000000125450000)
 concurrent-mark-sweep perm gen total 21248K, used 2871K [0x0000000125450000, 0x0000000126910000, 0x000000012a650000)
11.756: [GC 11.756: [DefNew
Desired survivor size 4358144 bytes, new threshold 6 (max 6)
- age   1:        152 bytes,        152 total
: 62119K->0K(76672K), 0.0282300 secs] 370456K->370452K(515776K), 0.0283000 secs] [Times: user=0.03 sys=0.00, real=0.03 secs] 
Heap after GC invocations=174 (full 76):
 def new generation   total 76672K, used 0K [0x0000000105450000, 0x000000010a780000, 0x000000010a780000)
  eden space 68160K,   0% used [0x0000000105450000, 0x0000000105450000, 0x00000001096e0000)
  from space 8512K,   0% used [0x0000000109f30000, 0x0000000109f30098, 0x000000010a780000)
  to   space 8512K,   0% used [0x00000001096e0000, 0x00000001096e0000, 0x0000000109f30000)
 concurrent mark-sweep generation total 439104K, used 370452K [0x000000010a780000, 0x0000000125450000, 0x0000000125450000)
 concurrent-mark-sweep perm gen total 21248K, used 2871K [0x0000000125450000, 0x0000000126910000, 0x000000012a650000)
}
{Heap before GC invocations=174 (full 76):
 def new generation   total 76672K, used 59002K [0x0000000105450000, 0x000000010a780000, 0x000000010a780000)
  eden space 68160K,  86% used [0x0000000105450000, 0x0000000108deea90, 0x00000001096e0000)
  from space 8512K,   0% used [0x0000000109f30000, 0x0000000109f30098, 0x000000010a780000)
  to   space 8512K,   0% used [0x00000001096e0000, 0x00000001096e0000, 0x0000000109f30000)
 concurrent mark-sweep generation total 439104K, used 370452K [0x000000010a780000, 0x0000000125450000, 0x0000000125450000)
 concurrent-mark-sweep perm gen total 21248K, used 2871K [0x0000000125450000, 0x0000000126910000, 0x000000012a650000)
11.820: [GC 11.820: [DefNew (promotion failed) : 59002K->59002K(76672K), 0.0179640 secs]11.838: [CMS11.838: [CMS-concurrent-abortable-preclean: 0.002/0.094 secs] [Times: user=0.11 sys=0.00, real=0.09 secs] 
 (concurrent mode failure): 407304K->98663K(439104K), 0.0453520 secs] 429455K->98663K(515776K), [CMS Perm : 2871K->2871K(21248K)], 0.0634230 secs] [Times: user=0.06 sys=0.00, real=0.06 secs] 
Heap after GC invocations=175 (full 77):
 def new generation   total 76672K, used 0K [0x0000000105450000, 0x000000010a780000, 0x000000010a780000)
  eden space 68160K,   0% used [0x0000000105450000, 0x0000000105450000, 0x00000001096e0000)
  from space 8512K,   0% used [0x00000001096e0000, 0x00000001096e0000, 0x0000000109f30000)
  to   space 8512K,   0% used [0x0000000109f30000, 0x0000000109f30000, 0x000000010a780000)
 concurrent mark-sweep generation total 439104K, used 98663K [0x000000010a780000, 0x0000000125450000, 0x0000000125450000)
 concurrent-mark-sweep perm gen total 21248K, used 2871K [0x0000000125450000, 0x0000000126910000, 0x000000012a650000)
}
{Heap before GC invocations=175 (full 77):
 def new generation   total 76672K, used 68009K [0x0000000105450000, 0x000000010a780000, 0x000000010a780000)
  eden space 68160K,  99% used [0x0000000105450000, 0x00000001096ba748, 0x00000001096e0000)
  from space 8512K,   0% used [0x00000001096e0000, 0x00000001096e0000, 0x0000000109f30000)
  to   space 8512K,   0% used [0x0000000109f30000, 0x0000000109f30000, 0x000000010a780000)
 concurrent mark-sweep generation total 439104K, used 98663K [0x000000010a780000, 0x0000000125450000, 0x0000000125450000)
 concurrent-mark-sweep perm gen total 21248K, used 2871K [0x0000000125450000, 0x0000000126910000, 0x000000012a650000)
11.921: [GC 11.921: [DefNew
Desired survivor size 4358144 bytes, new threshold 6 (max 6)
- age   1:        152 bytes,        152 total
: 68009K->0K(76672K), 0.0304890 secs] 166673K->166671K(515776K), 0.0305530 secs] [Times: user=0.03 sys=0.00, real=0.03 secs] 
Heap after GC invocations=176 (full 77):
 def new generation   total 76672K, used 0K [0x0000000105450000, 0x000000010a780000, 0x000000010a780000)
  eden space 68160K,   0% used [0x0000000105450000, 0x0000000105450000, 0x00000001096e0000)
  from space 8512K,   0% used [0x0000000109f30000, 0x0000000109f30098, 0x000000010a780000)
  to   space 8512K,   0% used [0x00000001096e0000, 0x00000001096e0000, 0x0000000109f30000)
 concurrent mark-sweep generation total 439104K, used 166671K [0x000000010a780000, 0x0000000125450000, 0x0000000125450000)
 concurrent-mark-sweep perm gen total 21248K, used 2871K [0x0000000125450000, 0x0000000126910000, 0x000000012a650000)
}
11.956: [GC [1 CMS-initial-mark: 166671K(439104K)] 179177K(515776K), 0.0001860 secs] [Times: user=0.00 sys=0.00, real=0.00 secs] 
11.956: [CMS-concurrent-mark-start]
11.967: [CMS-concurrent-mark: 0.011/0.011 secs] [Times: user=0.02 sys=0.00, real=0.01 secs] 
11.967: [CMS-concurrent-preclean-start]
11.968: [CMS-concurrent-preclean: 0.001/0.001 secs] [Times: user=0.00 sys=0.00, real=0.00 secs] 
11.968: [CMS-concurrent-abortable-preclean-start]
{Heap before GC invocations=176 (full 78):
 def new generation   total 76672K, used 65779K [0x0000000105450000, 0x000000010a780000, 0x000000010a780000)
  eden space 68160K,  96% used [0x0000000105450000, 0x000000010948cf18, 0x00000001096e0000)
  from space 8512K,   0% used [0x0000000109f30000, 0x0000000109f30098, 0x000000010a780000)
  to   space 8512K,   0% used [0x00000001096e0000, 0x00000001096e0000, 0x0000000109f30000)
 concurrent mark-sweep generation total 439104K, used 166671K [0x000000010a780000, 0x0000000125450000, 0x0000000125450000)
 concurrent-mark-sweep perm gen total 21248K, used 2871K [0x0000000125450000, 0x0000000126910000, 0x000000012a650000)
11.987: [GC 11.987: [DefNew
Desired survivor size 4358144 bytes, new threshold 6 (max 6)
- age   1:        192 bytes,        192 total
- age   2:         40 bytes,        232 total
: 65779K->0K(76672K), 0.0295670 secs] 232451K->232447K(515776K), 0.0296380 secs] [Times: user=0.03 sys=0.00, real=0.03 secs] 
Heap after GC invocations=177 (full 78):
 def new generation   total 76672K, used 0K [0x0000000105450000, 0x000000010a780000, 0x000000010a780000)
  eden space 68160K,   0% used [0x0000000105450000, 0x0000000105450000, 0x00000001096e0000)
  from space 8512K,   0% used [0x00000001096e0000, 0x00000001096e00e8, 0x0000000109f30000)
  to   space 8512K,   0% used [0x0000000109f30000, 0x0000000109f30000, 0x000000010a780000)
 concurrent mark-sweep generation total 439104K, used 232447K [0x000000010a780000, 0x0000000125450000, 0x0000000125450000)
 concurrent-mark-sweep perm gen total 21248K, used 2871K [0x0000000125450000, 0x0000000126910000, 0x000000012a650000)
}
{Heap before GC invocations=177 (full 78):
 def new generation   total 76672K, used 50437K [0x0000000105450000, 0x000000010a780000, 0x000000010a780000)
  eden space 68160K,  73% used [0x0000000105450000, 0x0000000108591670, 0x00000001096e0000)
  from space 8512K,   0% used [0x00000001096e0000, 0x00000001096e00e8, 0x0000000109f30000)
  to   space 8512K,   0% used [0x0000000109f30000, 0x0000000109f30000, 0x000000010a780000)
 concurrent mark-sweep generation total 439104K, used 232447K [0x000000010a780000, 0x0000000125450000, 0x0000000125450000)
 concurrent-mark-sweep perm gen total 21248K, used 2871K [0x0000000125450000, 0x0000000126910000, 0x000000012a650000)
12.042: [GC 12.042: [DefNew
Desired survivor size 4358144 bytes, new threshold 6 (max 6)
- age   1:        152 bytes,        152 total
- age   3:         40 bytes,        192 total
: 50437K->0K(76672K), 0.0239490 secs] 282885K->282880K(515776K), 0.0240200 secs] [Times: user=0.03 sys=0.00, real=0.02 secs] 
Heap after GC invocations=178 (full 78):
 def new generation   total 76672K, used 0K [0x0000000105450000, 0x000000010a780000, 0x000000010a780000)
  eden space 68160K,   0% used [0x0000000105450000, 0x0000000105450000, 0x00000001096e0000)
  from space 8512K,   0% used [0x0000000109f30000, 0x0000000109f300c0, 0x000000010a780000)
  to   space 8512K,   0% used [0x00000001096e0000, 0x00000001096e0000, 0x0000000109f30000)
 concurrent mark-sweep generation total 439104K, used 282880K [0x000000010a780000, 0x0000000125450000, 0x0000000125450000)
 concurrent-mark-sweep perm gen total 21248K, used 2871K [0x0000000125450000, 0x0000000126910000, 0x000000012a650000)
}
{Heap before GC invocations=178 (full 78):
 def new generation   total 76672K, used 58872K [0x0000000105450000, 0x000000010a780000, 0x000000010a780000)
  eden space 68160K,  86% used [0x0000000105450000, 0x0000000108dcdf70, 0x00000001096e0000)
  from space 8512K,   0% used [0x0000000109f30000, 0x0000000109f300c0, 0x000000010a780000)
  to   space 8512K,   0% used [0x00000001096e0000, 0x00000001096e0000, 0x0000000109f30000)
 concurrent mark-sweep generation total 439104K, used 282880K [0x000000010a780000, 0x0000000125450000, 0x0000000125450000)
 concurrent-mark-sweep perm gen total 21248K, used 2871K [0x0000000125450000, 0x0000000126910000, 0x000000012a650000)
12.096: [GC 12.096: [DefNew
Desired survivor size 4358144 bytes, new threshold 6 (max 6)
- age   1:        216 bytes,        216 total
- age   4:         40 bytes,        256 total
: 58872K->0K(76672K), 0.0263370 secs] 341752K->341748K(515776K), 0.0264120 secs] [Times: user=0.03 sys=0.00, real=0.03 secs] 
Heap after GC invocations=179 (full 78):
 def new generation   total 76672K, used 0K [0x0000000105450000, 0x000000010a780000, 0x000000010a780000)
  eden space 68160K,   0% used [0x0000000105450000, 0x0000000105450000, 0x00000001096e0000)
  from space 8512K,   0% used [0x00000001096e0000, 0x00000001096e0100, 0x0000000109f30000)
  to   space 8512K,   0% used [0x0000000109f30000, 0x0000000109f30000, 0x000000010a780000)
 concurrent mark-sweep generation total 439104K, used 341748K [0x000000010a780000, 0x0000000125450000, 0x0000000125450000)
 concurrent-mark-sweep perm gen total 21248K, used 2871K [0x0000000125450000, 0x0000000126910000, 0x000000012a650000)
}
{Heap before GC invocations=179 (full 78):
 def new generation   total 76672K, used 50542K [0x0000000105450000, 0x000000010a780000, 0x000000010a780000)
  eden space 68160K,  74% used [0x0000000105450000, 0x00000001085aba28, 0x00000001096e0000)
  from space 8512K,   0% used [0x00000001096e0000, 0x00000001096e0100, 0x0000000109f30000)
  to   space 8512K,   0% used [0x0000000109f30000, 0x0000000109f30000, 0x000000010a780000)
 concurrent mark-sweep generation total 439104K, used 341748K [0x000000010a780000, 0x0000000125450000, 0x0000000125450000)
 concurrent-mark-sweep perm gen total 21248K, used 2871K [0x0000000125450000, 0x0000000126910000, 0x000000012a650000)
12.149: [GC 12.149: [DefNew
Desired survivor size 4358144 bytes, new threshold 6 (max 6)
- age   1:        112 bytes,        112 total
- age   2:         80 bytes,        192 total
- age   5:         40 bytes,        232 total
: 50542K->0K(76672K), 0.0240580 secs] 392291K->392287K(515776K), 0.0241270 secs] [Times: user=0.03 sys=0.00, real=0.03 secs] 
Heap after GC invocations=180 (full 78):
 def new generation   total 76672K, used 0K [0x0000000105450000, 0x000000010a780000, 0x000000010a780000)
  eden space 68160K,   0% used [0x0000000105450000, 0x0000000105450000, 0x00000001096e0000)
  from space 8512K,   0% used [0x0000000109f30000, 0x0000000109f300e8, 0x000000010a780000)
  to   space 8512K,   0% used [0x00000001096e0000, 0x00000001096e0000, 0x0000000109f30000)
 concurrent mark-sweep generation total 439104K, used 392286K [0x000000010a780000, 0x0000000125450000, 0x0000000125450000)
 concurrent-mark-sweep perm gen total 21248K, used 2871K [0x0000000125450000, 0x0000000126910000, 0x000000012a650000)
}
{Heap before GC invocations=180 (full 78):
 def new generation   total 76672K, used 66278K [0x0000000105450000, 0x000000010a780000, 0x000000010a780000)
  eden space 68160K,  97% used [0x0000000105450000, 0x00000001095099f8, 0x00000001096e0000)
  from space 8512K,   0% used [0x0000000109f30000, 0x0000000109f300e8, 0x000000010a780000)
  to   space 8512K,   0% used [0x00000001096e0000, 0x00000001096e0000, 0x0000000109f30000)
 concurrent mark-sweep generation total 439104K, used 392286K [0x000000010a780000, 0x0000000125450000, 0x0000000125450000)
 concurrent-mark-sweep perm gen total 21248K, used 2871K [0x0000000125450000, 0x0000000126910000, 0x000000012a650000)
12.206: [GC 12.206: [DefNew: 66278K->66278K(76672K), 0.0000200 secs]12.206: [CMS12.206: [CMS-concurrent-abortable-preclean: 0.004/0.238 secs] [Times: user=0.27 sys=0.00, real=0.24 secs] 
 (concurrent mode failure): 392286K->103316K(439104K), 0.0474730 secs] 458565K->103316K(515776K), [CMS Perm : 2871K->2871K(21248K)], 0.0475770 secs] [Times: user=0.05 sys=0.00, real=0.05 secs] 
Heap after GC invocations=181 (full 79):
 def new generation   total 76672K, used 0K [0x0000000105450000, 0x000000010a780000, 0x000000010a780000)
  eden space 68160K,   0% used [0x0000000105450000, 0x0000000105450000, 0x00000001096e0000)
  from space 8512K,   0% used [0x0000000109f30000, 0x0000000109f30000, 0x000000010a780000)
  to   space 8512K,   0% used [0x00000001096e0000, 0x00000001096e0000, 0x0000000109f30000)
 concurrent mark-sweep generation total 439104K, used 103316K [0x000000010a780000, 0x0000000125450000, 0x0000000125450000)
 concurrent-mark-sweep perm gen total 21248K, used 2871K [0x0000000125450000, 0x0000000126910000, 0x000000012a650000)
}
{Heap before GC invocations=181 (full 79):
 def new generation   total 76672K, used 54023K [0x0000000105450000, 0x000000010a780000, 0x000000010a780000)
  eden space 68160K,  79% used [0x0000000105450000, 0x0000000108911e90, 0x00000001096e0000)
  from space 8512K,   0% used [0x0000000109f30000, 0x0000000109f30000, 0x000000010a780000)
  to   space 8512K,   0% used [0x00000001096e0000, 0x00000001096e0000, 0x0000000109f30000)
 concurrent mark-sweep generation total 439104K, used 103316K [0x000000010a780000, 0x0000000125450000, 0x0000000125450000)
 concurrent-mark-sweep perm gen total 21248K, used 2871K [0x0000000125450000, 0x0000000126910000, 0x000000012a650000)
12.284: [GC 12.284: [DefNew
Desired survivor size 4358144 bytes, new threshold 6 (max 6)
- age   1:        152 bytes,        152 total
: 54023K->0K(76672K), 0.0250510 secs] 157339K->157337K(515776K), 0.0251230 secs] [Times: user=0.03 sys=0.00, real=0.02 secs] 
Heap after GC invocations=182 (full 79):
 def new generation   total 76672K, used 0K [0x0000000105450000, 0x000000010a780000, 0x000000010a780000)
  eden space 68160K,   0% used [0x0000000105450000, 0x0000000105450000, 0x00000001096e0000)
  from space 8512K,   0% used [0x00000001096e0000, 0x00000001096e0098, 0x0000000109f30000)
  to   space 8512K,   0% used [0x0000000109f30000, 0x0000000109f30000, 0x000000010a780000)
 concurrent mark-sweep generation total 439104K, used 157337K [0x000000010a780000, 0x0000000125450000, 0x0000000125450000)
 concurrent-mark-sweep perm gen total 21248K, used 2871K [0x0000000125450000, 0x0000000126910000, 0x000000012a650000)
}
{Heap before GC invocations=182 (full 79):
 def new generation   total 76672K, used 55721K [0x0000000105450000, 0x000000010a780000, 0x000000010a780000)
  eden space 68160K,  81% used [0x0000000105450000, 0x0000000108aba470, 0x00000001096e0000)
  from space 8512K,   0% used [0x00000001096e0000, 0x00000001096e0098, 0x0000000109f30000)
  to   space 8512K,   0% used [0x0000000109f30000, 0x0000000109f30000, 0x000000010a780000)
 concurrent mark-sweep generation total 439104K, used 157337K [0x000000010a780000, 0x0000000125450000, 0x0000000125450000)
 concurrent-mark-sweep perm gen total 21248K, used 2871K [0x0000000125450000, 0x0000000126910000, 0x000000012a650000)
12.337: [GC 12.337: [DefNew
Desired survivor size 4358144 bytes, new threshold 6 (max 6)
- age   1:        152 bytes,        152 total
- age   2:         80 bytes,        232 total
: 55721K->0K(76672K), 0.0258440 secs] 213058K->213054K(515776K), 0.0259110 secs] [Times: user=0.02 sys=0.01, real=0.03 secs] 
Heap after GC invocations=183 (full 79):
 def new generation   total 76672K, used 0K [0x0000000105450000, 0x000000010a780000, 0x000000010a780000)
  eden space 68160K,   0% used [0x0000000105450000, 0x0000000105450000, 0x00000001096e0000)
  from space 8512K,   0% used [0x0000000109f30000, 0x0000000109f300e8, 0x000000010a780000)
  to   space 8512K,   0% used [0x00000001096e0000, 0x00000001096e0000, 0x0000000109f30000)
 concurrent mark-sweep generation total 439104K, used 213054K [0x000000010a780000, 0x0000000125450000, 0x0000000125450000)
 concurrent-mark-sweep perm gen total 21248K, used 2871K [0x0000000125450000, 0x0000000126910000, 0x000000012a650000)
}
12.373: [GC [1 CMS-initial-mark: 213054K(439104K)] 234812K(515776K), 0.0001830 secs] [Times: user=0.00 sys=0.00, real=0.00 secs] 
12.373: [CMS-concurrent-mark-start]
12.387: [CMS-concurrent-mark: 0.014/0.014 secs] [Times: user=0.03 sys=0.00, real=0.01 secs] 
12.387: [CMS-concurrent-preclean-start]
12.388: [CMS-concurrent-preclean: 0.001/0.001 secs] [Times: user=0.00 sys=0.00, real=0.00 secs] 
12.388: [CMS-concurrent-abortable-preclean-start]
{Heap before GC invocations=183 (full 80):
 def new generation   total 76672K, used 61726K [0x0000000105450000, 0x000000010a780000, 0x000000010a780000)
  eden space 68160K,  90% used [0x0000000105450000, 0x0000000109097810, 0x00000001096e0000)
  from space 8512K,   0% used [0x0000000109f30000, 0x0000000109f300e8, 0x000000010a780000)
  to   space 8512K,   0% used [0x00000001096e0000, 0x00000001096e0000, 0x0000000109f30000)
 concurrent mark-sweep generation total 439104K, used 213054K [0x000000010a780000, 0x0000000125450000, 0x0000000125450000)
 concurrent-mark-sweep perm gen total 21248K, used 2871K [0x0000000125450000, 0x0000000126910000, 0x000000012a650000)
12.397: [GC 12.397: [DefNew
Desired survivor size 4358144 bytes, new threshold 6 (max 6)
- age   1:        176 bytes,        176 total
- age   3:         80 bytes,        256 total
: 61726K->0K(76672K), 0.0280700 secs] 274780K->274776K(515776K), 0.0281360 secs] [Times: user=0.03 sys=0.00, real=0.03 secs] 
Heap after GC invocations=184 (full 80):
 def new generation   total 76672K, used 0K [0x0000000105450000, 0x000000010a780000, 0x000000010a780000)
  eden space 68160K,   0% used [0x0000000105450000, 0x0000000105450000, 0x00000001096e0000)
  from space 8512K,   0% used [0x00000001096e0000, 0x00000001096e0100, 0x0000000109f30000)
  to   space 8512K,   0% used [0x0000000109f30000, 0x0000000109f30000, 0x000000010a780000)
 concurrent mark-sweep generation total 439104K, used 274776K [0x000000010a780000, 0x0000000125450000, 0x0000000125450000)
 concurrent-mark-sweep perm gen total 21248K, used 2871K [0x0000000125450000, 0x0000000126910000, 0x000000012a650000)
}
{Heap before GC invocations=184 (full 80):
 def new generation   total 76672K, used 67169K [0x0000000105450000, 0x000000010a780000, 0x000000010a780000)
  eden space 68160K,  98% used [0x0000000105450000, 0x00000001095e8350, 0x00000001096e0000)
  from space 8512K,   0% used [0x00000001096e0000, 0x00000001096e0100, 0x0000000109f30000)
  to   space 8512K,   0% used [0x0000000109f30000, 0x0000000109f30000, 0x000000010a780000)
 concurrent mark-sweep generation total 439104K, used 274776K [0x000000010a780000, 0x0000000125450000, 0x0000000125450000)
 concurrent-mark-sweep perm gen total 21248K, used 2871K [0x0000000125450000, 0x0000000126910000, 0x000000012a650000)
12.463: [GC 12.463: [DefNew
Desired survivor size 4358144 bytes, new threshold 6 (max 6)
- age   1:        192 bytes,        192 total
- age   4:         80 bytes,        272 total
: 67169K->0K(76672K), 0.0302360 secs] 341945K->341941K(515776K), 0.0303000 secs] [Times: user=0.03 sys=0.00, real=0.03 secs] 
Heap after GC invocations=185 (full 80):
 def new generation   total 76672K, used 0K [0x0000000105450000, 0x000000010a780000, 0x000000010a780000)
  eden space 68160K,   0% used [0x0000000105450000, 0x0000000105450000, 0x00000001096e0000)
  from space 8512K,   0% used [0x0000000109f30000, 0x0000000109f30110, 0x000000010a780000)
  to   space 8512K,   0% used [0x00000001096e0000, 0x00000001096e0000, 0x0000000109f30000)
 concurrent mark-sweep generation total 439104K, used 341941K [0x000000010a780000, 0x0000000125450000, 0x0000000125450000)
 concurrent-mark-sweep perm gen total 21248K, used 2871K [0x0000000125450000, 0x0000000126910000, 0x000000012a650000)
}
{Heap before GC invocations=185 (full 80):
 def new generation   total 76672K, used 66720K [0x0000000105450000, 0x000000010a780000, 0x000000010a780000)
  eden space 68160K,  97% used [0x0000000105450000, 0x0000000109577f90, 0x00000001096e0000)
  from space 8512K,   0% used [0x0000000109f30000, 0x0000000109f30110, 0x000000010a780000)
  to   space 8512K,   0% used [0x00000001096e0000, 0x00000001096e0000, 0x0000000109f30000)
 concurrent mark-sweep generation total 439104K, used 341941K [0x000000010a780000, 0x0000000125450000, 0x0000000125450000)
 concurrent-mark-sweep perm gen total 21248K, used 2871K [0x0000000125450000, 0x0000000126910000, 0x000000012a650000)
12.528: [GC 12.528: [DefNew
Desired survivor size 4358144 bytes, new threshold 6 (max 6)
- age   1:        192 bytes,        192 total
- age   5:         80 bytes,        272 total
: 66720K->0K(76672K), 0.0302290 secs] 408661K->408657K(515776K), 0.0302940 secs] [Times: user=0.03 sys=0.00, real=0.03 secs] 
Heap after GC invocations=186 (full 80):
 def new generation   total 76672K, used 0K [0x0000000105450000, 0x000000010a780000, 0x000000010a780000)
  eden space 68160K,   0% used [0x0000000105450000, 0x0000000105450000, 0x00000001096e0000)
  from space 8512K,   0% used [0x00000001096e0000, 0x00000001096e0110, 0x0000000109f30000)
  to   space 8512K,   0% used [0x0000000109f30000, 0x0000000109f30000, 0x000000010a780000)
 concurrent mark-sweep generation total 439104K, used 408657K [0x000000010a780000, 0x0000000125450000, 0x0000000125450000)
 concurrent-mark-sweep perm gen total 21248K, used 2871K [0x0000000125450000, 0x0000000126910000, 0x000000012a650000)
}
{Heap before GC invocations=186 (full 80):
 def new generation   total 76672K, used 67059K [0x0000000105450000, 0x000000010a780000, 0x000000010a780000)
  eden space 68160K,  98% used [0x0000000105450000, 0x00000001095ccd68, 0x00000001096e0000)
  from space 8512K,   0% used [0x00000001096e0000, 0x00000001096e0110, 0x0000000109f30000)
  to   space 8512K,   0% used [0x0000000109f30000, 0x0000000109f30000, 0x000000010a780000)
 concurrent mark-sweep generation total 439104K, used 408657K [0x000000010a780000, 0x0000000125450000, 0x0000000125450000)
 concurrent-mark-sweep perm gen total 21248K, used 2871K [0x0000000125450000, 0x0000000126910000, 0x000000012a650000)
12.599: [GC 12.599: [DefNew: 67059K->67059K(76672K), 0.0000160 secs]12.599: [CMS12.599: [CMS-concurrent-abortable-preclean: 0.003/0.211 secs] [Times: user=0.25 sys=0.00, real=0.21 secs] 
 (concurrent mode failure): 408657K->128082K(439104K), 0.0559530 secs] 475716K->128082K(515776K), [CMS Perm : 2871K->2871K(21248K)], 0.0560480 secs] [Times: user=0.05 sys=0.00, real=0.06 secs] 
Heap after GC invocations=187 (full 81):
 def new generation   total 76672K, used 0K [0x0000000105450000, 0x000000010a780000, 0x000000010a780000)
  eden space 68160K,   0% used [0x0000000105450000, 0x0000000105450000, 0x00000001096e0000)
  from space 8512K,   0% used [0x00000001096e0000, 0x00000001096e0000, 0x0000000109f30000)
  to   space 8512K,   0% used [0x0000000109f30000, 0x0000000109f30000, 0x000000010a780000)
 concurrent mark-sweep generation total 439104K, used 128082K [0x000000010a780000, 0x0000000125450000, 0x0000000125450000)
 concurrent-mark-sweep perm gen total 21248K, used 2871K [0x0000000125450000, 0x0000000126910000, 0x000000012a650000)
}
{Heap before GC invocations=187 (full 81):
 def new generation   total 76672K, used 59097K [0x0000000105450000, 0x000000010a780000, 0x000000010a780000)
  eden space 68160K,  86% used [0x0000000105450000, 0x0000000108e06420, 0x00000001096e0000)
  from space 8512K,   0% used [0x00000001096e0000, 0x00000001096e0000, 0x0000000109f30000)
  to   space 8512K,   0% used [0x0000000109f30000, 0x0000000109f30000, 0x000000010a780000)
 concurrent mark-sweep generation total 439104K, used 128082K [0x000000010a780000, 0x0000000125450000, 0x0000000125450000)
 concurrent-mark-sweep perm gen total 21248K, used 2871K [0x0000000125450000, 0x0000000126910000, 0x000000012a650000)
12.689: [GC 12.689: [DefNew
Desired survivor size 4358144 bytes, new threshold 6 (max 6)
- age   1:        112 bytes,        112 total
: 59097K->0K(76672K), 0.0275600 secs] 187179K->187177K(515776K), 0.0276260 secs] [Times: user=0.02 sys=0.00, real=0.03 secs] 
Heap after GC invocations=188 (full 81):
 def new generation   total 76672K, used 0K [0x0000000105450000, 0x000000010a780000, 0x000000010a780000)
  eden space 68160K,   0% used [0x0000000105450000, 0x0000000105450000, 0x00000001096e0000)
  from space 8512K,   0% used [0x0000000109f30000, 0x0000000109f30070, 0x000000010a780000)
  to   space 8512K,   0% used [0x00000001096e0000, 0x00000001096e0000, 0x0000000109f30000)
 concurrent mark-sweep generation total 439104K, used 187177K [0x000000010a780000, 0x0000000125450000, 0x0000000125450000)
 concurrent-mark-sweep perm gen total 21248K, used 2871K [0x0000000125450000, 0x0000000126910000, 0x000000012a650000)
}
{Heap before GC invocations=188 (full 81):
 def new generation   total 76672K, used 50620K [0x0000000105450000, 0x000000010a780000, 0x000000010a780000)
  eden space 68160K,  74% used [0x0000000105450000, 0x00000001085beff0, 0x00000001096e0000)
  from space 8512K,   0% used [0x0000000109f30000, 0x0000000109f30070, 0x000000010a780000)
  to   space 8512K,   0% used [0x00000001096e0000, 0x00000001096e0000, 0x0000000109f30000)
 concurrent mark-sweep generation total 439104K, used 187177K [0x000000010a780000, 0x0000000125450000, 0x0000000125450000)
 concurrent-mark-sweep perm gen total 21248K, used 2871K [0x0000000125450000, 0x0000000126910000, 0x000000012a650000)
12.743: [GC 12.743: [DefNew
Desired survivor size 4358144 bytes, new threshold 6 (max 6)
- age   1:        176 bytes,        176 total
- age   2:         40 bytes,        216 total
: 50620K->0K(76672K), 0.0234330 secs] 237797K->237793K(515776K), 0.0234980 secs] [Times: user=0.02 sys=0.00, real=0.02 secs] 
Heap after GC invocations=189 (full 81):
 def new generation   total 76672K, used 0K [0x0000000105450000, 0x000000010a780000, 0x000000010a780000)
  eden space 68160K,   0% used [0x0000000105450000, 0x0000000105450000, 0x00000001096e0000)
  from space 8512K,   0% used [0x00000001096e0000, 0x00000001096e00d8, 0x0000000109f30000)
  to   space 8512K,   0% used [0x0000000109f30000, 0x0000000109f30000, 0x000000010a780000)
 concurrent mark-sweep generation total 439104K, used 237793K [0x000000010a780000, 0x0000000125450000, 0x0000000125450000)
 concurrent-mark-sweep perm gen total 21248K, used 2871K [0x0000000125450000, 0x0000000126910000, 0x000000012a650000)
}
12.783: [GC [1 CMS-initial-mark: 237793K(439104K)] 274125K(515776K), 0.0002170 secs] [Times: user=0.00 sys=0.00, real=0.00 secs] 
12.784: [CMS-concurrent-mark-start]
12.795: [CMS-concurrent-mark: 0.011/0.011 secs] [Times: user=0.02 sys=0.00, real=0.01 secs] 
{Heap before GC invocations=189 (full 82):
 def new generation   total 76672K, used 58865K [0x0000000105450000, 0x000000010a780000, 0x000000010a780000)
  eden space 68160K,  86% used [0x0000000105450000, 0x0000000108dcc3f8, 0x00000001096e0000)
  from space 8512K,   0% used [0x00000001096e0000, 0x00000001096e00d8, 0x0000000109f30000)
  to   space 8512K,   0% used [0x0000000109f30000, 0x0000000109f30000, 0x000000010a780000)
 concurrent mark-sweep generation total 439104K, used 237793K [0x000000010a780000, 0x0000000125450000, 0x0000000125450000)
 concurrent-mark-sweep perm gen total 21248K, used 2871K [0x0000000125450000, 0x0000000126910000, 0x000000012a650000)
12.797: [GC 12.797: [DefNew
Desired survivor size 4358144 bytes, new threshold 6 (max 6)
- age   1:        112 bytes,        112 total
- age   3:         40 bytes,        152 total
: 58865K->0K(76672K), 0.0270240 secs] 296658K->296656K(515776K), 0.0270860 secs] [Times: user=0.03 sys=0.00, real=0.03 secs] 
Heap after GC invocations=190 (full 82):
 def new generation   total 76672K, used 0K [0x0000000105450000, 0x000000010a780000, 0x000000010a780000)
  eden space 68160K,   0% used [0x0000000105450000, 0x0000000105450000, 0x00000001096e0000)
  from space 8512K,   0% used [0x0000000109f30000, 0x0000000109f30098, 0x000000010a780000)
  to   space 8512K,   0% used [0x00000001096e0000, 0x00000001096e0000, 0x0000000109f30000)
 concurrent mark-sweep generation total 439104K, used 296656K [0x000000010a780000, 0x0000000125450000, 0x0000000125450000)
 concurrent-mark-sweep perm gen total 21248K, used 2871K [0x0000000125450000, 0x0000000126910000, 0x000000012a650000)
}
12.824: [CMS-concurrent-preclean-start]
12.825: [CMS-concurrent-preclean: 0.001/0.001 secs] [Times: user=0.00 sys=0.00, real=0.00 secs] 
12.825: [CMS-concurrent-abortable-preclean-start]
{Heap before GC invocations=190 (full 82):
 def new generation   total 76672K, used 63897K [0x0000000105450000, 0x000000010a780000, 0x000000010a780000)
  eden space 68160K,  93% used [0x0000000105450000, 0x00000001092b6738, 0x00000001096e0000)
  from space 8512K,   0% used [0x0000000109f30000, 0x0000000109f30098, 0x000000010a780000)
  to   space 8512K,   0% used [0x00000001096e0000, 0x00000001096e0000, 0x0000000109f30000)
 concurrent mark-sweep generation total 439104K, used 296656K [0x000000010a780000, 0x0000000125450000, 0x0000000125450000)
 concurrent-mark-sweep perm gen total 21248K, used 2871K [0x0000000125450000, 0x0000000126910000, 0x000000012a650000)
12.859: [GC 12.859: [DefNew
Desired survivor size 4358144 bytes, new threshold 6 (max 6)
- age   1:        216 bytes,        216 total
- age   4:         40 bytes,        256 total
: 63897K->0K(76672K), 0.0285300 secs] 360554K->360550K(515776K), 0.0286240 secs] [Times: user=0.03 sys=0.00, real=0.03 secs] 
Heap after GC invocations=191 (full 82):
 def new generation   total 76672K, used 0K [0x0000000105450000, 0x000000010a780000, 0x000000010a780000)
  eden space 68160K,   0% used [0x0000000105450000, 0x0000000105450000, 0x00000001096e0000)
  from space 8512K,   0% used [0x00000001096e0000, 0x00000001096e0100, 0x0000000109f30000)
  to   space 8512K,   0% used [0x0000000109f30000, 0x0000000109f30000, 0x000000010a780000)
 concurrent mark-sweep generation total 439104K, used 360550K [0x000000010a780000, 0x0000000125450000, 0x0000000125450000)
 concurrent-mark-sweep perm gen total 21248K, used 2871K [0x0000000125450000, 0x0000000126910000, 0x000000012a650000)
}
{Heap before GC invocations=191 (full 82):
 def new generation   total 76672K, used 58622K [0x0000000105450000, 0x000000010a780000, 0x000000010a780000)
  eden space 68160K,  86% used [0x0000000105450000, 0x0000000108d8f748, 0x00000001096e0000)
  from space 8512K,   0% used [0x00000001096e0000, 0x00000001096e0100, 0x0000000109f30000)
  to   space 8512K,   0% used [0x0000000109f30000, 0x0000000109f30000, 0x000000010a780000)
 concurrent mark-sweep generation total 439104K, used 360550K [0x000000010a780000, 0x0000000125450000, 0x0000000125450000)
 concurrent-mark-sweep perm gen total 21248K, used 2871K [0x0000000125450000, 0x0000000126910000, 0x000000012a650000)
12.918: [GC 12.918: [DefNew
Desired survivor size 4358144 bytes, new threshold 6 (max 6)
- age   1:        112 bytes,        112 total
- age   5:         40 bytes,        152 total
: 58622K->0K(76672K), 0.0271610 secs] 419172K->419167K(515776K), 0.0272270 secs] [Times: user=0.03 sys=0.00, real=0.03 secs] 
Heap after GC invocations=192 (full 82):
 def new generation   total 76672K, used 0K [0x0000000105450000, 0x000000010a780000, 0x000000010a780000)
  eden space 68160K,   0% used [0x0000000105450000, 0x0000000105450000, 0x00000001096e0000)
  from space 8512K,   0% used [0x0000000109f30000, 0x0000000109f30098, 0x000000010a780000)
  to   space 8512K,   0% used [0x00000001096e0000, 0x00000001096e0000, 0x0000000109f30000)
 concurrent mark-sweep generation total 439104K, used 419167K [0x000000010a780000, 0x0000000125450000, 0x0000000125450000)
 concurrent-mark-sweep perm gen total 21248K, used 2871K [0x0000000125450000, 0x0000000126910000, 0x000000012a650000)
}
12.946: [CMS-concurrent-abortable-preclean: 0.002/0.121 secs] [Times: user=0.14 sys=0.00, real=0.12 secs] 
12.954: [GC[YG occupancy: 19430 K (76672 K)]12.954: [Rescan (non-parallel) 12.954: [grey object rescan, 0.0010530 secs]12.955: [root rescan, 0.0001190 secs], 0.0011960 secs]12.956: [weak refs processing, 0.0000080 secs]12.956: [scrub string table, 0.0000210 secs] [1 CMS-remark: 419167K(439104K)] 438597K(515776K), 0.0012940 secs] [Times: user=0.01 sys=0.00, real=0.00 secs] 
12.956: [CMS-concurrent-sweep-start]
12.956: [CMS-concurrent-sweep: 0.000/0.000 secs] [Times: user=0.00 sys=0.00, real=0.00 secs] 
12.956: [CMS-concurrent-reset-start]
12.958: [CMS-concurrent-reset: 0.002/0.002 secs] [Times: user=0.00 sys=0.00, real=0.00 secs] 
{Heap before GC invocations=192 (full 82):
 def new generation   total 76672K, used 64922K [0x0000000105450000, 0x000000010a780000, 0x000000010a780000)
  eden space 68160K,  95% used [0x0000000105450000, 0x00000001093b6b40, 0x00000001096e0000)
  from space 8512K,   0% used [0x0000000109f30000, 0x0000000109f30098, 0x000000010a780000)
  to   space 8512K,   0% used [0x00000001096e0000, 0x00000001096e0000, 0x0000000109f30000)
 concurrent mark-sweep generation total 439104K, used 237687K [0x000000010a780000, 0x0000000125450000, 0x0000000125450000)
 concurrent-mark-sweep perm gen total 21248K, used 2871K [0x0000000125450000, 0x0000000126910000, 0x000000012a650000)
12.987: [GC 12.987: [DefNew
Desired survivor size 4358144 bytes, new threshold 6 (max 6)
- age   1:        192 bytes,        192 total
- age   6:         40 bytes,        232 total
: 64922K->0K(76672K), 0.0296260 secs] 302610K->302606K(515776K), 0.0297230 secs] [Times: user=0.03 sys=0.00, real=0.03 secs] 
Heap after GC invocations=193 (full 82):
 def new generation   total 76672K, used 0K [0x0000000105450000, 0x000000010a780000, 0x000000010a780000)
  eden space 68160K,   0% used [0x0000000105450000, 0x0000000105450000, 0x00000001096e0000)
  from space 8512K,   0% used [0x00000001096e0000, 0x00000001096e00e8, 0x0000000109f30000)
  to   space 8512K,   0% used [0x0000000109f30000, 0x0000000109f30000, 0x000000010a780000)
 concurrent mark-sweep generation total 439104K, used 302606K [0x000000010a780000, 0x0000000125450000, 0x0000000125450000)
 concurrent-mark-sweep perm gen total 21248K, used 2871K [0x0000000125450000, 0x0000000126910000, 0x000000012a650000)
}
13.026: [GC [1 CMS-initial-mark: 302606K(439104K)] 323335K(515776K), 0.0001890 secs] [Times: user=0.00 sys=0.00, real=0.00 secs] 
13.026: [CMS-concurrent-mark-start]
13.038: [CMS-concurrent-mark: 0.011/0.011 secs] [Times: user=0.02 sys=0.00, real=0.01 secs] 
13.038: [CMS-concurrent-preclean-start]
13.039: [CMS-concurrent-preclean: 0.001/0.001 secs] [Times: user=0.00 sys=0.00, real=0.00 secs] 
13.039: [CMS-concurrent-abortable-preclean-start]
{Heap before GC invocations=193 (full 83):
 def new generation   total 76672K, used 60794K [0x0000000105450000, 0x000000010a780000, 0x000000010a780000)
  eden space 68160K,  89% used [0x0000000105450000, 0x0000000108fae900, 0x00000001096e0000)
  from space 8512K,   0% used [0x00000001096e0000, 0x00000001096e00e8, 0x0000000109f30000)
  to   space 8512K,   0% used [0x0000000109f30000, 0x0000000109f30000, 0x000000010a780000)
 concurrent mark-sweep generation total 439104K, used 302606K [0x000000010a780000, 0x0000000125450000, 0x0000000125450000)
 concurrent-mark-sweep perm gen total 21248K, used 2871K [0x0000000125450000, 0x0000000126910000, 0x000000012a650000)
13.054: [GC 13.054: [DefNew
Desired survivor size 4358144 bytes, new threshold 6 (max 6)
- age   1:        176 bytes,        176 total
: 60794K->0K(76672K), 0.0269690 secs] 363400K->363396K(515776K), 0.0270410 secs] [Times: user=0.03 sys=0.00, real=0.03 secs] 
Heap after GC invocations=194 (full 83):
 def new generation   total 76672K, used 0K [0x0000000105450000, 0x000000010a780000, 0x000000010a780000)
  eden space 68160K,   0% used [0x0000000105450000, 0x0000000105450000, 0x00000001096e0000)
  from space 8512K,   0% used [0x0000000109f30000, 0x0000000109f300b0, 0x000000010a780000)
  to   space 8512K,   0% used [0x00000001096e0000, 0x00000001096e0000, 0x0000000109f30000)
 concurrent mark-sweep generation total 439104K, used 363396K [0x000000010a780000, 0x0000000125450000, 0x0000000125450000)
 concurrent-mark-sweep perm gen total 21248K, used 2871K [0x0000000125450000, 0x0000000126910000, 0x000000012a650000)
}
{Heap before GC invocations=194 (full 83):
 def new generation   total 76672K, used 67007K [0x0000000105450000, 0x000000010a780000, 0x000000010a780000)
  eden space 68160K,  98% used [0x0000000105450000, 0x00000001095bfe30, 0x00000001096e0000)
  from space 8512K,   0% used [0x0000000109f30000, 0x0000000109f300b0, 0x000000010a780000)
  to   space 8512K,   0% used [0x00000001096e0000, 0x00000001096e0000, 0x0000000109f30000)
 concurrent mark-sweep generation total 439104K, used 363396K [0x000000010a780000, 0x0000000125450000, 0x0000000125450000)
 concurrent-mark-sweep perm gen total 21248K, used 2871K [0x0000000125450000, 0x0000000126910000, 0x000000012a650000)
13.118: [GC 13.118: [DefNew (promotion failed) : 67007K->67007K(76672K), 0.0217440 secs]13.140: [CMS13.140: [CMS-concurrent-abortable-preclean: 0.002/0.101 secs] [Times: user=0.12 sys=0.00, real=0.11 secs] 
 (concurrent mode failure): 409442K->90701K(439104K), 0.0420800 secs] 430404K->90701K(515776K), [CMS Perm : 2871K->2871K(21248K)], 0.0639360 secs] [Times: user=0.06 sys=0.00, real=0.07 secs] 
Heap after GC invocations=195 (full 84):
 def new generation   total 76672K, used 0K [0x0000000105450000, 0x000000010a780000, 0x000000010a780000)
  eden space 68160K,   0% used [0x0000000105450000, 0x0000000105450000, 0x00000001096e0000)
  from space 8512K,   0% used [0x00000001096e0000, 0x00000001096e0000, 0x0000000109f30000)
  to   space 8512K,   0% used [0x0000000109f30000, 0x0000000109f30000, 0x000000010a780000)
 concurrent mark-sweep generation total 439104K, used 90701K [0x000000010a780000, 0x0000000125450000, 0x0000000125450000)
 concurrent-mark-sweep perm gen total 21248K, used 2871K [0x0000000125450000, 0x0000000126910000, 0x000000012a650000)
}
{Heap before GC invocations=195 (full 84):
 def new generation   total 76672K, used 62460K [0x0000000105450000, 0x000000010a780000, 0x000000010a780000)
  eden space 68160K,  91% used [0x0000000105450000, 0x000000010914f100, 0x00000001096e0000)
  from space 8512K,   0% used [0x00000001096e0000, 0x00000001096e0000, 0x0000000109f30000)
  to   space 8512K,   0% used [0x0000000109f30000, 0x0000000109f30000, 0x000000010a780000)
 concurrent mark-sweep generation total 439104K, used 90701K [0x000000010a780000, 0x0000000125450000, 0x0000000125450000)
 concurrent-mark-sweep perm gen total 21248K, used 2871K [0x0000000125450000, 0x0000000126910000, 0x000000012a650000)
13.213: [GC 13.213: [DefNew
Desired survivor size 4358144 bytes, new threshold 6 (max 6)
- age   1:        152 bytes,        152 total
: 62460K->0K(76672K), 0.0283970 secs] 153161K->153159K(515776K), 0.0284660 secs] [Times: user=0.03 sys=0.00, real=0.03 secs] 
Heap after GC invocations=196 (full 84):
 def new generation   total 76672K, used 0K [0x0000000105450000, 0x000000010a780000, 0x000000010a780000)
  eden space 68160K,   0% used [0x0000000105450000, 0x0000000105450000, 0x00000001096e0000)
  from space 8512K,   0% used [0x0000000109f30000, 0x0000000109f30098, 0x000000010a780000)
  to   space 8512K,   0% used [0x00000001096e0000, 0x00000001096e0000, 0x0000000109f30000)
 concurrent mark-sweep generation total 439104K, used 153159K [0x000000010a780000, 0x0000000125450000, 0x0000000125450000)
 concurrent-mark-sweep perm gen total 21248K, used 2871K [0x0000000125450000, 0x0000000126910000, 0x000000012a650000)
}
13.248: [GC [1 CMS-initial-mark: 153159K(439104K)] 168157K(515776K), 0.0001780 secs] [Times: user=0.00 sys=0.00, real=0.00 secs] 
13.248: [CMS-concurrent-mark-start]
13.259: [CMS-concurrent-mark: 0.011/0.011 secs] [Times: user=0.02 sys=0.00, real=0.01 secs] 
13.259: [CMS-concurrent-preclean-start]
13.260: [CMS-concurrent-preclean: 0.001/0.001 secs] [Times: user=0.00 sys=0.00, real=0.01 secs] 
13.260: [CMS-concurrent-abortable-preclean-start]
{Heap before GC invocations=196 (full 85):
 def new generation   total 76672K, used 55298K [0x0000000105450000, 0x000000010a780000, 0x000000010a780000)
  eden space 68160K,  81% used [0x0000000105450000, 0x0000000108a50868, 0x00000001096e0000)
  from space 8512K,   0% used [0x0000000109f30000, 0x0000000109f30098, 0x000000010a780000)
  to   space 8512K,   0% used [0x00000001096e0000, 0x00000001096e0000, 0x0000000109f30000)
 concurrent mark-sweep generation total 439104K, used 153159K [0x000000010a780000, 0x0000000125450000, 0x0000000125450000)
 concurrent-mark-sweep perm gen total 21248K, used 2871K [0x0000000125450000, 0x0000000126910000, 0x000000012a650000)
13.271: [GC 13.271: [DefNew
Desired survivor size 4358144 bytes, new threshold 6 (max 6)
- age   1:        152 bytes,        152 total
- age   2:         40 bytes,        192 total
: 55298K->0K(76672K), 0.0258700 secs] 208457K->208453K(515776K), 0.0259360 secs] [Times: user=0.02 sys=0.00, real=0.02 secs] 
Heap after GC invocations=197 (full 85):
 def new generation   total 76672K, used 0K [0x0000000105450000, 0x000000010a780000, 0x000000010a780000)
  eden space 68160K,   0% used [0x0000000105450000, 0x0000000105450000, 0x00000001096e0000)
  from space 8512K,   0% used [0x00000001096e0000, 0x00000001096e00c0, 0x0000000109f30000)
  to   space 8512K,   0% used [0x0000000109f30000, 0x0000000109f30000, 0x000000010a780000)
 concurrent mark-sweep generation total 439104K, used 208453K [0x000000010a780000, 0x0000000125450000, 0x0000000125450000)
 concurrent-mark-sweep perm gen total 21248K, used 2871K [0x0000000125450000, 0x0000000126910000, 0x000000012a650000)
}
{Heap before GC invocations=197 (full 85):
 def new generation   total 76672K, used 63420K [0x0000000105450000, 0x000000010a780000, 0x000000010a780000)
  eden space 68160K,  93% used [0x0000000105450000, 0x000000010923f1e8, 0x00000001096e0000)
  from space 8512K,   0% used [0x00000001096e0000, 0x00000001096e00c0, 0x0000000109f30000)
  to   space 8512K,   0% used [0x0000000109f30000, 0x0000000109f30000, 0x000000010a780000)
 concurrent mark-sweep generation total 439104K, used 208453K [0x000000010a780000, 0x0000000125450000, 0x0000000125450000)
 concurrent-mark-sweep perm gen total 21248K, used 2871K [0x0000000125450000, 0x0000000126910000, 0x000000012a650000)
13.328: [GC 13.329: [DefNew
Desired survivor size 4358144 bytes, new threshold 6 (max 6)
- age   1:        152 bytes,        152 total
- age   3:         40 bytes,        192 total
: 63420K->0K(76672K), 0.0289080 secs] 271874K->271870K(515776K), 0.0289710 secs] [Times: user=0.03 sys=0.00, real=0.03 secs] 
Heap after GC invocations=198 (full 85):
 def new generation   total 76672K, used 0K [0x0000000105450000, 0x000000010a780000, 0x000000010a780000)
  eden space 68160K,   0% used [0x0000000105450000, 0x0000000105450000, 0x00000001096e0000)
  from space 8512K,   0% used [0x0000000109f30000, 0x0000000109f300c0, 0x000000010a780000)
  to   space 8512K,   0% used [0x00000001096e0000, 0x00000001096e0000, 0x0000000109f30000)
 concurrent mark-sweep generation total 439104K, used 271869K [0x000000010a780000, 0x0000000125450000, 0x0000000125450000)
 concurrent-mark-sweep perm gen total 21248K, used 2871K [0x0000000125450000, 0x0000000126910000, 0x000000012a650000)
}
{Heap before GC invocations=198 (full 85):
 def new generation   total 76672K, used 66173K [0x0000000105450000, 0x000000010a780000, 0x000000010a780000)
  eden space 68160K,  97% used [0x0000000105450000, 0x00000001094ef610, 0x00000001096e0000)
  from space 8512K,   0% used [0x0000000109f30000, 0x0000000109f300c0, 0x000000010a780000)
  to   space 8512K,   0% used [0x00000001096e0000, 0x00000001096e0000, 0x0000000109f30000)
 concurrent mark-sweep generation total 439104K, used 271869K [0x000000010a780000, 0x0000000125450000, 0x0000000125450000)
 concurrent-mark-sweep perm gen total 21248K, used 2871K [0x0000000125450000, 0x0000000126910000, 0x000000012a650000)
13.391: [GC 13.391: [DefNew
Desired survivor size 4358144 bytes, new threshold 6 (max 6)
- age   1:        192 bytes,        192 total
- age   4:         40 bytes,        232 total
: 66173K->0K(76672K), 0.0300510 secs] 338043K->338039K(515776K), 0.0301210 secs] [Times: user=0.03 sys=0.00, real=0.03 secs] 
Heap after GC invocations=199 (full 85):
 def new generation   total 76672K, used 0K [0x0000000105450000, 0x000000010a780000, 0x000000010a780000)
  eden space 68160K,   0% used [0x0000000105450000, 0x0000000105450000, 0x00000001096e0000)
  from space 8512K,   0% used [0x00000001096e0000, 0x00000001096e00e8, 0x0000000109f30000)
  to   space 8512K,   0% used [0x0000000109f30000, 0x0000000109f30000, 0x000000010a780000)
 concurrent mark-sweep generation total 439104K, used 338039K [0x000000010a780000, 0x0000000125450000, 0x0000000125450000)
 concurrent-mark-sweep perm gen total 21248K, used 2871K [0x0000000125450000, 0x0000000126910000, 0x000000012a650000)
}
{Heap before GC invocations=199 (full 85):
 def new generation   total 76672K, used 58602K [0x0000000105450000, 0x000000010a780000, 0x000000010a780000)
  eden space 68160K,  85% used [0x0000000105450000, 0x0000000108d8a930, 0x00000001096e0000)
  from space 8512K,   0% used [0x00000001096e0000, 0x00000001096e00e8, 0x0000000109f30000)
  to   space 8512K,   0% used [0x0000000109f30000, 0x0000000109f30000, 0x000000010a780000)
 concurrent mark-sweep generation total 439104K, used 338039K [0x000000010a780000, 0x0000000125450000, 0x0000000125450000)
 concurrent-mark-sweep perm gen total 21248K, used 2871K [0x0000000125450000, 0x0000000126910000, 0x000000012a650000)
13.450: [GC 13.450: [DefNew
Desired survivor size 4358144 bytes, new threshold 6 (max 6)
- age   1:        152 bytes,        152 total
- age   5:         40 bytes,        192 total
: 58602K->0K(76672K), 0.0271070 secs] 396641K->396637K(515776K), 0.0271980 secs] [Times: user=0.02 sys=0.00, real=0.02 secs] 
Heap after GC invocations=200 (full 85):
 def new generation   total 76672K, used 0K [0x0000000105450000, 0x000000010a780000, 0x000000010a780000)
  eden space 68160K,   0% used [0x0000000105450000, 0x0000000105450000, 0x00000001096e0000)
  from space 8512K,   0% used [0x0000000109f30000, 0x0000000109f300c0, 0x000000010a780000)
  to   space 8512K,   0% used [0x00000001096e0000, 0x00000001096e0000, 0x0000000109f30000)
 concurrent mark-sweep generation total 439104K, used 396637K [0x000000010a780000, 0x0000000125450000, 0x0000000125450000)
 concurrent-mark-sweep perm gen total 21248K, used 2871K [0x0000000125450000, 0x0000000126910000, 0x000000012a650000)
}
{Heap before GC invocations=200 (full 85):
 def new generation   total 76672K, used 57868K [0x0000000105450000, 0x000000010a780000, 0x000000010a780000)
  eden space 68160K,  84% used [0x0000000105450000, 0x0000000108cd2fa8, 0x00000001096e0000)
  from space 8512K,   0% used [0x0000000109f30000, 0x0000000109f300c0, 0x000000010a780000)
  to   space 8512K,   0% used [0x00000001096e0000, 0x00000001096e0000, 0x0000000109f30000)
 concurrent mark-sweep generation total 439104K, used 396637K [0x000000010a780000, 0x0000000125450000, 0x0000000125450000)
 concurrent-mark-sweep perm gen total 21248K, used 2871K [0x0000000125450000, 0x0000000126910000, 0x000000012a650000)
13.508: [GC 13.508: [DefNew: 57868K->57868K(76672K), 0.0000210 secs]13.508: [CMS13.508: [CMS-concurrent-abortable-preclean: 0.004/0.248 secs] [Times: user=0.29 sys=0.01, real=0.24 secs] 
 (concurrent mode failure): 396637K->85801K(439104K), 0.0410600 secs] 454505K->85801K(515776K), [CMS Perm : 2871K->2871K(21248K)], 0.0411640 secs] [Times: user=0.04 sys=0.00, real=0.04 secs] 
Heap after GC invocations=201 (full 86):
 def new generation   total 76672K, used 0K [0x0000000105450000, 0x000000010a780000, 0x000000010a780000)
  eden space 68160K,   0% used [0x0000000105450000, 0x0000000105450000, 0x00000001096e0000)
  from space 8512K,   0% used [0x0000000109f30000, 0x0000000109f30000, 0x000000010a780000)
  to   space 8512K,   0% used [0x00000001096e0000, 0x00000001096e0000, 0x0000000109f30000)
 concurrent mark-sweep generation total 439104K, used 85801K [0x000000010a780000, 0x0000000125450000, 0x0000000125450000)
 concurrent-mark-sweep perm gen total 21248K, used 2871K [0x0000000125450000, 0x0000000126910000, 0x000000012a650000)
}
{Heap before GC invocations=201 (full 86):
 def new generation   total 76672K, used 64756K [0x0000000105450000, 0x000000010a780000, 0x000000010a780000)
  eden space 68160K,  95% used [0x0000000105450000, 0x000000010938d390, 0x00000001096e0000)
  from space 8512K,   0% used [0x0000000109f30000, 0x0000000109f30000, 0x000000010a780000)
  to   space 8512K,   0% used [0x00000001096e0000, 0x00000001096e0000, 0x0000000109f30000)
 concurrent mark-sweep generation total 439104K, used 85801K [0x000000010a780000, 0x0000000125450000, 0x0000000125450000)
 concurrent-mark-sweep perm gen total 21248K, used 2871K [0x0000000125450000, 0x0000000126910000, 0x000000012a650000)
13.583: [GC 13.583: [DefNew
Desired survivor size 4358144 bytes, new threshold 6 (max 6)
- age   1:        192 bytes,        192 total
: 64756K->0K(76672K), 0.0296170 secs] 150558K->150556K(515776K), 0.0296830 secs] [Times: user=0.03 sys=0.00, real=0.03 secs] 
Heap after GC invocations=202 (full 86):
 def new generation   total 76672K, used 0K [0x0000000105450000, 0x000000010a780000, 0x000000010a780000)
  eden space 68160K,   0% used [0x0000000105450000, 0x0000000105450000, 0x00000001096e0000)
  from space 8512K,   0% used [0x00000001096e0000, 0x00000001096e00c0, 0x0000000109f30000)
  to   space 8512K,   0% used [0x0000000109f30000, 0x0000000109f30000, 0x000000010a780000)
 concurrent mark-sweep generation total 439104K, used 150556K [0x000000010a780000, 0x0000000125450000, 0x0000000125450000)
 concurrent-mark-sweep perm gen total 21248K, used 2871K [0x0000000125450000, 0x0000000126910000, 0x000000012a650000)
}
{Heap before GC invocations=202 (full 86):
 def new generation   total 76672K, used 48627K [0x0000000105450000, 0x000000010a780000, 0x000000010a780000)
  eden space 68160K,  71% used [0x0000000105450000, 0x00000001083ccc20, 0x00000001096e0000)
  from space 8512K,   0% used [0x00000001096e0000, 0x00000001096e00c0, 0x0000000109f30000)
  to   space 8512K,   0% used [0x0000000109f30000, 0x0000000109f30000, 0x000000010a780000)
 concurrent mark-sweep generation total 439104K, used 150556K [0x000000010a780000, 0x0000000125450000, 0x0000000125450000)
 concurrent-mark-sweep perm gen total 21248K, used 2871K [0x0000000125450000, 0x0000000126910000, 0x000000012a650000)
13.636: [GC 13.636: [DefNew
Desired survivor size 4358144 bytes, new threshold 6 (max 6)
- age   1:        112 bytes,        112 total
- age   2:        120 bytes,        232 total
: 48627K->0K(76672K), 0.0232510 secs] 199183K->199181K(515776K), 0.0233170 secs] [Times: user=0.02 sys=0.00, real=0.03 secs] 
Heap after GC invocations=203 (full 86):
 def new generation   total 76672K, used 0K [0x0000000105450000, 0x000000010a780000, 0x000000010a780000)
  eden space 68160K,   0% used [0x0000000105450000, 0x0000000105450000, 0x00000001096e0000)
  from space 8512K,   0% used [0x0000000109f30000, 0x0000000109f300e8, 0x000000010a780000)
  to   space 8512K,   0% used [0x00000001096e0000, 0x00000001096e0000, 0x0000000109f30000)
 concurrent mark-sweep generation total 439104K, used 199181K [0x000000010a780000, 0x0000000125450000, 0x0000000125450000)
 concurrent-mark-sweep perm gen total 21248K, used 2871K [0x0000000125450000, 0x0000000126910000, 0x000000012a650000)
}
13.668: [GC [1 CMS-initial-mark: 199181K(439104K)] 218824K(515776K), 0.0001840 secs] [Times: user=0.00 sys=0.00, real=0.00 secs] 
13.669: [CMS-concurrent-mark-start]
13.681: [CMS-concurrent-mark: 0.012/0.012 secs] [Times: user=0.02 sys=0.00, real=0.02 secs] 
13.681: [CMS-concurrent-preclean-start]
13.682: [CMS-concurrent-preclean: 0.001/0.001 secs] [Times: user=0.00 sys=0.00, real=0.00 secs] 
13.682: [CMS-concurrent-abortable-preclean-start]
{Heap before GC invocations=203 (full 87):
 def new generation   total 76672K, used 61157K [0x0000000105450000, 0x000000010a780000, 0x000000010a780000)
  eden space 68160K,  89% used [0x0000000105450000, 0x0000000109009328, 0x00000001096e0000)
  from space 8512K,   0% used [0x0000000109f30000, 0x0000000109f300e8, 0x000000010a780000)
  to   space 8512K,   0% used [0x00000001096e0000, 0x00000001096e0000, 0x0000000109f30000)
 concurrent mark-sweep generation total 439104K, used 199181K [0x000000010a780000, 0x0000000125450000, 0x0000000125450000)
 concurrent-mark-sweep perm gen total 21248K, used 2871K [0x0000000125450000, 0x0000000126910000, 0x000000012a650000)
13.692: [GC 13.692: [DefNew
Desired survivor size 4358144 bytes, new threshold 6 (max 6)
- age   1:        152 bytes,        152 total
- age   2:         40 bytes,        192 total
- age   3:         80 bytes,        272 total
: 61157K->0K(76672K), 0.0278100 secs] 260338K->260334K(515776K), 0.0278720 secs] [Times: user=0.02 sys=0.00, real=0.03 secs] 
Heap after GC invocations=204 (full 87):
 def new generation   total 76672K, used 0K [0x0000000105450000, 0x000000010a780000, 0x000000010a780000)
  eden space 68160K,   0% used [0x0000000105450000, 0x0000000105450000, 0x00000001096e0000)
  from space 8512K,   0% used [0x00000001096e0000, 0x00000001096e0110, 0x0000000109f30000)
  to   space 8512K,   0% used [0x0000000109f30000, 0x0000000109f30000, 0x000000010a780000)
 concurrent mark-sweep generation total 439104K, used 260334K [0x000000010a780000, 0x0000000125450000, 0x0000000125450000)
 concurrent-mark-sweep perm gen total 21248K, used 2871K [0x0000000125450000, 0x0000000126910000, 0x000000012a650000)
}
{Heap before GC invocations=204 (full 87):
 def new generation   total 76672K, used 53363K [0x0000000105450000, 0x000000010a780000, 0x000000010a780000)
  eden space 68160K,  78% used [0x0000000105450000, 0x000000010886cdf0, 0x00000001096e0000)
  from space 8512K,   0% used [0x00000001096e0000, 0x00000001096e0110, 0x0000000109f30000)
  to   space 8512K,   0% used [0x0000000109f30000, 0x0000000109f30000, 0x000000010a780000)
 concurrent mark-sweep generation total 439104K, used 260334K [0x000000010a780000, 0x0000000125450000, 0x0000000125450000)
 concurrent-mark-sweep perm gen total 21248K, used 2871K [0x0000000125450000, 0x0000000126910000, 0x000000012a650000)
13.747: [GC 13.747: [DefNew
Desired survivor size 4358144 bytes, new threshold 6 (max 6)
- age   1:        176 bytes,        176 total
- age   4:         80 bytes,        256 total
: 53363K->0K(76672K), 0.0251630 secs] 313697K->313693K(515776K), 0.0252230 secs] [Times: user=0.03 sys=0.00, real=0.03 secs] 
Heap after GC invocations=205 (full 87):
 def new generation   total 76672K, used 0K [0x0000000105450000, 0x000000010a780000, 0x000000010a780000)
  eden space 68160K,   0% used [0x0000000105450000, 0x0000000105450000, 0x00000001096e0000)
  from space 8512K,   0% used [0x0000000109f30000, 0x0000000109f30100, 0x000000010a780000)
  to   space 8512K,   0% used [0x00000001096e0000, 0x00000001096e0000, 0x0000000109f30000)
 concurrent mark-sweep generation total 439104K, used 313693K [0x000000010a780000, 0x0000000125450000, 0x0000000125450000)
 concurrent-mark-sweep perm gen total 21248K, used 2871K [0x0000000125450000, 0x0000000126910000, 0x000000012a650000)
}
{Heap before GC invocations=205 (full 87):
 def new generation   total 76672K, used 59316K [0x0000000105450000, 0x000000010a780000, 0x000000010a780000)
  eden space 68160K,  87% used [0x0000000105450000, 0x0000000108e3d180, 0x00000001096e0000)
  from space 8512K,   0% used [0x0000000109f30000, 0x0000000109f30100, 0x000000010a780000)
  to   space 8512K,   0% used [0x00000001096e0000, 0x00000001096e0000, 0x0000000109f30000)
 concurrent mark-sweep generation total 439104K, used 313693K [0x000000010a780000, 0x0000000125450000, 0x0000000125450000)
 concurrent-mark-sweep perm gen total 21248K, used 2871K [0x0000000125450000, 0x0000000126910000, 0x000000012a650000)
13.804: [GC 13.804: [DefNew
Desired survivor size 4358144 bytes, new threshold 6 (max 6)
- age   1:        112 bytes,        112 total
- age   2:         80 bytes,        192 total
- age   5:         80 bytes,        272 total
: 59316K->0K(76672K), 0.0275330 secs] 373010K->373008K(515776K), 0.0276000 secs] [Times: user=0.02 sys=0.00, real=0.03 secs] 
Heap after GC invocations=206 (full 87):
 def new generation   total 76672K, used 0K [0x0000000105450000, 0x000000010a780000, 0x000000010a780000)
  eden space 68160K,   0% used [0x0000000105450000, 0x0000000105450000, 0x00000001096e0000)
  from space 8512K,   0% used [0x00000001096e0000, 0x00000001096e0110, 0x0000000109f30000)
  to   space 8512K,   0% used [0x0000000109f30000, 0x0000000109f30000, 0x000000010a780000)
 concurrent mark-sweep generation total 439104K, used 373007K [0x000000010a780000, 0x0000000125450000, 0x0000000125450000)
 concurrent-mark-sweep perm gen total 21248K, used 2871K [0x0000000125450000, 0x0000000126910000, 0x000000012a650000)
}
13.832: [CMS-concurrent-abortable-preclean: 0.013/0.150 secs] [Times: user=0.17 sys=0.00, real=0.15 secs] 
13.836: [GC[YG occupancy: 10968 K (76672 K)]13.836: [Rescan (non-parallel) 13.836: [grey object rescan, 0.0010710 secs]13.837: [root rescan, 0.0001240 secs], 0.0012190 secs]13.837: [weak refs processing, 0.0000080 secs]13.837: [scrub string table, 0.0000210 secs] [1 CMS-remark: 373007K(439104K)] 383975K(515776K), 0.0013180 secs] [Times: user=0.00 sys=0.00, real=0.00 secs] 
13.837: [CMS-concurrent-sweep-start]
13.838: [CMS-concurrent-sweep: 0.001/0.001 secs] [Times: user=0.00 sys=0.00, real=0.00 secs] 
13.838: [CMS-concurrent-reset-start]
13.841: [CMS-concurrent-reset: 0.003/0.003 secs] [Times: user=0.01 sys=0.00, real=0.01 secs] 
{Heap before GC invocations=206 (full 87):
 def new generation   total 76672K, used 58271K [0x0000000105450000, 0x000000010a780000, 0x000000010a780000)
  eden space 68160K,  85% used [0x0000000105450000, 0x0000000108d37c30, 0x00000001096e0000)
  from space 8512K,   0% used [0x00000001096e0000, 0x00000001096e0110, 0x0000000109f30000)
  to   space 8512K,   0% used [0x0000000109f30000, 0x0000000109f30000, 0x000000010a780000)
 concurrent mark-sweep generation total 439104K, used 277848K [0x000000010a780000, 0x0000000125450000, 0x0000000125450000)
 concurrent-mark-sweep perm gen total 21248K, used 2871K [0x0000000125450000, 0x0000000126910000, 0x000000012a650000)
13.864: [GC 13.864: [DefNew
Desired survivor size 4358144 bytes, new threshold 6 (max 6)
- age   1:        176 bytes,        176 total
- age   6:         80 bytes,        256 total
: 58271K->0K(76672K), 0.0258800 secs] 336120K->336116K(515776K), 0.0259420 secs] [Times: user=0.03 sys=0.00, real=0.03 secs] 
Heap after GC invocations=207 (full 87):
 def new generation   total 76672K, used 0K [0x0000000105450000, 0x000000010a780000, 0x000000010a780000)
  eden space 68160K,   0% used [0x0000000105450000, 0x0000000105450000, 0x00000001096e0000)
  from space 8512K,   0% used [0x0000000109f30000, 0x0000000109f30100, 0x000000010a780000)
  to   space 8512K,   0% used [0x00000001096e0000, 0x00000001096e0000, 0x0000000109f30000)
 concurrent mark-sweep generation total 439104K, used 336115K [0x000000010a780000, 0x0000000125450000, 0x0000000125450000)
 concurrent-mark-sweep perm gen total 21248K, used 2871K [0x0000000125450000, 0x0000000126910000, 0x000000012a650000)
}
13.908: [GC [1 CMS-initial-mark: 336115K(439104K)] 374799K(515776K), 0.0001860 secs] [Times: user=0.00 sys=0.00, real=0.00 secs] 
13.908: [CMS-concurrent-mark-start]
13.919: [CMS-concurrent-mark: 0.010/0.010 secs] [Times: user=0.02 sys=0.00, real=0.01 secs] 
13.919: [CMS-concurrent-preclean-start]
13.920: [CMS-concurrent-preclean: 0.001/0.001 secs] [Times: user=0.00 sys=0.00, real=0.01 secs] 
13.920: [CMS-concurrent-abortable-preclean-start]
{Heap before GC invocations=207 (full 88):
 def new generation   total 76672K, used 57512K [0x0000000105450000, 0x000000010a780000, 0x000000010a780000)
  eden space 68160K,  84% used [0x0000000105450000, 0x0000000108c7a198, 0x00000001096e0000)
  from space 8512K,   0% used [0x0000000109f30000, 0x0000000109f30100, 0x000000010a780000)
  to   space 8512K,   0% used [0x00000001096e0000, 0x00000001096e0000, 0x0000000109f30000)
 concurrent mark-sweep generation total 439104K, used 336115K [0x000000010a780000, 0x0000000125450000, 0x0000000125450000)
 concurrent-mark-sweep perm gen total 21248K, used 2871K [0x0000000125450000, 0x0000000126910000, 0x000000012a650000)
13.921: [GC 13.921: [DefNew
Desired survivor size 4358144 bytes, new threshold 6 (max 6)
- age   1:        136 bytes,        136 total
: 57512K->0K(76672K), 0.0258780 secs] 393628K->393626K(515776K), 0.0259380 secs] [Times: user=0.03 sys=0.00, real=0.02 secs] 
Heap after GC invocations=208 (full 88):
 def new generation   total 76672K, used 0K [0x0000000105450000, 0x000000010a780000, 0x000000010a780000)
  eden space 68160K,   0% used [0x0000000105450000, 0x0000000105450000, 0x00000001096e0000)
  from space 8512K,   0% used [0x00000001096e0000, 0x00000001096e0088, 0x0000000109f30000)
  to   space 8512K,   0% used [0x0000000109f30000, 0x0000000109f30000, 0x000000010a780000)
 concurrent mark-sweep generation total 439104K, used 393626K [0x000000010a780000, 0x0000000125450000, 0x0000000125450000)
 concurrent-mark-sweep perm gen total 21248K, used 2871K [0x0000000125450000, 0x0000000126910000, 0x000000012a650000)
}
{Heap before GC invocations=208 (full 88):
 def new generation   total 76672K, used 61675K [0x0000000105450000, 0x000000010a780000, 0x000000010a780000)
  eden space 68160K,  90% used [0x0000000105450000, 0x000000010908acb8, 0x00000001096e0000)
  from space 8512K,   0% used [0x00000001096e0000, 0x00000001096e0088, 0x0000000109f30000)
  to   space 8512K,   0% used [0x0000000109f30000, 0x0000000109f30000, 0x000000010a780000)
 concurrent mark-sweep generation total 439104K, used 393626K [0x000000010a780000, 0x0000000125450000, 0x0000000125450000)
 concurrent-mark-sweep perm gen total 21248K, used 2871K [0x0000000125450000, 0x0000000126910000, 0x000000012a650000)
13.979: [GC 13.979: [DefNew: 61675K->61675K(76672K), 0.0000180 secs]13.979: [CMS13.979: [CMS-concurrent-abortable-preclean: 0.001/0.059 secs] [Times: user=0.07 sys=0.00, real=0.06 secs] 
 (concurrent mode failure): 393626K->94255K(439104K), 0.0438310 secs] 455301K->94255K(515776K), [CMS Perm : 2871K->2871K(21248K)], 0.0439650 secs] [Times: user=0.04 sys=0.00, real=0.05 secs] 
Heap after GC invocations=209 (full 89):
 def new generation   total 76672K, used 0K [0x0000000105450000, 0x000000010a780000, 0x000000010a780000)
  eden space 68160K,   0% used [0x0000000105450000, 0x0000000105450000, 0x00000001096e0000)
  from space 8512K,   0% used [0x00000001096e0000, 0x00000001096e0000, 0x0000000109f30000)
  to   space 8512K,   0% used [0x0000000109f30000, 0x0000000109f30000, 0x000000010a780000)
 concurrent mark-sweep generation total 439104K, used 94255K [0x000000010a780000, 0x0000000125450000, 0x0000000125450000)
 concurrent-mark-sweep perm gen total 21248K, used 2871K [0x0000000125450000, 0x0000000126910000, 0x000000012a650000)
}
{Heap before GC invocations=209 (full 89):
 def new generation   total 76672K, used 63396K [0x0000000105450000, 0x000000010a780000, 0x000000010a780000)
  eden space 68160K,  93% used [0x0000000105450000, 0x0000000109239128, 0x00000001096e0000)
  from space 8512K,   0% used [0x00000001096e0000, 0x00000001096e0000, 0x0000000109f30000)
  to   space 8512K,   0% used [0x0000000109f30000, 0x0000000109f30000, 0x000000010a780000)
 concurrent mark-sweep generation total 439104K, used 94255K [0x000000010a780000, 0x0000000125450000, 0x0000000125450000)
 concurrent-mark-sweep perm gen total 21248K, used 2871K [0x0000000125450000, 0x0000000126910000, 0x000000012a650000)
14.055: [GC 14.055: [DefNew
Desired survivor size 4358144 bytes, new threshold 6 (max 6)
- age   1:        112 bytes,        112 total
: 63396K->0K(76672K), 0.0285800 secs] 157651K->157650K(515776K), 0.0286470 secs] [Times: user=0.02 sys=0.00, real=0.03 secs] 
Heap after GC invocations=210 (full 89):
 def new generation   total 76672K, used 0K [0x0000000105450000, 0x000000010a780000, 0x000000010a780000)
  eden space 68160K,   0% used [0x0000000105450000, 0x0000000105450000, 0x00000001096e0000)
  from space 8512K,   0% used [0x0000000109f30000, 0x0000000109f30070, 0x000000010a780000)
  to   space 8512K,   0% used [0x00000001096e0000, 0x00000001096e0000, 0x0000000109f30000)
 concurrent mark-sweep generation total 439104K, used 157649K [0x000000010a780000, 0x0000000125450000, 0x0000000125450000)
 concurrent-mark-sweep perm gen total 21248K, used 2871K [0x0000000125450000, 0x0000000126910000, 0x000000012a650000)
}
{Heap before GC invocations=210 (full 89):
 def new generation   total 76672K, used 56778K [0x0000000105450000, 0x000000010a780000, 0x000000010a780000)
  eden space 68160K,  83% used [0x0000000105450000, 0x0000000108bc2b18, 0x00000001096e0000)
  from space 8512K,   0% used [0x0000000109f30000, 0x0000000109f30070, 0x000000010a780000)
  to   space 8512K,   0% used [0x00000001096e0000, 0x00000001096e0000, 0x0000000109f30000)
 concurrent mark-sweep generation total 439104K, used 157649K [0x000000010a780000, 0x0000000125450000, 0x0000000125450000)
 concurrent-mark-sweep perm gen total 21248K, used 2871K [0x0000000125450000, 0x0000000126910000, 0x000000012a650000)
14.115: [GC 14.115: [DefNew
Desired survivor size 4358144 bytes, new threshold 6 (max 6)
- age   1:        176 bytes,        176 total
- age   2:         40 bytes,        216 total
: 56778K->0K(76672K), 0.0271950 secs] 214428K->214424K(515776K), 0.0272690 secs] [Times: user=0.03 sys=0.00, real=0.03 secs] 
Heap after GC invocations=211 (full 89):
 def new generation   total 76672K, used 0K [0x0000000105450000, 0x000000010a780000, 0x000000010a780000)
  eden space 68160K,   0% used [0x0000000105450000, 0x0000000105450000, 0x00000001096e0000)
  from space 8512K,   0% used [0x00000001096e0000, 0x00000001096e00d8, 0x0000000109f30000)
  to   space 8512K,   0% used [0x0000000109f30000, 0x0000000109f30000, 0x000000010a780000)
 concurrent mark-sweep generation total 439104K, used 214424K [0x000000010a780000, 0x0000000125450000, 0x0000000125450000)
 concurrent-mark-sweep perm gen total 21248K, used 2871K [0x0000000125450000, 0x0000000126910000, 0x000000012a650000)
}
14.159: [GC [1 CMS-initial-mark: 214424K(439104K)] 251066K(515776K), 0.0001800 secs] [Times: user=0.00 sys=0.00, real=0.00 secs] 
14.160: [CMS-concurrent-mark-start]
14.166: [CMS-concurrent-mark: 0.006/0.006 secs] [Times: user=0.01 sys=0.00, real=0.00 secs] 
14.166: [CMS-concurrent-preclean-start]
14.167: [CMS-concurrent-preclean: 0.001/0.001 secs] [Times: user=0.00 sys=0.00, real=0.00 secs] 
14.167: [CMS-concurrent-abortable-preclean-start]
{Heap before GC invocations=211 (full 90):
 def new generation   total 76672K, used 60462K [0x0000000105450000, 0x000000010a780000, 0x000000010a780000)
  eden space 68160K,  88% used [0x0000000105450000, 0x0000000108f5b948, 0x00000001096e0000)
  from space 8512K,   0% used [0x00000001096e0000, 0x00000001096e00d8, 0x0000000109f30000)
  to   space 8512K,   0% used [0x0000000109f30000, 0x0000000109f30000, 0x000000010a780000)
 concurrent mark-sweep generation total 439104K, used 214424K [0x000000010a780000, 0x0000000125450000, 0x0000000125450000)
 concurrent-mark-sweep perm gen total 21248K, used 2871K [0x0000000125450000, 0x0000000126910000, 0x000000012a650000)
14.179: [GC 14.179: [DefNew
Desired survivor size 4358144 bytes, new threshold 6 (max 6)
- age   1:        176 bytes,        176 total
- age   3:         40 bytes,        216 total
: 60462K->0K(76672K), 0.0273860 secs] 274887K->274883K(515776K), 0.0274510 secs] [Times: user=0.03 sys=0.00, real=0.03 secs] 
Heap after GC invocations=212 (full 90):
 def new generation   total 76672K, used 0K [0x0000000105450000, 0x000000010a780000, 0x000000010a780000)
  eden space 68160K,   0% used [0x0000000105450000, 0x0000000105450000, 0x00000001096e0000)
  from space 8512K,   0% used [0x0000000109f30000, 0x0000000109f300d8, 0x000000010a780000)
  to   space 8512K,   0% used [0x00000001096e0000, 0x00000001096e0000, 0x0000000109f30000)
 concurrent mark-sweep generation total 439104K, used 274882K [0x000000010a780000, 0x0000000125450000, 0x0000000125450000)
 concurrent-mark-sweep perm gen total 21248K, used 2871K [0x0000000125450000, 0x0000000126910000, 0x000000012a650000)
}
{Heap before GC invocations=212 (full 90):
 def new generation   total 76672K, used 59134K [0x0000000105450000, 0x000000010a780000, 0x000000010a780000)
  eden space 68160K,  86% used [0x0000000105450000, 0x0000000108e0fa20, 0x00000001096e0000)
  from space 8512K,   0% used [0x0000000109f30000, 0x0000000109f300d8, 0x000000010a780000)
  to   space 8512K,   0% used [0x00000001096e0000, 0x00000001096e0000, 0x0000000109f30000)
 concurrent mark-sweep generation total 439104K, used 274882K [0x000000010a780000, 0x0000000125450000, 0x0000000125450000)
 concurrent-mark-sweep perm gen total 21248K, used 2871K [0x0000000125450000, 0x0000000126910000, 0x000000012a650000)
14.239: [GC 14.239: [DefNew
Desired survivor size 4358144 bytes, new threshold 6 (max 6)
- age   1:        112 bytes,        112 total
- age   4:         40 bytes,        152 total
: 59134K->0K(76672K), 0.0273850 secs] 334017K->334013K(515776K), 0.0274590 secs] [Times: user=0.02 sys=0.00, real=0.03 secs] 
Heap after GC invocations=213 (full 90):
 def new generation   total 76672K, used 0K [0x0000000105450000, 0x000000010a780000, 0x000000010a780000)
  eden space 68160K,   0% used [0x0000000105450000, 0x0000000105450000, 0x00000001096e0000)
  from space 8512K,   0% used [0x00000001096e0000, 0x00000001096e0098, 0x0000000109f30000)
  to   space 8512K,   0% used [0x0000000109f30000, 0x0000000109f30000, 0x000000010a780000)
 concurrent mark-sweep generation total 439104K, used 334013K [0x000000010a780000, 0x0000000125450000, 0x0000000125450000)
 concurrent-mark-sweep perm gen total 21248K, used 2871K [0x0000000125450000, 0x0000000126910000, 0x000000012a650000)
}
14.267: [CMS-concurrent-abortable-preclean: 0.002/0.100 secs] [Times: user=0.11 sys=0.01, real=0.10 secs] 
14.270: [GC[YG occupancy: 10758 K (76672 K)]14.270: [Rescan (non-parallel) 14.270: [grey object rescan, 0.0010580 secs]14.272: [root rescan, 0.0001230 secs], 0.0012460 secs]14.272: [weak refs processing, 0.0000070 secs]14.272: [scrub string table, 0.0000210 secs] [1 CMS-remark: 334013K(439104K)] 344772K(515776K), 0.0013450 secs] [Times: user=0.00 sys=0.00, real=0.00 secs] 
14.272: [CMS-concurrent-sweep-start]
14.272: [CMS-concurrent-sweep: 0.000/0.000 secs] [Times: user=0.00 sys=0.00, real=0.00 secs] 
14.272: [CMS-concurrent-reset-start]
14.277: [CMS-concurrent-reset: 0.004/0.004 secs] [Times: user=0.01 sys=0.00, real=0.00 secs] 
{Heap before GC invocations=213 (full 90):
 def new generation   total 76672K, used 60402K [0x0000000105450000, 0x000000010a780000, 0x000000010a780000)
  eden space 68160K,  88% used [0x0000000105450000, 0x0000000108f4c930, 0x00000001096e0000)
  from space 8512K,   0% used [0x00000001096e0000, 0x00000001096e0098, 0x0000000109f30000)
  to   space 8512K,   0% used [0x0000000109f30000, 0x0000000109f30000, 0x000000010a780000)
 concurrent mark-sweep generation total 439104K, used 216828K [0x000000010a780000, 0x0000000125450000, 0x0000000125450000)
 concurrent-mark-sweep perm gen total 21248K, used 2871K [0x0000000125450000, 0x0000000126910000, 0x000000012a650000)
14.304: [GC 14.304: [DefNew
Desired survivor size 4358144 bytes, new threshold 6 (max 6)
- age   1:        192 bytes,        192 total
- age   5:         40 bytes,        232 total
: 60402K->0K(76672K), 0.0276870 secs] 277231K->277227K(515776K), 0.0277550 secs] [Times: user=0.03 sys=0.00, real=0.03 secs] 
Heap after GC invocations=214 (full 90):
 def new generation   total 76672K, used 0K [0x0000000105450000, 0x000000010a780000, 0x000000010a780000)
  eden space 68160K,   0% used [0x0000000105450000, 0x0000000105450000, 0x00000001096e0000)
  from space 8512K,   0% used [0x0000000109f30000, 0x0000000109f300e8, 0x000000010a780000)
  to   space 8512K,   0% used [0x00000001096e0000, 0x00000001096e0000, 0x0000000109f30000)
 concurrent mark-sweep generation total 439104K, used 277226K [0x000000010a780000, 0x0000000125450000, 0x0000000125450000)
 concurrent-mark-sweep perm gen total 21248K, used 2871K [0x0000000125450000, 0x0000000126910000, 0x000000012a650000)
}
14.336: [GC [1 CMS-initial-mark: 277226K(439104K)] 289307K(515776K), 0.0001840 secs] [Times: user=0.00 sys=0.00, real=0.00 secs] 
14.336: [CMS-concurrent-mark-start]
14.346: [CMS-concurrent-mark: 0.010/0.010 secs] [Times: user=0.02 sys=0.00, real=0.01 secs] 
14.346: [CMS-concurrent-preclean-start]
14.347: [CMS-concurrent-preclean: 0.001/0.001 secs] [Times: user=0.00 sys=0.00, real=0.00 secs] 
14.347: [CMS-concurrent-abortable-preclean-start]
{Heap before GC invocations=214 (full 91):
 def new generation   total 76672K, used 51028K [0x0000000105450000, 0x000000010a780000, 0x000000010a780000)
  eden space 68160K,  74% used [0x0000000105450000, 0x0000000108625020, 0x00000001096e0000)
  from space 8512K,   0% used [0x0000000109f30000, 0x0000000109f300e8, 0x000000010a780000)
  to   space 8512K,   0% used [0x00000001096e0000, 0x00000001096e0000, 0x0000000109f30000)
 concurrent mark-sweep generation total 439104K, used 277226K [0x000000010a780000, 0x0000000125450000, 0x0000000125450000)
 concurrent-mark-sweep perm gen total 21248K, used 2871K [0x0000000125450000, 0x0000000126910000, 0x000000012a650000)
14.359: [GC 14.359: [DefNew
Desired survivor size 4358144 bytes, new threshold 6 (max 6)
- age   1:        152 bytes,        152 total
- age   6:         40 bytes,        192 total
: 51028K->0K(76672K), 0.0241460 secs] 328255K->328251K(515776K), 0.0242150 secs] [Times: user=0.03 sys=0.00, real=0.03 secs] 
Heap after GC invocations=215 (full 91):
 def new generation   total 76672K, used 0K [0x0000000105450000, 0x000000010a780000, 0x000000010a780000)
  eden space 68160K,   0% used [0x0000000105450000, 0x0000000105450000, 0x00000001096e0000)
  from space 8512K,   0% used [0x00000001096e0000, 0x00000001096e00c0, 0x0000000109f30000)
  to   space 8512K,   0% used [0x0000000109f30000, 0x0000000109f30000, 0x000000010a780000)
 concurrent mark-sweep generation total 439104K, used 328250K [0x000000010a780000, 0x0000000125450000, 0x0000000125450000)
 concurrent-mark-sweep perm gen total 21248K, used 2871K [0x0000000125450000, 0x0000000126910000, 0x000000012a650000)
}
{Heap before GC invocations=215 (full 91):
 def new generation   total 76672K, used 59052K [0x0000000105450000, 0x000000010a780000, 0x000000010a780000)
  eden space 68160K,  86% used [0x0000000105450000, 0x0000000108dfb2e0, 0x00000001096e0000)
  from space 8512K,   0% used [0x00000001096e0000, 0x00000001096e00c0, 0x0000000109f30000)
  to   space 8512K,   0% used [0x0000000109f30000, 0x0000000109f30000, 0x000000010a780000)
 concurrent mark-sweep generation total 439104K, used 328250K [0x000000010a780000, 0x0000000125450000, 0x0000000125450000)
 concurrent-mark-sweep perm gen total 21248K, used 2871K [0x0000000125450000, 0x0000000126910000, 0x000000012a650000)
14.413: [GC 14.413: [DefNew
Desired survivor size 4358144 bytes, new threshold 6 (max 6)
- age   1:        152 bytes,        152 total
: 59052K->0K(76672K), 0.0276120 secs] 387303K->387299K(515776K), 0.0276840 secs] [Times: user=0.03 sys=0.00, real=0.03 secs] 
Heap after GC invocations=216 (full 91):
 def new generation   total 76672K, used 0K [0x0000000105450000, 0x000000010a780000, 0x000000010a780000)
  eden space 68160K,   0% used [0x0000000105450000, 0x0000000105450000, 0x00000001096e0000)
  from space 8512K,   0% used [0x0000000109f30000, 0x0000000109f30098, 0x000000010a780000)
  to   space 8512K,   0% used [0x00000001096e0000, 0x00000001096e0000, 0x0000000109f30000)
 concurrent mark-sweep generation total 439104K, used 387299K [0x000000010a780000, 0x0000000125450000, 0x0000000125450000)
 concurrent-mark-sweep perm gen total 21248K, used 2871K [0x0000000125450000, 0x0000000126910000, 0x000000012a650000)
}
{Heap before GC invocations=216 (full 91):
 def new generation   total 76672K, used 49208K [0x0000000105450000, 0x000000010a780000, 0x000000010a780000)
  eden space 68160K,  72% used [0x0000000105450000, 0x000000010845e070, 0x00000001096e0000)
  from space 8512K,   0% used [0x0000000109f30000, 0x0000000109f30098, 0x000000010a780000)
  to   space 8512K,   0% used [0x00000001096e0000, 0x00000001096e0000, 0x0000000109f30000)
 concurrent mark-sweep generation total 439104K, used 387299K [0x000000010a780000, 0x0000000125450000, 0x0000000125450000)
 concurrent-mark-sweep perm gen total 21248K, used 2871K [0x0000000125450000, 0x0000000126910000, 0x000000012a650000)
14.465: [GC 14.465: [DefNew (promotion failed) : 49208K->49208K(76672K), 0.0182740 secs]14.483: [CMS14.483: [CMS-concurrent-abortable-preclean: 0.003/0.136 secs] [Times: user=0.15 sys=0.00, real=0.14 secs] 
 (concurrent mode failure): 420413K->87285K(439104K), 0.0410780 secs] 436507K->87285K(515776K), [CMS Perm : 2871K->2871K(21248K)], 0.0594550 secs] [Times: user=0.06 sys=0.00, real=0.06 secs] 
Heap after GC invocations=217 (full 92):
 def new generation   total 76672K, used 0K [0x0000000105450000, 0x000000010a780000, 0x000000010a780000)
  eden space 68160K,   0% used [0x0000000105450000, 0x0000000105450000, 0x00000001096e0000)
  from space 8512K,   0% used [0x00000001096e0000, 0x00000001096e0000, 0x0000000109f30000)
  to   space 8512K,   0% used [0x0000000109f30000, 0x0000000109f30000, 0x000000010a780000)
 concurrent mark-sweep generation total 439104K, used 87285K [0x000000010a780000, 0x0000000125450000, 0x0000000125450000)
 concurrent-mark-sweep perm gen total 21248K, used 2871K [0x0000000125450000, 0x0000000126910000, 0x000000012a650000)
}
{Heap before GC invocations=217 (full 92):
 def new generation   total 76672K, used 55767K [0x0000000105450000, 0x000000010a780000, 0x000000010a780000)
  eden space 68160K,  81% used [0x0000000105450000, 0x0000000108ac5f78, 0x00000001096e0000)
  from space 8512K,   0% used [0x00000001096e0000, 0x00000001096e0000, 0x0000000109f30000)
  to   space 8512K,   0% used [0x0000000109f30000, 0x0000000109f30000, 0x000000010a780000)
 concurrent mark-sweep generation total 439104K, used 87285K [0x000000010a780000, 0x0000000125450000, 0x0000000125450000)
 concurrent-mark-sweep perm gen total 21248K, used 2871K [0x0000000125450000, 0x0000000126910000, 0x000000012a650000)
14.554: [GC 14.554: [DefNew
Desired survivor size 4358144 bytes, new threshold 6 (max 6)
- age   1:        152 bytes,        152 total
: 55767K->0K(76672K), 0.0255680 secs] 143053K->143051K(515776K), 0.0256340 secs] [Times: user=0.03 sys=0.00, real=0.02 secs] 
Heap after GC invocations=218 (full 92):
 def new generation   total 76672K, used 0K [0x0000000105450000, 0x000000010a780000, 0x000000010a780000)
  eden space 68160K,   0% used [0x0000000105450000, 0x0000000105450000, 0x00000001096e0000)
  from space 8512K,   0% used [0x0000000109f30000, 0x0000000109f30098, 0x000000010a780000)
  to   space 8512K,   0% used [0x00000001096e0000, 0x00000001096e0000, 0x0000000109f30000)
 concurrent mark-sweep generation total 439104K, used 143051K [0x000000010a780000, 0x0000000125450000, 0x0000000125450000)
 concurrent-mark-sweep perm gen total 21248K, used 2871K [0x0000000125450000, 0x0000000126910000, 0x000000012a650000)
}
{Heap before GC invocations=218 (full 92):
 def new generation   total 76672K, used 65186K [0x0000000105450000, 0x000000010a780000, 0x000000010a780000)
  eden space 68160K,  95% used [0x0000000105450000, 0x00000001093f8b08, 0x00000001096e0000)
  from space 8512K,   0% used [0x0000000109f30000, 0x0000000109f30098, 0x000000010a780000)
  to   space 8512K,   0% used [0x00000001096e0000, 0x00000001096e0000, 0x0000000109f30000)
 concurrent mark-sweep generation total 439104K, used 143051K [0x000000010a780000, 0x0000000125450000, 0x0000000125450000)
 concurrent-mark-sweep perm gen total 21248K, used 2871K [0x0000000125450000, 0x0000000126910000, 0x000000012a650000)
14.611: [GC 14.611: [DefNew
Desired survivor size 4358144 bytes, new threshold 6 (max 6)
- age   1:        152 bytes,        152 total
- age   2:         80 bytes,        232 total
: 65186K->0K(76672K), 0.0293020 secs] 208238K->208234K(515776K), 0.0293630 secs] [Times: user=0.02 sys=0.00, real=0.03 secs] 
Heap after GC invocations=219 (full 92):
 def new generation   total 76672K, used 0K [0x0000000105450000, 0x000000010a780000, 0x000000010a780000)
  eden space 68160K,   0% used [0x0000000105450000, 0x0000000105450000, 0x00000001096e0000)
  from space 8512K,   0% used [0x00000001096e0000, 0x00000001096e00e8, 0x0000000109f30000)
  to   space 8512K,   0% used [0x0000000109f30000, 0x0000000109f30000, 0x000000010a780000)
 concurrent mark-sweep generation total 439104K, used 208233K [0x000000010a780000, 0x0000000125450000, 0x0000000125450000)
 concurrent-mark-sweep perm gen total 21248K, used 2871K [0x0000000125450000, 0x0000000126910000, 0x000000012a650000)
}
14.651: [GC [1 CMS-initial-mark: 208233K(439104K)] 231832K(515776K), 0.0001830 secs] [Times: user=0.00 sys=0.00, real=0.00 secs] 
14.652: [CMS-concurrent-mark-start]
14.662: [CMS-concurrent-mark: 0.011/0.011 secs] [Times: user=0.01 sys=0.00, real=0.01 secs] 
14.662: [CMS-concurrent-preclean-start]
14.663: [CMS-concurrent-preclean: 0.001/0.001 secs] [Times: user=0.01 sys=0.00, real=0.00 secs] 
14.663: [CMS-concurrent-abortable-preclean-start]
{Heap before GC invocations=219 (full 93):
 def new generation   total 76672K, used 45880K [0x0000000105450000, 0x000000010a780000, 0x000000010a780000)
  eden space 68160K,  67% used [0x0000000105450000, 0x000000010811e0a0, 0x00000001096e0000)
  from space 8512K,   0% used [0x00000001096e0000, 0x00000001096e00e8, 0x0000000109f30000)
  to   space 8512K,   0% used [0x0000000109f30000, 0x0000000109f30000, 0x000000010a780000)
 concurrent mark-sweep generation total 439104K, used 208233K [0x000000010a780000, 0x0000000125450000, 0x0000000125450000)
 concurrent-mark-sweep perm gen total 21248K, used 2871K [0x0000000125450000, 0x0000000126910000, 0x000000012a650000)
14.665: [GC 14.665: [DefNew
Desired survivor size 4358144 bytes, new threshold 6 (max 6)
- age   1:        112 bytes,        112 total
- age   2:        120 bytes,        232 total
- age   3:         80 bytes,        312 total
: 45880K->0K(76672K), 0.0217220 secs] 254114K->254112K(515776K), 0.0217790 secs] [Times: user=0.02 sys=0.00, real=0.02 secs] 
Heap after GC invocations=220 (full 93):
 def new generation   total 76672K, used 0K [0x0000000105450000, 0x000000010a780000, 0x000000010a780000)
  eden space 68160K,   0% used [0x0000000105450000, 0x0000000105450000, 0x00000001096e0000)
  from space 8512K,   0% used [0x0000000109f30000, 0x0000000109f30138, 0x000000010a780000)
  to   space 8512K,   0% used [0x00000001096e0000, 0x00000001096e0000, 0x0000000109f30000)
 concurrent mark-sweep generation total 439104K, used 254111K [0x000000010a780000, 0x0000000125450000, 0x0000000125450000)
 concurrent-mark-sweep perm gen total 21248K, used 2871K [0x0000000125450000, 0x0000000126910000, 0x000000012a650000)
}
{Heap before GC invocations=220 (full 93):
 def new generation   total 76672K, used 61916K [0x0000000105450000, 0x000000010a780000, 0x000000010a780000)
  eden space 68160K,  90% used [0x0000000105450000, 0x00000001090c7120, 0x00000001096e0000)
  from space 8512K,   0% used [0x0000000109f30000, 0x0000000109f30138, 0x000000010a780000)
  to   space 8512K,   0% used [0x00000001096e0000, 0x00000001096e0000, 0x0000000109f30000)
 concurrent mark-sweep generation total 439104K, used 254111K [0x000000010a780000, 0x0000000125450000, 0x0000000125450000)
 concurrent-mark-sweep perm gen total 21248K, used 2871K [0x0000000125450000, 0x0000000126910000, 0x000000012a650000)
14.720: [GC 14.720: [DefNew
Desired survivor size 4358144 bytes, new threshold 6 (max 6)
- age   1:        152 bytes,        152 total
- age   4:         80 bytes,        232 total
: 61916K->0K(76672K), 0.0282240 secs] 316028K->316024K(515776K), 0.0282900 secs] [Times: user=0.03 sys=0.00, real=0.02 secs] 
Heap after GC invocations=221 (full 93):
 def new generation   total 76672K, used 0K [0x0000000105450000, 0x000000010a780000, 0x000000010a780000)
  eden space 68160K,   0% used [0x0000000105450000, 0x0000000105450000, 0x00000001096e0000)
  from space 8512K,   0% used [0x00000001096e0000, 0x00000001096e00e8, 0x0000000109f30000)
  to   space 8512K,   0% used [0x0000000109f30000, 0x0000000109f30000, 0x000000010a780000)
 concurrent mark-sweep generation total 439104K, used 316024K [0x000000010a780000, 0x0000000125450000, 0x0000000125450000)
 concurrent-mark-sweep perm gen total 21248K, used 2871K [0x0000000125450000, 0x0000000126910000, 0x000000012a650000)
}
{Heap before GC invocations=221 (full 93):
 def new generation   total 76672K, used 65891K [0x0000000105450000, 0x000000010a780000, 0x000000010a780000)
  eden space 68160K,  96% used [0x0000000105450000, 0x00000001094a8e28, 0x00000001096e0000)
  from space 8512K,   0% used [0x00000001096e0000, 0x00000001096e00e8, 0x0000000109f30000)
  to   space 8512K,   0% used [0x0000000109f30000, 0x0000000109f30000, 0x000000010a780000)
 concurrent mark-sweep generation total 439104K, used 316024K [0x000000010a780000, 0x0000000125450000, 0x0000000125450000)
 concurrent-mark-sweep perm gen total 21248K, used 2871K [0x0000000125450000, 0x0000000126910000, 0x000000012a650000)
14.788: [GC 14.788: [DefNew
Desired survivor size 4358144 bytes, new threshold 6 (max 6)
- age   1:        232 bytes,        232 total
- age   5:         80 bytes,        312 total
: 65891K->0K(76672K), 0.0288630 secs] 381915K->381911K(515776K), 0.0289250 secs] [Times: user=0.03 sys=0.00, real=0.03 secs] 
Heap after GC invocations=222 (full 93):
 def new generation   total 76672K, used 0K [0x0000000105450000, 0x000000010a780000, 0x000000010a780000)
  eden space 68160K,   0% used [0x0000000105450000, 0x0000000105450000, 0x00000001096e0000)
  from space 8512K,   0% used [0x0000000109f30000, 0x0000000109f30138, 0x000000010a780000)
  to   space 8512K,   0% used [0x00000001096e0000, 0x00000001096e0000, 0x0000000109f30000)
 concurrent mark-sweep generation total 439104K, used 381911K [0x000000010a780000, 0x0000000125450000, 0x0000000125450000)
 concurrent-mark-sweep perm gen total 21248K, used 2871K [0x0000000125450000, 0x0000000126910000, 0x000000012a650000)
}
{Heap before GC invocations=222 (full 93):
 def new generation   total 76672K, used 61805K [0x0000000105450000, 0x000000010a780000, 0x000000010a780000)
  eden space 68160K,  90% used [0x0000000105450000, 0x00000001090ab470, 0x00000001096e0000)
  from space 8512K,   0% used [0x0000000109f30000, 0x0000000109f30138, 0x000000010a780000)
  to   space 8512K,   0% used [0x00000001096e0000, 0x00000001096e0000, 0x0000000109f30000)
 concurrent mark-sweep generation total 439104K, used 381911K [0x000000010a780000, 0x0000000125450000, 0x0000000125450000)
 concurrent-mark-sweep perm gen total 21248K, used 2871K [0x0000000125450000, 0x0000000126910000, 0x000000012a650000)
14.847: [GC 14.847: [DefNew: 61805K->61805K(76672K), 0.0000220 secs]14.847: [CMS14.848: [CMS-concurrent-abortable-preclean: 0.004/0.184 secs] [Times: user=0.21 sys=0.00, real=0.18 secs] 
 (concurrent mode failure): 381911K->106619K(439104K), 0.0494720 secs] 443717K->106619K(515776K), [CMS Perm : 2871K->2871K(21248K)], 0.0495820 secs] [Times: user=0.05 sys=0.00, real=0.05 secs] 
Heap after GC invocations=223 (full 94):
 def new generation   total 76672K, used 0K [0x0000000105450000, 0x000000010a780000, 0x000000010a780000)
  eden space 68160K,   0% used [0x0000000105450000, 0x0000000105450000, 0x00000001096e0000)
  from space 8512K,   0% used [0x0000000109f30000, 0x0000000109f30000, 0x000000010a780000)
  to   space 8512K,   0% used [0x00000001096e0000, 0x00000001096e0000, 0x0000000109f30000)
 concurrent mark-sweep generation total 439104K, used 106619K [0x000000010a780000, 0x0000000125450000, 0x0000000125450000)
 concurrent-mark-sweep perm gen total 21248K, used 2871K [0x0000000125450000, 0x0000000126910000, 0x000000012a650000)
}
{Heap before GC invocations=223 (full 94):
 def new generation   total 76672K, used 57328K [0x0000000105450000, 0x000000010a780000, 0x000000010a780000)
  eden space 68160K,  84% used [0x0000000105450000, 0x0000000108c4c270, 0x00000001096e0000)
  from space 8512K,   0% used [0x0000000109f30000, 0x0000000109f30000, 0x000000010a780000)
  to   space 8512K,   0% used [0x00000001096e0000, 0x00000001096e0000, 0x0000000109f30000)
 concurrent mark-sweep generation total 439104K, used 106619K [0x000000010a780000, 0x0000000125450000, 0x0000000125450000)
 concurrent-mark-sweep perm gen total 21248K, used 2871K [0x0000000125450000, 0x0000000126910000, 0x000000012a650000)
14.926: [GC 14.926: [DefNew
Desired survivor size 4358144 bytes, new threshold 6 (max 6)
- age   1:        152 bytes,        152 total
: 57328K->0K(76672K), 0.0263260 secs] 163947K->163946K(515776K), 0.0263960 secs] [Times: user=0.02 sys=0.00, real=0.03 secs] 
Heap after GC invocations=224 (full 94):
 def new generation   total 76672K, used 0K [0x0000000105450000, 0x000000010a780000, 0x000000010a780000)
  eden space 68160K,   0% used [0x0000000105450000, 0x0000000105450000, 0x00000001096e0000)
  from space 8512K,   0% used [0x00000001096e0000, 0x00000001096e0098, 0x0000000109f30000)
  to   space 8512K,   0% used [0x0000000109f30000, 0x0000000109f30000, 0x000000010a780000)
 concurrent mark-sweep generation total 439104K, used 163945K [0x000000010a780000, 0x0000000125450000, 0x0000000125450000)
 concurrent-mark-sweep perm gen total 21248K, used 2871K [0x0000000125450000, 0x0000000126910000, 0x000000012a650000)
}
{Heap before GC invocations=224 (full 94):
 def new generation   total 76672K, used 64754K [0x0000000105450000, 0x000000010a780000, 0x000000010a780000)
  eden space 68160K,  95% used [0x0000000105450000, 0x000000010938cac8, 0x00000001096e0000)
  from space 8512K,   0% used [0x00000001096e0000, 0x00000001096e0098, 0x0000000109f30000)
  to   space 8512K,   0% used [0x0000000109f30000, 0x0000000109f30000, 0x000000010a780000)
 concurrent mark-sweep generation total 439104K, used 163945K [0x000000010a780000, 0x0000000125450000, 0x0000000125450000)
 concurrent-mark-sweep perm gen total 21248K, used 2871K [0x0000000125450000, 0x0000000126910000, 0x000000012a650000)
14.985: [GC 14.985: [DefNew
Desired survivor size 4358144 bytes, new threshold 6 (max 6)
- age   1:        152 bytes,        152 total
- age   2:         80 bytes,        232 total
: 64754K->0K(76672K), 0.0289440 secs] 228700K->228696K(515776K), 0.0290100 secs] [Times: user=0.02 sys=0.00, real=0.03 secs] 
Heap after GC invocations=225 (full 94):
 def new generation   total 76672K, used 0K [0x0000000105450000, 0x000000010a780000, 0x000000010a780000)
  eden space 68160K,   0% used [0x0000000105450000, 0x0000000105450000, 0x00000001096e0000)
  from space 8512K,   0% used [0x0000000109f30000, 0x0000000109f300e8, 0x000000010a780000)
  to   space 8512K,   0% used [0x00000001096e0000, 0x00000001096e0000, 0x0000000109f30000)
 concurrent mark-sweep generation total 439104K, used 228696K [0x000000010a780000, 0x0000000125450000, 0x0000000125450000)
 concurrent-mark-sweep perm gen total 21248K, used 2871K [0x0000000125450000, 0x0000000126910000, 0x000000012a650000)
}
15.024: [GC [1 CMS-initial-mark: 228696K(439104K)] 252137K(515776K), 0.0001810 secs] [Times: user=0.00 sys=0.00, real=0.00 secs] 
15.025: [CMS-concurrent-mark-start]
15.036: [CMS-concurrent-mark: 0.011/0.011 secs] [Times: user=0.02 sys=0.00, real=0.01 secs] 
15.036: [CMS-concurrent-preclean-start]
15.037: [CMS-concurrent-preclean: 0.001/0.001 secs] [Times: user=0.00 sys=0.00, real=0.00 secs] 
15.037: [CMS-concurrent-abortable-preclean-start]
{Heap before GC invocations=225 (full 95):
 def new generation   total 76672K, used 49787K [0x0000000105450000, 0x000000010a780000, 0x000000010a780000)
  eden space 68160K,  73% used [0x0000000105450000, 0x00000001084eec10, 0x00000001096e0000)
  from space 8512K,   0% used [0x0000000109f30000, 0x0000000109f300e8, 0x000000010a780000)
  to   space 8512K,   0% used [0x00000001096e0000, 0x00000001096e0000, 0x0000000109f30000)
 concurrent mark-sweep generation total 439104K, used 228696K [0x000000010a780000, 0x0000000125450000, 0x0000000125450000)
 concurrent-mark-sweep perm gen total 21248K, used 2871K [0x0000000125450000, 0x0000000126910000, 0x000000012a650000)
15.045: [GC 15.045: [DefNew
Desired survivor size 4358144 bytes, new threshold 6 (max 6)
- age   1:        176 bytes,        176 total
- age   3:         80 bytes,        256 total
: 49787K->0K(76672K), 0.0226230 secs] 278483K->278479K(515776K), 0.0226880 secs] [Times: user=0.03 sys=0.00, real=0.02 secs] 
Heap after GC invocations=226 (full 95):
 def new generation   total 76672K, used 0K [0x0000000105450000, 0x000000010a780000, 0x000000010a780000)
  eden space 68160K,   0% used [0x0000000105450000, 0x0000000105450000, 0x00000001096e0000)
  from space 8512K,   0% used [0x00000001096e0000, 0x00000001096e0100, 0x0000000109f30000)
  to   space 8512K,   0% used [0x0000000109f30000, 0x0000000109f30000, 0x000000010a780000)
 concurrent mark-sweep generation total 439104K, used 278479K [0x000000010a780000, 0x0000000125450000, 0x0000000125450000)
 concurrent-mark-sweep perm gen total 21248K, used 2871K [0x0000000125450000, 0x0000000126910000, 0x000000012a650000)
}
{Heap before GC invocations=226 (full 95):
 def new generation   total 76672K, used 67896K [0x0000000105450000, 0x000000010a780000, 0x000000010a780000)
  eden space 68160K,  99% used [0x0000000105450000, 0x000000010969e210, 0x00000001096e0000)
  from space 8512K,   0% used [0x00000001096e0000, 0x00000001096e0100, 0x0000000109f30000)
  to   space 8512K,   0% used [0x0000000109f30000, 0x0000000109f30000, 0x000000010a780000)
 concurrent mark-sweep generation total 439104K, used 278479K [0x000000010a780000, 0x0000000125450000, 0x0000000125450000)
 concurrent-mark-sweep perm gen total 21248K, used 2871K [0x0000000125450000, 0x0000000126910000, 0x000000012a650000)
15.128: [GC 15.128: [DefNew
Desired survivor size 4358144 bytes, new threshold 6 (max 6)
- age   1:        112 bytes,        112 total
- age   4:         80 bytes,        192 total
: 67896K->0K(76672K), 0.0320440 secs] 346376K->346373K(515776K), 0.0321140 secs] [Times: user=0.03 sys=0.00, real=0.04 secs] 
Heap after GC invocations=227 (full 95):
 def new generation   total 76672K, used 0K [0x0000000105450000, 0x000000010a780000, 0x000000010a780000)
  eden space 68160K,   0% used [0x0000000105450000, 0x0000000105450000, 0x00000001096e0000)
  from space 8512K,   0% used [0x0000000109f30000, 0x0000000109f300c0, 0x000000010a780000)
  to   space 8512K,   0% used [0x00000001096e0000, 0x00000001096e0000, 0x0000000109f30000)
 concurrent mark-sweep generation total 439104K, used 346373K [0x000000010a780000, 0x0000000125450000, 0x0000000125450000)
 concurrent-mark-sweep perm gen total 21248K, used 2871K [0x0000000125450000, 0x0000000126910000, 0x000000012a650000)
}
15.167: [CMS-concurrent-abortable-preclean: 0.002/0.130 secs] [Times: user=0.12 sys=0.00, real=0.13 secs] 
15.170: [GC[YG occupancy: 20820 K (76672 K)]15.170: [Rescan (non-parallel) 15.170: [grey object rescan, 0.0010590 secs]15.171: [root rescan, 0.0001150 secs], 0.0011990 secs]15.171: [weak refs processing, 0.0000080 secs]15.171: [scrub string table, 0.0000200 secs] [1 CMS-remark: 346373K(439104K)] 367194K(515776K), 0.0012930 secs] [Times: user=0.00 sys=0.00, real=0.00 secs] 
15.172: [CMS-concurrent-sweep-start]
15.172: [CMS-concurrent-sweep: 0.000/0.000 secs] [Times: user=0.00 sys=0.00, real=0.00 secs] 
15.172: [CMS-concurrent-reset-start]
15.174: [CMS-concurrent-reset: 0.002/0.002 secs] [Times: user=0.00 sys=0.00, real=0.00 secs] 
{Heap before GC invocations=227 (full 95):
 def new generation   total 76672K, used 67133K [0x0000000105450000, 0x000000010a780000, 0x000000010a780000)
  eden space 68160K,  98% used [0x0000000105450000, 0x00000001095df6c0, 0x00000001096e0000)
  from space 8512K,   0% used [0x0000000109f30000, 0x0000000109f300c0, 0x000000010a780000)
  to   space 8512K,   0% used [0x00000001096e0000, 0x00000001096e0000, 0x0000000109f30000)
 concurrent mark-sweep generation total 439104K, used 241826K [0x000000010a780000, 0x0000000125450000, 0x0000000125450000)
 concurrent-mark-sweep perm gen total 21248K, used 2871K [0x0000000125450000, 0x0000000126910000, 0x000000012a650000)
15.208: [GC 15.208: [DefNew
Desired survivor size 4358144 bytes, new threshold 6 (max 6)
- age   1:        216 bytes,        216 total
- age   5:         80 bytes,        296 total
: 67133K->0K(76672K), 0.0294630 secs] 308960K->308956K(515776K), 0.0295240 secs] [Times: user=0.03 sys=0.00, real=0.03 secs] 
Heap after GC invocations=228 (full 95):
 def new generation   total 76672K, used 0K [0x0000000105450000, 0x000000010a780000, 0x000000010a780000)
  eden space 68160K,   0% used [0x0000000105450000, 0x0000000105450000, 0x00000001096e0000)
  from space 8512K,   0% used [0x00000001096e0000, 0x00000001096e0128, 0x0000000109f30000)
  to   space 8512K,   0% used [0x0000000109f30000, 0x0000000109f30000, 0x000000010a780000)
 concurrent mark-sweep generation total 439104K, used 308955K [0x000000010a780000, 0x0000000125450000, 0x0000000125450000)
 concurrent-mark-sweep perm gen total 21248K, used 2871K [0x0000000125450000, 0x0000000126910000, 0x000000012a650000)
}
15.255: [GC [1 CMS-initial-mark: 308955K(439104K)] 346888K(515776K), 0.0001870 secs] [Times: user=0.00 sys=0.00, real=0.00 secs] 
15.255: [CMS-concurrent-mark-start]
15.261: [CMS-concurrent-mark: 0.006/0.006 secs] [Times: user=0.00 sys=0.00, real=0.01 secs] 
15.261: [CMS-concurrent-preclean-start]
15.262: [CMS-concurrent-preclean: 0.001/0.001 secs] [Times: user=0.01 sys=0.00, real=0.00 secs] 
15.262: [CMS-concurrent-abortable-preclean-start]
{Heap before GC invocations=228 (full 96):
 def new generation   total 76672K, used 59591K [0x0000000105450000, 0x000000010a780000, 0x000000010a780000)
  eden space 68160K,  87% used [0x0000000105450000, 0x0000000108e81bb0, 0x00000001096e0000)
  from space 8512K,   0% used [0x00000001096e0000, 0x00000001096e0128, 0x0000000109f30000)
  to   space 8512K,   0% used [0x0000000109f30000, 0x0000000109f30000, 0x000000010a780000)
 concurrent mark-sweep generation total 439104K, used 308955K [0x000000010a780000, 0x0000000125450000, 0x0000000125450000)
 concurrent-mark-sweep perm gen total 21248K, used 2871K [0x0000000125450000, 0x0000000126910000, 0x000000012a650000)
15.271: [GC 15.271: [DefNew
Desired survivor size 4358144 bytes, new threshold 6 (max 6)
- age   1:        112 bytes,        112 total
- age   6:         80 bytes,        192 total
: 59591K->0K(76672K), 0.0271920 secs] 368547K->368544K(515776K), 0.0272570 secs] [Times: user=0.02 sys=0.00, real=0.02 secs] 
Heap after GC invocations=229 (full 96):
 def new generation   total 76672K, used 0K [0x0000000105450000, 0x000000010a780000, 0x000000010a780000)
  eden space 68160K,   0% used [0x0000000105450000, 0x0000000105450000, 0x00000001096e0000)
  from space 8512K,   0% used [0x0000000109f30000, 0x0000000109f300c0, 0x000000010a780000)
  to   space 8512K,   0% used [0x00000001096e0000, 0x00000001096e0000, 0x0000000109f30000)
 concurrent mark-sweep generation total 439104K, used 368544K [0x000000010a780000, 0x0000000125450000, 0x0000000125450000)
 concurrent-mark-sweep perm gen total 21248K, used 2871K [0x0000000125450000, 0x0000000126910000, 0x000000012a650000)
}
{Heap before GC invocations=229 (full 96):
 def new generation   total 76672K, used 59528K [0x0000000105450000, 0x000000010a780000, 0x000000010a780000)
  eden space 68160K,  87% used [0x0000000105450000, 0x0000000108e72310, 0x00000001096e0000)
  from space 8512K,   0% used [0x0000000109f30000, 0x0000000109f300c0, 0x000000010a780000)
  to   space 8512K,   0% used [0x00000001096e0000, 0x00000001096e0000, 0x0000000109f30000)
 concurrent mark-sweep generation total 439104K, used 368544K [0x000000010a780000, 0x0000000125450000, 0x0000000125450000)
 concurrent-mark-sweep perm gen total 21248K, used 2871K [0x0000000125450000, 0x0000000126910000, 0x000000012a650000)
15.330: [GC 15.331: [DefNew
Desired survivor size 4358144 bytes, new threshold 6 (max 6)
- age   1:        192 bytes,        192 total
: 59528K->0K(76672K), 0.0275440 secs] 428073K->428069K(515776K), 0.0276130 secs] [Times: user=0.03 sys=0.00, real=0.02 secs] 
Heap after GC invocations=230 (full 96):
 def new generation   total 76672K, used 0K [0x0000000105450000, 0x000000010a780000, 0x000000010a780000)
  eden space 68160K,   0% used [0x0000000105450000, 0x0000000105450000, 0x00000001096e0000)
  from space 8512K,   0% used [0x00000001096e0000, 0x00000001096e00c0, 0x0000000109f30000)
  to   space 8512K,   0% used [0x0000000109f30000, 0x0000000109f30000, 0x000000010a780000)
 concurrent mark-sweep generation total 439104K, used 428069K [0x000000010a780000, 0x0000000125450000, 0x0000000125450000)
 concurrent-mark-sweep perm gen total 21248K, used 2871K [0x0000000125450000, 0x0000000126910000, 0x000000012a650000)
}
15.358: [CMS-concurrent-abortable-preclean: 0.002/0.096 secs] [Times: user=0.10 sys=0.00, real=0.09 secs] 
15.365: [GC[YG occupancy: 17397 K (76672 K)]15.366: [Rescan (non-parallel) 15.366: [grey object rescan, 0.0010660 secs]15.367: [root rescan, 0.0001210 secs], 0.0012100 secs]15.367: [weak refs processing, 0.0000070 secs]15.367: [scrub string table, 0.0000210 secs] [1 CMS-remark: 428069K(439104K)] 445467K(515776K), 0.0013080 secs] [Times: user=0.00 sys=0.00, real=0.00 secs] 
15.367: [CMS-concurrent-sweep-start]
15.368: [CMS-concurrent-sweep: 0.001/0.001 secs] [Times: user=0.00 sys=0.00, real=0.00 secs] 
15.368: [CMS-concurrent-reset-start]
15.371: [CMS-concurrent-reset: 0.003/0.003 secs] [Times: user=0.00 sys=0.00, real=0.01 secs] 
{Heap before GC invocations=230 (full 96):
 def new generation   total 76672K, used 47664K [0x0000000105450000, 0x000000010a780000, 0x000000010a780000)
  eden space 68160K,  69% used [0x0000000105450000, 0x00000001082dc130, 0x00000001096e0000)
  from space 8512K,   0% used [0x00000001096e0000, 0x00000001096e00c0, 0x0000000109f30000)
  to   space 8512K,   0% used [0x0000000109f30000, 0x0000000109f30000, 0x000000010a780000)
 concurrent mark-sweep generation total 439104K, used 244799K [0x000000010a780000, 0x0000000125450000, 0x0000000125450000)
 concurrent-mark-sweep perm gen total 21248K, used 2871K [0x0000000125450000, 0x0000000126910000, 0x000000012a650000)
15.385: [GC 15.385: [DefNew
Desired survivor size 4358144 bytes, new threshold 6 (max 6)
- age   1:        176 bytes,        176 total
: 47664K->0K(76672K), 0.0224330 secs] 292463K->292459K(515776K), 0.0224950 secs] [Times: user=0.03 sys=0.00, real=0.02 secs] 
Heap after GC invocations=231 (full 96):
 def new generation   total 76672K, used 0K [0x0000000105450000, 0x000000010a780000, 0x000000010a780000)
  eden space 68160K,   0% used [0x0000000105450000, 0x0000000105450000, 0x00000001096e0000)
  from space 8512K,   0% used [0x0000000109f30000, 0x0000000109f300b0, 0x000000010a780000)
  to   space 8512K,   0% used [0x00000001096e0000, 0x00000001096e0000, 0x0000000109f30000)
 concurrent mark-sweep generation total 439104K, used 292459K [0x000000010a780000, 0x0000000125450000, 0x0000000125450000)
 concurrent-mark-sweep perm gen total 21248K, used 2871K [0x0000000125450000, 0x0000000126910000, 0x000000012a650000)
}
15.426: [GC [1 CMS-initial-mark: 292459K(439104K)] 330637K(515776K), 0.0002190 secs] [Times: user=0.00 sys=0.00, real=0.00 secs] 
15.426: [CMS-concurrent-mark-start]
Heap
 def new generation   total 76672K, used 40223K [0x0000000105450000, 0x000000010a780000, 0x000000010a780000)
  eden space 68160K,  59% used [0x0000000105450000, 0x0000000107b97bc8, 0x00000001096e0000)
  from space 8512K,   0% used [0x0000000109f30000, 0x0000000109f300b0, 0x000000010a780000)
  to   space 8512K,   0% used [0x00000001096e0000, 0x00000001096e0000, 0x0000000109f30000)
 concurrent mark-sweep generation total 439104K, used 292459K [0x000000010a780000, 0x0000000125450000, 0x0000000125450000)
 concurrent-mark-sweep perm gen total 21248K, used 2880K [0x0000000125450000, 0x0000000126910000, 0x000000012a650000)
