0.150: [GC 0.150: [DefNew: 60825K->333K(76672K), 0.0731970 secs] 60825K->50253K(147616K), 0.0732770 secs] [Times: user=0.04 sys=0.03, real=0.07 secs] 
0.256: [GC [1 CMS-initial-mark: 49920K(70944K)] 117201K(147616K), 0.0005770 secs] [Times: user=0.00 sys=0.00, real=0.00 secs] 
0.257: [CMS-concurrent-mark-start]
0.257: [GC 0.257: [DefNew: 67280K->308K(76672K), 0.0822210 secs] 117201K->110449K(187368K), 0.0822760 secs] [Times: user=0.04 sys=0.04, real=0.08 secs] 
0.374: [CMS-concurrent-mark: 0.035/0.117 secs] [Times: user=0.09 sys=0.04, real=0.12 secs] 
0.374: [CMS-concurrent-preclean-start]
0.375: [CMS-concurrent-preclean: 0.001/0.001 secs] [Times: user=0.00 sys=0.01, real=0.00 secs] 
0.375: [CMS-concurrent-abortable-preclean-start]
0.377: [GC 0.377: [DefNew: 63917K->308K(76672K), 0.0855130 secs] 174058K->172904K(249832K), 0.0855790 secs] [Times: user=0.05 sys=0.03, real=0.09 secs] 
0.498: [GC 0.498: [DefNew: 64141K->304K(76672K), 0.0898880 secs] 236737K->236275K(313216K), 0.0899550 secs] [Times: user=0.05 sys=0.04, real=0.09 secs] 
0.624: [GC 0.624: [DefNew0.693: [CMS-concurrent-abortable-preclean: 0.004/0.318 secs] [Times: user=0.24 sys=0.10, real=0.32 secs] 
: 67688K->304K(76672K), 0.0908210 secs] 303659K->302504K(379460K), 0.0908870 secs] [Times: user=0.06 sys=0.03, real=0.09 secs] 
0.751: [GC 0.751: [DefNew: 67727K->305K(76672K), 0.0977800 secs] 369926K->369486K(446460K), 0.0978650 secs] [Times: user=0.05 sys=0.04, real=0.09 secs] 
0.877: [GC[YG occupancy: 57667 K (76672 K)]0.877: [Rescan (non-parallel) 0.877: [grey object rescan, 0.0019720 secs]0.879: [root rescan, 0.0003930 secs], 0.0024000 secs]0.880: [weak refs processing, 0.0000060 secs]0.880: [scrub string table, 0.0000190 secs] [1 CMS-remark: 369181K(369788K)] 426848K(446460K), 0.0025020 secs] [Times: user=0.01 sys=0.00, real=0.01 secs] 
0.880: [CMS-concurrent-sweep-start]
0.880: [CMS-concurrent-sweep: 0.000/0.000 secs] [Times: user=0.00 sys=0.00, real=0.00 secs] 
0.880: [GC 0.880: [DefNew: 57667K->2K(76672K), 0.0882300 secs] 426848K->426852K(503836K), 0.0882830 secs] [Times: user=0.04 sys=0.04, real=0.08 secs] 
1.001: [GC 1.001: [DefNew: 60722K->60722K(76672K), 0.0000210 secs]1.001: [CMS: 426849K->312758K(427164K), 0.1419770 secs] 487571K->312758K(503836K), [CMS Perm : 2873K->2871K(21248K)], 0.1422430 secs] [Times: user=0.14 sys=0.00, real=0.14 secs] 
1.173: [GC 1.173: [DefNew: 58419K->0K(76672K), 0.0305300 secs] 371178K->370890K(515776K), 0.0306130 secs] [Times: user=0.03 sys=0.00, real=0.03 secs] 
1.237: [GC [1 CMS-initial-mark: 370890K(439104K)] 435660K(515776K), 0.0002840 secs] [Times: user=0.00 sys=0.00, real=0.00 secs] 
1.237: [CMS-concurrent-mark-start]
1.238: [GC 1.238: [DefNew: 64770K->0K(76672K), 0.0402640 secs] 435660K->434268K(515776K), 0.0403220 secs] [Times: user=0.03 sys=0.01, real=0.04 secs] 
1.306: [CMS-concurrent-mark: 0.016/0.069 secs] [Times: user=0.06 sys=0.01, real=0.07 secs] 
1.306: [CMS-concurrent-preclean-start]
1.307: [CMS-concurrent-preclean: 0.001/0.001 secs] [Times: user=0.01 sys=0.00, real=0.00 secs] 
1.307: [CMS-concurrent-abortable-preclean-start]
1.307: [CMS-concurrent-abortable-preclean: 0.000/0.000 secs] [Times: user=0.00 sys=0.00, real=0.00 secs] 
1.315: [GC 1.315: [DefNew: 58217K->58217K(76672K), 0.0000210 secs]1.315: [CMS (concurrent mode failure): 434267K->295157K(439104K), 0.1355210 secs] 492484K->295157K(515776K), [CMS Perm : 2871K->2871K(21248K)], 0.1356270 secs] [Times: user=0.13 sys=0.00, real=0.14 secs] 
1.483: [GC 1.483: [DefNew: 60793K->0K(76672K), 0.0299390 secs] 355951K->355953K(515776K), 0.0300110 secs] [Times: user=0.03 sys=0.00, real=0.03 secs] 
1.548: [GC 1.548: [DefNew: 65664K->0K(76672K), 0.0314340 secs] 421618K->421479K(515776K), 0.0315100 secs] [Times: user=0.03 sys=0.00, real=0.03 secs] 
1.611: [GC 1.611: [DefNew: 60350K->60350K(76672K), 0.0000240 secs]1.611: [CMS: 421478K->330887K(439104K), 0.1543540 secs] 481829K->330887K(515776K), [CMS Perm : 2871K->2871K(21248K)], 0.1544610 secs] [Times: user=0.14 sys=0.00, real=0.15 secs] 
1.798: [GC [1 CMS-initial-mark: 330887K(439104K)] 391987K(515776K), 0.0001920 secs] [Times: user=0.00 sys=0.00, real=0.00 secs] 
1.799: [CMS-concurrent-mark-start]
1.799: [GC 1.799: [DefNew: 61100K->0K(76672K), 0.0423040 secs] 391987K->391859K(515776K), 0.0423630 secs] [Times: user=0.02 sys=0.00, real=0.05 secs] 
1.857: [CMS-concurrent-mark: 0.014/0.058 secs] [Times: user=0.05 sys=0.00, real=0.06 secs] 
1.857: [CMS-concurrent-preclean-start]
1.858: [CMS-concurrent-preclean: 0.001/0.001 secs] [Times: user=0.00 sys=0.00, real=0.00 secs] 
1.858: [CMS-concurrent-abortable-preclean-start]
1.858: [CMS-concurrent-abortable-preclean: 0.000/0.000 secs] [Times: user=0.00 sys=0.00, real=0.00 secs] 
1.876: [GC 1.876: [DefNew: 63636K->63636K(76672K), 0.0000210 secs]1.876: [CMS (concurrent mode failure): 391859K->338845K(439104K), 0.1534640 secs] 455496K->338845K(515776K), [CMS Perm : 2871K->2871K(21248K)], 0.1535720 secs] [Times: user=0.14 sys=0.01, real=0.16 secs] 
2.065: [GC 2.065: [DefNew: 67831K->0K(76672K), 0.0325230 secs] 406677K->406023K(515776K), 0.0325970 secs] [Times: user=0.04 sys=0.00, real=0.03 secs] 
2.129: [GC 2.129: [DefNew: 60439K->60439K(76672K), 0.0000200 secs]2.129: [CMS: 406023K->381610K(439104K), 0.1711480 secs] 466463K->381610K(515776K), [CMS Perm : 2871K->2871K(21248K)], 0.1713700 secs] [Times: user=0.17 sys=0.00, real=0.18 secs] 
2.328: [GC 2.329: [DefNew: 54117K->0K(76672K), 0.0290350 secs] 435727K->435141K(515776K), 0.0291040 secs] [Times: user=0.03 sys=0.00, real=0.03 secs] 
2.397: [GC 2.397: [DefNew: 64184K->64184K(76672K), 0.0000460 secs]2.397: [CMS: 435141K->429409K(439104K), 0.2636640 secs] 499326K->429409K(515776K), [CMS Perm : 2871K->2871K(21248K)], 0.2638080 secs] [Times: user=0.21 sys=0.00, real=0.27 secs] 
2.693: [GC 2.693: [DefNew: 62415K->62415K(76672K), 0.0000210 secs]2.693: [CMS: 429409K->418636K(439104K), 0.1734320 secs] 491825K->439230K(515776K), [CMS Perm : 2871K->2871K(21248K)], 0.1737350 secs] [Times: user=0.16 sys=0.01, real=0.17 secs] 
2.890: [Full GC 2.890: [CMS: 418636K->411950K(439104K), 0.1699970 secs] 482864K->411950K(515776K), [CMS Perm : 2871K->2871K(21248K)], 0.1700750 secs] [Times: user=0.16 sys=0.00, real=0.17 secs] 
3.093: [GC 3.093: [DefNew: 64605K->64605K(76672K), 0.0000210 secs]3.093: [CMS: 411950K->418491K(439104K), 0.1133080 secs] 476556K->439841K(515776K), [CMS Perm : 2871K->2871K(21248K)], 0.1134120 secs] [Times: user=0.11 sys=0.00, real=0.11 secs] 
3.229: [Full GC 3.229: [CMS: 418491K->404849K(439104K), 0.1645440 secs] 483678K->404849K(515776K), [CMS Perm : 2871K->2871K(21248K)], 0.1646250 secs] [Times: user=0.16 sys=0.00, real=0.17 secs] 
3.424: [GC 3.424: [DefNew: 55929K->55929K(76672K), 0.0000200 secs]3.424: [CMS: 404849K->407807K(439104K), 0.1573980 secs] 460779K->407807K(515776K), [CMS Perm : 2871K->2871K(21248K)], 0.1575070 secs] [Times: user=0.15 sys=0.00, real=0.16 secs] 
3.613: [GC 3.613: [DefNew: 61382K->61382K(76672K), 0.0000300 secs]3.614: [CMS: 407807K->423636K(439104K), 0.1005640 secs] 469190K->447208K(515776K), [CMS Perm : 2871K->2871K(21248K)], 0.1008200 secs] [Times: user=0.10 sys=0.00, real=0.10 secs] 
3.732: [Full GC 3.732: [CMS: 423636K->381168K(439104K), 0.1550500 secs] 481898K->381168K(515776K), [CMS Perm : 2871K->2871K(21248K)], 0.1551200 secs] [Times: user=0.15 sys=0.00, real=0.15 secs] 
3.915: [GC [1 CMS-initial-mark: 381168K(439104K)] 437083K(515776K), 0.0002250 secs] [Times: user=0.00 sys=0.00, real=0.00 secs] 
3.916: [CMS-concurrent-mark-start]
3.921: [GC 3.921: [DefNew (promotion failed) : 66256K->66256K(76672K), 0.0290060 secs]3.950: [CMS3.956: [CMS-concurrent-mark: 0.006/0.041 secs] [Times: user=0.04 sys=0.00, real=0.04 secs] 
 (concurrent mode failure): 435912K->266731K(439104K), 0.1235330 secs] 447424K->266731K(515776K), [CMS Perm : 2871K->2871K(21248K)], 0.1526610 secs] [Times: user=0.15 sys=0.01, real=0.15 secs] 
4.109: [GC 4.109: [DefNew: 67055K->0K(76672K), 0.0324380 secs] 333786K->333703K(515776K), 0.0325130 secs] [Times: user=0.03 sys=0.00, real=0.04 secs] 
4.168: [GC [1 CMS-initial-mark: 333702K(439104K)] 388471K(515776K), 0.0002130 secs] [Times: user=0.00 sys=0.00, real=0.00 secs] 
4.169: [CMS-concurrent-mark-start]
4.169: [GC 4.169: [DefNew: 54768K->0K(76672K), 0.0267830 secs] 388471K->388161K(515776K), 0.0268510 secs] [Times: user=0.02 sys=0.00, real=0.03 secs] 
4.208: [CMS-concurrent-mark: 0.012/0.039 secs] [Times: user=0.04 sys=0.00, real=0.04 secs] 
4.208: [CMS-concurrent-preclean-start]
4.214: [CMS-concurrent-preclean: 0.006/0.006 secs] [Times: user=0.01 sys=0.00, real=0.01 secs] 
4.214: [CMS-concurrent-abortable-preclean-start]
4.227: [GC 4.227: [DefNew: 55754K->55754K(76672K), 0.0000200 secs]4.227: [CMS4.227: [CMS-concurrent-abortable-preclean: 0.003/0.013 secs] [Times: user=0.02 sys=0.00, real=0.01 secs] 
 (concurrent mode failure): 388160K->274511K(439104K), 0.1184920 secs] 443915K->274511K(515776K), [CMS Perm : 2871K->2871K(21248K)], 0.1185950 secs] [Times: user=0.12 sys=0.00, real=0.12 secs] 
4.381: [GC 4.381: [DefNew: 66287K->0K(76672K), 0.0320190 secs] 340799K->340801K(515776K), 0.0320910 secs] [Times: user=0.03 sys=0.00, real=0.03 secs] 
4.443: [GC 4.443: [DefNew: 58372K->0K(76672K), 0.0275640 secs] 399173K->398345K(515776K), 0.0276280 secs] [Times: user=0.02 sys=0.00, real=0.03 secs] 
4.504: [GC 4.504: [DefNew: 67680K->67680K(76672K), 0.0000220 secs]4.504: [CMS: 398345K->293580K(439104K), 0.1275880 secs] 466026K->293580K(515776K), [CMS Perm : 2871K->2871K(21248K)], 0.1276970 secs] [Times: user=0.13 sys=0.00, real=0.13 secs] 
4.660: [GC [1 CMS-initial-mark: 293580K(439104K)] 351403K(515776K), 0.0002050 secs] [Times: user=0.00 sys=0.00, real=0.00 secs] 
4.661: [CMS-concurrent-mark-start]
4.661: [GC 4.661: [DefNew: 57822K->0K(76672K), 0.0274910 secs] 351403K->351368K(515776K), 0.0275500 secs] [Times: user=0.03 sys=0.00, real=0.02 secs] 
4.697: [CMS-concurrent-mark: 0.008/0.036 secs] [Times: user=0.04 sys=0.00, real=0.03 secs] 
4.697: [CMS-concurrent-preclean-start]
4.698: [CMS-concurrent-preclean: 0.001/0.001 secs] [Times: user=0.00 sys=0.00, real=0.00 secs] 
4.698: [CMS-concurrent-abortable-preclean-start]
4.721: [GC 4.721: [DefNew: 58930K->0K(76672K), 0.0352880 secs] 410297K->410169K(515776K), 0.0353630 secs] [Times: user=0.03 sys=0.00, real=0.03 secs] 
4.789: [GC 4.789: [DefNew: 63850K->63850K(76672K), 0.0000290 secs]4.789: [CMS4.789: [CMS-concurrent-abortable-preclean: 0.002/0.091 secs] [Times: user=0.13 sys=0.00, real=0.09 secs] 
 (concurrent mode failure): 410169K->273408K(439104K), 0.1190620 secs] 474019K->273408K(515776K), [CMS Perm : 2871K->2871K(21248K)], 0.1191790 secs] [Times: user=0.11 sys=0.00, real=0.12 secs] 
4.937: [GC 4.937: [DefNew: 58718K->0K(76672K), 0.0302860 secs] 332126K->332128K(515776K), 0.0303450 secs] [Times: user=0.03 sys=0.00, real=0.03 secs] 
4.998: [GC 4.998: [DefNew: 57445K->0K(76672K), 0.0381030 secs] 389573K->389549K(515776K), 0.0381790 secs] [Times: user=0.03 sys=0.00, real=0.04 secs] 
5.077: [GC [1 CMS-initial-mark: 389549K(439104K)] 448206K(515776K), 0.0001880 secs] [Times: user=0.00 sys=0.00, real=0.00 secs] 
5.077: [CMS-concurrent-mark-start]
5.084: [CMS-concurrent-mark: 0.007/0.007 secs] [Times: user=0.00 sys=0.00, real=0.01 secs] 
5.084: [CMS-concurrent-preclean-start]
5.085: [CMS-concurrent-preclean: 0.001/0.001 secs] [Times: user=0.00 sys=0.00, real=0.00 secs] 
5.085: [CMS-concurrent-abortable-preclean-start]
5.085: [CMS-concurrent-abortable-preclean: 0.000/0.000 secs] [Times: user=0.00 sys=0.00, real=0.00 secs] 
5.085: [GC 5.085: [DefNew: 58656K->58656K(76672K), 0.0000170 secs]5.085: [CMS (concurrent mode failure): 389549K->313393K(439104K), 0.1401500 secs] 448206K->313393K(515776K), [CMS Perm : 2871K->2871K(21248K)], 0.1402410 secs] [Times: user=0.14 sys=0.00, real=0.14 secs] 
5.259: [GC 5.259: [DefNew: 63248K->0K(76672K), 0.0310390 secs] 376641K->376643K(515776K), 0.0311060 secs] [Times: user=0.03 sys=0.00, real=0.04 secs] 
5.321: [GC [1 CMS-initial-mark: 376643K(439104K)] 438755K(515776K), 0.0004410 secs] [Times: user=0.00 sys=0.00, real=0.00 secs] 
5.322: [CMS-concurrent-mark-start]
5.322: [GC 5.322: [DefNew: 62111K->0K(76672K), 0.0319890 secs] 438755K->438738K(515776K), 0.0320440 secs] [Times: user=0.03 sys=0.00, real=0.03 secs] 
5.364: [CMS-concurrent-mark: 0.010/0.042 secs] [Times: user=0.05 sys=0.00, real=0.04 secs] 
5.364: [CMS-concurrent-preclean-start]
5.365: [CMS-concurrent-preclean: 0.001/0.001 secs] [Times: user=0.00 sys=0.00, real=0.00 secs] 
5.365: [CMS-concurrent-abortable-preclean-start]
5.365: [CMS-concurrent-abortable-preclean: 0.000/0.000 secs] [Times: user=0.00 sys=0.00, real=0.00 secs] 
5.389: [GC[YG occupancy: 62970 K (76672 K)]5.390: [Rescan (non-parallel) 5.390: [grey object rescan, 0.0010950 secs]5.391: [root rescan, 0.0001450 secs], 0.0012710 secs]5.392: [weak refs processing, 0.0000070 secs]5.392: [scrub string table, 0.0000200 secs] [1 CMS-remark: 438738K(439104K)] 501708K(515776K), 0.0013710 secs] [Times: user=0.00 sys=0.00, real=0.01 secs] 
5.392: [GC 5.392: [DefNew: 62970K->62970K(76672K), 0.0000120 secs]5.392: [CMS (concurrent mode failure): 438738K->282020K(439104K), 0.1244200 secs] 501709K->282020K(515776K), [CMS Perm : 2871K->2871K(21248K)], 0.1245060 secs] [Times: user=0.13 sys=0.00, real=0.12 secs] 
5.551: [GC 5.551: [DefNew: 67146K->0K(76672K), 0.0351120 secs] 349167K->349158K(515776K), 0.0351750 secs] [Times: user=0.03 sys=0.00, real=0.03 secs] 
5.613: [GC [1 CMS-initial-mark: 349158K(439104K)] 401292K(515776K), 0.0002500 secs] [Times: user=0.00 sys=0.00, real=0.00 secs] 
5.613: [CMS-concurrent-mark-start]
5.623: [CMS-concurrent-mark: 0.009/0.009 secs] [Times: user=0.01 sys=0.00, real=0.01 secs] 
5.623: [CMS-concurrent-preclean-start]
5.624: [CMS-concurrent-preclean: 0.001/0.001 secs] [Times: user=0.00 sys=0.00, real=0.00 secs] 
5.624: [CMS-concurrent-abortable-preclean-start]
5.625: [GC 5.625: [DefNew: 66425K->0K(76672K), 0.0308600 secs] 415584K->415560K(515776K), 0.0309170 secs] [Times: user=0.03 sys=0.00, real=0.03 secs] 
5.682: [GC 5.682: [DefNew: 51769K->51769K(76672K), 0.0000280 secs]5.682: [CMS5.783: [CMS-concurrent-abortable-preclean: 0.001/0.160 secs] [Times: user=0.08 sys=0.00, real=0.16 secs] 
 (concurrent mode failure): 415559K->373872K(439104K), 0.2652480 secs] 467329K->373872K(515776K), [CMS Perm : 2871K->2871K(21248K)], 0.2653660 secs] [Times: user=0.16 sys=0.01, real=0.26 secs] 
5.980: [GC 5.980: [DefNew: 63636K->0K(76672K), 0.0307010 secs] 437508K->437510K(515776K), 0.0307660 secs] [Times: user=0.03 sys=0.00, real=0.03 secs] 
6.021: [GC [1 CMS-initial-mark: 437510K(439104K)] 460456K(515776K), 0.0002110 secs] [Times: user=0.00 sys=0.00, real=0.00 secs] 
6.022: [CMS-concurrent-mark-start]
6.043: [GC 6.043: [DefNew: 60561K->60561K(76672K), 0.0000290 secs]6.043: [CMS6.046: [CMS-concurrent-mark: 0.009/0.025 secs] [Times: user=0.04 sys=0.00, real=0.02 secs] 
 (concurrent mode failure): 437510K->356817K(439104K), 0.1545070 secs] 498071K->356817K(515776K), [CMS Perm : 2871K->2871K(21248K)], 0.1546330 secs] [Times: user=0.15 sys=0.00, real=0.15 secs] 
6.223: [GC 6.223: [DefNew: 51372K->0K(76672K), 0.0261440 secs] 408190K->408192K(515776K), 0.0262020 secs] [Times: user=0.03 sys=0.00, real=0.02 secs] 
6.283: [GC [1 CMS-initial-mark: 408192K(439104K)] 472743K(515776K), 0.0002170 secs] [Times: user=0.00 sys=0.00, real=0.00 secs] 
6.283: [CMS-concurrent-mark-start]
6.284: [GC 6.284: [DefNew: 64550K->64550K(76672K), 0.0000110 secs]6.284: [CMS6.290: [CMS-concurrent-mark: 0.007/0.007 secs] [Times: user=0.01 sys=0.00, real=0.01 secs] 
 (concurrent mode failure): 408192K->324909K(439104K), 0.1461290 secs] 472743K->324909K(515776K), [CMS Perm : 2871K->2871K(21248K)], 0.1462110 secs] [Times: user=0.14 sys=0.00, real=0.15 secs] 
6.465: [GC 6.465: [DefNew: 67543K->0K(76672K), 0.0320180 secs] 392452K->392454K(515776K), 0.0320780 secs] [Times: user=0.03 sys=0.00, real=0.03 secs] 
6.528: [GC 6.528: [DefNew: 59016K->59016K(76672K), 0.0000200 secs]6.528: [CMS: 392454K->303131K(439104K), 0.1337230 secs] 451471K->303131K(515776K), [CMS Perm : 2871K->2871K(21248K)], 0.1338250 secs] [Times: user=0.13 sys=0.00, real=0.14 secs] 
6.692: [GC 6.692: [DefNew: 58935K->0K(76672K), 0.0289010 secs] 362067K->362062K(515776K), 0.0289780 secs] [Times: user=0.03 sys=0.00, real=0.03 secs] 
6.753: [GC 6.753: [DefNew: 63531K->0K(76672K), 0.0301460 secs] 425593K->425593K(515776K), 0.0302120 secs] [Times: user=0.03 sys=0.00, real=0.03 secs] 
6.812: [GC 6.812: [DefNew: 56780K->56780K(76672K), 0.0000210 secs]6.812: [CMS: 425592K->292537K(439104K), 0.1303030 secs] 482373K->292537K(515776K), [CMS Perm : 2871K->2871K(21248K)], 0.1304090 secs] [Times: user=0.12 sys=0.01, real=0.13 secs] 
6.976: [GC [1 CMS-initial-mark: 292537K(439104K)] 358174K(515776K), 0.0002580 secs] [Times: user=0.00 sys=0.00, real=0.00 secs] 
6.977: [CMS-concurrent-mark-start]
6.977: [GC 6.977: [DefNew: 65636K->0K(76672K), 0.0309290 secs] 358174K->357962K(515776K), 0.0309950 secs] [Times: user=0.03 sys=0.00, real=0.03 secs] 
7.034: [CMS-concurrent-mark: 0.012/0.057 secs] [Times: user=0.08 sys=0.00, real=0.06 secs] 
7.034: [CMS-concurrent-preclean-start]
7.035: [CMS-concurrent-preclean: 0.001/0.001 secs] [Times: user=0.00 sys=0.00, real=0.00 secs] 
7.036: [CMS-concurrent-abortable-preclean-start]
7.044: [GC 7.045: [DefNew: 68124K->0K(76672K), 0.0319050 secs] 426086K->425815K(515776K), 0.0320100 secs] [Times: user=0.03 sys=0.00, real=0.03 secs] 
7.079: [CMS-concurrent-abortable-preclean: 0.001/0.043 secs] [Times: user=0.04 sys=0.00, real=0.04 secs] 
7.097: [GC[YG occupancy: 40195 K (76672 K)]7.097: [Rescan (non-parallel) 7.097: [grey object rescan, 0.0010450 secs]7.098: [root rescan, 0.0001910 secs], 0.0012630 secs]7.098: [weak refs processing, 0.0000060 secs]7.098: [scrub string table, 0.0000210 secs] [1 CMS-remark: 425814K(439104K)] 466010K(515776K), 0.0013560 secs] [Times: user=0.00 sys=0.00, real=0.00 secs] 
7.112: [GC 7.112: [DefNew: 65617K->65617K(76672K), 0.0000220 secs]7.112: [CMS (concurrent mode failure): 425814K->390583K(439104K), 0.1683110 secs] 491431K->390583K(515776K), [CMS Perm : 2871K->2871K(21248K)], 0.1684210 secs] [Times: user=0.16 sys=0.00, real=0.17 secs] 
7.315: [GC 7.315: [DefNew: 64944K->64944K(76672K), 0.0000260 secs]7.315: [CMS: 390583K->348533K(439104K), 0.0822520 secs] 455528K->348533K(515776K), [CMS Perm : 2871K->2871K(21248K)], 0.0823640 secs] [Times: user=0.08 sys=0.00, real=0.08 secs] 
7.410: [GC [1 CMS-initial-mark: 348533K(439104K)] 373075K(515776K), 0.0002230 secs] [Times: user=0.00 sys=0.00, real=0.00 secs] 
7.411: [CMS-concurrent-mark-start]
7.424: [CMS-concurrent-mark: 0.014/0.014 secs] [Times: user=0.03 sys=0.00, real=0.01 secs] 
7.424: [CMS-concurrent-preclean-start]
7.429: [CMS-concurrent-preclean: 0.005/0.005 secs] [Times: user=0.00 sys=0.00, real=0.00 secs] 
7.429: [CMS-concurrent-abortable-preclean-start]
7.432: [GC 7.432: [DefNew: 60816K->0K(76672K), 0.0299510 secs] 409350K->409259K(515776K), 0.0300160 secs] [Times: user=0.03 sys=0.00, real=0.03 secs] 
7.495: [GC 7.495: [DefNew: 64874K->64874K(76672K), 0.0000190 secs]7.495: [CMS7.496: [CMS-concurrent-abortable-preclean: 0.001/0.066 secs] [Times: user=0.09 sys=0.00, real=0.07 secs] 
 (concurrent mode failure): 409259K->314001K(439104K), 0.1398550 secs] 474134K->314001K(515776K), [CMS Perm : 2871K->2871K(21248K)], 0.1399590 secs] [Times: user=0.14 sys=0.00, real=0.14 secs] 
7.670: [GC 7.670: [DefNew: 67587K->0K(76672K), 0.0318430 secs] 381588K->381504K(515776K), 0.0319190 secs] [Times: user=0.03 sys=0.00, real=0.03 secs] 
7.730: [GC 7.730: [DefNew: 52249K->0K(76672K), 0.0253500 secs] 433754K->433754K(515776K), 0.0254210 secs] [Times: user=0.02 sys=0.00, real=0.02 secs] 
7.780: [GC [1 CMS-initial-mark: 433753K(439104K)] 483937K(515776K), 0.0002680 secs] [Times: user=0.00 sys=0.00, real=0.00 secs] 
7.781: [CMS-concurrent-mark-start]
7.791: [CMS-concurrent-mark: 0.010/0.010 secs] [Times: user=0.02 sys=0.00, real=0.01 secs] 
7.791: [CMS-concurrent-preclean-start]
7.792: [CMS-concurrent-preclean: 0.001/0.001 secs] [Times: user=0.00 sys=0.00, real=0.00 secs] 
7.792: [CMS-concurrent-abortable-preclean-start]
7.792: [CMS-concurrent-abortable-preclean: 0.000/0.000 secs] [Times: user=0.00 sys=0.00, real=0.00 secs] 
7.793: [GC 7.793: [DefNew: 68159K->68159K(76672K), 0.0000190 secs]7.793: [CMS (concurrent mode failure): 433753K->419835K(439104K), 0.1819790 secs] 501912K->419835K(515776K), [CMS Perm : 2871K->2871K(21248K)], 0.1820780 secs] [Times: user=0.18 sys=0.00, real=0.18 secs] 
8.004: [GC 8.004: [DefNew: 57219K->57219K(76672K), 0.0000200 secs]8.004: [CMS: 419835K->419835K(439104K), 0.0243180 secs] 477054K->477051K(515776K), [CMS Perm : 2871K->2871K(21248K)], 0.0244300 secs] [Times: user=0.02 sys=0.00, real=0.02 secs] 
8.029: [Full GC 8.029: [CMS: 419835K->419826K(439104K), 0.1748390 secs] 477051K->477042K(515776K), [CMS Perm : 2871K->2871K(21248K)], 0.1749010 secs] [Times: user=0.18 sys=0.00, real=0.18 secs] 
8.218: [Full GC 8.218: [CMS: 438048K->438047K(439104K), 0.1880370 secs] 505649K->505591K(515776K), [CMS Perm : 2871K->2871K(21248K)], 0.1881100 secs] [Times: user=0.18 sys=0.00, real=0.19 secs] 
8.406: [Full GC 8.406: [CMS: 438047K->438047K(439104K), 0.0081810 secs] 505591K->505591K(515776K), [CMS Perm : 2871K->2871K(21248K)], 0.0082380 secs] [Times: user=0.01 sys=0.00, real=0.01 secs] 
8.415: [Full GC 8.415: [CMS: 438047K->438046K(439104K), 0.1924950 secs] 505592K->505591K(515776K), [CMS Perm : 2871K->2871K(21248K)], 0.1925520 secs] [Times: user=0.18 sys=0.00, real=0.19 secs] 
8.608: [Full GC 8.608: [CMS: 438046K->438046K(439104K), 0.0081980 secs] 505591K->505591K(515776K), [CMS Perm : 2871K->2871K(21248K)], 0.0082560 secs] [Times: user=0.01 sys=0.00, real=0.01 secs] 
8.616: [Full GC 8.616: [CMS: 438046K->438046K(439104K), 0.1821310 secs] 505591K->505590K(515776K), [CMS Perm : 2871K->2871K(21248K)], 0.1821880 secs] [Times: user=0.18 sys=0.00, real=0.18 secs] 
8.798: [Full GC 8.798: [CMS: 438046K->438046K(439104K), 0.0078490 secs] 505590K->505590K(515776K), [CMS Perm : 2871K->2871K(21248K)], 0.0079040 secs] [Times: user=0.01 sys=0.00, real=0.01 secs] 
8.806: [Full GC 8.806: [CMS: 438046K->438044K(439104K), 0.1893140 secs] 505590K->505589K(515776K), [CMS Perm : 2871K->2871K(21248K)], 0.1893640 secs] [Times: user=0.18 sys=0.00, real=0.19 secs] 
8.996: [Full GC 8.996: [CMS: 438044K->438044K(439104K), 0.0079700 secs] 505589K->505589K(515776K), [CMS Perm : 2871K->2871K(21248K)], 0.0080250 secs] [Times: user=0.01 sys=0.01, real=0.01 secs] 
9.005: [Full GC 9.005: [CMS: 438044K->438044K(439104K), 0.1843260 secs] 505589K->505589K(515776K), [CMS Perm : 2871K->2871K(21248K)], 0.1843880 secs] [Times: user=0.18 sys=0.00, real=0.18 secs] 
9.189: [Full GC 9.189: [CMS: 438044K->438044K(439104K), 0.0078320 secs] 505589K->505589K(515776K), [CMS Perm : 2871K->2871K(21248K)], 0.0078870 secs] [Times: user=0.01 sys=0.00, real=0.01 secs] 
9.197: [Full GC 9.197: [CMS: 438044K->438043K(439104K), 0.1844490 secs] 505589K->505588K(515776K), [CMS Perm : 2871K->2871K(21248K)], 0.1845110 secs] [Times: user=0.18 sys=0.00, real=0.19 secs] 
9.382: [Full GC 9.382: [CMS: 438043K->438043K(439104K), 0.0075120 secs] 505588K->505588K(515776K), [CMS Perm : 2871K->2871K(21248K)], 0.0075680 secs] [Times: user=0.01 sys=0.00, real=0.00 secs] 
9.390: [Full GC 9.390: [CMS: 438043K->438043K(439104K), 0.1843150 secs] 505588K->505587K(515776K), [CMS Perm : 2871K->2871K(21248K)], 0.1843700 secs] [Times: user=0.18 sys=0.00, real=0.18 secs] 
9.574: [Full GC 9.574: [CMS: 438043K->438043K(439104K), 0.0077720 secs] 505587K->505587K(515776K), [CMS Perm : 2871K->2871K(21248K)], 0.0078300 secs] [Times: user=0.01 sys=0.00, real=0.01 secs] 
9.582: [Full GC 9.582: [CMS: 438043K->78140K(439104K), 0.0391540 secs] 505587K->78140K(515776K), [CMS Perm : 2871K->2871K(21248K)], 0.0392140 secs] [Times: user=0.03 sys=0.00, real=0.04 secs] 
9.646: [GC 9.646: [DefNew: 45143K->0K(76672K), 0.0217470 secs] 123284K->123286K(515776K), 0.0218030 secs] [Times: user=0.02 sys=0.00, real=0.02 secs] 
9.701: [GC 9.701: [DefNew: 60059K->0K(76672K), 0.0295450 secs] 183345K->183212K(515776K), 0.0296090 secs] [Times: user=0.03 sys=0.00, real=0.03 secs] 
9.760: [GC 9.760: [DefNew: 52506K->0K(76672K), 0.0258600 secs] 235718K->235631K(515776K), 0.0259310 secs] [Times: user=0.02 sys=0.00, real=0.02 secs] 
9.793: [GC [1 CMS-initial-mark: 235630K(439104K)] 252105K(515776K), 0.0001850 secs] [Times: user=0.00 sys=0.00, real=0.00 secs] 
9.793: [CMS-concurrent-mark-start]
9.805: [CMS-concurrent-mark: 0.012/0.012 secs] [Times: user=0.02 sys=0.00, real=0.01 secs] 
9.805: [CMS-concurrent-preclean-start]
9.806: [CMS-concurrent-preclean: 0.001/0.001 secs] [Times: user=0.00 sys=0.00, real=0.00 secs] 
9.806: [CMS-concurrent-abortable-preclean-start]
9.824: [GC 9.824: [DefNew: 66245K->0K(76672K), 0.0305550 secs] 301876K->301818K(515776K), 0.0306180 secs] [Times: user=0.03 sys=0.00, real=0.03 secs] 
9.894: [GC 9.894: [DefNew: 66046K->0K(76672K), 0.0320410 secs] 367864K->367825K(515776K), 0.0321050 secs] [Times: user=0.03 sys=0.00, real=0.03 secs] 
9.954: [GC 9.955: [DefNew: 52288K->0K(76672K), 0.0269050 secs] 420113K->420089K(515776K), 0.0269760 secs] [Times: user=0.03 sys=0.00, real=0.03 secs] 
9.982: [CMS-concurrent-abortable-preclean: 0.003/0.175 secs] [Times: user=0.20 sys=0.00, real=0.18 secs] 
9.993: [GC[YG occupancy: 23899 K (76672 K)]9.993: [Rescan (non-parallel) 9.993: [grey object rescan, 0.0011290 secs]9.994: [root rescan, 0.0001520 secs], 0.0013080 secs]9.994: [weak refs processing, 0.0000070 secs]9.994: [scrub string table, 0.0000210 secs] [1 CMS-remark: 420089K(439104K)] 443988K(515776K), 0.0014020 secs] [Times: user=0.00 sys=0.00, real=0.00 secs] 
9.994: [CMS-concurrent-sweep-start]
9.995: [CMS-concurrent-sweep: 0.001/0.001 secs] [Times: user=0.00 sys=0.00, real=0.00 secs] 
9.995: [CMS-concurrent-reset-start]
9.999: [CMS-concurrent-reset: 0.004/0.004 secs] [Times: user=0.01 sys=0.00, real=0.00 secs] 
10.018: [GC 10.018: [DefNew: 60769K->0K(76672K), 0.0280310 secs] 360452K->360434K(515776K), 0.0280960 secs] [Times: user=0.03 sys=0.00, real=0.03 secs] 
10.059: [GC [1 CMS-initial-mark: 360434K(439104K)] 390091K(515776K), 0.0001860 secs] [Times: user=0.00 sys=0.00, real=0.01 secs] 
10.060: [CMS-concurrent-mark-start]
10.068: [CMS-concurrent-mark: 0.008/0.008 secs] [Times: user=0.01 sys=0.00, real=0.00 secs] 
10.068: [CMS-concurrent-preclean-start]
10.069: [CMS-concurrent-preclean: 0.001/0.001 secs] [Times: user=0.00 sys=0.00, real=0.00 secs] 
10.069: [CMS-concurrent-abortable-preclean-start]
10.084: [GC 10.084: [DefNew (promotion failed) : 67554K->67554K(76672K), 0.0266060 secs]10.111: [CMS10.111: [CMS-concurrent-abortable-preclean: 0.001/0.042 secs] [Times: user=0.04 sys=0.00, real=0.05 secs] 
 (concurrent mode failure): 416147K->112977K(439104K), 0.0519400 secs] 427988K->112977K(515776K), [CMS Perm : 2871K->2871K(21248K)], 0.0786550 secs] [Times: user=0.08 sys=0.01, real=0.08 secs] 
10.194: [GC 10.194: [DefNew: 61597K->0K(76672K), 0.0299050 secs] 174575K->174568K(515776K), 0.0299630 secs] [Times: user=0.03 sys=0.00, real=0.03 secs] 
10.231: [GC [1 CMS-initial-mark: 174568K(439104K)] 188655K(515776K), 0.0003550 secs] [Times: user=0.00 sys=0.00, real=0.00 secs] 
10.231: [CMS-concurrent-mark-start]
10.241: [CMS-concurrent-mark: 0.010/0.010 secs] [Times: user=0.01 sys=0.00, real=0.01 secs] 
10.241: [CMS-concurrent-preclean-start]
10.242: [CMS-concurrent-preclean: 0.001/0.001 secs] [Times: user=0.00 sys=0.00, real=0.00 secs] 
10.242: [CMS-concurrent-abortable-preclean-start]
10.262: [GC 10.262: [DefNew: 63749K->0K(76672K), 0.0308800 secs] 238317K->238311K(515776K), 0.0309490 secs] [Times: user=0.03 sys=0.00, real=0.03 secs] 
10.318: [GC 10.318: [DefNew: 46488K->0K(76672K), 0.0239190 secs] 284799K->284794K(515776K), 0.0239910 secs] [Times: user=0.02 sys=0.00, real=0.03 secs] 
10.374: [GC 10.374: [DefNew: 61079K->0K(76672K), 0.0290220 secs] 345874K->345869K(515776K), 0.0290840 secs] [Times: user=0.03 sys=0.00, real=0.03 secs] 
10.429: [GC 10.429: [DefNew: 46627K->0K(76672K), 0.0219090 secs] 392497K->392495K(515776K), 0.0219700 secs] [Times: user=0.03 sys=0.00, real=0.03 secs] 
10.451: [CMS-concurrent-abortable-preclean: 0.004/0.209 secs] [Times: user=0.25 sys=0.00, real=0.21 secs] 
10.475: [GC[YG occupancy: 46077 K (76672 K)]10.476: [Rescan (non-parallel) 10.476: [grey object rescan, 0.0010390 secs]10.477: [root rescan, 0.0001100 secs], 0.0011720 secs]10.477: [weak refs processing, 0.0000060 secs]10.477: [scrub string table, 0.0000200 secs] [1 CMS-remark: 392495K(439104K)] 438572K(515776K), 0.0012630 secs] [Times: user=0.00 sys=0.00, real=0.00 secs] 
10.477: [CMS-concurrent-sweep-start]
10.477: [CMS-concurrent-sweep: 0.000/0.000 secs] [Times: user=0.00 sys=0.00, real=0.00 secs] 
10.477: [CMS-concurrent-reset-start]
10.479: [CMS-concurrent-reset: 0.002/0.002 secs] [Times: user=0.00 sys=0.00, real=0.00 secs] 
10.488: [GC 10.488: [DefNew: 61826K->0K(76672K), 0.0285810 secs] 366060K->366056K(515776K), 0.0286540 secs] [Times: user=0.03 sys=0.00, real=0.03 secs] 
10.523: [GC [1 CMS-initial-mark: 366056K(439104K)] 377661K(515776K), 0.0001510 secs] [Times: user=0.00 sys=0.00, real=0.00 secs] 
10.523: [CMS-concurrent-mark-start]
10.535: [CMS-concurrent-mark: 0.012/0.012 secs] [Times: user=0.02 sys=0.00, real=0.01 secs] 
10.535: [CMS-concurrent-preclean-start]
10.537: [CMS-concurrent-preclean: 0.002/0.002 secs] [Times: user=0.00 sys=0.00, real=0.00 secs] 
10.537: [CMS-concurrent-abortable-preclean-start]
10.555: [GC 10.555: [DefNew: 63594K->0K(76672K), 0.0312450 secs] 429650K->429646K(515776K), 0.0313100 secs] [Times: user=0.03 sys=0.00, real=0.03 secs] 
10.586: [CMS-concurrent-abortable-preclean: 0.001/0.049 secs] [Times: user=0.05 sys=0.00, real=0.05 secs] 
10.594: [GC[YG occupancy: 17404 K (76672 K)]10.594: [Rescan (non-parallel) 10.594: [grey object rescan, 0.0010450 secs]10.596: [root rescan, 0.0001100 secs], 0.0011790 secs]10.596: [weak refs processing, 0.0000060 secs]10.596: [scrub string table, 0.0000200 secs] [1 CMS-remark: 429646K(439104K)] 447050K(515776K), 0.0012590 secs] [Times: user=0.00 sys=0.00, real=0.00 secs] 
10.596: [CMS-concurrent-sweep-start]
10.597: [CMS-concurrent-sweep: 0.001/0.001 secs] [Times: user=0.01 sys=0.00, real=0.00 secs] 
10.597: [CMS-concurrent-reset-start]
10.600: [CMS-concurrent-reset: 0.003/0.003 secs] [Times: user=0.00 sys=0.00, real=0.01 secs] 
10.621: [GC 10.621: [DefNew: 61395K->0K(76672K), 0.0283260 secs] 205339K->205335K(515776K), 0.0283920 secs] [Times: user=0.03 sys=0.00, real=0.02 secs] 
10.656: [GC [1 CMS-initial-mark: 205335K(439104K)] 220227K(515776K), 0.0001800 secs] [Times: user=0.00 sys=0.00, real=0.00 secs] 
10.656: [CMS-concurrent-mark-start]
10.669: [CMS-concurrent-mark: 0.013/0.013 secs] [Times: user=0.02 sys=0.00, real=0.01 secs] 
10.669: [CMS-concurrent-preclean-start]
10.670: [CMS-concurrent-preclean: 0.001/0.001 secs] [Times: user=0.00 sys=0.00, real=0.01 secs] 
10.670: [CMS-concurrent-abortable-preclean-start]
10.681: [GC 10.681: [DefNew: 56613K->0K(76672K), 0.0269360 secs] 261948K->261944K(515776K), 0.0269960 secs] [Times: user=0.03 sys=0.00, real=0.02 secs] 
10.743: [GC 10.743: [DefNew: 66710K->0K(76672K), 0.0308160 secs] 328655K->328650K(515776K), 0.0308830 secs] [Times: user=0.03 sys=0.00, real=0.03 secs] 
10.807: [GC 10.807: [DefNew: 64160K->0K(76672K), 0.0309320 secs] 392810K->392806K(515776K), 0.0310280 secs] [Times: user=0.03 sys=0.00, real=0.03 secs] 
10.863: [GC 10.863: [DefNew: 50891K->50891K(76672K), 0.0000200 secs]10.864: [CMS10.864: [CMS-concurrent-abortable-preclean: 0.005/0.194 secs] [Times: user=0.22 sys=0.00, real=0.19 secs] 
 (concurrent mode failure): 392806K->111133K(439104K), 0.0453290 secs] 443698K->111133K(515776K), [CMS Perm : 2871K->2871K(21248K)], 0.0454250 secs] [Times: user=0.05 sys=0.00, real=0.04 secs] 
10.945: [GC 10.945: [DefNew: 67200K->0K(76672K), 0.0313210 secs] 178333K->178331K(515776K), 0.0313820 secs] [Times: user=0.03 sys=0.00, real=0.03 secs] 
11.002: [GC 11.002: [DefNew: 48417K->0K(76672K), 0.0239890 secs] 226749K->226745K(515776K), 0.0240580 secs] [Times: user=0.02 sys=0.00, real=0.02 secs] 
11.038: [GC [1 CMS-initial-mark: 226745K(439104K)] 251320K(515776K), 0.0001610 secs] [Times: user=0.00 sys=0.00, real=0.00 secs] 
11.038: [CMS-concurrent-mark-start]
11.049: [CMS-concurrent-mark: 0.011/0.011 secs] [Times: user=0.02 sys=0.00, real=0.01 secs] 
11.049: [CMS-concurrent-preclean-start]
11.050: [CMS-concurrent-preclean: 0.001/0.001 secs] [Times: user=0.00 sys=0.00, real=0.01 secs] 
11.050: [CMS-concurrent-abortable-preclean-start]
11.059: [GC 11.059: [DefNew: 60745K->0K(76672K), 0.0292680 secs] 287490K->287486K(515776K), 0.0293380 secs] [Times: user=0.03 sys=0.00, real=0.03 secs] 
11.119: [GC 11.119: [DefNew: 60212K->0K(76672K), 0.0290250 secs] 347698K->347694K(515776K), 0.0290920 secs] [Times: user=0.02 sys=0.00, real=0.03 secs] 
11.184: [GC 11.184: [DefNew: 66590K->0K(76672K), 0.0324390 secs] 414284K->414280K(515776K), 0.0325040 secs] [Times: user=0.03 sys=0.00, real=0.03 secs] 
11.247: [GC 11.247: [DefNew: 57653K->57653K(76672K), 0.0000180 secs]11.247: [CMS11.247: [CMS-concurrent-abortable-preclean: 0.004/0.197 secs] [Times: user=0.24 sys=0.00, real=0.19 secs] 
 (concurrent mode failure): 414280K->115155K(439104K), 0.0541150 secs] 471934K->115155K(515776K), [CMS Perm : 2871K->2871K(21248K)], 0.0542120 secs] [Times: user=0.05 sys=0.00, real=0.06 secs] 
11.334: [GC 11.334: [DefNew: 58977K->0K(76672K), 0.0287490 secs] 174133K->174133K(515776K), 0.0288130 secs] [Times: user=0.02 sys=0.00, real=0.03 secs] 
11.397: [GC 11.398: [DefNew: 63811K->0K(76672K), 0.0292740 secs] 237944K->237940K(515776K), 0.0293330 secs] [Times: user=0.03 sys=0.00, real=0.03 secs] 
11.443: [GC [1 CMS-initial-mark: 237940K(439104K)] 270356K(515776K), 0.0001780 secs] [Times: user=0.00 sys=0.00, real=0.00 secs] 
11.443: [CMS-concurrent-mark-start]
11.452: [CMS-concurrent-mark: 0.009/0.009 secs] [Times: user=0.02 sys=0.00, real=0.01 secs] 
11.453: [CMS-concurrent-preclean-start]
11.454: [CMS-concurrent-preclean: 0.001/0.001 secs] [Times: user=0.00 sys=0.00, real=0.00 secs] 
11.454: [CMS-concurrent-abortable-preclean-start]
11.455: [GC 11.455: [DefNew: 50785K->0K(76672K), 0.0246450 secs] 288725K->288723K(515776K), 0.0247050 secs] [Times: user=0.03 sys=0.00, real=0.03 secs] 
11.504: [GC 11.504: [DefNew: 44729K->0K(76672K), 0.0227500 secs] 333452K->333450K(515776K), 0.0228210 secs] [Times: user=0.02 sys=0.00, real=0.02 secs] 
11.559: [GC 11.560: [DefNew: 58930K->0K(76672K), 0.0294770 secs] 392380K->392378K(515776K), 0.0295460 secs] [Times: user=0.03 sys=0.00, real=0.02 secs] 
11.589: [CMS-concurrent-abortable-preclean: 0.003/0.135 secs] [Times: user=0.15 sys=0.00, real=0.13 secs] 
11.594: [GC[YG occupancy: 10966 K (76672 K)]11.594: [Rescan (non-parallel) 11.594: [grey object rescan, 0.0011240 secs]11.595: [root rescan, 0.0001700 secs], 0.0013220 secs]11.595: [weak refs processing, 0.0000110 secs]11.595: [scrub string table, 0.0000260 secs] [1 CMS-remark: 392378K(439104K)] 403345K(515776K), 0.0014320 secs] [Times: user=0.01 sys=0.00, real=0.00 secs] 
11.595: [CMS-concurrent-sweep-start]
11.596: [CMS-concurrent-sweep: 0.001/0.001 secs] [Times: user=0.00 sys=0.00, real=0.00 secs] 
11.596: [CMS-concurrent-reset-start]
11.599: [CMS-concurrent-reset: 0.003/0.003 secs] [Times: user=0.00 sys=0.00, real=0.00 secs] 
11.616: [GC 11.616: [DefNew: 47820K->0K(76672K), 0.0230540 secs] 299254K->299250K(515776K), 0.0231210 secs] [Times: user=0.02 sys=0.00, real=0.02 secs] 
11.657: [GC [1 CMS-initial-mark: 299249K(439104K)] 335054K(515776K), 0.0003670 secs] [Times: user=0.00 sys=0.00, real=0.00 secs] 
11.658: [CMS-concurrent-mark-start]
11.668: [CMS-concurrent-mark: 0.010/0.010 secs] [Times: user=0.02 sys=0.00, real=0.01 secs] 
11.668: [CMS-concurrent-preclean-start]
11.670: [CMS-concurrent-preclean: 0.002/0.002 secs] [Times: user=0.00 sys=0.00, real=0.01 secs] 
11.670: [CMS-concurrent-abortable-preclean-start]
11.677: [GC 11.677: [DefNew: 64675K->0K(76672K), 0.0331050 secs] 363925K->363921K(515776K), 0.0331700 secs] [Times: user=0.03 sys=0.00, real=0.04 secs] 
11.742: [GC 11.742: [DefNew: 58322K->0K(76672K), 0.0278070 secs] 422243K->422239K(515776K), 0.0278730 secs] [Times: user=0.02 sys=0.00, real=0.03 secs] 
11.802: [GC 11.802: [DefNew: 61774K->61774K(76672K), 0.0000200 secs]11.802: [CMS11.802: [CMS-concurrent-abortable-preclean: 0.003/0.132 secs] [Times: user=0.15 sys=0.01, real=0.13 secs] 
 (concurrent mode failure): 422239K->125581K(439104K), 0.0594880 secs] 484014K->125581K(515776K), [CMS Perm : 2871K->2871K(21248K)], 0.0595860 secs] [Times: user=0.06 sys=0.00, real=0.06 secs] 
11.888: [GC 11.888: [DefNew: 46441K->0K(76672K), 0.0244960 secs] 172022K->172020K(515776K), 0.0245610 secs] [Times: user=0.03 sys=0.00, real=0.03 secs] 
11.944: [GC 11.944: [DefNew: 62762K->0K(76672K), 0.0298120 secs] 234782K->234778K(515776K), 0.0299320 secs] [Times: user=0.03 sys=0.00, real=0.03 secs] 
11.982: [GC [1 CMS-initial-mark: 234778K(439104K)] 251875K(515776K), 0.0002310 secs] [Times: user=0.00 sys=0.00, real=0.00 secs] 
11.982: [CMS-concurrent-mark-start]
11.992: [CMS-concurrent-mark: 0.010/0.010 secs] [Times: user=0.02 sys=0.00, real=0.01 secs] 
11.992: [CMS-concurrent-preclean-start]
11.993: [CMS-concurrent-preclean: 0.001/0.001 secs] [Times: user=0.00 sys=0.00, real=0.00 secs] 
11.993: [CMS-concurrent-abortable-preclean-start]
12.010: [GC 12.010: [DefNew: 64056K->0K(76672K), 0.0295670 secs] 298835K->298831K(515776K), 0.0296380 secs] [Times: user=0.03 sys=0.00, real=0.03 secs] 
12.074: [GC 12.074: [DefNew: 64166K->0K(76672K), 0.0306250 secs] 362998K->362994K(515776K), 0.0306890 secs] [Times: user=0.02 sys=0.00, real=0.03 secs] 
12.142: [GC 12.142: [DefNew: 62514K->0K(76672K), 0.0292670 secs] 425508K->425504K(515776K), 0.0293340 secs] [Times: user=0.02 sys=0.00, real=0.03 secs] 
12.171: [CMS-concurrent-abortable-preclean: 0.003/0.178 secs] [Times: user=0.21 sys=0.00, real=0.18 secs] 
12.190: [GC[YG occupancy: 38337 K (76672 K)]12.190: [Rescan (non-parallel) 12.190: [grey object rescan, 0.0010520 secs]12.191: [root rescan, 0.0001120 secs], 0.0011890 secs]12.191: [weak refs processing, 0.0000070 secs]12.192: [scrub string table, 0.0000200 secs] [1 CMS-remark: 425504K(439104K)] 463841K(515776K), 0.0012830 secs] [Times: user=0.01 sys=0.00, real=0.00 secs] 
12.192: [CMS-concurrent-sweep-start]
12.192: [CMS-concurrent-sweep: 0.000/0.000 secs] [Times: user=0.00 sys=0.00, real=0.00 secs] 
12.192: [CMS-concurrent-reset-start]
12.194: [CMS-concurrent-reset: 0.002/0.002 secs] [Times: user=0.00 sys=0.00, real=0.00 secs] 
12.205: [GC 12.205: [DefNew: 55754K->0K(76672K), 0.0271530 secs] 368061K->368057K(515776K), 0.0272210 secs] [Times: user=0.02 sys=0.00, real=0.03 secs] 
12.242: [GC [1 CMS-initial-mark: 368056K(439104K)] 389432K(515776K), 0.0001750 secs] [Times: user=0.00 sys=0.00, real=0.00 secs] 
12.243: [CMS-concurrent-mark-start]
12.253: [CMS-concurrent-mark: 0.010/0.010 secs] [Times: user=0.02 sys=0.00, real=0.01 secs] 
12.253: [CMS-concurrent-preclean-start]
12.254: [CMS-concurrent-preclean: 0.001/0.001 secs] [Times: user=0.00 sys=0.00, real=0.00 secs] 
12.254: [CMS-concurrent-abortable-preclean-start]
12.265: [GC 12.265: [DefNew: 57564K->0K(76672K), 0.0272460 secs] 425621K->425617K(515776K), 0.0273120 secs] [Times: user=0.03 sys=0.00, real=0.03 secs] 
12.292: [CMS-concurrent-abortable-preclean: 0.001/0.038 secs] [Times: user=0.05 sys=0.00, real=0.04 secs] 
12.314: [GC[YG occupancy: 44441 K (76672 K)]12.314: [Rescan (non-parallel) 12.314: [grey object rescan, 0.0010840 secs]12.315: [root rescan, 0.0001640 secs], 0.0012760 secs]12.315: [weak refs processing, 0.0000080 secs]12.315: [scrub string table, 0.0000230 secs] [1 CMS-remark: 425617K(439104K)] 470058K(515776K), 0.0013810 secs] [Times: user=0.00 sys=0.00, real=0.00 secs] 
12.316: [CMS-concurrent-sweep-start]
12.316: [CMS-concurrent-sweep: 0.001/0.001 secs] [Times: user=0.00 sys=0.00, real=0.00 secs] 
12.316: [CMS-concurrent-reset-start]
12.318: [CMS-concurrent-reset: 0.002/0.002 secs] [Times: user=0.00 sys=0.00, real=0.00 secs] 
12.326: [GC 12.326: [DefNew: 57585K->0K(76672K), 0.0284450 secs] 240359K->240355K(515776K), 0.0285070 secs] [Times: user=0.03 sys=0.00, real=0.03 secs] 
12.365: [GC [1 CMS-initial-mark: 240355K(439104K)] 263409K(515776K), 0.0001820 secs] [Times: user=0.00 sys=0.00, real=0.00 secs] 
12.365: [CMS-concurrent-mark-start]
12.377: [CMS-concurrent-mark: 0.011/0.011 secs] [Times: user=0.02 sys=0.00, real=0.01 secs] 
12.377: [CMS-concurrent-preclean-start]
12.378: [CMS-concurrent-preclean: 0.001/0.001 secs] [Times: user=0.00 sys=0.00, real=0.00 secs] 
12.378: [CMS-concurrent-abortable-preclean-start]
12.392: [GC 12.392: [DefNew: 62734K->0K(76672K), 0.0293840 secs] 303090K->303086K(515776K), 0.0294600 secs] [Times: user=0.03 sys=0.00, real=0.03 secs] 
12.453: [GC 12.453: [DefNew: 60249K->0K(76672K), 0.0284360 secs] 363335K->363333K(515776K), 0.0285380 secs] [Times: user=0.03 sys=0.00, real=0.03 secs] 
12.515: [GC 12.515: [DefNew (promotion failed) : 65043K->65043K(76672K), 0.0188810 secs]12.534: [CMS12.534: [CMS-concurrent-abortable-preclean: 0.011/0.157 secs] [Times: user=0.18 sys=0.00, real=0.16 secs] 
 (concurrent mode failure): 392945K->129488K(439104K), 0.0627350 secs] 428376K->129488K(515776K), [CMS Perm : 2871K->2871K(21248K)], 0.0817230 secs] [Times: user=0.08 sys=0.00, real=0.08 secs] 
12.628: [GC 12.628: [DefNew: 60435K->0K(76672K), 0.0293130 secs] 189924K->189922K(515776K), 0.0293730 secs] [Times: user=0.03 sys=0.01, real=0.03 secs] 
12.691: [GC 12.691: [DefNew: 67492K->0K(76672K), 0.0324570 secs] 257414K->257410K(515776K), 0.0325180 secs] [Times: user=0.03 sys=0.00, real=0.03 secs] 
12.736: [GC [1 CMS-initial-mark: 257410K(439104K)] 283015K(515776K), 0.0001730 secs] [Times: user=0.00 sys=0.00, real=0.00 secs] 
12.737: [CMS-concurrent-mark-start]
12.748: [CMS-concurrent-mark: 0.011/0.011 secs] [Times: user=0.02 sys=0.00, real=0.01 secs] 
12.748: [CMS-concurrent-preclean-start]
12.756: [GC 12.756: [DefNew: 56424K->0K(76672K), 0.0275640 secs] 313835K->313831K(515776K), 0.0276360 secs] [Times: user=0.02 sys=0.00, real=0.03 secs] 
12.784: [CMS-concurrent-preclean: 0.001/0.036 secs] [Times: user=0.03 sys=0.00, real=0.04 secs] 
12.784: [CMS-concurrent-abortable-preclean-start]
12.817: [GC 12.817: [DefNew: 63768K->0K(76672K), 0.0304840 secs] 377599K->377595K(515776K), 0.0305480 secs] [Times: user=0.03 sys=0.00, real=0.03 secs] 
12.876: [GC 12.876: [DefNew: 49189K->0K(76672K), 0.0237190 secs] 426784K->426782K(515776K), 0.0237900 secs] [Times: user=0.02 sys=0.00, real=0.03 secs] 
12.900: [CMS-concurrent-abortable-preclean: 0.002/0.116 secs] [Times: user=0.14 sys=0.00, real=0.12 secs] 
12.919: [GC[YG occupancy: 39402 K (76672 K)]12.919: [Rescan (non-parallel) 12.919: [grey object rescan, 0.0011710 secs]12.920: [root rescan, 0.0001190 secs], 0.0013170 secs]12.920: [weak refs processing, 0.0000070 secs]12.920: [scrub string table, 0.0000200 secs] [1 CMS-remark: 426782K(439104K)] 466184K(515776K), 0.0014210 secs] [Times: user=0.00 sys=0.00, real=0.01 secs] 
12.921: [CMS-concurrent-sweep-start]
12.921: [CMS-concurrent-sweep: 0.000/0.000 secs] [Times: user=0.00 sys=0.00, real=0.00 secs] 
12.921: [CMS-concurrent-reset-start]
12.923: [CMS-concurrent-reset: 0.002/0.002 secs] [Times: user=0.00 sys=0.00, real=0.00 secs] 
12.931: [GC 12.931: [DefNew: 53023K->0K(76672K), 0.0257340 secs] 342039K->342037K(515776K), 0.0258040 secs] [Times: user=0.02 sys=0.00, real=0.02 secs] 
12.965: [GC [1 CMS-initial-mark: 342037K(439104K)] 359693K(515776K), 0.0001630 secs] [Times: user=0.00 sys=0.00, real=0.00 secs] 
12.965: [CMS-concurrent-mark-start]
12.976: [CMS-concurrent-mark: 0.011/0.011 secs] [Times: user=0.02 sys=0.00, real=0.01 secs] 
12.976: [CMS-concurrent-preclean-start]
12.979: [CMS-concurrent-preclean: 0.002/0.002 secs] [Times: user=0.00 sys=0.00, real=0.00 secs] 
12.979: [CMS-concurrent-abortable-preclean-start]
12.990: [GC 12.990: [DefNew: 60756K->0K(76672K), 0.0297460 secs] 402793K->402789K(515776K), 0.0298060 secs] [Times: user=0.03 sys=0.00, real=0.03 secs] 
13.050: [GC 13.050: [DefNew: 57891K->57891K(76672K), 0.0000200 secs]13.050: [CMS13.050: [CMS-concurrent-abortable-preclean: 0.002/0.072 secs] [Times: user=0.09 sys=0.00, real=0.08 secs] 
 (concurrent mode failure): 402788K->111703K(439104K), 0.0426860 secs] 460680K->111703K(515776K), [CMS Perm : 2871K->2871K(21248K)], 0.0427870 secs] [Times: user=0.04 sys=0.00, real=0.04 secs] 
13.126: [GC 13.126: [DefNew: 63037K->0K(76672K), 0.0295990 secs] 174741K->174739K(515776K), 0.0296640 secs] [Times: user=0.03 sys=0.00, real=0.03 secs] 
13.191: [GC 13.191: [DefNew: 66583K->0K(76672K), 0.0317800 secs] 241322K->241318K(515776K), 0.0318480 secs] [Times: user=0.03 sys=0.00, real=0.03 secs] 
13.234: [GC [1 CMS-initial-mark: 241318K(439104K)] 266663K(515776K), 0.0001790 secs] [Times: user=0.00 sys=0.00, real=0.00 secs] 
13.235: [CMS-concurrent-mark-start]
13.245: [CMS-concurrent-mark: 0.010/0.010 secs] [Times: user=0.01 sys=0.00, real=0.01 secs] 
13.245: [CMS-concurrent-preclean-start]
13.246: [CMS-concurrent-preclean: 0.001/0.001 secs] [Times: user=0.01 sys=0.00, real=0.00 secs] 
13.246: [CMS-concurrent-abortable-preclean-start]
13.256: [GC 13.256: [DefNew: 56188K->0K(76672K), 0.0263850 secs] 297507K->297503K(515776K), 0.0264520 secs] [Times: user=0.02 sys=0.00, real=0.03 secs] 
13.316: [GC 13.316: [DefNew: 61322K->0K(76672K), 0.0291810 secs] 358825K->358821K(515776K), 0.0292450 secs] [Times: user=0.03 sys=0.00, real=0.03 secs] 
13.345: [CMS-concurrent-abortable-preclean: 0.002/0.099 secs] [Times: user=0.11 sys=0.00, real=0.10 secs] 
13.356: [GC[YG occupancy: 22697 K (76672 K)]13.356: [Rescan (non-parallel) 13.356: [grey object rescan, 0.0010780 secs]13.357: [root rescan, 0.0001380 secs], 0.0012420 secs]13.357: [weak refs processing, 0.0000080 secs]13.357: [scrub string table, 0.0000210 secs] [1 CMS-remark: 358821K(439104K)] 381518K(515776K), 0.0013410 secs] [Times: user=0.00 sys=0.00, real=0.00 secs] 
13.357: [CMS-concurrent-sweep-start]
13.358: [CMS-concurrent-sweep: 0.001/0.001 secs] [Times: user=0.00 sys=0.00, real=0.00 secs] 
13.358: [CMS-concurrent-reset-start]
13.361: [CMS-concurrent-reset: 0.003/0.003 secs] [Times: user=0.01 sys=0.00, real=0.01 secs] 
13.380: [GC 13.380: [DefNew: 61601K->0K(76672K), 0.0299220 secs] 297928K->297924K(515776K), 0.0299840 secs] [Times: user=0.03 sys=0.00, real=0.03 secs] 
13.417: [GC [1 CMS-initial-mark: 297924K(439104K)] 314678K(515776K), 0.0002110 secs] [Times: user=0.00 sys=0.00, real=0.00 secs] 
13.418: [CMS-concurrent-mark-start]
13.428: [CMS-concurrent-mark: 0.010/0.010 secs] [Times: user=0.02 sys=0.00, real=0.01 secs] 
13.428: [CMS-concurrent-preclean-start]
13.429: [CMS-concurrent-preclean: 0.001/0.001 secs] [Times: user=0.00 sys=0.00, real=0.00 secs] 
13.429: [CMS-concurrent-abortable-preclean-start]
13.442: [GC 13.442: [DefNew: 59086K->0K(76672K), 0.0286060 secs] 357010K->357006K(515776K), 0.0286670 secs] [Times: user=0.03 sys=0.00, real=0.03 secs] 
13.505: [GC 13.505: [DefNew: 61591K->0K(76672K), 0.0319710 secs] 418597K->418593K(515776K), 0.0320300 secs] [Times: user=0.03 sys=0.00, real=0.03 secs] 
13.573: [GC 13.573: [DefNew: 65093K->65093K(76672K), 0.0000210 secs]13.573: [CMS13.573: [CMS-concurrent-abortable-preclean: 0.003/0.144 secs] [Times: user=0.17 sys=0.01, real=0.15 secs] 
 (concurrent mode failure): 418592K->97817K(439104K), 0.0481360 secs] 483686K->97817K(515776K), [CMS Perm : 2871K->2871K(21248K)], 0.0482340 secs] [Times: user=0.05 sys=0.00, real=0.05 secs] 
13.656: [GC 13.656: [DefNew: 67167K->0K(76672K), 0.0315660 secs] 164985K->164983K(515776K), 0.0316300 secs] [Times: user=0.03 sys=0.00, real=0.03 secs] 
13.711: [GC 13.712: [DefNew: 48368K->0K(76672K), 0.0242510 secs] 213351K->213347K(515776K), 0.0243180 secs] [Times: user=0.03 sys=0.00, real=0.02 secs] 
13.748: [GC [1 CMS-initial-mark: 213347K(439104K)] 238362K(515776K), 0.0001870 secs] [Times: user=0.00 sys=0.00, real=0.00 secs] 
13.748: [CMS-concurrent-mark-start]
13.758: [CMS-concurrent-mark: 0.010/0.010 secs] [Times: user=0.01 sys=0.00, real=0.01 secs] 
13.758: [CMS-concurrent-preclean-start]
13.760: [CMS-concurrent-preclean: 0.001/0.001 secs] [Times: user=0.01 sys=0.00, real=0.01 secs] 
13.760: [CMS-concurrent-abortable-preclean-start]
13.770: [GC 13.770: [DefNew: 59478K->0K(76672K), 0.0282770 secs] 272825K->272821K(515776K), 0.0283420 secs] [Times: user=0.03 sys=0.00, real=0.02 secs] 
13.823: [GC 13.823: [DefNew: 47955K->0K(76672K), 0.0239960 secs] 320776K->320772K(515776K), 0.0240530 secs] [Times: user=0.02 sys=0.00, real=0.02 secs] 
13.885: [GC 13.885: [DefNew: 65669K->0K(76672K), 0.0302880 secs] 386442K->386438K(515776K), 0.0303540 secs] [Times: user=0.03 sys=0.00, real=0.03 secs] 
13.949: [GC 13.949: [DefNew: 62570K->62570K(76672K), 0.0000200 secs]13.949: [CMS13.949: [CMS-concurrent-abortable-preclean: 0.004/0.189 secs] [Times: user=0.22 sys=0.00, real=0.18 secs] 
 (concurrent mode failure): 386437K->118593K(439104K), 0.0568920 secs] 449008K->118593K(515776K), [CMS Perm : 2871K->2871K(21248K)], 0.0569910 secs] [Times: user=0.05 sys=0.00, real=0.06 secs] 
14.033: [GC 14.033: [DefNew: 47323K->0K(76672K), 0.0231150 secs] 165917K->165917K(515776K), 0.0231870 secs] [Times: user=0.02 sys=0.00, real=0.02 secs] 
14.082: [GC 14.082: [DefNew: 47402K->0K(76672K), 0.0230840 secs] 213319K->213315K(515776K), 0.0231500 secs] [Times: user=0.02 sys=0.00, real=0.02 secs] 
14.118: [GC [1 CMS-initial-mark: 213315K(439104K)] 238443K(515776K), 0.0001690 secs] [Times: user=0.01 sys=0.00, real=0.00 secs] 
14.118: [CMS-concurrent-mark-start]
14.129: [CMS-concurrent-mark: 0.011/0.011 secs] [Times: user=0.02 sys=0.00, real=0.01 secs] 
14.129: [CMS-concurrent-preclean-start]
14.130: [CMS-concurrent-preclean: 0.001/0.001 secs] [Times: user=0.00 sys=0.00, real=0.01 secs] 
14.130: [CMS-concurrent-abortable-preclean-start]
14.132: [GC 14.133: [DefNew: 49029K->0K(76672K), 0.0236590 secs] 262344K->262342K(515776K), 0.0237290 secs] [Times: user=0.02 sys=0.00, real=0.02 secs] 
14.185: [GC 14.186: [DefNew: 55937K->0K(76672K), 0.0281570 secs] 318279K->318275K(515776K), 0.0282230 secs] [Times: user=0.03 sys=0.00, real=0.03 secs] 
14.246: [GC 14.246: [DefNew: 55949K->0K(76672K), 0.0289400 secs] 374224K->374222K(515776K), 0.0290060 secs] [Times: user=0.03 sys=0.00, real=0.03 secs] 
14.308: [GC 14.308: [DefNew: 64524K->0K(76672K), 0.0294080 secs] 438746K->438742K(515776K), 0.0294690 secs] [Times: user=0.03 sys=0.00, real=0.03 secs] 
14.337: [CMS-concurrent-abortable-preclean: 0.004/0.207 secs] [Times: user=0.23 sys=0.00, real=0.20 secs] 
14.350: [GC[YG occupancy: 27684 K (76672 K)]14.350: [Rescan (non-parallel) 14.350: [grey object rescan, 0.0010590 secs]14.351: [root rescan, 0.0001110 secs], 0.0011970 secs]14.351: [weak refs processing, 0.0000070 secs]14.351: [scrub string table, 0.0000210 secs] [1 CMS-remark: 438742K(439104K)] 466427K(515776K), 0.0012970 secs] [Times: user=0.00 sys=0.00, real=0.00 secs] 
14.351: [CMS-concurrent-sweep-start]
14.352: [CMS-concurrent-sweep: 0.000/0.000 secs] [Times: user=0.00 sys=0.00, real=0.00 secs] 
14.352: [CMS-concurrent-reset-start]
14.354: [CMS-concurrent-reset: 0.002/0.002 secs] [Times: user=0.00 sys=0.00, real=0.00 secs] 
14.364: [GC 14.364: [DefNew: 46215K->0K(76672K), 0.0224780 secs] 371679K->371675K(515776K), 0.0225410 secs] [Times: user=0.02 sys=0.00, real=0.02 secs] 
14.398: [GC [1 CMS-initial-mark: 371675K(439104K)] 395115K(515776K), 0.0003200 secs] [Times: user=0.00 sys=0.00, real=0.00 secs] 
14.398: [CMS-concurrent-mark-start]
14.409: [CMS-concurrent-mark: 0.010/0.010 secs] [Times: user=0.02 sys=0.01, real=0.01 secs] 
14.409: [CMS-concurrent-preclean-start]
14.410: [CMS-concurrent-preclean: 0.001/0.001 secs] [Times: user=0.00 sys=0.00, real=0.01 secs] 
14.410: [CMS-concurrent-abortable-preclean-start]
14.421: [GC 14.421: [DefNew (promotion failed) : 60109K->60109K(76672K), 0.0197520 secs]14.441: [CMS14.441: [CMS-concurrent-abortable-preclean: 0.001/0.031 secs] [Times: user=0.03 sys=0.00, real=0.03 secs] 
 (concurrent mode failure): 408341K->145607K(439104K), 0.0373670 secs] 431785K->145607K(515776K), [CMS Perm : 2871K->2871K(21248K)], 0.0572270 secs] [Times: user=0.05 sys=0.00, real=0.05 secs] 
14.513: [GC 14.513: [DefNew: 65052K->0K(76672K), 0.0332870 secs] 210659K->210658K(515776K), 0.0333460 secs] [Times: user=0.03 sys=0.00, real=0.03 secs] 
14.561: [GC [1 CMS-initial-mark: 210657K(439104K)] 242010K(515776K), 0.0001830 secs] [Times: user=0.00 sys=0.00, real=0.00 secs] 
14.561: [CMS-concurrent-mark-start]
14.571: [CMS-concurrent-mark: 0.009/0.009 secs] [Times: user=0.01 sys=0.00, real=0.01 secs] 
14.571: [CMS-concurrent-preclean-start]
14.572: [CMS-concurrent-preclean: 0.001/0.001 secs] [Times: user=0.00 sys=0.00, real=0.00 secs] 
14.572: [CMS-concurrent-abortable-preclean-start]
14.583: [GC 14.583: [DefNew: 64425K->0K(76672K), 0.0307140 secs] 275083K->275079K(515776K), 0.0307780 secs] [Times: user=0.02 sys=0.00, real=0.03 secs] 
14.650: [GC 14.650: [DefNew: 64440K->0K(76672K), 0.0303090 secs] 339519K->339515K(515776K), 0.0303780 secs] [Times: user=0.03 sys=0.00, real=0.03 secs] 
14.715: [GC 14.715: [DefNew: 63908K->0K(76672K), 0.0316750 secs] 403423K->403419K(515776K), 0.0317750 secs] [Times: user=0.03 sys=0.00, real=0.03 secs] 
14.773: [GC 14.773: [DefNew: 51694K->51694K(76672K), 0.0000200 secs]14.773: [CMS14.773: [CMS-concurrent-abortable-preclean: 0.005/0.201 secs] [Times: user=0.23 sys=0.00, real=0.20 secs] 
 (concurrent mode failure): 403419K->103489K(439104K), 0.0499770 secs] 455114K->103489K(515776K), [CMS Perm : 2871K->2871K(21248K)], 0.0500780 secs] [Times: user=0.05 sys=0.00, real=0.05 secs] 
14.857: [GC 14.857: [DefNew: 62672K->0K(76672K), 0.0293210 secs] 166162K->166160K(515776K), 0.0293870 secs] [Times: user=0.03 sys=0.00, real=0.03 secs] 
14.921: [GC 14.921: [DefNew: 64924K->0K(76672K), 0.0304930 secs] 231084K->231082K(515776K), 0.0305610 secs] [Times: user=0.03 sys=0.00, real=0.03 secs] 
14.962: [GC [1 CMS-initial-mark: 231082K(439104K)] 254592K(515776K), 0.0001870 secs] [Times: user=0.00 sys=0.00, real=0.00 secs] 
14.963: [CMS-concurrent-mark-start]
14.974: [CMS-concurrent-mark: 0.011/0.011 secs] [Times: user=0.01 sys=0.00, real=0.01 secs] 
14.974: [CMS-concurrent-preclean-start]
14.975: [CMS-concurrent-preclean: 0.001/0.001 secs] [Times: user=0.01 sys=0.00, real=0.00 secs] 
14.975: [CMS-concurrent-abortable-preclean-start]
14.988: [GC 14.988: [DefNew: 63560K->0K(76672K), 0.0299730 secs] 294643K->294638K(515776K), 0.0300510 secs] [Times: user=0.03 sys=0.00, real=0.03 secs] 
15.051: [GC 15.051: [DefNew: 64152K->0K(76672K), 0.0461410 secs] 358790K->358786K(515776K), 0.0462180 secs] [Times: user=0.03 sys=0.00, real=0.04 secs] 
15.144: [GC 15.144: [DefNew: 46939K->0K(76672K), 0.0234530 secs] 405725K->405723K(515776K), 0.0235140 secs] [Times: user=0.03 sys=0.00, real=0.02 secs] 
15.209: [GC 15.209: [DefNew: 63599K->63599K(76672K), 0.0000270 secs]15.209: [CMS15.209: [CMS-concurrent-abortable-preclean: 0.004/0.234 secs] [Times: user=0.20 sys=0.00, real=0.23 secs] 
 (concurrent mode failure): 405723K->109061K(439104K), 0.0603320 secs] 469322K->109061K(515776K), [CMS Perm : 2871K->2871K(21248K)], 0.0604300 secs] [Times: user=0.06 sys=0.00, real=0.06 secs] 
15.307: [GC 15.307: [DefNew: 67114K->0K(76672K), 0.0353340 secs] 176176K->176174K(515776K), 0.0353960 secs] [Times: user=0.03 sys=0.00, real=0.04 secs] 
15.377: [GC 15.377: [DefNew: 66521K->0K(76672K), 0.0322270 secs] 242695K->242691K(515776K), 0.0322920 secs] [Times: user=0.03 sys=0.01, real=0.03 secs] 
15.415: [GC [1 CMS-initial-mark: 242691K(439104K)] 257373K(515776K), 0.0001720 secs] [Times: user=0.00 sys=0.00, real=0.00 secs] 
15.416: [CMS-concurrent-mark-start]
15.427: [CMS-concurrent-mark: 0.011/0.011 secs] [Times: user=0.02 sys=0.00, real=0.01 secs] 
15.427: [CMS-concurrent-preclean-start]
15.428: [CMS-concurrent-preclean: 0.001/0.001 secs] [Times: user=0.00 sys=0.00, real=0.00 secs] 
15.428: [CMS-concurrent-abortable-preclean-start]
15.441: [GC 15.441: [DefNew: 58190K->0K(76672K), 0.0278110 secs] 300881K->300877K(515776K), 0.0278760 secs] [Times: user=0.02 sys=0.00, real=0.02 secs] 
15.493: [GC 15.493: [DefNew: 47553K->0K(76672K), 0.0249380 secs] 348430K->348426K(515776K), 0.0250130 secs] [Times: user=0.03 sys=0.00, real=0.02 secs] 
15.557: [GC 15.557: [DefNew: 67818K->0K(76672K), 0.0318540 secs] 416244K->416240K(515776K), 0.0319240 secs] [Times: user=0.03 sys=0.00, real=0.03 secs] 
15.616: [GC 15.617: [DefNew: 54318K->54318K(76672K), 0.0000200 secs]15.617: [CMS15.617: [CMS-concurrent-abortable-preclean: 0.005/0.189 secs] [Times: user=0.21 sys=0.00, real=0.19 secs] 
 (concurrent mode failure): 416240K->95935K(439104K), 0.0474220 secs] 470559K->95935K(515776K), [CMS Perm : 2871K->2871K(21248K)], 0.0475220 secs] [Times: user=0.05 sys=0.00, real=0.05 secs] 
15.694: [GC 15.694: [DefNew: 57024K->0K(76672K), 0.0276980 secs] 152960K->152958K(515776K), 0.0277720 secs] [Times: user=0.02 sys=0.00, real=0.03 secs] 
15.757: [GC 15.758: [DefNew: 67108K->0K(76672K), 0.0308490 secs] 220066K->220062K(515776K), 0.0309180 secs] [Times: user=0.03 sys=0.00, real=0.03 secs] 
15.796: [GC [1 CMS-initial-mark: 220062K(439104K)] 236586K(515776K), 0.0001860 secs] [Times: user=0.01 sys=0.00, real=0.00 secs] 
15.796: [CMS-concurrent-mark-start]
15.806: [CMS-concurrent-mark: 0.010/0.010 secs] [Times: user=0.01 sys=0.00, real=0.01 secs] 
15.806: [CMS-concurrent-preclean-start]
15.807: [CMS-concurrent-preclean: 0.001/0.001 secs] [Times: user=0.00 sys=0.00, real=0.00 secs] 
15.807: [CMS-concurrent-abortable-preclean-start]
15.825: [GC 15.825: [DefNew: 63405K->0K(76672K), 0.0317780 secs] 283467K->283463K(515776K), 0.0318430 secs] [Times: user=0.03 sys=0.00, real=0.03 secs] 
15.887: [GC 15.887: [DefNew: 57852K->0K(76672K), 0.0283610 secs] 341316K->341312K(515776K), 0.0284150 secs] [Times: user=0.03 sys=0.00, real=0.03 secs] 
15.945: [GC 15.946: [DefNew: 60066K->0K(76672K), 0.0290530 secs] 401378K->401374K(515776K), 0.0291130 secs] [Times: user=0.03 sys=0.00, real=0.03 secs] 
16.006: [GC 16.006: [DefNew: 58879K->58879K(76672K), 0.0000320 secs]16.006: [CMS16.006: [CMS-concurrent-abortable-preclean: 0.004/0.199 secs] [Times: user=0.24 sys=0.00, real=0.20 secs] 
 (concurrent mode failure): 401373K->110141K(439104K), 0.0525510 secs] 460253K->110141K(515776K), [CMS Perm : 2871K->2871K(21248K)], 0.0527210 secs] [Times: user=0.05 sys=0.00, real=0.05 secs] 
16.087: [GC 16.087: [DefNew: 55621K->0K(76672K), 0.0271580 secs] 165763K->165761K(515776K), 0.0272190 secs] [Times: user=0.03 sys=0.00, real=0.03 secs] 
16.139: [GC 16.139: [DefNew: 48410K->0K(76672K), 0.0242370 secs] 214172K->214170K(515776K), 0.0243050 secs] [Times: user=0.03 sys=0.00, real=0.03 secs] 
16.174: [GC [1 CMS-initial-mark: 214170K(439104K)] 237150K(515776K), 0.0003100 secs] [Times: user=0.00 sys=0.00, real=0.00 secs] 
16.176: [CMS-concurrent-mark-start]
16.189: [CMS-concurrent-mark: 0.013/0.013 secs] [Times: user=0.02 sys=0.00, real=0.01 secs] 
16.189: [CMS-concurrent-preclean-start]
16.190: [CMS-concurrent-preclean: 0.001/0.001 secs] [Times: user=0.00 sys=0.00, real=0.01 secs] 
16.190: [CMS-concurrent-abortable-preclean-start]
16.196: [GC 16.196: [DefNew: 56151K->0K(76672K), 0.0272720 secs] 270321K->270317K(515776K), 0.0273360 secs] [Times: user=0.02 sys=0.00, real=0.03 secs] 
16.257: [GC 16.257: [DefNew: 63904K->0K(76672K), 0.0297470 secs] 334221K->334217K(515776K), 0.0298100 secs] [Times: user=0.03 sys=0.00, real=0.03 secs] 
16.316: [GC 16.316: [DefNew: 54525K->0K(76672K), 0.0267040 secs] 388743K->388739K(515776K), 0.0267700 secs] [Times: user=0.03 sys=0.00, real=0.03 secs] 
16.371: [GC 16.371: [DefNew: 51406K->51406K(76672K), 0.0000210 secs]16.371: [CMS16.371: [CMS-concurrent-abortable-preclean: 0.004/0.181 secs] [Times: user=0.20 sys=0.01, real=0.18 secs] 
 (concurrent mode failure): 388739K->97687K(439104K), 0.0482600 secs] 440145K->97687K(515776K), [CMS Perm : 2871K->2871K(21248K)], 0.0483600 secs] [Times: user=0.05 sys=0.00, real=0.04 secs] 
16.453: [GC 16.453: [DefNew: 65492K->0K(76672K), 0.0306150 secs] 163180K->163178K(515776K), 0.0306770 secs] [Times: user=0.03 sys=0.00, real=0.03 secs] 
16.491: [GC [1 CMS-initial-mark: 163178K(439104K)] 181163K(515776K), 0.0001850 secs] [Times: user=0.00 sys=0.00, real=0.00 secs] 
16.492: [CMS-concurrent-mark-start]
16.508: [CMS-concurrent-mark: 0.016/0.016 secs] [Times: user=0.03 sys=0.00, real=0.01 secs] 
16.508: [CMS-concurrent-preclean-start]
16.513: [GC 16.513: [DefNew: 53475K->0K(76672K), 0.0286420 secs] 216653K->216649K(515776K), 0.0287050 secs] [Times: user=0.03 sys=0.00, real=0.03 secs] 
16.543: [CMS-concurrent-preclean: 0.001/0.035 secs] [Times: user=0.03 sys=0.00, real=0.04 secs] 
16.543: [CMS-concurrent-abortable-preclean-start]
16.574: [GC 16.574: [DefNew: 60182K->0K(76672K), 0.0277500 secs] 276832K->276827K(515776K), 0.0278160 secs] [Times: user=0.03 sys=0.00, real=0.03 secs] 
16.633: [GC 16.633: [DefNew: 57498K->0K(76672K), 0.0276690 secs] 334326K->334322K(515776K), 0.0277610 secs] [Times: user=0.02 sys=0.00, real=0.03 secs] 
16.691: [GC 16.691: [DefNew: 54176K->0K(76672K), 0.0260490 secs] 388498K->388494K(515776K), 0.0261050 secs] [Times: user=0.03 sys=0.00, real=0.02 secs] 
16.752: [GC 16.752: [DefNew: 66571K->66571K(76672K), 0.0000210 secs]16.752: [CMS16.752: [CMS-concurrent-abortable-preclean: 0.004/0.209 secs] [Times: user=0.25 sys=0.00, real=0.21 secs] 
 (concurrent mode failure): 388494K->112529K(439104K), 0.0542580 secs] 455065K->112529K(515776K), [CMS Perm : 2871K->2871K(21248K)], 0.0543870 secs] [Times: user=0.05 sys=0.00, real=0.05 secs] 
16.839: [GC 16.839: [DefNew: 55450K->0K(76672K), 0.0281110 secs] 167979K->167979K(515776K), 0.0281760 secs] [Times: user=0.02 sys=0.00, real=0.03 secs] 
16.903: [GC 16.903: [DefNew: 65437K->0K(76672K), 0.0308990 secs] 233416K->233412K(515776K), 0.0309620 secs] [Times: user=0.03 sys=0.00, real=0.03 secs] 
16.941: [GC [1 CMS-initial-mark: 233412K(439104K)] 248905K(515776K), 0.0001840 secs] [Times: user=0.00 sys=0.00, real=0.00 secs] 
16.941: [CMS-concurrent-mark-start]
16.952: [CMS-concurrent-mark: 0.011/0.011 secs] [Times: user=0.01 sys=0.00, real=0.01 secs] 
16.952: [CMS-concurrent-preclean-start]
16.953: [CMS-concurrent-preclean: 0.001/0.001 secs] [Times: user=0.01 sys=0.00, real=0.00 secs] 
16.953: [CMS-concurrent-abortable-preclean-start]
16.970: [GC 16.970: [DefNew: 66559K->0K(76672K), 0.0308640 secs] 299972K->299967K(515776K), 0.0309230 secs] [Times: user=0.03 sys=0.00, real=0.03 secs] 
17.038: [GC 17.038: [DefNew: 66318K->0K(76672K), 0.0321160 secs] 366286K->366282K(515776K), 0.0321880 secs] [Times: user=0.03 sys=0.00, real=0.04 secs] 
17.097: [GC 17.097: [DefNew: 52306K->0K(76672K), 0.0267050 secs] 418587K->418583K(515776K), 0.0267720 secs] [Times: user=0.02 sys=0.00, real=0.03 secs] 
17.152: [GC 17.152: [DefNew: 55285K->55285K(76672K), 0.0000200 secs]17.152: [CMS17.152: [CMS-concurrent-abortable-preclean: 0.004/0.199 secs] [Times: user=0.23 sys=0.00, real=0.20 secs] 
 (concurrent mode failure): 418583K->128151K(439104K), 0.0614000 secs] 473869K->128151K(515776K), [CMS Perm : 2871K->2871K(21248K)], 0.0614970 secs] [Times: user=0.07 sys=0.00, real=0.06 secs] 
17.245: [GC 17.245: [DefNew: 60708K->0K(76672K), 0.0293060 secs] 188860K->188858K(515776K), 0.0293680 secs] [Times: user=0.03 sys=0.00, real=0.03 secs] 
17.281: [GC [1 CMS-initial-mark: 188858K(439104K)] 203484K(515776K), 0.0001800 secs] [Times: user=0.00 sys=0.00, real=0.00 secs] 
17.281: [CMS-concurrent-mark-start]
17.292: [CMS-concurrent-mark: 0.011/0.011 secs] [Times: user=0.02 sys=0.00, real=0.01 secs] 
17.292: [CMS-concurrent-preclean-start]
17.293: [CMS-concurrent-preclean: 0.001/0.001 secs] [Times: user=0.00 sys=0.00, real=0.00 secs] 
17.293: [CMS-concurrent-abortable-preclean-start]
17.311: [GC 17.311: [DefNew: 61864K->0K(76672K), 0.0291820 secs] 250722K->250719K(515776K), 0.0292420 secs] [Times: user=0.03 sys=0.00, real=0.03 secs] 
17.369: [GC 17.369: [DefNew: 55336K->0K(76672K), 0.0270870 secs] 306054K->306052K(515776K), 0.0271460 secs] [Times: user=0.02 sys=0.00, real=0.03 secs] 
17.428: [GC 17.428: [DefNew: 59925K->0K(76672K), 0.0283750 secs] 365978K->365974K(515776K), 0.0284430 secs] [Times: user=0.03 sys=0.00, real=0.03 secs] 
17.491: [GC 17.491: [DefNew: 63155K->0K(76672K), 0.0319670 secs] 429129K->429125K(515776K), 0.0320290 secs] [Times: user=0.03 sys=0.00, real=0.03 secs] 
17.523: [CMS-concurrent-abortable-preclean: 0.004/0.230 secs] [Times: user=0.26 sys=0.00, real=0.23 secs] 
17.547: [GC[YG occupancy: 47523 K (76672 K)]17.547: [Rescan (non-parallel) 17.547: [grey object rescan, 0.0010520 secs]17.548: [root rescan, 0.0001150 secs], 0.0011900 secs]17.549: [weak refs processing, 0.0000060 secs]17.549: [scrub string table, 0.0000200 secs] [1 CMS-remark: 429125K(439104K)] 476649K(515776K), 0.0012820 secs] [Times: user=0.00 sys=0.00, real=0.00 secs] 
17.549: [CMS-concurrent-sweep-start]
17.549: [CMS-concurrent-sweep: 0.000/0.000 secs] [Times: user=0.00 sys=0.00, real=0.00 secs] 
17.549: [CMS-concurrent-reset-start]
17.551: [CMS-concurrent-reset: 0.002/0.002 secs] [Times: user=0.00 sys=0.00, real=0.01 secs] 
17.562: [GC 17.562: [DefNew: 66501K->0K(76672K), 0.0320030 secs] 381078K->381076K(515776K), 0.0320690 secs] [Times: user=0.03 sys=0.00, real=0.03 secs] 
17.600: [GC [1 CMS-initial-mark: 381076K(439104K)] 394079K(515776K), 0.0001370 secs] [Times: user=0.00 sys=0.00, real=0.00 secs] 
17.600: [CMS-concurrent-mark-start]
17.611: [CMS-concurrent-mark: 0.011/0.011 secs] [Times: user=0.02 sys=0.00, real=0.01 secs] 
17.611: [CMS-concurrent-preclean-start]
17.612: [CMS-concurrent-preclean: 0.001/0.001 secs] [Times: user=0.00 sys=0.00, real=0.00 secs] 
17.612: [CMS-concurrent-abortable-preclean-start]
17.626: [GC 17.626: [DefNew (promotion failed) : 56629K->56629K(76672K), 0.0211820 secs]17.647: [CMS17.647: [CMS-concurrent-abortable-preclean: 0.003/0.035 secs] [Times: user=0.04 sys=0.00, real=0.03 secs] 
 (concurrent mode failure): 424698K->108553K(439104K), 0.0432070 secs] 437705K->108553K(515776K), [CMS Perm : 2871K->2871K(21248K)], 0.0644890 secs] [Times: user=0.06 sys=0.00, real=0.07 secs] 
17.722: [GC 17.723: [DefNew: 60251K->0K(76672K), 0.0293840 secs] 168805K->168803K(515776K), 0.0294490 secs] [Times: user=0.03 sys=0.00, real=0.03 secs] 
17.761: [GC [1 CMS-initial-mark: 168803K(439104K)] 188651K(515776K), 0.0001840 secs] [Times: user=0.00 sys=0.00, real=0.00 secs] 
17.761: [CMS-concurrent-mark-start]
17.774: [CMS-concurrent-mark: 0.013/0.013 secs] [Times: user=0.02 sys=0.00, real=0.01 secs] 
17.774: [CMS-concurrent-preclean-start]
17.780: [GC 17.780: [DefNew: 50831K->0K(76672K), 0.0254540 secs] 219634K->219630K(515776K), 0.0255200 secs] [Times: user=0.02 sys=0.00, real=0.02 secs] 
17.806: [CMS-concurrent-preclean: 0.001/0.032 secs] [Times: user=0.03 sys=0.00, real=0.03 secs] 
17.806: [CMS-concurrent-abortable-preclean-start]
17.834: [GC 17.834: [DefNew: 53374K->0K(76672K), 0.0269190 secs] 273005K->273000K(515776K), 0.0270010 secs] [Times: user=0.03 sys=0.00, real=0.03 secs] 
17.894: [GC 17.894: [DefNew: 58904K->0K(76672K), 0.0282090 secs] 331905K->331901K(515776K), 0.0282730 secs] [Times: user=0.03 sys=0.00, real=0.03 secs] 
17.950: [GC 17.950: [DefNew: 54107K->0K(76672K), 0.0261590 secs] 386008K->386004K(515776K), 0.0262290 secs] [Times: user=0.02 sys=0.00, real=0.02 secs] 
18.016: [GC 18.016: [DefNew: 65702K->65702K(76672K), 0.0000190 secs]18.016: [CMS18.016: [CMS-concurrent-abortable-preclean: 0.004/0.209 secs] [Times: user=0.24 sys=0.00, real=0.21 secs] 
 (concurrent mode failure): 386004K->99280K(439104K), 0.0476800 secs] 451707K->99280K(515776K), [CMS Perm : 2871K->2871K(21248K)], 0.0477750 secs] [Times: user=0.05 sys=0.00, real=0.05 secs] 
18.093: [GC 18.093: [DefNew: 57177K->0K(76672K), 0.0274280 secs] 156458K->156458K(515776K), 0.0274900 secs] [Times: user=0.03 sys=0.00, real=0.03 secs] 
18.147: [GC 18.147: [DefNew: 47859K->0K(76672K), 0.0241980 secs] 204317K->204313K(515776K), 0.0242540 secs] [Times: user=0.02 sys=0.00, real=0.03 secs] 
18.191: [GC [1 CMS-initial-mark: 204312K(439104K)] 243661K(515776K), 0.0001770 secs] [Times: user=0.00 sys=0.00, real=0.00 secs] 
18.191: [CMS-concurrent-mark-start]
18.200: [GC 18.200: [DefNew: 50469K->0K(76672K), 0.0243190 secs] 254782K->254778K(515776K), 0.0243770 secs] [Times: user=0.03 sys=0.00, real=0.02 secs] 
18.226: [CMS-concurrent-mark: 0.008/0.034 secs] [Times: user=0.04 sys=0.00, real=0.03 secs] 
18.226: [CMS-concurrent-preclean-start]
18.227: [CMS-concurrent-preclean: 0.001/0.001 secs] [Times: user=0.00 sys=0.00, real=0.00 secs] 
18.227: [CMS-concurrent-abortable-preclean-start]
18.252: [GC 18.252: [DefNew: 51667K->0K(76672K), 0.0254970 secs] 306445K->306443K(515776K), 0.0255700 secs] [Times: user=0.03 sys=0.00, real=0.02 secs] 
18.311: [GC 18.311: [DefNew: 66379K->0K(76672K), 0.0318120 secs] 372822K->372818K(515776K), 0.0318810 secs] [Times: user=0.04 sys=0.00, real=0.03 secs] 
18.371: [GC 18.371: [DefNew: 55527K->0K(76672K), 0.0264200 secs] 428346K->428342K(515776K), 0.0264930 secs] [Times: user=0.02 sys=0.00, real=0.02 secs] 
18.398: [CMS-concurrent-abortable-preclean: 0.003/0.171 secs] [Times: user=0.20 sys=0.00, real=0.17 secs] 
18.414: [GC[YG occupancy: 33170 K (76672 K)]18.414: [Rescan (non-parallel) 18.414: [grey object rescan, 0.0010550 secs]18.415: [root rescan, 0.0001390 secs], 0.0012220 secs]18.415: [weak refs processing, 0.0000110 secs]18.415: [scrub string table, 0.0000340 secs] [1 CMS-remark: 428341K(439104K)] 461512K(515776K), 0.0013450 secs] [Times: user=0.00 sys=0.00, real=0.00 secs] 
18.415: [CMS-concurrent-sweep-start]
18.416: [CMS-concurrent-sweep: 0.000/0.000 secs] [Times: user=0.00 sys=0.00, real=0.00 secs] 
18.416: [CMS-concurrent-reset-start]
18.418: [CMS-concurrent-reset: 0.002/0.002 secs] [Times: user=0.00 sys=0.00, real=0.00 secs] 
18.435: [GC 18.435: [DefNew: 63002K->0K(76672K), 0.0286590 secs] 380824K->380820K(515776K), 0.0287270 secs] [Times: user=0.02 sys=0.00, real=0.03 secs] 
18.480: [GC [1 CMS-initial-mark: 380820K(439104K)] 414084K(515776K), 0.0001770 secs] [Times: user=0.01 sys=0.00, real=0.00 secs] 
18.480: [CMS-concurrent-mark-start]
18.492: [GC 18.492: [DefNew (promotion failed) : 48908K->48907K(76672K), 0.0113870 secs]18.504: [CMS18.505: [CMS-concurrent-mark: 0.007/0.025 secs] [Times: user=0.02 sys=0.00, real=0.02 secs] 
 (concurrent mode failure): 396464K->71343K(439104K), 0.0391220 secs] 429728K->71343K(515776K), [CMS Perm : 2871K->2871K(21248K)], 0.0506120 secs] [Times: user=0.05 sys=0.00, real=0.05 secs] 
18.571: [GC 18.571: [DefNew: 50821K->0K(76672K), 0.0247780 secs] 122165K->122163K(515776K), 0.0248540 secs] [Times: user=0.02 sys=0.00, real=0.02 secs] 
18.626: [GC 18.626: [DefNew: 59709K->0K(76672K), 0.0290510 secs] 181872K->181868K(515776K), 0.0291100 secs] [Times: user=0.03 sys=0.00, real=0.03 secs] 
18.664: [GC [1 CMS-initial-mark: 181868K(439104K)] 201944K(515776K), 0.0001810 secs] [Times: user=0.00 sys=0.00, real=0.00 secs] 
18.664: [CMS-concurrent-mark-start]
18.674: [CMS-concurrent-mark: 0.010/0.010 secs] [Times: user=0.01 sys=0.00, real=0.01 secs] 
18.675: [CMS-concurrent-preclean-start]
18.675: [CMS-concurrent-preclean: 0.001/0.001 secs] [Times: user=0.00 sys=0.00, real=0.00 secs] 
18.675: [CMS-concurrent-abortable-preclean-start]
18.682: [GC 18.682: [DefNew: 45536K->0K(76672K), 0.0219260 secs] 227404K->227400K(515776K), 0.0219860 secs] [Times: user=0.02 sys=0.00, real=0.02 secs] 
18.737: [GC 18.737: [DefNew: 62681K->0K(76672K), 0.0288740 secs] 290082K->290079K(515776K), 0.0289470 secs] [Times: user=0.03 sys=0.00, real=0.03 secs] 
18.766: [CMS-concurrent-abortable-preclean: 0.004/0.090 secs] [Times: user=0.11 sys=0.00, real=0.09 secs] 
18.770: [GC[YG occupancy: 11502 K (76672 K)]18.770: [Rescan (non-parallel) 18.770: [grey object rescan, 0.0011050 secs]18.771: [root rescan, 0.0001630 secs], 0.0012920 secs]18.772: [weak refs processing, 0.0000070 secs]18.772: [scrub string table, 0.0000200 secs] [1 CMS-remark: 290079K(439104K)] 301581K(515776K), 0.0013880 secs] [Times: user=0.01 sys=0.00, real=0.00 secs] 
18.772: [CMS-concurrent-sweep-start]
18.772: [CMS-concurrent-sweep: 0.001/0.001 secs] [Times: user=0.00 sys=0.00, real=0.00 secs] 
18.773: [CMS-concurrent-reset-start]
18.778: [CMS-concurrent-reset: 0.006/0.006 secs] [Times: user=0.00 sys=0.00, real=0.00 secs] 
18.800: [GC 18.800: [DefNew: 62388K->0K(76672K), 0.0301290 secs] 286682K->286678K(515776K), 0.0301910 secs] [Times: user=0.03 sys=0.00, real=0.03 secs] 
18.843: [GC [1 CMS-initial-mark: 286678K(439104K)] 309670K(515776K), 0.0001770 secs] [Times: user=0.00 sys=0.00, real=0.00 secs] 
18.843: [CMS-concurrent-mark-start]
18.853: [CMS-concurrent-mark: 0.009/0.009 secs] [Times: user=0.02 sys=0.00, real=0.01 secs] 
18.853: [CMS-concurrent-preclean-start]
18.854: [CMS-concurrent-preclean: 0.001/0.001 secs] [Times: user=0.00 sys=0.00, real=0.00 secs] 
18.854: [CMS-concurrent-abortable-preclean-start]
18.859: [GC 18.859: [DefNew: 47835K->0K(76672K), 0.0237760 secs] 334513K->334511K(515776K), 0.0238400 secs] [Times: user=0.02 sys=0.00, real=0.03 secs] 
18.918: [GC 18.918: [DefNew: 65530K->0K(76672K), 0.0308600 secs] 400041K->400037K(515776K), 0.0309340 secs] [Times: user=0.03 sys=0.01, real=0.03 secs] 
18.973: [GC 18.973: [DefNew: 47131K->47131K(76672K), 0.0000200 secs]18.973: [CMS18.973: [CMS-concurrent-abortable-preclean: 0.003/0.120 secs] [Times: user=0.14 sys=0.01, real=0.12 secs] 
 (concurrent mode failure): 400037K->101228K(439104K), 0.0423980 secs] 447168K->101228K(515776K), [CMS Perm : 2871K->2871K(21248K)], 0.0425070 secs] [Times: user=0.04 sys=0.00, real=0.04 secs] 
19.048: [GC 19.048: [DefNew: 62367K->0K(76672K), 0.0295870 secs] 163596K->163594K(515776K), 0.0296550 secs] [Times: user=0.03 sys=0.00, real=0.03 secs] 
19.113: [GC 19.113: [DefNew: 67354K->0K(76672K), 0.0332950 secs] 230948K->230945K(515776K), 0.0333540 secs] [Times: user=0.03 sys=0.00, real=0.03 secs] 
19.154: [GC [1 CMS-initial-mark: 230944K(439104K)] 246374K(515776K), 0.0001620 secs] [Times: user=0.00 sys=0.00, real=0.00 secs] 
19.154: [CMS-concurrent-mark-start]
19.165: [CMS-concurrent-mark: 0.011/0.011 secs] [Times: user=0.02 sys=0.00, real=0.01 secs] 
19.165: [CMS-concurrent-preclean-start]
19.166: [CMS-concurrent-preclean: 0.001/0.001 secs] [Times: user=0.00 sys=0.00, real=0.00 secs] 
19.166: [CMS-concurrent-abortable-preclean-start]
19.181: [GC 19.181: [DefNew: 55868K->0K(76672K), 0.0258310 secs] 286813K->286809K(515776K), 0.0258950 secs] [Times: user=0.02 sys=0.00, real=0.02 secs] 
19.233: [GC 19.233: [DefNew: 50088K->0K(76672K), 0.0252110 secs] 336897K->336895K(515776K), 0.0252810 secs] [Times: user=0.03 sys=0.00, real=0.02 secs] 
19.259: [CMS-concurrent-abortable-preclean: 0.005/0.093 secs] [Times: user=0.11 sys=0.00, real=0.09 secs] 
19.271: [GC[YG occupancy: 24836 K (76672 K)]19.271: [Rescan (non-parallel) 19.271: [grey object rescan, 0.0010470 secs]19.272: [root rescan, 0.0001160 secs], 0.0011870 secs]19.272: [weak refs processing, 0.0000070 secs]19.272: [scrub string table, 0.0000200 secs] [1 CMS-remark: 336894K(439104K)] 361731K(515776K), 0.0012790 secs] [Times: user=0.00 sys=0.00, real=0.00 secs] 
19.272: [CMS-concurrent-sweep-start]
19.273: [CMS-concurrent-sweep: 0.000/0.000 secs] [Times: user=0.00 sys=0.00, real=0.00 secs] 
19.273: [CMS-concurrent-reset-start]
19.276: [CMS-concurrent-reset: 0.003/0.003 secs] [Times: user=0.01 sys=0.00, real=0.00 secs] 
19.289: [GC 19.289: [DefNew: 51502K->0K(76672K), 0.0242970 secs] 285482K->285478K(515776K), 0.0243580 secs] [Times: user=0.03 sys=0.00, real=0.03 secs] 
19.334: [GC [1 CMS-initial-mark: 285477K(439104K)] 326063K(515776K), 0.0002000 secs] [Times: user=0.00 sys=0.00, real=0.00 secs] 
19.335: [CMS-concurrent-mark-start]
19.350: [GC 19.350: [DefNew: 65345K->0K(76672K), 0.0303380 secs] 350822K->350820K(515776K), 0.0304050 secs] [Times: user=0.03 sys=0.00, real=0.03 secs] 
19.383: [CMS-concurrent-mark: 0.007/0.048 secs] [Times: user=0.05 sys=0.00, real=0.05 secs] 
19.383: [CMS-concurrent-preclean-start]
19.384: [CMS-concurrent-preclean: 0.001/0.001 secs] [Times: user=0.00 sys=0.00, real=0.00 secs] 
19.384: [CMS-concurrent-abortable-preclean-start]
19.418: [GC 19.418: [DefNew: 67567K->0K(76672K), 0.0316520 secs] 418388K->418384K(515776K), 0.0317110 secs] [Times: user=0.03 sys=0.00, real=0.04 secs] 
19.481: [GC 19.481: [DefNew: 60976K->60976K(76672K), 0.0000260 secs]19.481: [CMS19.481: [CMS-concurrent-abortable-preclean: 0.002/0.097 secs] [Times: user=0.12 sys=0.00, real=0.10 secs] 
 (concurrent mode failure): 418383K->122552K(439104K), 0.0612940 secs] 479360K->122552K(515776K), [CMS Perm : 2871K->2871K(21248K)], 0.0614010 secs] [Times: user=0.06 sys=0.00, real=0.06 secs] 
19.568: [GC 19.569: [DefNew: 47154K->0K(76672K), 0.0236620 secs] 169707K->169705K(515776K), 0.0237260 secs] [Times: user=0.02 sys=0.00, real=0.03 secs] 
19.625: [GC 19.625: [DefNew: 62716K->0K(76672K), 0.0296750 secs] 232421K->232417K(515776K), 0.0297490 secs] [Times: user=0.03 sys=0.00, real=0.03 secs] 
19.664: [GC [1 CMS-initial-mark: 232416K(439104K)] 252523K(515776K), 0.0002190 secs] [Times: user=0.00 sys=0.00, real=0.00 secs] 
19.665: [CMS-concurrent-mark-start]
19.675: [CMS-concurrent-mark: 0.010/0.010 secs] [Times: user=0.02 sys=0.00, real=0.01 secs] 
19.675: [CMS-concurrent-preclean-start]
19.676: [CMS-concurrent-preclean: 0.001/0.001 secs] [Times: user=0.00 sys=0.00, real=0.00 secs] 
19.676: [CMS-concurrent-abortable-preclean-start]
19.692: [GC 19.692: [DefNew: 65493K->0K(76672K), 0.0309960 secs] 297910K->297906K(515776K), 0.0310620 secs] [Times: user=0.04 sys=0.00, real=0.03 secs] 
19.756: [GC 19.756: [DefNew: 55350K->0K(76672K), 0.0254530 secs] 353255K->353251K(515776K), 0.0255090 secs] [Times: user=0.02 sys=0.00, real=0.03 secs] 
19.814: [GC 19.814: [DefNew: 61075K->0K(76672K), 0.0298780 secs] 414327K->414324K(515776K), 0.0299370 secs] [Times: user=0.03 sys=0.00, real=0.03 secs] 
19.844: [CMS-concurrent-abortable-preclean: 0.005/0.168 secs] [Times: user=0.20 sys=0.01, real=0.17 secs] 
19.858: [GC[YG occupancy: 29251 K (76672 K)]19.858: [Rescan (non-parallel) 19.858: [grey object rescan, 0.0010890 secs]19.859: [root rescan, 0.0001190 secs], 0.0012320 secs]19.859: [weak refs processing, 0.0000080 secs]19.859: [scrub string table, 0.0000240 secs] [1 CMS-remark: 414324K(439104K)] 443576K(515776K), 0.0013330 secs] [Times: user=0.00 sys=0.00, real=0.00 secs] 
19.859: [CMS-concurrent-sweep-start]
19.860: [CMS-concurrent-sweep: 0.000/0.000 secs] [Times: user=0.00 sys=0.00, real=0.00 secs] 
19.860: [CMS-concurrent-reset-start]
19.862: [CMS-concurrent-reset: 0.002/0.002 secs] [Times: user=0.00 sys=0.00, real=0.00 secs] 
19.875: [GC 19.875: [DefNew: 52710K->0K(76672K), 0.0259560 secs] 358622K->358618K(515776K), 0.0260220 secs] [Times: user=0.03 sys=0.00, real=0.03 secs] 
19.911: [GC [1 CMS-initial-mark: 358618K(439104K)] 380813K(515776K), 0.0001750 secs] [Times: user=0.00 sys=0.00, real=0.00 secs] 
19.912: [CMS-concurrent-mark-start]
19.922: [CMS-concurrent-mark: 0.010/0.010 secs] [Times: user=0.02 sys=0.00, real=0.01 secs] 
19.922: [CMS-concurrent-preclean-start]
19.923: [CMS-concurrent-preclean: 0.001/0.001 secs] [Times: user=0.00 sys=0.00, real=0.00 secs] 
19.923: [CMS-concurrent-abortable-preclean-start]
19.937: [GC 19.937: [DefNew: 64415K->0K(76672K), 0.0299980 secs] 423033K->423029K(515776K), 0.0300620 secs] [Times: user=0.03 sys=0.00, real=0.03 secs] 
19.996: [GC 19.996: [DefNew: 56006K->56006K(76672K), 0.0000200 secs]19.996: [CMS19.996: [CMS-concurrent-abortable-preclean: 0.002/0.073 secs] [Times: user=0.09 sys=0.00, real=0.07 secs] 
 (concurrent mode failure): 423029K->115331K(439104K), 0.0538670 secs] 479036K->115331K(515776K), [CMS Perm : 2871K->2871K(21248K)], 0.0539720 secs] [Times: user=0.05 sys=0.00, real=0.06 secs] 
20.084: [GC 20.084: [DefNew: 64742K->0K(76672K), 0.0307130 secs] 180074K->180072K(515776K), 0.0307760 secs] [Times: user=0.03 sys=0.00, real=0.03 secs] 
20.148: [GC 20.148: [DefNew: 64858K->0K(76672K), 0.0304600 secs] 244930K->244926K(515776K), 0.0305350 secs] [Times: user=0.03 sys=0.00, real=0.03 secs] 
20.187: [GC [1 CMS-initial-mark: 244926K(439104K)] 263178K(515776K), 0.0001880 secs] [Times: user=0.00 sys=0.00, real=0.00 secs] 
20.187: [CMS-concurrent-mark-start]
20.196: [CMS-concurrent-mark: 0.009/0.009 secs] [Times: user=0.01 sys=0.00, real=0.01 secs] 
20.196: [CMS-concurrent-preclean-start]
20.197: [CMS-concurrent-preclean: 0.001/0.001 secs] [Times: user=0.01 sys=0.00, real=0.00 secs] 
20.197: [CMS-concurrent-abortable-preclean-start]
20.206: [GC 20.206: [DefNew: 47532K->0K(76672K), 0.0239480 secs] 292459K->292455K(515776K), 0.0240110 secs] [Times: user=0.02 sys=0.00, real=0.03 secs] 
20.266: [GC 20.266: [DefNew: 63732K->0K(76672K), 0.0292760 secs] 356187K->356183K(515776K), 0.0293380 secs] [Times: user=0.03 sys=0.00, real=0.03 secs] 
20.329: [GC 20.329: [DefNew: 65159K->0K(76672K), 0.0312440 secs] 421342K->421338K(515776K), 0.0313130 secs] [Times: user=0.03 sys=0.00, real=0.04 secs] 
20.360: [CMS-concurrent-abortable-preclean: 0.003/0.163 secs] [Times: user=0.19 sys=0.00, real=0.17 secs] 
20.369: [GC[YG occupancy: 18345 K (76672 K)]20.369: [Rescan (non-parallel) 20.369: [grey object rescan, 0.0010740 secs]20.370: [root rescan, 0.0001250 secs], 0.0012240 secs]20.370: [weak refs processing, 0.0000090 secs]20.370: [scrub string table, 0.0000250 secs] [1 CMS-remark: 421338K(439104K)] 439683K(515776K), 0.0013310 secs] [Times: user=0.01 sys=0.00, real=0.01 secs] 
20.370: [CMS-concurrent-sweep-start]
20.371: [CMS-concurrent-sweep: 0.001/0.001 secs] [Times: user=0.00 sys=0.00, real=0.00 secs] 
20.371: [CMS-concurrent-reset-start]
20.374: [CMS-concurrent-reset: 0.003/0.003 secs] [Times: user=0.00 sys=0.00, real=0.00 secs] 
20.399: [GC 20.399: [DefNew: 66173K->0K(76672K), 0.0312400 secs] 362018K->362014K(515776K), 0.0313450 secs] [Times: user=0.03 sys=0.00, real=0.04 secs] 
20.442: [GC [1 CMS-initial-mark: 362014K(439104K)] 386083K(515776K), 0.0001910 secs] [Times: user=0.00 sys=0.00, real=0.00 secs] 
20.442: [CMS-concurrent-mark-start]
20.455: [CMS-concurrent-mark: 0.013/0.013 secs] [Times: user=0.02 sys=0.00, real=0.01 secs] 
20.455: [CMS-concurrent-preclean-start]
20.456: [CMS-concurrent-preclean: 0.001/0.001 secs] [Times: user=0.00 sys=0.00, real=0.00 secs] 
20.456: [CMS-concurrent-abortable-preclean-start]
20.465: [GC 20.465: [DefNew: 59073K->0K(76672K), 0.0286450 secs] 421087K->421083K(515776K), 0.0287090 secs] [Times: user=0.03 sys=0.00, real=0.03 secs] 
20.528: [GC 20.528: [DefNew: 65920K->65920K(76672K), 0.0000210 secs]20.528: [CMS20.528: [CMS-concurrent-abortable-preclean: 0.002/0.072 secs] [Times: user=0.08 sys=0.00, real=0.07 secs] 
 (concurrent mode failure): 421083K->107616K(439104K), 0.0534350 secs] 487003K->107616K(515776K), [CMS Perm : 2871K->2871K(21248K)], 0.0535380 secs] [Times: user=0.05 sys=0.00, real=0.06 secs] 
20.617: [GC 20.617: [DefNew: 64957K->0K(76672K), 0.0295680 secs] 172574K->172572K(515776K), 0.0296280 secs] [Times: user=0.03 sys=0.00, real=0.03 secs] 
20.678: [GC 20.678: [DefNew: 57810K->0K(76672K), 0.0276900 secs] 230383K->230379K(515776K), 0.0277600 secs] [Times: user=0.02 sys=0.00, real=0.03 secs] 
20.712: [GC [1 CMS-initial-mark: 230378K(439104K)] 244593K(515776K), 0.0001710 secs] [Times: user=0.00 sys=0.00, real=0.00 secs] 
20.712: [CMS-concurrent-mark-start]
20.720: [CMS-concurrent-mark: 0.008/0.008 secs] [Times: user=0.01 sys=0.00, real=0.01 secs] 
20.720: [CMS-concurrent-preclean-start]
20.721: [CMS-concurrent-preclean: 0.001/0.001 secs] [Times: user=0.00 sys=0.00, real=0.00 secs] 
20.721: [CMS-concurrent-abortable-preclean-start]
20.734: [GC 20.735: [DefNew: 51008K->0K(76672K), 0.0261840 secs] 281387K->281383K(515776K), 0.0262470 secs] [Times: user=0.02 sys=0.00, real=0.03 secs] 
20.791: [GC 20.791: [DefNew: 55388K->0K(76672K), 0.0280140 secs] 336771K->336767K(515776K), 0.0280950 secs] [Times: user=0.03 sys=0.00, real=0.02 secs] 
20.850: [GC 20.850: [DefNew: 58232K->0K(76672K), 0.0305700 secs] 394999K->394995K(515776K), 0.0306370 secs] [Times: user=0.03 sys=0.00, real=0.03 secs] 
20.914: [GC 20.914: [DefNew: 64176K->64176K(76672K), 0.0000200 secs]20.914: [CMS20.914: [CMS-concurrent-abortable-preclean: 0.004/0.193 secs] [Times: user=0.22 sys=0.00, real=0.19 secs] 
 (concurrent mode failure): 394995K->117673K(439104K), 0.0558580 secs] 459171K->117673K(515776K), [CMS Perm : 2871K->2871K(21248K)], 0.0559610 secs] [Times: user=0.06 sys=0.00, real=0.06 secs] 
21.001: [GC 21.001: [DefNew: 59600K->0K(76672K), 0.0284930 secs] 177274K->177272K(515776K), 0.0285510 secs] [Times: user=0.03 sys=0.00, real=0.03 secs] 
21.064: [GC 21.064: [DefNew: 65270K->0K(76672K), 0.0309580 secs] 242543K->242539K(515776K), 0.0310260 secs] [Times: user=0.03 sys=0.00, real=0.03 secs] 
21.107: [GC [1 CMS-initial-mark: 242538K(439104K)] 266819K(515776K), 0.0001680 secs] [Times: user=0.00 sys=0.00, real=0.00 secs] 
21.107: [CMS-concurrent-mark-start]
21.116: [CMS-concurrent-mark: 0.009/0.009 secs] [Times: user=0.02 sys=0.00, real=0.01 secs] 
21.116: [CMS-concurrent-preclean-start]
21.117: [CMS-concurrent-preclean: 0.001/0.001 secs] [Times: user=0.00 sys=0.00, real=0.00 secs] 
21.117: [CMS-concurrent-abortable-preclean-start]
21.133: [GC 21.133: [DefNew: 66275K->0K(76672K), 0.0320810 secs] 308814K->308810K(515776K), 0.0321550 secs] [Times: user=0.03 sys=0.00, real=0.03 secs] 
21.197: [GC 21.197: [DefNew: 60129K->0K(76672K), 0.0291250 secs] 368939K->368935K(515776K), 0.0291890 secs] [Times: user=0.03 sys=0.00, real=0.03 secs] 
21.256: [GC 21.256: [DefNew: 56748K->0K(76672K), 0.0280800 secs] 425683K->425679K(515776K), 0.0281380 secs] [Times: user=0.03 sys=0.00, real=0.03 secs] 
21.284: [CMS-concurrent-abortable-preclean: 0.003/0.167 secs] [Times: user=0.19 sys=0.00, real=0.17 secs] 
21.296: [GC[YG occupancy: 25532 K (76672 K)]21.296: [Rescan (non-parallel) 21.296: [grey object rescan, 0.0011120 secs]21.297: [root rescan, 0.0001550 secs], 0.0012980 secs]21.297: [weak refs processing, 0.0000070 secs]21.297: [scrub string table, 0.0000210 secs] [1 CMS-remark: 425679K(439104K)] 451211K(515776K), 0.0014340 secs] [Times: user=0.00 sys=0.00, real=0.00 secs] 
21.297: [CMS-concurrent-sweep-start]
21.298: [CMS-concurrent-sweep: 0.001/0.001 secs] [Times: user=0.00 sys=0.00, real=0.00 secs] 
21.298: [CMS-concurrent-reset-start]
21.301: [CMS-concurrent-reset: 0.003/0.003 secs] [Times: user=0.01 sys=0.00, real=0.01 secs] 
21.319: [GC 21.319: [DefNew: 62169K->0K(76672K), 0.0303450 secs] 375923K->375919K(515776K), 0.0304530 secs] [Times: user=0.03 sys=0.00, real=0.03 secs] 
21.353: [GC [1 CMS-initial-mark: 375919K(439104K)] 386470K(515776K), 0.0001560 secs] [Times: user=0.00 sys=0.00, real=0.00 secs] 
21.354: [CMS-concurrent-mark-start]
21.362: [CMS-concurrent-mark: 0.008/0.008 secs] [Times: user=0.01 sys=0.00, real=0.01 secs] 
21.362: [CMS-concurrent-preclean-start]
21.363: [CMS-concurrent-preclean: 0.001/0.001 secs] [Times: user=0.00 sys=0.00, real=0.00 secs] 
21.363: [CMS-concurrent-abortable-preclean-start]
21.387: [GC 21.387: [DefNew (promotion failed) : 61191K->61191K(76672K), 0.0257080 secs]21.413: [CMS21.413: [CMS-concurrent-abortable-preclean: 0.001/0.050 secs] [Times: user=0.05 sys=0.01, real=0.05 secs] 
 (concurrent mode failure): 426556K->134626K(439104K), 0.0537660 secs] 437111K->134626K(515776K), [CMS Perm : 2871K->2871K(21248K)], 0.0795740 secs] [Times: user=0.07 sys=0.00, real=0.08 secs] 
21.502: [GC 21.502: [DefNew: 65348K->0K(76672K), 0.0343060 secs] 199974K->199972K(515776K), 0.0343800 secs] [Times: user=0.03 sys=0.00, real=0.03 secs] 
21.545: [GC [1 CMS-initial-mark: 199972K(439104K)] 217593K(515776K), 0.0001820 secs] [Times: user=0.00 sys=0.00, real=0.00 secs] 
21.545: [CMS-concurrent-mark-start]
21.562: [CMS-concurrent-mark: 0.017/0.017 secs] [Times: user=0.03 sys=0.00, real=0.02 secs] 
21.562: [CMS-concurrent-preclean-start]
21.564: [CMS-concurrent-preclean: 0.001/0.001 secs] [Times: user=0.00 sys=0.00, real=0.00 secs] 
21.564: [CMS-concurrent-abortable-preclean-start]
21.568: [GC 21.568: [DefNew: 56625K->0K(76672K), 0.0284310 secs] 256597K->256593K(515776K), 0.0284920 secs] [Times: user=0.02 sys=0.00, real=0.03 secs] 
Heap
 def new generation   total 76672K, used 14650K [0x00000007dae00000, 0x00000007e0130000, 0x00000007e0130000)
  eden space 68160K,  21% used [0x00000007dae00000, 0x00000007dbc4e9d0, 0x00000007df090000)
  from space 8512K,   0% used [0x00000007df8e0000, 0x00000007df8e00c0, 0x00000007e0130000)
  to   space 8512K,   0% used [0x00000007df090000, 0x00000007df090000, 0x00000007df8e0000)
 concurrent mark-sweep generation total 439104K, used 256593K [0x00000007e0130000, 0x00000007fae00000, 0x00000007fae00000)
 concurrent-mark-sweep perm gen total 21248K, used 2880K [0x00000007fae00000, 0x00000007fc2c0000, 0x0000000800000000)
