{Heap before GC invocations=0 (full 0):
 garbage-first heap   total 131072K, used 40288K [0x00000007dae00000, 0x00000007e2e00000, 0x00000007fae00000)
  region size 1024K, 1 young (1024K), 0 survivors (0K)
 compacting perm gen  total 20480K, used 2864K [0x00000007fae00000, 0x00000007fc200000, 0x0000000800000000)
   the space 20480K,  13% used [0x00000007fae00000, 0x00000007fb0cc080, 0x00000007fb0cc200, 0x00000007fc200000)
No shared spaces configured.
0.133: [GC pause (young)
Desired survivor size 2097152 bytes, new threshold 15 (max 15)
 (initial-mark), 0.00317600 secs]
   [Parallel Time:   2.9 ms]
      [GC Worker Start (ms):  133.1  133.2
       Avg: 133.1, Min: 133.1, Max: 133.2, Diff:   0.2]
      [Ext Root Scanning (ms):  1.3  1.2
       Avg:   1.2, Min:   1.2, Max:   1.3, Diff:   0.1]
      [Update RS (ms):  0.0  0.0
       Avg:   0.0, Min:   0.0, Max:   0.0, Diff:   0.0]
         [Processed Buffers : 2 9
          Sum: 11, Avg: 5, Min: 2, Max: 9, Diff: 7]
      [Scan RS (ms):  0.0  0.0
       Avg:   0.0, Min:   0.0, Max:   0.0, Diff:   0.0]
      [Object Copy (ms):  1.2  1.2
       Avg:   1.2, Min:   1.2, Max:   1.2, Diff:   0.0]
      [Termination (ms):  0.0  0.0
       Avg:   0.0, Min:   0.0, Max:   0.0, Diff:   0.0]
         [Termination Attempts : 1 1
          Sum: 2, Avg: 1, Min: 1, Max: 1, Diff: 0]
      [GC Worker End (ms):  135.9  135.9
       Avg: 135.9, Min: 135.9, Max: 135.9, Diff:   0.0]
      [GC Worker (ms):  2.9  2.7
       Avg:   2.8, Min:   2.7, Max:   2.9, Diff:   0.2]
      [GC Worker Other (ms):  0.5  0.5
       Avg:   0.5, Min:   0.5, Max:   0.5, Diff:   0.0]
   [Clear CT:   0.0 ms]
   [Other:   0.2 ms]
      [Choose CSet:   0.0 ms]
      [Ref Proc:   0.1 ms]
      [Ref Enq:   0.0 ms]
      [Free CSet:   0.0 ms]
   [Eden: 1024K(25M)->0B(24M) Survivors: 0B->1024K Heap: 40M(128M)->39M(128M)]
 [Times: user=0.00 sys=0.00, real=0.01 secs] 
Heap after GC invocations=1 (full 1):
 garbage-first heap   total 131072K, used 40672K [0x00000007dae00000, 0x00000007e2e00000, 0x00000007fae00000)
  region size 1024K, 1 young (1024K), 1 survivors (1024K)
 compacting perm gen  total 20480K, used 2864K [0x00000007fae00000, 0x00000007fc200000, 0x0000000800000000)
   the space 20480K,  13% used [0x00000007fae00000, 0x00000007fb0cc080, 0x00000007fb0cc200, 0x00000007fc200000)
No shared spaces configured.
}
0.136: [GC concurrent-root-region-scan-start]
0.137: [GC concurrent-root-region-scan-end, 0.0005950]
0.137: [GC concurrent-mark-start]
0.155: [GC concurrent-mark-end, 0.0178980 sec]
0.173: [GC remark 0.173: [GC ref-proc, 0.0000120 secs], 0.0011330 secs]
 [Times: user=0.00 sys=0.00, real=0.00 secs] 
0.261: [GC cleanup 206M->206M(215M), 0.0002860 secs]
 [Times: user=0.00 sys=0.00, real=0.00 secs] 
{Heap before GC invocations=2 (full 1):
 garbage-first heap   total 316416K, used 304726K [0x00000007dae00000, 0x00000007ee300000, 0x00000007fae00000)
  region size 1024K, 2 young (2048K), 1 survivors (1024K)
 compacting perm gen  total 20480K, used 2869K [0x00000007fae00000, 0x00000007fc200000, 0x0000000800000000)
   the space 20480K,  14% used [0x00000007fae00000, 0x00000007fb0cd6b8, 0x00000007fb0cd800, 0x00000007fc200000)
No shared spaces configured.
0.331: [GC pause (young)
Desired survivor size 2097152 bytes, new threshold 15 (max 15)
- age   1:     315760 bytes,     315760 total
 (initial-mark), 0.00180700 secs]
   [Parallel Time:   1.7 ms]
      [GC Worker Start (ms):  330.9  330.9
       Avg: 330.9, Min: 330.9, Max: 330.9, Diff:   0.0]
      [Ext Root Scanning (ms):  0.7  0.7
       Avg:   0.7, Min:   0.7, Max:   0.7, Diff:   0.0]
      [Update RS (ms):  0.0  0.0
       Avg:   0.0, Min:   0.0, Max:   0.0, Diff:   0.0]
         [Processed Buffers : 0 2
          Sum: 2, Avg: 1, Min: 0, Max: 2, Diff: 2]
      [Scan RS (ms):  0.0  0.0
       Avg:   0.0, Min:   0.0, Max:   0.0, Diff:   0.0]
      [Object Copy (ms):  0.9  0.9
       Avg:   0.9, Min:   0.9, Max:   0.9, Diff:   0.1]
      [Termination (ms):  0.0  0.0
       Avg:   0.0, Min:   0.0, Max:   0.0, Diff:   0.0]
         [Termination Attempts : 1 1
          Sum: 2, Avg: 1, Min: 1, Max: 1, Diff: 0]
      [GC Worker End (ms):  332.5  332.5
       Avg: 332.5, Min: 332.5, Max: 332.5, Diff:   0.0]
      [GC Worker (ms):  1.6  1.6
       Avg:   1.6, Min:   1.6, Max:   1.6, Diff:   0.0]
      [GC Worker Other (ms):  0.1  0.1
       Avg:   0.1, Min:   0.1, Max:   0.1, Diff:   0.0]
   [Clear CT:   0.0 ms]
   [Other:   0.1 ms]
      [Choose CSet:   0.0 ms]
      [Ref Proc:   0.0 ms]
      [Ref Enq:   0.0 ms]
      [Free CSet:   0.0 ms]
   [Eden: 1024K(24M)->0B(61M) Survivors: 1024K->1024K Heap: 297M(309M)->297M(310M)]
 [Times: user=0.00 sys=0.00, real=0.00 secs] 
Heap after GC invocations=3 (full 2):
 garbage-first heap   total 317440K, used 304702K [0x00000007dae00000, 0x00000007ee400000, 0x00000007fae00000)
  region size 1024K, 1 young (1024K), 1 survivors (1024K)
 compacting perm gen  total 20480K, used 2869K [0x00000007fae00000, 0x00000007fc200000, 0x0000000800000000)
   the space 20480K,  14% used [0x00000007fae00000, 0x00000007fb0cd6b8, 0x00000007fb0cd800, 0x00000007fc200000)
No shared spaces configured.
}
0.333: [GC concurrent-root-region-scan-start]
0.334: [GC concurrent-root-region-scan-end, 0.0008340]
0.334: [GC concurrent-mark-start]
0.334: [GC concurrent-mark-end, 0.0000310 sec]
{Heap before GC invocations=3 (full 2):
 garbage-first heap   total 505856K, used 487432K [0x00000007dae00000, 0x00000007f9c00000, 0x00000007fae00000)
  region size 1024K, 2 young (2048K), 1 survivors (1024K)
 compacting perm gen  total 20480K, used 2872K [0x00000007fae00000, 0x00000007fc200000, 0x0000000800000000)
   the space 20480K,  14% used [0x00000007fae00000, 0x00000007fb0ce2f0, 0x00000007fb0ce400, 0x00000007fc200000)
No shared spaces configured.
0.449: [GC pause (young)
Desired survivor size 4194304 bytes, new threshold 15 (max 15)
- age   1:       2376 bytes,       2376 total
- age   2:     341272 bytes,     343648 total
, 0.00178300 secs]
   [Parallel Time:   1.7 ms]
      [GC Worker Start (ms):  449.0  449.0
       Avg: 449.0, Min: 449.0, Max: 449.0, Diff:   0.0]
      [Ext Root Scanning (ms):  0.8  0.8
       Avg:   0.8, Min:   0.8, Max:   0.8, Diff:   0.0]
      [SATB Filtering (ms):  0.0  0.0
       Avg:   0.0, Min:   0.0, Max:   0.0, Diff:   0.0]
      [Update RS (ms):  0.0  0.0
       Avg:   0.0, Min:   0.0, Max:   0.0, Diff:   0.0]
         [Processed Buffers : 0 1
          Sum: 1, Avg: 0, Min: 0, Max: 1, Diff: 1]
      [Scan RS (ms):  0.0  0.0
       Avg:   0.0, Min:   0.0, Max:   0.0, Diff:   0.0]
      [Object Copy (ms):  0.8  0.8
       Avg:   0.8, Min:   0.8, Max:   0.8, Diff:   0.0]
      [Termination (ms):  0.0  0.0
       Avg:   0.0, Min:   0.0, Max:   0.0, Diff:   0.0]
         [Termination Attempts : 1 1
          Sum: 2, Avg: 1, Min: 1, Max: 1, Diff: 0]
      [GC Worker End (ms):  450.6  450.6
       Avg: 450.6, Min: 450.6, Max: 450.6, Diff:   0.0]
      [GC Worker (ms):  1.6  1.6
       Avg:   1.6, Min:   1.6, Max:   1.6, Diff:   0.0]
      [GC Worker Other (ms):  0.1  0.1
       Avg:   0.1, Min:   0.1, Max:   0.1, Diff:   0.0]
   [Complete CSet Marking:   0.0 ms]
   [Clear CT:   0.0 ms]
   [Other:   0.1 ms]
      [Choose CSet:   0.0 ms]
      [Ref Proc:   0.0 ms]
      [Ref Enq:   0.0 ms]
      [Free CSet:   0.0 ms]
   [Eden: 1024K(61M)->0B(97M) Survivors: 1024K->1024K Heap: 476M(494M)->476M(494M)]
 [Times: user=0.01 sys=0.00, real=0.00 secs] 
Heap after GC invocations=4 (full 2):
 garbage-first heap   total 505856K, used 487440K [0x00000007dae00000, 0x00000007f9c00000, 0x00000007fae00000)
  region size 1024K, 1 young (1024K), 1 survivors (1024K)
 compacting perm gen  total 20480K, used 2872K [0x00000007fae00000, 0x00000007fc200000, 0x0000000800000000)
   the space 20480K,  14% used [0x00000007fae00000, 0x00000007fb0ce2f0, 0x00000007fb0ce400, 0x00000007fc200000)
No shared spaces configured.
}
{Heap before GC invocations=4 (full 2):
 garbage-first heap   total 505856K, used 487440K [0x00000007dae00000, 0x00000007f9c00000, 0x00000007fae00000)
  region size 1024K, 1 young (1024K), 1 survivors (1024K)
 compacting perm gen  total 20480K, used 2872K [0x00000007fae00000, 0x00000007fc200000, 0x0000000800000000)
   the space 20480K,  14% used [0x00000007fae00000, 0x00000007fb0ce2f0, 0x00000007fb0ce400, 0x00000007fc200000)
No shared spaces configured.
0.451: [Full GC 476M->456M(512M), 0.0114940 secs]
 [Times: user=0.01 sys=0.00, real=0.01 secs] 
Heap after GC invocations=5 (full 3):
 garbage-first heap   total 524288K, used 467733K [0x00000007dae00000, 0x00000007fae00000, 0x00000007fae00000)
  region size 1024K, 0 young (0K), 0 survivors (0K)
 compacting perm gen  total 20480K, used 2872K [0x00000007fae00000, 0x00000007fc200000, 0x0000000800000000)
   the space 20480K,  14% used [0x00000007fae00000, 0x00000007fb0ce2f0, 0x00000007fb0ce400, 0x00000007fc200000)
No shared spaces configured.
}
0.473: [GC remark, 0.0000020 secs]
 [Times: user=0.00 sys=0.00, real=0.00 secs] 
0.473: [GC concurrent-mark-abort]
{Heap before GC invocations=5 (full 3):
 garbage-first heap   total 524288K, used 488347K [0x00000007dae00000, 0x00000007fae00000, 0x00000007fae00000)
  region size 1024K, 1 young (1024K), 0 survivors (0K)
 compacting perm gen  total 20480K, used 2872K [0x00000007fae00000, 0x00000007fc200000, 0x0000000800000000)
   the space 20480K,  14% used [0x00000007fae00000, 0x00000007fb0ce2f0, 0x00000007fb0ce400, 0x00000007fc200000)
No shared spaces configured.
0.473: [GC pause (young)
Desired survivor size 6815744 bytes, new threshold 15 (max 15)
- age   1:        496 bytes,        496 total
- age   2:       2240 bytes,       2736 total
- age   3:     341256 bytes,     343992 total
, 0.00340700 secs]
   [Parallel Time:   3.2 ms]
      [GC Worker Start (ms):  473.5  473.5
       Avg: 473.5, Min: 473.5, Max: 473.5, Diff:   0.0]
      [Ext Root Scanning (ms):  1.5  3.0
       Avg:   2.2, Min:   1.5, Max:   3.0, Diff:   1.5]
      [Update RS (ms):  0.0  0.0
       Avg:   0.0, Min:   0.0, Max:   0.0, Diff:   0.0]
         [Processed Buffers : 4 0
          Sum: 4, Avg: 2, Min: 0, Max: 4, Diff: 4]
      [Scan RS (ms):  0.0  0.0
       Avg:   0.0, Min:   0.0, Max:   0.0, Diff:   0.0]
      [Object Copy (ms):  0.1  0.2
       Avg:   0.1, Min:   0.1, Max:   0.2, Diff:   0.1]
      [Termination (ms):  1.5  0.0
       Avg:   0.8, Min:   0.0, Max:   1.5, Diff:   1.5]
         [Termination Attempts : 1 1
          Sum: 2, Avg: 1, Min: 1, Max: 1, Diff: 0]
      [GC Worker End (ms):  476.7  476.7
       Avg: 476.7, Min: 476.7, Max: 476.7, Diff:   0.0]
      [GC Worker (ms):  3.2  3.2
       Avg:   3.2, Min:   3.2, Max:   3.2, Diff:   0.0]
      [GC Worker Other (ms):  0.1  0.1
       Avg:   0.1, Min:   0.1, Max:   0.1, Diff:   0.0]
   [Clear CT:   0.0 ms]
   [Other:   0.2 ms]
      [Choose CSet:   0.0 ms]
      [Ref Proc:   0.1 ms]
      [Ref Enq:   0.0 ms]
      [Free CSet:   0.0 ms]
   [Eden: 1024K(97M)->0B(101M) Survivors: 0B->1024K Heap: 476M(512M)->476M(512M)]
 [Times: user=0.00 sys=0.00, real=0.01 secs] 
Heap after GC invocations=6 (full 3):
 garbage-first heap   total 524288K, used 488379K [0x00000007dae00000, 0x00000007fae00000, 0x00000007fae00000)
  region size 1024K, 1 young (1024K), 1 survivors (1024K)
 compacting perm gen  total 20480K, used 2872K [0x00000007fae00000, 0x00000007fc200000, 0x0000000800000000)
   the space 20480K,  14% used [0x00000007fae00000, 0x00000007fb0ce2f0, 0x00000007fb0ce400, 0x00000007fc200000)
No shared spaces configured.
}
{Heap before GC invocations=6 (full 3):
 garbage-first heap   total 524288K, used 488379K [0x00000007dae00000, 0x00000007fae00000, 0x00000007fae00000)
  region size 1024K, 1 young (1024K), 1 survivors (1024K)
 compacting perm gen  total 20480K, used 2872K [0x00000007fae00000, 0x00000007fc200000, 0x0000000800000000)
   the space 20480K,  14% used [0x00000007fae00000, 0x00000007fb0ce2f0, 0x00000007fb0ce400, 0x00000007fc200000)
No shared spaces configured.
0.477: [Full GC 476M->476M(512M), 0.0126200 secs]
 [Times: user=0.01 sys=0.00, real=0.01 secs] 
Heap after GC invocations=7 (full 4):
 garbage-first heap   total 524288K, used 488347K [0x00000007dae00000, 0x00000007fae00000, 0x00000007fae00000)
  region size 1024K, 0 young (0K), 0 survivors (0K)
 compacting perm gen  total 20480K, used 2872K [0x00000007fae00000, 0x00000007fc200000, 0x0000000800000000)
   the space 20480K,  14% used [0x00000007fae00000, 0x00000007fb0ce2f0, 0x00000007fb0ce400, 0x00000007fc200000)
No shared spaces configured.
}
{Heap before GC invocations=7 (full 4):
 garbage-first heap   total 524288K, used 488347K [0x00000007dae00000, 0x00000007fae00000, 0x00000007fae00000)
  region size 1024K, 0 young (0K), 0 survivors (0K)
 compacting perm gen  total 20480K, used 2872K [0x00000007fae00000, 0x00000007fc200000, 0x0000000800000000)
   the space 20480K,  14% used [0x00000007fae00000, 0x00000007fb0ce2f0, 0x00000007fb0ce400, 0x00000007fc200000)
No shared spaces configured.
0.490: [Full GC 476M->476M(512M), 0.0130270 secs]
 [Times: user=0.02 sys=0.00, real=0.01 secs] 
Heap after GC invocations=8 (full 5):
 garbage-first heap   total 524288K, used 488336K [0x00000007dae00000, 0x00000007fae00000, 0x00000007fae00000)
  region size 1024K, 0 young (0K), 0 survivors (0K)
 compacting perm gen  total 20480K, used 2872K [0x00000007fae00000, 0x00000007fc200000, 0x0000000800000000)
   the space 20480K,  14% used [0x00000007fae00000, 0x00000007fb0ce2f0, 0x00000007fb0ce400, 0x00000007fc200000)
No shared spaces configured.
}
{Heap before GC invocations=8 (full 5):
 garbage-first heap   total 524288K, used 503516K [0x00000007dae00000, 0x00000007fae00000, 0x00000007fae00000)
  region size 1024K, 1 young (1024K), 0 survivors (0K)
 compacting perm gen  total 20480K, used 2872K [0x00000007fae00000, 0x00000007fc200000, 0x0000000800000000)
   the space 20480K,  14% used [0x00000007fae00000, 0x00000007fb0ce2f0, 0x00000007fb0ce400, 0x00000007fc200000)
No shared spaces configured.
0.521: [GC pause (young)
Desired survivor size 6815744 bytes, new threshold 15 (max 15)
- age   1:        160 bytes,        160 total
, 0.00141900 secs]
   [Parallel Time:   1.3 ms]
      [GC Worker Start (ms):  521.4  521.5
       Avg: 521.4, Min: 521.4, Max: 521.5, Diff:   0.0]
      [Ext Root Scanning (ms):  1.2  1.2
       Avg:   1.2, Min:   1.2, Max:   1.2, Diff:   0.0]
      [Update RS (ms):  0.0  0.0
       Avg:   0.0, Min:   0.0, Max:   0.0, Diff:   0.0]
         [Processed Buffers : 1 0
          Sum: 1, Avg: 0, Min: 0, Max: 1, Diff: 1]
      [Scan RS (ms):  0.0  0.0
       Avg:   0.0, Min:   0.0, Max:   0.0, Diff:   0.0]
      [Object Copy (ms):  0.1  0.1
       Avg:   0.1, Min:   0.1, Max:   0.1, Diff:   0.0]
      [Termination (ms):  0.0  0.0
       Avg:   0.0, Min:   0.0, Max:   0.0, Diff:   0.0]
         [Termination Attempts : 1 1
          Sum: 2, Avg: 1, Min: 1, Max: 1, Diff: 0]
      [GC Worker End (ms):  522.7  522.7
       Avg: 522.7, Min: 522.7, Max: 522.7, Diff:   0.0]
      [GC Worker (ms):  1.3  1.2
       Avg:   1.3, Min:   1.2, Max:   1.3, Diff:   0.0]
      [GC Worker Other (ms):  0.0  0.1
       Avg:   0.1, Min:   0.0, Max:   0.1, Diff:   0.0]
   [Clear CT:   0.0 ms]
   [Other:   0.1 ms]
      [Choose CSet:   0.0 ms]
      [Ref Proc:   0.0 ms]
      [Ref Enq:   0.0 ms]
      [Free CSet:   0.0 ms]
   [Eden: 1024K(101M)->0B(101M) Survivors: 0B->1024K Heap: 491M(512M)->491M(512M)]
 [Times: user=0.01 sys=0.00, real=0.00 secs] 
Heap after GC invocations=9 (full 5):
 garbage-first heap   total 524288K, used 503580K [0x00000007dae00000, 0x00000007fae00000, 0x00000007fae00000)
  region size 1024K, 1 young (1024K), 1 survivors (1024K)
 compacting perm gen  total 20480K, used 2872K [0x00000007fae00000, 0x00000007fc200000, 0x0000000800000000)
   the space 20480K,  14% used [0x00000007fae00000, 0x00000007fb0ce2f0, 0x00000007fb0ce400, 0x00000007fc200000)
No shared spaces configured.
}
{Heap before GC invocations=9 (full 5):
 garbage-first heap   total 524288K, used 503580K [0x00000007dae00000, 0x00000007fae00000, 0x00000007fae00000)
  region size 1024K, 1 young (1024K), 1 survivors (1024K)
 compacting perm gen  total 20480K, used 2872K [0x00000007fae00000, 0x00000007fc200000, 0x0000000800000000)
   the space 20480K,  14% used [0x00000007fae00000, 0x00000007fb0ce2f0, 0x00000007fb0ce400, 0x00000007fc200000)
No shared spaces configured.
0.523: [Full GC 491M->491M(512M), 0.0123670 secs]
 [Times: user=0.01 sys=0.00, real=0.01 secs] 
Heap after GC invocations=10 (full 6):
 garbage-first heap   total 524288K, used 503516K [0x00000007dae00000, 0x00000007fae00000, 0x00000007fae00000)
  region size 1024K, 0 young (0K), 0 survivors (0K)
 compacting perm gen  total 20480K, used 2870K [0x00000007fae00000, 0x00000007fc200000, 0x0000000800000000)
   the space 20480K,  14% used [0x00000007fae00000, 0x00000007fb0cdad8, 0x00000007fb0cdc00, 0x00000007fc200000)
No shared spaces configured.
}
{Heap before GC invocations=10 (full 6):
 garbage-first heap   total 524288K, used 503516K [0x00000007dae00000, 0x00000007fae00000, 0x00000007fae00000)
  region size 1024K, 0 young (0K), 0 survivors (0K)
 compacting perm gen  total 20480K, used 2870K [0x00000007fae00000, 0x00000007fc200000, 0x0000000800000000)
   the space 20480K,  14% used [0x00000007fae00000, 0x00000007fb0cdad8, 0x00000007fb0cdc00, 0x00000007fc200000)
No shared spaces configured.
0.536: [Full GC 491M->491M(512M), 0.0114190 secs]
 [Times: user=0.01 sys=0.00, real=0.02 secs] 
Heap after GC invocations=11 (full 7):
 garbage-first heap   total 524288K, used 503516K [0x00000007dae00000, 0x00000007fae00000, 0x00000007fae00000)
  region size 1024K, 0 young (0K), 0 survivors (0K)
 compacting perm gen  total 20480K, used 2870K [0x00000007fae00000, 0x00000007fc200000, 0x0000000800000000)
   the space 20480K,  14% used [0x00000007fae00000, 0x00000007fb0cdad8, 0x00000007fb0cdc00, 0x00000007fc200000)
No shared spaces configured.
}
{Heap before GC invocations=11 (full 7):
 garbage-first heap   total 524288K, used 503516K [0x00000007dae00000, 0x00000007fae00000, 0x00000007fae00000)
  region size 1024K, 1 young (1024K), 0 survivors (0K)
 compacting perm gen  total 20480K, used 2870K [0x00000007fae00000, 0x00000007fc200000, 0x0000000800000000)
   the space 20480K,  14% used [0x00000007fae00000, 0x00000007fb0cdad8, 0x00000007fb0cdc00, 0x00000007fc200000)
No shared spaces configured.
0.547: [GC pause (young)
Desired survivor size 6815744 bytes, new threshold 15 (max 15)
- age   1:         48 bytes,         48 total
 (initial-mark), 0.00112600 secs]
   [Parallel Time:   1.0 ms]
      [GC Worker Start (ms):  547.4  547.4
       Avg: 547.4, Min: 547.4, Max: 547.4, Diff:   0.0]
      [Ext Root Scanning (ms):  0.8  0.8
       Avg:   0.8, Min:   0.8, Max:   0.8, Diff:   0.0]
      [Update RS (ms):  0.0  0.0
       Avg:   0.0, Min:   0.0, Max:   0.0, Diff:   0.0]
         [Processed Buffers : 1 3
          Sum: 4, Avg: 2, Min: 1, Max: 3, Diff: 2]
      [Scan RS (ms):  0.0  0.0
       Avg:   0.0, Min:   0.0, Max:   0.0, Diff:   0.0]
      [Object Copy (ms):  0.1  0.1
       Avg:   0.1, Min:   0.1, Max:   0.1, Diff:   0.0]
      [Termination (ms):  0.0  0.0
       Avg:   0.0, Min:   0.0, Max:   0.0, Diff:   0.0]
         [Termination Attempts : 1 1
          Sum: 2, Avg: 1, Min: 1, Max: 1, Diff: 0]
      [GC Worker End (ms):  548.4  548.4
       Avg: 548.4, Min: 548.4, Max: 548.4, Diff:   0.0]
      [GC Worker (ms):  1.0  1.0
       Avg:   1.0, Min:   1.0, Max:   1.0, Diff:   0.0]
      [GC Worker Other (ms):  0.0  0.1
       Avg:   0.1, Min:   0.0, Max:   0.1, Diff:   0.0]
   [Clear CT:   0.0 ms]
   [Other:   0.1 ms]
      [Choose CSet:   0.0 ms]
      [Ref Proc:   0.0 ms]
      [Ref Enq:   0.0 ms]
      [Free CSet:   0.0 ms]
   [Eden: 1024K(101M)->0B(101M) Survivors: 0B->1024K Heap: 491M(512M)->491M(512M)]
 [Times: user=0.00 sys=0.00, real=0.00 secs] 
Heap after GC invocations=12 (full 8):
 garbage-first heap   total 524288K, used 503548K [0x00000007dae00000, 0x00000007fae00000, 0x00000007fae00000)
  region size 1024K, 1 young (1024K), 1 survivors (1024K)
 compacting perm gen  total 20480K, used 2870K [0x00000007fae00000, 0x00000007fc200000, 0x0000000800000000)
   the space 20480K,  14% used [0x00000007fae00000, 0x00000007fb0cdad8, 0x00000007fb0cdc00, 0x00000007fc200000)
No shared spaces configured.
}
0.549: [GC concurrent-root-region-scan-start]
0.549: [GC concurrent-root-region-scan-end, 0.0000260]
0.549: [GC concurrent-mark-start]
{Heap before GC invocations=12 (full 8):
 garbage-first heap   total 524288K, used 503548K [0x00000007dae00000, 0x00000007fae00000, 0x00000007fae00000)
  region size 1024K, 1 young (1024K), 1 survivors (1024K)
 compacting perm gen  total 20480K, used 2870K [0x00000007fae00000, 0x00000007fc200000, 0x0000000800000000)
   the space 20480K,  14% used [0x00000007fae00000, 0x00000007fb0cdad8, 0x00000007fb0cdc00, 0x00000007fc200000)
No shared spaces configured.
0.549: [GC pause (young)
Desired survivor size 6815744 bytes, new threshold 15 (max 15)
- age   1:         96 bytes,         96 total
, 0.00062900 secs]
   [Parallel Time:   0.6 ms]
      [GC Worker Start (ms):  548.8  548.8
       Avg: 548.8, Min: 548.8, Max: 548.8, Diff:   0.0]
      [Ext Root Scanning (ms):  0.4  0.5
       Avg:   0.4, Min:   0.4, Max:   0.5, Diff:   0.1]
      [SATB Filtering (ms):  0.0  0.0
       Avg:   0.0, Min:   0.0, Max:   0.0, Diff:   0.0]
      [Update RS (ms):  0.0  0.0
       Avg:   0.0, Min:   0.0, Max:   0.0, Diff:   0.0]
         [Processed Buffers : 3 0
          Sum: 3, Avg: 1, Min: 0, Max: 3, Diff: 3]
      [Scan RS (ms):  0.0  0.0
       Avg:   0.0, Min:   0.0, Max:   0.0, Diff:   0.0]
      [Object Copy (ms):  0.0  0.0
       Avg:   0.0, Min:   0.0, Max:   0.0, Diff:   0.0]
      [Termination (ms):  0.1  0.0
       Avg:   0.0, Min:   0.0, Max:   0.1, Diff:   0.1]
         [Termination Attempts : 1 1
          Sum: 2, Avg: 1, Min: 1, Max: 1, Diff: 0]
      [GC Worker End (ms):  549.4  549.4
       Avg: 549.4, Min: 549.4, Max: 549.4, Diff:   0.0]
      [GC Worker (ms):  0.5  0.5
       Avg:   0.5, Min:   0.5, Max:   0.5, Diff:   0.0]
      [GC Worker Other (ms):  0.0  0.1
       Avg:   0.1, Min:   0.0, Max:   0.1, Diff:   0.0]
   [Complete CSet Marking:   0.0 ms]
   [Clear CT:   0.0 ms]
   [Other:   0.0 ms]
      [Choose CSet:   0.0 ms]
      [Ref Proc:   0.0 ms]
      [Ref Enq:   0.0 ms]
      [Free CSet:   0.0 ms]
   [Eden: 0B(101M)->0B(101M) Survivors: 1024K->1024K Heap: 491M(512M)->491M(512M)]
 [Times: user=0.01 sys=0.00, real=0.00 secs] 
Heap after GC invocations=13 (full 8):
 garbage-first heap   total 524288K, used 503580K [0x00000007dae00000, 0x00000007fae00000, 0x00000007fae00000)
  region size 1024K, 1 young (1024K), 1 survivors (1024K)
 compacting perm gen  total 20480K, used 2870K [0x00000007fae00000, 0x00000007fc200000, 0x0000000800000000)
   the space 20480K,  14% used [0x00000007fae00000, 0x00000007fb0cdad8, 0x00000007fb0cdc00, 0x00000007fc200000)
No shared spaces configured.
}
{Heap before GC invocations=13 (full 8):
 garbage-first heap   total 524288K, used 503580K [0x00000007dae00000, 0x00000007fae00000, 0x00000007fae00000)
  region size 1024K, 1 young (1024K), 1 survivors (1024K)
 compacting perm gen  total 20480K, used 2870K [0x00000007fae00000, 0x00000007fc200000, 0x0000000800000000)
   the space 20480K,  14% used [0x00000007fae00000, 0x00000007fb0cdad8, 0x00000007fb0cdc00, 0x00000007fc200000)
No shared spaces configured.
0.550: [Full GC 491M->369M(512M), 0.0116310 secs]
 [Times: user=0.01 sys=0.00, real=0.01 secs] 
Heap after GC invocations=14 (full 9):
 garbage-first heap   total 524288K, used 378765K [0x00000007dae00000, 0x00000007fae00000, 0x00000007fae00000)
  region size 1024K, 0 young (0K), 0 survivors (0K)
 compacting perm gen  total 20480K, used 2870K [0x00000007fae00000, 0x00000007fc200000, 0x0000000800000000)
   the space 20480K,  14% used [0x00000007fae00000, 0x00000007fb0cdad8, 0x00000007fb0cdc00, 0x00000007fc200000)
No shared spaces configured.
}
0.561: [GC concurrent-mark-abort]
{Heap before GC invocations=14 (full 9):
 garbage-first heap   total 524288K, used 401858K [0x00000007dae00000, 0x00000007fae00000, 0x00000007fae00000)
  region size 1024K, 1 young (1024K), 0 survivors (0K)
 compacting perm gen  total 20480K, used 2870K [0x00000007fae00000, 0x00000007fc200000, 0x0000000800000000)
   the space 20480K,  14% used [0x00000007fae00000, 0x00000007fb0cdad8, 0x00000007fb0cdc00, 0x00000007fc200000)
No shared spaces configured.
0.578: [GC pause (young)
Desired survivor size 6815744 bytes, new threshold 15 (max 15)
- age   2:         96 bytes,         96 total
 (initial-mark), 0.00183500 secs]
   [Parallel Time:   1.7 ms]
      [GC Worker Start (ms):  578.4  578.4
       Avg: 578.4, Min: 578.4, Max: 578.4, Diff:   0.0]
      [Ext Root Scanning (ms):  1.4  1.4
       Avg:   1.4, Min:   1.4, Max:   1.4, Diff:   0.1]
      [Update RS (ms):  0.0  0.0
       Avg:   0.0, Min:   0.0, Max:   0.0, Diff:   0.0]
         [Processed Buffers : 1 0
          Sum: 1, Avg: 0, Min: 0, Max: 1, Diff: 1]
      [Scan RS (ms):  0.0  0.0
       Avg:   0.0, Min:   0.0, Max:   0.0, Diff:   0.0]
      [Object Copy (ms):  0.2  0.2
       Avg:   0.2, Min:   0.2, Max:   0.2, Diff:   0.0]
      [Termination (ms):  0.0  0.0
       Avg:   0.0, Min:   0.0, Max:   0.0, Diff:   0.0]
         [Termination Attempts : 1 1
          Sum: 2, Avg: 1, Min: 1, Max: 1, Diff: 0]
      [GC Worker End (ms):  580.0  580.0
       Avg: 580.0, Min: 580.0, Max: 580.0, Diff:   0.0]
      [GC Worker (ms):  1.6  1.6
       Avg:   1.6, Min:   1.6, Max:   1.6, Diff:   0.0]
      [GC Worker Other (ms):  0.1  0.1
       Avg:   0.1, Min:   0.1, Max:   0.1, Diff:   0.0]
   [Clear CT:   0.0 ms]
   [Other:   0.2 ms]
      [Choose CSet:   0.0 ms]
      [Ref Proc:   0.0 ms]
      [Ref Enq:   0.0 ms]
      [Free CSet:   0.0 ms]
   [Eden: 1024K(101M)->0B(101M) Survivors: 0B->1024K Heap: 392M(512M)->392M(512M)]
 [Times: user=0.00 sys=0.00, real=0.00 secs] 
Heap after GC invocations=15 (full 10):
 garbage-first heap   total 524288K, used 401922K [0x00000007dae00000, 0x00000007fae00000, 0x00000007fae00000)
  region size 1024K, 1 young (1024K), 1 survivors (1024K)
 compacting perm gen  total 20480K, used 2870K [0x00000007fae00000, 0x00000007fc200000, 0x0000000800000000)
   the space 20480K,  14% used [0x00000007fae00000, 0x00000007fb0cdad8, 0x00000007fb0cdc00, 0x00000007fc200000)
No shared spaces configured.
}
0.580: [GC concurrent-root-region-scan-start]
0.580: [GC concurrent-root-region-scan-end, 0.0000220]
0.580: [GC concurrent-mark-start]
0.582: [GC concurrent-mark-end, 0.0017350 sec]
0.612: [GC remark 0.612: [GC ref-proc, 0.0000130 secs], 0.0039180 secs]
 [Times: user=0.01 sys=0.00, real=0.00 secs] 
0.616: [GC cleanup 451M->451M(512M), 0.0003570 secs]
 [Times: user=0.00 sys=0.00, real=0.00 secs] 
{Heap before GC invocations=16 (full 10):
 garbage-first heap   total 524288K, used 462331K [0x00000007dae00000, 0x00000007fae00000, 0x00000007fae00000)
  region size 1024K, 2 young (2048K), 1 survivors (1024K)
 compacting perm gen  total 20480K, used 2870K [0x00000007fae00000, 0x00000007fc200000, 0x0000000800000000)
   the space 20480K,  14% used [0x00000007fae00000, 0x00000007fb0cdad8, 0x00000007fb0cdc00, 0x00000007fc200000)
No shared spaces configured.
0.617: [GC pause (young)
Desired survivor size 6815744 bytes, new threshold 15 (max 15)
- age   1:         32 bytes,         32 total
, 0.00092500 secs]
   [Parallel Time:   0.8 ms]
      [GC Worker Start (ms):  616.7  616.7
       Avg: 616.7, Min: 616.7, Max: 616.7, Diff:   0.0]
      [Ext Root Scanning (ms):  0.7  0.8
       Avg:   0.7, Min:   0.7, Max:   0.8, Diff:   0.1]
      [Update RS (ms):  0.0  0.0
       Avg:   0.0, Min:   0.0, Max:   0.0, Diff:   0.0]
         [Processed Buffers : 6 0
          Sum: 6, Avg: 3, Min: 0, Max: 6, Diff: 6]
      [Scan RS (ms):  0.0  0.0
       Avg:   0.0, Min:   0.0, Max:   0.0, Diff:   0.0]
      [Object Copy (ms):  0.0  0.0
       Avg:   0.0, Min:   0.0, Max:   0.0, Diff:   0.0]
      [Termination (ms):  0.1  0.0
       Avg:   0.0, Min:   0.0, Max:   0.1, Diff:   0.1]
         [Termination Attempts : 1 1
          Sum: 2, Avg: 1, Min: 1, Max: 1, Diff: 0]
      [GC Worker End (ms):  617.5  617.5
       Avg: 617.5, Min: 617.5, Max: 617.5, Diff:   0.0]
      [GC Worker (ms):  0.8  0.8
       Avg:   0.8, Min:   0.8, Max:   0.8, Diff:   0.0]
      [GC Worker Other (ms):  0.0  0.0
       Avg:   0.0, Min:   0.0, Max:   0.0, Diff:   0.0]
   [Clear CT:   0.0 ms]
   [Other:   0.1 ms]
      [Choose CSet:   0.0 ms]
      [Ref Proc:   0.0 ms]
      [Ref Enq:   0.0 ms]
      [Free CSet:   0.0 ms]
   [Eden: 1024K(101M)->0B(101M) Survivors: 1024K->1024K Heap: 451M(512M)->451M(512M)]
 [Times: user=0.00 sys=0.00, real=0.00 secs] 
Heap after GC invocations=17 (full 10):
 garbage-first heap   total 524288K, used 462331K [0x00000007dae00000, 0x00000007fae00000, 0x00000007fae00000)
  region size 1024K, 1 young (1024K), 1 survivors (1024K)
 compacting perm gen  total 20480K, used 2870K [0x00000007fae00000, 0x00000007fc200000, 0x0000000800000000)
   the space 20480K,  14% used [0x00000007fae00000, 0x00000007fb0cdad8, 0x00000007fb0cdc00, 0x00000007fc200000)
No shared spaces configured.
}
{Heap before GC invocations=17 (full 10):
 garbage-first heap   total 524288K, used 462331K [0x00000007dae00000, 0x00000007fae00000, 0x00000007fae00000)
  region size 1024K, 1 young (1024K), 1 survivors (1024K)
 compacting perm gen  total 20480K, used 2870K [0x00000007fae00000, 0x00000007fc200000, 0x0000000800000000)
   the space 20480K,  14% used [0x00000007fae00000, 0x00000007fb0cdad8, 0x00000007fb0cdc00, 0x00000007fc200000)
No shared spaces configured.
0.618: [Full GC 451M->311M(512M), 0.0166330 secs]
 [Times: user=0.01 sys=0.00, real=0.01 secs] 
Heap after GC invocations=18 (full 11):
 garbage-first heap   total 524288K, used 318830K [0x00000007dae00000, 0x00000007fae00000, 0x00000007fae00000)
  region size 1024K, 0 young (0K), 0 survivors (0K)
 compacting perm gen  total 20480K, used 2870K [0x00000007fae00000, 0x00000007fc200000, 0x0000000800000000)
   the space 20480K,  14% used [0x00000007fae00000, 0x00000007fb0cdad8, 0x00000007fb0cdc00, 0x00000007fc200000)
No shared spaces configured.
}
{Heap before GC invocations=18 (full 11):
 garbage-first heap   total 524288K, used 369532K [0x00000007dae00000, 0x00000007fae00000, 0x00000007fae00000)
  region size 1024K, 1 young (1024K), 0 survivors (0K)
 compacting perm gen  total 20480K, used 2870K [0x00000007fae00000, 0x00000007fc200000, 0x0000000800000000)
   the space 20480K,  14% used [0x00000007fae00000, 0x00000007fb0cdad8, 0x00000007fb0cdc00, 0x00000007fc200000)
No shared spaces configured.
0.665: [GC pause (young)
Desired survivor size 8388608 bytes, new threshold 15 (max 15)
- age   1:        288 bytes,        288 total
- age   2:         16 bytes,        304 total
 (initial-mark), 0.00211300 secs]
   [Parallel Time:   1.9 ms]
      [GC Worker Start (ms):  665.2  665.2
       Avg: 665.2, Min: 665.2, Max: 665.2, Diff:   0.0]
      [Ext Root Scanning (ms):  1.4  1.7
       Avg:   1.6, Min:   1.4, Max:   1.7, Diff:   0.3]
      [Update RS (ms):  0.1  0.0
       Avg:   0.0, Min:   0.0, Max:   0.1, Diff:   0.1]
         [Processed Buffers : 2 0
          Sum: 2, Avg: 1, Min: 0, Max: 2, Diff: 2]
      [Scan RS (ms):  0.0  0.0
       Avg:   0.0, Min:   0.0, Max:   0.0, Diff:   0.0]
      [Object Copy (ms):  0.2  0.1
       Avg:   0.2, Min:   0.1, Max:   0.2, Diff:   0.1]
      [Termination (ms):  0.2  0.0
       Avg:   0.1, Min:   0.0, Max:   0.2, Diff:   0.2]
         [Termination Attempts : 1 1
          Sum: 2, Avg: 1, Min: 1, Max: 1, Diff: 0]
      [GC Worker End (ms):  667.1  667.1
       Avg: 667.1, Min: 667.1, Max: 667.1, Diff:   0.0]
      [GC Worker (ms):  1.9  1.9
       Avg:   1.9, Min:   1.9, Max:   1.9, Diff:   0.0]
      [GC Worker Other (ms):  0.1  0.1
       Avg:   0.1, Min:   0.1, Max:   0.1, Diff:   0.0]
   [Clear CT:   0.0 ms]
   [Other:   0.2 ms]
      [Choose CSet:   0.0 ms]
      [Ref Proc:   0.0 ms]
      [Ref Enq:   0.0 ms]
      [Free CSet:   0.0 ms]
   [Eden: 1024K(101M)->0B(101M) Survivors: 0B->1024K Heap: 360M(512M)->360M(512M)]
 [Times: user=0.00 sys=0.00, real=0.01 secs] 
Heap after GC invocations=19 (full 12):
 garbage-first heap   total 524288K, used 369596K [0x00000007dae00000, 0x00000007fae00000, 0x00000007fae00000)
  region size 1024K, 1 young (1024K), 1 survivors (1024K)
 compacting perm gen  total 20480K, used 2870K [0x00000007fae00000, 0x00000007fc200000, 0x0000000800000000)
   the space 20480K,  14% used [0x00000007fae00000, 0x00000007fb0cdad8, 0x00000007fb0cdc00, 0x00000007fc200000)
No shared spaces configured.
}
0.667: [GC concurrent-root-region-scan-start]
0.667: [GC concurrent-root-region-scan-end, 0.0000250]
0.667: [GC concurrent-mark-start]
0.669: [GC concurrent-mark-end, 0.0021000 sec]
0.676: [GC remark 0.676: [GC ref-proc, 0.0000310 secs], 0.0038720 secs]
 [Times: user=0.01 sys=0.01, real=0.00 secs] 
0.690: [GC cleanup 397M->397M(512M), 0.0005520 secs]
 [Times: user=0.00 sys=0.00, real=0.00 secs] 
{Heap before GC invocations=20 (full 12):
 garbage-first heap   total 524288K, used 473463K [0x00000007dae00000, 0x00000007fae00000, 0x00000007fae00000)
  region size 1024K, 2 young (2048K), 1 survivors (1024K)
 compacting perm gen  total 20480K, used 2870K [0x00000007fae00000, 0x00000007fc200000, 0x0000000800000000)
   the space 20480K,  14% used [0x00000007fae00000, 0x00000007fb0cdad8, 0x00000007fb0cdc00, 0x00000007fc200000)
No shared spaces configured.
0.730: [GC pause (young)
Desired survivor size 6815744 bytes, new threshold 15 (max 15)
- age   1:        152 bytes,        152 total
 (initial-mark), 0.00122700 secs]
   [Parallel Time:   1.1 ms]
      [GC Worker Start (ms):  730.3  730.3
       Avg: 730.3, Min: 730.3, Max: 730.3, Diff:   0.0]
      [Ext Root Scanning (ms):  0.8  0.8
       Avg:   0.8, Min:   0.8, Max:   0.8, Diff:   0.0]
      [Update RS (ms):  0.0  0.0
       Avg:   0.0, Min:   0.0, Max:   0.0, Diff:   0.0]
         [Processed Buffers : 7 0
          Sum: 7, Avg: 3, Min: 0, Max: 7, Diff: 7]
      [Scan RS (ms):  0.0  0.0
       Avg:   0.0, Min:   0.0, Max:   0.0, Diff:   0.0]
      [Object Copy (ms):  0.1  0.2
       Avg:   0.2, Min:   0.1, Max:   0.2, Diff:   0.0]
      [Termination (ms):  0.0  0.0
       Avg:   0.0, Min:   0.0, Max:   0.0, Diff:   0.0]
         [Termination Attempts : 1 1
          Sum: 2, Avg: 1, Min: 1, Max: 1, Diff: 0]
      [GC Worker End (ms):  731.3  731.3
       Avg: 731.3, Min: 731.3, Max: 731.3, Diff:   0.0]
      [GC Worker (ms):  1.0  1.0
       Avg:   1.0, Min:   1.0, Max:   1.0, Diff:   0.0]
      [GC Worker Other (ms):  0.0  0.1
       Avg:   0.1, Min:   0.0, Max:   0.1, Diff:   0.0]
   [Clear CT:   0.0 ms]
   [Other:   0.1 ms]
      [Choose CSet:   0.0 ms]
      [Ref Proc:   0.0 ms]
      [Ref Enq:   0.0 ms]
      [Free CSet:   0.0 ms]
   [Eden: 1024K(101M)->0B(101M) Survivors: 1024K->1024K Heap: 462M(512M)->462M(512M)]
 [Times: user=0.01 sys=0.00, real=0.00 secs] 
Heap after GC invocations=21 (full 13):
 garbage-first heap   total 524288K, used 473463K [0x00000007dae00000, 0x00000007fae00000, 0x00000007fae00000)
  region size 1024K, 1 young (1024K), 1 survivors (1024K)
 compacting perm gen  total 20480K, used 2870K [0x00000007fae00000, 0x00000007fc200000, 0x0000000800000000)
   the space 20480K,  14% used [0x00000007fae00000, 0x00000007fb0cdad8, 0x00000007fb0cdc00, 0x00000007fc200000)
No shared spaces configured.
}
0.731: [GC concurrent-root-region-scan-start]
0.732: [GC concurrent-root-region-scan-end, 0.0000450]
0.732: [GC concurrent-mark-start]
0.735: [GC concurrent-mark-end, 0.0037030 sec]
0.739: [GC remark 0.739: [GC ref-proc, 0.0000160 secs], 0.0035390 secs]
 [Times: user=0.00 sys=0.00, real=0.00 secs] 
0.743: [GC cleanup 476M->350M(512M), 0.0003970 secs]
 [Times: user=0.00 sys=0.00, real=0.00 secs] 
0.743: [GC concurrent-cleanup-start]
0.744: [GC concurrent-cleanup-end, 0.0002690]
{Heap before GC invocations=22 (full 13):
 garbage-first heap   total 524288K, used 416734K [0x00000007dae00000, 0x00000007fae00000, 0x00000007fae00000)
  region size 1024K, 2 young (2048K), 1 survivors (1024K)
 compacting perm gen  total 20480K, used 2870K [0x00000007fae00000, 0x00000007fc200000, 0x0000000800000000)
   the space 20480K,  14% used [0x00000007fae00000, 0x00000007fb0cdad8, 0x00000007fb0cdc00, 0x00000007fc200000)
No shared spaces configured.
0.779: [GC pause (young)
Desired survivor size 6815744 bytes, new threshold 15 (max 15)
- age   1:        128 bytes,        128 total
- age   2:        136 bytes,        264 total
 (initial-mark), 0.00111300 secs]
   [Parallel Time:   1.0 ms]
      [GC Worker Start (ms):  778.8  778.8
       Avg: 778.8, Min: 778.8, Max: 778.8, Diff:   0.0]
      [Ext Root Scanning (ms):  0.7  0.7
       Avg:   0.7, Min:   0.7, Max:   0.7, Diff:   0.1]
      [Update RS (ms):  0.0  0.0
       Avg:   0.0, Min:   0.0, Max:   0.0, Diff:   0.0]
         [Processed Buffers : 3 1
          Sum: 4, Avg: 2, Min: 1, Max: 3, Diff: 2]
      [Scan RS (ms):  0.0  0.0
       Avg:   0.0, Min:   0.0, Max:   0.0, Diff:   0.0]
      [Object Copy (ms):  0.2  0.1
       Avg:   0.2, Min:   0.1, Max:   0.2, Diff:   0.0]
      [Termination (ms):  0.0  0.0
       Avg:   0.0, Min:   0.0, Max:   0.0, Diff:   0.0]
         [Termination Attempts : 1 1
          Sum: 2, Avg: 1, Min: 1, Max: 1, Diff: 0]
      [GC Worker End (ms):  779.7  779.7
       Avg: 779.7, Min: 779.7, Max: 779.7, Diff:   0.0]
      [GC Worker (ms):  0.9  0.9
       Avg:   0.9, Min:   0.9, Max:   0.9, Diff:   0.0]
      [GC Worker Other (ms):  0.1  0.1
       Avg:   0.1, Min:   0.1, Max:   0.1, Diff:   0.0]
   [Clear CT:   0.0 ms]
   [Other:   0.1 ms]
      [Choose CSet:   0.0 ms]
      [Ref Proc:   0.0 ms]
      [Ref Enq:   0.0 ms]
      [Free CSet:   0.0 ms]
   [Eden: 1024K(101M)->0B(101M) Survivors: 1024K->1024K Heap: 407M(512M)->406M(512M)]
 [Times: user=0.00 sys=0.00, real=0.00 secs] 
Heap after GC invocations=23 (full 14):
 garbage-first heap   total 524288K, used 416734K [0x00000007dae00000, 0x00000007fae00000, 0x00000007fae00000)
  region size 1024K, 1 young (1024K), 1 survivors (1024K)
 compacting perm gen  total 20480K, used 2870K [0x00000007fae00000, 0x00000007fc200000, 0x0000000800000000)
   the space 20480K,  14% used [0x00000007fae00000, 0x00000007fb0cdad8, 0x00000007fb0cdc00, 0x00000007fc200000)
No shared spaces configured.
}
0.780: [GC concurrent-root-region-scan-start]
0.780: [GC concurrent-root-region-scan-end, 0.0001550]
0.780: [GC concurrent-mark-start]
{Heap before GC invocations=23 (full 14):
 garbage-first heap   total 524288K, used 416734K [0x00000007dae00000, 0x00000007fae00000, 0x00000007fae00000)
  region size 1024K, 1 young (1024K), 1 survivors (1024K)
 compacting perm gen  total 20480K, used 2870K [0x00000007fae00000, 0x00000007fc200000, 0x0000000800000000)
   the space 20480K,  14% used [0x00000007fae00000, 0x00000007fb0cdad8, 0x00000007fb0cdc00, 0x00000007fc200000)
No shared spaces configured.
0.780: [GC pause (young)
Desired survivor size 6815744 bytes, new threshold 15 (max 15)
- age   1:        360 bytes,        360 total
- age   2:        112 bytes,        472 total
- age   3:        136 bytes,        608 total
, 0.00061300 secs]
   [Parallel Time:   0.6 ms]
      [GC Worker Start (ms):  780.2  780.2
       Avg: 780.2, Min: 780.2, Max: 780.2, Diff:   0.0]
      [Ext Root Scanning (ms):  0.5  0.4
       Avg:   0.4, Min:   0.4, Max:   0.5, Diff:   0.1]
      [SATB Filtering (ms):  0.0  0.0
       Avg:   0.0, Min:   0.0, Max:   0.0, Diff:   0.0]
      [Update RS (ms):  0.0  0.0
       Avg:   0.0, Min:   0.0, Max:   0.0, Diff:   0.0]
         [Processed Buffers : 0 4
          Sum: 4, Avg: 2, Min: 0, Max: 4, Diff: 4]
      [Scan RS (ms):  0.0  0.0
       Avg:   0.0, Min:   0.0, Max:   0.0, Diff:   0.0]
      [Object Copy (ms):  0.0  0.0
       Avg:   0.0, Min:   0.0, Max:   0.0, Diff:   0.0]
      [Termination (ms):  0.0  0.0
       Avg:   0.0, Min:   0.0, Max:   0.0, Diff:   0.0]
         [Termination Attempts : 1 1
          Sum: 2, Avg: 1, Min: 1, Max: 1, Diff: 0]
      [GC Worker End (ms):  780.7  780.7
       Avg: 780.7, Min: 780.7, Max: 780.7, Diff:   0.0]
      [GC Worker (ms):  0.5  0.5
       Avg:   0.5, Min:   0.5, Max:   0.5, Diff:   0.0]
      [GC Worker Other (ms):  0.1  0.1
       Avg:   0.1, Min:   0.1, Max:   0.1, Diff:   0.0]
   [Complete CSet Marking:   0.0 ms]
   [Clear CT:   0.0 ms]
   [Other:   0.0 ms]
      [Choose CSet:   0.0 ms]
      [Ref Proc:   0.0 ms]
      [Ref Enq:   0.0 ms]
      [Free CSet:   0.0 ms]
   [Eden: 0B(101M)->0B(101M) Survivors: 1024K->1024K Heap: 406M(512M)->406M(512M)]
 [Times: user=0.00 sys=0.00, real=0.00 secs] 
Heap after GC invocations=24 (full 14):
 garbage-first heap   total 524288K, used 416734K [0x00000007dae00000, 0x00000007fae00000, 0x00000007fae00000)
  region size 1024K, 1 young (1024K), 1 survivors (1024K)
 compacting perm gen  total 20480K, used 2870K [0x00000007fae00000, 0x00000007fc200000, 0x0000000800000000)
   the space 20480K,  14% used [0x00000007fae00000, 0x00000007fb0cdad8, 0x00000007fb0cdc00, 0x00000007fc200000)
No shared spaces configured.
}
{Heap before GC invocations=24 (full 14):
 garbage-first heap   total 524288K, used 416734K [0x00000007dae00000, 0x00000007fae00000, 0x00000007fae00000)
  region size 1024K, 1 young (1024K), 1 survivors (1024K)
 compacting perm gen  total 20480K, used 2870K [0x00000007fae00000, 0x00000007fc200000, 0x0000000800000000)
   the space 20480K,  14% used [0x00000007fae00000, 0x00000007fb0cdad8, 0x00000007fb0cdc00, 0x00000007fc200000)
No shared spaces configured.
0.781: [Full GC 406M->185M(512M), 0.0128920 secs]
 [Times: user=0.02 sys=0.00, real=0.01 secs] 
Heap after GC invocations=25 (full 15):
 garbage-first heap   total 524288K, used 190204K [0x00000007dae00000, 0x00000007fae00000, 0x00000007fae00000)
  region size 1024K, 0 young (0K), 0 survivors (0K)
 compacting perm gen  total 20480K, used 2870K [0x00000007fae00000, 0x00000007fc200000, 0x0000000800000000)
   the space 20480K,  14% used [0x00000007fae00000, 0x00000007fb0cdab8, 0x00000007fb0cdc00, 0x00000007fc200000)
No shared spaces configured.
}
0.794: [GC concurrent-mark-abort]
{Heap before GC invocations=25 (full 15):
 garbage-first heap   total 524288K, used 216048K [0x00000007dae00000, 0x00000007fae00000, 0x00000007fae00000)
  region size 1024K, 0 young (0K), 0 survivors (0K)
 compacting perm gen  total 20480K, used 2870K [0x00000007fae00000, 0x00000007fc200000, 0x0000000800000000)
   the space 20480K,  14% used [0x00000007fae00000, 0x00000007fb0cdab8, 0x00000007fb0cdc00, 0x00000007fc200000)
No shared spaces configured.
0.813: [GC pause (young)
Desired survivor size 17301504 bytes, new threshold 15 (max 15)
- age   2:        360 bytes,        360 total
- age   3:         32 bytes,        392 total
- age   4:        136 bytes,        528 total
 (initial-mark), 0.00180200 secs]
   [Parallel Time:   1.6 ms]
      [GC Worker Start (ms):  812.9  812.9
       Avg: 812.9, Min: 812.9, Max: 812.9, Diff:   0.0]
      [Ext Root Scanning (ms):  1.3  1.4
       Avg:   1.4, Min:   1.3, Max:   1.4, Diff:   0.0]
      [Update RS (ms):  0.0  0.0
       Avg:   0.0, Min:   0.0, Max:   0.0, Diff:   0.0]
         [Processed Buffers : 1 0
          Sum: 1, Avg: 0, Min: 0, Max: 1, Diff: 1]
      [Scan RS (ms):  0.0  0.0
       Avg:   0.0, Min:   0.0, Max:   0.0, Diff:   0.0]
      [Object Copy (ms):  0.2  0.2
       Avg:   0.2, Min:   0.2, Max:   0.2, Diff:   0.0]
      [Termination (ms):  0.0  0.0
       Avg:   0.0, Min:   0.0, Max:   0.0, Diff:   0.0]
         [Termination Attempts : 1 1
          Sum: 2, Avg: 1, Min: 1, Max: 1, Diff: 0]
      [GC Worker End (ms):  814.5  814.5
       Avg: 814.5, Min: 814.5, Max: 814.5, Diff:   0.0]
      [GC Worker (ms):  1.6  1.6
       Avg:   1.6, Min:   1.6, Max:   1.6, Diff:   0.0]
      [GC Worker Other (ms):  0.1  0.1
       Avg:   0.1, Min:   0.1, Max:   0.1, Diff:   0.0]
   [Clear CT:   0.0 ms]
   [Other:   0.1 ms]
      [Choose CSet:   0.0 ms]
      [Ref Proc:   0.0 ms]
      [Ref Enq:   0.0 ms]
      [Free CSet:   0.0 ms]
   [Eden: 0B(101M)->0B(233M) Survivors: 0B->0B Heap: 210M(512M)->210M(512M)]
 [Times: user=0.01 sys=0.00, real=0.00 secs] 
Heap after GC invocations=26 (full 16):
 garbage-first heap   total 524288K, used 216048K [0x00000007dae00000, 0x00000007fae00000, 0x00000007fae00000)
  region size 1024K, 0 young (0K), 0 survivors (0K)
 compacting perm gen  total 20480K, used 2870K [0x00000007fae00000, 0x00000007fc200000, 0x0000000800000000)
   the space 20480K,  14% used [0x00000007fae00000, 0x00000007fb0cdab8, 0x00000007fb0cdc00, 0x00000007fc200000)
No shared spaces configured.
}
0.815: [GC concurrent-root-region-scan-start]
0.815: [GC concurrent-root-region-scan-end, 0.0000050]
0.815: [GC concurrent-mark-start]
0.816: [GC concurrent-mark-end, 0.0012570 sec]
0.840: [GC remark 0.841: [GC ref-proc, 0.0000170 secs], 0.0031310 secs]
 [Times: user=0.01 sys=0.00, real=0.00 secs] 
0.894: [GC cleanup 355M->355M(512M), 0.0006290 secs]
 [Times: user=0.00 sys=0.00, real=0.00 secs] 
{Heap before GC invocations=27 (full 16):
 garbage-first heap   total 524288K, used 435888K [0x00000007dae00000, 0x00000007fae00000, 0x00000007fae00000)
  region size 1024K, 1 young (1024K), 0 survivors (0K)
 compacting perm gen  total 20480K, used 2870K [0x00000007fae00000, 0x00000007fc200000, 0x0000000800000000)
   the space 20480K,  14% used [0x00000007fae00000, 0x00000007fb0cdab8, 0x00000007fb0cdc00, 0x00000007fc200000)
No shared spaces configured.
0.938: [GC pause (young)
Desired survivor size 15728640 bytes, new threshold 15 (max 15)
 (initial-mark), 0.00153000 secs]
   [Parallel Time:   1.4 ms]
      [GC Worker Start (ms):  938.2  939.1
       Avg: 938.7, Min: 938.2, Max: 939.1, Diff:   0.9]
      [Ext Root Scanning (ms):  1.0  0.4
       Avg:   0.7, Min:   0.4, Max:   1.0, Diff:   0.7]
      [Update RS (ms):  0.0  0.0
       Avg:   0.0, Min:   0.0, Max:   0.0, Diff:   0.0]
         [Processed Buffers : 7 0
          Sum: 7, Avg: 3, Min: 0, Max: 7, Diff: 7]
      [Scan RS (ms):  0.0  0.0
       Avg:   0.0, Min:   0.0, Max:   0.0, Diff:   0.0]
      [Object Copy (ms):  0.3  0.1
       Avg:   0.2, Min:   0.1, Max:   0.3, Diff:   0.2]
      [Termination (ms):  0.0  0.0
       Avg:   0.0, Min:   0.0, Max:   0.0, Diff:   0.0]
         [Termination Attempts : 1 1
          Sum: 2, Avg: 1, Min: 1, Max: 1, Diff: 0]
      [GC Worker End (ms):  939.5  939.5
       Avg: 939.5, Min: 939.5, Max: 939.5, Diff:   0.0]
      [GC Worker (ms):  1.3  0.4
       Avg:   0.9, Min:   0.4, Max:   1.3, Diff:   0.9]
      [GC Worker Other (ms):  0.0  0.9
       Avg:   0.5, Min:   0.0, Max:   0.9, Diff:   0.9]
   [Clear CT:   0.0 ms]
   [Other:   0.2 ms]
      [Choose CSet:   0.0 ms]
      [Ref Proc:   0.0 ms]
      [Ref Enq:   0.0 ms]
      [Free CSet:   0.0 ms]
   [Eden: 1024K(233M)->0B(101M) Survivors: 0B->1024K Heap: 425M(512M)->425M(512M)]
 [Times: user=0.00 sys=0.00, real=0.00 secs] 
Heap after GC invocations=28 (full 17):
 garbage-first heap   total 524288K, used 435920K [0x00000007dae00000, 0x00000007fae00000, 0x00000007fae00000)
  region size 1024K, 1 young (1024K), 1 survivors (1024K)
 compacting perm gen  total 20480K, used 2870K [0x00000007fae00000, 0x00000007fc200000, 0x0000000800000000)
   the space 20480K,  14% used [0x00000007fae00000, 0x00000007fb0cdab8, 0x00000007fb0cdc00, 0x00000007fc200000)
No shared spaces configured.
}
0.940: [GC concurrent-root-region-scan-start]
0.940: [GC concurrent-root-region-scan-end, 0.0005510]
0.940: [GC concurrent-mark-start]
0.943: [GC concurrent-mark-end, 0.0025130 sec]
0.956: [GC remark 0.956: [GC ref-proc, 0.0000170 secs], 0.0036650 secs]
 [Times: user=0.01 sys=0.00, real=0.00 secs] 
0.967: [GC cleanup 470M->343M(512M), 0.0007670 secs]
 [Times: user=0.00 sys=0.00, real=0.00 secs] 
0.968: [GC concurrent-cleanup-start]
0.968: [GC concurrent-cleanup-end, 0.0002900]
{Heap before GC invocations=29 (full 17):
 garbage-first heap   total 524288K, used 427262K [0x00000007dae00000, 0x00000007fae00000, 0x00000007fae00000)
  region size 1024K, 2 young (2048K), 1 survivors (1024K)
 compacting perm gen  total 20480K, used 2870K [0x00000007fae00000, 0x00000007fc200000, 0x0000000800000000)
   the space 20480K,  14% used [0x00000007fae00000, 0x00000007fb0cdab8, 0x00000007fb0cdc00, 0x00000007fc200000)
No shared spaces configured.
1.015: [GC pause (young)
Desired survivor size 6815744 bytes, new threshold 15 (max 15)
- age   1:        536 bytes,        536 total
 (initial-mark), 0.00144800 secs]
   [Parallel Time:   1.3 ms]
      [GC Worker Start (ms):  1014.8  1014.8
       Avg: 1014.8, Min: 1014.8, Max: 1014.8, Diff:   0.0]
      [Ext Root Scanning (ms):  0.8  1.1
       Avg:   0.9, Min:   0.8, Max:   1.1, Diff:   0.3]
      [Update RS (ms):  0.0  0.0
       Avg:   0.0, Min:   0.0, Max:   0.0, Diff:   0.0]
         [Processed Buffers : 3 0
          Sum: 3, Avg: 1, Min: 0, Max: 3, Diff: 3]
      [Scan RS (ms):  0.0  0.0
       Avg:   0.0, Min:   0.0, Max:   0.0, Diff:   0.0]
      [Object Copy (ms):  0.2  0.1
       Avg:   0.2, Min:   0.1, Max:   0.2, Diff:   0.1]
      [Termination (ms):  0.2  0.0
       Avg:   0.1, Min:   0.0, Max:   0.2, Diff:   0.2]
         [Termination Attempts : 1 1
          Sum: 2, Avg: 1, Min: 1, Max: 1, Diff: 0]
      [GC Worker End (ms):  1016.0  1016.0
       Avg: 1016.0, Min: 1016.0, Max: 1016.0, Diff:   0.0]
      [GC Worker (ms):  1.2  1.2
       Avg:   1.2, Min:   1.2, Max:   1.2, Diff:   0.0]
      [GC Worker Other (ms):  0.1  0.1
       Avg:   0.1, Min:   0.1, Max:   0.1, Diff:   0.0]
   [Clear CT:   0.0 ms]
   [Other:   0.1 ms]
      [Choose CSet:   0.0 ms]
      [Ref Proc:   0.0 ms]
      [Ref Enq:   0.0 ms]
      [Free CSet:   0.0 ms]
   [Eden: 1024K(101M)->0B(101M) Survivors: 1024K->1024K Heap: 417M(512M)->417M(512M)]
 [Times: user=0.00 sys=0.00, real=0.01 secs] 
Heap after GC invocations=30 (full 18):
 garbage-first heap   total 524288K, used 427294K [0x00000007dae00000, 0x00000007fae00000, 0x00000007fae00000)
  region size 1024K, 1 young (1024K), 1 survivors (1024K)
 compacting perm gen  total 20480K, used 2870K [0x00000007fae00000, 0x00000007fc200000, 0x0000000800000000)
   the space 20480K,  14% used [0x00000007fae00000, 0x00000007fb0cdab8, 0x00000007fb0cdc00, 0x00000007fc200000)
No shared spaces configured.
}
1.016: [GC concurrent-root-region-scan-start]
1.026: [GC concurrent-root-region-scan-end, 0.0101240]
1.026: [GC concurrent-mark-start]
1.028: [GC concurrent-mark-end, 0.0020590 sec]
1.031: [GC remark 1.032: [GC ref-proc, 0.0000170 secs], 0.0039470 secs]
 [Times: user=0.01 sys=0.00, real=0.00 secs] 
1.036: [GC cleanup 446M->391M(512M), 0.0005080 secs]
 [Times: user=0.00 sys=0.00, real=0.01 secs] 
1.036: [GC concurrent-cleanup-start]
1.037: [GC concurrent-cleanup-end, 0.0001160]
{Heap before GC invocations=31 (full 18):
 garbage-first heap   total 524288K, used 424235K [0x00000007dae00000, 0x00000007fae00000, 0x00000007fae00000)
  region size 1024K, 2 young (2048K), 1 survivors (1024K)
 compacting perm gen  total 20480K, used 2870K [0x00000007fae00000, 0x00000007fc200000, 0x0000000800000000)
   the space 20480K,  14% used [0x00000007fae00000, 0x00000007fb0cdab8, 0x00000007fb0cdc00, 0x00000007fc200000)
No shared spaces configured.
1.051: [GC pause (young)
Desired survivor size 6815744 bytes, new threshold 15 (max 15)
- age   1:        328 bytes,        328 total
- age   2:        352 bytes,        680 total
, 0.00307200 secs]
   [Parallel Time:   3.0 ms]
      [GC Worker Start (ms):  1051.0  1051.0
       Avg: 1051.0, Min: 1051.0, Max: 1051.0, Diff:   0.0]
      [Ext Root Scanning (ms):  2.8  2.6
       Avg:   2.7, Min:   2.6, Max:   2.8, Diff:   0.2]
      [Update RS (ms):  0.0  0.0
       Avg:   0.0, Min:   0.0, Max:   0.0, Diff:   0.0]
         [Processed Buffers : 0 3
          Sum: 3, Avg: 1, Min: 0, Max: 3, Diff: 3]
      [Scan RS (ms):  0.0  0.0
       Avg:   0.0, Min:   0.0, Max:   0.0, Diff:   0.0]
      [Object Copy (ms):  0.1  0.1
       Avg:   0.1, Min:   0.1, Max:   0.1, Diff:   0.0]
      [Termination (ms):  0.0  0.2
       Avg:   0.1, Min:   0.0, Max:   0.2, Diff:   0.2]
         [Termination Attempts : 1 1
          Sum: 2, Avg: 1, Min: 1, Max: 1, Diff: 0]
      [GC Worker End (ms):  1053.9  1053.9
       Avg: 1053.9, Min: 1053.9, Max: 1053.9, Diff:   0.0]
      [GC Worker (ms):  2.9  2.9
       Avg:   2.9, Min:   2.9, Max:   2.9, Diff:   0.0]
      [GC Worker Other (ms):  0.1  0.1
       Avg:   0.1, Min:   0.1, Max:   0.1, Diff:   0.0]
   [Clear CT:   0.0 ms]
   [Other:   0.1 ms]
      [Choose CSet:   0.0 ms]
      [Ref Proc:   0.0 ms]
      [Ref Enq:   0.0 ms]
      [Free CSet:   0.0 ms]
   [Eden: 1024K(101M)->0B(101M) Survivors: 1024K->1024K Heap: 414M(512M)->414M(512M)]
 [Times: user=0.00 sys=0.00, real=0.00 secs] 
Heap after GC invocations=32 (full 18):
 garbage-first heap   total 524288K, used 424235K [0x00000007dae00000, 0x00000007fae00000, 0x00000007fae00000)
  region size 1024K, 1 young (1024K), 1 survivors (1024K)
 compacting perm gen  total 20480K, used 2870K [0x00000007fae00000, 0x00000007fc200000, 0x0000000800000000)
   the space 20480K,  14% used [0x00000007fae00000, 0x00000007fb0cdab8, 0x00000007fb0cdc00, 0x00000007fc200000)
No shared spaces configured.
}
{Heap before GC invocations=32 (full 18):
 garbage-first heap   total 524288K, used 448127K [0x00000007dae00000, 0x00000007fae00000, 0x00000007fae00000)
  region size 1024K, 1 young (1024K), 1 survivors (1024K)
 compacting perm gen  total 20480K, used 2870K [0x00000007fae00000, 0x00000007fc200000, 0x0000000800000000)
   the space 20480K,  14% used [0x00000007fae00000, 0x00000007fb0cdab8, 0x00000007fb0cdc00, 0x00000007fc200000)
No shared spaces configured.
1.070: [GC pause (young)
Desired survivor size 6815744 bytes, new threshold 15 (max 15)
- age   1:        296 bytes,        296 total
- age   2:        296 bytes,        592 total
- age   3:        280 bytes,        872 total
, 0.00107800 secs]
   [Parallel Time:   1.0 ms]
      [GC Worker Start (ms):  1070.1  1070.1
       Avg: 1070.1, Min: 1070.1, Max: 1070.1, Diff:   0.0]
      [Ext Root Scanning (ms):  0.8  0.9
       Avg:   0.8, Min:   0.8, Max:   0.9, Diff:   0.0]
      [Update RS (ms):  0.0  0.0
       Avg:   0.0, Min:   0.0, Max:   0.0, Diff:   0.0]
         [Processed Buffers : 1 1
          Sum: 2, Avg: 1, Min: 1, Max: 1, Diff: 0]
      [Scan RS (ms):  0.0  0.0
       Avg:   0.0, Min:   0.0, Max:   0.0, Diff:   0.0]
      [Object Copy (ms):  0.1  0.0
       Avg:   0.0, Min:   0.0, Max:   0.1, Diff:   0.0]
      [Termination (ms):  0.0  0.0
       Avg:   0.0, Min:   0.0, Max:   0.0, Diff:   0.0]
         [Termination Attempts : 1 1
          Sum: 2, Avg: 1, Min: 1, Max: 1, Diff: 0]
      [GC Worker End (ms):  1071.0  1071.0
       Avg: 1071.0, Min: 1071.0, Max: 1071.0, Diff:   0.0]
      [GC Worker (ms):  0.9  0.9
       Avg:   0.9, Min:   0.9, Max:   0.9, Diff:   0.0]
      [GC Worker Other (ms):  0.1  0.1
       Avg:   0.1, Min:   0.1, Max:   0.1, Diff:   0.0]
   [Clear CT:   0.0 ms]
   [Other:   0.1 ms]
      [Choose CSet:   0.0 ms]
      [Ref Proc:   0.0 ms]
      [Ref Enq:   0.0 ms]
      [Free CSet:   0.0 ms]
   [Eden: 0B(101M)->0B(101M) Survivors: 1024K->1024K Heap: 437M(512M)->437M(512M)]
 [Times: user=0.00 sys=0.00, real=0.00 secs] 
Heap after GC invocations=33 (full 18):
 garbage-first heap   total 524288K, used 448127K [0x00000007dae00000, 0x00000007fae00000, 0x00000007fae00000)
  region size 1024K, 1 young (1024K), 1 survivors (1024K)
 compacting perm gen  total 20480K, used 2870K [0x00000007fae00000, 0x00000007fc200000, 0x0000000800000000)
   the space 20480K,  14% used [0x00000007fae00000, 0x00000007fb0cdab8, 0x00000007fb0cdc00, 0x00000007fc200000)
No shared spaces configured.
}
{Heap before GC invocations=33 (full 18):
 garbage-first heap   total 524288K, used 448127K [0x00000007dae00000, 0x00000007fae00000, 0x00000007fae00000)
  region size 1024K, 1 young (1024K), 1 survivors (1024K)
 compacting perm gen  total 20480K, used 2870K [0x00000007fae00000, 0x00000007fc200000, 0x0000000800000000)
   the space 20480K,  14% used [0x00000007fae00000, 0x00000007fb0cdab8, 0x00000007fb0cdc00, 0x00000007fc200000)
No shared spaces configured.
1.071: [Full GC 437M->351M(512M), 0.0110680 secs]
 [Times: user=0.01 sys=0.00, real=0.01 secs] 
Heap after GC invocations=34 (full 19):
 garbage-first heap   total 524288K, used 360385K [0x00000007dae00000, 0x00000007fae00000, 0x00000007fae00000)
  region size 1024K, 0 young (0K), 0 survivors (0K)
 compacting perm gen  total 20480K, used 2870K [0x00000007fae00000, 0x00000007fc200000, 0x0000000800000000)
   the space 20480K,  14% used [0x00000007fae00000, 0x00000007fb0cdab8, 0x00000007fb0cdc00, 0x00000007fc200000)
No shared spaces configured.
}
{Heap before GC invocations=34 (full 19):
 garbage-first heap   total 524288K, used 431299K [0x00000007dae00000, 0x00000007fae00000, 0x00000007fae00000)
  region size 1024K, 0 young (0K), 0 survivors (0K)
 compacting perm gen  total 20480K, used 2870K [0x00000007fae00000, 0x00000007fc200000, 0x0000000800000000)
   the space 20480K,  14% used [0x00000007fae00000, 0x00000007fb0cdab8, 0x00000007fb0cdc00, 0x00000007fc200000)
No shared spaces configured.
1.119: [GC pause (young)
Desired survivor size 6815744 bytes, new threshold 15 (max 15)
- age   2:        296 bytes,        296 total
- age   3:        296 bytes,        592 total
- age   4:        280 bytes,        872 total
 (initial-mark), 0.00178100 secs]
   [Parallel Time:   1.7 ms]
      [GC Worker Start (ms):  1119.6  1119.6
       Avg: 1119.6, Min: 1119.6, Max: 1119.6, Diff:   0.0]
      [Ext Root Scanning (ms):  1.4  1.4
       Avg:   1.4, Min:   1.4, Max:   1.4, Diff:   0.1]
      [Update RS (ms):  0.0  0.0
       Avg:   0.0, Min:   0.0, Max:   0.0, Diff:   0.0]
         [Processed Buffers : 1 0
          Sum: 1, Avg: 0, Min: 0, Max: 1, Diff: 1]
      [Scan RS (ms):  0.0  0.0
       Avg:   0.0, Min:   0.0, Max:   0.0, Diff:   0.0]
      [Object Copy (ms):  0.2  0.2
       Avg:   0.2, Min:   0.2, Max:   0.2, Diff:   0.0]
      [Termination (ms):  0.0  0.0
       Avg:   0.0, Min:   0.0, Max:   0.0, Diff:   0.0]
         [Termination Attempts : 1 1
          Sum: 2, Avg: 1, Min: 1, Max: 1, Diff: 0]
      [GC Worker End (ms):  1121.2  1121.2
       Avg: 1121.2, Min: 1121.2, Max: 1121.2, Diff:   0.0]
      [GC Worker (ms):  1.6  1.6
       Avg:   1.6, Min:   1.6, Max:   1.6, Diff:   0.0]
      [GC Worker Other (ms):  0.0  0.1
       Avg:   0.1, Min:   0.0, Max:   0.1, Diff:   0.0]
   [Clear CT:   0.0 ms]
   [Other:   0.1 ms]
      [Choose CSet:   0.0 ms]
      [Ref Proc:   0.0 ms]
      [Ref Enq:   0.0 ms]
      [Free CSet:   0.0 ms]
   [Eden: 0B(101M)->0B(102M) Survivors: 0B->0B Heap: 421M(512M)->421M(512M)]
 [Times: user=0.00 sys=0.00, real=0.00 secs] 
Heap after GC invocations=35 (full 20):
 garbage-first heap   total 524288K, used 431299K [0x00000007dae00000, 0x00000007fae00000, 0x00000007fae00000)
  region size 1024K, 0 young (0K), 0 survivors (0K)
 compacting perm gen  total 20480K, used 2870K [0x00000007fae00000, 0x00000007fc200000, 0x0000000800000000)
   the space 20480K,  14% used [0x00000007fae00000, 0x00000007fb0cdab8, 0x00000007fb0cdc00, 0x00000007fc200000)
No shared spaces configured.
}
1.121: [GC concurrent-root-region-scan-start]
1.121: [GC concurrent-root-region-scan-end, 0.0000050]
1.121: [GC concurrent-mark-start]
{Heap before GC invocations=35 (full 20):
 garbage-first heap   total 524288K, used 431299K [0x00000007dae00000, 0x00000007fae00000, 0x00000007fae00000)
  region size 1024K, 0 young (0K), 0 survivors (0K)
 compacting perm gen  total 20480K, used 2870K [0x00000007fae00000, 0x00000007fc200000, 0x0000000800000000)
   the space 20480K,  14% used [0x00000007fae00000, 0x00000007fb0cdab8, 0x00000007fb0cdc00, 0x00000007fc200000)
No shared spaces configured.
1.121: [Full GC 421M->421M(512M), 0.0105160 secs]
 [Times: user=0.01 sys=0.00, real=0.01 secs] 
Heap after GC invocations=36 (full 21):
 garbage-first heap   total 524288K, used 431299K [0x00000007dae00000, 0x00000007fae00000, 0x00000007fae00000)
  region size 1024K, 0 young (0K), 0 survivors (0K)
 compacting perm gen  total 20480K, used 2870K [0x00000007fae00000, 0x00000007fc200000, 0x0000000800000000)
   the space 20480K,  14% used [0x00000007fae00000, 0x00000007fb0cdab8, 0x00000007fb0cdc00, 0x00000007fc200000)
No shared spaces configured.
}
{Heap before GC invocations=36 (full 21):
 garbage-first heap   total 524288K, used 431299K [0x00000007dae00000, 0x00000007fae00000, 0x00000007fae00000)
  region size 1024K, 0 young (0K), 0 survivors (0K)
 compacting perm gen  total 20480K, used 2870K [0x00000007fae00000, 0x00000007fc200000, 0x0000000800000000)
   the space 20480K,  14% used [0x00000007fae00000, 0x00000007fb0cdab8, 0x00000007fb0cdc00, 0x00000007fc200000)
No shared spaces configured.
1.132: [Full GC 421M->421M(512M), 0.0108830 secs]
 [Times: user=0.01 sys=0.00, real=0.01 secs] 
Heap after GC invocations=37 (full 22):
 garbage-first heap   total 524288K, used 431299K [0x00000007dae00000, 0x00000007fae00000, 0x00000007fae00000)
  region size 1024K, 0 young (0K), 0 survivors (0K)
 compacting perm gen  total 20480K, used 2870K [0x00000007fae00000, 0x00000007fc200000, 0x0000000800000000)
   the space 20480K,  14% used [0x00000007fae00000, 0x00000007fb0cdab8, 0x00000007fb0cdc00, 0x00000007fc200000)
No shared spaces configured.
}
{Heap before GC invocations=37 (full 22):
 garbage-first heap   total 524288K, used 431299K [0x00000007dae00000, 0x00000007fae00000, 0x00000007fae00000)
  region size 1024K, 1 young (1024K), 0 survivors (0K)
 compacting perm gen  total 20480K, used 2870K [0x00000007fae00000, 0x00000007fc200000, 0x0000000800000000)
   the space 20480K,  14% used [0x00000007fae00000, 0x00000007fb0cdab8, 0x00000007fb0cdc00, 0x00000007fc200000)
No shared spaces configured.
1.143: [GC pause (young)
Desired survivor size 6815744 bytes, new threshold 15 (max 15)
, 0.00100400 secs]
   [Parallel Time:   0.9 ms]
      [GC Worker Start (ms):  1143.4  1143.4
       Avg: 1143.4, Min: 1143.4, Max: 1143.4, Diff:   0.0]
      [Ext Root Scanning (ms):  0.8  0.8
       Avg:   0.8, Min:   0.8, Max:   0.8, Diff:   0.0]
      [SATB Filtering (ms):  0.0  0.0
       Avg:   0.0, Min:   0.0, Max:   0.0, Diff:   0.0]
      [Update RS (ms):  0.0  0.0
       Avg:   0.0, Min:   0.0, Max:   0.0, Diff:   0.0]
         [Processed Buffers : 2 0
          Sum: 2, Avg: 1, Min: 0, Max: 2, Diff: 2]
      [Scan RS (ms):  0.0  0.0
       Avg:   0.0, Min:   0.0, Max:   0.0, Diff:   0.0]
      [Object Copy (ms):  0.0  0.0
       Avg:   0.0, Min:   0.0, Max:   0.0, Diff:   0.0]
      [Termination (ms):  0.0  0.0
       Avg:   0.0, Min:   0.0, Max:   0.0, Diff:   0.0]
         [Termination Attempts : 1 1
          Sum: 2, Avg: 1, Min: 1, Max: 1, Diff: 0]
      [GC Worker End (ms):  1144.3  1144.3
       Avg: 1144.3, Min: 1144.3, Max: 1144.3, Diff:   0.0]
      [GC Worker (ms):  0.9  0.9
       Avg:   0.9, Min:   0.9, Max:   0.9, Diff:   0.0]
      [GC Worker Other (ms):  0.0  0.1
       Avg:   0.1, Min:   0.0, Max:   0.1, Diff:   0.0]
   [Complete CSet Marking:   0.0 ms]
   [Clear CT:   0.0 ms]
   [Other:   0.1 ms]
      [Choose CSet:   0.0 ms]
      [Ref Proc:   0.0 ms]
      [Ref Enq:   0.0 ms]
      [Free CSet:   0.0 ms]
   [Eden: 1024K(102M)->0B(101M) Survivors: 0B->1024K Heap: 421M(512M)->421M(512M)]
 [Times: user=0.01 sys=0.00, real=0.00 secs] 
Heap after GC invocations=38 (full 22):
 garbage-first heap   total 524288K, used 431331K [0x00000007dae00000, 0x00000007fae00000, 0x00000007fae00000)
  region size 1024K, 1 young (1024K), 1 survivors (1024K)
 compacting perm gen  total 20480K, used 2870K [0x00000007fae00000, 0x00000007fc200000, 0x0000000800000000)
   the space 20480K,  14% used [0x00000007fae00000, 0x00000007fb0cdab8, 0x00000007fb0cdc00, 0x00000007fc200000)
No shared spaces configured.
}
1.144: [GC concurrent-mark-abort]
{Heap before GC invocations=38 (full 22):
 garbage-first heap   total 524288K, used 431331K [0x00000007dae00000, 0x00000007fae00000, 0x00000007fae00000)
  region size 1024K, 1 young (1024K), 1 survivors (1024K)
 compacting perm gen  total 20480K, used 2870K [0x00000007fae00000, 0x00000007fc200000, 0x0000000800000000)
   the space 20480K,  14% used [0x00000007fae00000, 0x00000007fb0cdab8, 0x00000007fb0cdc00, 0x00000007fc200000)
No shared spaces configured.
1.145: [Full GC 421M->165M(512M), 0.0126100 secs]
 [Times: user=0.01 sys=0.00, real=0.02 secs] 
Heap after GC invocations=39 (full 23):
 garbage-first heap   total 524288K, used 169798K [0x00000007dae00000, 0x00000007fae00000, 0x00000007fae00000)
  region size 1024K, 0 young (0K), 0 survivors (0K)
 compacting perm gen  total 20480K, used 2870K [0x00000007fae00000, 0x00000007fc200000, 0x0000000800000000)
   the space 20480K,  14% used [0x00000007fae00000, 0x00000007fb0cda98, 0x00000007fb0cdc00, 0x00000007fc200000)
No shared spaces configured.
}
{Heap before GC invocations=39 (full 23):
 garbage-first heap   total 524288K, used 220411K [0x00000007dae00000, 0x00000007fae00000, 0x00000007fae00000)
  region size 1024K, 1 young (1024K), 0 survivors (0K)
 compacting perm gen  total 20480K, used 2870K [0x00000007fae00000, 0x00000007fc200000, 0x0000000800000000)
   the space 20480K,  14% used [0x00000007fae00000, 0x00000007fb0cda98, 0x00000007fb0cdc00, 0x00000007fc200000)
No shared spaces configured.
1.189: [GC pause (young)
Desired survivor size 18874368 bytes, new threshold 15 (max 15)
- age   1:         56 bytes,         56 total
 (initial-mark), 0.00201100 secs]
   [Parallel Time:   1.8 ms]
      [GC Worker Start (ms):  1188.9  1188.9
       Avg: 1188.9, Min: 1188.9, Max: 1188.9, Diff:   0.0]
      [Ext Root Scanning (ms):  1.5  1.5
       Avg:   1.5, Min:   1.5, Max:   1.5, Diff:   0.0]
      [Update RS (ms):  0.0  0.0
       Avg:   0.0, Min:   0.0, Max:   0.0, Diff:   0.0]
         [Processed Buffers : 6 0
          Sum: 6, Avg: 3, Min: 0, Max: 6, Diff: 6]
      [Scan RS (ms):  0.0  0.0
       Avg:   0.0, Min:   0.0, Max:   0.0, Diff:   0.0]
      [Object Copy (ms):  0.2  0.2
       Avg:   0.2, Min:   0.2, Max:   0.2, Diff:   0.0]
      [Termination (ms):  0.0  0.0
       Avg:   0.0, Min:   0.0, Max:   0.0, Diff:   0.0]
         [Termination Attempts : 1 1
          Sum: 2, Avg: 1, Min: 1, Max: 1, Diff: 0]
      [GC Worker End (ms):  1190.6  1190.6
       Avg: 1190.6, Min: 1190.6, Max: 1190.6, Diff:   0.0]
      [GC Worker (ms):  1.8  1.7
       Avg:   1.7, Min:   1.7, Max:   1.8, Diff:   0.0]
      [GC Worker Other (ms):  0.1  0.1
       Avg:   0.1, Min:   0.1, Max:   0.1, Diff:   0.0]
   [Clear CT:   0.0 ms]
   [Other:   0.2 ms]
      [Choose CSet:   0.0 ms]
      [Ref Proc:   0.0 ms]
      [Ref Enq:   0.0 ms]
      [Free CSet:   0.0 ms]
   [Eden: 1024K(101M)->0B(233M) Survivors: 0B->1024K Heap: 215M(512M)->215M(512M)]
 [Times: user=0.00 sys=0.00, real=0.00 secs] 
Heap after GC invocations=40 (full 24):
 garbage-first heap   total 524288K, used 220475K [0x00000007dae00000, 0x00000007fae00000, 0x00000007fae00000)
  region size 1024K, 1 young (1024K), 1 survivors (1024K)
 compacting perm gen  total 20480K, used 2870K [0x00000007fae00000, 0x00000007fc200000, 0x0000000800000000)
   the space 20480K,  14% used [0x00000007fae00000, 0x00000007fb0cda98, 0x00000007fb0cdc00, 0x00000007fc200000)
No shared spaces configured.
}
1.191: [GC concurrent-root-region-scan-start]
1.191: [GC concurrent-root-region-scan-end, 0.0000530]
1.191: [GC concurrent-mark-start]
1.193: [GC concurrent-mark-end, 0.0018400 sec]
1.202: [GC remark 1.202: [GC ref-proc, 0.0000190 secs], 0.0023440 secs]
 [Times: user=0.01 sys=0.00, real=0.00 secs] 
1.205: [GC cleanup 235M->210M(512M), 0.0005350 secs]
 [Times: user=0.00 sys=0.00, real=0.00 secs] 
1.205: [GC concurrent-cleanup-start]
1.205: [GC concurrent-cleanup-end, 0.0000620]
{Heap before GC invocations=41 (full 24):
 garbage-first heap   total 524288K, used 227681K [0x00000007dae00000, 0x00000007fae00000, 0x00000007fae00000)
  region size 1024K, 2 young (2048K), 1 survivors (1024K)
 compacting perm gen  total 20480K, used 2870K [0x00000007fae00000, 0x00000007fc200000, 0x0000000800000000)
   the space 20480K,  14% used [0x00000007fae00000, 0x00000007fb0cda98, 0x00000007fb0cdc00, 0x00000007fc200000)
No shared spaces configured.
1.216: [GC pause (young)
Desired survivor size 15728640 bytes, new threshold 15 (max 15)
- age   1:        336 bytes,        336 total
 (initial-mark), 0.00120300 secs]
   [Parallel Time:   1.0 ms]
      [GC Worker Start (ms):  1215.9  1215.9
       Avg: 1215.9, Min: 1215.9, Max: 1215.9, Diff:   0.0]
      [Ext Root Scanning (ms):  0.7  0.8
       Avg:   0.8, Min:   0.7, Max:   0.8, Diff:   0.1]
      [Update RS (ms):  0.0  0.0
       Avg:   0.0, Min:   0.0, Max:   0.0, Diff:   0.0]
         [Processed Buffers : 3 1
          Sum: 4, Avg: 2, Min: 1, Max: 3, Diff: 2]
      [Scan RS (ms):  0.0  0.0
       Avg:   0.0, Min:   0.0, Max:   0.0, Diff:   0.0]
      [Object Copy (ms):  0.2  0.1
       Avg:   0.2, Min:   0.1, Max:   0.2, Diff:   0.1]
      [Termination (ms):  0.0  0.0
       Avg:   0.0, Min:   0.0, Max:   0.0, Diff:   0.0]
         [Termination Attempts : 1 1
          Sum: 2, Avg: 1, Min: 1, Max: 1, Diff: 0]
      [GC Worker End (ms):  1216.8  1216.8
       Avg: 1216.8, Min: 1216.8, Max: 1216.8, Diff:   0.0]
      [GC Worker (ms):  1.0  0.9
       Avg:   1.0, Min:   0.9, Max:   1.0, Diff:   0.0]
      [GC Worker Other (ms):  0.1  0.1
       Avg:   0.1, Min:   0.1, Max:   0.1, Diff:   0.0]
   [Clear CT:   0.0 ms]
   [Other:   0.2 ms]
      [Choose CSet:   0.0 ms]
      [Ref Proc:   0.0 ms]
      [Ref Enq:   0.0 ms]
      [Free CSet:   0.0 ms]
   [Eden: 1024K(233M)->0B(226M) Survivors: 1024K->1024K Heap: 222M(512M)->222M(512M)]
 [Times: user=0.00 sys=0.00, real=0.01 secs] 
Heap after GC invocations=42 (full 25):
 garbage-first heap   total 524288K, used 227681K [0x00000007dae00000, 0x00000007fae00000, 0x00000007fae00000)
  region size 1024K, 1 young (1024K), 1 survivors (1024K)
 compacting perm gen  total 20480K, used 2870K [0x00000007fae00000, 0x00000007fc200000, 0x0000000800000000)
   the space 20480K,  14% used [0x00000007fae00000, 0x00000007fb0cda98, 0x00000007fb0cdc00, 0x00000007fc200000)
No shared spaces configured.
}
1.217: [GC concurrent-root-region-scan-start]
1.217: [GC concurrent-root-region-scan-end, 0.0001360]
1.217: [GC concurrent-mark-start]
1.219: [GC concurrent-mark-end, 0.0021250 sec]
1.222: [GC remark 1.223: [GC ref-proc, 0.0000150 secs], 0.0022630 secs]
 [Times: user=0.00 sys=0.00, real=0.00 secs] 
1.244: [GC cleanup 269M->220M(512M), 0.0008740 secs]
 [Times: user=0.00 sys=0.00, real=0.00 secs] 
1.245: [GC concurrent-cleanup-start]
1.245: [GC concurrent-cleanup-end, 0.0001340]
{Heap before GC invocations=43 (full 25):
 garbage-first heap   total 524288K, used 244722K [0x00000007dae00000, 0x00000007fae00000, 0x00000007fae00000)
  region size 1024K, 2 young (2048K), 1 survivors (1024K)
 compacting perm gen  total 20480K, used 2870K [0x00000007fae00000, 0x00000007fc200000, 0x0000000800000000)
   the space 20480K,  14% used [0x00000007fae00000, 0x00000007fb0cda98, 0x00000007fb0cdc00, 0x00000007fc200000)
No shared spaces configured.
1.259: [GC pause (young)
Desired survivor size 15204352 bytes, new threshold 15 (max 15)
- age   1:        128 bytes,        128 total
- age   2:        304 bytes,        432 total
 (initial-mark), 0.00125000 secs]
   [Parallel Time:   1.0 ms]
      [GC Worker Start (ms):  1259.6  1259.6
       Avg: 1259.6, Min: 1259.6, Max: 1259.6, Diff:   0.0]
      [Ext Root Scanning (ms):  0.8  0.8
       Avg:   0.8, Min:   0.8, Max:   0.8, Diff:   0.1]
      [Update RS (ms):  0.0  0.0
       Avg:   0.0, Min:   0.0, Max:   0.0, Diff:   0.0]
         [Processed Buffers : 2 1
          Sum: 3, Avg: 1, Min: 1, Max: 2, Diff: 1]
      [Scan RS (ms):  0.0  0.0
       Avg:   0.0, Min:   0.0, Max:   0.0, Diff:   0.0]
      [Object Copy (ms):  0.2  0.1
       Avg:   0.2, Min:   0.1, Max:   0.2, Diff:   0.1]
      [Termination (ms):  0.0  0.0
       Avg:   0.0, Min:   0.0, Max:   0.0, Diff:   0.0]
         [Termination Attempts : 1 1
          Sum: 2, Avg: 1, Min: 1, Max: 1, Diff: 0]
      [GC Worker End (ms):  1260.6  1260.6
       Avg: 1260.6, Min: 1260.6, Max: 1260.6, Diff:   0.0]
      [GC Worker (ms):  1.0  1.0
       Avg:   1.0, Min:   1.0, Max:   1.0, Diff:   0.0]
      [GC Worker Other (ms):  0.1  0.1
       Avg:   0.1, Min:   0.1, Max:   0.1, Diff:   0.0]
   [Clear CT:   0.0 ms]
   [Other:   0.2 ms]
      [Choose CSet:   0.0 ms]
      [Ref Proc:   0.0 ms]
      [Ref Enq:   0.0 ms]
      [Free CSet:   0.0 ms]
   [Eden: 1024K(226M)->0B(210M) Survivors: 1024K->1024K Heap: 239M(512M)->238M(512M)]
 [Times: user=0.00 sys=0.00, real=0.00 secs] 
Heap after GC invocations=44 (full 26):
 garbage-first heap   total 524288K, used 244722K [0x00000007dae00000, 0x00000007fae00000, 0x00000007fae00000)
  region size 1024K, 1 young (1024K), 1 survivors (1024K)
 compacting perm gen  total 20480K, used 2870K [0x00000007fae00000, 0x00000007fc200000, 0x0000000800000000)
   the space 20480K,  14% used [0x00000007fae00000, 0x00000007fb0cda98, 0x00000007fb0cdc00, 0x00000007fc200000)
No shared spaces configured.
}
1.261: [GC concurrent-root-region-scan-start]
1.261: [GC concurrent-root-region-scan-end, 0.0000850]
1.261: [GC concurrent-mark-start]
1.264: [GC concurrent-mark-end, 0.0035320 sec]
1.294: [GC remark 1.294: [GC ref-proc, 0.0000160 secs], 0.0029050 secs]
 [Times: user=0.00 sys=0.00, real=0.01 secs] 
1.297: [GC cleanup 302M->302M(512M), 0.0005270 secs]
 [Times: user=0.01 sys=0.00, real=0.00 secs] 
{Heap before GC invocations=45 (full 26):
 garbage-first heap   total 524288K, used 334676K [0x00000007dae00000, 0x00000007fae00000, 0x00000007fae00000)
  region size 1024K, 2 young (2048K), 1 survivors (1024K)
 compacting perm gen  total 20480K, used 2870K [0x00000007fae00000, 0x00000007fc200000, 0x0000000800000000)
   the space 20480K,  14% used [0x00000007fae00000, 0x00000007fb0cda98, 0x00000007fb0cdc00, 0x00000007fc200000)
No shared spaces configured.
1.315: [GC pause (young)
Desired survivor size 14155776 bytes, new threshold 15 (max 15)
- age   1:        192 bytes,        192 total
- age   2:        128 bytes,        320 total
- age   3:        256 bytes,        576 total
 (initial-mark), 0.00123200 secs]
   [Parallel Time:   1.1 ms]
      [GC Worker Start (ms):  1315.3  1315.4
       Avg: 1315.3, Min: 1315.3, Max: 1315.4, Diff:   0.0]
      [Ext Root Scanning (ms):  0.8  0.8
       Avg:   0.8, Min:   0.8, Max:   0.8, Diff:   0.0]
      [Update RS (ms):  0.0  0.0
       Avg:   0.0, Min:   0.0, Max:   0.0, Diff:   0.0]
         [Processed Buffers : 4 0
          Sum: 4, Avg: 2, Min: 0, Max: 4, Diff: 4]
      [Scan RS (ms):  0.0  0.0
       Avg:   0.0, Min:   0.0, Max:   0.0, Diff:   0.0]
      [Object Copy (ms):  0.1  0.2
       Avg:   0.1, Min:   0.1, Max:   0.2, Diff:   0.1]
      [Termination (ms):  0.1  0.0
       Avg:   0.0, Min:   0.0, Max:   0.1, Diff:   0.1]
         [Termination Attempts : 1 1
          Sum: 2, Avg: 1, Min: 1, Max: 1, Diff: 0]
      [GC Worker End (ms):  1316.4  1316.3
       Avg: 1316.3, Min: 1316.3, Max: 1316.4, Diff:   0.0]
      [GC Worker (ms):  1.0  1.0
       Avg:   1.0, Min:   1.0, Max:   1.0, Diff:   0.0]
      [GC Worker Other (ms):  0.1  0.1
       Avg:   0.1, Min:   0.1, Max:   0.1, Diff:   0.0]
   [Clear CT:   0.0 ms]
   [Other:   0.2 ms]
      [Choose CSet:   0.0 ms]
      [Ref Proc:   0.0 ms]
      [Ref Enq:   0.0 ms]
      [Free CSet:   0.0 ms]
   [Eden: 1024K(210M)->0B(121M) Survivors: 1024K->1024K Heap: 326M(512M)->326M(512M)]
 [Times: user=0.00 sys=0.00, real=0.01 secs] 
Heap after GC invocations=46 (full 27):
 garbage-first heap   total 524288K, used 334676K [0x00000007dae00000, 0x00000007fae00000, 0x00000007fae00000)
  region size 1024K, 1 young (1024K), 1 survivors (1024K)
 compacting perm gen  total 20480K, used 2870K [0x00000007fae00000, 0x00000007fc200000, 0x0000000800000000)
   the space 20480K,  14% used [0x00000007fae00000, 0x00000007fb0cda98, 0x00000007fb0cdc00, 0x00000007fc200000)
No shared spaces configured.
}
1.317: [GC concurrent-root-region-scan-start]
1.317: [GC concurrent-root-region-scan-end, 0.0005420]
1.317: [GC concurrent-mark-start]
1.320: [GC concurrent-mark-end, 0.0024800 sec]
1.330: [GC remark 1.330: [GC ref-proc, 0.0000170 secs], 0.0028420 secs]
 [Times: user=0.00 sys=0.00, real=0.00 secs] 
1.368: [GC cleanup 419M->338M(512M), 0.0005680 secs]
 [Times: user=0.00 sys=0.00, real=0.00 secs] 
1.369: [GC concurrent-cleanup-start]
1.369: [GC concurrent-cleanup-end, 0.0002040]
{Heap before GC invocations=47 (full 27):
 garbage-first heap   total 524288K, used 385790K [0x00000007dae00000, 0x00000007fae00000, 0x00000007fae00000)
  region size 1024K, 2 young (2048K), 1 survivors (1024K)
 compacting perm gen  total 20480K, used 2870K [0x00000007fae00000, 0x00000007fc200000, 0x0000000800000000)
   the space 20480K,  14% used [0x00000007fae00000, 0x00000007fb0cda98, 0x00000007fb0cdc00, 0x00000007fc200000)
No shared spaces configured.
1.394: [GC pause (young)
Desired survivor size 8388608 bytes, new threshold 15 (max 15)
- age   1:        152 bytes,        152 total
- age   2:         96 bytes,        248 total
- age   3:         16 bytes,        264 total
- age   4:        256 bytes,        520 total
 (initial-mark), 0.00125000 secs]
   [Parallel Time:   1.1 ms]
      [GC Worker Start (ms):  1394.1  1394.1
       Avg: 1394.1, Min: 1394.1, Max: 1394.1, Diff:   0.0]
      [Ext Root Scanning (ms):  0.9  0.9
       Avg:   0.9, Min:   0.9, Max:   0.9, Diff:   0.0]
      [Update RS (ms):  0.0  0.0
       Avg:   0.0, Min:   0.0, Max:   0.0, Diff:   0.0]
         [Processed Buffers : 0 3
          Sum: 3, Avg: 1, Min: 0, Max: 3, Diff: 3]
      [Scan RS (ms):  0.0  0.0
       Avg:   0.0, Min:   0.0, Max:   0.0, Diff:   0.0]
      [Object Copy (ms):  0.2  0.1
       Avg:   0.1, Min:   0.1, Max:   0.2, Diff:   0.1]
      [Termination (ms):  0.0  0.0
       Avg:   0.0, Min:   0.0, Max:   0.0, Diff:   0.0]
         [Termination Attempts : 1 1
          Sum: 2, Avg: 1, Min: 1, Max: 1, Diff: 0]
      [GC Worker End (ms):  1395.1  1395.1
       Avg: 1395.1, Min: 1395.1, Max: 1395.1, Diff:   0.0]
      [GC Worker (ms):  1.0  1.0
       Avg:   1.0, Min:   1.0, Max:   1.0, Diff:   0.0]
      [GC Worker Other (ms):  0.0  0.0
       Avg:   0.0, Min:   0.0, Max:   0.0, Diff:   0.0]
   [Clear CT:   0.0 ms]
   [Other:   0.2 ms]
      [Choose CSet:   0.0 ms]
      [Ref Proc:   0.0 ms]
      [Ref Enq:   0.0 ms]
      [Free CSet:   0.0 ms]
   [Eden: 1024K(121M)->0B(101M) Survivors: 1024K->1024K Heap: 376M(512M)->376M(512M)]
 [Times: user=0.00 sys=0.00, real=0.00 secs] 
Heap after GC invocations=48 (full 28):
 garbage-first heap   total 524288K, used 385790K [0x00000007dae00000, 0x00000007fae00000, 0x00000007fae00000)
  region size 1024K, 1 young (1024K), 1 survivors (1024K)
 compacting perm gen  total 20480K, used 2870K [0x00000007fae00000, 0x00000007fc200000, 0x0000000800000000)
   the space 20480K,  14% used [0x00000007fae00000, 0x00000007fb0cda98, 0x00000007fb0cdc00, 0x00000007fc200000)
No shared spaces configured.
}
1.395: [GC concurrent-root-region-scan-start]
1.395: [GC concurrent-root-region-scan-end, 0.0001190]
1.395: [GC concurrent-mark-start]
1.398: [GC concurrent-mark-end, 0.0028560 sec]
{Heap before GC invocations=48 (full 28):
 garbage-first heap   total 524288K, used 397859K [0x00000007dae00000, 0x00000007fae00000, 0x00000007fae00000)
  region size 1024K, 2 young (2048K), 1 survivors (1024K)
 compacting perm gen  total 20480K, used 2870K [0x00000007fae00000, 0x00000007fc200000, 0x0000000800000000)
   the space 20480K,  14% used [0x00000007fae00000, 0x00000007fb0cda98, 0x00000007fb0cdc00, 0x00000007fc200000)
No shared spaces configured.
1.402: [GC pause (young)
Desired survivor size 6815744 bytes, new threshold 15 (max 15)
- age   1:        368 bytes,        368 total
- age   2:         40 bytes,        408 total
- age   5:        240 bytes,        648 total
, 0.00100500 secs]
   [Parallel Time:   0.9 ms]
      [GC Worker Start (ms):  1401.9  1401.9
       Avg: 1401.9, Min: 1401.9, Max: 1401.9, Diff:   0.0]
      [Ext Root Scanning (ms):  0.8  0.7
       Avg:   0.8, Min:   0.7, Max:   0.8, Diff:   0.1]
      [SATB Filtering (ms):  0.0  0.0
       Avg:   0.0, Min:   0.0, Max:   0.0, Diff:   0.0]
      [Update RS (ms):  0.0  0.0
       Avg:   0.0, Min:   0.0, Max:   0.0, Diff:   0.0]
         [Processed Buffers : 0 3
          Sum: 3, Avg: 1, Min: 0, Max: 3, Diff: 3]
      [Scan RS (ms):  0.0  0.0
       Avg:   0.0, Min:   0.0, Max:   0.0, Diff:   0.0]
      [Object Copy (ms):  0.0  0.0
       Avg:   0.0, Min:   0.0, Max:   0.0, Diff:   0.0]
      [Termination (ms):  0.0  0.0
       Avg:   0.0, Min:   0.0, Max:   0.0, Diff:   0.0]
         [Termination Attempts : 1 1
          Sum: 2, Avg: 1, Min: 1, Max: 1, Diff: 0]
      [GC Worker End (ms):  1402.7  1402.7
       Avg: 1402.7, Min: 1402.7, Max: 1402.7, Diff:   0.0]
      [GC Worker (ms):  0.9  0.8
       Avg:   0.9, Min:   0.8, Max:   0.9, Diff:   0.0]
      [GC Worker Other (ms):  0.1  0.1
       Avg:   0.1, Min:   0.1, Max:   0.1, Diff:   0.0]
   [Complete CSet Marking:   0.0 ms]
   [Clear CT:   0.0 ms]
   [Other:   0.1 ms]
      [Choose CSet:   0.0 ms]
      [Ref Proc:   0.0 ms]
      [Ref Enq:   0.0 ms]
      [Free CSet:   0.0 ms]
   [Eden: 1024K(101M)->0B(101M) Survivors: 1024K->1024K Heap: 388M(512M)->388M(512M)]
 [Times: user=0.00 sys=0.00, real=0.00 secs] 
Heap after GC invocations=49 (full 28):
 garbage-first heap   total 524288K, used 397859K [0x00000007dae00000, 0x00000007fae00000, 0x00000007fae00000)
  region size 1024K, 1 young (1024K), 1 survivors (1024K)
 compacting perm gen  total 20480K, used 2870K [0x00000007fae00000, 0x00000007fc200000, 0x0000000800000000)
   the space 20480K,  14% used [0x00000007fae00000, 0x00000007fb0cda98, 0x00000007fb0cdc00, 0x00000007fc200000)
No shared spaces configured.
}
{Heap before GC invocations=49 (full 28):
 garbage-first heap   total 524288K, used 454321K [0x00000007dae00000, 0x00000007fae00000, 0x00000007fae00000)
  region size 1024K, 2 young (2048K), 1 survivors (1024K)
 compacting perm gen  total 20480K, used 2870K [0x00000007fae00000, 0x00000007fc200000, 0x0000000800000000)
   the space 20480K,  14% used [0x00000007fae00000, 0x00000007fb0cda98, 0x00000007fb0cdc00, 0x00000007fc200000)
No shared spaces configured.
1.432: [GC pause (young)
Desired survivor size 6815744 bytes, new threshold 15 (max 15)
- age   1:         72 bytes,         72 total
- age   2:        352 bytes,        424 total
- age   6:        240 bytes,        664 total
, 0.00098400 secs]
   [Parallel Time:   0.9 ms]
      [GC Worker Start (ms):  1431.9  1431.9
       Avg: 1431.9, Min: 1431.9, Max: 1431.9, Diff:   0.0]
      [Ext Root Scanning (ms):  0.7  0.8
       Avg:   0.8, Min:   0.7, Max:   0.8, Diff:   0.1]
      [SATB Filtering (ms):  0.0  0.0
       Avg:   0.0, Min:   0.0, Max:   0.0, Diff:   0.0]
      [Update RS (ms):  0.0  0.0
       Avg:   0.0, Min:   0.0, Max:   0.0, Diff:   0.0]
         [Processed Buffers : 3 0
          Sum: 3, Avg: 1, Min: 0, Max: 3, Diff: 3]
      [Scan RS (ms):  0.0  0.0
       Avg:   0.0, Min:   0.0, Max:   0.0, Diff:   0.0]
      [Object Copy (ms):  0.1  0.0
       Avg:   0.0, Min:   0.0, Max:   0.1, Diff:   0.0]
      [Termination (ms):  0.0  0.0
       Avg:   0.0, Min:   0.0, Max:   0.0, Diff:   0.0]
         [Termination Attempts : 1 1
          Sum: 2, Avg: 1, Min: 1, Max: 1, Diff: 0]
      [GC Worker End (ms):  1432.7  1432.7
       Avg: 1432.7, Min: 1432.7, Max: 1432.7, Diff:   0.0]
      [GC Worker (ms):  0.8  0.8
       Avg:   0.8, Min:   0.8, Max:   0.8, Diff:   0.0]
      [GC Worker Other (ms):  0.1  0.1
       Avg:   0.1, Min:   0.1, Max:   0.1, Diff:   0.0]
   [Complete CSet Marking:   0.0 ms]
   [Clear CT:   0.0 ms]
   [Other:   0.1 ms]
      [Choose CSet:   0.0 ms]
      [Ref Proc:   0.0 ms]
      [Ref Enq:   0.0 ms]
      [Free CSet:   0.0 ms]
   [Eden: 1024K(101M)->0B(101M) Survivors: 1024K->1024K Heap: 443M(512M)->443M(512M)]
 [Times: user=0.01 sys=0.00, real=0.00 secs] 
Heap after GC invocations=50 (full 28):
 garbage-first heap   total 524288K, used 454321K [0x00000007dae00000, 0x00000007fae00000, 0x00000007fae00000)
  region size 1024K, 1 young (1024K), 1 survivors (1024K)
 compacting perm gen  total 20480K, used 2870K [0x00000007fae00000, 0x00000007fc200000, 0x0000000800000000)
   the space 20480K,  14% used [0x00000007fae00000, 0x00000007fb0cda98, 0x00000007fb0cdc00, 0x00000007fc200000)
No shared spaces configured.
}
1.433: [GC remark 1.433: [GC ref-proc, 0.0000050 secs], 0.0033090 secs]
 [Times: user=0.00 sys=0.00, real=0.01 secs] 
{Heap before GC invocations=50 (full 28):
 garbage-first heap   total 524288K, used 454321K [0x00000007dae00000, 0x00000007fae00000, 0x00000007fae00000)
  region size 1024K, 2 young (2048K), 1 survivors (1024K)
 compacting perm gen  total 20480K, used 2870K [0x00000007fae00000, 0x00000007fc200000, 0x0000000800000000)
   the space 20480K,  14% used [0x00000007fae00000, 0x00000007fb0cda98, 0x00000007fb0cdc00, 0x00000007fc200000)
No shared spaces configured.
1.437: [Full GC 443M->258M(512M), 0.0116460 secs]
 [Times: user=0.01 sys=0.00, real=0.01 secs] 
Heap after GC invocations=51 (full 29):
 garbage-first heap   total 524288K, used 264452K [0x00000007dae00000, 0x00000007fae00000, 0x00000007fae00000)
  region size 1024K, 0 young (0K), 0 survivors (0K)
 compacting perm gen  total 20480K, used 2870K [0x00000007fae00000, 0x00000007fc200000, 0x0000000800000000)
   the space 20480K,  14% used [0x00000007fae00000, 0x00000007fb0cda98, 0x00000007fb0cdc00, 0x00000007fc200000)
No shared spaces configured.
}
1.479: [GC cleanup, 0.0000020 secs]
 [Times: user=0.00 sys=0.00, real=0.00 secs] 
1.479: [GC concurrent-mark-abort]
{Heap before GC invocations=51 (full 29):
 garbage-first heap   total 524288K, used 413573K [0x00000007dae00000, 0x00000007fae00000, 0x00000007fae00000)
  region size 1024K, 1 young (1024K), 0 survivors (0K)
 compacting perm gen  total 20480K, used 2870K [0x00000007fae00000, 0x00000007fc200000, 0x0000000800000000)
   the space 20480K,  14% used [0x00000007fae00000, 0x00000007fb0cda98, 0x00000007fb0cdc00, 0x00000007fc200000)
No shared spaces configured.
1.532: [GC pause (young)
Desired survivor size 12582912 bytes, new threshold 15 (max 15)
- age   1:        112 bytes,        112 total
- age   2:         72 bytes,        184 total
- age   3:        256 bytes,        440 total
- age   7:        240 bytes,        680 total
 (initial-mark), 0.00177400 secs]
   [Parallel Time:   1.6 ms]
      [GC Worker Start (ms):  1532.0  1532.0
       Avg: 1532.0, Min: 1532.0, Max: 1532.0, Diff:   0.0]
      [Ext Root Scanning (ms):  1.3  1.4
       Avg:   1.3, Min:   1.3, Max:   1.4, Diff:   0.1]
      [Update RS (ms):  0.0  0.0
       Avg:   0.0, Min:   0.0, Max:   0.0, Diff:   0.0]
         [Processed Buffers : 4 0
          Sum: 4, Avg: 2, Min: 0, Max: 4, Diff: 4]
      [Scan RS (ms):  0.0  0.0
       Avg:   0.0, Min:   0.0, Max:   0.0, Diff:   0.0]
      [Object Copy (ms):  0.2  0.1
       Avg:   0.2, Min:   0.1, Max:   0.2, Diff:   0.1]
      [Termination (ms):  0.0  0.0
       Avg:   0.0, Min:   0.0, Max:   0.0, Diff:   0.0]
         [Termination Attempts : 1 1
          Sum: 2, Avg: 1, Min: 1, Max: 1, Diff: 0]
      [GC Worker End (ms):  1533.6  1533.6
       Avg: 1533.6, Min: 1533.6, Max: 1533.6, Diff:   0.0]
      [GC Worker (ms):  1.6  1.5
       Avg:   1.5, Min:   1.5, Max:   1.6, Diff:   0.0]
      [GC Worker Other (ms):  0.1  0.1
       Avg:   0.1, Min:   0.1, Max:   0.1, Diff:   0.0]
   [Clear CT:   0.0 ms]
   [Other:   0.1 ms]
      [Choose CSet:   0.0 ms]
      [Ref Proc:   0.0 ms]
      [Ref Enq:   0.0 ms]
      [Free CSet:   0.0 ms]
   [Eden: 1024K(101M)->0B(101M) Survivors: 0B->1024K Heap: 403M(512M)->403M(512M)]
 [Times: user=0.00 sys=0.00, real=0.00 secs] 
Heap after GC invocations=52 (full 30):
 garbage-first heap   total 524288K, used 413637K [0x00000007dae00000, 0x00000007fae00000, 0x00000007fae00000)
  region size 1024K, 1 young (1024K), 1 survivors (1024K)
 compacting perm gen  total 20480K, used 2870K [0x00000007fae00000, 0x00000007fc200000, 0x0000000800000000)
   the space 20480K,  14% used [0x00000007fae00000, 0x00000007fb0cda98, 0x00000007fb0cdc00, 0x00000007fc200000)
No shared spaces configured.
}
1.534: [GC concurrent-root-region-scan-start]
1.534: [GC concurrent-root-region-scan-end, 0.0000520]
1.534: [GC concurrent-mark-start]
1.536: [GC concurrent-mark-end, 0.0021940 sec]
1.543: [GC remark 1.543: [GC ref-proc, 0.0000150 secs], 0.0037300 secs]
 [Times: user=0.01 sys=0.00, real=0.01 secs] 
1.547: [GC cleanup 422M->361M(512M), 0.0003990 secs]
 [Times: user=0.00 sys=0.00, real=0.00 secs] 
1.547: [GC concurrent-cleanup-start]
1.547: [GC concurrent-cleanup-end, 0.0001420]
{Heap before GC invocations=53 (full 30):
 garbage-first heap   total 524288K, used 406286K [0x00000007dae00000, 0x00000007fae00000, 0x00000007fae00000)
  region size 1024K, 2 young (2048K), 1 survivors (1024K)
 compacting perm gen  total 20480K, used 2870K [0x00000007fae00000, 0x00000007fc200000, 0x0000000800000000)
   the space 20480K,  14% used [0x00000007fae00000, 0x00000007fb0cda98, 0x00000007fb0cdc00, 0x00000007fc200000)
No shared spaces configured.
1.571: [GC pause (young)
Desired survivor size 6815744 bytes, new threshold 15 (max 15)
- age   1:        168 bytes,        168 total
 (initial-mark), 0.00118100 secs]
   [Parallel Time:   1.0 ms]
      [GC Worker Start (ms):  1570.7  1570.7
       Avg: 1570.7, Min: 1570.7, Max: 1570.7, Diff:   0.0]
      [Ext Root Scanning (ms):  0.7  0.8
       Avg:   0.8, Min:   0.7, Max:   0.8, Diff:   0.1]
      [Update RS (ms):  0.0  0.0
       Avg:   0.0, Min:   0.0, Max:   0.0, Diff:   0.0]
         [Processed Buffers : 4 1
          Sum: 5, Avg: 2, Min: 1, Max: 4, Diff: 3]
      [Scan RS (ms):  0.0  0.0
       Avg:   0.0, Min:   0.0, Max:   0.0, Diff:   0.0]
      [Object Copy (ms):  0.2  0.1
       Avg:   0.2, Min:   0.1, Max:   0.2, Diff:   0.1]
      [Termination (ms):  0.0  0.0
       Avg:   0.0, Min:   0.0, Max:   0.0, Diff:   0.0]
         [Termination Attempts : 1 1
          Sum: 2, Avg: 1, Min: 1, Max: 1, Diff: 0]
      [GC Worker End (ms):  1571.7  1571.7
       Avg: 1571.7, Min: 1571.7, Max: 1571.7, Diff:   0.0]
      [GC Worker (ms):  1.0  1.0
       Avg:   1.0, Min:   1.0, Max:   1.0, Diff:   0.0]
      [GC Worker Other (ms):  0.1  0.1
       Avg:   0.1, Min:   0.1, Max:   0.1, Diff:   0.0]
   [Clear CT:   0.0 ms]
   [Other:   0.1 ms]
      [Choose CSet:   0.0 ms]
      [Ref Proc:   0.0 ms]
      [Ref Enq:   0.0 ms]
      [Free CSet:   0.0 ms]
   [Eden: 1024K(101M)->0B(101M) Survivors: 1024K->1024K Heap: 396M(512M)->396M(512M)]
 [Times: user=0.00 sys=0.00, real=0.00 secs] 
Heap after GC invocations=54 (full 31):
 garbage-first heap   total 524288K, used 406286K [0x00000007dae00000, 0x00000007fae00000, 0x00000007fae00000)
  region size 1024K, 1 young (1024K), 1 survivors (1024K)
 compacting perm gen  total 20480K, used 2870K [0x00000007fae00000, 0x00000007fc200000, 0x0000000800000000)
   the space 20480K,  14% used [0x00000007fae00000, 0x00000007fb0cda98, 0x00000007fb0cdc00, 0x00000007fc200000)
No shared spaces configured.
}
1.572: [GC concurrent-root-region-scan-start]
1.572: [GC concurrent-root-region-scan-end, 0.0000650]
1.572: [GC concurrent-mark-start]
1.575: [GC concurrent-mark-end, 0.0029160 sec]
1.585: [GC remark 1.585: [GC ref-proc, 0.0000170 secs], 0.0028440 secs]
 [Times: user=0.01 sys=0.00, real=0.01 secs] 
{Heap before GC invocations=54 (full 31):
 garbage-first heap   total 524288K, used 464826K [0x00000007dae00000, 0x00000007fae00000, 0x00000007fae00000)
  region size 1024K, 2 young (2048K), 1 survivors (1024K)
 compacting perm gen  total 20480K, used 2870K [0x00000007fae00000, 0x00000007fc200000, 0x0000000800000000)
   the space 20480K,  14% used [0x00000007fae00000, 0x00000007fb0cda98, 0x00000007fb0cdc00, 0x00000007fc200000)
No shared spaces configured.
1.607: [GC pause (young)
Desired survivor size 6815744 bytes, new threshold 15 (max 15)
- age   1:        240 bytes,        240 total
- age   2:        136 bytes,        376 total
, 0.00097400 secs]
   [Parallel Time:   0.9 ms]
      [GC Worker Start (ms):  1606.8  1606.8
       Avg: 1606.8, Min: 1606.8, Max: 1606.8, Diff:   0.0]
      [Ext Root Scanning (ms):  0.7  0.8
       Avg:   0.7, Min:   0.7, Max:   0.8, Diff:   0.1]
      [SATB Filtering (ms):  0.0  0.0
       Avg:   0.0, Min:   0.0, Max:   0.0, Diff:   0.0]
      [Update RS (ms):  0.0  0.0
       Avg:   0.0, Min:   0.0, Max:   0.0, Diff:   0.0]
         [Processed Buffers : 4 0
          Sum: 4, Avg: 2, Min: 0, Max: 4, Diff: 4]
      [Scan RS (ms):  0.0  0.0
       Avg:   0.0, Min:   0.0, Max:   0.0, Diff:   0.0]
      [Object Copy (ms):  0.0  0.0
       Avg:   0.0, Min:   0.0, Max:   0.0, Diff:   0.0]
      [Termination (ms):  0.0  0.0
       Avg:   0.0, Min:   0.0, Max:   0.0, Diff:   0.0]
         [Termination Attempts : 1 1
          Sum: 2, Avg: 1, Min: 1, Max: 1, Diff: 0]
      [GC Worker End (ms):  1607.7  1607.7
       Avg: 1607.7, Min: 1607.7, Max: 1607.7, Diff:   0.0]
      [GC Worker (ms):  0.8  0.8
       Avg:   0.8, Min:   0.8, Max:   0.8, Diff:   0.0]
      [GC Worker Other (ms):  0.0  0.1
       Avg:   0.1, Min:   0.0, Max:   0.1, Diff:   0.0]
   [Complete CSet Marking:   0.0 ms]
   [Clear CT:   0.0 ms]
   [Other:   0.1 ms]
      [Choose CSet:   0.0 ms]
      [Ref Proc:   0.0 ms]
      [Ref Enq:   0.0 ms]
      [Free CSet:   0.0 ms]
   [Eden: 1024K(101M)->0B(101M) Survivors: 1024K->1024K Heap: 454M(512M)->453M(512M)]
 [Times: user=0.00 sys=0.00, real=0.00 secs] 
Heap after GC invocations=55 (full 31):
 garbage-first heap   total 524288K, used 464826K [0x00000007dae00000, 0x00000007fae00000, 0x00000007fae00000)
  region size 1024K, 1 young (1024K), 1 survivors (1024K)
 compacting perm gen  total 20480K, used 2870K [0x00000007fae00000, 0x00000007fc200000, 0x0000000800000000)
   the space 20480K,  14% used [0x00000007fae00000, 0x00000007fb0cda98, 0x00000007fb0cdc00, 0x00000007fc200000)
No shared spaces configured.
}
{Heap before GC invocations=55 (full 31):
 garbage-first heap   total 524288K, used 476880K [0x00000007dae00000, 0x00000007fae00000, 0x00000007fae00000)
  region size 1024K, 1 young (1024K), 1 survivors (1024K)
 compacting perm gen  total 20480K, used 2870K [0x00000007fae00000, 0x00000007fc200000, 0x0000000800000000)
   the space 20480K,  14% used [0x00000007fae00000, 0x00000007fb0cda98, 0x00000007fb0cdc00, 0x00000007fc200000)
No shared spaces configured.
1.614: [GC pause (young)
Desired survivor size 6815744 bytes, new threshold 15 (max 15)
- age   1:        224 bytes,        224 total
- age   2:        112 bytes,        336 total
- age   3:         80 bytes,        416 total
, 0.00101900 secs]
   [Parallel Time:   0.9 ms]
      [GC Worker Start (ms):  1614.1  1614.1
       Avg: 1614.1, Min: 1614.1, Max: 1614.1, Diff:   0.0]
      [Ext Root Scanning (ms):  0.8  0.8
       Avg:   0.8, Min:   0.8, Max:   0.8, Diff:   0.1]
      [SATB Filtering (ms):  0.0  0.0
       Avg:   0.0, Min:   0.0, Max:   0.0, Diff:   0.0]
      [Update RS (ms):  0.0  0.0
       Avg:   0.0, Min:   0.0, Max:   0.0, Diff:   0.0]
         [Processed Buffers : 0 2
          Sum: 2, Avg: 1, Min: 0, Max: 2, Diff: 2]
      [Scan RS (ms):  0.0  0.0
       Avg:   0.0, Min:   0.0, Max:   0.0, Diff:   0.0]
      [Object Copy (ms):  0.0  0.0
       Avg:   0.0, Min:   0.0, Max:   0.0, Diff:   0.0]
      [Termination (ms):  0.0  0.0
       Avg:   0.0, Min:   0.0, Max:   0.0, Diff:   0.0]
         [Termination Attempts : 1 1
          Sum: 2, Avg: 1, Min: 1, Max: 1, Diff: 0]
      [GC Worker End (ms):  1615.0  1615.0
       Avg: 1615.0, Min: 1615.0, Max: 1615.0, Diff:   0.0]
      [GC Worker (ms):  0.9  0.9
       Avg:   0.9, Min:   0.9, Max:   0.9, Diff:   0.0]
      [GC Worker Other (ms):  0.1  0.1
       Avg:   0.1, Min:   0.1, Max:   0.1, Diff:   0.0]
   [Complete CSet Marking:   0.0 ms]
   [Clear CT:   0.0 ms]
   [Other:   0.1 ms]
      [Choose CSet:   0.0 ms]
      [Ref Proc:   0.0 ms]
      [Ref Enq:   0.0 ms]
      [Free CSet:   0.0 ms]
   [Eden: 0B(101M)->0B(101M) Survivors: 1024K->1024K Heap: 465M(512M)->465M(512M)]
 [Times: user=0.00 sys=0.00, real=0.00 secs] 
Heap after GC invocations=56 (full 31):
 garbage-first heap   total 524288K, used 476880K [0x00000007dae00000, 0x00000007fae00000, 0x00000007fae00000)
  region size 1024K, 1 young (1024K), 1 survivors (1024K)
 compacting perm gen  total 20480K, used 2870K [0x00000007fae00000, 0x00000007fc200000, 0x0000000800000000)
   the space 20480K,  14% used [0x00000007fae00000, 0x00000007fb0cda98, 0x00000007fb0cdc00, 0x00000007fc200000)
No shared spaces configured.
}
{Heap before GC invocations=56 (full 31):
 garbage-first heap   total 524288K, used 476880K [0x00000007dae00000, 0x00000007fae00000, 0x00000007fae00000)
  region size 1024K, 1 young (1024K), 1 survivors (1024K)
 compacting perm gen  total 20480K, used 2870K [0x00000007fae00000, 0x00000007fc200000, 0x0000000800000000)
   the space 20480K,  14% used [0x00000007fae00000, 0x00000007fb0cda98, 0x00000007fb0cdc00, 0x00000007fc200000)
No shared spaces configured.
1.615: [Full GC 465M->204M(512M), 0.0120830 secs]
 [Times: user=0.01 sys=0.00, real=0.02 secs] 
Heap after GC invocations=57 (full 32):
 garbage-first heap   total 524288K, used 209535K [0x00000007dae00000, 0x00000007fae00000, 0x00000007fae00000)
  region size 1024K, 0 young (0K), 0 survivors (0K)
 compacting perm gen  total 20480K, used 2870K [0x00000007fae00000, 0x00000007fc200000, 0x0000000800000000)
   the space 20480K,  14% used [0x00000007fae00000, 0x00000007fb0cda98, 0x00000007fb0cdc00, 0x00000007fc200000)
No shared spaces configured.
}
1.650: [GC cleanup, 0.0000010 secs]
 [Times: user=0.00 sys=0.00, real=0.00 secs] 
1.650: [GC concurrent-mark-abort]
{Heap before GC invocations=57 (full 32):
 garbage-first heap   total 524288K, used 304585K [0x00000007dae00000, 0x00000007fae00000, 0x00000007fae00000)
  region size 1024K, 1 young (1024K), 0 survivors (0K)
 compacting perm gen  total 20480K, used 2870K [0x00000007fae00000, 0x00000007fc200000, 0x0000000800000000)
   the space 20480K,  14% used [0x00000007fae00000, 0x00000007fb0cda98, 0x00000007fb0cdc00, 0x00000007fc200000)
No shared spaces configured.
1.682: [GC pause (young)
Desired survivor size 16252928 bytes, new threshold 15 (max 15)
- age   2:        224 bytes,        224 total
- age   3:        112 bytes,        336 total
- age   4:         80 bytes,        416 total
 (initial-mark), 0.00302800 secs]
   [Parallel Time:   2.9 ms]
      [GC Worker Start (ms):  1682.2  1682.2
       Avg: 1682.2, Min: 1682.2, Max: 1682.2, Diff:   0.0]
      [Ext Root Scanning (ms):  2.7  1.9
       Avg:   2.3, Min:   1.9, Max:   2.7, Diff:   0.8]
      [Update RS (ms):  0.0  0.0
       Avg:   0.0, Min:   0.0, Max:   0.0, Diff:   0.0]
         [Processed Buffers : 0 2
          Sum: 2, Avg: 1, Min: 0, Max: 2, Diff: 2]
      [Scan RS (ms):  0.0  0.0
       Avg:   0.0, Min:   0.0, Max:   0.0, Diff:   0.0]
      [Object Copy (ms):  0.1  0.4
       Avg:   0.2, Min:   0.1, Max:   0.4, Diff:   0.3]
      [Termination (ms):  0.0  0.4
       Avg:   0.2, Min:   0.0, Max:   0.4, Diff:   0.4]
         [Termination Attempts : 1 1
          Sum: 2, Avg: 1, Min: 1, Max: 1, Diff: 0]
      [GC Worker End (ms):  1684.9  1684.9
       Avg: 1684.9, Min: 1684.9, Max: 1684.9, Diff:   0.0]
      [GC Worker (ms):  2.8  2.7
       Avg:   2.8, Min:   2.7, Max:   2.8, Diff:   0.0]
      [GC Worker Other (ms):  0.1  0.1
       Avg:   0.1, Min:   0.1, Max:   0.1, Diff:   0.0]
   [Clear CT:   0.0 ms]
   [Other:   0.2 ms]
      [Choose CSet:   0.0 ms]
      [Ref Proc:   0.0 ms]
      [Ref Enq:   0.0 ms]
      [Free CSet:   0.0 ms]
   [Eden: 1024K(101M)->0B(151M) Survivors: 0B->1024K Heap: 297M(512M)->297M(512M)]
 [Times: user=0.00 sys=0.00, real=0.00 secs] 
Heap after GC invocations=58 (full 33):
 garbage-first heap   total 524288K, used 304649K [0x00000007dae00000, 0x00000007fae00000, 0x00000007fae00000)
  region size 1024K, 1 young (1024K), 1 survivors (1024K)
 compacting perm gen  total 20480K, used 2870K [0x00000007fae00000, 0x00000007fc200000, 0x0000000800000000)
   the space 20480K,  14% used [0x00000007fae00000, 0x00000007fb0cda98, 0x00000007fb0cdc00, 0x00000007fc200000)
No shared spaces configured.
}
1.685: [GC concurrent-root-region-scan-start]
1.695: [GC concurrent-root-region-scan-end, 0.0102890]
1.696: [GC concurrent-mark-start]
1.698: [GC concurrent-mark-end, 0.0023860 sec]
1.725: [GC remark 1.725: [GC ref-proc, 0.0000160 secs], 0.0032290 secs]
 [Times: user=0.01 sys=0.00, real=0.01 secs] 
1.750: [GC cleanup 417M->351M(512M), 0.0005910 secs]
 [Times: user=0.00 sys=0.00, real=0.00 secs] 
1.750: [GC concurrent-cleanup-start]
1.751: [GC concurrent-cleanup-end, 0.0003560]
{Heap before GC invocations=59 (full 33):
 garbage-first heap   total 524288K, used 409524K [0x00000007dae00000, 0x00000007fae00000, 0x00000007fae00000)
  region size 1024K, 2 young (2048K), 1 survivors (1024K)
 compacting perm gen  total 20480K, used 2870K [0x00000007fae00000, 0x00000007fc200000, 0x0000000800000000)
   the space 20480K,  14% used [0x00000007fae00000, 0x00000007fb0cda98, 0x00000007fb0cdc00, 0x00000007fc200000)
No shared spaces configured.
1.783: [GC pause (young)
Desired survivor size 9961472 bytes, new threshold 15 (max 15)
- age   1:        256 bytes,        256 total
 (initial-mark), 0.00224200 secs]
   [Parallel Time:   2.0 ms]
      [GC Worker Start (ms):  1783.2  1785.1
       Avg: 1784.1, Min: 1783.2, Max: 1785.1, Diff:   1.9]
      [Ext Root Scanning (ms):  1.4  0.0
       Avg:   0.7, Min:   0.0, Max:   1.4, Diff:   1.4]
      [Update RS (ms):  0.0  0.0
       Avg:   0.0, Min:   0.0, Max:   0.0, Diff:   0.0]
         [Processed Buffers : 4 0
          Sum: 4, Avg: 2, Min: 0, Max: 4, Diff: 4]
      [Scan RS (ms):  0.0  0.0
       Avg:   0.0, Min:   0.0, Max:   0.0, Diff:   0.0]
      [Object Copy (ms):  0.4  0.0
       Avg:   0.2, Min:   0.0, Max:   0.4, Diff:   0.4]
      [Termination (ms):  0.1  0.0
       Avg:   0.1, Min:   0.0, Max:   0.1, Diff:   0.1]
         [Termination Attempts : 1 1
          Sum: 2, Avg: 1, Min: 1, Max: 1, Diff: 0]
      [GC Worker End (ms):  1785.1  1785.1
       Avg: 1785.1, Min: 1785.1, Max: 1785.1, Diff:   0.0]
      [GC Worker (ms):  1.9  0.0
       Avg:   1.0, Min:   0.0, Max:   1.9, Diff:   1.9]
      [GC Worker Other (ms):  0.0  2.0
       Avg:   1.0, Min:   0.0, Max:   2.0, Diff:   1.9]
   [Clear CT:   0.0 ms]
   [Other:   0.2 ms]
      [Choose CSet:   0.0 ms]
      [Ref Proc:   0.1 ms]
      [Ref Enq:   0.0 ms]
      [Free CSet:   0.0 ms]
   [Eden: 1024K(151M)->0B(101M) Survivors: 1024K->1024K Heap: 400M(512M)->399M(512M)]
 [Times: user=0.00 sys=0.00, real=0.00 secs] 
Heap after GC invocations=60 (full 34):
 garbage-first heap   total 524288K, used 409492K [0x00000007dae00000, 0x00000007fae00000, 0x00000007fae00000)
  region size 1024K, 1 young (1024K), 1 survivors (1024K)
 compacting perm gen  total 20480K, used 2870K [0x00000007fae00000, 0x00000007fc200000, 0x0000000800000000)
   the space 20480K,  14% used [0x00000007fae00000, 0x00000007fb0cda98, 0x00000007fb0cdc00, 0x00000007fc200000)
No shared spaces configured.
}
1.785: [GC concurrent-root-region-scan-start]
1.786: [GC concurrent-root-region-scan-end, 0.0003790]
1.786: [GC concurrent-mark-start]
{Heap before GC invocations=60 (full 34):
 garbage-first heap   total 524288K, used 434386K [0x00000007dae00000, 0x00000007fae00000, 0x00000007fae00000)
  region size 1024K, 1 young (1024K), 1 survivors (1024K)
 compacting perm gen  total 20480K, used 2870K [0x00000007fae00000, 0x00000007fc200000, 0x0000000800000000)
   the space 20480K,  14% used [0x00000007fae00000, 0x00000007fb0cda98, 0x00000007fb0cdc00, 0x00000007fc200000)
No shared spaces configured.
1.798: [GC pause (young)
Desired survivor size 6815744 bytes, new threshold 15 (max 15)
- age   1:        392 bytes,        392 total
- age   2:        200 bytes,        592 total
, 0.00108900 secs]
   [Parallel Time:   1.0 ms]
      [GC Worker Start (ms):  1798.1  1798.1
       Avg: 1798.1, Min: 1798.1, Max: 1798.1, Diff:   0.0]
      [Ext Root Scanning (ms):  0.8  0.9
       Avg:   0.8, Min:   0.8, Max:   0.9, Diff:   0.1]
      [SATB Filtering (ms):  0.0  0.0
       Avg:   0.0, Min:   0.0, Max:   0.0, Diff:   0.0]
      [Update RS (ms):  0.0  0.0
       Avg:   0.0, Min:   0.0, Max:   0.0, Diff:   0.0]
         [Processed Buffers : 4 0
          Sum: 4, Avg: 2, Min: 0, Max: 4, Diff: 4]
      [Scan RS (ms):  0.0  0.0
       Avg:   0.0, Min:   0.0, Max:   0.0, Diff:   0.0]
      [Object Copy (ms):  0.1  0.0
       Avg:   0.0, Min:   0.0, Max:   0.1, Diff:   0.0]
      [Termination (ms):  0.1  0.0
       Avg:   0.0, Min:   0.0, Max:   0.1, Diff:   0.1]
         [Termination Attempts : 1 1
          Sum: 2, Avg: 1, Min: 1, Max: 1, Diff: 0]
      [GC Worker End (ms):  1799.1  1799.0
       Avg: 1799.0, Min: 1799.0, Max: 1799.1, Diff:   0.0]
      [GC Worker (ms):  0.9  0.9
       Avg:   0.9, Min:   0.9, Max:   0.9, Diff:   0.0]
      [GC Worker Other (ms):  0.1  0.1
       Avg:   0.1, Min:   0.1, Max:   0.1, Diff:   0.0]
   [Complete CSet Marking:   0.0 ms]
   [Clear CT:   0.0 ms]
   [Other:   0.1 ms]
      [Choose CSet:   0.0 ms]
      [Ref Proc:   0.0 ms]
      [Ref Enq:   0.0 ms]
      [Free CSet:   0.0 ms]
   [Eden: 0B(101M)->0B(101M) Survivors: 1024K->1024K Heap: 424M(512M)->424M(512M)]
 [Times: user=0.00 sys=0.00, real=0.00 secs] 
Heap after GC invocations=61 (full 34):
 garbage-first heap   total 524288K, used 434418K [0x00000007dae00000, 0x00000007fae00000, 0x00000007fae00000)
  region size 1024K, 1 young (1024K), 1 survivors (1024K)
 compacting perm gen  total 20480K, used 2870K [0x00000007fae00000, 0x00000007fc200000, 0x0000000800000000)
   the space 20480K,  14% used [0x00000007fae00000, 0x00000007fb0cda98, 0x00000007fb0cdc00, 0x00000007fc200000)
No shared spaces configured.
}
{Heap before GC invocations=61 (full 34):
 garbage-first heap   total 524288K, used 434418K [0x00000007dae00000, 0x00000007fae00000, 0x00000007fae00000)
  region size 1024K, 1 young (1024K), 1 survivors (1024K)
 compacting perm gen  total 20480K, used 2870K [0x00000007fae00000, 0x00000007fc200000, 0x0000000800000000)
   the space 20480K,  14% used [0x00000007fae00000, 0x00000007fb0cda98, 0x00000007fb0cdc00, 0x00000007fc200000)
No shared spaces configured.
1.800: [Full GC 424M->250M(512M), 0.0121380 secs]
 [Times: user=0.01 sys=0.00, real=0.01 secs] 
Heap after GC invocations=62 (full 35):
 garbage-first heap   total 524288K, used 256832K [0x00000007dae00000, 0x00000007fae00000, 0x00000007fae00000)
  region size 1024K, 0 young (0K), 0 survivors (0K)
 compacting perm gen  total 20480K, used 2870K [0x00000007fae00000, 0x00000007fc200000, 0x0000000800000000)
   the space 20480K,  14% used [0x00000007fae00000, 0x00000007fb0cda98, 0x00000007fb0cdc00, 0x00000007fc200000)
No shared spaces configured.
}
1.812: [GC concurrent-mark-abort]
{Heap before GC invocations=62 (full 35):
 garbage-first heap   total 524288K, used 282017K [0x00000007dae00000, 0x00000007fae00000, 0x00000007fae00000)
  region size 1024K, 0 young (0K), 0 survivors (0K)
 compacting perm gen  total 20480K, used 2870K [0x00000007fae00000, 0x00000007fc200000, 0x0000000800000000)
   the space 20480K,  14% used [0x00000007fae00000, 0x00000007fb0cda98, 0x00000007fb0cdc00, 0x00000007fc200000)
No shared spaces configured.
1.829: [GC pause (young)
Desired survivor size 13631488 bytes, new threshold 15 (max 15)
- age   2:        272 bytes,        272 total
- age   3:        200 bytes,        472 total
 (initial-mark), 0.00198300 secs]
   [Parallel Time:   1.8 ms]
      [GC Worker Start (ms):  1829.5  1829.5
       Avg: 1829.5, Min: 1829.5, Max: 1829.5, Diff:   0.0]
      [Ext Root Scanning (ms):  1.5  1.6
       Avg:   1.5, Min:   1.5, Max:   1.6, Diff:   0.1]
      [Update RS (ms):  0.0  0.0
       Avg:   0.0, Min:   0.0, Max:   0.0, Diff:   0.0]
         [Processed Buffers : 1 0
          Sum: 1, Avg: 0, Min: 0, Max: 1, Diff: 1]
      [Scan RS (ms):  0.0  0.0
       Avg:   0.0, Min:   0.0, Max:   0.0, Diff:   0.0]
      [Object Copy (ms):  0.3  0.1
       Avg:   0.2, Min:   0.1, Max:   0.3, Diff:   0.1]
      [Termination (ms):  0.0  0.0
       Avg:   0.0, Min:   0.0, Max:   0.0, Diff:   0.0]
         [Termination Attempts : 1 1
          Sum: 2, Avg: 1, Min: 1, Max: 1, Diff: 0]
      [GC Worker End (ms):  1831.2  1831.2
       Avg: 1831.2, Min: 1831.2, Max: 1831.2, Diff:   0.0]
      [GC Worker (ms):  1.8  1.7
       Avg:   1.7, Min:   1.7, Max:   1.8, Diff:   0.0]
      [GC Worker Other (ms):  0.1  0.1
       Avg:   0.1, Min:   0.1, Max:   0.1, Diff:   0.0]
   [Clear CT:   0.0 ms]
   [Other:   0.2 ms]
      [Choose CSet:   0.0 ms]
      [Ref Proc:   0.0 ms]
      [Ref Enq:   0.0 ms]
      [Free CSet:   0.0 ms]
   [Eden: 0B(101M)->0B(176M) Survivors: 0B->0B Heap: 275M(512M)->275M(512M)]
 [Times: user=0.00 sys=0.00, real=0.00 secs] 
Heap after GC invocations=63 (full 36):
 garbage-first heap   total 524288K, used 282017K [0x00000007dae00000, 0x00000007fae00000, 0x00000007fae00000)
  region size 1024K, 0 young (0K), 0 survivors (0K)
 compacting perm gen  total 20480K, used 2870K [0x00000007fae00000, 0x00000007fc200000, 0x0000000800000000)
   the space 20480K,  14% used [0x00000007fae00000, 0x00000007fb0cda98, 0x00000007fb0cdc00, 0x00000007fc200000)
No shared spaces configured.
}
1.831: [GC concurrent-root-region-scan-start]
1.831: [GC concurrent-root-region-scan-end, 0.0000050]
1.831: [GC concurrent-mark-start]
1.833: [GC concurrent-mark-end, 0.0011710 sec]
1.844: [GC remark 1.844: [GC ref-proc, 0.0000370 secs], 0.0033470 secs]
 [Times: user=0.01 sys=0.00, real=0.01 secs] 
1.857: [GC cleanup 318M->318M(512M), 0.0006220 secs]
 [Times: user=0.00 sys=0.00, real=0.00 secs] 
{Heap before GC invocations=64 (full 36):
 garbage-first heap   total 524288K, used 406163K [0x00000007dae00000, 0x00000007fae00000, 0x00000007fae00000)
  region size 1024K, 1 young (1024K), 0 survivors (0K)
 compacting perm gen  total 20480K, used 2870K [0x00000007fae00000, 0x00000007fc200000, 0x0000000800000000)
   the space 20480K,  14% used [0x00000007fae00000, 0x00000007fb0cda98, 0x00000007fb0cdc00, 0x00000007fc200000)
No shared spaces configured.
1.903: [GC pause (young)
Desired survivor size 11534336 bytes, new threshold 15 (max 15)
 (initial-mark), 0.00124600 secs]
   [Parallel Time:   1.1 ms]
      [GC Worker Start (ms):  1903.2  1903.2
       Avg: 1903.2, Min: 1903.2, Max: 1903.2, Diff:   0.0]
      [Ext Root Scanning (ms):  0.9  0.8
       Avg:   0.8, Min:   0.8, Max:   0.9, Diff:   0.1]
      [Update RS (ms):  0.0  0.0
       Avg:   0.0, Min:   0.0, Max:   0.0, Diff:   0.0]
         [Processed Buffers : 0 6
          Sum: 6, Avg: 3, Min: 0, Max: 6, Diff: 6]
      [Scan RS (ms):  0.0  0.0
       Avg:   0.0, Min:   0.0, Max:   0.0, Diff:   0.0]
      [Object Copy (ms):  0.2  0.1
       Avg:   0.2, Min:   0.1, Max:   0.2, Diff:   0.0]
      [Termination (ms):  0.0  0.1
       Avg:   0.0, Min:   0.0, Max:   0.1, Diff:   0.1]
         [Termination Attempts : 1 1
          Sum: 2, Avg: 1, Min: 1, Max: 1, Diff: 0]
      [GC Worker End (ms):  1904.2  1904.2
       Avg: 1904.2, Min: 1904.2, Max: 1904.2, Diff:   0.0]
      [GC Worker (ms):  1.0  1.0
       Avg:   1.0, Min:   1.0, Max:   1.0, Diff:   0.0]
      [GC Worker Other (ms):  0.1  0.1
       Avg:   0.1, Min:   0.1, Max:   0.1, Diff:   0.0]
   [Clear CT:   0.0 ms]
   [Other:   0.1 ms]
      [Choose CSet:   0.0 ms]
      [Ref Proc:   0.0 ms]
      [Ref Enq:   0.0 ms]
      [Free CSet:   0.0 ms]
   [Eden: 1024K(176M)->0B(101M) Survivors: 0B->1024K Heap: 396M(512M)->396M(512M)]
 [Times: user=0.01 sys=0.00, real=0.00 secs] 
Heap after GC invocations=65 (full 37):
 garbage-first heap   total 524288K, used 406227K [0x00000007dae00000, 0x00000007fae00000, 0x00000007fae00000)
  region size 1024K, 1 young (1024K), 1 survivors (1024K)
 compacting perm gen  total 20480K, used 2870K [0x00000007fae00000, 0x00000007fc200000, 0x0000000800000000)
   the space 20480K,  14% used [0x00000007fae00000, 0x00000007fb0cda98, 0x00000007fb0cdc00, 0x00000007fc200000)
No shared spaces configured.
}
1.904: [GC concurrent-root-region-scan-start]
1.905: [GC concurrent-root-region-scan-end, 0.0000840]
1.905: [GC concurrent-mark-start]
1.907: [GC concurrent-mark-end, 0.0028580 sec]
{Heap before GC invocations=65 (full 37):
 garbage-first heap   total 524288K, used 424467K [0x00000007dae00000, 0x00000007fae00000, 0x00000007fae00000)
  region size 1024K, 2 young (2048K), 1 survivors (1024K)
 compacting perm gen  total 20480K, used 2870K [0x00000007fae00000, 0x00000007fc200000, 0x0000000800000000)
   the space 20480K,  14% used [0x00000007fae00000, 0x00000007fb0cda98, 0x00000007fb0cdc00, 0x00000007fc200000)
No shared spaces configured.
1.914: [GC pause (young)
Desired survivor size 6815744 bytes, new threshold 15 (max 15)
- age   1:        360 bytes,        360 total
, 0.00116200 secs]
   [Parallel Time:   1.1 ms]
      [GC Worker Start (ms):  1914.4  1914.5
       Avg: 1914.4, Min: 1914.4, Max: 1914.5, Diff:   0.0]
      [Ext Root Scanning (ms):  1.0  0.8
       Avg:   0.9, Min:   0.8, Max:   1.0, Diff:   0.1]
      [SATB Filtering (ms):  0.0  0.0
       Avg:   0.0, Min:   0.0, Max:   0.0, Diff:   0.0]
      [Update RS (ms):  0.0  0.0
       Avg:   0.0, Min:   0.0, Max:   0.0, Diff:   0.0]
         [Processed Buffers : 0 3
          Sum: 3, Avg: 1, Min: 0, Max: 3, Diff: 3]
      [Scan RS (ms):  0.0  0.0
       Avg:   0.0, Min:   0.0, Max:   0.0, Diff:   0.0]
      [Object Copy (ms):  0.0  0.1
       Avg:   0.0, Min:   0.0, Max:   0.1, Diff:   0.0]
      [Termination (ms):  0.0  0.1
       Avg:   0.0, Min:   0.0, Max:   0.1, Diff:   0.1]
         [Termination Attempts : 1 1
          Sum: 2, Avg: 1, Min: 1, Max: 1, Diff: 0]
      [GC Worker End (ms):  1915.5  1915.5
       Avg: 1915.5, Min: 1915.5, Max: 1915.5, Diff:   0.0]
      [GC Worker (ms):  1.0  1.0
       Avg:   1.0, Min:   1.0, Max:   1.0, Diff:   0.0]
      [GC Worker Other (ms):  0.1  0.1
       Avg:   0.1, Min:   0.1, Max:   0.1, Diff:   0.0]
   [Complete CSet Marking:   0.0 ms]
   [Clear CT:   0.0 ms]
   [Other:   0.1 ms]
      [Choose CSet:   0.0 ms]
      [Ref Proc:   0.0 ms]
      [Ref Enq:   0.0 ms]
      [Free CSet:   0.0 ms]
   [Eden: 1024K(101M)->0B(101M) Survivors: 1024K->1024K Heap: 414M(512M)->414M(512M)]
 [Times: user=0.00 sys=0.00, real=0.00 secs] 
Heap after GC invocations=66 (full 37):
 garbage-first heap   total 524288K, used 424435K [0x00000007dae00000, 0x00000007fae00000, 0x00000007fae00000)
  region size 1024K, 1 young (1024K), 1 survivors (1024K)
 compacting perm gen  total 20480K, used 2870K [0x00000007fae00000, 0x00000007fc200000, 0x0000000800000000)
   the space 20480K,  14% used [0x00000007fae00000, 0x00000007fb0cda98, 0x00000007fb0cdc00, 0x00000007fc200000)
No shared spaces configured.
}
{Heap before GC invocations=66 (full 37):
 garbage-first heap   total 524288K, used 424435K [0x00000007dae00000, 0x00000007fae00000, 0x00000007fae00000)
  region size 1024K, 1 young (1024K), 1 survivors (1024K)
 compacting perm gen  total 20480K, used 2870K [0x00000007fae00000, 0x00000007fc200000, 0x0000000800000000)
   the space 20480K,  14% used [0x00000007fae00000, 0x00000007fb0cda98, 0x00000007fb0cdc00, 0x00000007fc200000)
No shared spaces configured.
1.916: [Full GC 414M->269M(512M), 0.0115640 secs]
 [Times: user=0.01 sys=0.00, real=0.01 secs] 
Heap after GC invocations=67 (full 38):
 garbage-first heap   total 524288K, used 275946K [0x00000007dae00000, 0x00000007fae00000, 0x00000007fae00000)
  region size 1024K, 0 young (0K), 0 survivors (0K)
 compacting perm gen  total 20480K, used 2870K [0x00000007fae00000, 0x00000007fc200000, 0x0000000800000000)
   the space 20480K,  14% used [0x00000007fae00000, 0x00000007fb0cda98, 0x00000007fb0cdc00, 0x00000007fc200000)
No shared spaces configured.
}
1.977: [GC remark, 0.0000030 secs]
 [Times: user=0.00 sys=0.00, real=0.00 secs] 
1.977: [GC concurrent-mark-abort]
{Heap before GC invocations=67 (full 38):
 garbage-first heap   total 524288K, used 425275K [0x00000007dae00000, 0x00000007fae00000, 0x00000007fae00000)
  region size 1024K, 1 young (1024K), 0 survivors (0K)
 compacting perm gen  total 20480K, used 2870K [0x00000007fae00000, 0x00000007fc200000, 0x0000000800000000)
   the space 20480K,  14% used [0x00000007fae00000, 0x00000007fb0cda98, 0x00000007fb0cdc00, 0x00000007fc200000)
No shared spaces configured.
2.009: [GC pause (young)
Desired survivor size 12058624 bytes, new threshold 15 (max 15)
- age   1:        176 bytes,        176 total
- age   2:        296 bytes,        472 total
 (initial-mark), 0.00378700 secs]
   [Parallel Time:   3.6 ms]
      [GC Worker Start (ms):  2009.4  2009.4
       Avg: 2009.4, Min: 2009.4, Max: 2009.4, Diff:   0.0]
      [Ext Root Scanning (ms):  3.5  2.1
       Avg:   2.8, Min:   2.1, Max:   3.5, Diff:   1.4]
      [Update RS (ms):  0.0  0.0
       Avg:   0.0, Min:   0.0, Max:   0.0, Diff:   0.0]
         [Processed Buffers : 0 3
          Sum: 3, Avg: 1, Min: 0, Max: 3, Diff: 3]
      [Scan RS (ms):  0.0  0.0
       Avg:   0.0, Min:   0.0, Max:   0.0, Diff:   0.0]
      [Object Copy (ms):  0.1  0.3
       Avg:   0.2, Min:   0.1, Max:   0.3, Diff:   0.2]
      [Termination (ms):  0.0  1.2
       Avg:   0.6, Min:   0.0, Max:   1.2, Diff:   1.2]
         [Termination Attempts : 1 1
          Sum: 2, Avg: 1, Min: 1, Max: 1, Diff: 0]
      [GC Worker End (ms):  2012.9  2013.0
       Avg: 2012.9, Min: 2012.9, Max: 2013.0, Diff:   0.0]
      [GC Worker (ms):  3.6  3.6
       Avg:   3.6, Min:   3.6, Max:   3.6, Diff:   0.0]
      [GC Worker Other (ms):  0.1  0.1
       Avg:   0.1, Min:   0.1, Max:   0.1, Diff:   0.0]
   [Clear CT:   0.0 ms]
   [Other:   0.1 ms]
      [Choose CSet:   0.0 ms]
      [Ref Proc:   0.0 ms]
      [Ref Enq:   0.0 ms]
      [Free CSet:   0.0 ms]
   [Eden: 1024K(101M)->0B(101M) Survivors: 0B->1024K Heap: 415M(512M)->415M(512M)]
 [Times: user=0.01 sys=0.00, real=0.00 secs] 
Heap after GC invocations=68 (full 39):
 garbage-first heap   total 524288K, used 425339K [0x00000007dae00000, 0x00000007fae00000, 0x00000007fae00000)
  region size 1024K, 1 young (1024K), 1 survivors (1024K)
 compacting perm gen  total 20480K, used 2870K [0x00000007fae00000, 0x00000007fc200000, 0x0000000800000000)
   the space 20480K,  14% used [0x00000007fae00000, 0x00000007fb0cda98, 0x00000007fb0cdc00, 0x00000007fc200000)
No shared spaces configured.
}
2.013: [GC concurrent-root-region-scan-start]
2.013: [GC concurrent-root-region-scan-end, 0.0002530]
2.013: [GC concurrent-mark-start]
{Heap before GC invocations=68 (full 39):
 garbage-first heap   total 524288K, used 445997K [0x00000007dae00000, 0x00000007fae00000, 0x00000007fae00000)
  region size 1024K, 2 young (2048K), 1 survivors (1024K)
 compacting perm gen  total 20480K, used 2870K [0x00000007fae00000, 0x00000007fc200000, 0x0000000800000000)
   the space 20480K,  14% used [0x00000007fae00000, 0x00000007fb0cda98, 0x00000007fb0cdc00, 0x00000007fc200000)
No shared spaces configured.
2.023: [GC pause (young)
Desired survivor size 6815744 bytes, new threshold 15 (max 15)
- age   1:        304 bytes,        304 total
, 0.00128300 secs]
   [Parallel Time:   1.2 ms]
      [GC Worker Start (ms):  2023.4  2023.4
       Avg: 2023.4, Min: 2023.4, Max: 2023.4, Diff:   0.0]
      [Ext Root Scanning (ms):  0.9  1.1
       Avg:   1.0, Min:   0.9, Max:   1.1, Diff:   0.1]
      [SATB Filtering (ms):  0.0  0.0
       Avg:   0.0, Min:   0.0, Max:   0.0, Diff:   0.0]
      [Update RS (ms):  0.0  0.0
       Avg:   0.0, Min:   0.0, Max:   0.0, Diff:   0.0]
         [Processed Buffers : 3 0
          Sum: 3, Avg: 1, Min: 0, Max: 3, Diff: 3]
      [Scan RS (ms):  0.0  0.0
       Avg:   0.0, Min:   0.0, Max:   0.0, Diff:   0.0]
      [Object Copy (ms):  0.1  0.0
       Avg:   0.0, Min:   0.0, Max:   0.1, Diff:   0.0]
      [Termination (ms):  0.1  0.0
       Avg:   0.0, Min:   0.0, Max:   0.1, Diff:   0.1]
         [Termination Attempts : 1 1
          Sum: 2, Avg: 1, Min: 1, Max: 1, Diff: 0]
      [GC Worker End (ms):  2024.5  2024.5
       Avg: 2024.5, Min: 2024.5, Max: 2024.5, Diff:   0.0]
      [GC Worker (ms):  1.1  1.1
       Avg:   1.1, Min:   1.1, Max:   1.1, Diff:   0.0]
      [GC Worker Other (ms):  0.1  0.1
       Avg:   0.1, Min:   0.1, Max:   0.1, Diff:   0.0]
   [Complete CSet Marking:   0.0 ms]
   [Clear CT:   0.0 ms]
   [Other:   0.1 ms]
      [Choose CSet:   0.0 ms]
      [Ref Proc:   0.0 ms]
      [Ref Enq:   0.0 ms]
      [Free CSet:   0.0 ms]
   [Eden: 1024K(101M)->0B(101M) Survivors: 1024K->1024K Heap: 435M(512M)->435M(512M)]
 [Times: user=0.00 sys=0.00, real=0.00 secs] 
Heap after GC invocations=69 (full 39):
 garbage-first heap   total 524288K, used 445997K [0x00000007dae00000, 0x00000007fae00000, 0x00000007fae00000)
  region size 1024K, 1 young (1024K), 1 survivors (1024K)
 compacting perm gen  total 20480K, used 2870K [0x00000007fae00000, 0x00000007fc200000, 0x0000000800000000)
   the space 20480K,  14% used [0x00000007fae00000, 0x00000007fb0cda98, 0x00000007fb0cdc00, 0x00000007fc200000)
No shared spaces configured.
}
{Heap before GC invocations=69 (full 39):
 garbage-first heap   total 524288K, used 445997K [0x00000007dae00000, 0x00000007fae00000, 0x00000007fae00000)
  region size 1024K, 1 young (1024K), 1 survivors (1024K)
 compacting perm gen  total 20480K, used 2870K [0x00000007fae00000, 0x00000007fc200000, 0x0000000800000000)
   the space 20480K,  14% used [0x00000007fae00000, 0x00000007fb0cda98, 0x00000007fb0cdc00, 0x00000007fc200000)
No shared spaces configured.
2.025: [Full GC 435M->164M(512M), 0.0118930 secs]
 [Times: user=0.02 sys=0.00, real=0.02 secs] 
Heap after GC invocations=70 (full 40):
 garbage-first heap   total 524288K, used 167982K [0x00000007dae00000, 0x00000007fae00000, 0x00000007fae00000)
  region size 1024K, 0 young (0K), 0 survivors (0K)
 compacting perm gen  total 20480K, used 2870K [0x00000007fae00000, 0x00000007fc200000, 0x0000000800000000)
   the space 20480K,  14% used [0x00000007fae00000, 0x00000007fb0cda98, 0x00000007fb0cdc00, 0x00000007fc200000)
No shared spaces configured.
}
2.037: [GC concurrent-mark-abort]
{Heap before GC invocations=70 (full 40):
 garbage-first heap   total 524288K, used 236607K [0x00000007dae00000, 0x00000007fae00000, 0x00000007fae00000)
  region size 1024K, 1 young (1024K), 0 survivors (0K)
 compacting perm gen  total 20480K, used 2870K [0x00000007fae00000, 0x00000007fc200000, 0x0000000800000000)
   the space 20480K,  14% used [0x00000007fae00000, 0x00000007fb0cda98, 0x00000007fb0cdc00, 0x00000007fc200000)
No shared spaces configured.
2.077: [GC pause (young)
Desired survivor size 19398656 bytes, new threshold 15 (max 15)
- age   1:        168 bytes,        168 total
- age   2:        216 bytes,        384 total
 (initial-mark), 0.00200200 secs]
   [Parallel Time:   1.8 ms]
      [GC Worker Start (ms):  2076.8  2076.9
       Avg: 2076.9, Min: 2076.8, Max: 2076.9, Diff:   0.0]
      [Ext Root Scanning (ms):  1.5  1.5
       Avg:   1.5, Min:   1.5, Max:   1.5, Diff:   0.0]
      [Update RS (ms):  0.0  0.0
       Avg:   0.0, Min:   0.0, Max:   0.0, Diff:   0.0]
         [Processed Buffers : 0 1
          Sum: 1, Avg: 0, Min: 0, Max: 1, Diff: 1]
      [Scan RS (ms):  0.0  0.0
       Avg:   0.0, Min:   0.0, Max:   0.0, Diff:   0.0]
      [Object Copy (ms):  0.2  0.1
       Avg:   0.2, Min:   0.1, Max:   0.2, Diff:   0.1]
      [Termination (ms):  0.0  0.0
       Avg:   0.0, Min:   0.0, Max:   0.0, Diff:   0.0]
         [Termination Attempts : 1 1
          Sum: 2, Avg: 1, Min: 1, Max: 1, Diff: 0]
      [GC Worker End (ms):  2078.6  2078.6
       Avg: 2078.6, Min: 2078.6, Max: 2078.6, Diff:   0.0]
      [GC Worker (ms):  1.7  1.7
       Avg:   1.7, Min:   1.7, Max:   1.7, Diff:   0.0]
      [GC Worker Other (ms):  0.1  0.1
       Avg:   0.1, Min:   0.1, Max:   0.1, Diff:   0.0]
   [Clear CT:   0.0 ms]
   [Other:   0.2 ms]
      [Choose CSet:   0.0 ms]
      [Ref Proc:   0.0 ms]
      [Ref Enq:   0.0 ms]
      [Free CSet:   0.0 ms]
   [Eden: 1024K(101M)->0B(220M) Survivors: 0B->1024K Heap: 231M(512M)->231M(512M)]
 [Times: user=0.01 sys=0.00, real=0.00 secs] 
Heap after GC invocations=71 (full 41):
 garbage-first heap   total 524288K, used 236671K [0x00000007dae00000, 0x00000007fae00000, 0x00000007fae00000)
  region size 1024K, 1 young (1024K), 1 survivors (1024K)
 compacting perm gen  total 20480K, used 2870K [0x00000007fae00000, 0x00000007fc200000, 0x0000000800000000)
   the space 20480K,  14% used [0x00000007fae00000, 0x00000007fb0cda98, 0x00000007fb0cdc00, 0x00000007fc200000)
No shared spaces configured.
}
2.079: [GC concurrent-root-region-scan-start]
2.079: [GC concurrent-root-region-scan-end, 0.0000460]
2.079: [GC concurrent-mark-start]
2.080: [GC concurrent-mark-end, 0.0011750 sec]
2.085: [GC remark 2.085: [GC ref-proc, 0.0000170 secs], 0.0029440 secs]
 [Times: user=0.01 sys=0.00, real=0.01 secs] 
2.088: [GC cleanup 243M->243M(512M), 0.0005110 secs]
 [Times: user=0.00 sys=0.00, real=0.00 secs] 
{Heap before GC invocations=72 (full 41):
 garbage-first heap   total 524288K, used 264387K [0x00000007dae00000, 0x00000007fae00000, 0x00000007fae00000)
  region size 1024K, 2 young (2048K), 1 survivors (1024K)
 compacting perm gen  total 20480K, used 2870K [0x00000007fae00000, 0x00000007fc200000, 0x0000000800000000)
   the space 20480K,  14% used [0x00000007fae00000, 0x00000007fb0cda98, 0x00000007fb0cdc00, 0x00000007fc200000)
No shared spaces configured.
2.101: [GC pause (young)
Desired survivor size 14680064 bytes, new threshold 15 (max 15)
- age   1:         56 bytes,         56 total
 (initial-mark), 0.00124600 secs]
   [Parallel Time:   1.1 ms]
      [GC Worker Start (ms):  2101.5  2101.5
       Avg: 2101.5, Min: 2101.5, Max: 2101.5, Diff:   0.0]
      [Ext Root Scanning (ms):  0.8  0.8
       Avg:   0.8, Min:   0.8, Max:   0.8, Diff:   0.1]
      [Update RS (ms):  0.0  0.0
       Avg:   0.0, Min:   0.0, Max:   0.0, Diff:   0.0]
         [Processed Buffers : 4 0
          Sum: 4, Avg: 2, Min: 0, Max: 4, Diff: 4]
      [Scan RS (ms):  0.0  0.0
       Avg:   0.0, Min:   0.0, Max:   0.0, Diff:   0.0]
      [Object Copy (ms):  0.1  0.2
       Avg:   0.2, Min:   0.1, Max:   0.2, Diff:   0.0]
      [Termination (ms):  0.0  0.0
       Avg:   0.0, Min:   0.0, Max:   0.0, Diff:   0.0]
         [Termination Attempts : 1 1
          Sum: 2, Avg: 1, Min: 1, Max: 1, Diff: 0]
      [GC Worker End (ms):  2102.5  2102.5
       Avg: 2102.5, Min: 2102.5, Max: 2102.5, Diff:   0.0]
      [GC Worker (ms):  1.0  1.0
       Avg:   1.0, Min:   1.0, Max:   1.0, Diff:   0.0]
      [GC Worker Other (ms):  0.1  0.1
       Avg:   0.1, Min:   0.1, Max:   0.1, Diff:   0.0]
   [Clear CT:   0.0 ms]
   [Other:   0.2 ms]
      [Choose CSet:   0.0 ms]
      [Ref Proc:   0.0 ms]
      [Ref Enq:   0.0 ms]
      [Free CSet:   0.0 ms]
   [Eden: 1024K(220M)->0B(192M) Survivors: 1024K->1024K Heap: 258M(512M)->258M(512M)]
 [Times: user=0.00 sys=0.00, real=0.00 secs] 
Heap after GC invocations=73 (full 42):
 garbage-first heap   total 524288K, used 264387K [0x00000007dae00000, 0x00000007fae00000, 0x00000007fae00000)
  region size 1024K, 1 young (1024K), 1 survivors (1024K)
 compacting perm gen  total 20480K, used 2870K [0x00000007fae00000, 0x00000007fc200000, 0x0000000800000000)
   the space 20480K,  14% used [0x00000007fae00000, 0x00000007fb0cda98, 0x00000007fb0cdc00, 0x00000007fc200000)
No shared spaces configured.
}
2.103: [GC concurrent-root-region-scan-start]
2.103: [GC concurrent-root-region-scan-end, 0.0000410]
2.103: [GC concurrent-mark-start]
2.106: [GC concurrent-mark-end, 0.0029640 sec]
2.116: [GC remark 2.116: [GC ref-proc, 0.0000140 secs], 0.0029650 secs]
 [Times: user=0.01 sys=0.00, real=0.01 secs] 
2.119: [GC cleanup 283M->246M(512M), 0.0005460 secs]
 [Times: user=0.00 sys=0.00, real=0.00 secs] 
2.119: [GC concurrent-cleanup-start]
2.119: [GC concurrent-cleanup-end, 0.0000880]
{Heap before GC invocations=74 (full 42):
 garbage-first heap   total 524288K, used 294772K [0x00000007dae00000, 0x00000007fae00000, 0x00000007fae00000)
  region size 1024K, 2 young (2048K), 1 survivors (1024K)
 compacting perm gen  total 20480K, used 2870K [0x00000007fae00000, 0x00000007fc200000, 0x0000000800000000)
   the space 20480K,  14% used [0x00000007fae00000, 0x00000007fb0cda98, 0x00000007fb0cdc00, 0x00000007fc200000)
No shared spaces configured.
2.145: [GC pause (young)
Desired survivor size 13107200 bytes, new threshold 15 (max 15)
- age   1:        128 bytes,        128 total
- age   2:         56 bytes,        184 total
 (initial-mark), 0.00122800 secs]
   [Parallel Time:   1.0 ms]
      [GC Worker Start (ms):  2145.6  2145.6
       Avg: 2145.6, Min: 2145.6, Max: 2145.6, Diff:   0.0]
      [Ext Root Scanning (ms):  0.8  0.8
       Avg:   0.8, Min:   0.8, Max:   0.8, Diff:   0.1]
      [Update RS (ms):  0.0  0.0
       Avg:   0.0, Min:   0.0, Max:   0.0, Diff:   0.0]
         [Processed Buffers : 5 1
          Sum: 6, Avg: 3, Min: 1, Max: 5, Diff: 4]
      [Scan RS (ms):  0.0  0.0
       Avg:   0.0, Min:   0.0, Max:   0.0, Diff:   0.0]
      [Object Copy (ms):  0.2  0.1
       Avg:   0.2, Min:   0.1, Max:   0.2, Diff:   0.1]
      [Termination (ms):  0.0  0.0
       Avg:   0.0, Min:   0.0, Max:   0.0, Diff:   0.0]
         [Termination Attempts : 1 1
          Sum: 2, Avg: 1, Min: 1, Max: 1, Diff: 0]
      [GC Worker End (ms):  2146.6  2146.6
       Avg: 2146.6, Min: 2146.6, Max: 2146.6, Diff:   0.0]
      [GC Worker (ms):  1.0  1.0
       Avg:   1.0, Min:   1.0, Max:   1.0, Diff:   0.0]
      [GC Worker Other (ms):  0.1  0.1
       Avg:   0.1, Min:   0.1, Max:   0.1, Diff:   0.0]
   [Clear CT:   0.0 ms]
   [Other:   0.2 ms]
      [Choose CSet:   0.0 ms]
      [Ref Proc:   0.0 ms]
      [Ref Enq:   0.0 ms]
      [Free CSet:   0.0 ms]
   [Eden: 1024K(192M)->0B(163M) Survivors: 1024K->1024K Heap: 287M(512M)->287M(512M)]
 [Times: user=0.01 sys=0.00, real=0.01 secs] 
Heap after GC invocations=75 (full 43):
 garbage-first heap   total 524288K, used 294772K [0x00000007dae00000, 0x00000007fae00000, 0x00000007fae00000)
  region size 1024K, 1 young (1024K), 1 survivors (1024K)
 compacting perm gen  total 20480K, used 2870K [0x00000007fae00000, 0x00000007fc200000, 0x0000000800000000)
   the space 20480K,  14% used [0x00000007fae00000, 0x00000007fb0cda98, 0x00000007fb0cdc00, 0x00000007fc200000)
No shared spaces configured.
}
2.147: [GC concurrent-root-region-scan-start]
2.147: [GC concurrent-root-region-scan-end, 0.0000650]
2.147: [GC concurrent-mark-start]
2.152: [GC concurrent-mark-end, 0.0048410 sec]
2.233: [GC remark 2.233: [GC ref-proc, 0.0000150 secs], 0.0026690 secs]
 [Times: user=0.01 sys=0.00, real=0.01 secs] 
2.236: [GC cleanup 450M->344M(512M), 0.0003860 secs]
 [Times: user=0.00 sys=0.00, real=0.00 secs] 
2.237: [GC concurrent-cleanup-start]
2.237: [GC concurrent-cleanup-end, 0.0002240]
{Heap before GC invocations=76 (full 43):
 garbage-first heap   total 524288K, used 382283K [0x00000007dae00000, 0x00000007fae00000, 0x00000007fae00000)
  region size 1024K, 2 young (2048K), 1 survivors (1024K)
 compacting perm gen  total 20480K, used 2870K [0x00000007fae00000, 0x00000007fc200000, 0x0000000800000000)
   the space 20480K,  14% used [0x00000007fae00000, 0x00000007fb0cda98, 0x00000007fb0cdc00, 0x00000007fc200000)
No shared spaces configured.
2.256: [GC pause (young)
Desired survivor size 11010048 bytes, new threshold 15 (max 15)
- age   1:        208 bytes,        208 total
- age   2:         96 bytes,        304 total
- age   3:         40 bytes,        344 total
 (initial-mark), 0.00121000 secs]
   [Parallel Time:   1.0 ms]
      [GC Worker Start (ms):  2256.4  2256.4
       Avg: 2256.4, Min: 2256.4, Max: 2256.4, Diff:   0.0]
      [Ext Root Scanning (ms):  0.7  0.8
       Avg:   0.8, Min:   0.7, Max:   0.8, Diff:   0.1]
      [Update RS (ms):  0.0  0.0
       Avg:   0.0, Min:   0.0, Max:   0.0, Diff:   0.0]
         [Processed Buffers : 2 0
          Sum: 2, Avg: 1, Min: 0, Max: 2, Diff: 2]
      [Scan RS (ms):  0.0  0.0
       Avg:   0.0, Min:   0.0, Max:   0.0, Diff:   0.0]
      [Object Copy (ms):  0.2  0.2
       Avg:   0.2, Min:   0.2, Max:   0.2, Diff:   0.0]
      [Termination (ms):  0.0  0.0
       Avg:   0.0, Min:   0.0, Max:   0.0, Diff:   0.0]
         [Termination Attempts : 1 1
          Sum: 2, Avg: 1, Min: 1, Max: 1, Diff: 0]
      [GC Worker End (ms):  2257.4  2257.4
       Avg: 2257.4, Min: 2257.4, Max: 2257.4, Diff:   0.0]
      [GC Worker (ms):  1.0  1.0
       Avg:   1.0, Min:   1.0, Max:   1.0, Diff:   0.0]
      [GC Worker Other (ms):  0.1  0.1
       Avg:   0.1, Min:   0.1, Max:   0.1, Diff:   0.0]
   [Clear CT:   0.0 ms]
   [Other:   0.1 ms]
      [Choose CSet:   0.0 ms]
      [Ref Proc:   0.0 ms]
      [Ref Enq:   0.0 ms]
      [Free CSet:   0.0 ms]
   [Eden: 1024K(163M)->0B(101M) Survivors: 1024K->1024K Heap: 373M(512M)->373M(512M)]
 [Times: user=0.01 sys=0.00, real=0.00 secs] 
Heap after GC invocations=77 (full 44):
 garbage-first heap   total 524288K, used 382283K [0x00000007dae00000, 0x00000007fae00000, 0x00000007fae00000)
  region size 1024K, 1 young (1024K), 1 survivors (1024K)
 compacting perm gen  total 20480K, used 2870K [0x00000007fae00000, 0x00000007fc200000, 0x0000000800000000)
   the space 20480K,  14% used [0x00000007fae00000, 0x00000007fb0cda98, 0x00000007fb0cdc00, 0x00000007fc200000)
No shared spaces configured.
}
2.258: [GC concurrent-root-region-scan-start]
2.268: [GC concurrent-root-region-scan-end, 0.0106880]
2.268: [GC concurrent-mark-start]
{Heap before GC invocations=77 (full 44):
 garbage-first heap   total 524288K, used 446968K [0x00000007dae00000, 0x00000007fae00000, 0x00000007fae00000)
  region size 1024K, 2 young (2048K), 1 survivors (1024K)
 compacting perm gen  total 20480K, used 2870K [0x00000007fae00000, 0x00000007fc200000, 0x0000000800000000)
   the space 20480K,  14% used [0x00000007fae00000, 0x00000007fb0cda98, 0x00000007fb0cdc00, 0x00000007fc200000)
No shared spaces configured.
2.290: [GC pause (young)
Desired survivor size 6815744 bytes, new threshold 15 (max 15)
- age   1:        488 bytes,        488 total
- age   3:         80 bytes,        568 total
- age   4:         40 bytes,        608 total
, 0.00112900 secs]
   [Parallel Time:   1.0 ms]
      [GC Worker Start (ms):  2290.4  2290.4
       Avg: 2290.4, Min: 2290.4, Max: 2290.4, Diff:   0.0]
      [Ext Root Scanning (ms):  0.9  0.8
       Avg:   0.9, Min:   0.8, Max:   0.9, Diff:   0.1]
      [SATB Filtering (ms):  0.0  0.0
       Avg:   0.0, Min:   0.0, Max:   0.0, Diff:   0.0]
      [Update RS (ms):  0.0  0.0
       Avg:   0.0, Min:   0.0, Max:   0.0, Diff:   0.0]
         [Processed Buffers : 0 3
          Sum: 3, Avg: 1, Min: 0, Max: 3, Diff: 3]
      [Scan RS (ms):  0.0  0.0
       Avg:   0.0, Min:   0.0, Max:   0.0, Diff:   0.0]
      [Object Copy (ms):  0.1  0.0
       Avg:   0.0, Min:   0.0, Max:   0.1, Diff:   0.0]
      [Termination (ms):  0.0  0.0
       Avg:   0.0, Min:   0.0, Max:   0.0, Diff:   0.0]
         [Termination Attempts : 1 1
          Sum: 2, Avg: 1, Min: 1, Max: 1, Diff: 0]
      [GC Worker End (ms):  2291.4  2291.4
       Avg: 2291.4, Min: 2291.4, Max: 2291.4, Diff:   0.0]
      [GC Worker (ms):  1.0  1.0
       Avg:   1.0, Min:   1.0, Max:   1.0, Diff:   0.0]
      [GC Worker Other (ms):  0.1  0.1
       Avg:   0.1, Min:   0.1, Max:   0.1, Diff:   0.0]
   [Complete CSet Marking:   0.0 ms]
   [Clear CT:   0.0 ms]
   [Other:   0.1 ms]
      [Choose CSet:   0.0 ms]
      [Ref Proc:   0.0 ms]
      [Ref Enq:   0.0 ms]
      [Free CSet:   0.0 ms]
   [Eden: 1024K(101M)->0B(101M) Survivors: 1024K->1024K Heap: 436M(512M)->436M(512M)]
 [Times: user=0.01 sys=0.00, real=0.00 secs] 
Heap after GC invocations=78 (full 44):
 garbage-first heap   total 524288K, used 446968K [0x00000007dae00000, 0x00000007fae00000, 0x00000007fae00000)
  region size 1024K, 1 young (1024K), 1 survivors (1024K)
 compacting perm gen  total 20480K, used 2870K [0x00000007fae00000, 0x00000007fc200000, 0x0000000800000000)
   the space 20480K,  14% used [0x00000007fae00000, 0x00000007fb0cda98, 0x00000007fb0cdc00, 0x00000007fc200000)
No shared spaces configured.
}
{Heap before GC invocations=78 (full 44):
 garbage-first heap   total 524288K, used 446968K [0x00000007dae00000, 0x00000007fae00000, 0x00000007fae00000)
  region size 1024K, 1 young (1024K), 1 survivors (1024K)
 compacting perm gen  total 20480K, used 2870K [0x00000007fae00000, 0x00000007fc200000, 0x0000000800000000)
   the space 20480K,  14% used [0x00000007fae00000, 0x00000007fb0cda98, 0x00000007fb0cdc00, 0x00000007fc200000)
No shared spaces configured.
2.292: [Full GC 436M->345M(512M), 0.0114930 secs]
 [Times: user=0.01 sys=0.00, real=0.01 secs] 
Heap after GC invocations=79 (full 45):
 garbage-first heap   total 524288K, used 354147K [0x00000007dae00000, 0x00000007fae00000, 0x00000007fae00000)
  region size 1024K, 0 young (0K), 0 survivors (0K)
 compacting perm gen  total 20480K, used 2870K [0x00000007fae00000, 0x00000007fc200000, 0x0000000800000000)
   the space 20480K,  14% used [0x00000007fae00000, 0x00000007fb0cda98, 0x00000007fb0cdc00, 0x00000007fc200000)
No shared spaces configured.
}
2.303: [GC concurrent-mark-abort]
{Heap before GC invocations=79 (full 45):
 garbage-first heap   total 524288K, used 392722K [0x00000007dae00000, 0x00000007fae00000, 0x00000007fae00000)
  region size 1024K, 1 young (1024K), 0 survivors (0K)
 compacting perm gen  total 20480K, used 2870K [0x00000007fae00000, 0x00000007fc200000, 0x0000000800000000)
   the space 20480K,  14% used [0x00000007fae00000, 0x00000007fb0cda98, 0x00000007fb0cdc00, 0x00000007fc200000)
No shared spaces configured.
2.328: [GC pause (young)
Desired survivor size 7340032 bytes, new threshold 15 (max 15)
- age   1:         64 bytes,         64 total
- age   2:        488 bytes,        552 total
- age   4:         80 bytes,        632 total
- age   5:         40 bytes,        672 total
 (initial-mark), 0.00199500 secs]
   [Parallel Time:   1.8 ms]
      [GC Worker Start (ms):  2328.0  2328.0
       Avg: 2328.0, Min: 2328.0, Max: 2328.0, Diff:   0.0]
      [Ext Root Scanning (ms):  1.5  1.5
       Avg:   1.5, Min:   1.5, Max:   1.5, Diff:   0.0]
      [Update RS (ms):  0.0  0.0
       Avg:   0.0, Min:   0.0, Max:   0.0, Diff:   0.0]
         [Processed Buffers : 0 4
          Sum: 4, Avg: 2, Min: 0, Max: 4, Diff: 4]
      [Scan RS (ms):  0.0  0.0
       Avg:   0.0, Min:   0.0, Max:   0.0, Diff:   0.0]
      [Object Copy (ms):  0.2  0.1
       Avg:   0.2, Min:   0.1, Max:   0.2, Diff:   0.1]
      [Termination (ms):  0.0  0.0
       Avg:   0.0, Min:   0.0, Max:   0.0, Diff:   0.0]
         [Termination Attempts : 1 1
          Sum: 2, Avg: 1, Min: 1, Max: 1, Diff: 0]
      [GC Worker End (ms):  2329.7  2329.7
       Avg: 2329.7, Min: 2329.7, Max: 2329.7, Diff:   0.0]
      [GC Worker (ms):  1.7  1.7
       Avg:   1.7, Min:   1.7, Max:   1.7, Diff:   0.0]
      [GC Worker Other (ms):  0.1  0.1
       Avg:   0.1, Min:   0.1, Max:   0.1, Diff:   0.0]
   [Clear CT:   0.0 ms]
   [Other:   0.2 ms]
      [Choose CSet:   0.0 ms]
      [Ref Proc:   0.0 ms]
      [Ref Enq:   0.0 ms]
      [Free CSet:   0.0 ms]
   [Eden: 1024K(101M)->0B(101M) Survivors: 0B->1024K Heap: 383M(512M)->383M(512M)]
 [Times: user=0.01 sys=0.00, real=0.00 secs] 
Heap after GC invocations=80 (full 46):
 garbage-first heap   total 524288K, used 392786K [0x00000007dae00000, 0x00000007fae00000, 0x00000007fae00000)
  region size 1024K, 1 young (1024K), 1 survivors (1024K)
 compacting perm gen  total 20480K, used 2870K [0x00000007fae00000, 0x00000007fc200000, 0x0000000800000000)
   the space 20480K,  14% used [0x00000007fae00000, 0x00000007fb0cda98, 0x00000007fb0cdc00, 0x00000007fc200000)
No shared spaces configured.
}
2.330: [GC concurrent-root-region-scan-start]
2.330: [GC concurrent-root-region-scan-end, 0.0000710]
2.330: [GC concurrent-mark-start]
{Heap before GC invocations=80 (full 46):
 garbage-first heap   total 524288K, used 392786K [0x00000007dae00000, 0x00000007fae00000, 0x00000007fae00000)
  region size 1024K, 2 young (2048K), 1 survivors (1024K)
 compacting perm gen  total 20480K, used 2870K [0x00000007fae00000, 0x00000007fc200000, 0x0000000800000000)
   the space 20480K,  14% used [0x00000007fae00000, 0x00000007fb0cda98, 0x00000007fb0cdc00, 0x00000007fc200000)
No shared spaces configured.
2.330: [GC pause (young)
Desired survivor size 6815744 bytes, new threshold 15 (max 15)
- age   1:        264 bytes,        264 total
, 0.00064100 secs]
   [Parallel Time:   0.5 ms]
      [GC Worker Start (ms):  2330.2  2330.2
       Avg: 2330.2, Min: 2330.2, Max: 2330.2, Diff:   0.0]
      [Ext Root Scanning (ms):  0.4  0.4
       Avg:   0.4, Min:   0.4, Max:   0.4, Diff:   0.0]
      [SATB Filtering (ms):  0.0  0.0
       Avg:   0.0, Min:   0.0, Max:   0.0, Diff:   0.0]
      [Update RS (ms):  0.0  0.0
       Avg:   0.0, Min:   0.0, Max:   0.0, Diff:   0.0]
         [Processed Buffers : 2 1
          Sum: 3, Avg: 1, Min: 1, Max: 2, Diff: 1]
      [Scan RS (ms):  0.0  0.0
       Avg:   0.0, Min:   0.0, Max:   0.0, Diff:   0.0]
      [Object Copy (ms):  0.0  0.0
       Avg:   0.0, Min:   0.0, Max:   0.0, Diff:   0.0]
      [Termination (ms):  0.0  0.0
       Avg:   0.0, Min:   0.0, Max:   0.0, Diff:   0.0]
         [Termination Attempts : 1 1
          Sum: 2, Avg: 1, Min: 1, Max: 1, Diff: 0]
      [GC Worker End (ms):  2330.7  2330.7
       Avg: 2330.7, Min: 2330.7, Max: 2330.7, Diff:   0.0]
      [GC Worker (ms):  0.5  0.5
       Avg:   0.5, Min:   0.5, Max:   0.5, Diff:   0.0]
      [GC Worker Other (ms):  0.0  0.0
       Avg:   0.0, Min:   0.0, Max:   0.0, Diff:   0.0]
   [Complete CSet Marking:   0.0 ms]
   [Clear CT:   0.0 ms]
   [Other:   0.1 ms]
      [Choose CSet:   0.0 ms]
      [Ref Proc:   0.1 ms]
      [Ref Enq:   0.0 ms]
      [Free CSet:   0.0 ms]
   [Eden: 1024K(101M)->0B(101M) Survivors: 1024K->1024K Heap: 383M(512M)->383M(512M)]
 [Times: user=0.00 sys=0.00, real=0.00 secs] 
Heap after GC invocations=81 (full 46):
 garbage-first heap   total 524288K, used 392786K [0x00000007dae00000, 0x00000007fae00000, 0x00000007fae00000)
  region size 1024K, 1 young (1024K), 1 survivors (1024K)
 compacting perm gen  total 20480K, used 2870K [0x00000007fae00000, 0x00000007fc200000, 0x0000000800000000)
   the space 20480K,  14% used [0x00000007fae00000, 0x00000007fb0cda98, 0x00000007fb0cdc00, 0x00000007fc200000)
No shared spaces configured.
}
{Heap before GC invocations=81 (full 46):
 garbage-first heap   total 524288K, used 392786K [0x00000007dae00000, 0x00000007fae00000, 0x00000007fae00000)
  region size 1024K, 1 young (1024K), 1 survivors (1024K)
 compacting perm gen  total 20480K, used 2870K [0x00000007fae00000, 0x00000007fc200000, 0x0000000800000000)
   the space 20480K,  14% used [0x00000007fae00000, 0x00000007fb0cda98, 0x00000007fb0cdc00, 0x00000007fc200000)
No shared spaces configured.
2.331: [Full GC 383M->177M(512M), 0.0114860 secs]
 [Times: user=0.01 sys=0.00, real=0.01 secs] 
Heap after GC invocations=82 (full 47):
 garbage-first heap   total 524288K, used 182043K [0x00000007dae00000, 0x00000007fae00000, 0x00000007fae00000)
  region size 1024K, 0 young (0K), 0 survivors (0K)
 compacting perm gen  total 20480K, used 2870K [0x00000007fae00000, 0x00000007fc200000, 0x0000000800000000)
   the space 20480K,  14% used [0x00000007fae00000, 0x00000007fb0cda98, 0x00000007fb0cdc00, 0x00000007fc200000)
No shared spaces configured.
}
2.350: [GC concurrent-mark-abort]
{Heap before GC invocations=82 (full 47):
 garbage-first heap   total 524288K, used 241419K [0x00000007dae00000, 0x00000007fae00000, 0x00000007fae00000)
  region size 1024K, 1 young (1024K), 0 survivors (0K)
 compacting perm gen  total 20480K, used 2870K [0x00000007fae00000, 0x00000007fc200000, 0x0000000800000000)
   the space 20480K,  14% used [0x00000007fae00000, 0x00000007fb0cda98, 0x00000007fb0cdc00, 0x00000007fc200000)
No shared spaces configured.
2.379: [GC pause (young)
Desired survivor size 18350080 bytes, new threshold 15 (max 15)
- age   1:         96 bytes,         96 total
- age   2:        264 bytes,        360 total
 (initial-mark), 0.00175000 secs]
   [Parallel Time:   1.5 ms]
      [GC Worker Start (ms):  2379.2  2379.2
       Avg: 2379.2, Min: 2379.2, Max: 2379.2, Diff:   0.0]
      [Ext Root Scanning (ms):  1.3  1.3
       Avg:   1.3, Min:   1.3, Max:   1.3, Diff:   0.0]
      [Update RS (ms):  0.0  0.0
       Avg:   0.0, Min:   0.0, Max:   0.0, Diff:   0.0]
         [Processed Buffers : 0 2
          Sum: 2, Avg: 1, Min: 0, Max: 2, Diff: 2]
      [Scan RS (ms):  0.0  0.0
       Avg:   0.0, Min:   0.0, Max:   0.0, Diff:   0.0]
      [Object Copy (ms):  0.2  0.2
       Avg:   0.2, Min:   0.2, Max:   0.2, Diff:   0.0]
      [Termination (ms):  0.0  0.0
       Avg:   0.0, Min:   0.0, Max:   0.0, Diff:   0.0]
         [Termination Attempts : 1 1
          Sum: 2, Avg: 1, Min: 1, Max: 1, Diff: 0]
      [GC Worker End (ms):  2380.7  2380.7
       Avg: 2380.7, Min: 2380.7, Max: 2380.7, Diff:   0.0]
      [GC Worker (ms):  1.5  1.5
       Avg:   1.5, Min:   1.5, Max:   1.5, Diff:   0.0]
      [GC Worker Other (ms):  0.0  0.0
       Avg:   0.0, Min:   0.0, Max:   0.0, Diff:   0.0]
   [Clear CT:   0.0 ms]
   [Other:   0.2 ms]
      [Choose CSet:   0.0 ms]
      [Ref Proc:   0.0 ms]
      [Ref Enq:   0.0 ms]
      [Free CSet:   0.0 ms]
   [Eden: 1024K(101M)->0B(218M) Survivors: 0B->1024K Heap: 235M(512M)->235M(512M)]
 [Times: user=0.01 sys=0.00, real=0.00 secs] 
Heap after GC invocations=83 (full 48):
 garbage-first heap   total 524288K, used 241451K [0x00000007dae00000, 0x00000007fae00000, 0x00000007fae00000)
  region size 1024K, 1 young (1024K), 1 survivors (1024K)
 compacting perm gen  total 20480K, used 2870K [0x00000007fae00000, 0x00000007fc200000, 0x0000000800000000)
   the space 20480K,  14% used [0x00000007fae00000, 0x00000007fb0cda98, 0x00000007fb0cdc00, 0x00000007fc200000)
No shared spaces configured.
}
2.381: [GC concurrent-root-region-scan-start]
2.381: [GC concurrent-root-region-scan-end, 0.0000830]
2.381: [GC concurrent-mark-start]
2.391: [GC concurrent-mark-end, 0.0098200 sec]
2.399: [GC remark 2.400: [GC ref-proc, 0.0000210 secs], 0.0030190 secs]
 [Times: user=0.00 sys=0.00, real=0.00 secs] 
2.411: [GC cleanup 288M->262M(512M), 0.0012670 secs]
 [Times: user=0.00 sys=0.00, real=0.00 secs] 
2.412: [GC concurrent-cleanup-start]
2.412: [GC concurrent-cleanup-end, 0.0000800]
{Heap before GC invocations=84 (full 48):
 garbage-first heap   total 524288K, used 294206K [0x00000007dae00000, 0x00000007fae00000, 0x00000007fae00000)
  region size 1024K, 2 young (2048K), 1 survivors (1024K)
 compacting perm gen  total 20480K, used 2870K [0x00000007fae00000, 0x00000007fc200000, 0x0000000800000000)
   the space 20480K,  14% used [0x00000007fae00000, 0x00000007fb0cda98, 0x00000007fb0cdc00, 0x00000007fc200000)
No shared spaces configured.
2.429: [GC pause (young)
Desired survivor size 14680064 bytes, new threshold 15 (max 15)
- age   1:         96 bytes,         96 total
 (initial-mark), 0.00129800 secs]
   [Parallel Time:   1.1 ms]
      [GC Worker Start (ms):  2429.5  2429.5
       Avg: 2429.5, Min: 2429.5, Max: 2429.5, Diff:   0.0]
      [Ext Root Scanning (ms):  0.8  0.8
       Avg:   0.8, Min:   0.8, Max:   0.8, Diff:   0.0]
      [Update RS (ms):  0.0  0.0
       Avg:   0.0, Min:   0.0, Max:   0.0, Diff:   0.0]
         [Processed Buffers : 4 0
          Sum: 4, Avg: 2, Min: 0, Max: 4, Diff: 4]
      [Scan RS (ms):  0.0  0.0
       Avg:   0.0, Min:   0.0, Max:   0.0, Diff:   0.0]
      [Object Copy (ms):  0.1  0.2
       Avg:   0.2, Min:   0.1, Max:   0.2, Diff:   0.1]
      [Termination (ms):  0.1  0.0
       Avg:   0.0, Min:   0.0, Max:   0.1, Diff:   0.1]
         [Termination Attempts : 1 1
          Sum: 2, Avg: 1, Min: 1, Max: 1, Diff: 0]
      [GC Worker End (ms):  2430.6  2430.6
       Avg: 2430.6, Min: 2430.6, Max: 2430.6, Diff:   0.0]
      [GC Worker (ms):  1.1  1.0
       Avg:   1.1, Min:   1.0, Max:   1.1, Diff:   0.0]
      [GC Worker Other (ms):  0.1  0.1
       Avg:   0.1, Min:   0.1, Max:   0.1, Diff:   0.0]
   [Clear CT:   0.0 ms]
   [Other:   0.2 ms]
      [Choose CSet:   0.0 ms]
      [Ref Proc:   0.0 ms]
      [Ref Enq:   0.0 ms]
      [Free CSet:   0.0 ms]
   [Eden: 1024K(218M)->0B(164M) Survivors: 1024K->1024K Heap: 287M(512M)->287M(512M)]
 [Times: user=0.00 sys=0.00, real=0.00 secs] 
Heap after GC invocations=85 (full 49):
 garbage-first heap   total 524288K, used 294238K [0x00000007dae00000, 0x00000007fae00000, 0x00000007fae00000)
  region size 1024K, 1 young (1024K), 1 survivors (1024K)
 compacting perm gen  total 20480K, used 2870K [0x00000007fae00000, 0x00000007fc200000, 0x0000000800000000)
   the space 20480K,  14% used [0x00000007fae00000, 0x00000007fb0cda98, 0x00000007fb0cdc00, 0x00000007fc200000)
No shared spaces configured.
}
2.431: [GC concurrent-root-region-scan-start]
2.431: [GC concurrent-root-region-scan-end, 0.0000530]
2.431: [GC concurrent-mark-start]
2.433: [GC concurrent-mark-end, 0.0024530 sec]
2.438: [GC remark 2.438: [GC ref-proc, 0.0000160 secs], 0.0022630 secs]
 [Times: user=0.01 sys=0.00, real=0.00 secs] 
2.454: [GC cleanup 326M->213M(512M), 0.0007120 secs]
 [Times: user=0.00 sys=0.00, real=0.00 secs] 
2.455: [GC concurrent-cleanup-start]
2.455: [GC concurrent-cleanup-end, 0.0002850]
{Heap before GC invocations=86 (full 49):
 garbage-first heap   total 524288K, used 322289K [0x00000007dae00000, 0x00000007fae00000, 0x00000007fae00000)
  region size 1024K, 2 young (2048K), 1 survivors (1024K)
 compacting perm gen  total 20480K, used 2870K [0x00000007fae00000, 0x00000007fc200000, 0x0000000800000000)
   the space 20480K,  14% used [0x00000007fae00000, 0x00000007fb0cda98, 0x00000007fb0cdc00, 0x00000007fc200000)
No shared spaces configured.
2.513: [GC pause (young)
Desired survivor size 11010048 bytes, new threshold 15 (max 15)
- age   1:        240 bytes,        240 total
- age   2:         80 bytes,        320 total
 (initial-mark), 0.00120900 secs]
   [Parallel Time:   1.0 ms]
      [GC Worker Start (ms):  2513.5  2513.5
       Avg: 2513.5, Min: 2513.5, Max: 2513.5, Diff:   0.0]
      [Ext Root Scanning (ms):  0.7  0.7
       Avg:   0.7, Min:   0.7, Max:   0.7, Diff:   0.0]
      [Update RS (ms):  0.0  0.0
       Avg:   0.0, Min:   0.0, Max:   0.0, Diff:   0.0]
         [Processed Buffers : 3 0
          Sum: 3, Avg: 1, Min: 0, Max: 3, Diff: 3]
      [Scan RS (ms):  0.0  0.0
       Avg:   0.0, Min:   0.0, Max:   0.0, Diff:   0.0]
      [Object Copy (ms):  0.1  0.2
       Avg:   0.2, Min:   0.1, Max:   0.2, Diff:   0.1]
      [Termination (ms):  0.1  0.0
       Avg:   0.0, Min:   0.0, Max:   0.1, Diff:   0.1]
         [Termination Attempts : 1 1
          Sum: 2, Avg: 1, Min: 1, Max: 1, Diff: 0]
      [GC Worker End (ms):  2514.4  2514.4
       Avg: 2514.4, Min: 2514.4, Max: 2514.4, Diff:   0.0]
      [GC Worker (ms):  1.0  1.0
       Avg:   1.0, Min:   1.0, Max:   1.0, Diff:   0.0]
      [GC Worker Other (ms):  0.1  0.1
       Avg:   0.1, Min:   0.1, Max:   0.1, Diff:   0.0]
   [Clear CT:   0.0 ms]
   [Other:   0.2 ms]
      [Choose CSet:   0.0 ms]
      [Ref Proc:   0.1 ms]
      [Ref Enq:   0.0 ms]
      [Free CSet:   0.0 ms]
   [Eden: 1024K(164M)->0B(133M) Survivors: 1024K->1024K Heap: 314M(512M)->314M(512M)]
 [Times: user=0.01 sys=0.00, real=0.00 secs] 
Heap after GC invocations=87 (full 50):
 garbage-first heap   total 524288K, used 322289K [0x00000007dae00000, 0x00000007fae00000, 0x00000007fae00000)
  region size 1024K, 1 young (1024K), 1 survivors (1024K)
 compacting perm gen  total 20480K, used 2870K [0x00000007fae00000, 0x00000007fc200000, 0x0000000800000000)
   the space 20480K,  14% used [0x00000007fae00000, 0x00000007fb0cda98, 0x00000007fb0cdc00, 0x00000007fc200000)
No shared spaces configured.
}
2.515: [GC concurrent-root-region-scan-start]
2.515: [GC concurrent-root-region-scan-end, 0.0000710]
2.515: [GC concurrent-mark-start]
2.517: [GC concurrent-mark-end, 0.0017850 sec]
2.534: [GC remark 2.534: [GC ref-proc, 0.0000160 secs], 0.0029740 secs]
 [Times: user=0.00 sys=0.00, real=0.01 secs] 
2.537: [GC cleanup 352M->298M(512M), 0.0004580 secs]
 [Times: user=0.00 sys=0.00, real=0.00 secs] 
2.538: [GC concurrent-cleanup-start]
2.538: [GC concurrent-cleanup-end, 0.0001140]
{Heap before GC invocations=88 (full 50):
 garbage-first heap   total 524288K, used 348960K [0x00000007dae00000, 0x00000007fae00000, 0x00000007fae00000)
  region size 1024K, 2 young (2048K), 1 survivors (1024K)
 compacting perm gen  total 20480K, used 2870K [0x00000007fae00000, 0x00000007fc200000, 0x0000000800000000)
   the space 20480K,  14% used [0x00000007fae00000, 0x00000007fb0cda98, 0x00000007fb0cdc00, 0x00000007fc200000)
No shared spaces configured.
2.565: [GC pause (young)
Desired survivor size 8912896 bytes, new threshold 15 (max 15)
- age   1:        304 bytes,        304 total
- age   2:        192 bytes,        496 total
- age   3:         40 bytes,        536 total
 (initial-mark), 0.00121900 secs]
   [Parallel Time:   1.0 ms]
      [GC Worker Start (ms):  2564.8  2564.9
       Avg: 2564.9, Min: 2564.8, Max: 2564.9, Diff:   0.0]
      [Ext Root Scanning (ms):  0.8  0.8
       Avg:   0.8, Min:   0.8, Max:   0.8, Diff:   0.0]
      [Update RS (ms):  0.0  0.0
       Avg:   0.0, Min:   0.0, Max:   0.0, Diff:   0.0]
         [Processed Buffers : 2 0
          Sum: 2, Avg: 1, Min: 0, Max: 2, Diff: 2]
      [Scan RS (ms):  0.0  0.0
       Avg:   0.0, Min:   0.0, Max:   0.0, Diff:   0.0]
      [Object Copy (ms):  0.1  0.2
       Avg:   0.1, Min:   0.1, Max:   0.2, Diff:   0.0]
      [Termination (ms):  0.0  0.0
       Avg:   0.0, Min:   0.0, Max:   0.0, Diff:   0.0]
         [Termination Attempts : 1 1
          Sum: 2, Avg: 1, Min: 1, Max: 1, Diff: 0]
      [GC Worker End (ms):  2565.8  2565.8
       Avg: 2565.8, Min: 2565.8, Max: 2565.8, Diff:   0.0]
      [GC Worker (ms):  1.0  1.0
       Avg:   1.0, Min:   1.0, Max:   1.0, Diff:   0.0]
      [GC Worker Other (ms):  0.1  0.1
       Avg:   0.1, Min:   0.1, Max:   0.1, Diff:   0.0]
   [Clear CT:   0.0 ms]
   [Other:   0.2 ms]
      [Choose CSet:   0.0 ms]
      [Ref Proc:   0.0 ms]
      [Ref Enq:   0.0 ms]
      [Free CSet:   0.0 ms]
   [Eden: 1024K(133M)->0B(106M) Survivors: 1024K->1024K Heap: 340M(512M)->340M(512M)]
 [Times: user=0.00 sys=0.00, real=0.01 secs] 
Heap after GC invocations=89 (full 51):
 garbage-first heap   total 524288K, used 348960K [0x00000007dae00000, 0x00000007fae00000, 0x00000007fae00000)
  region size 1024K, 1 young (1024K), 1 survivors (1024K)
 compacting perm gen  total 20480K, used 2870K [0x00000007fae00000, 0x00000007fc200000, 0x0000000800000000)
   the space 20480K,  14% used [0x00000007fae00000, 0x00000007fb0cda98, 0x00000007fb0cdc00, 0x00000007fc200000)
No shared spaces configured.
}
2.566: [GC concurrent-root-region-scan-start]
2.566: [GC concurrent-root-region-scan-end, 0.0000840]
2.566: [GC concurrent-mark-start]
2.568: [GC concurrent-mark-end, 0.0022030 sec]
2.574: [GC remark 2.574: [GC ref-proc, 0.0000160 secs], 0.0052220 secs]
 [Times: user=0.01 sys=0.00, real=0.01 secs] 
2.579: [GC cleanup 354M->280M(512M), 0.0007720 secs]
 [Times: user=0.00 sys=0.00, real=0.00 secs] 
2.580: [GC concurrent-cleanup-start]
2.580: [GC concurrent-cleanup-end, 0.0001590]
{Heap before GC invocations=90 (full 51):
 garbage-first heap   total 524288K, used 301042K [0x00000007dae00000, 0x00000007fae00000, 0x00000007fae00000)
  region size 1024K, 2 young (2048K), 1 survivors (1024K)
 compacting perm gen  total 20480K, used 2870K [0x00000007fae00000, 0x00000007fc200000, 0x0000000800000000)
   the space 20480K,  14% used [0x00000007fae00000, 0x00000007fb0cda98, 0x00000007fb0cdc00, 0x00000007fc200000)
No shared spaces configured.
2.592: [GC pause (young)
Desired survivor size 7340032 bytes, new threshold 15 (max 15)
- age   1:        288 bytes,        288 total
- age   2:        136 bytes,        424 total
- age   3:        120 bytes,        544 total
- age   4:         40 bytes,        584 total
 (initial-mark), 0.00125500 secs]
   [Parallel Time:   1.1 ms]
      [GC Worker Start (ms):  2592.0  2592.0
       Avg: 2592.0, Min: 2592.0, Max: 2592.0, Diff:   0.0]
      [Ext Root Scanning (ms):  0.8  0.9
       Avg:   0.8, Min:   0.8, Max:   0.9, Diff:   0.1]
      [Update RS (ms):  0.0  0.0
       Avg:   0.0, Min:   0.0, Max:   0.0, Diff:   0.0]
         [Processed Buffers : 2 0
          Sum: 2, Avg: 1, Min: 0, Max: 2, Diff: 2]
      [Scan RS (ms):  0.0  0.0
       Avg:   0.0, Min:   0.0, Max:   0.0, Diff:   0.0]
      [Object Copy (ms):  0.1  0.2
       Avg:   0.1, Min:   0.1, Max:   0.2, Diff:   0.0]
      [Termination (ms):  0.1  0.0
       Avg:   0.1, Min:   0.0, Max:   0.1, Diff:   0.1]
         [Termination Attempts : 1 1
          Sum: 2, Avg: 1, Min: 1, Max: 1, Diff: 0]
      [GC Worker End (ms):  2593.0  2593.0
       Avg: 2593.0, Min: 2593.0, Max: 2593.0, Diff:   0.0]
      [GC Worker (ms):  1.0  1.0
       Avg:   1.0, Min:   1.0, Max:   1.0, Diff:   0.0]
      [GC Worker Other (ms):  0.1  0.1
       Avg:   0.1, Min:   0.1, Max:   0.1, Diff:   0.0]
   [Clear CT:   0.0 ms]
   [Other:   0.1 ms]
      [Choose CSet:   0.0 ms]
      [Ref Proc:   0.0 ms]
      [Ref Enq:   0.0 ms]
      [Free CSet:   0.0 ms]
   [Eden: 1024K(106M)->0B(155M) Survivors: 1024K->1024K Heap: 294M(512M)->293M(512M)]
 [Times: user=0.00 sys=0.00, real=0.00 secs] 
Heap after GC invocations=91 (full 52):
 garbage-first heap   total 524288K, used 301010K [0x00000007dae00000, 0x00000007fae00000, 0x00000007fae00000)
  region size 1024K, 1 young (1024K), 1 survivors (1024K)
 compacting perm gen  total 20480K, used 2870K [0x00000007fae00000, 0x00000007fc200000, 0x0000000800000000)
   the space 20480K,  14% used [0x00000007fae00000, 0x00000007fb0cda98, 0x00000007fb0cdc00, 0x00000007fc200000)
No shared spaces configured.
}
2.593: [GC concurrent-root-region-scan-start]
2.593: [GC concurrent-root-region-scan-end, 0.0001370]
2.593: [GC concurrent-mark-start]
2.596: [GC concurrent-mark-end, 0.0028520 sec]
2.606: [GC remark 2.606: [GC ref-proc, 0.0000160 secs], 0.0030560 secs]
 [Times: user=0.00 sys=0.00, real=0.00 secs] 
2.610: [GC cleanup 318M->292M(512M), 0.0004870 secs]
 [Times: user=0.01 sys=0.00, real=0.00 secs] 
2.610: [GC concurrent-cleanup-start]
2.610: [GC concurrent-cleanup-end, 0.0000660]
{Heap before GC invocations=92 (full 52):
 garbage-first heap   total 524288K, used 354539K [0x00000007dae00000, 0x00000007fae00000, 0x00000007fae00000)
  region size 1024K, 2 young (2048K), 1 survivors (1024K)
 compacting perm gen  total 20480K, used 2870K [0x00000007fae00000, 0x00000007fc200000, 0x0000000800000000)
   the space 20480K,  14% used [0x00000007fae00000, 0x00000007fb0cda98, 0x00000007fb0cdc00, 0x00000007fc200000)
No shared spaces configured.
2.643: [GC pause (young)
Desired survivor size 10485760 bytes, new threshold 15 (max 15)
- age   1:         56 bytes,         56 total
- age   2:        232 bytes,        288 total
- age   3:         96 bytes,        384 total
- age   4:        120 bytes,        504 total
- age   5:         40 bytes,        544 total
 (initial-mark), 0.00139800 secs]
   [Parallel Time:   1.2 ms]
      [GC Worker Start (ms):  2643.2  2643.2
       Avg: 2643.2, Min: 2643.2, Max: 2643.2, Diff:   0.0]
      [Ext Root Scanning (ms):  1.0  0.9
       Avg:   1.0, Min:   0.9, Max:   1.0, Diff:   0.1]
      [Update RS (ms):  0.0  0.0
       Avg:   0.0, Min:   0.0, Max:   0.0, Diff:   0.0]
         [Processed Buffers : 0 2
          Sum: 2, Avg: 1, Min: 0, Max: 2, Diff: 2]
      [Scan RS (ms):  0.0  0.0
       Avg:   0.0, Min:   0.0, Max:   0.0, Diff:   0.0]
      [Object Copy (ms):  0.1  0.2
       Avg:   0.2, Min:   0.1, Max:   0.2, Diff:   0.1]
      [Termination (ms):  0.0  0.0
       Avg:   0.0, Min:   0.0, Max:   0.0, Diff:   0.0]
         [Termination Attempts : 1 1
          Sum: 2, Avg: 1, Min: 1, Max: 1, Diff: 0]
      [GC Worker End (ms):  2644.3  2644.3
       Avg: 2644.3, Min: 2644.3, Max: 2644.3, Diff:   0.0]
      [GC Worker (ms):  1.2  1.1
       Avg:   1.2, Min:   1.1, Max:   1.2, Diff:   0.0]
      [GC Worker Other (ms):  0.1  0.1
       Avg:   0.1, Min:   0.1, Max:   0.1, Diff:   0.0]
   [Clear CT:   0.0 ms]
   [Other:   0.2 ms]
      [Choose CSet:   0.0 ms]
      [Ref Proc:   0.0 ms]
      [Ref Enq:   0.0 ms]
      [Free CSet:   0.0 ms]
   [Eden: 1024K(155M)->0B(102M) Survivors: 1024K->1024K Heap: 346M(512M)->346M(512M)]
 [Times: user=0.00 sys=0.00, real=0.00 secs] 
Heap after GC invocations=93 (full 53):
 garbage-first heap   total 524288K, used 354571K [0x00000007dae00000, 0x00000007fae00000, 0x00000007fae00000)
  region size 1024K, 1 young (1024K), 1 survivors (1024K)
 compacting perm gen  total 20480K, used 2870K [0x00000007fae00000, 0x00000007fc200000, 0x0000000800000000)
   the space 20480K,  14% used [0x00000007fae00000, 0x00000007fb0cda98, 0x00000007fb0cdc00, 0x00000007fc200000)
No shared spaces configured.
}
2.645: [GC concurrent-root-region-scan-start]
2.645: [GC concurrent-root-region-scan-end, 0.0000860]
2.645: [GC concurrent-mark-start]
2.647: [GC concurrent-mark-end, 0.0024160 sec]
2.655: [GC remark 2.655: [GC ref-proc, 0.0000160 secs], 0.0027190 secs]
 [Times: user=0.00 sys=0.00, real=0.01 secs] 
2.658: [GC cleanup 365M->253M(512M), 0.0005290 secs]
 [Times: user=0.00 sys=0.00, real=0.00 secs] 
2.658: [GC concurrent-cleanup-start]
2.658: [GC concurrent-cleanup-end, 0.0002540]
{Heap before GC invocations=94 (full 53):
 garbage-first heap   total 524288K, used 302014K [0x00000007dae00000, 0x00000007fae00000, 0x00000007fae00000)
  region size 1024K, 2 young (2048K), 1 survivors (1024K)
 compacting perm gen  total 20480K, used 2870K [0x00000007fae00000, 0x00000007fc200000, 0x0000000800000000)
   the space 20480K,  14% used [0x00000007fae00000, 0x00000007fb0cda98, 0x00000007fb0cdc00, 0x00000007fc200000)
No shared spaces configured.
2.685: [GC pause (young)
Desired survivor size 6815744 bytes, new threshold 15 (max 15)
- age   1:        288 bytes,        288 total
- age   3:         40 bytes,        328 total
- age   4:         56 bytes,        384 total
- age   5:        120 bytes,        504 total
- age   6:         40 bytes,        544 total
 (initial-mark), 0.00123300 secs]
   [Parallel Time:   1.0 ms]
      [GC Worker Start (ms):  2685.0  2685.0
       Avg: 2685.0, Min: 2685.0, Max: 2685.0, Diff:   0.0]
      [Ext Root Scanning (ms):  0.7  0.8
       Avg:   0.8, Min:   0.7, Max:   0.8, Diff:   0.1]
      [Update RS (ms):  0.0  0.0
       Avg:   0.0, Min:   0.0, Max:   0.0, Diff:   0.0]
         [Processed Buffers : 2 1
          Sum: 3, Avg: 1, Min: 1, Max: 2, Diff: 1]
      [Scan RS (ms):  0.0  0.0
       Avg:   0.0, Min:   0.0, Max:   0.0, Diff:   0.0]
      [Object Copy (ms):  0.2  0.1
       Avg:   0.2, Min:   0.1, Max:   0.2, Diff:   0.1]
      [Termination (ms):  0.0  0.0
       Avg:   0.0, Min:   0.0, Max:   0.0, Diff:   0.0]
         [Termination Attempts : 1 1
          Sum: 2, Avg: 1, Min: 1, Max: 1, Diff: 0]
      [GC Worker End (ms):  2685.9  2685.9
       Avg: 2685.9, Min: 2685.9, Max: 2685.9, Diff:   0.0]
      [GC Worker (ms):  1.0  0.9
       Avg:   1.0, Min:   0.9, Max:   1.0, Diff:   0.0]
      [GC Worker Other (ms):  0.1  0.1
       Avg:   0.1, Min:   0.1, Max:   0.1, Diff:   0.0]
   [Clear CT:   0.0 ms]
   [Other:   0.2 ms]
      [Choose CSet:   0.0 ms]
      [Ref Proc:   0.1 ms]
      [Ref Enq:   0.0 ms]
      [Free CSet:   0.0 ms]
   [Eden: 1024K(102M)->0B(155M) Survivors: 1024K->1024K Heap: 295M(512M)->294M(512M)]
 [Times: user=0.00 sys=0.00, real=0.01 secs] 
Heap after GC invocations=95 (full 54):
 garbage-first heap   total 524288K, used 302014K [0x00000007dae00000, 0x00000007fae00000, 0x00000007fae00000)
  region size 1024K, 1 young (1024K), 1 survivors (1024K)
 compacting perm gen  total 20480K, used 2870K [0x00000007fae00000, 0x00000007fc200000, 0x0000000800000000)
   the space 20480K,  14% used [0x00000007fae00000, 0x00000007fb0cda98, 0x00000007fb0cdc00, 0x00000007fc200000)
No shared spaces configured.
}
2.686: [GC concurrent-root-region-scan-start]
2.686: [GC concurrent-root-region-scan-end, 0.0000820]
2.686: [GC concurrent-mark-start]
2.688: [GC concurrent-mark-end, 0.0014100 sec]
2.693: [GC remark 2.693: [GC ref-proc, 0.0000160 secs], 0.0035210 secs]
 [Times: user=0.01 sys=0.00, real=0.01 secs] 
2.697: [GC cleanup 309M->280M(512M), 0.0004490 secs]
 [Times: user=0.00 sys=0.00, real=0.00 secs] 
2.697: [GC concurrent-cleanup-start]
2.697: [GC concurrent-cleanup-end, 0.0000670]
{Heap before GC invocations=96 (full 54):
 garbage-first heap   total 524288K, used 309751K [0x00000007dae00000, 0x00000007fae00000, 0x00000007fae00000)
  region size 1024K, 2 young (2048K), 1 survivors (1024K)
 compacting perm gen  total 20480K, used 2870K [0x00000007fae00000, 0x00000007fc200000, 0x0000000800000000)
   the space 20480K,  14% used [0x00000007fae00000, 0x00000007fb0cda98, 0x00000007fb0cdc00, 0x00000007fc200000)
No shared spaces configured.
2.713: [GC pause (young)
Desired survivor size 10485760 bytes, new threshold 15 (max 15)
- age   1:        184 bytes,        184 total
- age   2:        216 bytes,        400 total
- age   5:         40 bytes,        440 total
- age   6:        120 bytes,        560 total
- age   7:         40 bytes,        600 total
 (initial-mark), 0.00136400 secs]
   [Parallel Time:   1.2 ms]
      [GC Worker Start (ms):  2713.3  2713.3
       Avg: 2713.3, Min: 2713.3, Max: 2713.3, Diff:   0.0]
      [Ext Root Scanning (ms):  0.8  0.9
       Avg:   0.8, Min:   0.8, Max:   0.9, Diff:   0.2]
      [Update RS (ms):  0.0  0.0
       Avg:   0.0, Min:   0.0, Max:   0.0, Diff:   0.0]
         [Processed Buffers : 3 0
          Sum: 3, Avg: 1, Min: 0, Max: 3, Diff: 3]
      [Scan RS (ms):  0.0  0.0
       Avg:   0.0, Min:   0.0, Max:   0.0, Diff:   0.0]
      [Object Copy (ms):  0.2  0.1
       Avg:   0.2, Min:   0.1, Max:   0.2, Diff:   0.1]
      [Termination (ms):  0.1  0.0
       Avg:   0.0, Min:   0.0, Max:   0.1, Diff:   0.1]
         [Termination Attempts : 1 1
          Sum: 2, Avg: 1, Min: 1, Max: 1, Diff: 0]
      [GC Worker End (ms):  2714.4  2714.4
       Avg: 2714.4, Min: 2714.4, Max: 2714.4, Diff:   0.0]
      [GC Worker (ms):  1.1  1.1
       Avg:   1.1, Min:   1.1, Max:   1.1, Diff:   0.0]
      [GC Worker Other (ms):  0.1  0.1
       Avg:   0.1, Min:   0.1, Max:   0.1, Diff:   0.0]
   [Clear CT:   0.0 ms]
   [Other:   0.2 ms]
      [Choose CSet:   0.0 ms]
      [Ref Proc:   0.0 ms]
      [Ref Enq:   0.0 ms]
      [Free CSet:   0.0 ms]
   [Eden: 1024K(155M)->0B(147M) Survivors: 1024K->1024K Heap: 302M(512M)->302M(512M)]
 [Times: user=0.00 sys=0.01, real=0.00 secs] 
Heap after GC invocations=97 (full 55):
 garbage-first heap   total 524288K, used 309751K [0x00000007dae00000, 0x00000007fae00000, 0x00000007fae00000)
  region size 1024K, 1 young (1024K), 1 survivors (1024K)
 compacting perm gen  total 20480K, used 2870K [0x00000007fae00000, 0x00000007fc200000, 0x0000000800000000)
   the space 20480K,  14% used [0x00000007fae00000, 0x00000007fb0cda98, 0x00000007fb0cdc00, 0x00000007fc200000)
No shared spaces configured.
}
2.715: [GC concurrent-root-region-scan-start]
2.715: [GC concurrent-root-region-scan-end, 0.0000800]
2.715: [GC concurrent-mark-start]
2.717: [GC concurrent-mark-end, 0.0023320 sec]
2.727: [GC remark 2.728: [GC ref-proc, 0.0000190 secs], 0.0037140 secs]
 [Times: user=0.00 sys=0.00, real=0.00 secs] 
2.731: [GC cleanup 325M->281M(512M), 0.0004500 secs]
 [Times: user=0.00 sys=0.00, real=0.00 secs] 
2.731: [GC concurrent-cleanup-start]
2.731: [GC concurrent-cleanup-end, 0.0000980]
{Heap before GC invocations=98 (full 55):
 garbage-first heap   total 524288K, used 345960K [0x00000007dae00000, 0x00000007fae00000, 0x00000007fae00000)
  region size 1024K, 2 young (2048K), 1 survivors (1024K)
 compacting perm gen  total 20480K, used 2870K [0x00000007fae00000, 0x00000007fc200000, 0x0000000800000000)
   the space 20480K,  14% used [0x00000007fae00000, 0x00000007fb0cda98, 0x00000007fb0cdc00, 0x00000007fc200000)
No shared spaces configured.
2.765: [GC pause (young)
Desired survivor size 9961472 bytes, new threshold 15 (max 15)
- age   1:         72 bytes,         72 total
- age   2:        128 bytes,        200 total
- age   3:        176 bytes,        376 total
- age   6:         40 bytes,        416 total
- age   7:        120 bytes,        536 total
- age   8:         40 bytes,        576 total
 (initial-mark), 0.00117400 secs]
   [Parallel Time:   1.0 ms]
      [GC Worker Start (ms):  2765.4  2765.4
       Avg: 2765.4, Min: 2765.4, Max: 2765.4, Diff:   0.0]
      [Ext Root Scanning (ms):  0.7  0.8
       Avg:   0.8, Min:   0.7, Max:   0.8, Diff:   0.1]
      [Update RS (ms):  0.0  0.0
       Avg:   0.0, Min:   0.0, Max:   0.0, Diff:   0.0]
         [Processed Buffers : 2 0
          Sum: 2, Avg: 1, Min: 0, Max: 2, Diff: 2]
      [Scan RS (ms):  0.0  0.0
       Avg:   0.0, Min:   0.0, Max:   0.0, Diff:   0.0]
      [Object Copy (ms):  0.1  0.2
       Avg:   0.2, Min:   0.1, Max:   0.2, Diff:   0.0]
      [Termination (ms):  0.0  0.0
       Avg:   0.0, Min:   0.0, Max:   0.0, Diff:   0.0]
         [Termination Attempts : 1 1
          Sum: 2, Avg: 1, Min: 1, Max: 1, Diff: 0]
      [GC Worker End (ms):  2766.4  2766.4
       Avg: 2766.4, Min: 2766.4, Max: 2766.4, Diff:   0.0]
      [GC Worker (ms):  1.0  1.0
       Avg:   1.0, Min:   1.0, Max:   1.0, Diff:   0.0]
      [GC Worker Other (ms):  0.0  0.1
       Avg:   0.1, Min:   0.0, Max:   0.1, Diff:   0.0]
   [Clear CT:   0.0 ms]
   [Other:   0.2 ms]
      [Choose CSet:   0.0 ms]
      [Ref Proc:   0.0 ms]
      [Ref Enq:   0.0 ms]
      [Free CSet:   0.0 ms]
   [Eden: 1024K(147M)->0B(110M) Survivors: 1024K->1024K Heap: 337M(512M)->337M(512M)]
 [Times: user=0.00 sys=0.00, real=0.01 secs] 
Heap after GC invocations=99 (full 56):
 garbage-first heap   total 524288K, used 345960K [0x00000007dae00000, 0x00000007fae00000, 0x00000007fae00000)
  region size 1024K, 1 young (1024K), 1 survivors (1024K)
 compacting perm gen  total 20480K, used 2870K [0x00000007fae00000, 0x00000007fc200000, 0x0000000800000000)
   the space 20480K,  14% used [0x00000007fae00000, 0x00000007fb0cda98, 0x00000007fb0cdc00, 0x00000007fc200000)
No shared spaces configured.
}
2.767: [GC concurrent-root-region-scan-start]
2.767: [GC concurrent-root-region-scan-end, 0.0000860]
2.767: [GC concurrent-mark-start]
2.768: [GC concurrent-mark-end, 0.0015750 sec]
2.773: [GC remark 2.774: [GC ref-proc, 0.0000160 secs], 0.0034560 secs]
 [Times: user=0.01 sys=0.00, real=0.01 secs] 
2.777: [GC cleanup 351M->311M(512M), 0.0004980 secs]
 [Times: user=0.00 sys=0.00, real=0.00 secs] 
2.778: [GC concurrent-cleanup-start]
2.778: [GC concurrent-cleanup-end, 0.0000990]
{Heap before GC invocations=100 (full 56):
 garbage-first heap   total 524288K, used 341437K [0x00000007dae00000, 0x00000007fae00000, 0x00000007fae00000)
  region size 1024K, 2 young (2048K), 1 survivors (1024K)
 compacting perm gen  total 20480K, used 2870K [0x00000007fae00000, 0x00000007fc200000, 0x0000000800000000)
   the space 20480K,  14% used [0x00000007fae00000, 0x00000007fb0cda98, 0x00000007fb0cdc00, 0x00000007fc200000)
No shared spaces configured.
2.794: [GC pause (young)
Desired survivor size 7340032 bytes, new threshold 15 (max 15)
- age   1:        208 bytes,        208 total
- age   2:         72 bytes,        280 total
- age   3:         96 bytes,        376 total
- age   4:         40 bytes,        416 total
- age   7:         40 bytes,        456 total
- age   8:        120 bytes,        576 total
- age   9:         40 bytes,        616 total
 (initial-mark), 0.00127000 secs]
   [Parallel Time:   1.1 ms]
      [GC Worker Start (ms):  2793.9  2794.0
       Avg: 2793.9, Min: 2793.9, Max: 2794.0, Diff:   0.0]
      [Ext Root Scanning (ms):  0.8  0.9
       Avg:   0.8, Min:   0.8, Max:   0.9, Diff:   0.0]
      [Update RS (ms):  0.0  0.0
       Avg:   0.0, Min:   0.0, Max:   0.0, Diff:   0.0]
         [Processed Buffers : 2 0
          Sum: 2, Avg: 1, Min: 0, Max: 2, Diff: 2]
      [Scan RS (ms):  0.0  0.0
       Avg:   0.0, Min:   0.0, Max:   0.0, Diff:   0.0]
      [Object Copy (ms):  0.1  0.2
       Avg:   0.1, Min:   0.1, Max:   0.2, Diff:   0.0]
      [Termination (ms):  0.0  0.0
       Avg:   0.0, Min:   0.0, Max:   0.0, Diff:   0.0]
         [Termination Attempts : 1 1
          Sum: 2, Avg: 1, Min: 1, Max: 1, Diff: 0]
      [GC Worker End (ms):  2795.0  2795.0
       Avg: 2795.0, Min: 2795.0, Max: 2795.0, Diff:   0.0]
      [GC Worker (ms):  1.0  1.0
       Avg:   1.0, Min:   1.0, Max:   1.0, Diff:   0.0]
      [GC Worker Other (ms):  0.1  0.1
       Avg:   0.1, Min:   0.1, Max:   0.1, Diff:   0.0]
   [Clear CT:   0.0 ms]
   [Other:   0.2 ms]
      [Choose CSet:   0.0 ms]
      [Ref Proc:   0.0 ms]
      [Ref Enq:   0.0 ms]
      [Free CSet:   0.0 ms]
   [Eden: 1024K(110M)->0B(114M) Survivors: 1024K->1024K Heap: 333M(512M)->333M(512M)]
 [Times: user=0.01 sys=0.00, real=0.00 secs] 
Heap after GC invocations=101 (full 57):
 garbage-first heap   total 524288K, used 341437K [0x00000007dae00000, 0x00000007fae00000, 0x00000007fae00000)
  region size 1024K, 1 young (1024K), 1 survivors (1024K)
 compacting perm gen  total 20480K, used 2870K [0x00000007fae00000, 0x00000007fc200000, 0x0000000800000000)
   the space 20480K,  14% used [0x00000007fae00000, 0x00000007fb0cda98, 0x00000007fb0cdc00, 0x00000007fc200000)
No shared spaces configured.
}
2.795: [GC concurrent-root-region-scan-start]
2.845: [GC concurrent-root-region-scan-end, 0.0498730]
2.845: [GC concurrent-mark-start]
{Heap before GC invocations=101 (full 57):
 garbage-first heap   total 524288K, used 452953K [0x00000007dae00000, 0x00000007fae00000, 0x00000007fae00000)
  region size 1024K, 2 young (2048K), 1 survivors (1024K)
 compacting perm gen  total 20480K, used 2870K [0x00000007fae00000, 0x00000007fc200000, 0x0000000800000000)
   the space 20480K,  14% used [0x00000007fae00000, 0x00000007fb0cda98, 0x00000007fb0cdc00, 0x00000007fc200000)
No shared spaces configured.
2.853: [GC pause (young)
Desired survivor size 7864320 bytes, new threshold 15 (max 15)
- age   1:        136 bytes,        136 total
- age   2:        192 bytes,        328 total
- age   3:         16 bytes,        344 total
- age   4:         40 bytes,        384 total
- age   5:         40 bytes,        424 total
- age   8:         40 bytes,        464 total
- age   9:        120 bytes,        584 total
- age  10:         40 bytes,        624 total
, 0.00099200 secs]
   [Parallel Time:   0.9 ms]
      [GC Worker Start (ms):  2852.6  2852.6
       Avg: 2852.6, Min: 2852.6, Max: 2852.6, Diff:   0.0]
      [Ext Root Scanning (ms):  0.7  0.8
       Avg:   0.8, Min:   0.7, Max:   0.8, Diff:   0.0]
      [SATB Filtering (ms):  0.0  0.0
       Avg:   0.0, Min:   0.0, Max:   0.0, Diff:   0.0]
      [Update RS (ms):  0.0  0.0
       Avg:   0.0, Min:   0.0, Max:   0.0, Diff:   0.0]
         [Processed Buffers : 2 0
          Sum: 2, Avg: 1, Min: 0, Max: 2, Diff: 2]
      [Scan RS (ms):  0.0  0.0
       Avg:   0.0, Min:   0.0, Max:   0.0, Diff:   0.0]
      [Object Copy (ms):  0.1  0.0
       Avg:   0.0, Min:   0.0, Max:   0.1, Diff:   0.0]
      [Termination (ms):  0.0  0.0
       Avg:   0.0, Min:   0.0, Max:   0.0, Diff:   0.0]
         [Termination Attempts : 1 1
          Sum: 2, Avg: 1, Min: 1, Max: 1, Diff: 0]
      [GC Worker End (ms):  2853.4  2853.4
       Avg: 2853.4, Min: 2853.4, Max: 2853.4, Diff:   0.0]
      [GC Worker (ms):  0.8  0.8
       Avg:   0.8, Min:   0.8, Max:   0.8, Diff:   0.0]
      [GC Worker Other (ms):  0.1  0.1
       Avg:   0.1, Min:   0.1, Max:   0.1, Diff:   0.0]
   [Complete CSet Marking:   0.0 ms]
   [Clear CT:   0.0 ms]
   [Other:   0.1 ms]
      [Choose CSet:   0.0 ms]
      [Ref Proc:   0.0 ms]
      [Ref Enq:   0.0 ms]
      [Free CSet:   0.0 ms]
   [Eden: 1024K(114M)->0B(101M) Survivors: 1024K->1024K Heap: 442M(512M)->442M(512M)]
 [Times: user=0.00 sys=0.00, real=0.00 secs] 
Heap after GC invocations=102 (full 57):
 garbage-first heap   total 524288K, used 452953K [0x00000007dae00000, 0x00000007fae00000, 0x00000007fae00000)
  region size 1024K, 1 young (1024K), 1 survivors (1024K)
 compacting perm gen  total 20480K, used 2870K [0x00000007fae00000, 0x00000007fc200000, 0x0000000800000000)
   the space 20480K,  14% used [0x00000007fae00000, 0x00000007fb0cda98, 0x00000007fb0cdc00, 0x00000007fc200000)
No shared spaces configured.
}
{Heap before GC invocations=102 (full 57):
 garbage-first heap   total 524288K, used 452953K [0x00000007dae00000, 0x00000007fae00000, 0x00000007fae00000)
  region size 1024K, 1 young (1024K), 1 survivors (1024K)
 compacting perm gen  total 20480K, used 2870K [0x00000007fae00000, 0x00000007fc200000, 0x0000000800000000)
   the space 20480K,  14% used [0x00000007fae00000, 0x00000007fb0cda98, 0x00000007fb0cdc00, 0x00000007fc200000)
No shared spaces configured.
2.854: [Full GC 442M->334M(512M), 0.0110880 secs]
 [Times: user=0.01 sys=0.00, real=0.01 secs] 
Heap after GC invocations=103 (full 58):
 garbage-first heap   total 524288K, used 342992K [0x00000007dae00000, 0x00000007fae00000, 0x00000007fae00000)
  region size 1024K, 0 young (0K), 0 survivors (0K)
 compacting perm gen  total 20480K, used 2870K [0x00000007fae00000, 0x00000007fc200000, 0x0000000800000000)
   the space 20480K,  14% used [0x00000007fae00000, 0x00000007fb0cda98, 0x00000007fb0cdc00, 0x00000007fc200000)
No shared spaces configured.
}
2.876: [GC concurrent-mark-abort]
{Heap before GC invocations=103 (full 58):
 garbage-first heap   total 524288K, used 450908K [0x00000007dae00000, 0x00000007fae00000, 0x00000007fae00000)
  region size 1024K, 1 young (1024K), 0 survivors (0K)
 compacting perm gen  total 20480K, used 2870K [0x00000007fae00000, 0x00000007fc200000, 0x0000000800000000)
   the space 20480K,  14% used [0x00000007fae00000, 0x00000007fb0cda98, 0x00000007fb0cdc00, 0x00000007fc200000)
No shared spaces configured.
2.925: [GC pause (young)
Desired survivor size 7864320 bytes, new threshold 15 (max 15)
- age   1:        200 bytes,        200 total
- age   2:        120 bytes,        320 total
- age   3:         56 bytes,        376 total
- age   5:         40 bytes,        416 total
- age   9:         40 bytes,        456 total
- age  10:        120 bytes,        576 total
- age  11:         40 bytes,        616 total
 (initial-mark), 0.00212300 secs]
   [Parallel Time:   2.0 ms]
      [GC Worker Start (ms):  2925.5  2925.5
       Avg: 2925.5, Min: 2925.5, Max: 2925.5, Diff:   0.0]
      [Ext Root Scanning (ms):  1.8  1.6
       Avg:   1.7, Min:   1.6, Max:   1.8, Diff:   0.1]
      [Update RS (ms):  0.0  0.0
       Avg:   0.0, Min:   0.0, Max:   0.0, Diff:   0.0]
         [Processed Buffers : 0 2
          Sum: 2, Avg: 1, Min: 0, Max: 2, Diff: 2]
      [Scan RS (ms):  0.0  0.0
       Avg:   0.0, Min:   0.0, Max:   0.0, Diff:   0.0]
      [Object Copy (ms):  0.1  0.2
       Avg:   0.2, Min:   0.1, Max:   0.2, Diff:   0.1]
      [Termination (ms):  0.0  0.0
       Avg:   0.0, Min:   0.0, Max:   0.0, Diff:   0.0]
         [Termination Attempts : 1 1
          Sum: 2, Avg: 1, Min: 1, Max: 1, Diff: 0]
      [GC Worker End (ms):  2927.4  2927.4
       Avg: 2927.4, Min: 2927.4, Max: 2927.4, Diff:   0.0]
      [GC Worker (ms):  1.9  1.9
       Avg:   1.9, Min:   1.9, Max:   1.9, Diff:   0.0]
      [GC Worker Other (ms):  0.1  0.1
       Avg:   0.1, Min:   0.1, Max:   0.1, Diff:   0.0]
   [Clear CT:   0.0 ms]
   [Other:   0.1 ms]
      [Choose CSet:   0.0 ms]
      [Ref Proc:   0.0 ms]
      [Ref Enq:   0.0 ms]
      [Free CSet:   0.0 ms]
   [Eden: 1024K(101M)->0B(101M) Survivors: 0B->1024K Heap: 440M(512M)->440M(512M)]
 [Times: user=0.00 sys=0.00, real=0.01 secs] 
Heap after GC invocations=104 (full 59):
 garbage-first heap   total 524288K, used 450972K [0x00000007dae00000, 0x00000007fae00000, 0x00000007fae00000)
  region size 1024K, 1 young (1024K), 1 survivors (1024K)
 compacting perm gen  total 20480K, used 2870K [0x00000007fae00000, 0x00000007fc200000, 0x0000000800000000)
   the space 20480K,  14% used [0x00000007fae00000, 0x00000007fb0cda98, 0x00000007fb0cdc00, 0x00000007fc200000)
No shared spaces configured.
}
2.928: [GC concurrent-root-region-scan-start]
2.928: [GC concurrent-root-region-scan-end, 0.0000500]
2.928: [GC concurrent-mark-start]
{Heap before GC invocations=104 (full 59):
 garbage-first heap   total 524288K, used 450972K [0x00000007dae00000, 0x00000007fae00000, 0x00000007fae00000)
  region size 1024K, 1 young (1024K), 1 survivors (1024K)
 compacting perm gen  total 20480K, used 2870K [0x00000007fae00000, 0x00000007fc200000, 0x0000000800000000)
   the space 20480K,  14% used [0x00000007fae00000, 0x00000007fb0cda98, 0x00000007fb0cdc00, 0x00000007fc200000)
No shared spaces configured.
2.928: [GC pause (young)
Desired survivor size 6815744 bytes, new threshold 15 (max 15)
- age   1:        360 bytes,        360 total
, 0.00069400 secs]
   [Parallel Time:   0.6 ms]
      [GC Worker Start (ms):  2927.9  2927.9
       Avg: 2927.9, Min: 2927.9, Max: 2927.9, Diff:   0.0]
      [Ext Root Scanning (ms):  0.5  0.4
       Avg:   0.5, Min:   0.4, Max:   0.5, Diff:   0.1]
      [SATB Filtering (ms):  0.0  0.0
       Avg:   0.0, Min:   0.0, Max:   0.0, Diff:   0.0]
      [Update RS (ms):  0.0  0.0
       Avg:   0.0, Min:   0.0, Max:   0.0, Diff:   0.0]
         [Processed Buffers : 0 2
          Sum: 2, Avg: 1, Min: 0, Max: 2, Diff: 2]
      [Scan RS (ms):  0.0  0.0
       Avg:   0.0, Min:   0.0, Max:   0.0, Diff:   0.0]
      [Object Copy (ms):  0.0  0.0
       Avg:   0.0, Min:   0.0, Max:   0.0, Diff:   0.0]
      [Termination (ms):  0.0  0.1
       Avg:   0.0, Min:   0.0, Max:   0.1, Diff:   0.1]
         [Termination Attempts : 1 1
          Sum: 2, Avg: 1, Min: 1, Max: 1, Diff: 0]
      [GC Worker End (ms):  2928.4  2928.4
       Avg: 2928.4, Min: 2928.4, Max: 2928.4, Diff:   0.0]
      [GC Worker (ms):  0.6  0.6
       Avg:   0.6, Min:   0.6, Max:   0.6, Diff:   0.0]
      [GC Worker Other (ms):  0.1  0.1
       Avg:   0.1, Min:   0.1, Max:   0.1, Diff:   0.0]
   [Complete CSet Marking:   0.0 ms]
   [Clear CT:   0.0 ms]
   [Other:   0.1 ms]
      [Choose CSet:   0.0 ms]
      [Ref Proc:   0.0 ms]
      [Ref Enq:   0.0 ms]
      [Free CSet:   0.0 ms]
   [Eden: 0B(101M)->0B(101M) Survivors: 1024K->1024K Heap: 440M(512M)->440M(512M)]
 [Times: user=0.00 sys=0.00, real=0.00 secs] 
Heap after GC invocations=105 (full 59):
 garbage-first heap   total 524288K, used 450972K [0x00000007dae00000, 0x00000007fae00000, 0x00000007fae00000)
  region size 1024K, 1 young (1024K), 1 survivors (1024K)
 compacting perm gen  total 20480K, used 2870K [0x00000007fae00000, 0x00000007fc200000, 0x0000000800000000)
   the space 20480K,  14% used [0x00000007fae00000, 0x00000007fb0cda98, 0x00000007fb0cdc00, 0x00000007fc200000)
No shared spaces configured.
}
{Heap before GC invocations=105 (full 59):
 garbage-first heap   total 524288K, used 450972K [0x00000007dae00000, 0x00000007fae00000, 0x00000007fae00000)
  region size 1024K, 1 young (1024K), 1 survivors (1024K)
 compacting perm gen  total 20480K, used 2870K [0x00000007fae00000, 0x00000007fc200000, 0x0000000800000000)
   the space 20480K,  14% used [0x00000007fae00000, 0x00000007fb0cda98, 0x00000007fb0cdc00, 0x00000007fc200000)
No shared spaces configured.
2.929: [Full GC 440M->195M(512M), 0.0113430 secs]
 [Times: user=0.01 sys=0.00, real=0.01 secs] 
Heap after GC invocations=106 (full 60):
 garbage-first heap   total 524288K, used 199983K [0x00000007dae00000, 0x00000007fae00000, 0x00000007fae00000)
  region size 1024K, 0 young (0K), 0 survivors (0K)
 compacting perm gen  total 20480K, used 2870K [0x00000007fae00000, 0x00000007fc200000, 0x0000000800000000)
   the space 20480K,  14% used [0x00000007fae00000, 0x00000007fb0cda98, 0x00000007fb0cdc00, 0x00000007fc200000)
No shared spaces configured.
}
2.940: [GC concurrent-mark-abort]
{Heap before GC invocations=106 (full 60):
 garbage-first heap   total 524288K, used 239530K [0x00000007dae00000, 0x00000007fae00000, 0x00000007fae00000)
  region size 1024K, 1 young (1024K), 0 survivors (0K)
 compacting perm gen  total 20480K, used 2870K [0x00000007fae00000, 0x00000007fc200000, 0x0000000800000000)
   the space 20480K,  14% used [0x00000007fae00000, 0x00000007fb0cda98, 0x00000007fb0cdc00, 0x00000007fc200000)
No shared spaces configured.
2.966: [GC pause (young)
Desired survivor size 17301504 bytes, new threshold 15 (max 15)
- age   2:        360 bytes,        360 total
 (initial-mark), 0.00167600 secs]
   [Parallel Time:   1.5 ms]
      [GC Worker Start (ms):  2966.5  2966.5
       Avg: 2966.5, Min: 2966.5, Max: 2966.5, Diff:   0.0]
      [Ext Root Scanning (ms):  1.2  1.2
       Avg:   1.2, Min:   1.2, Max:   1.2, Diff:   0.1]
      [Update RS (ms):  0.0  0.0
       Avg:   0.0, Min:   0.0, Max:   0.0, Diff:   0.0]
         [Processed Buffers : 3 0
          Sum: 3, Avg: 1, Min: 0, Max: 3, Diff: 3]
      [Scan RS (ms):  0.0  0.0
       Avg:   0.0, Min:   0.0, Max:   0.0, Diff:   0.0]
      [Object Copy (ms):  0.2  0.2
       Avg:   0.2, Min:   0.2, Max:   0.2, Diff:   0.0]
      [Termination (ms):  0.0  0.0
       Avg:   0.0, Min:   0.0, Max:   0.0, Diff:   0.0]
         [Termination Attempts : 1 1
          Sum: 2, Avg: 1, Min: 1, Max: 1, Diff: 0]
      [GC Worker End (ms):  2967.9  2967.9
       Avg: 2967.9, Min: 2967.9, Max: 2967.9, Diff:   0.0]
      [GC Worker (ms):  1.4  1.4
       Avg:   1.4, Min:   1.4, Max:   1.4, Diff:   0.0]
      [GC Worker Other (ms):  0.1  0.1
       Avg:   0.1, Min:   0.1, Max:   0.1, Diff:   0.0]
   [Clear CT:   0.0 ms]
   [Other:   0.2 ms]
      [Choose CSet:   0.0 ms]
      [Ref Proc:   0.0 ms]
      [Ref Enq:   0.0 ms]
      [Free CSet:   0.0 ms]
   [Eden: 1024K(101M)->0B(217M) Survivors: 0B->1024K Heap: 234M(512M)->233M(512M)]
 [Times: user=0.00 sys=0.00, real=0.00 secs] 
Heap after GC invocations=107 (full 61):
 garbage-first heap   total 524288K, used 239594K [0x00000007dae00000, 0x00000007fae00000, 0x00000007fae00000)
  region size 1024K, 1 young (1024K), 1 survivors (1024K)
 compacting perm gen  total 20480K, used 2870K [0x00000007fae00000, 0x00000007fc200000, 0x0000000800000000)
   the space 20480K,  14% used [0x00000007fae00000, 0x00000007fb0cda98, 0x00000007fb0cdc00, 0x00000007fc200000)
No shared spaces configured.
}
2.968: [GC concurrent-root-region-scan-start]
2.969: [GC concurrent-root-region-scan-end, 0.0005900]
2.969: [GC concurrent-mark-start]
2.983: [GC concurrent-mark-end, 0.0138620 sec]
3.021: [GC remark 3.022: [GC ref-proc, 0.0000220 secs], 0.0028100 secs]
 [Times: user=0.01 sys=0.00, real=0.00 secs] 
3.024: [GC cleanup 337M->323M(512M), 0.0004790 secs]
 [Times: user=0.00 sys=0.00, real=0.00 secs] 
3.025: [GC concurrent-cleanup-start]
3.025: [GC concurrent-cleanup-end, 0.0000360]
{Heap before GC invocations=108 (full 61):
 garbage-first heap   total 524288K, used 357764K [0x00000007dae00000, 0x00000007fae00000, 0x00000007fae00000)
  region size 1024K, 2 young (2048K), 1 survivors (1024K)
 compacting perm gen  total 20480K, used 2870K [0x00000007fae00000, 0x00000007fc200000, 0x0000000800000000)
   the space 20480K,  14% used [0x00000007fae00000, 0x00000007fb0cda98, 0x00000007fb0cdc00, 0x00000007fc200000)
No shared spaces configured.
3.043: [GC pause (young)
Desired survivor size 14680064 bytes, new threshold 15 (max 15)
- age   1:        224 bytes,        224 total
 (initial-mark), 0.00125200 secs]
   [Parallel Time:   1.1 ms]
      [GC Worker Start (ms):  3043.0  3043.0
       Avg: 3043.0, Min: 3043.0, Max: 3043.0, Diff:   0.0]
      [Ext Root Scanning (ms):  0.8  0.8
       Avg:   0.8, Min:   0.8, Max:   0.8, Diff:   0.1]
      [Update RS (ms):  0.0  0.0
       Avg:   0.0, Min:   0.0, Max:   0.0, Diff:   0.0]
         [Processed Buffers : 5 0
          Sum: 5, Avg: 2, Min: 0, Max: 5, Diff: 5]
      [Scan RS (ms):  0.0  0.0
       Avg:   0.0, Min:   0.0, Max:   0.0, Diff:   0.0]
      [Object Copy (ms):  0.1  0.2
       Avg:   0.2, Min:   0.1, Max:   0.2, Diff:   0.0]
      [Termination (ms):  0.0  0.0
       Avg:   0.0, Min:   0.0, Max:   0.0, Diff:   0.0]
         [Termination Attempts : 1 1
          Sum: 2, Avg: 1, Min: 1, Max: 1, Diff: 0]
      [GC Worker End (ms):  3044.0  3044.0
       Avg: 3044.0, Min: 3044.0, Max: 3044.0, Diff:   0.0]
      [GC Worker (ms):  1.0  1.0
       Avg:   1.0, Min:   1.0, Max:   1.0, Diff:   0.0]
      [GC Worker Other (ms):  0.1  0.1
       Avg:   0.1, Min:   0.1, Max:   0.1, Diff:   0.0]
   [Clear CT:   0.0 ms]
   [Other:   0.2 ms]
      [Choose CSet:   0.0 ms]
      [Ref Proc:   0.0 ms]
      [Ref Enq:   0.0 ms]
      [Free CSet:   0.0 ms]
   [Eden: 1024K(217M)->0B(101M) Survivors: 1024K->1024K Heap: 349M(512M)->349M(512M)]
 [Times: user=0.00 sys=0.00, real=0.00 secs] 
Heap after GC invocations=109 (full 62):
 garbage-first heap   total 524288K, used 357764K [0x00000007dae00000, 0x00000007fae00000, 0x00000007fae00000)
  region size 1024K, 1 young (1024K), 1 survivors (1024K)
 compacting perm gen  total 20480K, used 2870K [0x00000007fae00000, 0x00000007fc200000, 0x0000000800000000)
   the space 20480K,  14% used [0x00000007fae00000, 0x00000007fb0cda98, 0x00000007fb0cdc00, 0x00000007fc200000)
No shared spaces configured.
}
3.044: [GC concurrent-root-region-scan-start]
3.044: [GC concurrent-root-region-scan-end, 0.0001060]
3.044: [GC concurrent-mark-start]
3.047: [GC concurrent-mark-end, 0.0023200 sec]
3.057: [GC remark 3.057: [GC ref-proc, 0.0000160 secs], 0.0034370 secs]
 [Times: user=0.00 sys=0.00, real=0.00 secs] 
3.060: [GC cleanup 373M->287M(512M), 0.0004560 secs]
 [Times: user=0.00 sys=0.00, real=0.00 secs] 
3.061: [GC concurrent-cleanup-start]
3.061: [GC concurrent-cleanup-end, 0.0001740]
{Heap before GC invocations=110 (full 62):
 garbage-first heap   total 524288K, used 326674K [0x00000007dae00000, 0x00000007fae00000, 0x00000007fae00000)
  region size 1024K, 2 young (2048K), 1 survivors (1024K)
 compacting perm gen  total 20480K, used 2870K [0x00000007fae00000, 0x00000007fc200000, 0x0000000800000000)
   the space 20480K,  14% used [0x00000007fae00000, 0x00000007fb0cda98, 0x00000007fb0cdc00, 0x00000007fc200000)
No shared spaces configured.
3.082: [GC pause (young)
Desired survivor size 6815744 bytes, new threshold 15 (max 15)
- age   1:        360 bytes,        360 total
- age   2:        192 bytes,        552 total
 (initial-mark), 0.00119300 secs]
   [Parallel Time:   1.0 ms]
      [GC Worker Start (ms):  3082.1  3082.1
       Avg: 3082.1, Min: 3082.1, Max: 3082.1, Diff:   0.0]
      [Ext Root Scanning (ms):  0.7  0.8
       Avg:   0.8, Min:   0.7, Max:   0.8, Diff:   0.1]
      [Update RS (ms):  0.0  0.0
       Avg:   0.0, Min:   0.0, Max:   0.0, Diff:   0.0]
         [Processed Buffers : 4 0
          Sum: 4, Avg: 2, Min: 0, Max: 4, Diff: 4]
      [Scan RS (ms):  0.0  0.0
       Avg:   0.0, Min:   0.0, Max:   0.0, Diff:   0.0]
      [Object Copy (ms):  0.2  0.1
       Avg:   0.2, Min:   0.1, Max:   0.2, Diff:   0.0]
      [Termination (ms):  0.0  0.0
       Avg:   0.0, Min:   0.0, Max:   0.0, Diff:   0.0]
         [Termination Attempts : 1 1
          Sum: 2, Avg: 1, Min: 1, Max: 1, Diff: 0]
      [GC Worker End (ms):  3083.1  3083.1
       Avg: 3083.1, Min: 3083.1, Max: 3083.1, Diff:   0.0]
      [GC Worker (ms):  1.0  1.0
       Avg:   1.0, Min:   1.0, Max:   1.0, Diff:   0.0]
      [GC Worker Other (ms):  0.1  0.1
       Avg:   0.1, Min:   0.1, Max:   0.1, Diff:   0.0]
   [Clear CT:   0.0 ms]
   [Other:   0.2 ms]
      [Choose CSet:   0.0 ms]
      [Ref Proc:   0.0 ms]
      [Ref Enq:   0.0 ms]
      [Free CSet:   0.0 ms]
   [Eden: 1024K(101M)->0B(130M) Survivors: 1024K->1024K Heap: 319M(512M)->319M(512M)]
 [Times: user=0.01 sys=0.00, real=0.00 secs] 
Heap after GC invocations=111 (full 63):
 garbage-first heap   total 524288K, used 326674K [0x00000007dae00000, 0x00000007fae00000, 0x00000007fae00000)
  region size 1024K, 1 young (1024K), 1 survivors (1024K)
 compacting perm gen  total 20480K, used 2870K [0x00000007fae00000, 0x00000007fc200000, 0x0000000800000000)
   the space 20480K,  14% used [0x00000007fae00000, 0x00000007fb0cda98, 0x00000007fb0cdc00, 0x00000007fc200000)
No shared spaces configured.
}
3.083: [GC concurrent-root-region-scan-start]
3.083: [GC concurrent-root-region-scan-end, 0.0001510]
3.083: [GC concurrent-mark-start]
3.085: [GC concurrent-mark-end, 0.0018800 sec]
3.094: [GC remark 3.094: [GC ref-proc, 0.0000160 secs], 0.0032370 secs]
 [Times: user=0.00 sys=0.00, real=0.01 secs] 
3.097: [GC cleanup 338M->275M(512M), 0.0004410 secs]
 [Times: user=0.00 sys=0.00, real=0.00 secs] 
3.097: [GC concurrent-cleanup-start]
3.098: [GC concurrent-cleanup-end, 0.0001450]
{Heap before GC invocations=112 (full 63):
 garbage-first heap   total 524288K, used 359715K [0x00000007dae00000, 0x00000007fae00000, 0x00000007fae00000)
  region size 1024K, 2 young (2048K), 1 survivors (1024K)
 compacting perm gen  total 20480K, used 2870K [0x00000007fae00000, 0x00000007fc200000, 0x0000000800000000)
   the space 20480K,  14% used [0x00000007fae00000, 0x00000007fb0cda98, 0x00000007fb0cdc00, 0x00000007fc200000)
No shared spaces configured.
3.142: [GC pause (young)
Desired survivor size 8912896 bytes, new threshold 15 (max 15)
- age   1:        216 bytes,        216 total
- age   2:        176 bytes,        392 total
- age   3:        160 bytes,        552 total
 (initial-mark), 0.00129700 secs]
   [Parallel Time:   1.1 ms]
      [GC Worker Start (ms):  3142.4  3142.4
       Avg: 3142.4, Min: 3142.4, Max: 3142.4, Diff:   0.0]
      [Ext Root Scanning (ms):  0.8  0.9
       Avg:   0.8, Min:   0.8, Max:   0.9, Diff:   0.1]
      [Update RS (ms):  0.0  0.0
       Avg:   0.0, Min:   0.0, Max:   0.0, Diff:   0.0]
         [Processed Buffers : 4 0
          Sum: 4, Avg: 2, Min: 0, Max: 4, Diff: 4]
      [Scan RS (ms):  0.0  0.0
       Avg:   0.0, Min:   0.0, Max:   0.0, Diff:   0.0]
      [Object Copy (ms):  0.1  0.2
       Avg:   0.1, Min:   0.1, Max:   0.2, Diff:   0.0]
      [Termination (ms):  0.1  0.0
       Avg:   0.1, Min:   0.0, Max:   0.1, Diff:   0.1]
         [Termination Attempts : 1 1
          Sum: 2, Avg: 1, Min: 1, Max: 1, Diff: 0]
      [GC Worker End (ms):  3143.5  3143.5
       Avg: 3143.5, Min: 3143.5, Max: 3143.5, Diff:   0.0]
      [GC Worker (ms):  1.1  1.1
       Avg:   1.1, Min:   1.1, Max:   1.1, Diff:   0.0]
      [GC Worker Other (ms):  0.1  0.1
       Avg:   0.1, Min:   0.1, Max:   0.1, Diff:   0.0]
   [Clear CT:   0.0 ms]
   [Other:   0.2 ms]
      [Choose CSet:   0.0 ms]
      [Ref Proc:   0.0 ms]
      [Ref Enq:   0.0 ms]
      [Free CSet:   0.0 ms]
   [Eden: 1024K(130M)->0B(101M) Survivors: 1024K->1024K Heap: 351M(512M)->351M(512M)]
 [Times: user=0.00 sys=0.00, real=0.00 secs] 
Heap after GC invocations=113 (full 64):
 garbage-first heap   total 524288K, used 359715K [0x00000007dae00000, 0x00000007fae00000, 0x00000007fae00000)
  region size 1024K, 1 young (1024K), 1 survivors (1024K)
 compacting perm gen  total 20480K, used 2870K [0x00000007fae00000, 0x00000007fc200000, 0x0000000800000000)
   the space 20480K,  14% used [0x00000007fae00000, 0x00000007fb0cda98, 0x00000007fb0cdc00, 0x00000007fc200000)
No shared spaces configured.
}
3.144: [GC concurrent-root-region-scan-start]
3.144: [GC concurrent-root-region-scan-end, 0.0000790]
3.144: [GC concurrent-mark-start]
3.154: [GC concurrent-mark-end, 0.0101500 sec]
3.181: [GC remark 3.181: [GC ref-proc, 0.0000140 secs], 0.0031270 secs]
 [Times: user=0.00 sys=0.00, real=0.00 secs] 
3.184: [GC cleanup 421M->374M(512M), 0.0003500 secs]
 [Times: user=0.01 sys=0.00, real=0.00 secs] 
3.185: [GC concurrent-cleanup-start]
3.185: [GC concurrent-cleanup-end, 0.0001050]
{Heap before GC invocations=114 (full 64):
 garbage-first heap   total 524288K, used 383789K [0x00000007dae00000, 0x00000007fae00000, 0x00000007fae00000)
  region size 1024K, 2 young (2048K), 1 survivors (1024K)
 compacting perm gen  total 20480K, used 2870K [0x00000007fae00000, 0x00000007fc200000, 0x0000000800000000)
   the space 20480K,  14% used [0x00000007fae00000, 0x00000007fb0cda98, 0x00000007fb0cdc00, 0x00000007fc200000)
No shared spaces configured.
3.189: [GC pause (young)
Desired survivor size 6815744 bytes, new threshold 15 (max 15)
- age   1:        168 bytes,        168 total
- age   2:        120 bytes,        288 total
- age   3:        136 bytes,        424 total
- age   4:        160 bytes,        584 total
 (initial-mark), 0.00234900 secs]
   [Parallel Time:   2.2 ms]
      [GC Worker Start (ms):  3189.6  3189.6
       Avg: 3189.6, Min: 3189.6, Max: 3189.6, Diff:   0.0]
      [Ext Root Scanning (ms):  0.8  2.0
       Avg:   1.4, Min:   0.8, Max:   2.0, Diff:   1.2]
      [Update RS (ms):  0.0  0.0
       Avg:   0.0, Min:   0.0, Max:   0.0, Diff:   0.0]
         [Processed Buffers : 2 0
          Sum: 2, Avg: 1, Min: 0, Max: 2, Diff: 2]
      [Scan RS (ms):  0.0  0.0
       Avg:   0.0, Min:   0.0, Max:   0.0, Diff:   0.0]
      [Object Copy (ms):  0.2  0.1
       Avg:   0.2, Min:   0.1, Max:   0.2, Diff:   0.1]
      [Termination (ms):  1.1  0.0
       Avg:   0.6, Min:   0.0, Max:   1.1, Diff:   1.1]
         [Termination Attempts : 1 1
          Sum: 2, Avg: 1, Min: 1, Max: 1, Diff: 0]
      [GC Worker End (ms):  3191.7  3191.7
       Avg: 3191.7, Min: 3191.7, Max: 3191.7, Diff:   0.0]
      [GC Worker (ms):  2.1  2.1
       Avg:   2.1, Min:   2.1, Max:   2.1, Diff:   0.0]
      [GC Worker Other (ms):  0.1  0.1
       Avg:   0.1, Min:   0.1, Max:   0.1, Diff:   0.0]
   [Clear CT:   0.0 ms]
   [Other:   0.1 ms]
      [Choose CSet:   0.0 ms]
      [Ref Proc:   0.0 ms]
      [Ref Enq:   0.0 ms]
      [Free CSet:   0.0 ms]
   [Eden: 1024K(101M)->0B(101M) Survivors: 1024K->1024K Heap: 374M(512M)->374M(512M)]
 [Times: user=0.00 sys=0.00, real=0.00 secs] 
Heap after GC invocations=115 (full 65):
 garbage-first heap   total 524288K, used 383789K [0x00000007dae00000, 0x00000007fae00000, 0x00000007fae00000)
  region size 1024K, 1 young (1024K), 1 survivors (1024K)
 compacting perm gen  total 20480K, used 2870K [0x00000007fae00000, 0x00000007fc200000, 0x0000000800000000)
   the space 20480K,  14% used [0x00000007fae00000, 0x00000007fb0cda98, 0x00000007fb0cdc00, 0x00000007fc200000)
No shared spaces configured.
}
3.192: [GC concurrent-root-region-scan-start]
3.195: [GC concurrent-root-region-scan-end, 0.0026870]
3.195: [GC concurrent-mark-start]
3.198: [GC concurrent-mark-end, 0.0035280 sec]
3.219: [GC remark 3.220: [GC ref-proc, 0.0000160 secs], 0.0033860 secs]
 [Times: user=0.00 sys=0.00, real=0.00 secs] 
3.223: [GC cleanup 427M->309M(512M), 0.0004470 secs]
 [Times: user=0.00 sys=0.00, real=0.00 secs] 
3.223: [GC concurrent-cleanup-start]
3.224: [GC concurrent-cleanup-end, 0.0002590]
{Heap before GC invocations=116 (full 65):
 garbage-first heap   total 524288K, used 374004K [0x00000007dae00000, 0x00000007fae00000, 0x00000007fae00000)
  region size 1024K, 2 young (2048K), 1 survivors (1024K)
 compacting perm gen  total 20480K, used 2870K [0x00000007fae00000, 0x00000007fc200000, 0x0000000800000000)
   the space 20480K,  14% used [0x00000007fae00000, 0x00000007fb0cda98, 0x00000007fb0cdc00, 0x00000007fc200000)
No shared spaces configured.
3.257: [GC pause (young)
Desired survivor size 6815744 bytes, new threshold 15 (max 15)
- age   1:        296 bytes,        296 total
- age   4:         80 bytes,        376 total
- age   5:        160 bytes,        536 total
 (initial-mark), 0.00120000 secs]
   [Parallel Time:   1.0 ms]
      [GC Worker Start (ms):  3257.6  3257.6
       Avg: 3257.6, Min: 3257.6, Max: 3257.6, Diff:   0.0]
      [Ext Root Scanning (ms):  0.8  0.8
       Avg:   0.8, Min:   0.8, Max:   0.8, Diff:   0.0]
      [Update RS (ms):  0.0  0.0
       Avg:   0.0, Min:   0.0, Max:   0.0, Diff:   0.0]
         [Processed Buffers : 3 0
          Sum: 3, Avg: 1, Min: 0, Max: 3, Diff: 3]
      [Scan RS (ms):  0.0  0.0
       Avg:   0.0, Min:   0.0, Max:   0.0, Diff:   0.0]
      [Object Copy (ms):  0.1  0.2
       Avg:   0.1, Min:   0.1, Max:   0.2, Diff:   0.1]
      [Termination (ms):  0.1  0.0
       Avg:   0.0, Min:   0.0, Max:   0.1, Diff:   0.1]
         [Termination Attempts : 1 1
          Sum: 2, Avg: 1, Min: 1, Max: 1, Diff: 0]
      [GC Worker End (ms):  3258.6  3258.5
       Avg: 3258.6, Min: 3258.5, Max: 3258.6, Diff:   0.0]
      [GC Worker (ms):  1.0  1.0
       Avg:   1.0, Min:   1.0, Max:   1.0, Diff:   0.0]
      [GC Worker Other (ms):  0.1  0.1
       Avg:   0.1, Min:   0.1, Max:   0.1, Diff:   0.0]
   [Clear CT:   0.0 ms]
   [Other:   0.1 ms]
      [Choose CSet:   0.0 ms]
      [Ref Proc:   0.0 ms]
      [Ref Enq:   0.0 ms]
      [Free CSet:   0.0 ms]
   [Eden: 1024K(101M)->0B(101M) Survivors: 1024K->1024K Heap: 365M(512M)->365M(512M)]
 [Times: user=0.00 sys=0.00, real=0.00 secs] 
Heap after GC invocations=117 (full 66):
 garbage-first heap   total 524288K, used 374004K [0x00000007dae00000, 0x00000007fae00000, 0x00000007fae00000)
  region size 1024K, 1 young (1024K), 1 survivors (1024K)
 compacting perm gen  total 20480K, used 2870K [0x00000007fae00000, 0x00000007fc200000, 0x0000000800000000)
   the space 20480K,  14% used [0x00000007fae00000, 0x00000007fb0cda98, 0x00000007fb0cdc00, 0x00000007fc200000)
No shared spaces configured.
}
3.259: [GC concurrent-root-region-scan-start]
3.259: [GC concurrent-root-region-scan-end, 0.0001390]
3.259: [GC concurrent-mark-start]
3.261: [GC concurrent-mark-end, 0.0020670 sec]
3.267: [GC remark 3.268: [GC ref-proc, 0.0000160 secs], 0.0031930 secs]
 [Times: user=0.01 sys=0.00, real=0.00 secs] 
3.277: [GC cleanup 394M->310M(512M), 0.0006380 secs]
 [Times: user=0.00 sys=0.00, real=0.00 secs] 
3.278: [GC concurrent-cleanup-start]
3.278: [GC concurrent-cleanup-end, 0.0002120]
{Heap before GC invocations=118 (full 66):
 garbage-first heap   total 524288K, used 328758K [0x00000007dae00000, 0x00000007fae00000, 0x00000007fae00000)
  region size 1024K, 2 young (2048K), 1 survivors (1024K)
 compacting perm gen  total 20480K, used 2870K [0x00000007fae00000, 0x00000007fc200000, 0x0000000800000000)
   the space 20480K,  14% used [0x00000007fae00000, 0x00000007fb0cda98, 0x00000007fb0cdc00, 0x00000007fc200000)
No shared spaces configured.
3.289: [GC pause (young)
Desired survivor size 6815744 bytes, new threshold 15 (max 15)
- age   1:        224 bytes,        224 total
- age   2:        120 bytes,        344 total
- age   5:         80 bytes,        424 total
- age   6:        160 bytes,        584 total
 (initial-mark), 0.00121800 secs]
   [Parallel Time:   1.0 ms]
      [GC Worker Start (ms):  3288.8  3288.8
       Avg: 3288.8, Min: 3288.8, Max: 3288.8, Diff:   0.0]
      [Ext Root Scanning (ms):  0.8  0.8
       Avg:   0.8, Min:   0.8, Max:   0.8, Diff:   0.0]
      [Update RS (ms):  0.0  0.0
       Avg:   0.0, Min:   0.0, Max:   0.0, Diff:   0.0]
         [Processed Buffers : 2 0
          Sum: 2, Avg: 1, Min: 0, Max: 2, Diff: 2]
      [Scan RS (ms):  0.0  0.0
       Avg:   0.0, Min:   0.0, Max:   0.0, Diff:   0.0]
      [Object Copy (ms):  0.1  0.2
       Avg:   0.2, Min:   0.1, Max:   0.2, Diff:   0.0]
      [Termination (ms):  0.0  0.0
       Avg:   0.0, Min:   0.0, Max:   0.0, Diff:   0.0]
         [Termination Attempts : 1 1
          Sum: 2, Avg: 1, Min: 1, Max: 1, Diff: 0]
      [GC Worker End (ms):  3289.8  3289.8
       Avg: 3289.8, Min: 3289.8, Max: 3289.8, Diff:   0.0]
      [GC Worker (ms):  1.0  1.0
       Avg:   1.0, Min:   1.0, Max:   1.0, Diff:   0.0]
      [GC Worker Other (ms):  0.1  0.1
       Avg:   0.1, Min:   0.1, Max:   0.1, Diff:   0.0]
   [Clear CT:   0.0 ms]
   [Other:   0.2 ms]
      [Choose CSet:   0.0 ms]
      [Ref Proc:   0.0 ms]
      [Ref Enq:   0.0 ms]
      [Free CSet:   0.0 ms]
   [Eden: 1024K(101M)->0B(127M) Survivors: 1024K->1024K Heap: 321M(512M)->321M(512M)]
 [Times: user=0.00 sys=0.00, real=0.00 secs] 
Heap after GC invocations=119 (full 67):
 garbage-first heap   total 524288K, used 328758K [0x00000007dae00000, 0x00000007fae00000, 0x00000007fae00000)
  region size 1024K, 1 young (1024K), 1 survivors (1024K)
 compacting perm gen  total 20480K, used 2870K [0x00000007fae00000, 0x00000007fc200000, 0x0000000800000000)
   the space 20480K,  14% used [0x00000007fae00000, 0x00000007fb0cda98, 0x00000007fb0cdc00, 0x00000007fc200000)
No shared spaces configured.
}
3.290: [GC concurrent-root-region-scan-start]
3.290: [GC concurrent-root-region-scan-end, 0.0004260]
3.290: [GC concurrent-mark-start]
3.294: [GC concurrent-mark-end, 0.0035170 sec]
3.318: [GC remark 3.318: [GC ref-proc, 0.0000160 secs], 0.0030340 secs]
 [Times: user=0.01 sys=0.00, real=0.00 secs] 
3.321: [GC cleanup 374M->309M(512M), 0.0004630 secs]
 [Times: user=0.00 sys=0.00, real=0.00 secs] 
3.321: [GC concurrent-cleanup-start]
3.321: [GC concurrent-cleanup-end, 0.0001480]
{Heap before GC invocations=120 (full 67):
 garbage-first heap   total 524288K, used 366262K [0x00000007dae00000, 0x00000007fae00000, 0x00000007fae00000)
  region size 1024K, 2 young (2048K), 1 survivors (1024K)
 compacting perm gen  total 20480K, used 2870K [0x00000007fae00000, 0x00000007fc200000, 0x0000000800000000)
   the space 20480K,  14% used [0x00000007fae00000, 0x00000007fb0cda98, 0x00000007fb0cdc00, 0x00000007fc200000)
No shared spaces configured.
3.351: [GC pause (young)
Desired survivor size 8388608 bytes, new threshold 15 (max 15)
- age   1:        256 bytes,        256 total
- age   2:        120 bytes,        376 total
- age   6:         80 bytes,        456 total
- age   7:        160 bytes,        616 total
 (initial-mark), 0.00129000 secs]
   [Parallel Time:   1.1 ms]
      [GC Worker Start (ms):  3351.0  3351.1
       Avg: 3351.1, Min: 3351.0, Max: 3351.1, Diff:   0.0]
      [Ext Root Scanning (ms):  0.8  0.9
       Avg:   0.8, Min:   0.8, Max:   0.9, Diff:   0.1]
      [Update RS (ms):  0.0  0.0
       Avg:   0.0, Min:   0.0, Max:   0.0, Diff:   0.0]
         [Processed Buffers : 3 0
          Sum: 3, Avg: 1, Min: 0, Max: 3, Diff: 3]
      [Scan RS (ms):  0.0  0.0
       Avg:   0.0, Min:   0.0, Max:   0.0, Diff:   0.0]
      [Object Copy (ms):  0.2  0.1
       Avg:   0.2, Min:   0.1, Max:   0.2, Diff:   0.1]
      [Termination (ms):  0.0  0.0
       Avg:   0.0, Min:   0.0, Max:   0.0, Diff:   0.0]
         [Termination Attempts : 1 1
          Sum: 2, Avg: 1, Min: 1, Max: 1, Diff: 0]
      [GC Worker End (ms):  3352.1  3352.1
       Avg: 3352.1, Min: 3352.1, Max: 3352.1, Diff:   0.0]
      [GC Worker (ms):  1.0  1.0
       Avg:   1.0, Min:   1.0, Max:   1.0, Diff:   0.0]
      [GC Worker Other (ms):  0.1  0.1
       Avg:   0.1, Min:   0.1, Max:   0.1, Diff:   0.0]
   [Clear CT:   0.0 ms]
   [Other:   0.2 ms]
      [Choose CSet:   0.0 ms]
      [Ref Proc:   0.0 ms]
      [Ref Enq:   0.0 ms]
      [Free CSet:   0.0 ms]
   [Eden: 1024K(127M)->0B(101M) Survivors: 1024K->1024K Heap: 357M(512M)->357M(512M)]
 [Times: user=0.00 sys=0.00, real=0.00 secs] 
Heap after GC invocations=121 (full 68):
 garbage-first heap   total 524288K, used 366262K [0x00000007dae00000, 0x00000007fae00000, 0x00000007fae00000)
  region size 1024K, 1 young (1024K), 1 survivors (1024K)
 compacting perm gen  total 20480K, used 2870K [0x00000007fae00000, 0x00000007fc200000, 0x0000000800000000)
   the space 20480K,  14% used [0x00000007fae00000, 0x00000007fb0cda98, 0x00000007fb0cdc00, 0x00000007fc200000)
No shared spaces configured.
}
3.352: [GC concurrent-root-region-scan-start]
3.352: [GC concurrent-root-region-scan-end, 0.0001440]
3.353: [GC concurrent-mark-start]
3.354: [GC concurrent-mark-end, 0.0019740 sec]
3.358: [GC remark 3.358: [GC ref-proc, 0.0000170 secs], 0.0030960 secs]
 [Times: user=0.01 sys=0.00, real=0.00 secs] 
3.361: [GC cleanup 369M->297M(512M), 0.0004890 secs]
 [Times: user=0.00 sys=0.00, real=0.00 secs] 
3.362: [GC concurrent-cleanup-start]
3.362: [GC concurrent-cleanup-end, 0.0001670]
{Heap before GC invocations=122 (full 68):
 garbage-first heap   total 524288K, used 343331K [0x00000007dae00000, 0x00000007fae00000, 0x00000007fae00000)
  region size 1024K, 2 young (2048K), 1 survivors (1024K)
 compacting perm gen  total 20480K, used 2870K [0x00000007fae00000, 0x00000007fc200000, 0x0000000800000000)
   the space 20480K,  14% used [0x00000007fae00000, 0x00000007fb0cda98, 0x00000007fb0cdc00, 0x00000007fc200000)
No shared spaces configured.
3.387: [GC pause (young)
Desired survivor size 6815744 bytes, new threshold 15 (max 15)
- age   1:        136 bytes,        136 total
- age   2:        104 bytes,        240 total
- age   3:         80 bytes,        320 total
- age   7:         80 bytes,        400 total
- age   8:        160 bytes,        560 total
 (initial-mark), 0.00126900 secs]
   [Parallel Time:   1.1 ms]
      [GC Worker Start (ms):  3387.2  3387.2
       Avg: 3387.2, Min: 3387.2, Max: 3387.2, Diff:   0.0]
      [Ext Root Scanning (ms):  0.8  0.8
       Avg:   0.8, Min:   0.8, Max:   0.8, Diff:   0.1]
      [Update RS (ms):  0.0  0.0
       Avg:   0.0, Min:   0.0, Max:   0.0, Diff:   0.0]
         [Processed Buffers : 3 0
          Sum: 3, Avg: 1, Min: 0, Max: 3, Diff: 3]
      [Scan RS (ms):  0.0  0.0
       Avg:   0.0, Min:   0.0, Max:   0.0, Diff:   0.0]
      [Object Copy (ms):  0.1  0.2
       Avg:   0.2, Min:   0.1, Max:   0.2, Diff:   0.0]
      [Termination (ms):  0.1  0.0
       Avg:   0.0, Min:   0.0, Max:   0.1, Diff:   0.1]
         [Termination Attempts : 1 1
          Sum: 2, Avg: 1, Min: 1, Max: 1, Diff: 0]
      [GC Worker End (ms):  3388.2  3388.2
       Avg: 3388.2, Min: 3388.2, Max: 3388.2, Diff:   0.0]
      [GC Worker (ms):  1.0  1.0
       Avg:   1.0, Min:   1.0, Max:   1.0, Diff:   0.0]
      [GC Worker Other (ms):  0.1  0.1
       Avg:   0.1, Min:   0.1, Max:   0.1, Diff:   0.0]
   [Clear CT:   0.0 ms]
   [Other:   0.2 ms]
      [Choose CSet:   0.0 ms]
      [Ref Proc:   0.0 ms]
      [Ref Enq:   0.0 ms]
      [Free CSet:   0.0 ms]
   [Eden: 1024K(101M)->0B(113M) Survivors: 1024K->1024K Heap: 335M(512M)->335M(512M)]
 [Times: user=0.00 sys=0.00, real=0.00 secs] 
Heap after GC invocations=123 (full 69):
 garbage-first heap   total 524288K, used 343331K [0x00000007dae00000, 0x00000007fae00000, 0x00000007fae00000)
  region size 1024K, 1 young (1024K), 1 survivors (1024K)
 compacting perm gen  total 20480K, used 2870K [0x00000007fae00000, 0x00000007fc200000, 0x0000000800000000)
   the space 20480K,  14% used [0x00000007fae00000, 0x00000007fb0cda98, 0x00000007fb0cdc00, 0x00000007fc200000)
No shared spaces configured.
}
3.388: [GC concurrent-root-region-scan-start]
3.389: [GC concurrent-root-region-scan-end, 0.0006390]
3.389: [GC concurrent-mark-start]
3.399: [GC concurrent-mark-end, 0.0097550 sec]
3.443: [GC remark 3.443: [GC ref-proc, 0.0000160 secs], 0.0034350 secs]
 [Times: user=0.01 sys=0.01, real=0.01 secs] 
{Heap before GC invocations=123 (full 69):
 garbage-first heap   total 524288K, used 449095K [0x00000007dae00000, 0x00000007fae00000, 0x00000007fae00000)
  region size 1024K, 2 young (2048K), 1 survivors (1024K)
 compacting perm gen  total 20480K, used 2870K [0x00000007fae00000, 0x00000007fc200000, 0x0000000800000000)
   the space 20480K,  14% used [0x00000007fae00000, 0x00000007fb0cda98, 0x00000007fb0cdc00, 0x00000007fc200000)
No shared spaces configured.
3.446: [GC pause (young)
Desired survivor size 7864320 bytes, new threshold 15 (max 15)
- age   1:        248 bytes,        248 total
- age   2:         80 bytes,        328 total
- age   8:         80 bytes,        408 total
- age   9:        160 bytes,        568 total
, 0.00084300 secs]
   [Parallel Time:   0.8 ms]
      [GC Worker Start (ms):  3446.4  3446.4
       Avg: 3446.4, Min: 3446.4, Max: 3446.4, Diff:   0.0]
      [Ext Root Scanning (ms):  0.6  0.7
       Avg:   0.7, Min:   0.6, Max:   0.7, Diff:   0.0]
      [SATB Filtering (ms):  0.0  0.0
       Avg:   0.0, Min:   0.0, Max:   0.0, Diff:   0.0]
      [Update RS (ms):  0.0  0.0
       Avg:   0.0, Min:   0.0, Max:   0.0, Diff:   0.0]
         [Processed Buffers : 2 0
          Sum: 2, Avg: 1, Min: 0, Max: 2, Diff: 2]
      [Scan RS (ms):  0.0  0.0
       Avg:   0.0, Min:   0.0, Max:   0.0, Diff:   0.0]
      [Object Copy (ms):  0.0  0.0
       Avg:   0.0, Min:   0.0, Max:   0.0, Diff:   0.0]
      [Termination (ms):  0.0  0.0
       Avg:   0.0, Min:   0.0, Max:   0.0, Diff:   0.0]
         [Termination Attempts : 1 1
          Sum: 2, Avg: 1, Min: 1, Max: 1, Diff: 0]
      [GC Worker End (ms):  3447.1  3447.1
       Avg: 3447.1, Min: 3447.1, Max: 3447.1, Diff:   0.0]
      [GC Worker (ms):  0.7  0.7
       Avg:   0.7, Min:   0.7, Max:   0.7, Diff:   0.0]
      [GC Worker Other (ms):  0.0  0.1
       Avg:   0.0, Min:   0.0, Max:   0.1, Diff:   0.0]
   [Complete CSet Marking:   0.0 ms]
   [Clear CT:   0.0 ms]
   [Other:   0.1 ms]
      [Choose CSet:   0.0 ms]
      [Ref Proc:   0.0 ms]
      [Ref Enq:   0.0 ms]
      [Free CSet:   0.0 ms]
   [Eden: 1024K(113M)->0B(101M) Survivors: 1024K->1024K Heap: 438M(512M)->438M(512M)]
 [Times: user=0.00 sys=0.00, real=0.00 secs] 
Heap after GC invocations=124 (full 69):
 garbage-first heap   total 524288K, used 449095K [0x00000007dae00000, 0x00000007fae00000, 0x00000007fae00000)
  region size 1024K, 1 young (1024K), 1 survivors (1024K)
 compacting perm gen  total 20480K, used 2870K [0x00000007fae00000, 0x00000007fc200000, 0x0000000800000000)
   the space 20480K,  14% used [0x00000007fae00000, 0x00000007fb0cda98, 0x00000007fb0cdc00, 0x00000007fc200000)
No shared spaces configured.
}
{Heap before GC invocations=124 (full 69):
 garbage-first heap   total 524288K, used 461184K [0x00000007dae00000, 0x00000007fae00000, 0x00000007fae00000)
  region size 1024K, 2 young (2048K), 1 survivors (1024K)
 compacting perm gen  total 20480K, used 2870K [0x00000007fae00000, 0x00000007fc200000, 0x0000000800000000)
   the space 20480K,  14% used [0x00000007fae00000, 0x00000007fb0cda98, 0x00000007fb0cdc00, 0x00000007fc200000)
No shared spaces configured.
3.453: [GC pause (young)
Desired survivor size 6815744 bytes, new threshold 15 (max 15)
- age   1:        256 bytes,        256 total
- age   2:        160 bytes,        416 total
- age   9:         80 bytes,        496 total
- age  10:        160 bytes,        656 total
, 0.00112000 secs]
   [Parallel Time:   1.0 ms]
      [GC Worker Start (ms):  3452.7  3452.7
       Avg: 3452.7, Min: 3452.7, Max: 3452.7, Diff:   0.0]
      [Ext Root Scanning (ms):  0.9  0.8
       Avg:   0.9, Min:   0.8, Max:   0.9, Diff:   0.1]
      [SATB Filtering (ms):  0.0  0.0
       Avg:   0.0, Min:   0.0, Max:   0.0, Diff:   0.0]
      [Update RS (ms):  0.0  0.0
       Avg:   0.0, Min:   0.0, Max:   0.0, Diff:   0.0]
         [Processed Buffers : 0 2
          Sum: 2, Avg: 1, Min: 0, Max: 2, Diff: 2]
      [Scan RS (ms):  0.0  0.0
       Avg:   0.0, Min:   0.0, Max:   0.0, Diff:   0.0]
      [Object Copy (ms):  0.0  0.0
       Avg:   0.0, Min:   0.0, Max:   0.0, Diff:   0.0]
      [Termination (ms):  0.0  0.1
       Avg:   0.0, Min:   0.0, Max:   0.1, Diff:   0.1]
         [Termination Attempts : 1 1
          Sum: 2, Avg: 1, Min: 1, Max: 1, Diff: 0]
      [GC Worker End (ms):  3453.7  3453.7
       Avg: 3453.7, Min: 3453.7, Max: 3453.7, Diff:   0.0]
      [GC Worker (ms):  1.0  1.0
       Avg:   1.0, Min:   1.0, Max:   1.0, Diff:   0.0]
      [GC Worker Other (ms):  0.1  0.1
       Avg:   0.1, Min:   0.1, Max:   0.1, Diff:   0.0]
   [Complete CSet Marking:   0.0 ms]
   [Clear CT:   0.0 ms]
   [Other:   0.1 ms]
      [Choose CSet:   0.0 ms]
      [Ref Proc:   0.0 ms]
      [Ref Enq:   0.0 ms]
      [Free CSet:   0.0 ms]
   [Eden: 1024K(101M)->0B(101M) Survivors: 1024K->1024K Heap: 450M(512M)->450M(512M)]
 [Times: user=0.00 sys=0.00, real=0.00 secs] 
Heap after GC invocations=125 (full 69):
 garbage-first heap   total 524288K, used 461184K [0x00000007dae00000, 0x00000007fae00000, 0x00000007fae00000)
  region size 1024K, 1 young (1024K), 1 survivors (1024K)
 compacting perm gen  total 20480K, used 2870K [0x00000007fae00000, 0x00000007fc200000, 0x0000000800000000)
   the space 20480K,  14% used [0x00000007fae00000, 0x00000007fb0cda98, 0x00000007fb0cdc00, 0x00000007fc200000)
No shared spaces configured.
}
{Heap before GC invocations=125 (full 69):
 garbage-first heap   total 524288K, used 461184K [0x00000007dae00000, 0x00000007fae00000, 0x00000007fae00000)
  region size 1024K, 1 young (1024K), 1 survivors (1024K)
 compacting perm gen  total 20480K, used 2870K [0x00000007fae00000, 0x00000007fc200000, 0x0000000800000000)
   the space 20480K,  14% used [0x00000007fae00000, 0x00000007fb0cda98, 0x00000007fb0cdc00, 0x00000007fc200000)
No shared spaces configured.
3.454: [Full GC 450M->299M(512M), 0.0113790 secs]
 [Times: user=0.02 sys=0.00, real=0.01 secs] 
Heap after GC invocations=126 (full 70):
 garbage-first heap   total 524288K, used 306934K [0x00000007dae00000, 0x00000007fae00000, 0x00000007fae00000)
  region size 1024K, 0 young (0K), 0 survivors (0K)
 compacting perm gen  total 20480K, used 2870K [0x00000007fae00000, 0x00000007fc200000, 0x0000000800000000)
   the space 20480K,  14% used [0x00000007fae00000, 0x00000007fb0cda98, 0x00000007fb0cdc00, 0x00000007fc200000)
No shared spaces configured.
}
3.497: [GC cleanup, 0.0000020 secs]
 [Times: user=0.00 sys=0.00, real=0.00 secs] 
3.497: [GC concurrent-mark-abort]
{Heap before GC invocations=126 (full 70):
 garbage-first heap   total 524288K, used 408745K [0x00000007dae00000, 0x00000007fae00000, 0x00000007fae00000)
  region size 1024K, 1 young (1024K), 0 survivors (0K)
 compacting perm gen  total 20480K, used 2870K [0x00000007fae00000, 0x00000007fc200000, 0x0000000800000000)
   the space 20480K,  14% used [0x00000007fae00000, 0x00000007fb0cda98, 0x00000007fb0cdc00, 0x00000007fc200000)
No shared spaces configured.
3.523: [GC pause (young)
Desired survivor size 9961472 bytes, new threshold 15 (max 15)
- age   1:        120 bytes,        120 total
- age   2:        208 bytes,        328 total
- age   3:         80 bytes,        408 total
- age  10:         80 bytes,        488 total
- age  11:        160 bytes,        648 total
 (initial-mark), 0.00189800 secs]
   [Parallel Time:   1.7 ms]
      [GC Worker Start (ms):  3523.1  3523.1
       Avg: 3523.1, Min: 3523.1, Max: 3523.1, Diff:   0.0]
      [Ext Root Scanning (ms):  1.4  1.5
       Avg:   1.5, Min:   1.4, Max:   1.5, Diff:   0.1]
      [Update RS (ms):  0.0  0.0
       Avg:   0.0, Min:   0.0, Max:   0.0, Diff:   0.0]
         [Processed Buffers : 1 1
          Sum: 2, Avg: 1, Min: 1, Max: 1, Diff: 0]
      [Scan RS (ms):  0.0  0.0
       Avg:   0.0, Min:   0.0, Max:   0.0, Diff:   0.0]
      [Object Copy (ms):  0.2  0.2
       Avg:   0.2, Min:   0.2, Max:   0.2, Diff:   0.1]
      [Termination (ms):  0.0  0.0
       Avg:   0.0, Min:   0.0, Max:   0.0, Diff:   0.0]
         [Termination Attempts : 1 1
          Sum: 2, Avg: 1, Min: 1, Max: 1, Diff: 0]
      [GC Worker End (ms):  3524.8  3524.8
       Avg: 3524.8, Min: 3524.8, Max: 3524.8, Diff:   0.0]
      [GC Worker (ms):  1.7  1.7
       Avg:   1.7, Min:   1.7, Max:   1.7, Diff:   0.0]
      [GC Worker Other (ms):  0.1  0.1
       Avg:   0.1, Min:   0.1, Max:   0.1, Diff:   0.0]
   [Clear CT:   0.0 ms]
   [Other:   0.1 ms]
      [Choose CSet:   0.0 ms]
      [Ref Proc:   0.0 ms]
      [Ref Enq:   0.0 ms]
      [Free CSet:   0.0 ms]
   [Eden: 1024K(101M)->0B(101M) Survivors: 0B->1024K Heap: 399M(512M)->399M(512M)]
 [Times: user=0.00 sys=0.00, real=0.00 secs] 
Heap after GC invocations=127 (full 71):
 garbage-first heap   total 524288K, used 408809K [0x00000007dae00000, 0x00000007fae00000, 0x00000007fae00000)
  region size 1024K, 1 young (1024K), 1 survivors (1024K)
 compacting perm gen  total 20480K, used 2870K [0x00000007fae00000, 0x00000007fc200000, 0x0000000800000000)
   the space 20480K,  14% used [0x00000007fae00000, 0x00000007fb0cda98, 0x00000007fb0cdc00, 0x00000007fc200000)
No shared spaces configured.
}
3.525: [GC concurrent-root-region-scan-start]
3.525: [GC concurrent-root-region-scan-end, 0.0000470]
3.525: [GC concurrent-mark-start]
3.528: [GC concurrent-mark-end, 0.0031460 sec]
3.542: [GC remark 3.542: [GC ref-proc, 0.0000150 secs], 0.0023990 secs]
 [Times: user=0.01 sys=0.00, real=0.00 secs] 
{Heap before GC invocations=127 (full 71):
 garbage-first heap   total 524288K, used 442194K [0x00000007dae00000, 0x00000007fae00000, 0x00000007fae00000)
  region size 1024K, 2 young (2048K), 1 survivors (1024K)
 compacting perm gen  total 20480K, used 2870K [0x00000007fae00000, 0x00000007fc200000, 0x0000000800000000)
   the space 20480K,  14% used [0x00000007fae00000, 0x00000007fb0cda98, 0x00000007fb0cdc00, 0x00000007fc200000)
No shared spaces configured.
3.545: [GC pause (young)
Desired survivor size 6815744 bytes, new threshold 15 (max 15)
- age   1:        256 bytes,        256 total
, 0.00152600 secs]
   [Parallel Time:   1.4 ms]
      [GC Worker Start (ms):  3544.8  3544.8
       Avg: 3544.8, Min: 3544.8, Max: 3544.8, Diff:   0.0]
      [Ext Root Scanning (ms):  1.3  1.3
       Avg:   1.3, Min:   1.3, Max:   1.3, Diff:   0.0]
      [SATB Filtering (ms):  0.0  0.0
       Avg:   0.0, Min:   0.0, Max:   0.0, Diff:   0.0]
      [Update RS (ms):  0.0  0.0
       Avg:   0.0, Min:   0.0, Max:   0.0, Diff:   0.0]
         [Processed Buffers : 2 1
          Sum: 3, Avg: 1, Min: 1, Max: 2, Diff: 1]
      [Scan RS (ms):  0.0  0.0
       Avg:   0.0, Min:   0.0, Max:   0.0, Diff:   0.0]
      [Object Copy (ms):  0.1  0.0
       Avg:   0.0, Min:   0.0, Max:   0.1, Diff:   0.1]
      [Termination (ms):  0.0  0.0
       Avg:   0.0, Min:   0.0, Max:   0.0, Diff:   0.0]
         [Termination Attempts : 1 1
          Sum: 2, Avg: 1, Min: 1, Max: 1, Diff: 0]
      [GC Worker End (ms):  3546.1  3546.1
       Avg: 3546.1, Min: 3546.1, Max: 3546.1, Diff:   0.0]
      [GC Worker (ms):  1.4  1.4
       Avg:   1.4, Min:   1.4, Max:   1.4, Diff:   0.0]
      [GC Worker Other (ms):  0.1  0.1
       Avg:   0.1, Min:   0.1, Max:   0.1, Diff:   0.0]
   [Complete CSet Marking:   0.0 ms]
   [Clear CT:   0.0 ms]
   [Other:   0.1 ms]
      [Choose CSet:   0.0 ms]
      [Ref Proc:   0.0 ms]
      [Ref Enq:   0.0 ms]
      [Free CSet:   0.0 ms]
   [Eden: 1024K(101M)->0B(101M) Survivors: 1024K->1024K Heap: 431M(512M)->431M(512M)]
 [Times: user=0.00 sys=0.00, real=0.01 secs] 
Heap after GC invocations=128 (full 71):
 garbage-first heap   total 524288K, used 442194K [0x00000007dae00000, 0x00000007fae00000, 0x00000007fae00000)
  region size 1024K, 1 young (1024K), 1 survivors (1024K)
 compacting perm gen  total 20480K, used 2870K [0x00000007fae00000, 0x00000007fc200000, 0x0000000800000000)
   the space 20480K,  14% used [0x00000007fae00000, 0x00000007fb0cda98, 0x00000007fb0cdc00, 0x00000007fc200000)
No shared spaces configured.
}
{Heap before GC invocations=128 (full 71):
 garbage-first heap   total 524288K, used 442194K [0x00000007dae00000, 0x00000007fae00000, 0x00000007fae00000)
  region size 1024K, 1 young (1024K), 1 survivors (1024K)
 compacting perm gen  total 20480K, used 2870K [0x00000007fae00000, 0x00000007fc200000, 0x0000000800000000)
   the space 20480K,  14% used [0x00000007fae00000, 0x00000007fb0cda98, 0x00000007fb0cdc00, 0x00000007fc200000)
No shared spaces configured.
3.546: [Full GC 431M->144M(481M), 0.0155590 secs]
 [Times: user=0.01 sys=0.00, real=0.01 secs] 
Heap after GC invocations=129 (full 72):
 garbage-first heap   total 492544K, used 147580K [0x00000007dae00000, 0x00000007f8f00000, 0x00000007fae00000)
  region size 1024K, 0 young (0K), 0 survivors (0K)
 compacting perm gen  total 20480K, used 2870K [0x00000007fae00000, 0x00000007fc200000, 0x0000000800000000)
   the space 20480K,  14% used [0x00000007fae00000, 0x00000007fb0cda98, 0x00000007fb0cdc00, 0x00000007fc200000)
No shared spaces configured.
}
3.622: [GC cleanup, 0.0000020 secs]
 [Times: user=0.00 sys=0.00, real=0.00 secs] 
3.622: [GC concurrent-mark-abort]
{Heap before GC invocations=129 (full 72):
 garbage-first heap   total 492544K, used 285960K [0x00000007dae00000, 0x00000007f8f00000, 0x00000007fae00000)
  region size 1024K, 1 young (1024K), 0 survivors (0K)
 compacting perm gen  total 20480K, used 2870K [0x00000007fae00000, 0x00000007fc200000, 0x0000000800000000)
   the space 20480K,  14% used [0x00000007fae00000, 0x00000007fb0cda98, 0x00000007fb0cdc00, 0x00000007fc200000)
No shared spaces configured.
3.637: [GC pause (young)
Desired survivor size 18874368 bytes, new threshold 15 (max 15)
- age   1:        112 bytes,        112 total
- age   2:        240 bytes,        352 total
 (initial-mark), 0.00215700 secs]
   [Parallel Time:   2.0 ms]
      [GC Worker Start (ms):  3637.3  3637.3
       Avg: 3637.3, Min: 3637.3, Max: 3637.3, Diff:   0.0]
      [Ext Root Scanning (ms):  1.7  1.7
       Avg:   1.7, Min:   1.7, Max:   1.7, Diff:   0.0]
      [Update RS (ms):  0.0  0.0
       Avg:   0.0, Min:   0.0, Max:   0.0, Diff:   0.0]
         [Processed Buffers : 0 3
          Sum: 3, Avg: 1, Min: 0, Max: 3, Diff: 3]
      [Scan RS (ms):  0.0  0.0
       Avg:   0.0, Min:   0.0, Max:   0.0, Diff:   0.0]
      [Object Copy (ms):  0.2  0.2
       Avg:   0.2, Min:   0.2, Max:   0.2, Diff:   0.1]
      [Termination (ms):  0.0  0.0
       Avg:   0.0, Min:   0.0, Max:   0.0, Diff:   0.0]
         [Termination Attempts : 1 1
          Sum: 2, Avg: 1, Min: 1, Max: 1, Diff: 0]
      [GC Worker End (ms):  3639.2  3639.2
       Avg: 3639.2, Min: 3639.2, Max: 3639.2, Diff:   0.0]
      [GC Worker (ms):  1.9  1.9
       Avg:   1.9, Min:   1.9, Max:   1.9, Diff:   0.0]
      [GC Worker Other (ms):  0.1  0.1
       Avg:   0.1, Min:   0.1, Max:   0.1, Diff:   0.0]
   [Clear CT:   0.0 ms]
   [Other:   0.2 ms]
      [Choose CSet:   0.0 ms]
      [Ref Proc:   0.0 ms]
      [Ref Enq:   0.0 ms]
      [Free CSet:   0.0 ms]
   [Eden: 1024K(101M)->0B(142M) Survivors: 0B->1024K Heap: 279M(481M)->279M(481M)]
 [Times: user=0.01 sys=0.00, real=0.00 secs] 
Heap after GC invocations=130 (full 73):
 garbage-first heap   total 492544K, used 286024K [0x00000007dae00000, 0x00000007f8f00000, 0x00000007fae00000)
  region size 1024K, 1 young (1024K), 1 survivors (1024K)
 compacting perm gen  total 20480K, used 2870K [0x00000007fae00000, 0x00000007fc200000, 0x0000000800000000)
   the space 20480K,  14% used [0x00000007fae00000, 0x00000007fb0cda98, 0x00000007fb0cdc00, 0x00000007fc200000)
No shared spaces configured.
}
3.639: [GC concurrent-root-region-scan-start]
3.639: [GC concurrent-root-region-scan-end, 0.0000520]
3.639: [GC concurrent-mark-start]
3.644: [GC concurrent-mark-end, 0.0045540 sec]
3.658: [GC remark 3.658: [GC ref-proc, 0.0000150 secs], 0.0023830 secs]
 [Times: user=0.00 sys=0.00, real=0.00 secs] 
3.686: [GC cleanup 364M->234M(481M), 0.0006730 secs]
 [Times: user=0.01 sys=0.00, real=0.00 secs] 
3.687: [GC concurrent-cleanup-start]
3.687: [GC concurrent-cleanup-end, 0.0003460]
{Heap before GC invocations=131 (full 73):
 garbage-first heap   total 492544K, used 259594K [0x00000007dae00000, 0x00000007f8f00000, 0x00000007fae00000)
  region size 1024K, 2 young (2048K), 1 survivors (1024K)
 compacting perm gen  total 20480K, used 2870K [0x00000007fae00000, 0x00000007fc200000, 0x0000000800000000)
   the space 20480K,  14% used [0x00000007fae00000, 0x00000007fb0cda98, 0x00000007fb0cdc00, 0x00000007fc200000)
No shared spaces configured.
3.702: [GC pause (young)
Desired survivor size 9437184 bytes, new threshold 15 (max 15)
- age   1:        352 bytes,        352 total
 (initial-mark), 0.00141800 secs]
   [Parallel Time:   1.1 ms]
      [GC Worker Start (ms):  3702.3  3702.3
       Avg: 3702.3, Min: 3702.3, Max: 3702.3, Diff:   0.0]
      [Ext Root Scanning (ms):  0.9  0.8
       Avg:   0.9, Min:   0.8, Max:   0.9, Diff:   0.0]
      [Update RS (ms):  0.0  0.0
       Avg:   0.0, Min:   0.0, Max:   0.0, Diff:   0.0]
         [Processed Buffers : 0 3
          Sum: 3, Avg: 1, Min: 0, Max: 3, Diff: 3]
      [Scan RS (ms):  0.0  0.0
       Avg:   0.0, Min:   0.0, Max:   0.0, Diff:   0.0]
      [Object Copy (ms):  0.2  0.1
       Avg:   0.2, Min:   0.1, Max:   0.2, Diff:   0.1]
      [Termination (ms):  0.0  0.0
       Avg:   0.0, Min:   0.0, Max:   0.0, Diff:   0.0]
         [Termination Attempts : 1 1
          Sum: 2, Avg: 1, Min: 1, Max: 1, Diff: 0]
      [GC Worker End (ms):  3703.4  3703.4
       Avg: 3703.4, Min: 3703.4, Max: 3703.4, Diff:   0.0]
      [GC Worker (ms):  1.1  1.1
       Avg:   1.1, Min:   1.1, Max:   1.1, Diff:   0.0]
      [GC Worker Other (ms):  0.1  0.1
       Avg:   0.1, Min:   0.1, Max:   0.1, Diff:   0.0]
   [Clear CT:   0.0 ms]
   [Other:   0.3 ms]
      [Choose CSet:   0.0 ms]
      [Ref Proc:   0.0 ms]
      [Ref Enq:   0.0 ms]
      [Free CSet:   0.0 ms]
   [Eden: 1024K(142M)->0B(176M) Survivors: 1024K->1024K Heap: 253M(481M)->253M(488M)]
 [Times: user=0.00 sys=0.00, real=0.00 secs] 
Heap after GC invocations=132 (full 74):
 garbage-first heap   total 499712K, used 259594K [0x00000007dae00000, 0x00000007f9600000, 0x00000007fae00000)
  region size 1024K, 1 young (1024K), 1 survivors (1024K)
 compacting perm gen  total 20480K, used 2870K [0x00000007fae00000, 0x00000007fc200000, 0x0000000800000000)
   the space 20480K,  14% used [0x00000007fae00000, 0x00000007fb0cda98, 0x00000007fb0cdc00, 0x00000007fc200000)
No shared spaces configured.
}
3.704: [GC concurrent-root-region-scan-start]
3.704: [GC concurrent-root-region-scan-end, 0.0001360]
3.704: [GC concurrent-mark-start]
3.706: [GC concurrent-mark-end, 0.0022250 sec]
3.714: [GC remark 3.714: [GC ref-proc, 0.0000210 secs], 0.0026020 secs]
 [Times: user=0.01 sys=0.00, real=0.01 secs] 
3.743: [GC cleanup 325M->271M(488M), 0.0006280 secs]
 [Times: user=0.00 sys=0.00, real=0.00 secs] 
3.744: [GC concurrent-cleanup-start]
3.744: [GC concurrent-cleanup-end, 0.0001600]
{Heap before GC invocations=133 (full 74):
 garbage-first heap   total 499712K, used 327209K [0x00000007dae00000, 0x00000007f9600000, 0x00000007fae00000)
  region size 1024K, 2 young (2048K), 1 survivors (1024K)
 compacting perm gen  total 20480K, used 2870K [0x00000007fae00000, 0x00000007fc200000, 0x0000000800000000)
   the space 20480K,  14% used [0x00000007fae00000, 0x00000007fb0cda98, 0x00000007fb0cdc00, 0x00000007fc200000)
No shared spaces configured.
3.775: [GC pause (young)
Desired survivor size 12058624 bytes, new threshold 15 (max 15)
- age   1:        288 bytes,        288 total
- age   2:        200 bytes,        488 total
 (initial-mark), 0.00124400 secs]
   [Parallel Time:   1.1 ms]
      [GC Worker Start (ms):  3774.7  3774.7
       Avg: 3774.7, Min: 3774.7, Max: 3774.7, Diff:   0.0]
      [Ext Root Scanning (ms):  0.8  0.9
       Avg:   0.8, Min:   0.8, Max:   0.9, Diff:   0.1]
      [Update RS (ms):  0.0  0.0
       Avg:   0.0, Min:   0.0, Max:   0.0, Diff:   0.0]
         [Processed Buffers : 3 0
          Sum: 3, Avg: 1, Min: 0, Max: 3, Diff: 3]
      [Scan RS (ms):  0.0  0.0
       Avg:   0.0, Min:   0.0, Max:   0.0, Diff:   0.0]
      [Object Copy (ms):  0.2  0.1
       Avg:   0.2, Min:   0.1, Max:   0.2, Diff:   0.0]
      [Termination (ms):  0.0  0.0
       Avg:   0.0, Min:   0.0, Max:   0.0, Diff:   0.0]
         [Termination Attempts : 1 1
          Sum: 2, Avg: 1, Min: 1, Max: 1, Diff: 0]
      [GC Worker End (ms):  3775.7  3775.7
       Avg: 3775.7, Min: 3775.7, Max: 3775.7, Diff:   0.0]
      [GC Worker (ms):  1.0  1.0
       Avg:   1.0, Min:   1.0, Max:   1.0, Diff:   0.0]
      [GC Worker Other (ms):  0.1  0.1
       Avg:   0.1, Min:   0.1, Max:   0.1, Diff:   0.0]
   [Clear CT:   0.0 ms]
   [Other:   0.2 ms]
      [Choose CSet:   0.0 ms]
      [Ref Proc:   0.0 ms]
      [Ref Enq:   0.0 ms]
      [Free CSet:   0.0 ms]
   [Eden: 1024K(176M)->0B(107M) Survivors: 1024K->1024K Heap: 319M(488M)->319M(488M)]
 [Times: user=0.00 sys=0.00, real=0.01 secs] 
Heap after GC invocations=134 (full 75):
 garbage-first heap   total 499712K, used 327209K [0x00000007dae00000, 0x00000007f9600000, 0x00000007fae00000)
  region size 1024K, 1 young (1024K), 1 survivors (1024K)
 compacting perm gen  total 20480K, used 2870K [0x00000007fae00000, 0x00000007fc200000, 0x0000000800000000)
   the space 20480K,  14% used [0x00000007fae00000, 0x00000007fb0cda98, 0x00000007fb0cdc00, 0x00000007fc200000)
No shared spaces configured.
}
3.776: [GC concurrent-root-region-scan-start]
3.776: [GC concurrent-root-region-scan-end, 0.0000790]
3.776: [GC concurrent-mark-start]
3.778: [GC concurrent-mark-end, 0.0024380 sec]
3.797: [GC remark 3.797: [GC ref-proc, 0.0000150 secs], 0.0028720 secs]
 [Times: user=0.00 sys=0.00, real=0.00 secs] 
3.800: [GC cleanup 359M->280M(488M), 0.0004020 secs]
 [Times: user=0.00 sys=0.00, real=0.00 secs] 
3.800: [GC concurrent-cleanup-start]
3.801: [GC concurrent-cleanup-end, 0.0001740]
{Heap before GC invocations=135 (full 75):
 garbage-first heap   total 499712K, used 302908K [0x00000007dae00000, 0x00000007f9600000, 0x00000007fae00000)
  region size 1024K, 2 young (2048K), 1 survivors (1024K)
 compacting perm gen  total 20480K, used 2870K [0x00000007fae00000, 0x00000007fc200000, 0x0000000800000000)
   the space 20480K,  14% used [0x00000007fae00000, 0x00000007fb0cda98, 0x00000007fb0cdc00, 0x00000007fc200000)
No shared spaces configured.
3.813: [GC pause (young)
Desired survivor size 7340032 bytes, new threshold 15 (max 15)
- age   1:        264 bytes,        264 total
- age   2:        120 bytes,        384 total
- age   3:        120 bytes,        504 total
 (initial-mark), 0.00122600 secs]
   [Parallel Time:   1.1 ms]
      [GC Worker Start (ms):  3812.9  3812.9
       Avg: 3812.9, Min: 3812.9, Max: 3812.9, Diff:   0.0]
      [Ext Root Scanning (ms):  0.8  0.8
       Avg:   0.8, Min:   0.8, Max:   0.8, Diff:   0.0]
      [Update RS (ms):  0.0  0.0
       Avg:   0.0, Min:   0.0, Max:   0.0, Diff:   0.0]
         [Processed Buffers : 3 0
          Sum: 3, Avg: 1, Min: 0, Max: 3, Diff: 3]
      [Scan RS (ms):  0.0  0.0
       Avg:   0.0, Min:   0.0, Max:   0.0, Diff:   0.0]
      [Object Copy (ms):  0.1  0.2
       Avg:   0.1, Min:   0.1, Max:   0.2, Diff:   0.0]
      [Termination (ms):  0.1  0.0
       Avg:   0.0, Min:   0.0, Max:   0.1, Diff:   0.1]
         [Termination Attempts : 1 1
          Sum: 2, Avg: 1, Min: 1, Max: 1, Diff: 0]
      [GC Worker End (ms):  3813.9  3813.9
       Avg: 3813.9, Min: 3813.9, Max: 3813.9, Diff:   0.0]
      [GC Worker (ms):  1.0  1.0
       Avg:   1.0, Min:   1.0, Max:   1.0, Diff:   0.0]
      [GC Worker Other (ms):  0.1  0.1
       Avg:   0.1, Min:   0.1, Max:   0.1, Diff:   0.0]
   [Clear CT:   0.0 ms]
   [Other:   0.2 ms]
      [Choose CSet:   0.0 ms]
      [Ref Proc:   0.0 ms]
      [Ref Enq:   0.0 ms]
      [Free CSet:   0.0 ms]
   [Eden: 1024K(107M)->0B(131M) Survivors: 1024K->1024K Heap: 295M(488M)->295M(488M)]
 [Times: user=0.01 sys=0.00, real=0.00 secs] 
Heap after GC invocations=136 (full 76):
 garbage-first heap   total 499712K, used 302908K [0x00000007dae00000, 0x00000007f9600000, 0x00000007fae00000)
  region size 1024K, 1 young (1024K), 1 survivors (1024K)
 compacting perm gen  total 20480K, used 2870K [0x00000007fae00000, 0x00000007fc200000, 0x0000000800000000)
   the space 20480K,  14% used [0x00000007fae00000, 0x00000007fb0cda98, 0x00000007fb0cdc00, 0x00000007fc200000)
No shared spaces configured.
}
3.814: [GC concurrent-root-region-scan-start]
3.815: [GC concurrent-root-region-scan-end, 0.0013090]
3.815: [GC concurrent-mark-start]
3.818: [GC concurrent-mark-end, 0.0030030 sec]
3.831: [GC remark 3.831: [GC ref-proc, 0.0000170 secs], 0.0025600 secs]
 [Times: user=0.01 sys=0.00, real=0.00 secs] 
3.834: [GC cleanup 329M->225M(488M), 0.0005250 secs]
 [Times: user=0.00 sys=0.00, real=0.00 secs] 
3.834: [GC concurrent-cleanup-start]
3.835: [GC concurrent-cleanup-end, 0.0002430]
{Heap before GC invocations=137 (full 76):
 garbage-first heap   total 499712K, used 270479K [0x00000007dae00000, 0x00000007f9600000, 0x00000007fae00000)
  region size 1024K, 2 young (2048K), 1 survivors (1024K)
 compacting perm gen  total 20480K, used 2870K [0x00000007fae00000, 0x00000007fc200000, 0x0000000800000000)
   the space 20480K,  14% used [0x00000007fae00000, 0x00000007fb0cda98, 0x00000007fb0cdc00, 0x00000007fc200000)
No shared spaces configured.
3.860: [GC pause (young)
Desired survivor size 8912896 bytes, new threshold 15 (max 15)
- age   1:        224 bytes,        224 total
- age   2:         96 bytes,        320 total
- age   4:        120 bytes,        440 total
 (initial-mark), 0.00133800 secs]
   [Parallel Time:   1.2 ms]
      [GC Worker Start (ms):  3859.8  3859.8
       Avg: 3859.8, Min: 3859.8, Max: 3859.8, Diff:   0.0]
      [Ext Root Scanning (ms):  0.8  0.8
       Avg:   0.8, Min:   0.8, Max:   0.8, Diff:   0.0]
      [Update RS (ms):  0.0  0.0
       Avg:   0.0, Min:   0.0, Max:   0.0, Diff:   0.0]
         [Processed Buffers : 3 0
          Sum: 3, Avg: 1, Min: 0, Max: 3, Diff: 3]
      [Scan RS (ms):  0.0  0.0
       Avg:   0.0, Min:   0.0, Max:   0.0, Diff:   0.0]
      [Object Copy (ms):  0.1  0.3
       Avg:   0.2, Min:   0.1, Max:   0.3, Diff:   0.1]
      [Termination (ms):  0.1  0.0
       Avg:   0.1, Min:   0.0, Max:   0.1, Diff:   0.1]
         [Termination Attempts : 1 1
          Sum: 2, Avg: 1, Min: 1, Max: 1, Diff: 0]
      [GC Worker End (ms):  3860.9  3860.9
       Avg: 3860.9, Min: 3860.9, Max: 3860.9, Diff:   0.0]
      [GC Worker (ms):  1.1  1.1
       Avg:   1.1, Min:   1.1, Max:   1.1, Diff:   0.0]
      [GC Worker Other (ms):  0.1  0.1
       Avg:   0.1, Min:   0.1, Max:   0.1, Diff:   0.0]
   [Clear CT:   0.0 ms]
   [Other:   0.2 ms]
      [Choose CSet:   0.0 ms]
      [Ref Proc:   0.0 ms]
      [Ref Enq:   0.0 ms]
      [Free CSet:   0.0 ms]
   [Eden: 1024K(131M)->0B(163M) Survivors: 1024K->1024K Heap: 264M(488M)->264M(488M)]
 [Times: user=0.00 sys=0.00, real=0.00 secs] 
Heap after GC invocations=138 (full 77):
 garbage-first heap   total 499712K, used 270479K [0x00000007dae00000, 0x00000007f9600000, 0x00000007fae00000)
  region size 1024K, 1 young (1024K), 1 survivors (1024K)
 compacting perm gen  total 20480K, used 2870K [0x00000007fae00000, 0x00000007fc200000, 0x0000000800000000)
   the space 20480K,  14% used [0x00000007fae00000, 0x00000007fb0cda98, 0x00000007fb0cdc00, 0x00000007fc200000)
No shared spaces configured.
}
3.861: [GC concurrent-root-region-scan-start]
3.861: [GC concurrent-root-region-scan-end, 0.0000800]
3.861: [GC concurrent-mark-start]
3.863: [GC concurrent-mark-end, 0.0017830 sec]
3.875: [GC remark 3.875: [GC ref-proc, 0.0000160 secs], 0.0026510 secs]
 [Times: user=0.01 sys=0.00, real=0.01 secs] 
3.895: [GC cleanup 323M->259M(488M), 0.0008690 secs]
 [Times: user=0.00 sys=0.00, real=0.00 secs] 
3.896: [GC concurrent-cleanup-start]
3.896: [GC concurrent-cleanup-end, 0.0001860]
{Heap before GC invocations=139 (full 77):
 garbage-first heap   total 499712K, used 290632K [0x00000007dae00000, 0x00000007f9600000, 0x00000007fae00000)
  region size 1024K, 2 young (2048K), 1 survivors (1024K)
 compacting perm gen  total 20480K, used 2870K [0x00000007fae00000, 0x00000007fc200000, 0x0000000800000000)
   the space 20480K,  14% used [0x00000007fae00000, 0x00000007fb0cda98, 0x00000007fb0cdc00, 0x00000007fc200000)
No shared spaces configured.
3.914: [GC pause (young)
Desired survivor size 11010048 bytes, new threshold 15 (max 15)
- age   1:        240 bytes,        240 total
- age   2:        112 bytes,        352 total
- age   3:         40 bytes,        392 total
- age   5:        120 bytes,        512 total
 (initial-mark), 0.00126600 secs]
   [Parallel Time:   1.1 ms]
      [GC Worker Start (ms):  3913.7  3913.7
       Avg: 3913.7, Min: 3913.7, Max: 3913.7, Diff:   0.0]
      [Ext Root Scanning (ms):  0.9  0.8
       Avg:   0.8, Min:   0.8, Max:   0.9, Diff:   0.0]
      [Update RS (ms):  0.0  0.0
       Avg:   0.0, Min:   0.0, Max:   0.0, Diff:   0.0]
         [Processed Buffers : 1 1
          Sum: 2, Avg: 1, Min: 1, Max: 1, Diff: 0]
      [Scan RS (ms):  0.0  0.0
       Avg:   0.0, Min:   0.0, Max:   0.0, Diff:   0.0]
      [Object Copy (ms):  0.2  0.2
       Avg:   0.2, Min:   0.2, Max:   0.2, Diff:   0.0]
      [Termination (ms):  0.0  0.0
       Avg:   0.0, Min:   0.0, Max:   0.0, Diff:   0.0]
         [Termination Attempts : 1 1
          Sum: 2, Avg: 1, Min: 1, Max: 1, Diff: 0]
      [GC Worker End (ms):  3914.8  3914.8
       Avg: 3914.8, Min: 3914.8, Max: 3914.8, Diff:   0.0]
      [GC Worker (ms):  1.0  1.0
       Avg:   1.0, Min:   1.0, Max:   1.0, Diff:   0.0]
      [GC Worker Other (ms):  0.1  0.1
       Avg:   0.1, Min:   0.1, Max:   0.1, Diff:   0.0]
   [Clear CT:   0.0 ms]
   [Other:   0.2 ms]
      [Choose CSet:   0.0 ms]
      [Ref Proc:   0.0 ms]
      [Ref Enq:   0.0 ms]
      [Free CSet:   0.0 ms]
   [Eden: 1024K(163M)->0B(143M) Survivors: 1024K->1024K Heap: 283M(488M)->283M(488M)]
 [Times: user=0.00 sys=0.00, real=0.00 secs] 
Heap after GC invocations=140 (full 78):
 garbage-first heap   total 499712K, used 290632K [0x00000007dae00000, 0x00000007f9600000, 0x00000007fae00000)
  region size 1024K, 1 young (1024K), 1 survivors (1024K)
 compacting perm gen  total 20480K, used 2870K [0x00000007fae00000, 0x00000007fc200000, 0x0000000800000000)
   the space 20480K,  14% used [0x00000007fae00000, 0x00000007fb0cda98, 0x00000007fb0cdc00, 0x00000007fc200000)
No shared spaces configured.
}
3.915: [GC concurrent-root-region-scan-start]
3.915: [GC concurrent-root-region-scan-end, 0.0000870]
3.915: [GC concurrent-mark-start]
3.928: [GC concurrent-mark-end, 0.0126490 sec]
3.961: [GC remark 3.961: [GC ref-proc, 0.0000160 secs], 0.0035290 secs]
 [Times: user=0.01 sys=0.00, real=0.00 secs] 
3.965: [GC cleanup 371M->294M(488M), 0.0004020 secs]
 [Times: user=0.00 sys=0.00, real=0.00 secs] 
3.965: [GC concurrent-cleanup-start]
3.965: [GC concurrent-cleanup-end, 0.0001600]
{Heap before GC invocations=141 (full 78):
 garbage-first heap   total 499712K, used 345805K [0x00000007dae00000, 0x00000007f9600000, 0x00000007fae00000)
  region size 1024K, 2 young (2048K), 1 survivors (1024K)
 compacting perm gen  total 20480K, used 2870K [0x00000007fae00000, 0x00000007fc200000, 0x0000000800000000)
   the space 20480K,  14% used [0x00000007fae00000, 0x00000007fb0cda98, 0x00000007fb0cdc00, 0x00000007fc200000)
No shared spaces configured.
3.992: [GC pause (young)
Desired survivor size 9437184 bytes, new threshold 15 (max 15)
- age   1:        112 bytes,        112 total
- age   2:        160 bytes,        272 total
- age   6:        120 bytes,        392 total
 (initial-mark), 0.00124900 secs]
   [Parallel Time:   1.1 ms]
      [GC Worker Start (ms):  3992.3  3992.3
       Avg: 3992.3, Min: 3992.3, Max: 3992.3, Diff:   0.0]
      [Ext Root Scanning (ms):  0.8  0.8
       Avg:   0.8, Min:   0.8, Max:   0.8, Diff:   0.1]
      [Update RS (ms):  0.0  0.0
       Avg:   0.0, Min:   0.0, Max:   0.0, Diff:   0.0]
         [Processed Buffers : 4 0
          Sum: 4, Avg: 2, Min: 0, Max: 4, Diff: 4]
      [Scan RS (ms):  0.0  0.0
       Avg:   0.0, Min:   0.0, Max:   0.0, Diff:   0.0]
      [Object Copy (ms):  0.1  0.2
       Avg:   0.2, Min:   0.1, Max:   0.2, Diff:   0.0]
      [Termination (ms):  0.1  0.0
       Avg:   0.0, Min:   0.0, Max:   0.1, Diff:   0.1]
         [Termination Attempts : 1 1
          Sum: 2, Avg: 1, Min: 1, Max: 1, Diff: 0]
      [GC Worker End (ms):  3993.3  3993.3
       Avg: 3993.3, Min: 3993.3, Max: 3993.3, Diff:   0.0]
      [GC Worker (ms):  1.0  1.0
       Avg:   1.0, Min:   1.0, Max:   1.0, Diff:   0.0]
      [GC Worker Other (ms):  0.1  0.1
       Avg:   0.1, Min:   0.1, Max:   0.1, Diff:   0.0]
   [Clear CT:   0.0 ms]
   [Other:   0.2 ms]
      [Choose CSet:   0.0 ms]
      [Ref Proc:   0.0 ms]
      [Ref Enq:   0.0 ms]
      [Free CSet:   0.0 ms]
   [Eden: 1024K(143M)->0B(96M) Survivors: 1024K->1024K Heap: 337M(488M)->337M(488M)]
 [Times: user=0.00 sys=0.01, real=0.00 secs] 
Heap after GC invocations=142 (full 79):
 garbage-first heap   total 499712K, used 345805K [0x00000007dae00000, 0x00000007f9600000, 0x00000007fae00000)
  region size 1024K, 1 young (1024K), 1 survivors (1024K)
 compacting perm gen  total 20480K, used 2870K [0x00000007fae00000, 0x00000007fc200000, 0x0000000800000000)
   the space 20480K,  14% used [0x00000007fae00000, 0x00000007fb0cda98, 0x00000007fb0cdc00, 0x00000007fc200000)
No shared spaces configured.
}
3.993: [GC concurrent-root-region-scan-start]
3.994: [GC concurrent-root-region-scan-end, 0.0001570]
3.994: [GC concurrent-mark-start]
3.996: [GC concurrent-mark-end, 0.0018850 sec]
4.001: [GC remark 4.001: [GC ref-proc, 0.0000160 secs], 0.0034420 secs]
 [Times: user=0.01 sys=0.00, real=0.00 secs] 
4.005: [GC cleanup 352M->305M(488M), 0.0004070 secs]
 [Times: user=0.00 sys=0.00, real=0.00 secs] 
4.005: [GC concurrent-cleanup-start]
4.005: [GC concurrent-cleanup-end, 0.0001030]
{Heap before GC invocations=143 (full 79):
 garbage-first heap   total 499712K, used 376707K [0x00000007dae00000, 0x00000007f9600000, 0x00000007fae00000)
  region size 1024K, 2 young (2048K), 1 survivors (1024K)
 compacting perm gen  total 20480K, used 2870K [0x00000007fae00000, 0x00000007fc200000, 0x0000000800000000)
   the space 20480K,  14% used [0x00000007fae00000, 0x00000007fb0cda98, 0x00000007fb0cdc00, 0x00000007fc200000)
No shared spaces configured.
4.042: [GC pause (young)
Desired survivor size 6815744 bytes, new threshold 15 (max 15)
- age   1:        512 bytes,        512 total
- age   2:         40 bytes,        552 total
- age   7:        120 bytes,        672 total
 (initial-mark), 0.00120600 secs]
   [Parallel Time:   1.0 ms]
      [GC Worker Start (ms):  4042.4  4042.4
       Avg: 4042.4, Min: 4042.4, Max: 4042.4, Diff:   0.0]
      [Ext Root Scanning (ms):  0.8  0.8
       Avg:   0.8, Min:   0.8, Max:   0.8, Diff:   0.1]
      [Update RS (ms):  0.0  0.0
       Avg:   0.0, Min:   0.0, Max:   0.0, Diff:   0.0]
         [Processed Buffers : 3 0
          Sum: 3, Avg: 1, Min: 0, Max: 3, Diff: 3]
      [Scan RS (ms):  0.0  0.0
       Avg:   0.0, Min:   0.0, Max:   0.0, Diff:   0.0]
      [Object Copy (ms):  0.2  0.1
       Avg:   0.2, Min:   0.1, Max:   0.2, Diff:   0.1]
      [Termination (ms):  0.0  0.0
       Avg:   0.0, Min:   0.0, Max:   0.0, Diff:   0.0]
         [Termination Attempts : 1 1
          Sum: 2, Avg: 1, Min: 1, Max: 1, Diff: 0]
      [GC Worker End (ms):  4043.4  4043.4
       Avg: 4043.4, Min: 4043.4, Max: 4043.4, Diff:   0.0]
      [GC Worker (ms):  1.0  1.0
       Avg:   1.0, Min:   1.0, Max:   1.0, Diff:   0.0]
      [GC Worker Other (ms):  0.0  0.0
       Avg:   0.0, Min:   0.0, Max:   0.0, Diff:   0.0]
   [Clear CT:   0.0 ms]
   [Other:   0.2 ms]
      [Choose CSet:   0.0 ms]
      [Ref Proc:   0.0 ms]
      [Ref Enq:   0.0 ms]
      [Free CSet:   0.0 ms]
   [Eden: 1024K(96M)->0B(96M) Survivors: 1024K->1024K Heap: 367M(488M)->367M(488M)]
 [Times: user=0.01 sys=0.00, real=0.00 secs] 
Heap after GC invocations=144 (full 80):
 garbage-first heap   total 499712K, used 376707K [0x00000007dae00000, 0x00000007f9600000, 0x00000007fae00000)
  region size 1024K, 1 young (1024K), 1 survivors (1024K)
 compacting perm gen  total 20480K, used 2870K [0x00000007fae00000, 0x00000007fc200000, 0x0000000800000000)
   the space 20480K,  14% used [0x00000007fae00000, 0x00000007fb0cda98, 0x00000007fb0cdc00, 0x00000007fc200000)
No shared spaces configured.
}
4.044: [GC concurrent-root-region-scan-start]
4.044: [GC concurrent-root-region-scan-end, 0.0000840]
4.044: [GC concurrent-mark-start]
4.046: [GC concurrent-mark-end, 0.0024040 sec]
4.062: [GC remark 4.063: [GC ref-proc, 0.0000170 secs], 0.0032400 secs]
 [Times: user=0.00 sys=0.00, real=0.00 secs] 
4.066: [GC cleanup 402M->316M(488M), 0.0004250 secs]
 [Times: user=0.00 sys=0.00, real=0.00 secs] 
4.066: [GC concurrent-cleanup-start]
4.067: [GC concurrent-cleanup-end, 0.0001810]
{Heap before GC invocations=145 (full 80):
 garbage-first heap   total 499712K, used 357199K [0x00000007dae00000, 0x00000007f9600000, 0x00000007fae00000)
  region size 1024K, 2 young (2048K), 1 survivors (1024K)
 compacting perm gen  total 20480K, used 2870K [0x00000007fae00000, 0x00000007fc200000, 0x0000000800000000)
   the space 20480K,  14% used [0x00000007fae00000, 0x00000007fb0cda98, 0x00000007fb0cdc00, 0x00000007fc200000)
No shared spaces configured.
4.088: [GC pause (young)
Desired survivor size 6815744 bytes, new threshold 15 (max 15)
- age   1:        168 bytes,        168 total
- age   2:        344 bytes,        512 total
- age   8:        120 bytes,        632 total
 (initial-mark), 0.00119900 secs]
   [Parallel Time:   1.0 ms]
      [GC Worker Start (ms):  4087.8  4087.8
       Avg: 4087.8, Min: 4087.8, Max: 4087.8, Diff:   0.0]
      [Ext Root Scanning (ms):  0.7  0.8
       Avg:   0.8, Min:   0.7, Max:   0.8, Diff:   0.1]
      [Update RS (ms):  0.0  0.0
       Avg:   0.0, Min:   0.0, Max:   0.0, Diff:   0.0]
         [Processed Buffers : 2 1
          Sum: 3, Avg: 1, Min: 1, Max: 2, Diff: 1]
      [Scan RS (ms):  0.0  0.0
       Avg:   0.0, Min:   0.0, Max:   0.0, Diff:   0.0]
      [Object Copy (ms):  0.2  0.1
       Avg:   0.2, Min:   0.1, Max:   0.2, Diff:   0.1]
      [Termination (ms):  0.0  0.0
       Avg:   0.0, Min:   0.0, Max:   0.0, Diff:   0.0]
         [Termination Attempts : 1 1
          Sum: 2, Avg: 1, Min: 1, Max: 1, Diff: 0]
      [GC Worker End (ms):  4088.8  4088.8
       Avg: 4088.8, Min: 4088.8, Max: 4088.8, Diff:   0.0]
      [GC Worker (ms):  1.0  1.0
       Avg:   1.0, Min:   1.0, Max:   1.0, Diff:   0.0]
      [GC Worker Other (ms):  0.1  0.1
       Avg:   0.1, Min:   0.1, Max:   0.1, Diff:   0.0]
   [Clear CT:   0.0 ms]
   [Other:   0.2 ms]
      [Choose CSet:   0.0 ms]
      [Ref Proc:   0.0 ms]
      [Ref Enq:   0.0 ms]
      [Free CSet:   0.0 ms]
   [Eden: 1024K(96M)->0B(96M) Survivors: 1024K->1024K Heap: 348M(488M)->348M(488M)]
 [Times: user=0.00 sys=0.00, real=0.00 secs] 
Heap after GC invocations=146 (full 81):
 garbage-first heap   total 499712K, used 357199K [0x00000007dae00000, 0x00000007f9600000, 0x00000007fae00000)
  region size 1024K, 1 young (1024K), 1 survivors (1024K)
 compacting perm gen  total 20480K, used 2870K [0x00000007fae00000, 0x00000007fc200000, 0x0000000800000000)
   the space 20480K,  14% used [0x00000007fae00000, 0x00000007fb0cda98, 0x00000007fb0cdc00, 0x00000007fc200000)
No shared spaces configured.
}
4.089: [GC concurrent-root-region-scan-start]
4.089: [GC concurrent-root-region-scan-end, 0.0000870]
4.089: [GC concurrent-mark-start]
4.091: [GC concurrent-mark-end, 0.0022580 sec]
4.102: [GC remark 4.103: [GC ref-proc, 0.0000160 secs], 0.0029720 secs]
 [Times: user=0.00 sys=0.00, real=0.00 secs] 
4.113: [GC cleanup 388M->299M(488M), 0.0006900 secs]
 [Times: user=0.00 sys=0.00, real=0.00 secs] 
4.114: [GC concurrent-cleanup-start]
4.114: [GC concurrent-cleanup-end, 0.0002160]
{Heap before GC invocations=147 (full 81):
 garbage-first heap   total 499712K, used 347248K [0x00000007dae00000, 0x00000007f9600000, 0x00000007fae00000)
  region size 1024K, 2 young (2048K), 1 survivors (1024K)
 compacting perm gen  total 20480K, used 2870K [0x00000007fae00000, 0x00000007fc200000, 0x0000000800000000)
   the space 20480K,  14% used [0x00000007fae00000, 0x00000007fb0cda98, 0x00000007fb0cdc00, 0x00000007fc200000)
No shared spaces configured.
4.140: [GC pause (young)
Desired survivor size 6815744 bytes, new threshold 15 (max 15)
- age   1:        176 bytes,        176 total
- age   2:        136 bytes,        312 total
- age   3:         72 bytes,        384 total
- age   9:        120 bytes,        504 total
 (initial-mark), 0.00132000 secs]
   [Parallel Time:   1.2 ms]
      [GC Worker Start (ms):  4140.1  4140.1
       Avg: 4140.1, Min: 4140.1, Max: 4140.1, Diff:   0.0]
      [Ext Root Scanning (ms):  0.8  0.9
       Avg:   0.8, Min:   0.8, Max:   0.9, Diff:   0.1]
      [Update RS (ms):  0.0  0.0
       Avg:   0.0, Min:   0.0, Max:   0.0, Diff:   0.0]
         [Processed Buffers : 3 0
          Sum: 3, Avg: 1, Min: 0, Max: 3, Diff: 3]
      [Scan RS (ms):  0.0  0.0
       Avg:   0.0, Min:   0.0, Max:   0.0, Diff:   0.0]
      [Object Copy (ms):  0.2  0.2
       Avg:   0.2, Min:   0.2, Max:   0.2, Diff:   0.0]
      [Termination (ms):  0.1  0.0
       Avg:   0.0, Min:   0.0, Max:   0.1, Diff:   0.1]
         [Termination Attempts : 1 1
          Sum: 2, Avg: 1, Min: 1, Max: 1, Diff: 0]
      [GC Worker End (ms):  4141.2  4141.2
       Avg: 4141.2, Min: 4141.2, Max: 4141.2, Diff:   0.0]
      [GC Worker (ms):  1.1  1.1
       Avg:   1.1, Min:   1.1, Max:   1.1, Diff:   0.0]
      [GC Worker Other (ms):  0.1  0.1
       Avg:   0.1, Min:   0.1, Max:   0.1, Diff:   0.0]
   [Clear CT:   0.0 ms]
   [Other:   0.2 ms]
      [Choose CSet:   0.0 ms]
      [Ref Proc:   0.0 ms]
      [Ref Enq:   0.0 ms]
      [Free CSet:   0.0 ms]
   [Eden: 1024K(96M)->0B(96M) Survivors: 1024K->1024K Heap: 339M(488M)->339M(488M)]
 [Times: user=0.00 sys=0.00, real=0.00 secs] 
Heap after GC invocations=148 (full 82):
 garbage-first heap   total 499712K, used 347248K [0x00000007dae00000, 0x00000007f9600000, 0x00000007fae00000)
  region size 1024K, 1 young (1024K), 1 survivors (1024K)
 compacting perm gen  total 20480K, used 2870K [0x00000007fae00000, 0x00000007fc200000, 0x0000000800000000)
   the space 20480K,  14% used [0x00000007fae00000, 0x00000007fb0cda98, 0x00000007fb0cdc00, 0x00000007fc200000)
No shared spaces configured.
}
4.141: [GC concurrent-root-region-scan-start]
4.141: [GC concurrent-root-region-scan-end, 0.0000780]
4.141: [GC concurrent-mark-start]
4.144: [GC concurrent-mark-end, 0.0023530 sec]
4.148: [GC remark 4.148: [GC ref-proc, 0.0000160 secs], 0.0029460 secs]
 [Times: user=0.01 sys=0.00, real=0.00 secs] 
4.151: [GC cleanup 350M->251M(488M), 0.0004410 secs]
 [Times: user=0.00 sys=0.00, real=0.00 secs] 
4.151: [GC concurrent-cleanup-start]
4.152: [GC concurrent-cleanup-end, 0.0002090]
{Heap before GC invocations=149 (full 82):
 garbage-first heap   total 499712K, used 292540K [0x00000007dae00000, 0x00000007f9600000, 0x00000007fae00000)
  region size 1024K, 2 young (2048K), 1 survivors (1024K)
 compacting perm gen  total 20480K, used 2870K [0x00000007fae00000, 0x00000007fc200000, 0x0000000800000000)
   the space 20480K,  14% used [0x00000007fae00000, 0x00000007fb0cda98, 0x00000007fb0cdc00, 0x00000007fc200000)
No shared spaces configured.
4.174: [GC pause (young)
Desired survivor size 6815744 bytes, new threshold 15 (max 15)
- age   1:        240 bytes,        240 total
- age   2:         80 bytes,        320 total
- age   3:         56 bytes,        376 total
- age  10:        120 bytes,        496 total
 (initial-mark), 0.00145100 secs]
   [Parallel Time:   1.3 ms]
      [GC Worker Start (ms):  4174.4  4174.4
       Avg: 4174.4, Min: 4174.4, Max: 4174.4, Diff:   0.0]
      [Ext Root Scanning (ms):  0.7  1.0
       Avg:   0.9, Min:   0.7, Max:   1.0, Diff:   0.3]
      [Update RS (ms):  0.0  0.0
       Avg:   0.0, Min:   0.0, Max:   0.0, Diff:   0.0]
         [Processed Buffers : 3 0
          Sum: 3, Avg: 1, Min: 0, Max: 3, Diff: 3]
      [Scan RS (ms):  0.0  0.0
       Avg:   0.0, Min:   0.0, Max:   0.0, Diff:   0.0]
      [Object Copy (ms):  0.1  0.2
       Avg:   0.2, Min:   0.1, Max:   0.2, Diff:   0.0]
      [Termination (ms):  0.3  0.0
       Avg:   0.1, Min:   0.0, Max:   0.3, Diff:   0.3]
         [Termination Attempts : 1 1
          Sum: 2, Avg: 1, Min: 1, Max: 1, Diff: 0]
      [GC Worker End (ms):  4175.6  4175.6
       Avg: 4175.6, Min: 4175.6, Max: 4175.6, Diff:   0.0]
      [GC Worker (ms):  1.2  1.2
       Avg:   1.2, Min:   1.2, Max:   1.2, Diff:   0.0]
      [GC Worker Other (ms):  0.1  0.1
       Avg:   0.1, Min:   0.1, Max:   0.1, Diff:   0.0]
   [Clear CT:   0.0 ms]
   [Other:   0.1 ms]
      [Choose CSet:   0.0 ms]
      [Ref Proc:   0.0 ms]
      [Ref Enq:   0.0 ms]
      [Free CSet:   0.0 ms]
   [Eden: 1024K(96M)->0B(144M) Survivors: 1024K->1024K Heap: 285M(488M)->285M(488M)]
 [Times: user=0.00 sys=0.00, real=0.01 secs] 
Heap after GC invocations=150 (full 83):
 garbage-first heap   total 499712K, used 292540K [0x00000007dae00000, 0x00000007f9600000, 0x00000007fae00000)
  region size 1024K, 1 young (1024K), 1 survivors (1024K)
 compacting perm gen  total 20480K, used 2870K [0x00000007fae00000, 0x00000007fc200000, 0x0000000800000000)
   the space 20480K,  14% used [0x00000007fae00000, 0x00000007fb0cda98, 0x00000007fb0cdc00, 0x00000007fc200000)
No shared spaces configured.
}
4.176: [GC concurrent-root-region-scan-start]
4.176: [GC concurrent-root-region-scan-end, 0.0000700]
4.176: [GC concurrent-mark-start]
4.178: [GC concurrent-mark-end, 0.0017290 sec]
4.204: [GC remark 4.204: [GC ref-proc, 0.0000160 secs], 0.0027340 secs]
 [Times: user=0.00 sys=0.00, real=0.01 secs] 
4.218: [GC cleanup 363M->307M(488M), 0.0006050 secs]
 [Times: user=0.00 sys=0.00, real=0.00 secs] 
4.219: [GC concurrent-cleanup-start]
4.219: [GC concurrent-cleanup-end, 0.0001650]
{Heap before GC invocations=151 (full 83):
 garbage-first heap   total 518144K, used 419708K [0x00000007dae00000, 0x00000007fa800000, 0x00000007fae00000)
  region size 1024K, 2 young (2048K), 1 survivors (1024K)
 compacting perm gen  total 20480K, used 2870K [0x00000007fae00000, 0x00000007fc200000, 0x0000000800000000)
   the space 20480K,  14% used [0x00000007fae00000, 0x00000007fb0cda98, 0x00000007fb0cdc00, 0x00000007fc200000)
No shared spaces configured.
4.281: [GC pause (young)
Desired survivor size 9961472 bytes, new threshold 15 (max 15)
- age   1:        208 bytes,        208 total
- age   2:        152 bytes,        360 total
- age   3:         40 bytes,        400 total
- age  11:        120 bytes,        520 total
, 0.00097500 secs]
   [Parallel Time:   0.9 ms]
      [GC Worker Start (ms):  4281.2  4281.2
       Avg: 4281.2, Min: 4281.2, Max: 4281.2, Diff:   0.0]
      [Ext Root Scanning (ms):  0.7  0.7
       Avg:   0.7, Min:   0.7, Max:   0.7, Diff:   0.0]
      [Update RS (ms):  0.0  0.0
       Avg:   0.0, Min:   0.0, Max:   0.0, Diff:   0.0]
         [Processed Buffers : 2 0
          Sum: 2, Avg: 1, Min: 0, Max: 2, Diff: 2]
      [Scan RS (ms):  0.0  0.0
       Avg:   0.0, Min:   0.0, Max:   0.0, Diff:   0.0]
      [Object Copy (ms):  0.1  0.0
       Avg:   0.0, Min:   0.0, Max:   0.1, Diff:   0.0]
      [Termination (ms):  0.0  0.0
       Avg:   0.0, Min:   0.0, Max:   0.0, Diff:   0.0]
         [Termination Attempts : 1 1
          Sum: 2, Avg: 1, Min: 1, Max: 1, Diff: 0]
      [GC Worker End (ms):  4282.0  4282.0
       Avg: 4282.0, Min: 4282.0, Max: 4282.0, Diff:   0.0]
      [GC Worker (ms):  0.8  0.8
       Avg:   0.8, Min:   0.8, Max:   0.8, Diff:   0.0]
      [GC Worker Other (ms):  0.1  0.1
       Avg:   0.1, Min:   0.1, Max:   0.1, Diff:   0.0]
   [Clear CT:   0.0 ms]
   [Other:   0.1 ms]
      [Choose CSet:   0.0 ms]
      [Ref Proc:   0.0 ms]
      [Ref Enq:   0.0 ms]
      [Free CSet:   0.0 ms]
   [Eden: 1024K(144M)->0B(100M) Survivors: 1024K->1024K Heap: 410M(506M)->409M(506M)]
 [Times: user=0.00 sys=0.00, real=0.00 secs] 
Heap after GC invocations=152 (full 83):
 garbage-first heap   total 518144K, used 419708K [0x00000007dae00000, 0x00000007fa800000, 0x00000007fae00000)
  region size 1024K, 1 young (1024K), 1 survivors (1024K)
 compacting perm gen  total 20480K, used 2870K [0x00000007fae00000, 0x00000007fc200000, 0x0000000800000000)
   the space 20480K,  14% used [0x00000007fae00000, 0x00000007fb0cda98, 0x00000007fb0cdc00, 0x00000007fc200000)
No shared spaces configured.
}
{Heap before GC invocations=152 (full 83):
 garbage-first heap   total 518144K, used 445819K [0x00000007dae00000, 0x00000007fa800000, 0x00000007fae00000)
  region size 1024K, 2 young (2048K), 1 survivors (1024K)
 compacting perm gen  total 20480K, used 2870K [0x00000007fae00000, 0x00000007fc200000, 0x0000000800000000)
   the space 20480K,  14% used [0x00000007fae00000, 0x00000007fb0cda98, 0x00000007fb0cdc00, 0x00000007fc200000)
No shared spaces configured.
4.295: [GC pause (young)
Desired survivor size 6815744 bytes, new threshold 15 (max 15)
- age   1:        416 bytes,        416 total
- age  12:        120 bytes,        536 total
 (initial-mark), 0.00190000 secs]
   [Parallel Time:   1.7 ms]
      [GC Worker Start (ms):  4295.5  4296.7
       Avg: 4296.1, Min: 4295.5, Max: 4296.7, Diff:   1.2]
      [Ext Root Scanning (ms):  1.3  0.3
       Avg:   0.8, Min:   0.3, Max:   1.3, Diff:   1.0]
      [Update RS (ms):  0.0  0.0
       Avg:   0.0, Min:   0.0, Max:   0.0, Diff:   0.0]
         [Processed Buffers : 3 0
          Sum: 3, Avg: 1, Min: 0, Max: 3, Diff: 3]
      [Scan RS (ms):  0.0  0.0
       Avg:   0.0, Min:   0.0, Max:   0.0, Diff:   0.0]
      [Object Copy (ms):  0.3  0.1
       Avg:   0.2, Min:   0.1, Max:   0.3, Diff:   0.2]
      [Termination (ms):  0.0  0.0
       Avg:   0.0, Min:   0.0, Max:   0.0, Diff:   0.0]
         [Termination Attempts : 1 1
          Sum: 2, Avg: 1, Min: 1, Max: 1, Diff: 0]
      [GC Worker End (ms):  4297.1  4297.1
       Avg: 4297.1, Min: 4297.1, Max: 4297.1, Diff:   0.0]
      [GC Worker (ms):  1.6  0.4
       Avg:   1.0, Min:   0.4, Max:   1.6, Diff:   1.2]
      [GC Worker Other (ms):  0.1  1.3
       Avg:   0.7, Min:   0.1, Max:   1.3, Diff:   1.2]
   [Clear CT:   0.0 ms]
   [Other:   0.2 ms]
      [Choose CSet:   0.0 ms]
      [Ref Proc:   0.0 ms]
      [Ref Enq:   0.0 ms]
      [Free CSet:   0.0 ms]
   [Eden: 1024K(100M)->0B(100M) Survivors: 1024K->1024K Heap: 435M(506M)->435M(506M)]
 [Times: user=0.01 sys=0.00, real=0.01 secs] 
Heap after GC invocations=153 (full 84):
 garbage-first heap   total 518144K, used 445819K [0x00000007dae00000, 0x00000007fa800000, 0x00000007fae00000)
  region size 1024K, 1 young (1024K), 1 survivors (1024K)
 compacting perm gen  total 20480K, used 2870K [0x00000007fae00000, 0x00000007fc200000, 0x0000000800000000)
   the space 20480K,  14% used [0x00000007fae00000, 0x00000007fb0cda98, 0x00000007fb0cdc00, 0x00000007fc200000)
No shared spaces configured.
}
4.297: [GC concurrent-root-region-scan-start]
4.297: [GC concurrent-root-region-scan-end, 0.0000890]
4.297: [GC concurrent-mark-start]
{Heap before GC invocations=153 (full 84):
 garbage-first heap   total 518144K, used 445819K [0x00000007dae00000, 0x00000007fa800000, 0x00000007fae00000)
  region size 1024K, 1 young (1024K), 1 survivors (1024K)
 compacting perm gen  total 20480K, used 2870K [0x00000007fae00000, 0x00000007fc200000, 0x0000000800000000)
   the space 20480K,  14% used [0x00000007fae00000, 0x00000007fb0cda98, 0x00000007fb0cdc00, 0x00000007fc200000)
No shared spaces configured.
4.298: [GC pause (young)
Desired survivor size 6815744 bytes, new threshold 15 (max 15)
- age   1:        176 bytes,        176 total
- age   2:        232 bytes,        408 total
- age  13:        120 bytes,        528 total
, 0.00073200 secs]
   [Parallel Time:   0.7 ms]
      [GC Worker Start (ms):  4297.8  4298.0
       Avg: 4297.9, Min: 4297.8, Max: 4298.0, Diff:   0.2]
      [Ext Root Scanning (ms):  0.5  0.4
       Avg:   0.4, Min:   0.4, Max:   0.5, Diff:   0.1]
      [SATB Filtering (ms):  0.0  0.0
       Avg:   0.0, Min:   0.0, Max:   0.0, Diff:   0.0]
      [Update RS (ms):  0.0  0.0
       Avg:   0.0, Min:   0.0, Max:   0.0, Diff:   0.0]
         [Processed Buffers : 3 0
          Sum: 3, Avg: 1, Min: 0, Max: 3, Diff: 3]
      [Scan RS (ms):  0.0  0.0
       Avg:   0.0, Min:   0.0, Max:   0.0, Diff:   0.0]
      [Object Copy (ms):  0.1  0.0
       Avg:   0.0, Min:   0.0, Max:   0.1, Diff:   0.0]
      [Termination (ms):  0.1  0.0
       Avg:   0.0, Min:   0.0, Max:   0.1, Diff:   0.1]
         [Termination Attempts : 1 1
          Sum: 2, Avg: 1, Min: 1, Max: 1, Diff: 0]
      [GC Worker End (ms):  4298.4  4298.4
       Avg: 4298.4, Min: 4298.4, Max: 4298.4, Diff:   0.0]
      [GC Worker (ms):  0.6  0.4
       Avg:   0.5, Min:   0.4, Max:   0.6, Diff:   0.2]
      [GC Worker Other (ms):  0.0  0.3
       Avg:   0.1, Min:   0.0, Max:   0.3, Diff:   0.2]
   [Complete CSet Marking:   0.0 ms]
   [Clear CT:   0.0 ms]
   [Other:   0.1 ms]
      [Choose CSet:   0.0 ms]
      [Ref Proc:   0.0 ms]
      [Ref Enq:   0.0 ms]
      [Free CSet:   0.0 ms]
   [Eden: 0B(100M)->0B(100M) Survivors: 1024K->1024K Heap: 435M(506M)->435M(506M)]
 [Times: user=0.00 sys=0.00, real=0.00 secs] 
Heap after GC invocations=154 (full 84):
 garbage-first heap   total 518144K, used 445787K [0x00000007dae00000, 0x00000007fa800000, 0x00000007fae00000)
  region size 1024K, 1 young (1024K), 1 survivors (1024K)
 compacting perm gen  total 20480K, used 2870K [0x00000007fae00000, 0x00000007fc200000, 0x0000000800000000)
   the space 20480K,  14% used [0x00000007fae00000, 0x00000007fb0cda98, 0x00000007fb0cdc00, 0x00000007fc200000)
No shared spaces configured.
}
{Heap before GC invocations=154 (full 84):
 garbage-first heap   total 518144K, used 445787K [0x00000007dae00000, 0x00000007fa800000, 0x00000007fae00000)
  region size 1024K, 1 young (1024K), 1 survivors (1024K)
 compacting perm gen  total 20480K, used 2870K [0x00000007fae00000, 0x00000007fc200000, 0x0000000800000000)
   the space 20480K,  14% used [0x00000007fae00000, 0x00000007fb0cda98, 0x00000007fb0cdc00, 0x00000007fc200000)
No shared spaces configured.
4.299: [Full GC 435M->233M(506M), 0.0113910 secs]
 [Times: user=0.01 sys=0.00, real=0.01 secs] 
Heap after GC invocations=155 (full 85):
 garbage-first heap   total 518144K, used 239590K [0x00000007dae00000, 0x00000007fa800000, 0x00000007fae00000)
  region size 1024K, 0 young (0K), 0 survivors (0K)
 compacting perm gen  total 20480K, used 2870K [0x00000007fae00000, 0x00000007fc200000, 0x0000000800000000)
   the space 20480K,  14% used [0x00000007fae00000, 0x00000007fb0cda98, 0x00000007fb0cdc00, 0x00000007fc200000)
No shared spaces configured.
}
4.310: [GC concurrent-mark-abort]
{Heap before GC invocations=155 (full 85):
 garbage-first heap   total 518144K, used 284117K [0x00000007dae00000, 0x00000007fa800000, 0x00000007fae00000)
  region size 1024K, 1 young (1024K), 0 survivors (0K)
 compacting perm gen  total 20480K, used 2870K [0x00000007fae00000, 0x00000007fc200000, 0x0000000800000000)
   the space 20480K,  14% used [0x00000007fae00000, 0x00000007fb0cda98, 0x00000007fb0cdc00, 0x00000007fc200000)
No shared spaces configured.
4.337: [GC pause (young)
Desired survivor size 14155776 bytes, new threshold 15 (max 15)
- age   2:        176 bytes,        176 total
- age   3:        192 bytes,        368 total
- age  14:        120 bytes,        488 total
 (initial-mark), 0.00198300 secs]
   [Parallel Time:   1.7 ms]
      [GC Worker Start (ms):  4337.6  4337.6
       Avg: 4337.6, Min: 4337.6, Max: 4337.6, Diff:   0.0]
      [Ext Root Scanning (ms):  1.4  1.5
       Avg:   1.5, Min:   1.4, Max:   1.5, Diff:   0.1]
      [Update RS (ms):  0.0  0.0
       Avg:   0.0, Min:   0.0, Max:   0.0, Diff:   0.0]
         [Processed Buffers : 1 0
          Sum: 1, Avg: 0, Min: 0, Max: 1, Diff: 1]
      [Scan RS (ms):  0.0  0.0
       Avg:   0.0, Min:   0.0, Max:   0.0, Diff:   0.0]
      [Object Copy (ms):  0.2  0.1
       Avg:   0.2, Min:   0.1, Max:   0.2, Diff:   0.1]
      [Termination (ms):  0.0  0.0
       Avg:   0.0, Min:   0.0, Max:   0.0, Diff:   0.0]
         [Termination Attempts : 1 1
          Sum: 2, Avg: 1, Min: 1, Max: 1, Diff: 0]
      [GC Worker End (ms):  4339.3  4339.3
       Avg: 4339.3, Min: 4339.3, Max: 4339.3, Diff:   0.0]
      [GC Worker (ms):  1.7  1.7
       Avg:   1.7, Min:   1.7, Max:   1.7, Diff:   0.0]
      [GC Worker Other (ms):  0.1  0.1
       Avg:   0.1, Min:   0.1, Max:   0.1, Diff:   0.0]
   [Clear CT:   0.0 ms]
   [Other:   0.2 ms]
      [Choose CSet:   0.0 ms]
      [Ref Proc:   0.1 ms]
      [Ref Enq:   0.0 ms]
      [Free CSet:   0.0 ms]
   [Eden: 1024K(100M)->0B(168M) Survivors: 0B->1024K Heap: 277M(506M)->277M(506M)]
 [Times: user=0.00 sys=0.00, real=0.00 secs] 
Heap after GC invocations=156 (full 86):
 garbage-first heap   total 518144K, used 284181K [0x00000007dae00000, 0x00000007fa800000, 0x00000007fae00000)
  region size 1024K, 1 young (1024K), 1 survivors (1024K)
 compacting perm gen  total 20480K, used 2870K [0x00000007fae00000, 0x00000007fc200000, 0x0000000800000000)
   the space 20480K,  14% used [0x00000007fae00000, 0x00000007fb0cda98, 0x00000007fb0cdc00, 0x00000007fc200000)
No shared spaces configured.
}
4.340: [GC concurrent-root-region-scan-start]
4.340: [GC concurrent-root-region-scan-end, 0.0000300]
4.340: [GC concurrent-mark-start]
4.341: [GC concurrent-mark-end, 0.0018360 sec]
4.346: [GC remark 4.347: [GC ref-proc, 0.0000160 secs], 0.0030910 secs]
 [Times: user=0.00 sys=0.00, real=0.00 secs] 
4.390: [GC cleanup 370M->327M(506M), 0.0005840 secs]
 [Times: user=0.00 sys=0.00, real=0.00 secs] 
4.391: [GC concurrent-cleanup-start]
4.391: [GC concurrent-cleanup-end, 0.0001260]
{Heap before GC invocations=157 (full 86):
 garbage-first heap   total 518144K, used 355703K [0x00000007dae00000, 0x00000007fa800000, 0x00000007fae00000)
  region size 1024K, 2 young (2048K), 1 survivors (1024K)
 compacting perm gen  total 20480K, used 2870K [0x00000007fae00000, 0x00000007fc200000, 0x0000000800000000)
   the space 20480K,  14% used [0x00000007fae00000, 0x00000007fb0cda98, 0x00000007fb0cdc00, 0x00000007fc200000)
No shared spaces configured.
4.407: [GC pause (young)
Desired survivor size 11534336 bytes, new threshold 15 (max 15)
- age   1:         56 bytes,         56 total
 (initial-mark), 0.00117200 secs]
   [Parallel Time:   1.0 ms]
      [GC Worker Start (ms):  4406.9  4406.9
       Avg: 4406.9, Min: 4406.9, Max: 4406.9, Diff:   0.0]
      [Ext Root Scanning (ms):  0.7  0.8
       Avg:   0.8, Min:   0.7, Max:   0.8, Diff:   0.1]
      [Update RS (ms):  0.0  0.0
       Avg:   0.0, Min:   0.0, Max:   0.0, Diff:   0.0]
         [Processed Buffers : 7 0
          Sum: 7, Avg: 3, Min: 0, Max: 7, Diff: 7]
      [Scan RS (ms):  0.0  0.0
       Avg:   0.0, Min:   0.0, Max:   0.0, Diff:   0.0]
      [Object Copy (ms):  0.2  0.1
       Avg:   0.2, Min:   0.1, Max:   0.2, Diff:   0.0]
      [Termination (ms):  0.0  0.0
       Avg:   0.0, Min:   0.0, Max:   0.0, Diff:   0.0]
         [Termination Attempts : 1 1
          Sum: 2, Avg: 1, Min: 1, Max: 1, Diff: 0]
      [GC Worker End (ms):  4407.9  4407.9
       Avg: 4407.9, Min: 4407.9, Max: 4407.9, Diff:   0.0]
      [GC Worker (ms):  1.0  0.9
       Avg:   0.9, Min:   0.9, Max:   1.0, Diff:   0.0]
      [GC Worker Other (ms):  0.1  0.1
       Avg:   0.1, Min:   0.1, Max:   0.1, Diff:   0.0]
   [Clear CT:   0.0 ms]
   [Other:   0.2 ms]
      [Choose CSet:   0.0 ms]
      [Ref Proc:   0.0 ms]
      [Ref Enq:   0.0 ms]
      [Free CSet:   0.0 ms]
   [Eden: 1024K(168M)->0B(100M) Survivors: 1024K->1024K Heap: 347M(506M)->347M(506M)]
 [Times: user=0.01 sys=0.00, real=0.00 secs] 
Heap after GC invocations=158 (full 87):
 garbage-first heap   total 518144K, used 355703K [0x00000007dae00000, 0x00000007fa800000, 0x00000007fae00000)
  region size 1024K, 1 young (1024K), 1 survivors (1024K)
 compacting perm gen  total 20480K, used 2870K [0x00000007fae00000, 0x00000007fc200000, 0x0000000800000000)
   the space 20480K,  14% used [0x00000007fae00000, 0x00000007fb0cda98, 0x00000007fb0cdc00, 0x00000007fc200000)
No shared spaces configured.
}
4.408: [GC concurrent-root-region-scan-start]
4.408: [GC concurrent-root-region-scan-end, 0.0000730]
4.408: [GC concurrent-mark-start]
4.413: [GC concurrent-mark-end, 0.0045380 sec]
4.440: [GC remark 4.440: [GC ref-proc, 0.0000170 secs], 0.0026580 secs]
 [Times: user=0.01 sys=0.00, real=0.00 secs] 
{Heap before GC invocations=158 (full 87):
 garbage-first heap   total 518144K, used 418343K [0x00000007dae00000, 0x00000007fa800000, 0x00000007fae00000)
  region size 1024K, 2 young (2048K), 1 survivors (1024K)
 compacting perm gen  total 20480K, used 2870K [0x00000007fae00000, 0x00000007fc200000, 0x0000000800000000)
   the space 20480K,  14% used [0x00000007fae00000, 0x00000007fb0cda98, 0x00000007fb0cdc00, 0x00000007fc200000)
No shared spaces configured.
4.443: [GC pause (young)
Desired survivor size 6815744 bytes, new threshold 15 (max 15)
- age   1:        288 bytes,        288 total
- age   2:         40 bytes,        328 total
, 0.00091300 secs]
   [Parallel Time:   0.8 ms]
      [GC Worker Start (ms):  4443.2  4443.2
       Avg: 4443.2, Min: 4443.2, Max: 4443.2, Diff:   0.1]
      [Ext Root Scanning (ms):  0.7  0.7
       Avg:   0.7, Min:   0.7, Max:   0.7, Diff:   0.0]
      [SATB Filtering (ms):  0.0  0.0
       Avg:   0.0, Min:   0.0, Max:   0.0, Diff:   0.0]
      [Update RS (ms):  0.0  0.0
       Avg:   0.0, Min:   0.0, Max:   0.0, Diff:   0.0]
         [Processed Buffers : 3 0
          Sum: 3, Avg: 1, Min: 0, Max: 3, Diff: 3]
      [Scan RS (ms):  0.0  0.0
       Avg:   0.0, Min:   0.0, Max:   0.0, Diff:   0.0]
      [Object Copy (ms):  0.0  0.0
       Avg:   0.0, Min:   0.0, Max:   0.0, Diff:   0.0]
      [Termination (ms):  0.0  0.0
       Avg:   0.0, Min:   0.0, Max:   0.0, Diff:   0.0]
         [Termination Attempts : 1 1
          Sum: 2, Avg: 1, Min: 1, Max: 1, Diff: 0]
      [GC Worker End (ms):  4444.0  4444.0
       Avg: 4444.0, Min: 4444.0, Max: 4444.0, Diff:   0.0]
      [GC Worker (ms):  0.8  0.7
       Avg:   0.8, Min:   0.7, Max:   0.8, Diff:   0.1]
      [GC Worker Other (ms):  0.0  0.1
       Avg:   0.1, Min:   0.0, Max:   0.1, Diff:   0.1]
   [Complete CSet Marking:   0.0 ms]
   [Clear CT:   0.0 ms]
   [Other:   0.1 ms]
      [Choose CSet:   0.0 ms]
      [Ref Proc:   0.0 ms]
      [Ref Enq:   0.0 ms]
      [Free CSet:   0.0 ms]
   [Eden: 1024K(100M)->0B(100M) Survivors: 1024K->1024K Heap: 408M(506M)->408M(506M)]
 [Times: user=0.00 sys=0.00, real=0.00 secs] 
Heap after GC invocations=159 (full 87):
 garbage-first heap   total 518144K, used 418343K [0x00000007dae00000, 0x00000007fa800000, 0x00000007fae00000)
  region size 1024K, 1 young (1024K), 1 survivors (1024K)
 compacting perm gen  total 20480K, used 2870K [0x00000007fae00000, 0x00000007fc200000, 0x0000000800000000)
   the space 20480K,  14% used [0x00000007fae00000, 0x00000007fb0cda98, 0x00000007fb0cdc00, 0x00000007fc200000)
No shared spaces configured.
}
{Heap before GC invocations=159 (full 87):
 garbage-first heap   total 518144K, used 418343K [0x00000007dae00000, 0x00000007fa800000, 0x00000007fae00000)
  region size 1024K, 1 young (1024K), 1 survivors (1024K)
 compacting perm gen  total 20480K, used 2870K [0x00000007fae00000, 0x00000007fc200000, 0x0000000800000000)
   the space 20480K,  14% used [0x00000007fae00000, 0x00000007fb0cda98, 0x00000007fb0cdc00, 0x00000007fc200000)
No shared spaces configured.
4.444: [Full GC 408M->242M(506M), 0.0114080 secs]
 [Times: user=0.01 sys=0.00, real=0.01 secs] 
Heap after GC invocations=160 (full 88):
 garbage-first heap   total 518144K, used 248429K [0x00000007dae00000, 0x00000007fa800000, 0x00000007fae00000)
  region size 1024K, 0 young (0K), 0 survivors (0K)
 compacting perm gen  total 20480K, used 2870K [0x00000007fae00000, 0x00000007fc200000, 0x0000000800000000)
   the space 20480K,  14% used [0x00000007fae00000, 0x00000007fb0cda98, 0x00000007fb0cdc00, 0x00000007fc200000)
No shared spaces configured.
}
4.511: [GC cleanup, 0.0000020 secs]
 [Times: user=0.00 sys=0.00, real=0.00 secs] 
4.511: [GC concurrent-mark-abort]
{Heap before GC invocations=160 (full 88):
 garbage-first heap   total 518144K, used 381079K [0x00000007dae00000, 0x00000007fa800000, 0x00000007fae00000)
  region size 1024K, 1 young (1024K), 0 survivors (0K)
 compacting perm gen  total 20480K, used 2870K [0x00000007fae00000, 0x00000007fc200000, 0x0000000800000000)
   the space 20480K,  14% used [0x00000007fae00000, 0x00000007fb0cda98, 0x00000007fb0cdc00, 0x00000007fc200000)
No shared spaces configured.
4.529: [GC pause (young)
Desired survivor size 13631488 bytes, new threshold 15 (max 15)
- age   1:        112 bytes,        112 total
- age   2:        288 bytes,        400 total
- age   3:         40 bytes,        440 total
 (initial-mark), 0.00221100 secs]
   [Parallel Time:   1.9 ms]
      [GC Worker Start (ms):  4528.9  4529.0
       Avg: 4529.0, Min: 4528.9, Max: 4529.0, Diff:   0.0]
      [Ext Root Scanning (ms):  1.6  1.6
       Avg:   1.6, Min:   1.6, Max:   1.6, Diff:   0.0]
      [Update RS (ms):  0.0  0.0
       Avg:   0.0, Min:   0.0, Max:   0.0, Diff:   0.0]
         [Processed Buffers : 0 6
          Sum: 6, Avg: 3, Min: 0, Max: 6, Diff: 6]
      [Scan RS (ms):  0.0  0.0
       Avg:   0.0, Min:   0.0, Max:   0.0, Diff:   0.0]
      [Object Copy (ms):  0.2  0.1
       Avg:   0.2, Min:   0.1, Max:   0.2, Diff:   0.1]
      [Termination (ms):  0.0  0.0
       Avg:   0.0, Min:   0.0, Max:   0.0, Diff:   0.0]
         [Termination Attempts : 1 1
          Sum: 2, Avg: 1, Min: 1, Max: 1, Diff: 0]
      [GC Worker End (ms):  4530.7  4530.7
       Avg: 4530.7, Min: 4530.7, Max: 4530.7, Diff:   0.0]
      [GC Worker (ms):  1.8  1.8
       Avg:   1.8, Min:   1.8, Max:   1.8, Diff:   0.0]
      [GC Worker Other (ms):  0.1  0.1
       Avg:   0.1, Min:   0.1, Max:   0.1, Diff:   0.0]
   [Clear CT:   0.0 ms]
   [Other:   0.3 ms]
      [Choose CSet:   0.0 ms]
      [Ref Proc:   0.1 ms]
      [Ref Enq:   0.0 ms]
      [Free CSet:   0.1 ms]
   [Eden: 1024K(100M)->0B(100M) Survivors: 0B->1024K Heap: 372M(506M)->372M(506M)]
 [Times: user=0.01 sys=0.00, real=0.00 secs] 
Heap after GC invocations=161 (full 89):
 garbage-first heap   total 518144K, used 381143K [0x00000007dae00000, 0x00000007fa800000, 0x00000007fae00000)
  region size 1024K, 1 young (1024K), 1 survivors (1024K)
 compacting perm gen  total 20480K, used 2870K [0x00000007fae00000, 0x00000007fc200000, 0x0000000800000000)
   the space 20480K,  14% used [0x00000007fae00000, 0x00000007fb0cda98, 0x00000007fb0cdc00, 0x00000007fc200000)
No shared spaces configured.
}
4.531: [GC concurrent-root-region-scan-start]
4.531: [GC concurrent-root-region-scan-end, 0.0001430]
4.531: [GC concurrent-mark-start]
4.535: [GC concurrent-mark-end, 0.0032120 sec]
{Heap before GC invocations=161 (full 89):
 garbage-first heap   total 518144K, used 402287K [0x00000007dae00000, 0x00000007fa800000, 0x00000007fae00000)
  region size 1024K, 2 young (2048K), 1 survivors (1024K)
 compacting perm gen  total 20480K, used 2870K [0x00000007fae00000, 0x00000007fc200000, 0x0000000800000000)
   the space 20480K,  14% used [0x00000007fae00000, 0x00000007fb0cda98, 0x00000007fb0cdc00, 0x00000007fc200000)
No shared spaces configured.
4.542: [GC pause (young)
Desired survivor size 6815744 bytes, new threshold 15 (max 15)
- age   1:        368 bytes,        368 total
, 0.00110000 secs]
   [Parallel Time:   1.0 ms]
      [GC Worker Start (ms):  4541.8  4541.9
       Avg: 4541.9, Min: 4541.8, Max: 4541.9, Diff:   0.0]
      [Ext Root Scanning (ms):  0.8  0.9
       Avg:   0.8, Min:   0.8, Max:   0.9, Diff:   0.1]
      [SATB Filtering (ms):  0.0  0.0
       Avg:   0.0, Min:   0.0, Max:   0.0, Diff:   0.0]
      [Update RS (ms):  0.0  0.0
       Avg:   0.0, Min:   0.0, Max:   0.0, Diff:   0.0]
         [Processed Buffers : 4 0
          Sum: 4, Avg: 2, Min: 0, Max: 4, Diff: 4]
      [Scan RS (ms):  0.0  0.0
       Avg:   0.0, Min:   0.0, Max:   0.0, Diff:   0.0]
      [Object Copy (ms):  0.0  0.0
       Avg:   0.0, Min:   0.0, Max:   0.0, Diff:   0.0]
      [Termination (ms):  0.0  0.0
       Avg:   0.0, Min:   0.0, Max:   0.0, Diff:   0.0]
         [Termination Attempts : 1 1
          Sum: 2, Avg: 1, Min: 1, Max: 1, Diff: 0]
      [GC Worker End (ms):  4542.8  4542.8
       Avg: 4542.8, Min: 4542.8, Max: 4542.8, Diff:   0.0]
      [GC Worker (ms):  1.0  0.9
       Avg:   0.9, Min:   0.9, Max:   1.0, Diff:   0.0]
      [GC Worker Other (ms):  0.1  0.1
       Avg:   0.1, Min:   0.1, Max:   0.1, Diff:   0.0]
   [Complete CSet Marking:   0.0 ms]
   [Clear CT:   0.0 ms]
   [Other:   0.1 ms]
      [Choose CSet:   0.0 ms]
      [Ref Proc:   0.0 ms]
      [Ref Enq:   0.0 ms]
      [Free CSet:   0.0 ms]
   [Eden: 1024K(100M)->0B(100M) Survivors: 1024K->1024K Heap: 392M(506M)->392M(506M)]
 [Times: user=0.00 sys=0.00, real=0.00 secs] 
Heap after GC invocations=162 (full 89):
 garbage-first heap   total 518144K, used 402287K [0x00000007dae00000, 0x00000007fa800000, 0x00000007fae00000)
  region size 1024K, 1 young (1024K), 1 survivors (1024K)
 compacting perm gen  total 20480K, used 2870K [0x00000007fae00000, 0x00000007fc200000, 0x0000000800000000)
   the space 20480K,  14% used [0x00000007fae00000, 0x00000007fb0cda98, 0x00000007fb0cdc00, 0x00000007fc200000)
No shared spaces configured.
}
{Heap before GC invocations=162 (full 89):
 garbage-first heap   total 518144K, used 402287K [0x00000007dae00000, 0x00000007fa800000, 0x00000007fae00000)
  region size 1024K, 2 young (2048K), 1 survivors (1024K)
 compacting perm gen  total 20480K, used 2870K [0x00000007fae00000, 0x00000007fc200000, 0x0000000800000000)
   the space 20480K,  14% used [0x00000007fae00000, 0x00000007fb0cda98, 0x00000007fb0cdc00, 0x00000007fc200000)
No shared spaces configured.
4.543: [Full GC 392M->185M(506M), 0.0134190 secs]
 [Times: user=0.02 sys=0.00, real=0.02 secs] 
Heap after GC invocations=163 (full 90):
 garbage-first heap   total 518144K, used 190264K [0x00000007dae00000, 0x00000007fa800000, 0x00000007fae00000)
  region size 1024K, 0 young (0K), 0 survivors (0K)
 compacting perm gen  total 20480K, used 2870K [0x00000007fae00000, 0x00000007fc200000, 0x0000000800000000)
   the space 20480K,  14% used [0x00000007fae00000, 0x00000007fb0cda98, 0x00000007fb0cdc00, 0x00000007fc200000)
No shared spaces configured.
}
4.570: [GC remark, 0.0000010 secs]
 [Times: user=0.00 sys=0.00, real=0.00 secs] 
4.570: [GC concurrent-mark-abort]
{Heap before GC invocations=163 (full 90):
 garbage-first heap   total 518144K, used 234705K [0x00000007dae00000, 0x00000007fa800000, 0x00000007fae00000)
  region size 1024K, 1 young (1024K), 0 survivors (0K)
 compacting perm gen  total 20480K, used 2870K [0x00000007fae00000, 0x00000007fc200000, 0x0000000800000000)
   the space 20480K,  14% used [0x00000007fae00000, 0x00000007fb0cda98, 0x00000007fb0cdc00, 0x00000007fc200000)
No shared spaces configured.
4.588: [GC pause (young)
Desired survivor size 17301504 bytes, new threshold 15 (max 15)
- age   1:         56 bytes,         56 total
- age   2:        352 bytes,        408 total
 (initial-mark), 0.00164700 secs]
   [Parallel Time:   1.5 ms]
      [GC Worker Start (ms):  4587.8  4587.8
       Avg: 4587.8, Min: 4587.8, Max: 4587.8, Diff:   0.0]
      [Ext Root Scanning (ms):  1.2  1.2
       Avg:   1.2, Min:   1.2, Max:   1.2, Diff:   0.1]
      [Update RS (ms):  0.0  0.0
       Avg:   0.0, Min:   0.0, Max:   0.0, Diff:   0.0]
         [Processed Buffers : 2 0
          Sum: 2, Avg: 1, Min: 0, Max: 2, Diff: 2]
      [Scan RS (ms):  0.0  0.0
       Avg:   0.0, Min:   0.0, Max:   0.0, Diff:   0.0]
      [Object Copy (ms):  0.2  0.2
       Avg:   0.2, Min:   0.2, Max:   0.2, Diff:   0.0]
      [Termination (ms):  0.0  0.0
       Avg:   0.0, Min:   0.0, Max:   0.0, Diff:   0.0]
         [Termination Attempts : 1 1
          Sum: 2, Avg: 1, Min: 1, Max: 1, Diff: 0]
      [GC Worker End (ms):  4589.2  4589.2
       Avg: 4589.2, Min: 4589.2, Max: 4589.2, Diff:   0.0]
      [GC Worker (ms):  1.4  1.4
       Avg:   1.4, Min:   1.4, Max:   1.4, Diff:   0.0]
      [GC Worker Other (ms):  0.1  0.1
       Avg:   0.1, Min:   0.1, Max:   0.1, Diff:   0.0]
   [Clear CT:   0.0 ms]
   [Other:   0.2 ms]
      [Choose CSet:   0.0 ms]
      [Ref Proc:   0.0 ms]
      [Ref Enq:   0.0 ms]
      [Free CSet:   0.0 ms]
   [Eden: 1024K(100M)->0B(217M) Survivors: 0B->1024K Heap: 229M(506M)->229M(506M)]
 [Times: user=0.00 sys=0.00, real=0.00 secs] 
Heap after GC invocations=164 (full 91):
 garbage-first heap   total 518144K, used 234769K [0x00000007dae00000, 0x00000007fa800000, 0x00000007fae00000)
  region size 1024K, 1 young (1024K), 1 survivors (1024K)
 compacting perm gen  total 20480K, used 2870K [0x00000007fae00000, 0x00000007fc200000, 0x0000000800000000)
   the space 20480K,  14% used [0x00000007fae00000, 0x00000007fb0cda98, 0x00000007fb0cdc00, 0x00000007fc200000)
No shared spaces configured.
}
4.589: [GC concurrent-root-region-scan-start]
4.589: [GC concurrent-root-region-scan-end, 0.0000340]
4.589: [GC concurrent-mark-start]
4.593: [GC concurrent-mark-end, 0.0035370 sec]
4.609: [GC remark 4.609: [GC ref-proc, 0.0000150 secs], 0.0025900 secs]
 [Times: user=0.00 sys=0.00, real=0.00 secs] 
4.622: [GC cleanup 287M->268M(506M), 0.0006510 secs]
 [Times: user=0.00 sys=0.00, real=0.00 secs] 
4.622: [GC concurrent-cleanup-start]
4.622: [GC concurrent-cleanup-end, 0.0000640]
{Heap before GC invocations=165 (full 91):
 garbage-first heap   total 518144K, used 297409K [0x00000007dae00000, 0x00000007fa800000, 0x00000007fae00000)
  region size 1024K, 2 young (2048K), 1 survivors (1024K)
 compacting perm gen  total 20480K, used 2870K [0x00000007fae00000, 0x00000007fc200000, 0x0000000800000000)
   the space 20480K,  14% used [0x00000007fae00000, 0x00000007fb0cda98, 0x00000007fb0cdc00, 0x00000007fc200000)
No shared spaces configured.
4.639: [GC pause (young)
Desired survivor size 14680064 bytes, new threshold 15 (max 15)
- age   1:        112 bytes,        112 total
 (initial-mark), 0.00131000 secs]
   [Parallel Time:   1.1 ms]
      [GC Worker Start (ms):  4639.2  4639.3
       Avg: 4639.2, Min: 4639.2, Max: 4639.3, Diff:   0.0]
      [Ext Root Scanning (ms):  0.8  0.8
       Avg:   0.8, Min:   0.8, Max:   0.8, Diff:   0.0]
      [Update RS (ms):  0.0  0.0
       Avg:   0.0, Min:   0.0, Max:   0.0, Diff:   0.0]
         [Processed Buffers : 6 0
          Sum: 6, Avg: 3, Min: 0, Max: 6, Diff: 6]
      [Scan RS (ms):  0.0  0.0
       Avg:   0.0, Min:   0.0, Max:   0.0, Diff:   0.0]
      [Object Copy (ms):  0.1  0.2
       Avg:   0.1, Min:   0.1, Max:   0.2, Diff:   0.0]
      [Termination (ms):  0.0  0.0
       Avg:   0.0, Min:   0.0, Max:   0.0, Diff:   0.0]
         [Termination Attempts : 1 1
          Sum: 2, Avg: 1, Min: 1, Max: 1, Diff: 0]
      [GC Worker End (ms):  4640.2  4640.2
       Avg: 4640.2, Min: 4640.2, Max: 4640.2, Diff:   0.0]
      [GC Worker (ms):  1.0  1.0
       Avg:   1.0, Min:   1.0, Max:   1.0, Diff:   0.0]
      [GC Worker Other (ms):  0.1  0.1
       Avg:   0.1, Min:   0.1, Max:   0.1, Diff:   0.0]
   [Clear CT:   0.0 ms]
   [Other:   0.2 ms]
      [Choose CSet:   0.0 ms]
      [Ref Proc:   0.0 ms]
      [Ref Enq:   0.0 ms]
      [Free CSet:   0.0 ms]
   [Eden: 1024K(217M)->0B(157M) Survivors: 1024K->1024K Heap: 290M(506M)->290M(508M)]
 [Times: user=0.00 sys=0.00, real=0.00 secs] 
Heap after GC invocations=166 (full 92):
 garbage-first heap   total 520192K, used 297377K [0x00000007dae00000, 0x00000007faa00000, 0x00000007fae00000)
  region size 1024K, 1 young (1024K), 1 survivors (1024K)
 compacting perm gen  total 20480K, used 2870K [0x00000007fae00000, 0x00000007fc200000, 0x0000000800000000)
   the space 20480K,  14% used [0x00000007fae00000, 0x00000007fb0cda98, 0x00000007fb0cdc00, 0x00000007fc200000)
No shared spaces configured.
}
4.641: [GC concurrent-root-region-scan-start]
4.641: [GC concurrent-root-region-scan-end, 0.0001310]
4.641: [GC concurrent-mark-start]
4.643: [GC concurrent-mark-end, 0.0022420 sec]
4.649: [GC remark 4.650: [GC ref-proc, 0.0000160 secs], 0.0027950 secs]
 [Times: user=0.00 sys=0.00, real=0.00 secs] 
4.653: [GC cleanup 307M->222M(508M), 0.0005360 secs]
 [Times: user=0.01 sys=0.00, real=0.00 secs] 
4.653: [GC concurrent-cleanup-start]
4.653: [GC concurrent-cleanup-end, 0.0001800]
{Heap before GC invocations=167 (full 92):
 garbage-first heap   total 520192K, used 239982K [0x00000007dae00000, 0x00000007faa00000, 0x00000007fae00000)
  region size 1024K, 2 young (2048K), 1 survivors (1024K)
 compacting perm gen  total 20480K, used 2870K [0x00000007fae00000, 0x00000007fc200000, 0x0000000800000000)
   the space 20480K,  14% used [0x00000007fae00000, 0x00000007fb0cda98, 0x00000007fb0cdc00, 0x00000007fc200000)
No shared spaces configured.
4.665: [GC pause (young)
Desired survivor size 10485760 bytes, new threshold 15 (max 15)
- age   1:        192 bytes,        192 total
- age   2:         96 bytes,        288 total
 (initial-mark), 0.00118800 secs]
   [Parallel Time:   1.0 ms]
      [GC Worker Start (ms):  4664.7  4664.8
       Avg: 4664.7, Min: 4664.7, Max: 4664.8, Diff:   0.0]
      [Ext Root Scanning (ms):  0.7  0.8
       Avg:   0.7, Min:   0.7, Max:   0.8, Diff:   0.1]
      [Update RS (ms):  0.0  0.0
       Avg:   0.0, Min:   0.0, Max:   0.0, Diff:   0.0]
         [Processed Buffers : 2 0
          Sum: 2, Avg: 1, Min: 0, Max: 2, Diff: 2]
      [Scan RS (ms):  0.0  0.0
       Avg:   0.0, Min:   0.0, Max:   0.0, Diff:   0.0]
      [Object Copy (ms):  0.2  0.1
       Avg:   0.2, Min:   0.1, Max:   0.2, Diff:   0.1]
      [Termination (ms):  0.0  0.0
       Avg:   0.0, Min:   0.0, Max:   0.0, Diff:   0.0]
         [Termination Attempts : 1 1
          Sum: 2, Avg: 1, Min: 1, Max: 1, Diff: 0]
      [GC Worker End (ms):  4665.7  4665.7
       Avg: 4665.7, Min: 4665.7, Max: 4665.7, Diff:   0.0]
      [GC Worker (ms):  0.9  0.9
       Avg:   0.9, Min:   0.9, Max:   0.9, Diff:   0.0]
      [GC Worker Other (ms):  0.1  0.1
       Avg:   0.1, Min:   0.1, Max:   0.1, Diff:   0.0]
   [Clear CT:   0.0 ms]
   [Other:   0.2 ms]
      [Choose CSet:   0.0 ms]
      [Ref Proc:   0.0 ms]
      [Ref Enq:   0.0 ms]
      [Free CSet:   0.0 ms]
   [Eden: 1024K(157M)->0B(215M) Survivors: 1024K->1024K Heap: 234M(508M)->234M(509M)]
 [Times: user=0.01 sys=0.00, real=0.01 secs] 
Heap after GC invocations=168 (full 93):
 garbage-first heap   total 521216K, used 240014K [0x00000007dae00000, 0x00000007fab00000, 0x00000007fae00000)
  region size 1024K, 1 young (1024K), 1 survivors (1024K)
 compacting perm gen  total 20480K, used 2870K [0x00000007fae00000, 0x00000007fc200000, 0x0000000800000000)
   the space 20480K,  14% used [0x00000007fae00000, 0x00000007fb0cda98, 0x00000007fb0cdc00, 0x00000007fc200000)
No shared spaces configured.
}
4.666: [GC concurrent-root-region-scan-start]
4.666: [GC concurrent-root-region-scan-end, 0.0001370]
4.666: [GC concurrent-mark-start]
4.668: [GC concurrent-mark-end, 0.0018850 sec]
4.676: [GC remark 4.676: [GC ref-proc, 0.0000150 secs], 0.0026600 secs]
 [Times: user=0.00 sys=0.00, real=0.00 secs] 
4.685: [GC cleanup 266M->247M(509M), 0.0007100 secs]
 [Times: user=0.00 sys=0.00, real=0.00 secs] 
4.686: [GC concurrent-cleanup-start]
4.686: [GC concurrent-cleanup-end, 0.0000670]
{Heap before GC invocations=169 (full 93):
 garbage-first heap   total 521216K, used 289377K [0x00000007dae00000, 0x00000007fab00000, 0x00000007fae00000)
  region size 1024K, 2 young (2048K), 1 survivors (1024K)
 compacting perm gen  total 20480K, used 2870K [0x00000007fae00000, 0x00000007fc200000, 0x0000000800000000)
   the space 20480K,  14% used [0x00000007fae00000, 0x00000007fb0cda98, 0x00000007fb0cdc00, 0x00000007fc200000)
No shared spaces configured.
4.709: [GC pause (young)
Desired survivor size 14155776 bytes, new threshold 15 (max 15)
- age   1:         96 bytes,         96 total
- age   2:        136 bytes,        232 total
- age   3:         80 bytes,        312 total
 (initial-mark), 0.00131000 secs]
   [Parallel Time:   1.1 ms]
      [GC Worker Start (ms):  4709.2  4709.2
       Avg: 4709.2, Min: 4709.2, Max: 4709.2, Diff:   0.0]
      [Ext Root Scanning (ms):  0.8  0.8
       Avg:   0.8, Min:   0.8, Max:   0.8, Diff:   0.0]
      [Update RS (ms):  0.0  0.0
       Avg:   0.0, Min:   0.0, Max:   0.0, Diff:   0.0]
         [Processed Buffers : 3 0
          Sum: 3, Avg: 1, Min: 0, Max: 3, Diff: 3]
      [Scan RS (ms):  0.0  0.0
       Avg:   0.0, Min:   0.0, Max:   0.0, Diff:   0.0]
      [Object Copy (ms):  0.1  0.2
       Avg:   0.1, Min:   0.1, Max:   0.2, Diff:   0.1]
      [Termination (ms):  0.1  0.0
       Avg:   0.0, Min:   0.0, Max:   0.1, Diff:   0.1]
         [Termination Attempts : 1 1
          Sum: 2, Avg: 1, Min: 1, Max: 1, Diff: 0]
      [GC Worker End (ms):  4710.3  4710.3
       Avg: 4710.3, Min: 4710.3, Max: 4710.3, Diff:   0.0]
      [GC Worker (ms):  1.0  1.0
       Avg:   1.0, Min:   1.0, Max:   1.0, Diff:   0.0]
      [GC Worker Other (ms):  0.1  0.1
       Avg:   0.1, Min:   0.1, Max:   0.1, Diff:   0.0]
   [Clear CT:   0.0 ms]
   [Other:   0.2 ms]
      [Choose CSet:   0.0 ms]
      [Ref Proc:   0.0 ms]
      [Ref Enq:   0.0 ms]
      [Free CSet:   0.0 ms]
   [Eden: 1024K(215M)->0B(167M) Survivors: 1024K->1024K Heap: 282M(509M)->282M(510M)]
 [Times: user=0.01 sys=0.00, real=0.00 secs] 
Heap after GC invocations=170 (full 94):
 garbage-first heap   total 522240K, used 289377K [0x00000007dae00000, 0x00000007fac00000, 0x00000007fae00000)
  region size 1024K, 1 young (1024K), 1 survivors (1024K)
 compacting perm gen  total 20480K, used 2870K [0x00000007fae00000, 0x00000007fc200000, 0x0000000800000000)
   the space 20480K,  14% used [0x00000007fae00000, 0x00000007fb0cda98, 0x00000007fb0cdc00, 0x00000007fc200000)
No shared spaces configured.
}
4.711: [GC concurrent-root-region-scan-start]
4.711: [GC concurrent-root-region-scan-end, 0.0001630]
4.711: [GC concurrent-mark-start]
4.713: [GC concurrent-mark-end, 0.0021260 sec]
4.721: [GC remark 4.721: [GC ref-proc, 0.0000150 secs], 0.0024660 secs]
 [Times: user=0.00 sys=0.00, real=0.00 secs] 
4.724: [GC cleanup 303M->224M(510M), 0.0005720 secs]
 [Times: user=0.00 sys=0.00, real=0.00 secs] 
4.724: [GC concurrent-cleanup-start]
4.725: [GC concurrent-cleanup-end, 0.0001730]
{Heap before GC invocations=171 (full 94):
 garbage-first heap   total 522240K, used 270403K [0x00000007dae00000, 0x00000007fac00000, 0x00000007fae00000)
  region size 1024K, 2 young (2048K), 1 survivors (1024K)
 compacting perm gen  total 20480K, used 2870K [0x00000007fae00000, 0x00000007fc200000, 0x0000000800000000)
   the space 20480K,  14% used [0x00000007fae00000, 0x00000007fb0cda98, 0x00000007fb0cdc00, 0x00000007fc200000)
No shared spaces configured.
4.750: [GC pause (young)
Desired survivor size 11010048 bytes, new threshold 15 (max 15)
- age   1:        128 bytes,        128 total
- age   2:         40 bytes,        168 total
- age   3:         96 bytes,        264 total
- age   4:         80 bytes,        344 total
 (initial-mark), 0.00129300 secs]
   [Parallel Time:   1.1 ms]
      [GC Worker Start (ms):  4749.8  4749.9
       Avg: 4749.8, Min: 4749.8, Max: 4749.9, Diff:   0.0]
      [Ext Root Scanning (ms):  0.7  0.9
       Avg:   0.8, Min:   0.7, Max:   0.9, Diff:   0.2]
      [Update RS (ms):  0.0  0.0
       Avg:   0.0, Min:   0.0, Max:   0.0, Diff:   0.0]
         [Processed Buffers : 2 0
          Sum: 2, Avg: 1, Min: 0, Max: 2, Diff: 2]
      [Scan RS (ms):  0.0  0.0
       Avg:   0.0, Min:   0.0, Max:   0.0, Diff:   0.0]
      [Object Copy (ms):  0.2  0.1
       Avg:   0.2, Min:   0.1, Max:   0.2, Diff:   0.1]
      [Termination (ms):  0.1  0.0
       Avg:   0.0, Min:   0.0, Max:   0.1, Diff:   0.1]
         [Termination Attempts : 1 1
          Sum: 2, Avg: 1, Min: 1, Max: 1, Diff: 0]
      [GC Worker End (ms):  4750.9  4750.9
       Avg: 4750.9, Min: 4750.9, Max: 4750.9, Diff:   0.0]
      [GC Worker (ms):  1.1  1.0
       Avg:   1.1, Min:   1.0, Max:   1.1, Diff:   0.0]
      [GC Worker Other (ms):  0.1  0.1
       Avg:   0.1, Min:   0.1, Max:   0.1, Diff:   0.0]
   [Clear CT:   0.0 ms]
   [Other:   0.2 ms]
      [Choose CSet:   0.0 ms]
      [Ref Proc:   0.0 ms]
      [Ref Enq:   0.0 ms]
      [Free CSet:   0.0 ms]
   [Eden: 1024K(167M)->0B(187M) Survivors: 1024K->1024K Heap: 264M(510M)->264M(510M)]
 [Times: user=0.00 sys=0.00, real=0.00 secs] 
Heap after GC invocations=172 (full 95):
 garbage-first heap   total 522240K, used 270403K [0x00000007dae00000, 0x00000007fac00000, 0x00000007fae00000)
  region size 1024K, 1 young (1024K), 1 survivors (1024K)
 compacting perm gen  total 20480K, used 2870K [0x00000007fae00000, 0x00000007fc200000, 0x0000000800000000)
   the space 20480K,  14% used [0x00000007fae00000, 0x00000007fb0cda98, 0x00000007fb0cdc00, 0x00000007fc200000)
No shared spaces configured.
}
4.751: [GC concurrent-root-region-scan-start]
4.751: [GC concurrent-root-region-scan-end, 0.0000770]
4.751: [GC concurrent-mark-start]
4.752: [GC concurrent-mark-end, 0.0012580 sec]
4.758: [GC remark 4.758: [GC ref-proc, 0.0000170 secs], 0.0029780 secs]
 [Times: user=0.00 sys=0.00, real=0.00 secs] 
4.772: [GC cleanup 297M->284M(510M), 0.0006570 secs]
 [Times: user=0.00 sys=0.00, real=0.00 secs] 
4.772: [GC concurrent-cleanup-start]
4.772: [GC concurrent-cleanup-end, 0.0000500]
{Heap before GC invocations=173 (full 95):
 garbage-first heap   total 522240K, used 332871K [0x00000007dae00000, 0x00000007fac00000, 0x00000007fae00000)
  region size 1024K, 2 young (2048K), 1 survivors (1024K)
 compacting perm gen  total 20480K, used 2870K [0x00000007fae00000, 0x00000007fc200000, 0x0000000800000000)
   the space 20480K,  14% used [0x00000007fae00000, 0x00000007fb0cda98, 0x00000007fb0cdc00, 0x00000007fc200000)
No shared spaces configured.
4.799: [GC pause (young)
Desired survivor size 12582912 bytes, new threshold 15 (max 15)
- age   1:        224 bytes,        224 total
- age   2:         40 bytes,        264 total
- age   3:         40 bytes,        304 total
- age   4:         80 bytes,        384 total
- age   5:         80 bytes,        464 total
 (initial-mark), 0.00118800 secs]
   [Parallel Time:   1.0 ms]
      [GC Worker Start (ms):  4798.8  4798.8
       Avg: 4798.8, Min: 4798.8, Max: 4798.8, Diff:   0.0]
      [Ext Root Scanning (ms):  0.7  0.7
       Avg:   0.7, Min:   0.7, Max:   0.7, Diff:   0.0]
      [Update RS (ms):  0.0  0.0
       Avg:   0.0, Min:   0.0, Max:   0.0, Diff:   0.0]
         [Processed Buffers : 2 0
          Sum: 2, Avg: 1, Min: 0, Max: 2, Diff: 2]
      [Scan RS (ms):  0.0  0.0
       Avg:   0.0, Min:   0.0, Max:   0.0, Diff:   0.0]
      [Object Copy (ms):  0.1  0.2
       Avg:   0.1, Min:   0.1, Max:   0.2, Diff:   0.0]
      [Termination (ms):  0.0  0.0
       Avg:   0.0, Min:   0.0, Max:   0.0, Diff:   0.0]
         [Termination Attempts : 1 1
          Sum: 2, Avg: 1, Min: 1, Max: 1, Diff: 0]
      [GC Worker End (ms):  4799.7  4799.7
       Avg: 4799.7, Min: 4799.7, Max: 4799.7, Diff:   0.0]
      [GC Worker (ms):  0.9  0.9
       Avg:   0.9, Min:   0.9, Max:   0.9, Diff:   0.0]
      [GC Worker Other (ms):  0.1  0.1
       Avg:   0.1, Min:   0.1, Max:   0.1, Diff:   0.0]
   [Clear CT:   0.0 ms]
   [Other:   0.2 ms]
      [Choose CSet:   0.0 ms]
      [Ref Proc:   0.0 ms]
      [Ref Enq:   0.0 ms]
      [Free CSet:   0.0 ms]
   [Eden: 1024K(187M)->0B(125M) Survivors: 1024K->1024K Heap: 325M(510M)->325M(511M)]
 [Times: user=0.00 sys=0.00, real=0.00 secs] 
Heap after GC invocations=174 (full 96):
 garbage-first heap   total 523264K, used 332871K [0x00000007dae00000, 0x00000007fad00000, 0x00000007fae00000)
  region size 1024K, 1 young (1024K), 1 survivors (1024K)
 compacting perm gen  total 20480K, used 2870K [0x00000007fae00000, 0x00000007fc200000, 0x0000000800000000)
   the space 20480K,  14% used [0x00000007fae00000, 0x00000007fb0cda98, 0x00000007fb0cdc00, 0x00000007fc200000)
No shared spaces configured.
}
4.800: [GC concurrent-root-region-scan-start]
4.855: [GC concurrent-root-region-scan-end, 0.0552710]
4.855: [GC concurrent-mark-start]
{Heap before GC invocations=174 (full 96):
 garbage-first heap   total 523264K, used 457396K [0x00000007dae00000, 0x00000007fad00000, 0x00000007fae00000)
  region size 1024K, 2 young (2048K), 1 survivors (1024K)
 compacting perm gen  total 20480K, used 2870K [0x00000007fae00000, 0x00000007fc200000, 0x0000000800000000)
   the space 20480K,  14% used [0x00000007fae00000, 0x00000007fb0cda98, 0x00000007fb0cdc00, 0x00000007fc200000)
No shared spaces configured.
4.863: [GC pause (young)
Desired survivor size 8388608 bytes, new threshold 15 (max 15)
- age   1:        208 bytes,        208 total
- age   2:        152 bytes,        360 total
- age   4:         40 bytes,        400 total
- age   5:         80 bytes,        480 total
- age   6:         80 bytes,        560 total
, 0.00203300 secs]
   [Parallel Time:   1.8 ms]
      [GC Worker Start (ms):  4863.2  4864.9
       Avg: 4864.0, Min: 4863.2, Max: 4864.9, Diff:   1.7]
      [Ext Root Scanning (ms):  1.5  0.0
       Avg:   0.8, Min:   0.0, Max:   1.5, Diff:   1.5]
      [SATB Filtering (ms):  0.0  0.0
       Avg:   0.0, Min:   0.0, Max:   0.0, Diff:   0.0]
      [Update RS (ms):  0.0  0.0
       Avg:   0.0, Min:   0.0, Max:   0.0, Diff:   0.0]
         [Processed Buffers : 2 0
          Sum: 2, Avg: 1, Min: 0, Max: 2, Diff: 2]
      [Scan RS (ms):  0.0  0.0
       Avg:   0.0, Min:   0.0, Max:   0.0, Diff:   0.0]
      [Object Copy (ms):  0.1  0.0
       Avg:   0.0, Min:   0.0, Max:   0.1, Diff:   0.1]
      [Termination (ms):  0.1  0.0
       Avg:   0.1, Min:   0.0, Max:   0.1, Diff:   0.1]
         [Termination Attempts : 1 1
          Sum: 2, Avg: 1, Min: 1, Max: 1, Diff: 0]
      [GC Worker End (ms):  4864.9  4864.9
       Avg: 4864.9, Min: 4864.9, Max: 4864.9, Diff:   0.0]
      [GC Worker (ms):  1.8  0.0
       Avg:   0.9, Min:   0.0, Max:   1.8, Diff:   1.7]
      [GC Worker Other (ms):  0.0  1.8
       Avg:   0.9, Min:   0.0, Max:   1.8, Diff:   1.7]
   [Complete CSet Marking:   0.0 ms]
   [Clear CT:   0.0 ms]
   [Other:   0.2 ms]
      [Choose CSet:   0.0 ms]
      [Ref Proc:   0.1 ms]
      [Ref Enq:   0.0 ms]
      [Free CSet:   0.0 ms]
   [Eden: 1024K(125M)->0B(101M) Survivors: 1024K->1024K Heap: 446M(511M)->446M(512M)]
 [Times: user=0.00 sys=0.00, real=0.00 secs] 
Heap after GC invocations=175 (full 96):
 garbage-first heap   total 524288K, used 457364K [0x00000007dae00000, 0x00000007fae00000, 0x00000007fae00000)
  region size 1024K, 1 young (1024K), 1 survivors (1024K)
 compacting perm gen  total 20480K, used 2870K [0x00000007fae00000, 0x00000007fc200000, 0x0000000800000000)
   the space 20480K,  14% used [0x00000007fae00000, 0x00000007fb0cda98, 0x00000007fb0cdc00, 0x00000007fc200000)
No shared spaces configured.
}
{Heap before GC invocations=175 (full 96):
 garbage-first heap   total 524288K, used 457364K [0x00000007dae00000, 0x00000007fae00000, 0x00000007fae00000)
  region size 1024K, 1 young (1024K), 1 survivors (1024K)
 compacting perm gen  total 20480K, used 2870K [0x00000007fae00000, 0x00000007fc200000, 0x0000000800000000)
   the space 20480K,  14% used [0x00000007fae00000, 0x00000007fb0cda98, 0x00000007fb0cdc00, 0x00000007fc200000)
No shared spaces configured.
4.866: [Full GC 446M->259M(512M), 0.0113660 secs]
 [Times: user=0.01 sys=0.00, real=0.02 secs] 
Heap after GC invocations=176 (full 97):
 garbage-first heap   total 524288K, used 265337K [0x00000007dae00000, 0x00000007fae00000, 0x00000007fae00000)
  region size 1024K, 0 young (0K), 0 survivors (0K)
 compacting perm gen  total 20480K, used 2870K [0x00000007fae00000, 0x00000007fc200000, 0x0000000800000000)
   the space 20480K,  14% used [0x00000007fae00000, 0x00000007fb0cda98, 0x00000007fb0cdc00, 0x00000007fc200000)
No shared spaces configured.
}
4.877: [GC concurrent-mark-abort]
{Heap before GC invocations=176 (full 97):
 garbage-first heap   total 524288K, used 340243K [0x00000007dae00000, 0x00000007fae00000, 0x00000007fae00000)
  region size 1024K, 1 young (1024K), 0 survivors (0K)
 compacting perm gen  total 20480K, used 2870K [0x00000007fae00000, 0x00000007fc200000, 0x0000000800000000)
   the space 20480K,  14% used [0x00000007fae00000, 0x00000007fb0cda98, 0x00000007fb0cdc00, 0x00000007fc200000)
No shared spaces configured.
4.920: [GC pause (young)
Desired survivor size 13107200 bytes, new threshold 15 (max 15)
- age   1:        264 bytes,        264 total
- age   2:         96 bytes,        360 total
- age   3:         96 bytes,        456 total
- age   5:         40 bytes,        496 total
- age   6:         40 bytes,        536 total
- age   7:         80 bytes,        616 total
 (initial-mark), 0.00204700 secs]
   [Parallel Time:   1.8 ms]
      [GC Worker Start (ms):  4920.0  4920.1
       Avg: 4920.0, Min: 4920.0, Max: 4920.1, Diff:   0.1]
      [Ext Root Scanning (ms):  1.4  1.5
       Avg:   1.5, Min:   1.4, Max:   1.5, Diff:   0.1]
      [Update RS (ms):  0.0  0.0
       Avg:   0.0, Min:   0.0, Max:   0.0, Diff:   0.0]
         [Processed Buffers : 4 0
          Sum: 4, Avg: 2, Min: 0, Max: 4, Diff: 4]
      [Scan RS (ms):  0.0  0.0
       Avg:   0.0, Min:   0.0, Max:   0.0, Diff:   0.0]
      [Object Copy (ms):  0.2  0.1
       Avg:   0.2, Min:   0.1, Max:   0.2, Diff:   0.1]
      [Termination (ms):  0.0  0.0
       Avg:   0.0, Min:   0.0, Max:   0.0, Diff:   0.0]
         [Termination Attempts : 1 1
          Sum: 2, Avg: 1, Min: 1, Max: 1, Diff: 0]
      [GC Worker End (ms):  4921.8  4921.8
       Avg: 4921.8, Min: 4921.8, Max: 4921.8, Diff:   0.0]
      [GC Worker (ms):  1.8  1.7
       Avg:   1.7, Min:   1.7, Max:   1.8, Diff:   0.1]
      [GC Worker Other (ms):  0.1  0.2
       Avg:   0.1, Min:   0.1, Max:   0.2, Diff:   0.1]
   [Clear CT:   0.0 ms]
   [Other:   0.2 ms]
      [Choose CSet:   0.0 ms]
      [Ref Proc:   0.0 ms]
      [Ref Enq:   0.0 ms]
      [Free CSet:   0.0 ms]
   [Eden: 1024K(101M)->0B(118M) Survivors: 0B->1024K Heap: 332M(512M)->332M(512M)]
 [Times: user=0.00 sys=0.00, real=0.00 secs] 
Heap after GC invocations=177 (full 98):
 garbage-first heap   total 524288K, used 340275K [0x00000007dae00000, 0x00000007fae00000, 0x00000007fae00000)
  region size 1024K, 1 young (1024K), 1 survivors (1024K)
 compacting perm gen  total 20480K, used 2870K [0x00000007fae00000, 0x00000007fc200000, 0x0000000800000000)
   the space 20480K,  14% used [0x00000007fae00000, 0x00000007fb0cda98, 0x00000007fb0cdc00, 0x00000007fc200000)
No shared spaces configured.
}
4.922: [GC concurrent-root-region-scan-start]
4.939: [GC concurrent-root-region-scan-end, 0.0171740]
4.939: [GC concurrent-mark-start]
4.946: [GC concurrent-mark-end, 0.0072460 sec]
4.976: [GC remark 4.982: [GC ref-proc, 0.0000160 secs], 0.0101000 secs]
 [Times: user=0.01 sys=0.00, real=0.02 secs] 
4.986: [GC cleanup 433M->433M(512M), 0.0002590 secs]
 [Times: user=0.00 sys=0.00, real=0.00 secs] 
{Heap before GC invocations=178 (full 98):
 garbage-first heap   total 524288K, used 475033K [0x00000007dae00000, 0x00000007fae00000, 0x00000007fae00000)
  region size 1024K, 2 young (2048K), 1 survivors (1024K)
 compacting perm gen  total 20480K, used 2870K [0x00000007fae00000, 0x00000007fc200000, 0x0000000800000000)
   the space 20480K,  14% used [0x00000007fae00000, 0x00000007fb0cda98, 0x00000007fb0cdc00, 0x00000007fc200000)
No shared spaces configured.
5.006: [GC pause (young)
Desired survivor size 7864320 bytes, new threshold 15 (max 15)
- age   1:        264 bytes,        264 total
 (initial-mark), 0.00127200 secs]
   [Parallel Time:   1.1 ms]
      [GC Worker Start (ms):  5006.3  5006.3
       Avg: 5006.3, Min: 5006.3, Max: 5006.3, Diff:   0.0]
      [Ext Root Scanning (ms):  0.8  0.9
       Avg:   0.8, Min:   0.8, Max:   0.9, Diff:   0.1]
      [Update RS (ms):  0.0  0.0
       Avg:   0.0, Min:   0.0, Max:   0.0, Diff:   0.0]
         [Processed Buffers : 5 0
          Sum: 5, Avg: 2, Min: 0, Max: 5, Diff: 5]
      [Scan RS (ms):  0.0  0.0
       Avg:   0.0, Min:   0.0, Max:   0.0, Diff:   0.0]
      [Object Copy (ms):  0.2  0.2
       Avg:   0.2, Min:   0.2, Max:   0.2, Diff:   0.0]
      [Termination (ms):  0.1  0.0
       Avg:   0.0, Min:   0.0, Max:   0.1, Diff:   0.1]
         [Termination Attempts : 1 1
          Sum: 2, Avg: 1, Min: 1, Max: 1, Diff: 0]
      [GC Worker End (ms):  5007.4  5007.4
       Avg: 5007.4, Min: 5007.4, Max: 5007.4, Diff:   0.0]
      [GC Worker (ms):  1.1  1.0
       Avg:   1.1, Min:   1.0, Max:   1.1, Diff:   0.0]
      [GC Worker Other (ms):  0.1  0.1
       Avg:   0.1, Min:   0.1, Max:   0.1, Diff:   0.0]
   [Clear CT:   0.0 ms]
   [Other:   0.1 ms]
      [Choose CSet:   0.0 ms]
      [Ref Proc:   0.0 ms]
      [Ref Enq:   0.0 ms]
      [Free CSet:   0.0 ms]
   [Eden: 1024K(118M)->0B(101M) Survivors: 1024K->1024K Heap: 464M(512M)->463M(512M)]
 [Times: user=0.00 sys=0.00, real=0.00 secs] 
Heap after GC invocations=179 (full 99):
 garbage-first heap   total 524288K, used 475065K [0x00000007dae00000, 0x00000007fae00000, 0x00000007fae00000)
  region size 1024K, 1 young (1024K), 1 survivors (1024K)
 compacting perm gen  total 20480K, used 2870K [0x00000007fae00000, 0x00000007fc200000, 0x0000000800000000)
   the space 20480K,  14% used [0x00000007fae00000, 0x00000007fb0cda98, 0x00000007fb0cdc00, 0x00000007fc200000)
No shared spaces configured.
}
5.008: [GC concurrent-root-region-scan-start]
5.008: [GC concurrent-root-region-scan-end, 0.0000980]
5.008: [GC concurrent-mark-start]
{Heap before GC invocations=179 (full 99):
 garbage-first heap   total 524288K, used 475065K [0x00000007dae00000, 0x00000007fae00000, 0x00000007fae00000)
  region size 1024K, 1 young (1024K), 1 survivors (1024K)
 compacting perm gen  total 20480K, used 2870K [0x00000007fae00000, 0x00000007fc200000, 0x0000000800000000)
   the space 20480K,  14% used [0x00000007fae00000, 0x00000007fb0cda98, 0x00000007fb0cdc00, 0x00000007fc200000)
No shared spaces configured.
5.008: [GC pause (young)
Desired survivor size 6815744 bytes, new threshold 15 (max 15)
- age   1:        448 bytes,        448 total
- age   2:        200 bytes,        648 total
, 0.00055000 secs]
   [Parallel Time:   0.5 ms]
      [GC Worker Start (ms):  5007.9  5008.0
       Avg: 5008.0, Min: 5007.9, Max: 5008.0, Diff:   0.0]
      [Ext Root Scanning (ms):  0.4  0.4
       Avg:   0.4, Min:   0.4, Max:   0.4, Diff:   0.0]
      [SATB Filtering (ms):  0.0  0.0
       Avg:   0.0, Min:   0.0, Max:   0.0, Diff:   0.0]
      [Update RS (ms):  0.0  0.0
       Avg:   0.0, Min:   0.0, Max:   0.0, Diff:   0.0]
         [Processed Buffers : 2 0
          Sum: 2, Avg: 1, Min: 0, Max: 2, Diff: 2]
      [Scan RS (ms):  0.0  0.0
       Avg:   0.0, Min:   0.0, Max:   0.0, Diff:   0.0]
      [Object Copy (ms):  0.0  0.0
       Avg:   0.0, Min:   0.0, Max:   0.0, Diff:   0.0]
      [Termination (ms):  0.0  0.0
       Avg:   0.0, Min:   0.0, Max:   0.0, Diff:   0.0]
         [Termination Attempts : 1 1
          Sum: 2, Avg: 1, Min: 1, Max: 1, Diff: 0]
      [GC Worker End (ms):  5008.4  5008.4
       Avg: 5008.4, Min: 5008.4, Max: 5008.4, Diff:   0.0]
      [GC Worker (ms):  0.5  0.4
       Avg:   0.4, Min:   0.4, Max:   0.5, Diff:   0.0]
      [GC Worker Other (ms):  0.0  0.0
       Avg:   0.0, Min:   0.0, Max:   0.0, Diff:   0.0]
   [Complete CSet Marking:   0.0 ms]
   [Clear CT:   0.0 ms]
   [Other:   0.0 ms]
      [Choose CSet:   0.0 ms]
      [Ref Proc:   0.0 ms]
      [Ref Enq:   0.0 ms]
      [Free CSet:   0.0 ms]
   [Eden: 0B(101M)->0B(101M) Survivors: 1024K->1024K Heap: 463M(512M)->463M(512M)]
 [Times: user=0.00 sys=0.00, real=0.00 secs] 
Heap after GC invocations=180 (full 99):
 garbage-first heap   total 524288K, used 475065K [0x00000007dae00000, 0x00000007fae00000, 0x00000007fae00000)
  region size 1024K, 1 young (1024K), 1 survivors (1024K)
 compacting perm gen  total 20480K, used 2870K [0x00000007fae00000, 0x00000007fc200000, 0x0000000800000000)
   the space 20480K,  14% used [0x00000007fae00000, 0x00000007fb0cda98, 0x00000007fb0cdc00, 0x00000007fc200000)
No shared spaces configured.
}
{Heap before GC invocations=180 (full 99):
 garbage-first heap   total 524288K, used 475065K [0x00000007dae00000, 0x00000007fae00000, 0x00000007fae00000)
  region size 1024K, 1 young (1024K), 1 survivors (1024K)
 compacting perm gen  total 20480K, used 2870K [0x00000007fae00000, 0x00000007fc200000, 0x0000000800000000)
   the space 20480K,  14% used [0x00000007fae00000, 0x00000007fb0cda98, 0x00000007fb0cdc00, 0x00000007fc200000)
No shared spaces configured.
5.009: [Full GC 463M->301M(512M), 0.0121720 secs]
 [Times: user=0.01 sys=0.00, real=0.01 secs] 
Heap after GC invocations=181 (full 100):
 garbage-first heap   total 524288K, used 308909K [0x00000007dae00000, 0x00000007fae00000, 0x00000007fae00000)
  region size 1024K, 0 young (0K), 0 survivors (0K)
 compacting perm gen  total 20480K, used 2870K [0x00000007fae00000, 0x00000007fc200000, 0x0000000800000000)
   the space 20480K,  14% used [0x00000007fae00000, 0x00000007fb0cda98, 0x00000007fb0cdc00, 0x00000007fc200000)
No shared spaces configured.
}
5.021: [GC concurrent-mark-abort]
{Heap before GC invocations=181 (full 100):
 garbage-first heap   total 524288K, used 330150K [0x00000007dae00000, 0x00000007fae00000, 0x00000007fae00000)
  region size 1024K, 1 young (1024K), 0 survivors (0K)
 compacting perm gen  total 20480K, used 2870K [0x00000007fae00000, 0x00000007fc200000, 0x0000000800000000)
   the space 20480K,  14% used [0x00000007fae00000, 0x00000007fb0cda98, 0x00000007fb0cdc00, 0x00000007fc200000)
No shared spaces configured.
5.036: [GC pause (young)
Desired survivor size 9961472 bytes, new threshold 15 (max 15)
- age   2:        448 bytes,        448 total
- age   3:        200 bytes,        648 total
 (initial-mark), 0.00194900 secs]
   [Parallel Time:   1.8 ms]
      [GC Worker Start (ms):  5036.3  5036.3
       Avg: 5036.3, Min: 5036.3, Max: 5036.3, Diff:   0.0]
      [Ext Root Scanning (ms):  1.5  1.5
       Avg:   1.5, Min:   1.5, Max:   1.5, Diff:   0.0]
      [Update RS (ms):  0.0  0.0
       Avg:   0.0, Min:   0.0, Max:   0.0, Diff:   0.0]
         [Processed Buffers : 1 0
          Sum: 1, Avg: 0, Min: 0, Max: 1, Diff: 1]
      [Scan RS (ms):  0.0  0.0
       Avg:   0.0, Min:   0.0, Max:   0.0, Diff:   0.0]
      [Object Copy (ms):  0.1  0.2
       Avg:   0.2, Min:   0.1, Max:   0.2, Diff:   0.1]
      [Termination (ms):  0.1  0.0
       Avg:   0.0, Min:   0.0, Max:   0.1, Diff:   0.1]
         [Termination Attempts : 1 1
          Sum: 2, Avg: 1, Min: 1, Max: 1, Diff: 0]
      [GC Worker End (ms):  5038.0  5038.0
       Avg: 5038.0, Min: 5038.0, Max: 5038.0, Diff:   0.0]
      [GC Worker (ms):  1.7  1.7
       Avg:   1.7, Min:   1.7, Max:   1.7, Diff:   0.0]
      [GC Worker Other (ms):  0.1  0.1
       Avg:   0.1, Min:   0.1, Max:   0.1, Diff:   0.0]
   [Clear CT:   0.0 ms]
   [Other:   0.2 ms]
      [Choose CSet:   0.0 ms]
      [Ref Proc:   0.0 ms]
      [Ref Enq:   0.0 ms]
      [Free CSet:   0.0 ms]
   [Eden: 1024K(101M)->0B(128M) Survivors: 0B->1024K Heap: 322M(512M)->322M(512M)]
 [Times: user=0.01 sys=0.00, real=0.00 secs] 
Heap after GC invocations=182 (full 101):
 garbage-first heap   total 524288K, used 330182K [0x00000007dae00000, 0x00000007fae00000, 0x00000007fae00000)
  region size 1024K, 1 young (1024K), 1 survivors (1024K)
 compacting perm gen  total 20480K, used 2870K [0x00000007fae00000, 0x00000007fc200000, 0x0000000800000000)
   the space 20480K,  14% used [0x00000007fae00000, 0x00000007fb0cda98, 0x00000007fb0cdc00, 0x00000007fc200000)
No shared spaces configured.
}
5.038: [GC concurrent-root-region-scan-start]
5.038: [GC concurrent-root-region-scan-end, 0.0000550]
5.038: [GC concurrent-mark-start]
5.040: [GC concurrent-mark-end, 0.0014930 sec]
5.049: [GC remark 5.049: [GC ref-proc, 0.0000140 secs], 0.0033170 secs]
 [Times: user=0.01 sys=0.00, real=0.00 secs] 
5.074: [GC cleanup 386M->386M(512M), 0.0005290 secs]
 [Times: user=0.00 sys=0.00, real=0.00 secs] 
{Heap before GC invocations=183 (full 101):
 garbage-first heap   total 524288K, used 466008K [0x00000007dae00000, 0x00000007fae00000, 0x00000007fae00000)
  region size 1024K, 2 young (2048K), 1 survivors (1024K)
 compacting perm gen  total 20480K, used 2870K [0x00000007fae00000, 0x00000007fc200000, 0x0000000800000000)
   the space 20480K,  14% used [0x00000007fae00000, 0x00000007fb0cda98, 0x00000007fb0cdc00, 0x00000007fc200000)
No shared spaces configured.
5.116: [GC pause (young)
Desired survivor size 8912896 bytes, new threshold 15 (max 15)
- age   1:         16 bytes,         16 total
 (initial-mark), 0.00105400 secs]
   [Parallel Time:   0.9 ms]
      [GC Worker Start (ms):  5116.5  5116.5
       Avg: 5116.5, Min: 5116.5, Max: 5116.5, Diff:   0.0]
      [Ext Root Scanning (ms):  0.7  0.7
       Avg:   0.7, Min:   0.7, Max:   0.7, Diff:   0.1]
      [Update RS (ms):  0.0  0.0
       Avg:   0.0, Min:   0.0, Max:   0.0, Diff:   0.0]
         [Processed Buffers : 4 1
          Sum: 5, Avg: 2, Min: 1, Max: 4, Diff: 3]
      [Scan RS (ms):  0.0  0.0
       Avg:   0.0, Min:   0.0, Max:   0.0, Diff:   0.0]
      [Object Copy (ms):  0.2  0.1
       Avg:   0.2, Min:   0.1, Max:   0.2, Diff:   0.1]
      [Termination (ms):  0.0  0.0
       Avg:   0.0, Min:   0.0, Max:   0.0, Diff:   0.0]
         [Termination Attempts : 1 1
          Sum: 2, Avg: 1, Min: 1, Max: 1, Diff: 0]
      [GC Worker End (ms):  5117.4  5117.4
       Avg: 5117.4, Min: 5117.4, Max: 5117.4, Diff:   0.0]
      [GC Worker (ms):  0.9  0.9
       Avg:   0.9, Min:   0.9, Max:   0.9, Diff:   0.0]
      [GC Worker Other (ms):  0.1  0.1
       Avg:   0.1, Min:   0.1, Max:   0.1, Diff:   0.0]
   [Clear CT:   0.0 ms]
   [Other:   0.1 ms]
      [Choose CSet:   0.0 ms]
      [Ref Proc:   0.0 ms]
      [Ref Enq:   0.0 ms]
      [Free CSet:   0.0 ms]
   [Eden: 1024K(128M)->0B(101M) Survivors: 1024K->1024K Heap: 455M(512M)->455M(512M)]
 [Times: user=0.00 sys=0.00, real=0.00 secs] 
Heap after GC invocations=184 (full 102):
 garbage-first heap   total 524288K, used 466040K [0x00000007dae00000, 0x00000007fae00000, 0x00000007fae00000)
  region size 1024K, 1 young (1024K), 1 survivors (1024K)
 compacting perm gen  total 20480K, used 2870K [0x00000007fae00000, 0x00000007fc200000, 0x0000000800000000)
   the space 20480K,  14% used [0x00000007fae00000, 0x00000007fb0cda98, 0x00000007fb0cdc00, 0x00000007fc200000)
No shared spaces configured.
}
5.118: [GC concurrent-root-region-scan-start]
5.118: [GC concurrent-root-region-scan-end, 0.0000540]
5.118: [GC concurrent-mark-start]
{Heap before GC invocations=184 (full 102):
 garbage-first heap   total 524288K, used 466040K [0x00000007dae00000, 0x00000007fae00000, 0x00000007fae00000)
  region size 1024K, 1 young (1024K), 1 survivors (1024K)
 compacting perm gen  total 20480K, used 2870K [0x00000007fae00000, 0x00000007fc200000, 0x0000000800000000)
   the space 20480K,  14% used [0x00000007fae00000, 0x00000007fb0cda98, 0x00000007fb0cdc00, 0x00000007fc200000)
No shared spaces configured.
5.118: [GC pause (young)
Desired survivor size 6815744 bytes, new threshold 15 (max 15)
- age   1:        344 bytes,        344 total
, 0.00062900 secs]
   [Parallel Time:   0.6 ms]
      [GC Worker Start (ms):  5117.8  5117.8
       Avg: 5117.8, Min: 5117.8, Max: 5117.8, Diff:   0.0]
      [Ext Root Scanning (ms):  0.4  0.4
       Avg:   0.4, Min:   0.4, Max:   0.4, Diff:   0.0]
      [SATB Filtering (ms):  0.0  0.0
       Avg:   0.0, Min:   0.0, Max:   0.0, Diff:   0.0]
      [Update RS (ms):  0.0  0.0
       Avg:   0.0, Min:   0.0, Max:   0.0, Diff:   0.0]
         [Processed Buffers : 3 0
          Sum: 3, Avg: 1, Min: 0, Max: 3, Diff: 3]
      [Scan RS (ms):  0.0  0.0
       Avg:   0.0, Min:   0.0, Max:   0.0, Diff:   0.0]
      [Object Copy (ms):  0.0  0.1
       Avg:   0.1, Min:   0.0, Max:   0.1, Diff:   0.1]
      [Termination (ms):  0.1  0.0
       Avg:   0.1, Min:   0.0, Max:   0.1, Diff:   0.1]
         [Termination Attempts : 1 1
          Sum: 2, Avg: 1, Min: 1, Max: 1, Diff: 0]
      [GC Worker End (ms):  5118.3  5118.3
       Avg: 5118.3, Min: 5118.3, Max: 5118.3, Diff:   0.0]
      [GC Worker (ms):  0.5  0.5
       Avg:   0.5, Min:   0.5, Max:   0.5, Diff:   0.0]
      [GC Worker Other (ms):  0.0  0.1
       Avg:   0.1, Min:   0.0, Max:   0.1, Diff:   0.0]
   [Complete CSet Marking:   0.0 ms]
   [Clear CT:   0.0 ms]
   [Other:   0.0 ms]
      [Choose CSet:   0.0 ms]
      [Ref Proc:   0.0 ms]
      [Ref Enq:   0.0 ms]
      [Free CSet:   0.0 ms]
   [Eden: 0B(101M)->0B(101M) Survivors: 1024K->1024K Heap: 455M(512M)->455M(512M)]
 [Times: user=0.00 sys=0.00, real=0.00 secs] 
Heap after GC invocations=185 (full 102):
 garbage-first heap   total 524288K, used 466040K [0x00000007dae00000, 0x00000007fae00000, 0x00000007fae00000)
  region size 1024K, 1 young (1024K), 1 survivors (1024K)
 compacting perm gen  total 20480K, used 2870K [0x00000007fae00000, 0x00000007fc200000, 0x0000000800000000)
   the space 20480K,  14% used [0x00000007fae00000, 0x00000007fb0cda98, 0x00000007fb0cdc00, 0x00000007fc200000)
No shared spaces configured.
}
{Heap before GC invocations=185 (full 102):
 garbage-first heap   total 524288K, used 466040K [0x00000007dae00000, 0x00000007fae00000, 0x00000007fae00000)
  region size 1024K, 1 young (1024K), 1 survivors (1024K)
 compacting perm gen  total 20480K, used 2870K [0x00000007fae00000, 0x00000007fc200000, 0x0000000800000000)
   the space 20480K,  14% used [0x00000007fae00000, 0x00000007fb0cda98, 0x00000007fb0cdc00, 0x00000007fc200000)
No shared spaces configured.
5.119: [Full GC 455M->225M(512M), 0.0116480 secs]
 [Times: user=0.02 sys=0.00, real=0.01 secs] 
Heap after GC invocations=186 (full 103):
 garbage-first heap   total 524288K, used 230755K [0x00000007dae00000, 0x00000007fae00000, 0x00000007fae00000)
  region size 1024K, 0 young (0K), 0 survivors (0K)
 compacting perm gen  total 20480K, used 2870K [0x00000007fae00000, 0x00000007fc200000, 0x0000000800000000)
   the space 20480K,  14% used [0x00000007fae00000, 0x00000007fb0cda98, 0x00000007fb0cdc00, 0x00000007fc200000)
No shared spaces configured.
}
5.132: [GC concurrent-mark-abort]
{Heap before GC invocations=186 (full 103):
 garbage-first heap   total 524288K, used 277155K [0x00000007dae00000, 0x00000007fae00000, 0x00000007fae00000)
  region size 1024K, 1 young (1024K), 0 survivors (0K)
 compacting perm gen  total 20480K, used 2870K [0x00000007fae00000, 0x00000007fc200000, 0x0000000800000000)
   the space 20480K,  14% used [0x00000007fae00000, 0x00000007fb0cda98, 0x00000007fb0cdc00, 0x00000007fc200000)
No shared spaces configured.
5.159: [GC pause (young)
Desired survivor size 15204352 bytes, new threshold 15 (max 15)
- age   2:        304 bytes,        304 total
 (initial-mark), 0.00197500 secs]
   [Parallel Time:   1.8 ms]
      [GC Worker Start (ms):  5158.7  5158.8
       Avg: 5158.7, Min: 5158.7, Max: 5158.8, Diff:   0.0]
      [Ext Root Scanning (ms):  1.5  1.5
       Avg:   1.5, Min:   1.5, Max:   1.5, Diff:   0.0]
      [Update RS (ms):  0.0  0.0
       Avg:   0.0, Min:   0.0, Max:   0.0, Diff:   0.0]
         [Processed Buffers : 0 3
          Sum: 3, Avg: 1, Min: 0, Max: 3, Diff: 3]
      [Scan RS (ms):  0.0  0.0
       Avg:   0.0, Min:   0.0, Max:   0.0, Diff:   0.0]
      [Object Copy (ms):  0.2  0.2
       Avg:   0.2, Min:   0.2, Max:   0.2, Diff:   0.1]
      [Termination (ms):  0.0  0.0
       Avg:   0.0, Min:   0.0, Max:   0.0, Diff:   0.0]
         [Termination Attempts : 1 1
          Sum: 2, Avg: 1, Min: 1, Max: 1, Diff: 0]
      [GC Worker End (ms):  5160.5  5160.5
       Avg: 5160.5, Min: 5160.5, Max: 5160.5, Diff:   0.0]
      [GC Worker (ms):  1.7  1.7
       Avg:   1.7, Min:   1.7, Max:   1.7, Diff:   0.0]
      [GC Worker Other (ms):  0.1  0.1
       Avg:   0.1, Min:   0.1, Max:   0.1, Diff:   0.0]
   [Clear CT:   0.0 ms]
   [Other:   0.2 ms]
      [Choose CSet:   0.0 ms]
      [Ref Proc:   0.0 ms]
      [Ref Enq:   0.0 ms]
      [Free CSet:   0.0 ms]
   [Eden: 1024K(101M)->0B(182M) Survivors: 0B->1024K Heap: 270M(512M)->270M(512M)]
 [Times: user=0.00 sys=0.00, real=0.00 secs] 
Heap after GC invocations=187 (full 104):
 garbage-first heap   total 524288K, used 277187K [0x00000007dae00000, 0x00000007fae00000, 0x00000007fae00000)
  region size 1024K, 1 young (1024K), 1 survivors (1024K)
 compacting perm gen  total 20480K, used 2870K [0x00000007fae00000, 0x00000007fc200000, 0x0000000800000000)
   the space 20480K,  14% used [0x00000007fae00000, 0x00000007fb0cda98, 0x00000007fb0cdc00, 0x00000007fc200000)
No shared spaces configured.
}
5.161: [GC concurrent-root-region-scan-start]
5.161: [GC concurrent-root-region-scan-end, 0.0000500]
5.161: [GC concurrent-mark-start]
5.166: [GC concurrent-mark-end, 0.0052140 sec]
5.179: [GC remark 5.179: [GC ref-proc, 0.0000150 secs], 0.0028500 secs]
 [Times: user=0.00 sys=0.00, real=0.00 secs] 
{Heap before GC invocations=187 (full 104):
 garbage-first heap   total 524288K, used 484537K [0x00000007dae00000, 0x00000007fae00000, 0x00000007fae00000)
  region size 1024K, 2 young (2048K), 1 survivors (1024K)
 compacting perm gen  total 20480K, used 2870K [0x00000007fae00000, 0x00000007fc200000, 0x0000000800000000)
   the space 20480K,  14% used [0x00000007fae00000, 0x00000007fb0cda98, 0x00000007fb0cdc00, 0x00000007fc200000)
No shared spaces configured.
5.273: [GC pause (young)
Desired survivor size 12058624 bytes, new threshold 15 (max 15)
- age   1:        184 bytes,        184 total
, 0.00095800 secs]
   [Parallel Time:   0.9 ms]
      [GC Worker Start (ms):  5273.5  5273.5
       Avg: 5273.5, Min: 5273.5, Max: 5273.5, Diff:   0.0]
      [Ext Root Scanning (ms):  0.7  0.7
       Avg:   0.7, Min:   0.7, Max:   0.7, Diff:   0.1]
      [SATB Filtering (ms):  0.0  0.0
       Avg:   0.0, Min:   0.0, Max:   0.0, Diff:   0.0]
      [Update RS (ms):  0.0  0.0
       Avg:   0.0, Min:   0.0, Max:   0.0, Diff:   0.0]
         [Processed Buffers : 4 0
          Sum: 4, Avg: 2, Min: 0, Max: 4, Diff: 4]
      [Scan RS (ms):  0.0  0.0
       Avg:   0.0, Min:   0.0, Max:   0.0, Diff:   0.0]
      [Object Copy (ms):  0.1  0.1
       Avg:   0.1, Min:   0.1, Max:   0.1, Diff:   0.0]
      [Termination (ms):  0.0  0.0
       Avg:   0.0, Min:   0.0, Max:   0.0, Diff:   0.0]
         [Termination Attempts : 1 1
          Sum: 2, Avg: 1, Min: 1, Max: 1, Diff: 0]
      [GC Worker End (ms):  5274.3  5274.3
       Avg: 5274.3, Min: 5274.3, Max: 5274.3, Diff:   0.0]
      [GC Worker (ms):  0.8  0.8
       Avg:   0.8, Min:   0.8, Max:   0.8, Diff:   0.0]
      [GC Worker Other (ms):  0.1  0.1
       Avg:   0.1, Min:   0.1, Max:   0.1, Diff:   0.0]
   [Complete CSet Marking:   0.0 ms]
   [Clear CT:   0.0 ms]
   [Other:   0.1 ms]
      [Choose CSet:   0.0 ms]
      [Ref Proc:   0.0 ms]
      [Ref Enq:   0.0 ms]
      [Free CSet:   0.0 ms]
   [Eden: 1024K(182M)->0B(101M) Survivors: 1024K->1024K Heap: 473M(512M)->473M(512M)]
 [Times: user=0.00 sys=0.00, real=0.00 secs] 
Heap after GC invocations=188 (full 104):
 garbage-first heap   total 524288K, used 484569K [0x00000007dae00000, 0x00000007fae00000, 0x00000007fae00000)
  region size 1024K, 1 young (1024K), 1 survivors (1024K)
 compacting perm gen  total 20480K, used 2870K [0x00000007fae00000, 0x00000007fc200000, 0x0000000800000000)
   the space 20480K,  14% used [0x00000007fae00000, 0x00000007fb0cda98, 0x00000007fb0cdc00, 0x00000007fc200000)
No shared spaces configured.
}
{Heap before GC invocations=188 (full 104):
 garbage-first heap   total 524288K, used 484569K [0x00000007dae00000, 0x00000007fae00000, 0x00000007fae00000)
  region size 1024K, 1 young (1024K), 1 survivors (1024K)
 compacting perm gen  total 20480K, used 2870K [0x00000007fae00000, 0x00000007fc200000, 0x0000000800000000)
   the space 20480K,  14% used [0x00000007fae00000, 0x00000007fb0cda98, 0x00000007fb0cdc00, 0x00000007fc200000)
No shared spaces configured.
5.275: [Full GC 473M->302M(512M), 0.0117630 secs]
 [Times: user=0.01 sys=0.00, real=0.02 secs] 
Heap after GC invocations=189 (full 105):
 garbage-first heap   total 524288K, used 309651K [0x00000007dae00000, 0x00000007fae00000, 0x00000007fae00000)
  region size 1024K, 0 young (0K), 0 survivors (0K)
 compacting perm gen  total 20480K, used 2870K [0x00000007fae00000, 0x00000007fc200000, 0x0000000800000000)
   the space 20480K,  14% used [0x00000007fae00000, 0x00000007fb0cda98, 0x00000007fb0cdc00, 0x00000007fc200000)
No shared spaces configured.
}
5.293: [GC cleanup, 0.0000020 secs]
 [Times: user=0.00 sys=0.00, real=0.00 secs] 
5.293: [GC concurrent-mark-abort]
{Heap before GC invocations=189 (full 105):
 garbage-first heap   total 524288K, used 372268K [0x00000007dae00000, 0x00000007fae00000, 0x00000007fae00000)
  region size 1024K, 1 young (1024K), 0 survivors (0K)
 compacting perm gen  total 20480K, used 2870K [0x00000007fae00000, 0x00000007fc200000, 0x0000000800000000)
   the space 20480K,  14% used [0x00000007fae00000, 0x00000007fb0cda98, 0x00000007fb0cdc00, 0x00000007fc200000)
No shared spaces configured.
5.323: [GC pause (young)
Desired survivor size 9961472 bytes, new threshold 15 (max 15)
- age   1:        496 bytes,        496 total
- age   2:        120 bytes,        616 total
 (initial-mark), 0.00201500 secs]
   [Parallel Time:   1.8 ms]
      [GC Worker Start (ms):  5323.4  5323.4
       Avg: 5323.4, Min: 5323.4, Max: 5323.4, Diff:   0.0]
      [Ext Root Scanning (ms):  1.5  1.5
       Avg:   1.5, Min:   1.5, Max:   1.5, Diff:   0.0]
      [Update RS (ms):  0.0  0.0
       Avg:   0.0, Min:   0.0, Max:   0.0, Diff:   0.0]
         [Processed Buffers : 2 0
          Sum: 2, Avg: 1, Min: 0, Max: 2, Diff: 2]
      [Scan RS (ms):  0.0  0.0
       Avg:   0.0, Min:   0.0, Max:   0.0, Diff:   0.0]
      [Object Copy (ms):  0.2  0.2
       Avg:   0.2, Min:   0.2, Max:   0.2, Diff:   0.0]
      [Termination (ms):  0.1  0.0
       Avg:   0.0, Min:   0.0, Max:   0.1, Diff:   0.1]
         [Termination Attempts : 1 1
          Sum: 2, Avg: 1, Min: 1, Max: 1, Diff: 0]
      [GC Worker End (ms):  5325.2  5325.2
       Avg: 5325.2, Min: 5325.2, Max: 5325.2, Diff:   0.0]
      [GC Worker (ms):  1.7  1.7
       Avg:   1.7, Min:   1.7, Max:   1.7, Diff:   0.0]
      [GC Worker Other (ms):  0.1  0.1
       Avg:   0.1, Min:   0.1, Max:   0.1, Diff:   0.0]
   [Clear CT:   0.0 ms]
   [Other:   0.2 ms]
      [Choose CSet:   0.0 ms]
      [Ref Proc:   0.0 ms]
      [Ref Enq:   0.0 ms]
      [Free CSet:   0.0 ms]
   [Eden: 1024K(101M)->0B(101M) Survivors: 0B->1024K Heap: 363M(512M)->363M(512M)]
 [Times: user=0.00 sys=0.00, real=0.00 secs] 
Heap after GC invocations=190 (full 106):
 garbage-first heap   total 524288K, used 372332K [0x00000007dae00000, 0x00000007fae00000, 0x00000007fae00000)
  region size 1024K, 1 young (1024K), 1 survivors (1024K)
 compacting perm gen  total 20480K, used 2870K [0x00000007fae00000, 0x00000007fc200000, 0x0000000800000000)
   the space 20480K,  14% used [0x00000007fae00000, 0x00000007fb0cda98, 0x00000007fb0cdc00, 0x00000007fc200000)
No shared spaces configured.
}
5.325: [GC concurrent-root-region-scan-start]
5.325: [GC concurrent-root-region-scan-end, 0.0000410]
5.325: [GC concurrent-mark-start]
5.329: [GC concurrent-mark-end, 0.0033390 sec]
5.337: [GC remark 5.337: [GC ref-proc, 0.0000150 secs], 0.0030380 secs]
 [Times: user=0.00 sys=0.00, real=0.00 secs] 
5.340: [GC cleanup 386M->280M(512M), 0.0005100 secs]
 [Times: user=0.00 sys=0.00, real=0.00 secs] 
5.341: [GC concurrent-cleanup-start]
5.341: [GC concurrent-cleanup-end, 0.0002300]
{Heap before GC invocations=191 (full 106):
 garbage-first heap   total 524288K, used 301739K [0x00000007dae00000, 0x00000007fae00000, 0x00000007fae00000)
  region size 1024K, 2 young (2048K), 1 survivors (1024K)
 compacting perm gen  total 20480K, used 2870K [0x00000007fae00000, 0x00000007fc200000, 0x0000000800000000)
   the space 20480K,  14% used [0x00000007fae00000, 0x00000007fb0cda98, 0x00000007fb0cdc00, 0x00000007fc200000)
No shared spaces configured.
5.353: [GC pause (young)
Desired survivor size 6815744 bytes, new threshold 15 (max 15)
- age   1:        208 bytes,        208 total
 (initial-mark), 0.00114100 secs]
   [Parallel Time:   1.0 ms]
      [GC Worker Start (ms):  5353.0  5353.0
       Avg: 5353.0, Min: 5353.0, Max: 5353.0, Diff:   0.0]
      [Ext Root Scanning (ms):  0.7  0.8
       Avg:   0.7, Min:   0.7, Max:   0.8, Diff:   0.1]
      [Update RS (ms):  0.0  0.0
       Avg:   0.0, Min:   0.0, Max:   0.0, Diff:   0.0]
         [Processed Buffers : 5 0
          Sum: 5, Avg: 2, Min: 0, Max: 5, Diff: 5]
      [Scan RS (ms):  0.0  0.0
       Avg:   0.0, Min:   0.0, Max:   0.0, Diff:   0.0]
      [Object Copy (ms):  0.2  0.1
       Avg:   0.2, Min:   0.1, Max:   0.2, Diff:   0.0]
      [Termination (ms):  0.0  0.0
       Avg:   0.0, Min:   0.0, Max:   0.0, Diff:   0.0]
         [Termination Attempts : 1 1
          Sum: 2, Avg: 1, Min: 1, Max: 1, Diff: 0]
      [GC Worker End (ms):  5353.9  5353.9
       Avg: 5353.9, Min: 5353.9, Max: 5353.9, Diff:   0.0]
      [GC Worker (ms):  0.9  0.9
       Avg:   0.9, Min:   0.9, Max:   0.9, Diff:   0.0]
      [GC Worker Other (ms):  0.1  0.1
       Avg:   0.1, Min:   0.1, Max:   0.1, Diff:   0.0]
   [Clear CT:   0.0 ms]
   [Other:   0.2 ms]
      [Choose CSet:   0.0 ms]
      [Ref Proc:   0.0 ms]
      [Ref Enq:   0.0 ms]
      [Free CSet:   0.0 ms]
   [Eden: 1024K(101M)->0B(153M) Survivors: 1024K->1024K Heap: 294M(512M)->294M(512M)]
 [Times: user=0.00 sys=0.00, real=0.00 secs] 
Heap after GC invocations=192 (full 107):
 garbage-first heap   total 524288K, used 301739K [0x00000007dae00000, 0x00000007fae00000, 0x00000007fae00000)
  region size 1024K, 1 young (1024K), 1 survivors (1024K)
 compacting perm gen  total 20480K, used 2870K [0x00000007fae00000, 0x00000007fc200000, 0x0000000800000000)
   the space 20480K,  14% used [0x00000007fae00000, 0x00000007fb0cda98, 0x00000007fb0cdc00, 0x00000007fc200000)
No shared spaces configured.
}
5.354: [GC concurrent-root-region-scan-start]
5.354: [GC concurrent-root-region-scan-end, 0.0000580]
5.354: [GC concurrent-mark-start]
5.357: [GC concurrent-mark-end, 0.0025920 sec]
5.372: [GC remark 5.372: [GC ref-proc, 0.0000150 secs], 0.0028570 secs]
 [Times: user=0.00 sys=0.00, real=0.00 secs] 
5.375: [GC cleanup 328M->237M(512M), 0.0004990 secs]
 [Times: user=0.00 sys=0.00, real=0.00 secs] 
5.376: [GC concurrent-cleanup-start]
5.376: [GC concurrent-cleanup-end, 0.0001980]
{Heap before GC invocations=193 (full 107):
 garbage-first heap   total 524288K, used 257802K [0x00000007dae00000, 0x00000007fae00000, 0x00000007fae00000)
  region size 1024K, 2 young (2048K), 1 survivors (1024K)
 compacting perm gen  total 20480K, used 2870K [0x00000007fae00000, 0x00000007fc200000, 0x0000000800000000)
   the space 20480K,  14% used [0x00000007fae00000, 0x00000007fb0cda98, 0x00000007fb0cdc00, 0x00000007fc200000)
No shared spaces configured.
5.388: [GC pause (young)
Desired survivor size 10485760 bytes, new threshold 15 (max 15)
- age   1:        232 bytes,        232 total
- age   2:        160 bytes,        392 total
 (initial-mark), 0.00114700 secs]
   [Parallel Time:   1.0 ms]
      [GC Worker Start (ms):  5388.2  5388.2
       Avg: 5388.2, Min: 5388.2, Max: 5388.2, Diff:   0.0]
      [Ext Root Scanning (ms):  0.7  0.8
       Avg:   0.7, Min:   0.7, Max:   0.8, Diff:   0.1]
      [Update RS (ms):  0.0  0.0
       Avg:   0.0, Min:   0.0, Max:   0.0, Diff:   0.0]
         [Processed Buffers : 4 1
          Sum: 5, Avg: 2, Min: 1, Max: 4, Diff: 3]
      [Scan RS (ms):  0.0  0.0
       Avg:   0.0, Min:   0.0, Max:   0.0, Diff:   0.0]
      [Object Copy (ms):  0.2  0.1
       Avg:   0.2, Min:   0.1, Max:   0.2, Diff:   0.0]
      [Termination (ms):  0.0  0.0
       Avg:   0.0, Min:   0.0, Max:   0.0, Diff:   0.0]
         [Termination Attempts : 1 1
          Sum: 2, Avg: 1, Min: 1, Max: 1, Diff: 0]
      [GC Worker End (ms):  5389.1  5389.1
       Avg: 5389.1, Min: 5389.1, Max: 5389.1, Diff:   0.0]
      [GC Worker (ms):  0.9  0.9
       Avg:   0.9, Min:   0.9, Max:   0.9, Diff:   0.0]
      [GC Worker Other (ms):  0.1  0.1
       Avg:   0.1, Min:   0.1, Max:   0.1, Diff:   0.0]
   [Clear CT:   0.0 ms]
   [Other:   0.2 ms]
      [Choose CSet:   0.0 ms]
      [Ref Proc:   0.0 ms]
      [Ref Enq:   0.0 ms]
      [Free CSet:   0.0 ms]
   [Eden: 1024K(153M)->0B(197M) Survivors: 1024K->1024K Heap: 251M(512M)->251M(512M)]
 [Times: user=0.00 sys=0.00, real=0.00 secs] 
Heap after GC invocations=194 (full 108):
 garbage-first heap   total 524288K, used 257802K [0x00000007dae00000, 0x00000007fae00000, 0x00000007fae00000)
  region size 1024K, 1 young (1024K), 1 survivors (1024K)
 compacting perm gen  total 20480K, used 2870K [0x00000007fae00000, 0x00000007fc200000, 0x0000000800000000)
   the space 20480K,  14% used [0x00000007fae00000, 0x00000007fb0cda98, 0x00000007fb0cdc00, 0x00000007fc200000)
No shared spaces configured.
}
5.389: [GC concurrent-root-region-scan-start]
5.389: [GC concurrent-root-region-scan-end, 0.0000730]
5.389: [GC concurrent-mark-start]
5.399: [GC concurrent-mark-end, 0.0100340 sec]
5.423: [GC remark 5.423: [GC ref-proc, 0.0000160 secs], 0.0026240 secs]
 [Times: user=0.00 sys=0.00, real=0.01 secs] 
5.426: [GC cleanup 316M->280M(512M), 0.0004910 secs]
 [Times: user=0.00 sys=0.00, real=0.00 secs] 
5.426: [GC concurrent-cleanup-start]
5.427: [GC concurrent-cleanup-end, 0.0000890]
{Heap before GC invocations=195 (full 108):
 garbage-first heap   total 524288K, used 318721K [0x00000007dae00000, 0x00000007fae00000, 0x00000007fae00000)
  region size 1024K, 2 young (2048K), 1 survivors (1024K)
 compacting perm gen  total 20480K, used 2870K [0x00000007fae00000, 0x00000007fc200000, 0x0000000800000000)
   the space 20480K,  14% used [0x00000007fae00000, 0x00000007fb0cda98, 0x00000007fb0cdc00, 0x00000007fc200000)
No shared spaces configured.
5.447: [GC pause (young)
Desired survivor size 13107200 bytes, new threshold 15 (max 15)
- age   1:        200 bytes,        200 total
- age   2:        200 bytes,        400 total
- age   3:        160 bytes,        560 total
 (initial-mark), 0.00133000 secs]
   [Parallel Time:   1.1 ms]
      [GC Worker Start (ms):  5447.4  5447.4
       Avg: 5447.4, Min: 5447.4, Max: 5447.4, Diff:   0.0]
      [Ext Root Scanning (ms):  0.9  0.9
       Avg:   0.9, Min:   0.9, Max:   0.9, Diff:   0.0]
      [Update RS (ms):  0.0  0.0
       Avg:   0.0, Min:   0.0, Max:   0.0, Diff:   0.0]
         [Processed Buffers : 1 2
          Sum: 3, Avg: 1, Min: 1, Max: 2, Diff: 1]
      [Scan RS (ms):  0.0  0.0
       Avg:   0.0, Min:   0.0, Max:   0.0, Diff:   0.0]
      [Object Copy (ms):  0.2  0.1
       Avg:   0.2, Min:   0.1, Max:   0.2, Diff:   0.1]
      [Termination (ms):  0.0  0.0
       Avg:   0.0, Min:   0.0, Max:   0.0, Diff:   0.0]
         [Termination Attempts : 1 1
          Sum: 2, Avg: 1, Min: 1, Max: 1, Diff: 0]
      [GC Worker End (ms):  5448.5  5448.5
       Avg: 5448.5, Min: 5448.5, Max: 5448.5, Diff:   0.0]
      [GC Worker (ms):  1.1  1.1
       Avg:   1.1, Min:   1.1, Max:   1.1, Diff:   0.0]
      [GC Worker Other (ms):  0.1  0.1
       Avg:   0.1, Min:   0.1, Max:   0.1, Diff:   0.0]
   [Clear CT:   0.0 ms]
   [Other:   0.2 ms]
      [Choose CSet:   0.0 ms]
      [Ref Proc:   0.0 ms]
      [Ref Enq:   0.0 ms]
      [Free CSet:   0.0 ms]
   [Eden: 1024K(197M)->0B(136M) Survivors: 1024K->1024K Heap: 311M(512M)->311M(512M)]
 [Times: user=0.01 sys=0.00, real=0.00 secs] 
Heap after GC invocations=196 (full 109):
 garbage-first heap   total 524288K, used 318721K [0x00000007dae00000, 0x00000007fae00000, 0x00000007fae00000)
  region size 1024K, 1 young (1024K), 1 survivors (1024K)
 compacting perm gen  total 20480K, used 2870K [0x00000007fae00000, 0x00000007fc200000, 0x0000000800000000)
   the space 20480K,  14% used [0x00000007fae00000, 0x00000007fb0cda98, 0x00000007fb0cdc00, 0x00000007fc200000)
No shared spaces configured.
}
5.449: [GC concurrent-root-region-scan-start]
5.449: [GC concurrent-root-region-scan-end, 0.0006010]
5.449: [GC concurrent-mark-start]
5.452: [GC concurrent-mark-end, 0.0022980 sec]
5.468: [GC remark 5.468: [GC ref-proc, 0.0000320 secs], 0.0031370 secs]
 [Times: user=0.00 sys=0.00, real=0.00 secs] 
5.472: [GC cleanup 349M->278M(512M), 0.0004810 secs]
 [Times: user=0.00 sys=0.00, real=0.00 secs] 
5.472: [GC concurrent-cleanup-start]
5.472: [GC concurrent-cleanup-end, 0.0001960]
{Heap before GC invocations=197 (full 109):
 garbage-first heap   total 524288K, used 356736K [0x00000007dae00000, 0x00000007fae00000, 0x00000007fae00000)
  region size 1024K, 2 young (2048K), 1 survivors (1024K)
 compacting perm gen  total 20480K, used 2870K [0x00000007fae00000, 0x00000007fc200000, 0x0000000800000000)
   the space 20480K,  14% used [0x00000007fae00000, 0x00000007fb0cda98, 0x00000007fb0cdc00, 0x00000007fc200000)
No shared spaces configured.
5.514: [GC pause (young)
Desired survivor size 9437184 bytes, new threshold 15 (max 15)
- age   1:        224 bytes,        224 total
- age   2:         72 bytes,        296 total
- age   3:        120 bytes,        416 total
- age   4:        160 bytes,        576 total
 (initial-mark), 0.00116300 secs]
   [Parallel Time:   1.0 ms]
      [GC Worker Start (ms):  5514.2  5514.2
       Avg: 5514.2, Min: 5514.2, Max: 5514.2, Diff:   0.0]
      [Ext Root Scanning (ms):  0.7  0.8
       Avg:   0.7, Min:   0.7, Max:   0.8, Diff:   0.0]
      [Update RS (ms):  0.0  0.0
       Avg:   0.0, Min:   0.0, Max:   0.0, Diff:   0.0]
         [Processed Buffers : 4 0
          Sum: 4, Avg: 2, Min: 0, Max: 4, Diff: 4]
      [Scan RS (ms):  0.0  0.0
       Avg:   0.0, Min:   0.0, Max:   0.0, Diff:   0.0]
      [Object Copy (ms):  0.1  0.2
       Avg:   0.2, Min:   0.1, Max:   0.2, Diff:   0.0]
      [Termination (ms):  0.0  0.0
       Avg:   0.0, Min:   0.0, Max:   0.0, Diff:   0.0]
         [Termination Attempts : 1 1
          Sum: 2, Avg: 1, Min: 1, Max: 1, Diff: 0]
      [GC Worker End (ms):  5515.1  5515.1
       Avg: 5515.1, Min: 5515.1, Max: 5515.1, Diff:   0.0]
      [GC Worker (ms):  1.0  0.9
       Avg:   0.9, Min:   0.9, Max:   1.0, Diff:   0.0]
      [GC Worker Other (ms):  0.1  0.1
       Avg:   0.1, Min:   0.1, Max:   0.1, Diff:   0.0]
   [Clear CT:   0.0 ms]
   [Other:   0.1 ms]
      [Choose CSet:   0.0 ms]
      [Ref Proc:   0.0 ms]
      [Ref Enq:   0.0 ms]
      [Free CSet:   0.0 ms]
   [Eden: 1024K(136M)->0B(101M) Survivors: 1024K->1024K Heap: 348M(512M)->348M(512M)]
 [Times: user=0.01 sys=0.00, real=0.00 secs] 
Heap after GC invocations=198 (full 110):
 garbage-first heap   total 524288K, used 356736K [0x00000007dae00000, 0x00000007fae00000, 0x00000007fae00000)
  region size 1024K, 1 young (1024K), 1 survivors (1024K)
 compacting perm gen  total 20480K, used 2870K [0x00000007fae00000, 0x00000007fc200000, 0x0000000800000000)
   the space 20480K,  14% used [0x00000007fae00000, 0x00000007fb0cda98, 0x00000007fb0cdc00, 0x00000007fc200000)
No shared spaces configured.
}
5.515: [GC concurrent-root-region-scan-start]
5.515: [GC concurrent-root-region-scan-end, 0.0000810]
5.515: [GC concurrent-mark-start]
5.518: [GC concurrent-mark-end, 0.0021390 sec]
5.521: [GC remark 5.521: [GC ref-proc, 0.0000160 secs], 0.0029280 secs]
 [Times: user=0.01 sys=0.00, real=0.00 secs] 
5.524: [GC cleanup 360M->276M(512M), 0.0005010 secs]
 [Times: user=0.00 sys=0.00, real=0.00 secs] 
5.525: [GC concurrent-cleanup-start]
5.525: [GC concurrent-cleanup-end, 0.0001870]
{Heap before GC invocations=199 (full 110):
 garbage-first heap   total 524288K, used 363990K [0x00000007dae00000, 0x00000007fae00000, 0x00000007fae00000)
  region size 1024K, 2 young (2048K), 1 survivors (1024K)
 compacting perm gen  total 20480K, used 2870K [0x00000007fae00000, 0x00000007fc200000, 0x0000000800000000)
   the space 20480K,  14% used [0x00000007fae00000, 0x00000007fb0cda98, 0x00000007fb0cdc00, 0x00000007fc200000)
No shared spaces configured.
5.571: [GC pause (young)
Desired survivor size 6815744 bytes, new threshold 15 (max 15)
- age   1:        304 bytes,        304 total
- age   2:         56 bytes,        360 total
- age   4:         80 bytes,        440 total
- age   5:        160 bytes,        600 total
 (initial-mark), 0.00122800 secs]
   [Parallel Time:   1.1 ms]
      [GC Worker Start (ms):  5571.3  5571.4
       Avg: 5571.4, Min: 5571.3, Max: 5571.4, Diff:   0.0]
      [Ext Root Scanning (ms):  0.8  0.8
       Avg:   0.8, Min:   0.8, Max:   0.8, Diff:   0.0]
      [Update RS (ms):  0.0  0.0
       Avg:   0.0, Min:   0.0, Max:   0.0, Diff:   0.0]
         [Processed Buffers : 3 0
          Sum: 3, Avg: 1, Min: 0, Max: 3, Diff: 3]
      [Scan RS (ms):  0.0  0.0
       Avg:   0.0, Min:   0.0, Max:   0.0, Diff:   0.0]
      [Object Copy (ms):  0.1  0.2
       Avg:   0.1, Min:   0.1, Max:   0.2, Diff:   0.0]
      [Termination (ms):  0.0  0.0
       Avg:   0.0, Min:   0.0, Max:   0.0, Diff:   0.0]
         [Termination Attempts : 1 1
          Sum: 2, Avg: 1, Min: 1, Max: 1, Diff: 0]
      [GC Worker End (ms):  5572.4  5572.4
       Avg: 5572.4, Min: 5572.4, Max: 5572.4, Diff:   0.0]
      [GC Worker (ms):  1.0  1.0
       Avg:   1.0, Min:   1.0, Max:   1.0, Diff:   0.0]
      [GC Worker Other (ms):  0.1  0.1
       Avg:   0.1, Min:   0.1, Max:   0.1, Diff:   0.0]
   [Clear CT:   0.0 ms]
   [Other:   0.2 ms]
      [Choose CSet:   0.0 ms]
      [Ref Proc:   0.0 ms]
      [Ref Enq:   0.0 ms]
      [Free CSet:   0.0 ms]
   [Eden: 1024K(101M)->0B(101M) Survivors: 1024K->1024K Heap: 355M(512M)->355M(512M)]
 [Times: user=0.00 sys=0.00, real=0.00 secs] 
Heap after GC invocations=200 (full 111):
 garbage-first heap   total 524288K, used 363990K [0x00000007dae00000, 0x00000007fae00000, 0x00000007fae00000)
  region size 1024K, 1 young (1024K), 1 survivors (1024K)
 compacting perm gen  total 20480K, used 2870K [0x00000007fae00000, 0x00000007fc200000, 0x0000000800000000)
   the space 20480K,  14% used [0x00000007fae00000, 0x00000007fb0cda98, 0x00000007fb0cdc00, 0x00000007fc200000)
No shared spaces configured.
}
5.573: [GC concurrent-root-region-scan-start]
5.573: [GC concurrent-root-region-scan-end, 0.0001030]
5.573: [GC concurrent-mark-start]
5.574: [GC concurrent-mark-end, 0.0018070 sec]
5.580: [GC remark 5.580: [GC ref-proc, 0.0000170 secs], 0.0084510 secs]
 [Times: user=0.01 sys=0.00, real=0.01 secs] 
5.589: [GC cleanup 370M->314M(512M), 0.0007070 secs]
 [Times: user=0.00 sys=0.00, real=0.00 secs] 
5.590: [GC concurrent-cleanup-start]
5.590: [GC concurrent-cleanup-end, 0.0002020]
{Heap before GC invocations=201 (full 111):
 garbage-first heap   total 524288K, used 336462K [0x00000007dae00000, 0x00000007fae00000, 0x00000007fae00000)
  region size 1024K, 2 young (2048K), 1 survivors (1024K)
 compacting perm gen  total 20480K, used 2870K [0x00000007fae00000, 0x00000007fc200000, 0x0000000800000000)
   the space 20480K,  14% used [0x00000007fae00000, 0x00000007fb0cda98, 0x00000007fb0cdc00, 0x00000007fc200000)
No shared spaces configured.
5.601: [GC pause (young)
Desired survivor size 6815744 bytes, new threshold 15 (max 15)
- age   1:        360 bytes,        360 total
- age   2:        120 bytes,        480 total
- age   5:         80 bytes,        560 total
- age   6:        160 bytes,        720 total
 (initial-mark), 0.00124100 secs]
   [Parallel Time:   1.0 ms]
      [GC Worker Start (ms):  5601.5  5601.5
       Avg: 5601.5, Min: 5601.5, Max: 5601.5, Diff:   0.0]
      [Ext Root Scanning (ms):  0.7  0.8
       Avg:   0.8, Min:   0.7, Max:   0.8, Diff:   0.1]
      [Update RS (ms):  0.0  0.0
       Avg:   0.0, Min:   0.0, Max:   0.0, Diff:   0.0]
         [Processed Buffers : 2 0
          Sum: 2, Avg: 1, Min: 0, Max: 2, Diff: 2]
      [Scan RS (ms):  0.0  0.0
       Avg:   0.0, Min:   0.0, Max:   0.0, Diff:   0.0]
      [Object Copy (ms):  0.2  0.1
       Avg:   0.2, Min:   0.1, Max:   0.2, Diff:   0.1]
      [Termination (ms):  0.0  0.0
       Avg:   0.0, Min:   0.0, Max:   0.0, Diff:   0.0]
         [Termination Attempts : 1 1
          Sum: 2, Avg: 1, Min: 1, Max: 1, Diff: 0]
      [GC Worker End (ms):  5602.5  5602.5
       Avg: 5602.5, Min: 5602.5, Max: 5602.5, Diff:   0.0]
      [GC Worker (ms):  1.0  1.0
       Avg:   1.0, Min:   1.0, Max:   1.0, Diff:   0.0]
      [GC Worker Other (ms):  0.0  0.1
       Avg:   0.1, Min:   0.0, Max:   0.1, Diff:   0.0]
   [Clear CT:   0.0 ms]
   [Other:   0.2 ms]
      [Choose CSet:   0.0 ms]
      [Ref Proc:   0.1 ms]
      [Ref Enq:   0.0 ms]
      [Free CSet:   0.0 ms]
   [Eden: 1024K(101M)->0B(117M) Survivors: 1024K->1024K Heap: 328M(512M)->328M(512M)]
 [Times: user=0.00 sys=0.00, real=0.00 secs] 
Heap after GC invocations=202 (full 112):
 garbage-first heap   total 524288K, used 336462K [0x00000007dae00000, 0x00000007fae00000, 0x00000007fae00000)
  region size 1024K, 1 young (1024K), 1 survivors (1024K)
 compacting perm gen  total 20480K, used 2870K [0x00000007fae00000, 0x00000007fc200000, 0x0000000800000000)
   the space 20480K,  14% used [0x00000007fae00000, 0x00000007fb0cda98, 0x00000007fb0cdc00, 0x00000007fc200000)
No shared spaces configured.
}
5.603: [GC concurrent-root-region-scan-start]
5.603: [GC concurrent-root-region-scan-end, 0.0001140]
5.603: [GC concurrent-mark-start]
5.604: [GC concurrent-mark-end, 0.0014570 sec]
5.616: [GC remark 5.616: [GC ref-proc, 0.0000150 secs], 0.0031670 secs]
 [Times: user=0.01 sys=0.00, real=0.01 secs] 
5.619: [GC cleanup 352M->322M(512M), 0.0003870 secs]
 [Times: user=0.00 sys=0.00, real=0.00 secs] 
5.620: [GC concurrent-cleanup-start]
5.620: [GC concurrent-cleanup-end, 0.0000730]
{Heap before GC invocations=203 (full 112):
 garbage-first heap   total 524288K, used 340672K [0x00000007dae00000, 0x00000007fae00000, 0x00000007fae00000)
  region size 1024K, 2 young (2048K), 1 survivors (1024K)
 compacting perm gen  total 20480K, used 2870K [0x00000007fae00000, 0x00000007fc200000, 0x0000000800000000)
   the space 20480K,  14% used [0x00000007fae00000, 0x00000007fb0cda98, 0x00000007fb0cdc00, 0x00000007fc200000)
No shared spaces configured.
5.629: [GC pause (young)
Desired survivor size 7864320 bytes, new threshold 15 (max 15)
- age   1:        112 bytes,        112 total
- age   2:        248 bytes,        360 total
- age   3:        120 bytes,        480 total
- age   6:         80 bytes,        560 total
- age   7:        160 bytes,        720 total
 (initial-mark), 0.00126200 secs]
   [Parallel Time:   1.1 ms]
      [GC Worker Start (ms):  5629.3  5629.3
       Avg: 5629.3, Min: 5629.3, Max: 5629.3, Diff:   0.0]
      [Ext Root Scanning (ms):  0.7  0.8
       Avg:   0.8, Min:   0.7, Max:   0.8, Diff:   0.1]
      [Update RS (ms):  0.0  0.0
       Avg:   0.0, Min:   0.0, Max:   0.0, Diff:   0.0]
         [Processed Buffers : 2 1
          Sum: 3, Avg: 1, Min: 1, Max: 2, Diff: 1]
      [Scan RS (ms):  0.0  0.0
       Avg:   0.0, Min:   0.0, Max:   0.0, Diff:   0.0]
      [Object Copy (ms):  0.2  0.1
       Avg:   0.2, Min:   0.1, Max:   0.2, Diff:   0.1]
      [Termination (ms):  0.0  0.0
       Avg:   0.0, Min:   0.0, Max:   0.0, Diff:   0.0]
         [Termination Attempts : 1 1
          Sum: 2, Avg: 1, Min: 1, Max: 1, Diff: 0]
      [GC Worker End (ms):  5630.3  5630.3
       Avg: 5630.3, Min: 5630.3, Max: 5630.3, Diff:   0.0]
      [GC Worker (ms):  1.0  1.0
       Avg:   1.0, Min:   1.0, Max:   1.0, Diff:   0.0]
      [GC Worker Other (ms):  0.1  0.1
       Avg:   0.1, Min:   0.1, Max:   0.1, Diff:   0.0]
   [Clear CT:   0.0 ms]
   [Other:   0.2 ms]
      [Choose CSet:   0.0 ms]
      [Ref Proc:   0.0 ms]
      [Ref Enq:   0.0 ms]
      [Free CSet:   0.0 ms]
   [Eden: 1024K(117M)->0B(113M) Survivors: 1024K->1024K Heap: 332M(512M)->332M(512M)]
 [Times: user=0.00 sys=0.00, real=0.00 secs] 
Heap after GC invocations=204 (full 113):
 garbage-first heap   total 524288K, used 340672K [0x00000007dae00000, 0x00000007fae00000, 0x00000007fae00000)
  region size 1024K, 1 young (1024K), 1 survivors (1024K)
 compacting perm gen  total 20480K, used 2870K [0x00000007fae00000, 0x00000007fc200000, 0x0000000800000000)
   the space 20480K,  14% used [0x00000007fae00000, 0x00000007fb0cda98, 0x00000007fb0cdc00, 0x00000007fc200000)
No shared spaces configured.
}
5.631: [GC concurrent-root-region-scan-start]
5.631: [GC concurrent-root-region-scan-end, 0.0000790]
5.631: [GC concurrent-mark-start]
5.642: [GC concurrent-mark-end, 0.0112120 sec]
5.654: [GC remark 5.654: [GC ref-proc, 0.0000170 secs], 0.0032470 secs]
 [Times: user=0.01 sys=0.00, real=0.01 secs] 
5.658: [GC cleanup 377M->339M(512M), 0.0004200 secs]
 [Times: user=0.00 sys=0.00, real=0.00 secs] 
5.658: [GC concurrent-cleanup-start]
5.658: [GC concurrent-cleanup-end, 0.0000890]
{Heap before GC invocations=205 (full 113):
 garbage-first heap   total 524288K, used 377547K [0x00000007dae00000, 0x00000007fae00000, 0x00000007fae00000)
  region size 1024K, 2 young (2048K), 1 survivors (1024K)
 compacting perm gen  total 20480K, used 2870K [0x00000007fae00000, 0x00000007fc200000, 0x0000000800000000)
   the space 20480K,  14% used [0x00000007fae00000, 0x00000007fb0cda98, 0x00000007fb0cdc00, 0x00000007fc200000)
No shared spaces configured.
5.678: [GC pause (young)
Desired survivor size 7864320 bytes, new threshold 15 (max 15)
- age   1:         96 bytes,         96 total
- age   2:        112 bytes,        208 total
- age   3:        192 bytes,        400 total
- age   4:         80 bytes,        480 total
- age   7:         80 bytes,        560 total
- age   8:        160 bytes,        720 total
 (initial-mark), 0.00133500 secs]
   [Parallel Time:   1.0 ms]
      [GC Worker Start (ms):  5678.1  5678.1
       Avg: 5678.1, Min: 5678.1, Max: 5678.1, Diff:   0.0]
      [Ext Root Scanning (ms):  0.8  0.8
       Avg:   0.8, Min:   0.8, Max:   0.8, Diff:   0.0]
      [Update RS (ms):  0.0  0.0
       Avg:   0.0, Min:   0.0, Max:   0.0, Diff:   0.0]
         [Processed Buffers : 0 3
          Sum: 3, Avg: 1, Min: 0, Max: 3, Diff: 3]
      [Scan RS (ms):  0.0  0.0
       Avg:   0.0, Min:   0.0, Max:   0.0, Diff:   0.0]
      [Object Copy (ms):  0.2  0.1
       Avg:   0.2, Min:   0.1, Max:   0.2, Diff:   0.1]
      [Termination (ms):  0.0  0.0
       Avg:   0.0, Min:   0.0, Max:   0.0, Diff:   0.0]
         [Termination Attempts : 1 1
          Sum: 2, Avg: 1, Min: 1, Max: 1, Diff: 0]
      [GC Worker End (ms):  5679.1  5679.1
       Avg: 5679.1, Min: 5679.1, Max: 5679.1, Diff:   0.0]
      [GC Worker (ms):  1.0  1.0
       Avg:   1.0, Min:   1.0, Max:   1.0, Diff:   0.0]
      [GC Worker Other (ms):  0.0  0.0
       Avg:   0.0, Min:   0.0, Max:   0.0, Diff:   0.0]
   [Clear CT:   0.0 ms]
   [Other:   0.3 ms]
      [Choose CSet:   0.0 ms]
      [Ref Proc:   0.0 ms]
      [Ref Enq:   0.0 ms]
      [Free CSet:   0.0 ms]
   [Eden: 1024K(113M)->0B(101M) Survivors: 1024K->1024K Heap: 368M(512M)->368M(512M)]
 [Times: user=0.00 sys=0.00, real=0.00 secs] 
Heap after GC invocations=206 (full 114):
 garbage-first heap   total 524288K, used 377547K [0x00000007dae00000, 0x00000007fae00000, 0x00000007fae00000)
  region size 1024K, 1 young (1024K), 1 survivors (1024K)
 compacting perm gen  total 20480K, used 2870K [0x00000007fae00000, 0x00000007fc200000, 0x0000000800000000)
   the space 20480K,  14% used [0x00000007fae00000, 0x00000007fb0cda98, 0x00000007fb0cdc00, 0x00000007fc200000)
No shared spaces configured.
}
5.680: [GC concurrent-root-region-scan-start]
5.680: [GC concurrent-root-region-scan-end, 0.0000750]
5.680: [GC concurrent-mark-start]
5.682: [GC concurrent-mark-end, 0.0023490 sec]
5.690: [GC remark 5.690: [GC ref-proc, 0.0000160 secs], 0.0030610 secs]
 [Times: user=0.01 sys=0.00, real=0.00 secs] 
{Heap before GC invocations=206 (full 114):
 garbage-first heap   total 524288K, used 410430K [0x00000007dae00000, 0x00000007fae00000, 0x00000007fae00000)
  region size 1024K, 2 young (2048K), 1 survivors (1024K)
 compacting perm gen  total 20480K, used 2870K [0x00000007fae00000, 0x00000007fc200000, 0x0000000800000000)
   the space 20480K,  14% used [0x00000007fae00000, 0x00000007fb0cda98, 0x00000007fb0cdc00, 0x00000007fc200000)
No shared spaces configured.
5.700: [GC pause (young)
Desired survivor size 6815744 bytes, new threshold 15 (max 15)
- age   1:        208 bytes,        208 total
- age   2:         96 bytes,        304 total
- age   3:         40 bytes,        344 total
- age   4:         40 bytes,        384 total
- age   8:         80 bytes,        464 total
- age   9:        160 bytes,        624 total
, 0.00103600 secs]
   [Parallel Time:   0.9 ms]
      [GC Worker Start (ms):  5699.8  5699.8
       Avg: 5699.8, Min: 5699.8, Max: 5699.8, Diff:   0.0]
      [Ext Root Scanning (ms):  0.8  0.8
       Avg:   0.8, Min:   0.8, Max:   0.8, Diff:   0.0]
      [SATB Filtering (ms):  0.0  0.0
       Avg:   0.0, Min:   0.0, Max:   0.0, Diff:   0.0]
      [Update RS (ms):  0.0  0.0
       Avg:   0.0, Min:   0.0, Max:   0.0, Diff:   0.0]
         [Processed Buffers : 2 0
          Sum: 2, Avg: 1, Min: 0, Max: 2, Diff: 2]
      [Scan RS (ms):  0.0  0.0
       Avg:   0.0, Min:   0.0, Max:   0.0, Diff:   0.0]
      [Object Copy (ms):  0.1  0.0
       Avg:   0.0, Min:   0.0, Max:   0.1, Diff:   0.0]
      [Termination (ms):  0.0  0.0
       Avg:   0.0, Min:   0.0, Max:   0.0, Diff:   0.0]
         [Termination Attempts : 1 1
          Sum: 2, Avg: 1, Min: 1, Max: 1, Diff: 0]
      [GC Worker End (ms):  5700.7  5700.7
       Avg: 5700.7, Min: 5700.7, Max: 5700.7, Diff:   0.0]
      [GC Worker (ms):  0.9  0.9
       Avg:   0.9, Min:   0.9, Max:   0.9, Diff:   0.0]
      [GC Worker Other (ms):  0.1  0.1
       Avg:   0.1, Min:   0.1, Max:   0.1, Diff:   0.0]
   [Complete CSet Marking:   0.0 ms]
   [Clear CT:   0.0 ms]
   [Other:   0.1 ms]
      [Choose CSet:   0.0 ms]
      [Ref Proc:   0.0 ms]
      [Ref Enq:   0.0 ms]
      [Free CSet:   0.0 ms]
   [Eden: 1024K(101M)->0B(101M) Survivors: 1024K->1024K Heap: 400M(512M)->400M(512M)]
 [Times: user=0.00 sys=0.00, real=0.00 secs] 
Heap after GC invocations=207 (full 114):
 garbage-first heap   total 524288K, used 410430K [0x00000007dae00000, 0x00000007fae00000, 0x00000007fae00000)
  region size 1024K, 1 young (1024K), 1 survivors (1024K)
 compacting perm gen  total 20480K, used 2870K [0x00000007fae00000, 0x00000007fc200000, 0x0000000800000000)
   the space 20480K,  14% used [0x00000007fae00000, 0x00000007fb0cda98, 0x00000007fb0cdc00, 0x00000007fc200000)
No shared spaces configured.
}
{Heap before GC invocations=207 (full 114):
 garbage-first heap   total 524288K, used 410430K [0x00000007dae00000, 0x00000007fae00000, 0x00000007fae00000)
  region size 1024K, 1 young (1024K), 1 survivors (1024K)
 compacting perm gen  total 20480K, used 2870K [0x00000007fae00000, 0x00000007fc200000, 0x0000000800000000)
   the space 20480K,  14% used [0x00000007fae00000, 0x00000007fb0cda98, 0x00000007fb0cdc00, 0x00000007fc200000)
No shared spaces configured.
5.701: [Full GC 400M->232M(512M), 0.0117200 secs]
 [Times: user=0.02 sys=0.00, real=0.01 secs] 
Heap after GC invocations=208 (full 115):
 garbage-first heap   total 524288K, used 237873K [0x00000007dae00000, 0x00000007fae00000, 0x00000007fae00000)
  region size 1024K, 0 young (0K), 0 survivors (0K)
 compacting perm gen  total 20480K, used 2870K [0x00000007fae00000, 0x00000007fc200000, 0x0000000800000000)
   the space 20480K,  14% used [0x00000007fae00000, 0x00000007fb0cda98, 0x00000007fb0cdc00, 0x00000007fc200000)
No shared spaces configured.
}
5.741: [GC cleanup, 0.0000020 secs]
 [Times: user=0.00 sys=0.00, real=0.00 secs] 
5.742: [GC concurrent-mark-abort]
{Heap before GC invocations=208 (full 115):
 garbage-first heap   total 524288K, used 310814K [0x00000007dae00000, 0x00000007fae00000, 0x00000007fae00000)
  region size 1024K, 1 young (1024K), 0 survivors (0K)
 compacting perm gen  total 20480K, used 2870K [0x00000007fae00000, 0x00000007fc200000, 0x0000000800000000)
   the space 20480K,  14% used [0x00000007fae00000, 0x00000007fb0cda98, 0x00000007fb0cdc00, 0x00000007fc200000)
No shared spaces configured.
5.755: [GC pause (young)
Desired survivor size 14680064 bytes, new threshold 15 (max 15)
- age   1:        112 bytes,        112 total
- age   2:        152 bytes,        264 total
- age   3:         40 bytes,        304 total
- age   4:         40 bytes,        344 total
- age   9:         80 bytes,        424 total
- age  10:        160 bytes,        584 total
 (initial-mark), 0.00192300 secs]
   [Parallel Time:   1.7 ms]
      [GC Worker Start (ms):  5755.0  5755.0
       Avg: 5755.0, Min: 5755.0, Max: 5755.0, Diff:   0.0]
      [Ext Root Scanning (ms):  1.4  1.5
       Avg:   1.5, Min:   1.4, Max:   1.5, Diff:   0.0]
      [Update RS (ms):  0.0  0.0
       Avg:   0.0, Min:   0.0, Max:   0.0, Diff:   0.0]
         [Processed Buffers : 2 0
          Sum: 2, Avg: 1, Min: 0, Max: 2, Diff: 2]
      [Scan RS (ms):  0.0  0.0
       Avg:   0.0, Min:   0.0, Max:   0.0, Diff:   0.0]
      [Object Copy (ms):  0.2  0.2
       Avg:   0.2, Min:   0.2, Max:   0.2, Diff:   0.0]
      [Termination (ms):  0.0  0.0
       Avg:   0.0, Min:   0.0, Max:   0.0, Diff:   0.0]
         [Termination Attempts : 1 1
          Sum: 2, Avg: 1, Min: 1, Max: 1, Diff: 0]
      [GC Worker End (ms):  5756.7  5756.7
       Avg: 5756.7, Min: 5756.7, Max: 5756.7, Diff:   0.0]
      [GC Worker (ms):  1.7  1.7
       Avg:   1.7, Min:   1.7, Max:   1.7, Diff:   0.0]
      [GC Worker Other (ms):  0.1  0.1
       Avg:   0.1, Min:   0.1, Max:   0.1, Diff:   0.0]
   [Clear CT:   0.0 ms]
   [Other:   0.2 ms]
      [Choose CSet:   0.0 ms]
      [Ref Proc:   0.0 ms]
      [Ref Enq:   0.0 ms]
      [Free CSet:   0.0 ms]
   [Eden: 1024K(101M)->0B(143M) Survivors: 0B->1024K Heap: 303M(512M)->303M(512M)]
 [Times: user=0.00 sys=0.00, real=0.01 secs] 
Heap after GC invocations=209 (full 116):
 garbage-first heap   total 524288K, used 310878K [0x00000007dae00000, 0x00000007fae00000, 0x00000007fae00000)
  region size 1024K, 1 young (1024K), 1 survivors (1024K)
 compacting perm gen  total 20480K, used 2870K [0x00000007fae00000, 0x00000007fc200000, 0x0000000800000000)
   the space 20480K,  14% used [0x00000007fae00000, 0x00000007fb0cda98, 0x00000007fb0cdc00, 0x00000007fc200000)
No shared spaces configured.
}
5.757: [GC concurrent-root-region-scan-start]
5.759: [GC concurrent-root-region-scan-end, 0.0018640]
5.759: [GC concurrent-mark-start]
5.763: [GC concurrent-mark-end, 0.0038580 sec]
5.777: [GC remark 5.778: [GC ref-proc, 0.0000160 secs], 0.0035060 secs]
 [Times: user=0.00 sys=0.00, real=0.00 secs] 
5.781: [GC cleanup 344M->299M(512M), 0.0004180 secs]
 [Times: user=0.00 sys=0.00, real=0.00 secs] 
5.782: [GC concurrent-cleanup-start]
5.782: [GC concurrent-cleanup-end, 0.0000990]
{Heap before GC invocations=210 (full 116):
 garbage-first heap   total 524288K, used 322577K [0x00000007dae00000, 0x00000007fae00000, 0x00000007fae00000)
  region size 1024K, 2 young (2048K), 1 survivors (1024K)
 compacting perm gen  total 20480K, used 2870K [0x00000007fae00000, 0x00000007fc200000, 0x0000000800000000)
   the space 20480K,  14% used [0x00000007fae00000, 0x00000007fb0cda98, 0x00000007fb0cdc00, 0x00000007fc200000)
No shared spaces configured.
5.794: [GC pause (young)
Desired survivor size 9437184 bytes, new threshold 15 (max 15)
- age   1:        296 bytes,        296 total
 (initial-mark), 0.00123100 secs]
   [Parallel Time:   1.1 ms]
      [GC Worker Start (ms):  5794.3  5794.3
       Avg: 5794.3, Min: 5794.3, Max: 5794.3, Diff:   0.0]
      [Ext Root Scanning (ms):  0.8  0.8
       Avg:   0.8, Min:   0.8, Max:   0.8, Diff:   0.1]
      [Update RS (ms):  0.0  0.0
       Avg:   0.0, Min:   0.0, Max:   0.0, Diff:   0.0]
         [Processed Buffers : 0 4
          Sum: 4, Avg: 2, Min: 0, Max: 4, Diff: 4]
      [Scan RS (ms):  0.0  0.0
       Avg:   0.0, Min:   0.0, Max:   0.0, Diff:   0.0]
      [Object Copy (ms):  0.2  0.1
       Avg:   0.1, Min:   0.1, Max:   0.2, Diff:   0.0]
      [Termination (ms):  0.0  0.0
       Avg:   0.0, Min:   0.0, Max:   0.0, Diff:   0.0]
         [Termination Attempts : 1 1
          Sum: 2, Avg: 1, Min: 1, Max: 1, Diff: 0]
      [GC Worker End (ms):  5795.3  5795.3
       Avg: 5795.3, Min: 5795.3, Max: 5795.3, Diff:   0.0]
      [GC Worker (ms):  1.0  1.0
       Avg:   1.0, Min:   1.0, Max:   1.0, Diff:   0.0]
      [GC Worker Other (ms):  0.1  0.1
       Avg:   0.1, Min:   0.1, Max:   0.1, Diff:   0.0]
   [Clear CT:   0.0 ms]
   [Other:   0.2 ms]
      [Choose CSet:   0.0 ms]
      [Ref Proc:   0.0 ms]
      [Ref Enq:   0.0 ms]
      [Free CSet:   0.0 ms]
   [Eden: 1024K(143M)->0B(132M) Survivors: 1024K->1024K Heap: 315M(512M)->315M(512M)]
 [Times: user=0.01 sys=0.00, real=0.00 secs] 
Heap after GC invocations=211 (full 117):
 garbage-first heap   total 524288K, used 322577K [0x00000007dae00000, 0x00000007fae00000, 0x00000007fae00000)
  region size 1024K, 1 young (1024K), 1 survivors (1024K)
 compacting perm gen  total 20480K, used 2870K [0x00000007fae00000, 0x00000007fc200000, 0x0000000800000000)
   the space 20480K,  14% used [0x00000007fae00000, 0x00000007fb0cda98, 0x00000007fb0cdc00, 0x00000007fc200000)
No shared spaces configured.
}
5.795: [GC concurrent-root-region-scan-start]
5.796: [GC concurrent-root-region-scan-end, 0.0000690]
5.796: [GC concurrent-mark-start]
5.798: [GC concurrent-mark-end, 0.0028760 sec]
5.809: [GC remark 5.809: [GC ref-proc, 0.0000170 secs], 0.0022410 secs]
 [Times: user=0.01 sys=0.00, real=0.00 secs] 
5.821: [GC cleanup 357M->212M(512M), 0.0008540 secs]
 [Times: user=0.00 sys=0.00, real=0.00 secs] 
5.822: [GC concurrent-cleanup-start]
5.822: [GC concurrent-cleanup-end, 0.0003430]
{Heap before GC invocations=212 (full 117):
 garbage-first heap   total 524288K, used 251299K [0x00000007dae00000, 0x00000007fae00000, 0x00000007fae00000)
  region size 1024K, 2 young (2048K), 1 survivors (1024K)
 compacting perm gen  total 20480K, used 2870K [0x00000007fae00000, 0x00000007fc200000, 0x0000000800000000)
   the space 20480K,  14% used [0x00000007fae00000, 0x00000007fb0cda98, 0x00000007fb0cdc00, 0x00000007fc200000)
No shared spaces configured.
5.844: [GC pause (young)
Desired survivor size 8912896 bytes, new threshold 15 (max 15)
- age   1:        232 bytes,        232 total
- age   2:        216 bytes,        448 total
 (initial-mark), 0.00126500 secs]
   [Parallel Time:   1.1 ms]
      [GC Worker Start (ms):  5843.8  5843.8
       Avg: 5843.8, Min: 5843.8, Max: 5843.8, Diff:   0.0]
      [Ext Root Scanning (ms):  0.8  0.8
       Avg:   0.8, Min:   0.8, Max:   0.8, Diff:   0.1]
      [Update RS (ms):  0.0  0.0
       Avg:   0.0, Min:   0.0, Max:   0.0, Diff:   0.0]
         [Processed Buffers : 3 0
          Sum: 3, Avg: 1, Min: 0, Max: 3, Diff: 3]
      [Scan RS (ms):  0.0  0.0
       Avg:   0.0, Min:   0.0, Max:   0.0, Diff:   0.0]
      [Object Copy (ms):  0.2  0.2
       Avg:   0.2, Min:   0.2, Max:   0.2, Diff:   0.0]
      [Termination (ms):  0.0  0.0
       Avg:   0.0, Min:   0.0, Max:   0.0, Diff:   0.0]
         [Termination Attempts : 1 1
          Sum: 2, Avg: 1, Min: 1, Max: 1, Diff: 0]
      [GC Worker End (ms):  5844.8  5844.8
       Avg: 5844.8, Min: 5844.8, Max: 5844.8, Diff:   0.0]
      [GC Worker (ms):  1.0  1.0
       Avg:   1.0, Min:   1.0, Max:   1.0, Diff:   0.0]
      [GC Worker Other (ms):  0.1  0.1
       Avg:   0.1, Min:   0.1, Max:   0.1, Diff:   0.0]
   [Clear CT:   0.0 ms]
   [Other:   0.2 ms]
      [Choose CSet:   0.0 ms]
      [Ref Proc:   0.0 ms]
      [Ref Enq:   0.0 ms]
      [Free CSet:   0.0 ms]
   [Eden: 1024K(132M)->0B(205M) Survivors: 1024K->1024K Heap: 245M(512M)->245M(512M)]
 [Times: user=0.00 sys=0.00, real=0.00 secs] 
Heap after GC invocations=213 (full 118):
 garbage-first heap   total 524288K, used 251299K [0x00000007dae00000, 0x00000007fae00000, 0x00000007fae00000)
  region size 1024K, 1 young (1024K), 1 survivors (1024K)
 compacting perm gen  total 20480K, used 2870K [0x00000007fae00000, 0x00000007fc200000, 0x0000000800000000)
   the space 20480K,  14% used [0x00000007fae00000, 0x00000007fb0cda98, 0x00000007fb0cdc00, 0x00000007fc200000)
No shared spaces configured.
}
5.845: [GC concurrent-root-region-scan-start]
5.845: [GC concurrent-root-region-scan-end, 0.0000800]
5.845: [GC concurrent-mark-start]
5.847: [GC concurrent-mark-end, 0.0015390 sec]
5.853: [GC remark 5.853: [GC ref-proc, 0.0000150 secs], 0.0029130 secs]
 [Times: user=0.00 sys=0.00, real=0.00 secs] 
5.856: [GC cleanup 259M->236M(512M), 0.0005300 secs]
 [Times: user=0.00 sys=0.00, real=0.01 secs] 
5.856: [GC concurrent-cleanup-start]
5.856: [GC concurrent-cleanup-end, 0.0000620]
{Heap before GC invocations=214 (full 118):
 garbage-first heap   total 524288K, used 288590K [0x00000007dae00000, 0x00000007fae00000, 0x00000007fae00000)
  region size 1024K, 2 young (2048K), 1 survivors (1024K)
 compacting perm gen  total 20480K, used 2870K [0x00000007fae00000, 0x00000007fc200000, 0x0000000800000000)
   the space 20480K,  14% used [0x00000007fae00000, 0x00000007fb0cda98, 0x00000007fb0cdc00, 0x00000007fc200000)
No shared spaces configured.
5.884: [GC pause (young)
Desired survivor size 13631488 bytes, new threshold 15 (max 15)
- age   1:        128 bytes,        128 total
- age   2:        160 bytes,        288 total
- age   3:        176 bytes,        464 total
 (initial-mark), 0.00123500 secs]
   [Parallel Time:   1.0 ms]
      [GC Worker Start (ms):  5884.1  5884.1
       Avg: 5884.1, Min: 5884.1, Max: 5884.1, Diff:   0.0]
      [Ext Root Scanning (ms):  0.8  0.8
       Avg:   0.8, Min:   0.8, Max:   0.8, Diff:   0.1]
      [Update RS (ms):  0.0  0.0
       Avg:   0.0, Min:   0.0, Max:   0.0, Diff:   0.0]
         [Processed Buffers : 2 0
          Sum: 2, Avg: 1, Min: 0, Max: 2, Diff: 2]
      [Scan RS (ms):  0.0  0.0
       Avg:   0.0, Min:   0.0, Max:   0.0, Diff:   0.0]
      [Object Copy (ms):  0.2  0.1
       Avg:   0.2, Min:   0.1, Max:   0.2, Diff:   0.1]
      [Termination (ms):  0.0  0.0
       Avg:   0.0, Min:   0.0, Max:   0.0, Diff:   0.0]
         [Termination Attempts : 1 1
          Sum: 2, Avg: 1, Min: 1, Max: 1, Diff: 0]
      [GC Worker End (ms):  5885.1  5885.1
       Avg: 5885.1, Min: 5885.1, Max: 5885.1, Diff:   0.0]
      [GC Worker (ms):  1.0  1.0
       Avg:   1.0, Min:   1.0, Max:   1.0, Diff:   0.0]
      [GC Worker Other (ms):  0.1  0.1
       Avg:   0.1, Min:   0.1, Max:   0.1, Diff:   0.0]
   [Clear CT:   0.0 ms]
   [Other:   0.2 ms]
      [Choose CSet:   0.0 ms]
      [Ref Proc:   0.0 ms]
      [Ref Enq:   0.0 ms]
      [Free CSet:   0.0 ms]
   [Eden: 1024K(205M)->0B(167M) Survivors: 1024K->1024K Heap: 281M(512M)->281M(512M)]
 [Times: user=0.01 sys=0.00, real=0.00 secs] 
Heap after GC invocations=215 (full 119):
 garbage-first heap   total 524288K, used 288590K [0x00000007dae00000, 0x00000007fae00000, 0x00000007fae00000)
  region size 1024K, 1 young (1024K), 1 survivors (1024K)
 compacting perm gen  total 20480K, used 2870K [0x00000007fae00000, 0x00000007fc200000, 0x0000000800000000)
   the space 20480K,  14% used [0x00000007fae00000, 0x00000007fb0cda98, 0x00000007fb0cdc00, 0x00000007fc200000)
No shared spaces configured.
}
5.885: [GC concurrent-root-region-scan-start]
5.885: [GC concurrent-root-region-scan-end, 0.0000710]
5.885: [GC concurrent-mark-start]
5.888: [GC concurrent-mark-end, 0.0023890 sec]
5.904: [GC remark 5.904: [GC ref-proc, 0.0000150 secs], 0.0029580 secs]
 [Times: user=0.01 sys=0.00, real=0.01 secs] 
5.908: [GC cleanup 318M->274M(512M), 0.0005000 secs]
 [Times: user=0.00 sys=0.00, real=0.00 secs] 
5.908: [GC concurrent-cleanup-start]
5.908: [GC concurrent-cleanup-end, 0.0001100]
{Heap before GC invocations=216 (full 119):
 garbage-first heap   total 524288K, used 295020K [0x00000007dae00000, 0x00000007fae00000, 0x00000007fae00000)
  region size 1024K, 2 young (2048K), 1 survivors (1024K)
 compacting perm gen  total 20480K, used 2870K [0x00000007fae00000, 0x00000007fc200000, 0x0000000800000000)
   the space 20480K,  14% used [0x00000007fae00000, 0x00000007fb0cda98, 0x00000007fb0cdc00, 0x00000007fc200000)
No shared spaces configured.
5.920: [GC pause (young)
Desired survivor size 11010048 bytes, new threshold 15 (max 15)
- age   1:        144 bytes,        144 total
- age   2:         72 bytes,        216 total
- age   3:         80 bytes,        296 total
- age   4:        160 bytes,        456 total
 (initial-mark), 0.00122500 secs]
   [Parallel Time:   1.0 ms]
      [GC Worker Start (ms):  5920.0  5920.0
       Avg: 5920.0, Min: 5920.0, Max: 5920.0, Diff:   0.0]
      [Ext Root Scanning (ms):  0.8  0.8
       Avg:   0.8, Min:   0.8, Max:   0.8, Diff:   0.0]
      [Update RS (ms):  0.0  0.0
       Avg:   0.0, Min:   0.0, Max:   0.0, Diff:   0.0]
         [Processed Buffers : 4 0
          Sum: 4, Avg: 2, Min: 0, Max: 4, Diff: 4]
      [Scan RS (ms):  0.0  0.0
       Avg:   0.0, Min:   0.0, Max:   0.0, Diff:   0.0]
      [Object Copy (ms):  0.1  0.2
       Avg:   0.2, Min:   0.1, Max:   0.2, Diff:   0.0]
      [Termination (ms):  0.0  0.0
       Avg:   0.0, Min:   0.0, Max:   0.0, Diff:   0.0]
         [Termination Attempts : 1 1
          Sum: 2, Avg: 1, Min: 1, Max: 1, Diff: 0]
      [GC Worker End (ms):  5921.0  5921.0
       Avg: 5921.0, Min: 5921.0, Max: 5921.0, Diff:   0.0]
      [GC Worker (ms):  1.0  1.0
       Avg:   1.0, Min:   1.0, Max:   1.0, Diff:   0.0]
      [GC Worker Other (ms):  0.1  0.1
       Avg:   0.1, Min:   0.1, Max:   0.1, Diff:   0.0]
   [Clear CT:   0.0 ms]
   [Other:   0.2 ms]
      [Choose CSet:   0.0 ms]
      [Ref Proc:   0.0 ms]
      [Ref Enq:   0.0 ms]
      [Free CSet:   0.0 ms]
   [Eden: 1024K(167M)->0B(160M) Survivors: 1024K->1024K Heap: 288M(512M)->288M(512M)]
 [Times: user=0.00 sys=0.00, real=0.00 secs] 
Heap after GC invocations=217 (full 120):
 garbage-first heap   total 524288K, used 295020K [0x00000007dae00000, 0x00000007fae00000, 0x00000007fae00000)
  region size 1024K, 1 young (1024K), 1 survivors (1024K)
 compacting perm gen  total 20480K, used 2870K [0x00000007fae00000, 0x00000007fc200000, 0x0000000800000000)
   the space 20480K,  14% used [0x00000007fae00000, 0x00000007fb0cda98, 0x00000007fb0cdc00, 0x00000007fc200000)
No shared spaces configured.
}
5.921: [GC concurrent-root-region-scan-start]
5.921: [GC concurrent-root-region-scan-end, 0.0000790]
5.921: [GC concurrent-mark-start]
5.925: [GC concurrent-mark-end, 0.0035860 sec]
5.942: [GC remark 5.942: [GC ref-proc, 0.0000150 secs], 0.0029240 secs]
 [Times: user=0.01 sys=0.00, real=0.00 secs] 
5.969: [GC cleanup 371M->275M(512M), 0.0005530 secs]
 [Times: user=0.00 sys=0.00, real=0.00 secs] 
5.970: [GC concurrent-cleanup-start]
5.970: [GC concurrent-cleanup-end, 0.0002350]
{Heap before GC invocations=218 (full 120):
 garbage-first heap   total 524288K, used 330039K [0x00000007dae00000, 0x00000007fae00000, 0x00000007fae00000)
  region size 1024K, 2 young (2048K), 1 survivors (1024K)
 compacting perm gen  total 20480K, used 2870K [0x00000007fae00000, 0x00000007fc200000, 0x0000000800000000)
   the space 20480K,  14% used [0x00000007fae00000, 0x00000007fb0cda98, 0x00000007fb0cdc00, 0x00000007fc200000)
No shared spaces configured.
6.000: [GC pause (young)
Desired survivor size 11010048 bytes, new threshold 15 (max 15)
- age   1:        248 bytes,        248 total
- age   2:         32 bytes,        280 total
- age   5:        160 bytes,        440 total
 (initial-mark), 0.00279200 secs]
   [Parallel Time:   2.5 ms]
      [GC Worker Start (ms):  5999.9  5999.9
       Avg: 5999.9, Min: 5999.9, Max: 5999.9, Diff:   0.0]
      [Ext Root Scanning (ms):  1.4  2.3
       Avg:   1.9, Min:   1.4, Max:   2.3, Diff:   0.9]
      [Update RS (ms):  0.1  0.0
       Avg:   0.0, Min:   0.0, Max:   0.1, Diff:   0.1]
         [Processed Buffers : 2 0
          Sum: 2, Avg: 1, Min: 0, Max: 2, Diff: 2]
      [Scan RS (ms):  0.0  0.0
       Avg:   0.0, Min:   0.0, Max:   0.0, Diff:   0.0]
      [Object Copy (ms):  0.3  0.1
       Avg:   0.2, Min:   0.1, Max:   0.3, Diff:   0.2]
      [Termination (ms):  0.7  0.0
       Avg:   0.3, Min:   0.0, Max:   0.7, Diff:   0.7]
         [Termination Attempts : 1 1
          Sum: 2, Avg: 1, Min: 1, Max: 1, Diff: 0]
      [GC Worker End (ms):  6002.4  6002.3
       Avg: 6002.3, Min: 6002.3, Max: 6002.4, Diff:   0.0]
      [GC Worker (ms):  2.5  2.4
       Avg:   2.5, Min:   2.4, Max:   2.5, Diff:   0.1]
      [GC Worker Other (ms):  0.1  0.1
       Avg:   0.1, Min:   0.1, Max:   0.1, Diff:   0.1]
   [Clear CT:   0.0 ms]
   [Other:   0.2 ms]
      [Choose CSet:   0.0 ms]
      [Ref Proc:   0.1 ms]
      [Ref Enq:   0.0 ms]
      [Free CSet:   0.0 ms]
   [Eden: 1024K(160M)->0B(123M) Survivors: 1024K->1024K Heap: 322M(512M)->322M(512M)]
 [Times: user=0.00 sys=0.00, real=0.00 secs] 
Heap after GC invocations=219 (full 121):
 garbage-first heap   total 524288K, used 330039K [0x00000007dae00000, 0x00000007fae00000, 0x00000007fae00000)
  region size 1024K, 1 young (1024K), 1 survivors (1024K)
 compacting perm gen  total 20480K, used 2870K [0x00000007fae00000, 0x00000007fc200000, 0x0000000800000000)
   the space 20480K,  14% used [0x00000007fae00000, 0x00000007fb0cda98, 0x00000007fb0cdc00, 0x00000007fc200000)
No shared spaces configured.
}
6.004: [GC concurrent-root-region-scan-start]
6.004: [GC concurrent-root-region-scan-end, 0.0000880]
6.004: [GC concurrent-mark-start]
6.008: [GC concurrent-mark-end, 0.0033010 sec]
6.017: [GC remark 6.017: [GC ref-proc, 0.0000160 secs], 0.0030540 secs]
 [Times: user=0.00 sys=0.00, real=0.00 secs] 
6.020: [GC cleanup 350M->269M(512M), 0.0004830 secs]
 [Times: user=0.00 sys=0.00, real=0.00 secs] 
6.021: [GC concurrent-cleanup-start]
6.021: [GC concurrent-cleanup-end, 0.0001760]
{Heap before GC invocations=220 (full 121):
 garbage-first heap   total 524288K, used 330214K [0x00000007dae00000, 0x00000007fae00000, 0x00000007fae00000)
  region size 1024K, 2 young (2048K), 1 survivors (1024K)
 compacting perm gen  total 20480K, used 2870K [0x00000007fae00000, 0x00000007fc200000, 0x0000000800000000)
   the space 20480K,  14% used [0x00000007fae00000, 0x00000007fb0cda98, 0x00000007fb0cdc00, 0x00000007fc200000)
No shared spaces configured.
6.053: [GC pause (young)
Desired survivor size 8388608 bytes, new threshold 15 (max 15)
- age   1:        480 bytes,        480 total
- age   6:        160 bytes,        640 total
 (initial-mark), 0.00121800 secs]
   [Parallel Time:   1.1 ms]
      [GC Worker Start (ms):  6053.6  6053.6
       Avg: 6053.6, Min: 6053.6, Max: 6053.6, Diff:   0.0]
      [Ext Root Scanning (ms):  0.8  0.8
       Avg:   0.8, Min:   0.8, Max:   0.8, Diff:   0.0]
      [Update RS (ms):  0.0  0.0
       Avg:   0.0, Min:   0.0, Max:   0.0, Diff:   0.0]
         [Processed Buffers : 0 3
          Sum: 3, Avg: 1, Min: 0, Max: 3, Diff: 3]
      [Scan RS (ms):  0.0  0.0
       Avg:   0.0, Min:   0.0, Max:   0.0, Diff:   0.0]
      [Object Copy (ms):  0.2  0.1
       Avg:   0.1, Min:   0.1, Max:   0.2, Diff:   0.0]
      [Termination (ms):  0.0  0.0
       Avg:   0.0, Min:   0.0, Max:   0.0, Diff:   0.0]
         [Termination Attempts : 1 1
          Sum: 2, Avg: 1, Min: 1, Max: 1, Diff: 0]
      [GC Worker End (ms):  6054.6  6054.6
       Avg: 6054.6, Min: 6054.6, Max: 6054.6, Diff:   0.0]
      [GC Worker (ms):  1.0  1.0
       Avg:   1.0, Min:   1.0, Max:   1.0, Diff:   0.0]
      [GC Worker Other (ms):  0.1  0.1
       Avg:   0.1, Min:   0.1, Max:   0.1, Diff:   0.0]
   [Clear CT:   0.0 ms]
   [Other:   0.2 ms]
      [Choose CSet:   0.0 ms]
      [Ref Proc:   0.0 ms]
      [Ref Enq:   0.0 ms]
      [Free CSet:   0.0 ms]
   [Eden: 1024K(123M)->0B(123M) Survivors: 1024K->1024K Heap: 322M(512M)->322M(512M)]
 [Times: user=0.01 sys=0.00, real=0.00 secs] 
Heap after GC invocations=221 (full 122):
 garbage-first heap   total 524288K, used 330214K [0x00000007dae00000, 0x00000007fae00000, 0x00000007fae00000)
  region size 1024K, 1 young (1024K), 1 survivors (1024K)
 compacting perm gen  total 20480K, used 2870K [0x00000007fae00000, 0x00000007fc200000, 0x0000000800000000)
   the space 20480K,  14% used [0x00000007fae00000, 0x00000007fb0cda98, 0x00000007fb0cdc00, 0x00000007fc200000)
No shared spaces configured.
}
6.055: [GC concurrent-root-region-scan-start]
6.055: [GC concurrent-root-region-scan-end, 0.0000900]
6.055: [GC concurrent-mark-start]
6.057: [GC concurrent-mark-end, 0.0019660 sec]
6.067: [GC remark 6.067: [GC ref-proc, 0.0000160 secs], 0.0030430 secs]
 [Times: user=0.00 sys=0.00, real=0.00 secs] 
6.107: [GC cleanup 415M->347M(512M), 0.0006660 secs]
 [Times: user=0.00 sys=0.00, real=0.00 secs] 
6.108: [GC concurrent-cleanup-start]
6.108: [GC concurrent-cleanup-end, 0.0001900]
{Heap before GC invocations=222 (full 122):
 garbage-first heap   total 524288K, used 398510K [0x00000007dae00000, 0x00000007fae00000, 0x00000007fae00000)
  region size 1024K, 2 young (2048K), 1 survivors (1024K)
 compacting perm gen  total 20480K, used 2870K [0x00000007fae00000, 0x00000007fc200000, 0x0000000800000000)
   the space 20480K,  14% used [0x00000007fae00000, 0x00000007fb0cda98, 0x00000007fb0cdc00, 0x00000007fc200000)
No shared spaces configured.
6.135: [GC pause (young)
Desired survivor size 8388608 bytes, new threshold 15 (max 15)
- age   1:        232 bytes,        232 total
- age   2:        216 bytes,        448 total
- age   7:        160 bytes,        608 total
 (initial-mark), 0.00123400 secs]
   [Parallel Time:   1.1 ms]
      [GC Worker Start (ms):  6134.8  6134.8
       Avg: 6134.8, Min: 6134.8, Max: 6134.8, Diff:   0.0]
      [Ext Root Scanning (ms):  0.8  0.8
       Avg:   0.8, Min:   0.8, Max:   0.8, Diff:   0.1]
      [Update RS (ms):  0.0  0.0
       Avg:   0.0, Min:   0.0, Max:   0.0, Diff:   0.0]
         [Processed Buffers : 0 2
          Sum: 2, Avg: 1, Min: 0, Max: 2, Diff: 2]
      [Scan RS (ms):  0.0  0.0
       Avg:   0.0, Min:   0.0, Max:   0.0, Diff:   0.0]
      [Object Copy (ms):  0.2  0.1
       Avg:   0.2, Min:   0.1, Max:   0.2, Diff:   0.0]
      [Termination (ms):  0.0  0.0
       Avg:   0.0, Min:   0.0, Max:   0.0, Diff:   0.0]
         [Termination Attempts : 1 1
          Sum: 2, Avg: 1, Min: 1, Max: 1, Diff: 0]
      [GC Worker End (ms):  6135.8  6135.8
       Avg: 6135.8, Min: 6135.8, Max: 6135.8, Diff:   0.0]
      [GC Worker (ms):  1.0  1.0
       Avg:   1.0, Min:   1.0, Max:   1.0, Diff:   0.0]
      [GC Worker Other (ms):  0.1  0.1
       Avg:   0.1, Min:   0.1, Max:   0.1, Diff:   0.0]
   [Clear CT:   0.0 ms]
   [Other:   0.1 ms]
      [Choose CSet:   0.0 ms]
      [Ref Proc:   0.0 ms]
      [Ref Enq:   0.0 ms]
      [Free CSet:   0.0 ms]
   [Eden: 1024K(123M)->0B(101M) Survivors: 1024K->1024K Heap: 389M(512M)->389M(512M)]
 [Times: user=0.00 sys=0.00, real=0.01 secs] 
Heap after GC invocations=223 (full 123):
 garbage-first heap   total 524288K, used 398510K [0x00000007dae00000, 0x00000007fae00000, 0x00000007fae00000)
  region size 1024K, 1 young (1024K), 1 survivors (1024K)
 compacting perm gen  total 20480K, used 2870K [0x00000007fae00000, 0x00000007fc200000, 0x0000000800000000)
   the space 20480K,  14% used [0x00000007fae00000, 0x00000007fb0cda98, 0x00000007fb0cdc00, 0x00000007fc200000)
No shared spaces configured.
}
6.136: [GC concurrent-root-region-scan-start]
6.136: [GC concurrent-root-region-scan-end, 0.0000790]
6.136: [GC concurrent-mark-start]
6.139: [GC concurrent-mark-end, 0.0027540 sec]
6.142: [GC remark 6.142: [GC ref-proc, 0.0000160 secs], 0.0032340 secs]
 [Times: user=0.00 sys=0.00, real=0.00 secs] 
6.145: [GC cleanup 400M->255M(512M), 0.0005000 secs]
 [Times: user=0.01 sys=0.00, real=0.01 secs] 
6.146: [GC concurrent-cleanup-start]
6.146: [GC concurrent-cleanup-end, 0.0002930]
{Heap before GC invocations=224 (full 123):
 garbage-first heap   total 524288K, used 304821K [0x00000007dae00000, 0x00000007fae00000, 0x00000007fae00000)
  region size 1024K, 2 young (2048K), 1 survivors (1024K)
 compacting perm gen  total 20480K, used 2870K [0x00000007fae00000, 0x00000007fc200000, 0x0000000800000000)
   the space 20480K,  14% used [0x00000007fae00000, 0x00000007fb0cda98, 0x00000007fb0cdc00, 0x00000007fc200000)
No shared spaces configured.
6.173: [GC pause (young)
Desired survivor size 6815744 bytes, new threshold 15 (max 15)
- age   1:        416 bytes,        416 total
- age   2:         40 bytes,        456 total
- age   8:        160 bytes,        616 total
 (initial-mark), 0.00147100 secs]
   [Parallel Time:   1.2 ms]
      [GC Worker Start (ms):  6173.3  6173.3
       Avg: 6173.3, Min: 6173.3, Max: 6173.3, Diff:   0.0]
      [Ext Root Scanning (ms):  1.0  0.9
       Avg:   0.9, Min:   0.9, Max:   1.0, Diff:   0.1]
      [Update RS (ms):  0.0  0.0
       Avg:   0.0, Min:   0.0, Max:   0.0, Diff:   0.0]
         [Processed Buffers : 0 3
          Sum: 3, Avg: 1, Min: 0, Max: 3, Diff: 3]
      [Scan RS (ms):  0.0  0.0
       Avg:   0.0, Min:   0.0, Max:   0.0, Diff:   0.0]
      [Object Copy (ms):  0.2  0.1
       Avg:   0.2, Min:   0.1, Max:   0.2, Diff:   0.1]
      [Termination (ms):  0.0  0.1
       Avg:   0.0, Min:   0.0, Max:   0.1, Diff:   0.1]
         [Termination Attempts : 1 1
          Sum: 2, Avg: 1, Min: 1, Max: 1, Diff: 0]
      [GC Worker End (ms):  6174.5  6174.5
       Avg: 6174.5, Min: 6174.5, Max: 6174.5, Diff:   0.0]
      [GC Worker (ms):  1.2  1.2
       Avg:   1.2, Min:   1.2, Max:   1.2, Diff:   0.0]
      [GC Worker Other (ms):  0.1  0.1
       Avg:   0.1, Min:   0.1, Max:   0.1, Diff:   0.0]
   [Clear CT:   0.0 ms]
   [Other:   0.2 ms]
      [Choose CSet:   0.0 ms]
      [Ref Proc:   0.0 ms]
      [Ref Enq:   0.0 ms]
      [Free CSet:   0.0 ms]
   [Eden: 1024K(101M)->0B(150M) Survivors: 1024K->1024K Heap: 297M(512M)->297M(512M)]
 [Times: user=0.00 sys=0.00, real=0.00 secs] 
Heap after GC invocations=225 (full 124):
 garbage-first heap   total 524288K, used 304821K [0x00000007dae00000, 0x00000007fae00000, 0x00000007fae00000)
  region size 1024K, 1 young (1024K), 1 survivors (1024K)
 compacting perm gen  total 20480K, used 2870K [0x00000007fae00000, 0x00000007fc200000, 0x0000000800000000)
   the space 20480K,  14% used [0x00000007fae00000, 0x00000007fb0cda98, 0x00000007fb0cdc00, 0x00000007fc200000)
No shared spaces configured.
}
6.175: [GC concurrent-root-region-scan-start]
6.175: [GC concurrent-root-region-scan-end, 0.0000680]
6.175: [GC concurrent-mark-start]
6.177: [GC concurrent-mark-end, 0.0019400 sec]
6.186: [GC remark 6.186: [GC ref-proc, 0.0000170 secs], 0.0027970 secs]
 [Times: user=0.01 sys=0.01, real=0.00 secs] 
6.189: [GC cleanup 318M->243M(512M), 0.0007620 secs]
 [Times: user=0.00 sys=0.00, real=0.00 secs] 
6.190: [GC concurrent-cleanup-start]
6.190: [GC concurrent-cleanup-end, 0.0001610]
{Heap before GC invocations=226 (full 124):
 garbage-first heap   total 524288K, used 264032K [0x00000007dae00000, 0x00000007fae00000, 0x00000007fae00000)
  region size 1024K, 2 young (2048K), 1 survivors (1024K)
 compacting perm gen  total 20480K, used 2870K [0x00000007fae00000, 0x00000007fc200000, 0x0000000800000000)
   the space 20480K,  14% used [0x00000007fae00000, 0x00000007fb0cda98, 0x00000007fb0cdc00, 0x00000007fc200000)
No shared spaces configured.
6.202: [GC pause (young)
Desired survivor size 9961472 bytes, new threshold 15 (max 15)
- age   1:         96 bytes,         96 total
- age   2:        224 bytes,        320 total
- age   9:        160 bytes,        480 total
 (initial-mark), 0.00119500 secs]
   [Parallel Time:   1.0 ms]
      [GC Worker Start (ms):  6201.8  6201.9
       Avg: 6201.9, Min: 6201.8, Max: 6201.9, Diff:   0.0]
      [Ext Root Scanning (ms):  0.7  0.8
       Avg:   0.8, Min:   0.7, Max:   0.8, Diff:   0.1]
      [Update RS (ms):  0.0  0.0
       Avg:   0.0, Min:   0.0, Max:   0.0, Diff:   0.0]
         [Processed Buffers : 1 1
          Sum: 2, Avg: 1, Min: 1, Max: 1, Diff: 0]
      [Scan RS (ms):  0.0  0.0
       Avg:   0.0, Min:   0.0, Max:   0.0, Diff:   0.0]
      [Object Copy (ms):  0.2  0.1
       Avg:   0.2, Min:   0.1, Max:   0.2, Diff:   0.1]
      [Termination (ms):  0.0  0.0
       Avg:   0.0, Min:   0.0, Max:   0.0, Diff:   0.0]
         [Termination Attempts : 1 1
          Sum: 2, Avg: 1, Min: 1, Max: 1, Diff: 0]
      [GC Worker End (ms):  6202.8  6202.8
       Avg: 6202.8, Min: 6202.8, Max: 6202.8, Diff:   0.0]
      [GC Worker (ms):  1.0  1.0
       Avg:   1.0, Min:   1.0, Max:   1.0, Diff:   0.0]
      [GC Worker Other (ms):  0.1  0.1
       Avg:   0.1, Min:   0.1, Max:   0.1, Diff:   0.0]
   [Clear CT:   0.0 ms]
   [Other:   0.2 ms]
      [Choose CSet:   0.0 ms]
      [Ref Proc:   0.0 ms]
      [Ref Enq:   0.0 ms]
      [Free CSet:   0.0 ms]
   [Eden: 1024K(150M)->0B(191M) Survivors: 1024K->1024K Heap: 257M(512M)->257M(512M)]
 [Times: user=0.00 sys=0.00, real=0.00 secs] 
Heap after GC invocations=227 (full 125):
 garbage-first heap   total 524288K, used 264032K [0x00000007dae00000, 0x00000007fae00000, 0x00000007fae00000)
  region size 1024K, 1 young (1024K), 1 survivors (1024K)
 compacting perm gen  total 20480K, used 2870K [0x00000007fae00000, 0x00000007fc200000, 0x0000000800000000)
   the space 20480K,  14% used [0x00000007fae00000, 0x00000007fb0cda98, 0x00000007fb0cdc00, 0x00000007fc200000)
No shared spaces configured.
}
6.203: [GC concurrent-root-region-scan-start]
6.203: [GC concurrent-root-region-scan-end, 0.0000880]
6.203: [GC concurrent-mark-start]
6.224: [GC concurrent-mark-end, 0.0204010 sec]
6.254: [GC remark 6.254: [GC ref-proc, 0.0000160 secs], 0.0026950 secs]
 [Times: user=0.01 sys=0.00, real=0.01 secs] 
6.257: [GC cleanup 355M->330M(512M), 0.0004730 secs]
 [Times: user=0.00 sys=0.00, real=0.00 secs] 
6.257: [GC concurrent-cleanup-start]
6.257: [GC concurrent-cleanup-end, 0.0000880]
{Heap before GC invocations=228 (full 125):
 garbage-first heap   total 524288K, used 372932K [0x00000007dae00000, 0x00000007fae00000, 0x00000007fae00000)
  region size 1024K, 2 young (2048K), 1 survivors (1024K)
 compacting perm gen  total 20480K, used 2870K [0x00000007fae00000, 0x00000007fc200000, 0x0000000800000000)
   the space 20480K,  14% used [0x00000007fae00000, 0x00000007fb0cda98, 0x00000007fb0cdc00, 0x00000007fc200000)
No shared spaces configured.
6.279: [GC pause (young)
Desired survivor size 12582912 bytes, new threshold 15 (max 15)
- age   1:        192 bytes,        192 total
- age   2:         40 bytes,        232 total
- age   3:        136 bytes,        368 total
- age  10:        160 bytes,        528 total
 (initial-mark), 0.00209300 secs]
   [Parallel Time:   1.9 ms]
      [GC Worker Start (ms):  6279.3  6279.3
       Avg: 6279.3, Min: 6279.3, Max: 6279.3, Diff:   0.0]
      [Ext Root Scanning (ms):  1.2  1.7
       Avg:   1.5, Min:   1.2, Max:   1.7, Diff:   0.5]
      [Update RS (ms):  0.1  0.0
       Avg:   0.0, Min:   0.0, Max:   0.1, Diff:   0.1]
         [Processed Buffers : 4 0
          Sum: 4, Avg: 2, Min: 0, Max: 4, Diff: 4]
      [Scan RS (ms):  0.0  0.0
       Avg:   0.0, Min:   0.0, Max:   0.0, Diff:   0.0]
      [Object Copy (ms):  0.2  0.2
       Avg:   0.2, Min:   0.2, Max:   0.2, Diff:   0.0]
      [Termination (ms):  0.4  0.0
       Avg:   0.2, Min:   0.0, Max:   0.4, Diff:   0.4]
         [Termination Attempts : 1 1
          Sum: 2, Avg: 1, Min: 1, Max: 1, Diff: 0]
      [GC Worker End (ms):  6281.2  6281.2
       Avg: 6281.2, Min: 6281.2, Max: 6281.2, Diff:   0.0]
      [GC Worker (ms):  1.9  1.9
       Avg:   1.9, Min:   1.9, Max:   1.9, Diff:   0.0]
      [GC Worker Other (ms):  0.0  0.0
       Avg:   0.0, Min:   0.0, Max:   0.0, Diff:   0.0]
   [Clear CT:   0.0 ms]
   [Other:   0.2 ms]
      [Choose CSet:   0.0 ms]
      [Ref Proc:   0.0 ms]
      [Ref Enq:   0.0 ms]
      [Free CSet:   0.0 ms]
   [Eden: 1024K(191M)->0B(101M) Survivors: 1024K->1024K Heap: 364M(512M)->364M(512M)]
 [Times: user=0.00 sys=0.00, real=0.00 secs] 
Heap after GC invocations=229 (full 126):
 garbage-first heap   total 524288K, used 372932K [0x00000007dae00000, 0x00000007fae00000, 0x00000007fae00000)
  region size 1024K, 1 young (1024K), 1 survivors (1024K)
 compacting perm gen  total 20480K, used 2870K [0x00000007fae00000, 0x00000007fc200000, 0x0000000800000000)
   the space 20480K,  14% used [0x00000007fae00000, 0x00000007fb0cda98, 0x00000007fb0cdc00, 0x00000007fc200000)
No shared spaces configured.
}
6.281: [GC concurrent-root-region-scan-start]
6.285: [GC concurrent-root-region-scan-end, 0.0040250]
6.285: [GC concurrent-mark-start]
6.291: [GC concurrent-mark-end, 0.0051050 sec]
6.295: [GC remark 6.295: [GC ref-proc, 0.0000180 secs], 0.0029020 secs]
 [Times: user=0.01 sys=0.00, real=0.01 secs] 
6.298: [GC cleanup 391M->277M(512M), 0.0005250 secs]
 [Times: user=0.00 sys=0.00, real=0.00 secs] 
6.299: [GC concurrent-cleanup-start]
6.299: [GC concurrent-cleanup-end, 0.0002610]
{Heap before GC invocations=230 (full 126):
 garbage-first heap   total 524288K, used 362459K [0x00000007dae00000, 0x00000007fae00000, 0x00000007fae00000)
  region size 1024K, 2 young (2048K), 1 survivors (1024K)
 compacting perm gen  total 20480K, used 2870K [0x00000007fae00000, 0x00000007fc200000, 0x0000000800000000)
   the space 20480K,  14% used [0x00000007fae00000, 0x00000007fb0cda98, 0x00000007fb0cdc00, 0x00000007fc200000)
No shared spaces configured.
6.344: [GC pause (young)
Desired survivor size 6815744 bytes, new threshold 15 (max 15)
- age   1:        328 bytes,        328 total
- age   2:         40 bytes,        368 total
- age  11:        160 bytes,        528 total
 (initial-mark), 0.00121800 secs]
   [Parallel Time:   1.0 ms]
      [GC Worker Start (ms):  6343.8  6343.9
       Avg: 6343.8, Min: 6343.8, Max: 6343.9, Diff:   0.0]
      [Ext Root Scanning (ms):  0.8  0.8
       Avg:   0.8, Min:   0.8, Max:   0.8, Diff:   0.1]
      [Update RS (ms):  0.0  0.0
       Avg:   0.0, Min:   0.0, Max:   0.0, Diff:   0.0]
         [Processed Buffers : 3 0
          Sum: 3, Avg: 1, Min: 0, Max: 3, Diff: 3]
      [Scan RS (ms):  0.0  0.0
       Avg:   0.0, Min:   0.0, Max:   0.0, Diff:   0.0]
      [Object Copy (ms):  0.2  0.1
       Avg:   0.2, Min:   0.1, Max:   0.2, Diff:   0.1]
      [Termination (ms):  0.0  0.0
       Avg:   0.0, Min:   0.0, Max:   0.0, Diff:   0.0]
         [Termination Attempts : 1 1
          Sum: 2, Avg: 1, Min: 1, Max: 1, Diff: 0]
      [GC Worker End (ms):  6344.8  6344.8
       Avg: 6344.8, Min: 6344.8, Max: 6344.8, Diff:   0.0]
      [GC Worker (ms):  1.0  1.0
       Avg:   1.0, Min:   1.0, Max:   1.0, Diff:   0.0]
      [GC Worker Other (ms):  0.1  0.1
       Avg:   0.1, Min:   0.1, Max:   0.1, Diff:   0.0]
   [Clear CT:   0.0 ms]
   [Other:   0.2 ms]
      [Choose CSet:   0.0 ms]
      [Ref Proc:   0.0 ms]
      [Ref Enq:   0.0 ms]
      [Free CSet:   0.0 ms]
   [Eden: 1024K(101M)->0B(101M) Survivors: 1024K->1024K Heap: 354M(512M)->353M(512M)]
 [Times: user=0.00 sys=0.00, real=0.00 secs] 
Heap after GC invocations=231 (full 127):
 garbage-first heap   total 524288K, used 362459K [0x00000007dae00000, 0x00000007fae00000, 0x00000007fae00000)
  region size 1024K, 1 young (1024K), 1 survivors (1024K)
 compacting perm gen  total 20480K, used 2870K [0x00000007fae00000, 0x00000007fc200000, 0x0000000800000000)
   the space 20480K,  14% used [0x00000007fae00000, 0x00000007fb0cda98, 0x00000007fb0cdc00, 0x00000007fc200000)
No shared spaces configured.
}
6.345: [GC concurrent-root-region-scan-start]
6.345: [GC concurrent-root-region-scan-end, 0.0000870]
6.345: [GC concurrent-mark-start]
6.347: [GC concurrent-mark-end, 0.0023760 sec]
6.352: [GC remark 6.352: [GC ref-proc, 0.0000170 secs], 0.0028430 secs]
 [Times: user=0.00 sys=0.00, real=0.00 secs] 
6.355: [GC cleanup 366M->242M(512M), 0.0004890 secs]
 [Times: user=0.00 sys=0.00, real=0.01 secs] 
6.356: [GC concurrent-cleanup-start]
6.356: [GC concurrent-cleanup-end, 0.0002540]
{Heap before GC invocations=232 (full 127):
 garbage-first heap   total 524288K, used 300918K [0x00000007dae00000, 0x00000007fae00000, 0x00000007fae00000)
  region size 1024K, 2 young (2048K), 1 survivors (1024K)
 compacting perm gen  total 20480K, used 2870K [0x00000007fae00000, 0x00000007fc200000, 0x0000000800000000)
   the space 20480K,  14% used [0x00000007fae00000, 0x00000007fb0cda98, 0x00000007fb0cdc00, 0x00000007fc200000)
No shared spaces configured.
6.387: [GC pause (young)
Desired survivor size 6815744 bytes, new threshold 15 (max 15)
- age   1:        296 bytes,        296 total
- age   2:         80 bytes,        376 total
- age  12:        160 bytes,        536 total
 (initial-mark), 0.00132300 secs]
   [Parallel Time:   1.1 ms]
      [GC Worker Start (ms):  6387.5  6387.6
       Avg: 6387.5, Min: 6387.5, Max: 6387.6, Diff:   0.1]
      [Ext Root Scanning (ms):  0.8  0.8
       Avg:   0.8, Min:   0.8, Max:   0.8, Diff:   0.1]
      [Update RS (ms):  0.0  0.0
       Avg:   0.0, Min:   0.0, Max:   0.0, Diff:   0.0]
         [Processed Buffers : 3 0
          Sum: 3, Avg: 1, Min: 0, Max: 3, Diff: 3]
      [Scan RS (ms):  0.0  0.0
       Avg:   0.0, Min:   0.0, Max:   0.0, Diff:   0.0]
      [Object Copy (ms):  0.2  0.2
       Avg:   0.2, Min:   0.2, Max:   0.2, Diff:   0.0]
      [Termination (ms):  0.1  0.0
       Avg:   0.0, Min:   0.0, Max:   0.1, Diff:   0.1]
         [Termination Attempts : 1 1
          Sum: 2, Avg: 1, Min: 1, Max: 1, Diff: 0]
      [GC Worker End (ms):  6388.6  6388.6
       Avg: 6388.6, Min: 6388.6, Max: 6388.6, Diff:   0.0]
      [GC Worker (ms):  1.1  1.0
       Avg:   1.0, Min:   1.0, Max:   1.1, Diff:   0.1]
      [GC Worker Other (ms):  0.0  0.1
       Avg:   0.1, Min:   0.0, Max:   0.1, Diff:   0.1]
   [Clear CT:   0.0 ms]
   [Other:   0.2 ms]
      [Choose CSet:   0.0 ms]
      [Ref Proc:   0.0 ms]
      [Ref Enq:   0.0 ms]
      [Free CSet:   0.0 ms]
   [Eden: 1024K(101M)->0B(154M) Survivors: 1024K->1024K Heap: 294M(512M)->293M(512M)]
 [Times: user=0.00 sys=0.00, real=0.00 secs] 
Heap after GC invocations=233 (full 128):
 garbage-first heap   total 524288K, used 300886K [0x00000007dae00000, 0x00000007fae00000, 0x00000007fae00000)
  region size 1024K, 1 young (1024K), 1 survivors (1024K)
 compacting perm gen  total 20480K, used 2870K [0x00000007fae00000, 0x00000007fc200000, 0x0000000800000000)
   the space 20480K,  14% used [0x00000007fae00000, 0x00000007fb0cda98, 0x00000007fb0cdc00, 0x00000007fc200000)
No shared spaces configured.
}
6.389: [GC concurrent-root-region-scan-start]
6.389: [GC concurrent-root-region-scan-end, 0.0000900]
6.389: [GC concurrent-mark-start]
6.391: [GC concurrent-mark-end, 0.0018370 sec]
6.400: [GC remark 6.400: [GC ref-proc, 0.0000150 secs], 0.0029710 secs]
 [Times: user=0.01 sys=0.00, real=0.00 secs] 
{Heap before GC invocations=233 (full 128):
 garbage-first heap   total 524288K, used 417480K [0x00000007dae00000, 0x00000007fae00000, 0x00000007fae00000)
  region size 1024K, 2 young (2048K), 1 survivors (1024K)
 compacting perm gen  total 20480K, used 2870K [0x00000007fae00000, 0x00000007fc200000, 0x0000000800000000)
   the space 20480K,  14% used [0x00000007fae00000, 0x00000007fb0cda98, 0x00000007fb0cdc00, 0x00000007fc200000)
No shared spaces configured.
6.451: [GC pause (young)
Desired survivor size 10485760 bytes, new threshold 15 (max 15)
- age   1:        288 bytes,        288 total
- age   2:        160 bytes,        448 total
- age  13:        160 bytes,        608 total
, 0.00117300 secs]
   [Parallel Time:   1.1 ms]
      [GC Worker Start (ms):  6451.5  6451.5
       Avg: 6451.5, Min: 6451.5, Max: 6451.5, Diff:   0.0]
      [Ext Root Scanning (ms):  0.9  1.0
       Avg:   0.9, Min:   0.9, Max:   1.0, Diff:   0.0]
      [SATB Filtering (ms):  0.0  0.0
       Avg:   0.0, Min:   0.0, Max:   0.0, Diff:   0.0]
      [Update RS (ms):  0.0  0.0
       Avg:   0.0, Min:   0.0, Max:   0.0, Diff:   0.0]
         [Processed Buffers : 1 1
          Sum: 2, Avg: 1, Min: 1, Max: 1, Diff: 0]
      [Scan RS (ms):  0.0  0.0
       Avg:   0.0, Min:   0.0, Max:   0.0, Diff:   0.0]
      [Object Copy (ms):  0.1  0.0
       Avg:   0.1, Min:   0.0, Max:   0.1, Diff:   0.0]
      [Termination (ms):  0.0  0.0
       Avg:   0.0, Min:   0.0, Max:   0.0, Diff:   0.0]
         [Termination Attempts : 1 1
          Sum: 2, Avg: 1, Min: 1, Max: 1, Diff: 0]
      [GC Worker End (ms):  6452.5  6452.5
       Avg: 6452.5, Min: 6452.5, Max: 6452.5, Diff:   0.0]
      [GC Worker (ms):  1.0  1.0
       Avg:   1.0, Min:   1.0, Max:   1.0, Diff:   0.0]
      [GC Worker Other (ms):  0.1  0.1
       Avg:   0.1, Min:   0.1, Max:   0.1, Diff:   0.0]
   [Complete CSet Marking:   0.0 ms]
   [Clear CT:   0.0 ms]
   [Other:   0.1 ms]
      [Choose CSet:   0.0 ms]
      [Ref Proc:   0.0 ms]
      [Ref Enq:   0.0 ms]
      [Free CSet:   0.0 ms]
   [Eden: 1024K(154M)->0B(101M) Survivors: 1024K->1024K Heap: 407M(512M)->407M(512M)]
 [Times: user=0.01 sys=0.00, real=0.00 secs] 
Heap after GC invocations=234 (full 128):
 garbage-first heap   total 524288K, used 417512K [0x00000007dae00000, 0x00000007fae00000, 0x00000007fae00000)
  region size 1024K, 1 young (1024K), 1 survivors (1024K)
 compacting perm gen  total 20480K, used 2870K [0x00000007fae00000, 0x00000007fc200000, 0x0000000800000000)
   the space 20480K,  14% used [0x00000007fae00000, 0x00000007fb0cda98, 0x00000007fb0cdc00, 0x00000007fc200000)
No shared spaces configured.
}
6.472: [GC cleanup 444M->401M(512M), 0.0005200 secs]
 [Times: user=0.00 sys=0.00, real=0.00 secs] 
6.472: [GC concurrent-cleanup-start]
6.473: [GC concurrent-cleanup-end, 0.0001350]
{Heap before GC invocations=235 (full 128):
 garbage-first heap   total 524288K, used 435439K [0x00000007dae00000, 0x00000007fae00000, 0x00000007fae00000)
  region size 1024K, 2 young (2048K), 1 survivors (1024K)
 compacting perm gen  total 20480K, used 2870K [0x00000007fae00000, 0x00000007fc200000, 0x0000000800000000)
   the space 20480K,  14% used [0x00000007fae00000, 0x00000007fb0cda98, 0x00000007fb0cdc00, 0x00000007fc200000)
No shared spaces configured.
6.490: [GC pause (young)
Desired survivor size 6815744 bytes, new threshold 15 (max 15)
- age   1:        200 bytes,        200 total
- age   2:        192 bytes,        392 total
- age   3:         80 bytes,        472 total
- age  14:        160 bytes,        632 total
 (initial-mark), 0.00116000 secs]
   [Parallel Time:   1.0 ms]
      [GC Worker Start (ms):  6490.1  6490.2
       Avg: 6490.1, Min: 6490.1, Max: 6490.2, Diff:   0.0]
      [Ext Root Scanning (ms):  0.7  0.8
       Avg:   0.8, Min:   0.7, Max:   0.8, Diff:   0.1]
      [Update RS (ms):  0.0  0.0
       Avg:   0.0, Min:   0.0, Max:   0.0, Diff:   0.0]
         [Processed Buffers : 3 0
          Sum: 3, Avg: 1, Min: 0, Max: 3, Diff: 3]
      [Scan RS (ms):  0.0  0.0
       Avg:   0.0, Min:   0.0, Max:   0.0, Diff:   0.0]
      [Object Copy (ms):  0.2  0.1
       Avg:   0.2, Min:   0.1, Max:   0.2, Diff:   0.0]
      [Termination (ms):  0.0  0.0
       Avg:   0.0, Min:   0.0, Max:   0.0, Diff:   0.0]
         [Termination Attempts : 1 1
          Sum: 2, Avg: 1, Min: 1, Max: 1, Diff: 0]
      [GC Worker End (ms):  6491.1  6491.1
       Avg: 6491.1, Min: 6491.1, Max: 6491.1, Diff:   0.0]
      [GC Worker (ms):  1.0  0.9
       Avg:   1.0, Min:   0.9, Max:   1.0, Diff:   0.0]
      [GC Worker Other (ms):  0.1  0.1
       Avg:   0.1, Min:   0.1, Max:   0.1, Diff:   0.0]
   [Clear CT:   0.0 ms]
   [Other:   0.1 ms]
      [Choose CSet:   0.0 ms]
      [Ref Proc:   0.0 ms]
      [Ref Enq:   0.0 ms]
      [Free CSet:   0.0 ms]
   [Eden: 1024K(101M)->0B(101M) Survivors: 1024K->1024K Heap: 425M(512M)->425M(512M)]
 [Times: user=0.01 sys=0.00, real=0.00 secs] 
Heap after GC invocations=236 (full 129):
 garbage-first heap   total 524288K, used 435439K [0x00000007dae00000, 0x00000007fae00000, 0x00000007fae00000)
  region size 1024K, 1 young (1024K), 1 survivors (1024K)
 compacting perm gen  total 20480K, used 2870K [0x00000007fae00000, 0x00000007fc200000, 0x0000000800000000)
   the space 20480K,  14% used [0x00000007fae00000, 0x00000007fb0cda98, 0x00000007fb0cdc00, 0x00000007fc200000)
No shared spaces configured.
}
6.491: [GC concurrent-root-region-scan-start]
6.491: [GC concurrent-root-region-scan-end, 0.0000890]
6.491: [GC concurrent-mark-start]
6.494: [GC concurrent-mark-end, 0.0029580 sec]
6.498: [GC remark 6.498: [GC ref-proc, 0.0000170 secs], 0.0033380 secs]
 [Times: user=0.00 sys=0.00, real=0.00 secs] 
{Heap before GC invocations=236 (full 129):
 garbage-first heap   total 524288K, used 464698K [0x00000007dae00000, 0x00000007fae00000, 0x00000007fae00000)
  region size 1024K, 2 young (2048K), 1 survivors (1024K)
 compacting perm gen  total 20480K, used 2870K [0x00000007fae00000, 0x00000007fc200000, 0x0000000800000000)
   the space 20480K,  14% used [0x00000007fae00000, 0x00000007fb0cda98, 0x00000007fb0cdc00, 0x00000007fc200000)
No shared spaces configured.
6.510: [GC pause (young)
Desired survivor size 6815744 bytes, new threshold 15 (max 15)
- age   1:        312 bytes,        312 total
- age   2:         80 bytes,        392 total
- age  15:        160 bytes,        552 total
, 0.00105600 secs]
   [Parallel Time:   0.9 ms]
      [GC Worker Start (ms):  6509.7  6509.7
       Avg: 6509.7, Min: 6509.7, Max: 6509.7, Diff:   0.0]
      [Ext Root Scanning (ms):  0.8  0.8
       Avg:   0.8, Min:   0.8, Max:   0.8, Diff:   0.0]
      [SATB Filtering (ms):  0.0  0.0
       Avg:   0.0, Min:   0.0, Max:   0.0, Diff:   0.0]
      [Update RS (ms):  0.0  0.0
       Avg:   0.0, Min:   0.0, Max:   0.0, Diff:   0.0]
         [Processed Buffers : 3 0
          Sum: 3, Avg: 1, Min: 0, Max: 3, Diff: 3]
      [Scan RS (ms):  0.0  0.0
       Avg:   0.0, Min:   0.0, Max:   0.0, Diff:   0.0]
      [Object Copy (ms):  0.1  0.0
       Avg:   0.1, Min:   0.0, Max:   0.1, Diff:   0.0]
      [Termination (ms):  0.0  0.0
       Avg:   0.0, Min:   0.0, Max:   0.0, Diff:   0.0]
         [Termination Attempts : 1 1
          Sum: 2, Avg: 1, Min: 1, Max: 1, Diff: 0]
      [GC Worker End (ms):  6510.6  6510.6
       Avg: 6510.6, Min: 6510.6, Max: 6510.6, Diff:   0.0]
      [GC Worker (ms):  0.9  0.9
       Avg:   0.9, Min:   0.9, Max:   0.9, Diff:   0.0]
      [GC Worker Other (ms):  0.0  0.1
       Avg:   0.0, Min:   0.0, Max:   0.1, Diff:   0.0]
   [Complete CSet Marking:   0.0 ms]
   [Clear CT:   0.0 ms]
   [Other:   0.1 ms]
      [Choose CSet:   0.0 ms]
      [Ref Proc:   0.0 ms]
      [Ref Enq:   0.0 ms]
      [Free CSet:   0.0 ms]
   [Eden: 1024K(101M)->0B(101M) Survivors: 1024K->1024K Heap: 453M(512M)->453M(512M)]
 [Times: user=0.00 sys=0.00, real=0.00 secs] 
Heap after GC invocations=237 (full 129):
 garbage-first heap   total 524288K, used 464714K [0x00000007dae00000, 0x00000007fae00000, 0x00000007fae00000)
  region size 1024K, 1 young (1024K), 1 survivors (1024K)
 compacting perm gen  total 20480K, used 2870K [0x00000007fae00000, 0x00000007fc200000, 0x0000000800000000)
   the space 20480K,  14% used [0x00000007fae00000, 0x00000007fb0cda98, 0x00000007fb0cdc00, 0x00000007fc200000)
No shared spaces configured.
}
{Heap before GC invocations=237 (full 129):
 garbage-first heap   total 524288K, used 464714K [0x00000007dae00000, 0x00000007fae00000, 0x00000007fae00000)
  region size 1024K, 2 young (2048K), 1 survivors (1024K)
 compacting perm gen  total 20480K, used 2870K [0x00000007fae00000, 0x00000007fc200000, 0x0000000800000000)
   the space 20480K,  14% used [0x00000007fae00000, 0x00000007fb0cda98, 0x00000007fb0cdc00, 0x00000007fc200000)
No shared spaces configured.
6.511: [Full GC 453M->226M(512M), 0.0120680 secs]
 [Times: user=0.01 sys=0.00, real=0.01 secs] 
Heap after GC invocations=238 (full 130):
 garbage-first heap   total 524288K, used 231656K [0x00000007dae00000, 0x00000007fae00000, 0x00000007fae00000)
  region size 1024K, 0 young (0K), 0 survivors (0K)
 compacting perm gen  total 20480K, used 2870K [0x00000007fae00000, 0x00000007fc200000, 0x0000000800000000)
   the space 20480K,  14% used [0x00000007fae00000, 0x00000007fb0cda98, 0x00000007fb0cdc00, 0x00000007fc200000)
No shared spaces configured.
}
6.596: [GC cleanup, 0.0000020 secs]
 [Times: user=0.00 sys=0.00, real=0.00 secs] 
6.597: [GC concurrent-mark-abort]
{Heap before GC invocations=238 (full 130):
 garbage-first heap   total 524288K, used 388300K [0x00000007dae00000, 0x00000007fae00000, 0x00000007fae00000)
  region size 1024K, 1 young (1024K), 0 survivors (0K)
 compacting perm gen  total 20480K, used 2870K [0x00000007fae00000, 0x00000007fc200000, 0x0000000800000000)
   the space 20480K,  14% used [0x00000007fae00000, 0x00000007fb0cda98, 0x00000007fb0cdc00, 0x00000007fc200000)
No shared spaces configured.
6.609: [GC pause (young)
Desired survivor size 15204352 bytes, new threshold 15 (max 15)
- age   1:         72 bytes,         72 total
- age   2:        256 bytes,        328 total
- age   3:         40 bytes,        368 total
 (initial-mark), 0.00189700 secs]
   [Parallel Time:   1.7 ms]
      [GC Worker Start (ms):  6609.1  6609.1
       Avg: 6609.1, Min: 6609.1, Max: 6609.1, Diff:   0.0]
      [Ext Root Scanning (ms):  1.5  1.4
       Avg:   1.4, Min:   1.4, Max:   1.5, Diff:   0.0]
      [Update RS (ms):  0.0  0.0
       Avg:   0.0, Min:   0.0, Max:   0.0, Diff:   0.0]
         [Processed Buffers : 4 0
          Sum: 4, Avg: 2, Min: 0, Max: 4, Diff: 4]
      [Scan RS (ms):  0.0  0.0
       Avg:   0.0, Min:   0.0, Max:   0.0, Diff:   0.0]
      [Object Copy (ms):  0.1  0.2
       Avg:   0.2, Min:   0.1, Max:   0.2, Diff:   0.1]
      [Termination (ms):  0.0  0.0
       Avg:   0.0, Min:   0.0, Max:   0.0, Diff:   0.0]
         [Termination Attempts : 1 1
          Sum: 2, Avg: 1, Min: 1, Max: 1, Diff: 0]
      [GC Worker End (ms):  6610.8  6610.8
       Avg: 6610.8, Min: 6610.8, Max: 6610.8, Diff:   0.0]
      [GC Worker (ms):  1.7  1.7
       Avg:   1.7, Min:   1.7, Max:   1.7, Diff:   0.0]
      [GC Worker Other (ms):  0.1  0.1
       Avg:   0.1, Min:   0.1, Max:   0.1, Diff:   0.0]
   [Clear CT:   0.0 ms]
   [Other:   0.1 ms]
      [Choose CSet:   0.0 ms]
      [Ref Proc:   0.0 ms]
      [Ref Enq:   0.0 ms]
      [Free CSet:   0.0 ms]
   [Eden: 1024K(101M)->0B(101M) Survivors: 0B->1024K Heap: 379M(512M)->379M(512M)]
 [Times: user=0.01 sys=0.00, real=0.00 secs] 
Heap after GC invocations=239 (full 131):
 garbage-first heap   total 524288K, used 388364K [0x00000007dae00000, 0x00000007fae00000, 0x00000007fae00000)
  region size 1024K, 1 young (1024K), 1 survivors (1024K)
 compacting perm gen  total 20480K, used 2870K [0x00000007fae00000, 0x00000007fc200000, 0x0000000800000000)
   the space 20480K,  14% used [0x00000007fae00000, 0x00000007fb0cda98, 0x00000007fb0cdc00, 0x00000007fc200000)
No shared spaces configured.
}
6.611: [GC concurrent-root-region-scan-start]
6.611: [GC concurrent-root-region-scan-end, 0.0000640]
6.611: [GC concurrent-mark-start]
6.615: [GC concurrent-mark-end, 0.0035380 sec]
6.620: [GC remark 6.620: [GC ref-proc, 0.0000160 secs], 0.0026910 secs]
 [Times: user=0.00 sys=0.00, real=0.00 secs] 
6.622: [GC cleanup 396M->231M(512M), 0.0005440 secs]
 [Times: user=0.00 sys=0.00, real=0.00 secs] 
6.623: [GC concurrent-cleanup-start]
6.623: [GC concurrent-cleanup-end, 0.0003470]
{Heap before GC invocations=240 (full 131):
 garbage-first heap   total 524288K, used 271421K [0x00000007dae00000, 0x00000007fae00000, 0x00000007fae00000)
  region size 1024K, 2 young (2048K), 1 survivors (1024K)
 compacting perm gen  total 20480K, used 2870K [0x00000007fae00000, 0x00000007fc200000, 0x0000000800000000)
   the space 20480K,  14% used [0x00000007fae00000, 0x00000007fb0cda98, 0x00000007fb0cdc00, 0x00000007fc200000)
No shared spaces configured.
6.646: [GC pause (young)
Desired survivor size 6815744 bytes, new threshold 15 (max 15)
- age   1:        432 bytes,        432 total
 (initial-mark), 0.00184200 secs]
   [Parallel Time:   1.5 ms]
      [GC Worker Start (ms):  6646.2  6647.2
       Avg: 6646.7, Min: 6646.2, Max: 6647.2, Diff:   1.1]
      [Ext Root Scanning (ms):  1.2  0.3
       Avg:   0.8, Min:   0.3, Max:   1.2, Diff:   0.9]
      [Update RS (ms):  0.0  0.0
       Avg:   0.0, Min:   0.0, Max:   0.0, Diff:   0.0]
         [Processed Buffers : 0 3
          Sum: 3, Avg: 1, Min: 0, Max: 3, Diff: 3]
      [Scan RS (ms):  0.0  0.0
       Avg:   0.0, Min:   0.0, Max:   0.0, Diff:   0.0]
      [Object Copy (ms):  0.2  0.1
       Avg:   0.2, Min:   0.1, Max:   0.2, Diff:   0.2]
      [Termination (ms):  0.0  0.0
       Avg:   0.0, Min:   0.0, Max:   0.0, Diff:   0.0]
         [Termination Attempts : 1 1
          Sum: 2, Avg: 1, Min: 1, Max: 1, Diff: 0]
      [GC Worker End (ms):  6647.7  6647.7
       Avg: 6647.7, Min: 6647.7, Max: 6647.7, Diff:   0.0]
      [GC Worker (ms):  1.5  0.4
       Avg:   1.0, Min:   0.4, Max:   1.5, Diff:   1.1]
      [GC Worker Other (ms):  0.1  1.1
       Avg:   0.6, Min:   0.1, Max:   1.1, Diff:   1.0]
   [Clear CT:   0.0 ms]
   [Other:   0.3 ms]
      [Choose CSet:   0.0 ms]
      [Ref Proc:   0.0 ms]
      [Ref Enq:   0.0 ms]
      [Free CSet:   0.0 ms]
   [Eden: 1024K(101M)->0B(184M) Survivors: 1024K->1024K Heap: 265M(512M)->265M(512M)]
 [Times: user=0.01 sys=0.00, real=0.00 secs] 
Heap after GC invocations=241 (full 132):
 garbage-first heap   total 524288K, used 271421K [0x00000007dae00000, 0x00000007fae00000, 0x00000007fae00000)
  region size 1024K, 1 young (1024K), 1 survivors (1024K)
 compacting perm gen  total 20480K, used 2870K [0x00000007fae00000, 0x00000007fc200000, 0x0000000800000000)
   the space 20480K,  14% used [0x00000007fae00000, 0x00000007fb0cda98, 0x00000007fb0cdc00, 0x00000007fc200000)
No shared spaces configured.
}
6.648: [GC concurrent-root-region-scan-start]
6.648: [GC concurrent-root-region-scan-end, 0.0000770]
6.648: [GC concurrent-mark-start]
6.649: [GC concurrent-mark-end, 0.0014420 sec]
6.656: [GC remark 6.656: [GC ref-proc, 0.0000170 secs], 0.0028490 secs]
 [Times: user=0.01 sys=0.00, real=0.01 secs] 
6.659: [GC cleanup 281M->248M(512M), 0.0005790 secs]
 [Times: user=0.00 sys=0.00, real=0.00 secs] 
6.659: [GC concurrent-cleanup-start]
6.659: [GC concurrent-cleanup-end, 0.0000840]
{Heap before GC invocations=242 (full 132):
 garbage-first heap   total 524288K, used 311221K [0x00000007dae00000, 0x00000007fae00000, 0x00000007fae00000)
  region size 1024K, 2 young (2048K), 1 survivors (1024K)
 compacting perm gen  total 20480K, used 2870K [0x00000007fae00000, 0x00000007fc200000, 0x0000000800000000)
   the space 20480K,  14% used [0x00000007fae00000, 0x00000007fb0cda98, 0x00000007fb0cdc00, 0x00000007fc200000)
No shared spaces configured.
6.693: [GC pause (young)
Desired survivor size 12582912 bytes, new threshold 15 (max 15)
- age   1:         88 bytes,         88 total
- age   2:        376 bytes,        464 total
 (initial-mark), 0.00129700 secs]
   [Parallel Time:   1.1 ms]
      [GC Worker Start (ms):  6692.7  6692.8
       Avg: 6692.7, Min: 6692.7, Max: 6692.8, Diff:   0.0]
      [Ext Root Scanning (ms):  0.8  0.9
       Avg:   0.8, Min:   0.8, Max:   0.9, Diff:   0.1]
      [Update RS (ms):  0.0  0.0
       Avg:   0.0, Min:   0.0, Max:   0.0, Diff:   0.0]
         [Processed Buffers : 3 0
          Sum: 3, Avg: 1, Min: 0, Max: 3, Diff: 3]
      [Scan RS (ms):  0.0  0.0
       Avg:   0.0, Min:   0.0, Max:   0.0, Diff:   0.0]
      [Object Copy (ms):  0.2  0.1
       Avg:   0.2, Min:   0.1, Max:   0.2, Diff:   0.1]
      [Termination (ms):  0.0  0.0
       Avg:   0.0, Min:   0.0, Max:   0.0, Diff:   0.0]
         [Termination Attempts : 1 1
          Sum: 2, Avg: 1, Min: 1, Max: 1, Diff: 0]
      [GC Worker End (ms):  6693.8  6693.8
       Avg: 6693.8, Min: 6693.8, Max: 6693.8, Diff:   0.0]
      [GC Worker (ms):  1.1  1.0
       Avg:   1.1, Min:   1.0, Max:   1.1, Diff:   0.0]
      [GC Worker Other (ms):  0.1  0.1
       Avg:   0.1, Min:   0.1, Max:   0.1, Diff:   0.0]
   [Clear CT:   0.0 ms]
   [Other:   0.2 ms]
      [Choose CSet:   0.0 ms]
      [Ref Proc:   0.0 ms]
      [Ref Enq:   0.0 ms]
      [Free CSet:   0.0 ms]
   [Eden: 1024K(184M)->0B(144M) Survivors: 1024K->1024K Heap: 304M(512M)->303M(512M)]
 [Times: user=0.00 sys=0.00, real=0.00 secs] 
Heap after GC invocations=243 (full 133):
 garbage-first heap   total 524288K, used 311221K [0x00000007dae00000, 0x00000007fae00000, 0x00000007fae00000)
  region size 1024K, 1 young (1024K), 1 survivors (1024K)
 compacting perm gen  total 20480K, used 2870K [0x00000007fae00000, 0x00000007fc200000, 0x0000000800000000)
   the space 20480K,  14% used [0x00000007fae00000, 0x00000007fb0cda98, 0x00000007fb0cdc00, 0x00000007fc200000)
No shared spaces configured.
}
6.694: [GC concurrent-root-region-scan-start]
6.694: [GC concurrent-root-region-scan-end, 0.0000750]
6.694: [GC concurrent-mark-start]
6.696: [GC concurrent-mark-end, 0.0022830 sec]
6.705: [GC remark 6.705: [GC ref-proc, 0.0000140 secs], 0.0028330 secs]
 [Times: user=0.01 sys=0.00, real=0.01 secs] 
6.708: [GC cleanup 324M->257M(512M), 0.0005280 secs]
 [Times: user=0.00 sys=0.00, real=0.00 secs] 
6.709: [GC concurrent-cleanup-start]
6.709: [GC concurrent-cleanup-end, 0.0001590]
{Heap before GC invocations=244 (full 133):
 garbage-first heap   total 524288K, used 313427K [0x00000007dae00000, 0x00000007fae00000, 0x00000007fae00000)
  region size 1024K, 2 young (2048K), 1 survivors (1024K)
 compacting perm gen  total 20480K, used 2870K [0x00000007fae00000, 0x00000007fc200000, 0x0000000800000000)
   the space 20480K,  14% used [0x00000007fae00000, 0x00000007fb0cda98, 0x00000007fb0cdc00, 0x00000007fc200000)
No shared spaces configured.
6.739: [GC pause (young)
Desired survivor size 9961472 bytes, new threshold 15 (max 15)
- age   1:        208 bytes,        208 total
- age   2:         16 bytes,        224 total
- age   3:        240 bytes,        464 total
 (initial-mark), 0.00121300 secs]
   [Parallel Time:   1.0 ms]
      [GC Worker Start (ms):  6739.4  6739.4
       Avg: 6739.4, Min: 6739.4, Max: 6739.4, Diff:   0.0]
      [Ext Root Scanning (ms):  0.8  0.7
       Avg:   0.8, Min:   0.7, Max:   0.8, Diff:   0.1]
      [Update RS (ms):  0.0  0.0
       Avg:   0.0, Min:   0.0, Max:   0.0, Diff:   0.0]
         [Processed Buffers : 0 2
          Sum: 2, Avg: 1, Min: 0, Max: 2, Diff: 2]
      [Scan RS (ms):  0.0  0.0
       Avg:   0.0, Min:   0.0, Max:   0.0, Diff:   0.0]
      [Object Copy (ms):  0.1  0.2
       Avg:   0.2, Min:   0.1, Max:   0.2, Diff:   0.1]
      [Termination (ms):  0.0  0.0
       Avg:   0.0, Min:   0.0, Max:   0.0, Diff:   0.0]
         [Termination Attempts : 1 1
          Sum: 2, Avg: 1, Min: 1, Max: 1, Diff: 0]
      [GC Worker End (ms):  6740.4  6740.4
       Avg: 6740.4, Min: 6740.4, Max: 6740.4, Diff:   0.0]
      [GC Worker (ms):  1.0  1.0
       Avg:   1.0, Min:   1.0, Max:   1.0, Diff:   0.0]
      [GC Worker Other (ms):  0.0  0.0
       Avg:   0.0, Min:   0.0, Max:   0.0, Diff:   0.0]
   [Clear CT:   0.0 ms]
   [Other:   0.2 ms]
      [Choose CSet:   0.0 ms]
      [Ref Proc:   0.0 ms]
      [Ref Enq:   0.0 ms]
      [Free CSet:   0.0 ms]
   [Eden: 1024K(144M)->0B(142M) Survivors: 1024K->1024K Heap: 306M(512M)->306M(512M)]
 [Times: user=0.00 sys=0.00, real=0.00 secs] 
Heap after GC invocations=245 (full 134):
 garbage-first heap   total 524288K, used 313427K [0x00000007dae00000, 0x00000007fae00000, 0x00000007fae00000)
  region size 1024K, 1 young (1024K), 1 survivors (1024K)
 compacting perm gen  total 20480K, used 2870K [0x00000007fae00000, 0x00000007fc200000, 0x0000000800000000)
   the space 20480K,  14% used [0x00000007fae00000, 0x00000007fb0cda98, 0x00000007fb0cdc00, 0x00000007fc200000)
No shared spaces configured.
}
6.741: [GC concurrent-root-region-scan-start]
6.741: [GC concurrent-root-region-scan-end, 0.0000650]
6.741: [GC concurrent-mark-start]
6.743: [GC concurrent-mark-end, 0.0022700 sec]
6.748: [GC remark 6.749: [GC ref-proc, 0.0000150 secs], 0.0035720 secs]
 [Times: user=0.00 sys=0.00, real=0.00 secs] 
6.752: [GC cleanup 320M->217M(512M), 0.0007350 secs]
 [Times: user=0.01 sys=0.00, real=0.00 secs] 
6.753: [GC concurrent-cleanup-start]
6.753: [GC concurrent-cleanup-end, 0.0001990]
{Heap before GC invocations=246 (full 134):
 garbage-first heap   total 524288K, used 258048K [0x00000007dae00000, 0x00000007fae00000, 0x00000007fae00000)
  region size 1024K, 2 young (2048K), 1 survivors (1024K)
 compacting perm gen  total 20480K, used 2870K [0x00000007fae00000, 0x00000007fc200000, 0x0000000800000000)
   the space 20480K,  14% used [0x00000007fae00000, 0x00000007fb0cda98, 0x00000007fb0cdc00, 0x00000007fc200000)
No shared spaces configured.
6.776: [GC pause (young)
Desired survivor size 9437184 bytes, new threshold 15 (max 15)
- age   1:        184 bytes,        184 total
- age   2:        136 bytes,        320 total
- age   4:         80 bytes,        400 total
 (initial-mark), 0.00131200 secs]
   [Parallel Time:   1.1 ms]
      [GC Worker Start (ms):  6776.0  6776.0
       Avg: 6776.0, Min: 6776.0, Max: 6776.0, Diff:   0.0]
      [Ext Root Scanning (ms):  0.8  0.9
       Avg:   0.8, Min:   0.8, Max:   0.9, Diff:   0.1]
      [Update RS (ms):  0.0  0.0
       Avg:   0.0, Min:   0.0, Max:   0.0, Diff:   0.0]
         [Processed Buffers : 4 0
          Sum: 4, Avg: 2, Min: 0, Max: 4, Diff: 4]
      [Scan RS (ms):  0.0  0.0
       Avg:   0.0, Min:   0.0, Max:   0.0, Diff:   0.0]
      [Object Copy (ms):  0.2  0.1
       Avg:   0.2, Min:   0.1, Max:   0.2, Diff:   0.1]
      [Termination (ms):  0.0  0.0
       Avg:   0.0, Min:   0.0, Max:   0.0, Diff:   0.0]
         [Termination Attempts : 1 1
          Sum: 2, Avg: 1, Min: 1, Max: 1, Diff: 0]
      [GC Worker End (ms):  6777.1  6777.0
       Avg: 6777.0, Min: 6777.0, Max: 6777.1, Diff:   0.0]
      [GC Worker (ms):  1.1  1.1
       Avg:   1.1, Min:   1.1, Max:   1.1, Diff:   0.0]
      [GC Worker Other (ms):  0.1  0.1
       Avg:   0.1, Min:   0.1, Max:   0.1, Diff:   0.0]
   [Clear CT:   0.0 ms]
   [Other:   0.2 ms]
      [Choose CSet:   0.0 ms]
      [Ref Proc:   0.0 ms]
      [Ref Enq:   0.0 ms]
      [Free CSet:   0.0 ms]
   [Eden: 1024K(142M)->0B(198M) Survivors: 1024K->1024K Heap: 252M(512M)->252M(512M)]
 [Times: user=0.01 sys=0.00, real=0.00 secs] 
Heap after GC invocations=247 (full 135):
 garbage-first heap   total 524288K, used 258048K [0x00000007dae00000, 0x00000007fae00000, 0x00000007fae00000)
  region size 1024K, 1 young (1024K), 1 survivors (1024K)
 compacting perm gen  total 20480K, used 2870K [0x00000007fae00000, 0x00000007fc200000, 0x0000000800000000)
   the space 20480K,  14% used [0x00000007fae00000, 0x00000007fb0cda98, 0x00000007fb0cdc00, 0x00000007fc200000)
No shared spaces configured.
}
6.777: [GC concurrent-root-region-scan-start]
6.777: [GC concurrent-root-region-scan-end, 0.0000740]
6.777: [GC concurrent-mark-start]
6.783: [GC concurrent-mark-end, 0.0052990 sec]
6.801: [GC remark 6.801: [GC ref-proc, 0.0000160 secs], 0.0027700 secs]
 [Times: user=0.00 sys=0.00, real=0.00 secs] 
6.804: [GC cleanup 294M->238M(512M), 0.0005050 secs]
 [Times: user=0.01 sys=0.00, real=0.00 secs] 
6.804: [GC concurrent-cleanup-start]
6.804: [GC concurrent-cleanup-end, 0.0001250]
{Heap before GC invocations=248 (full 135):
 garbage-first heap   total 524288K, used 263812K [0x00000007dae00000, 0x00000007fae00000, 0x00000007fae00000)
  region size 1024K, 2 young (2048K), 1 survivors (1024K)
 compacting perm gen  total 20480K, used 2870K [0x00000007fae00000, 0x00000007fc200000, 0x0000000800000000)
   the space 20480K,  14% used [0x00000007fae00000, 0x00000007fb0cda98, 0x00000007fb0cdc00, 0x00000007fc200000)
No shared spaces configured.
6.819: [GC pause (young)
Desired survivor size 13107200 bytes, new threshold 15 (max 15)
- age   1:        184 bytes,        184 total
- age   2:        112 bytes,        296 total
- age   3:         40 bytes,        336 total
- age   5:         80 bytes,        416 total
 (initial-mark), 0.00119800 secs]
   [Parallel Time:   1.0 ms]
      [GC Worker Start (ms):  6818.8  6818.9
       Avg: 6818.8, Min: 6818.8, Max: 6818.9, Diff:   0.0]
      [Ext Root Scanning (ms):  0.8  0.7
       Avg:   0.8, Min:   0.7, Max:   0.8, Diff:   0.1]
      [Update RS (ms):  0.0  0.0
       Avg:   0.0, Min:   0.0, Max:   0.0, Diff:   0.0]
         [Processed Buffers : 1 2
          Sum: 3, Avg: 1, Min: 1, Max: 2, Diff: 1]
      [Scan RS (ms):  0.0  0.0
       Avg:   0.0, Min:   0.0, Max:   0.0, Diff:   0.0]
      [Object Copy (ms):  0.1  0.2
       Avg:   0.2, Min:   0.1, Max:   0.2, Diff:   0.1]
      [Termination (ms):  0.0  0.0
       Avg:   0.0, Min:   0.0, Max:   0.0, Diff:   0.0]
         [Termination Attempts : 1 1
          Sum: 2, Avg: 1, Min: 1, Max: 1, Diff: 0]
      [GC Worker End (ms):  6819.8  6819.8
       Avg: 6819.8, Min: 6819.8, Max: 6819.8, Diff:   0.0]
      [GC Worker (ms):  1.0  1.0
       Avg:   1.0, Min:   1.0, Max:   1.0, Diff:   0.0]
      [GC Worker Other (ms):  0.1  0.1
       Avg:   0.1, Min:   0.1, Max:   0.1, Diff:   0.0]
   [Clear CT:   0.0 ms]
   [Other:   0.2 ms]
      [Choose CSet:   0.0 ms]
      [Ref Proc:   0.0 ms]
      [Ref Enq:   0.0 ms]
      [Free CSet:   0.0 ms]
   [Eden: 1024K(198M)->0B(193M) Survivors: 1024K->1024K Heap: 257M(512M)->257M(512M)]
 [Times: user=0.00 sys=0.00, real=0.00 secs] 
Heap after GC invocations=249 (full 136):
 garbage-first heap   total 524288K, used 263812K [0x00000007dae00000, 0x00000007fae00000, 0x00000007fae00000)
  region size 1024K, 1 young (1024K), 1 survivors (1024K)
 compacting perm gen  total 20480K, used 2870K [0x00000007fae00000, 0x00000007fc200000, 0x0000000800000000)
   the space 20480K,  14% used [0x00000007fae00000, 0x00000007fb0cda98, 0x00000007fb0cdc00, 0x00000007fc200000)
No shared spaces configured.
}
6.820: [GC concurrent-root-region-scan-start]
6.828: [GC concurrent-root-region-scan-end, 0.0076280]
6.828: [GC concurrent-mark-start]
6.831: [GC concurrent-mark-end, 0.0031240 sec]
6.838: [GC remark 6.838: [GC ref-proc, 0.0000150 secs], 0.0024510 secs]
 [Times: user=0.01 sys=0.00, real=0.00 secs] 
6.858: [GC cleanup 326M->257M(512M), 0.0006880 secs]
 [Times: user=0.01 sys=0.00, real=0.00 secs] 
6.859: [GC concurrent-cleanup-start]
6.859: [GC concurrent-cleanup-end, 0.0002050]
{Heap before GC invocations=250 (full 136):
 garbage-first heap   total 524288K, used 281272K [0x00000007dae00000, 0x00000007fae00000, 0x00000007fae00000)
  region size 1024K, 2 young (2048K), 1 survivors (1024K)
 compacting perm gen  total 20480K, used 2870K [0x00000007fae00000, 0x00000007fc200000, 0x0000000800000000)
   the space 20480K,  14% used [0x00000007fae00000, 0x00000007fb0cda98, 0x00000007fb0cdc00, 0x00000007fc200000)
No shared spaces configured.
6.873: [GC pause (young)
Desired survivor size 13107200 bytes, new threshold 15 (max 15)
- age   1:        288 bytes,        288 total
- age   2:         56 bytes,        344 total
- age   4:         40 bytes,        384 total
- age   6:         80 bytes,        464 total
 (initial-mark), 0.00125100 secs]
   [Parallel Time:   1.1 ms]
      [GC Worker Start (ms):  6873.4  6873.4
       Avg: 6873.4, Min: 6873.4, Max: 6873.4, Diff:   0.0]
      [Ext Root Scanning (ms):  0.8  0.8
       Avg:   0.8, Min:   0.8, Max:   0.8, Diff:   0.1]
      [Update RS (ms):  0.0  0.0
       Avg:   0.0, Min:   0.0, Max:   0.0, Diff:   0.0]
         [Processed Buffers : 3 0
          Sum: 3, Avg: 1, Min: 0, Max: 3, Diff: 3]
      [Scan RS (ms):  0.0  0.0
       Avg:   0.0, Min:   0.0, Max:   0.0, Diff:   0.0]
      [Object Copy (ms):  0.2  0.1
       Avg:   0.2, Min:   0.1, Max:   0.2, Diff:   0.1]
      [Termination (ms):  0.0  0.0
       Avg:   0.0, Min:   0.0, Max:   0.0, Diff:   0.0]
         [Termination Attempts : 1 1
          Sum: 2, Avg: 1, Min: 1, Max: 1, Diff: 0]
      [GC Worker End (ms):  6874.4  6874.4
       Avg: 6874.4, Min: 6874.4, Max: 6874.4, Diff:   0.0]
      [GC Worker (ms):  1.0  1.0
       Avg:   1.0, Min:   1.0, Max:   1.0, Diff:   0.0]
      [GC Worker Other (ms):  0.1  0.1
       Avg:   0.1, Min:   0.1, Max:   0.1, Diff:   0.0]
   [Clear CT:   0.0 ms]
   [Other:   0.2 ms]
      [Choose CSet:   0.0 ms]
      [Ref Proc:   0.0 ms]
      [Ref Enq:   0.0 ms]
      [Free CSet:   0.0 ms]
   [Eden: 1024K(193M)->0B(176M) Survivors: 1024K->1024K Heap: 274M(512M)->274M(512M)]
 [Times: user=0.00 sys=0.00, real=0.00 secs] 
Heap after GC invocations=251 (full 137):
 garbage-first heap   total 524288K, used 281272K [0x00000007dae00000, 0x00000007fae00000, 0x00000007fae00000)
  region size 1024K, 1 young (1024K), 1 survivors (1024K)
 compacting perm gen  total 20480K, used 2870K [0x00000007fae00000, 0x00000007fc200000, 0x0000000800000000)
   the space 20480K,  14% used [0x00000007fae00000, 0x00000007fb0cda98, 0x00000007fb0cdc00, 0x00000007fc200000)
No shared spaces configured.
}
6.875: [GC concurrent-root-region-scan-start]
6.875: [GC concurrent-root-region-scan-end, 0.0000700]
6.875: [GC concurrent-mark-start]
6.877: [GC concurrent-mark-end, 0.0018050 sec]
6.884: [GC remark 6.884: [GC ref-proc, 0.0000170 secs], 0.0027250 secs]
 [Times: user=0.01 sys=0.00, real=0.01 secs] 
6.887: [GC cleanup 292M->234M(512M), 0.0005340 secs]
 [Times: user=0.00 sys=0.00, real=0.00 secs] 
6.887: [GC concurrent-cleanup-start]
6.887: [GC concurrent-cleanup-end, 0.0001270]
{Heap before GC invocations=252 (full 137):
 garbage-first heap   total 524288K, used 273105K [0x00000007dae00000, 0x00000007fae00000, 0x00000007fae00000)
  region size 1024K, 2 young (2048K), 1 survivors (1024K)
 compacting perm gen  total 20480K, used 2870K [0x00000007fae00000, 0x00000007fc200000, 0x0000000800000000)
   the space 20480K,  14% used [0x00000007fae00000, 0x00000007fb0cda98, 0x00000007fb0cdc00, 0x00000007fc200000)
No shared spaces configured.
6.909: [GC pause (young)
Desired survivor size 12058624 bytes, new threshold 15 (max 15)
- age   1:        168 bytes,        168 total
- age   2:        192 bytes,        360 total
- age   3:         40 bytes,        400 total
- age   7:         80 bytes,        480 total
 (initial-mark), 0.00124600 secs]
   [Parallel Time:   1.1 ms]
      [GC Worker Start (ms):  6909.1  6909.1
       Avg: 6909.1, Min: 6909.1, Max: 6909.1, Diff:   0.0]
      [Ext Root Scanning (ms):  0.8  0.8
       Avg:   0.8, Min:   0.8, Max:   0.8, Diff:   0.1]
      [Update RS (ms):  0.0  0.0
       Avg:   0.0, Min:   0.0, Max:   0.0, Diff:   0.0]
         [Processed Buffers : 3 0
          Sum: 3, Avg: 1, Min: 0, Max: 3, Diff: 3]
      [Scan RS (ms):  0.0  0.0
       Avg:   0.0, Min:   0.0, Max:   0.0, Diff:   0.0]
      [Object Copy (ms):  0.2  0.1
       Avg:   0.2, Min:   0.1, Max:   0.2, Diff:   0.1]
      [Termination (ms):  0.0  0.0
       Avg:   0.0, Min:   0.0, Max:   0.0, Diff:   0.0]
         [Termination Attempts : 1 1
          Sum: 2, Avg: 1, Min: 1, Max: 1, Diff: 0]
      [GC Worker End (ms):  6910.1  6910.1
       Avg: 6910.1, Min: 6910.1, Max: 6910.1, Diff:   0.0]
      [GC Worker (ms):  1.0  1.0
       Avg:   1.0, Min:   1.0, Max:   1.0, Diff:   0.0]
      [GC Worker Other (ms):  0.1  0.1
       Avg:   0.1, Min:   0.1, Max:   0.1, Diff:   0.0]
   [Clear CT:   0.0 ms]
   [Other:   0.2 ms]
      [Choose CSet:   0.0 ms]
      [Ref Proc:   0.0 ms]
      [Ref Enq:   0.0 ms]
      [Free CSet:   0.0 ms]
   [Eden: 1024K(176M)->0B(184M) Survivors: 1024K->1024K Heap: 266M(512M)->266M(512M)]
 [Times: user=0.00 sys=0.00, real=0.00 secs] 
Heap after GC invocations=253 (full 138):
 garbage-first heap   total 524288K, used 273105K [0x00000007dae00000, 0x00000007fae00000, 0x00000007fae00000)
  region size 1024K, 1 young (1024K), 1 survivors (1024K)
 compacting perm gen  total 20480K, used 2870K [0x00000007fae00000, 0x00000007fc200000, 0x0000000800000000)
   the space 20480K,  14% used [0x00000007fae00000, 0x00000007fb0cda98, 0x00000007fb0cdc00, 0x00000007fc200000)
No shared spaces configured.
}
6.910: [GC concurrent-root-region-scan-start]
6.910: [GC concurrent-root-region-scan-end, 0.0000790]
6.910: [GC concurrent-mark-start]
6.913: [GC concurrent-mark-end, 0.0022360 sec]
6.921: [GC remark 6.921: [GC ref-proc, 0.0000160 secs], 0.0023640 secs]
 [Times: user=0.01 sys=0.00, real=0.00 secs] 
6.976: [GC cleanup 386M->304M(512M), 0.0006450 secs]
 [Times: user=0.00 sys=0.00, real=0.00 secs] 
6.977: [GC concurrent-cleanup-start]
6.977: [GC concurrent-cleanup-end, 0.0002250]
{Heap before GC invocations=254 (full 138):
 garbage-first heap   total 524288K, used 376875K [0x00000007dae00000, 0x00000007fae00000, 0x00000007fae00000)
  region size 1024K, 2 young (2048K), 1 survivors (1024K)
 compacting perm gen  total 20480K, used 2870K [0x00000007fae00000, 0x00000007fc200000, 0x0000000800000000)
   the space 20480K,  14% used [0x00000007fae00000, 0x00000007fb0cda98, 0x00000007fb0cdc00, 0x00000007fc200000)
No shared spaces configured.
7.016: [GC pause (young)
Desired survivor size 12582912 bytes, new threshold 15 (max 15)
- age   1:        128 bytes,        128 total
- age   2:        136 bytes,        264 total
- age   3:         32 bytes,        296 total
- age   8:         80 bytes,        376 total
 (initial-mark), 0.00120600 secs]
   [Parallel Time:   1.0 ms]
      [GC Worker Start (ms):  7016.2  7016.2
       Avg: 7016.2, Min: 7016.2, Max: 7016.2, Diff:   0.0]
      [Ext Root Scanning (ms):  0.8  0.8
       Avg:   0.8, Min:   0.8, Max:   0.8, Diff:   0.1]
      [Update RS (ms):  0.0  0.0
       Avg:   0.0, Min:   0.0, Max:   0.0, Diff:   0.0]
         [Processed Buffers : 3 0
          Sum: 3, Avg: 1, Min: 0, Max: 3, Diff: 3]
      [Scan RS (ms):  0.0  0.0
       Avg:   0.0, Min:   0.0, Max:   0.0, Diff:   0.0]
      [Object Copy (ms):  0.2  0.1
       Avg:   0.2, Min:   0.1, Max:   0.2, Diff:   0.0]
      [Termination (ms):  0.0  0.0
       Avg:   0.0, Min:   0.0, Max:   0.0, Diff:   0.0]
         [Termination Attempts : 1 1
          Sum: 2, Avg: 1, Min: 1, Max: 1, Diff: 0]
      [GC Worker End (ms):  7017.2  7017.2
       Avg: 7017.2, Min: 7017.2, Max: 7017.2, Diff:   0.0]
      [GC Worker (ms):  1.0  1.0
       Avg:   1.0, Min:   1.0, Max:   1.0, Diff:   0.0]
      [GC Worker Other (ms):  0.1  0.1
       Avg:   0.1, Min:   0.1, Max:   0.1, Diff:   0.0]
   [Clear CT:   0.0 ms]
   [Other:   0.2 ms]
      [Choose CSet:   0.0 ms]
      [Ref Proc:   0.0 ms]
      [Ref Enq:   0.0 ms]
      [Free CSet:   0.0 ms]
   [Eden: 1024K(184M)->0B(101M) Survivors: 1024K->1024K Heap: 368M(512M)->368M(512M)]
 [Times: user=0.00 sys=0.00, real=0.00 secs] 
Heap after GC invocations=255 (full 139):
 garbage-first heap   total 524288K, used 376875K [0x00000007dae00000, 0x00000007fae00000, 0x00000007fae00000)
  region size 1024K, 1 young (1024K), 1 survivors (1024K)
 compacting perm gen  total 20480K, used 2870K [0x00000007fae00000, 0x00000007fc200000, 0x0000000800000000)
   the space 20480K,  14% used [0x00000007fae00000, 0x00000007fb0cda98, 0x00000007fb0cdc00, 0x00000007fc200000)
No shared spaces configured.
}
7.017: [GC concurrent-root-region-scan-start]
7.018: [GC concurrent-root-region-scan-end, 0.0001070]
7.018: [GC concurrent-mark-start]
7.019: [GC concurrent-mark-end, 0.0019630 sec]
7.024: [GC remark 7.024: [GC ref-proc, 0.0000170 secs], 0.0032650 secs]
 [Times: user=0.01 sys=0.00, real=0.01 secs] 
{Heap before GC invocations=255 (full 139):
 garbage-first heap   total 524288K, used 440485K [0x00000007dae00000, 0x00000007fae00000, 0x00000007fae00000)
  region size 1024K, 2 young (2048K), 1 survivors (1024K)
 compacting perm gen  total 20480K, used 2870K [0x00000007fae00000, 0x00000007fc200000, 0x0000000800000000)
   the space 20480K,  14% used [0x00000007fae00000, 0x00000007fb0cda98, 0x00000007fb0cdc00, 0x00000007fc200000)
No shared spaces configured.
7.053: [GC pause (young)
Desired survivor size 6815744 bytes, new threshold 15 (max 15)
- age   1:        528 bytes,        528 total
- age   2:         56 bytes,        584 total
- age   9:         80 bytes,        664 total
, 0.00112000 secs]
   [Parallel Time:   1.0 ms]
      [GC Worker Start (ms):  7052.9  7053.0
       Avg: 7053.0, Min: 7052.9, Max: 7053.0, Diff:   0.2]
      [Ext Root Scanning (ms):  0.8  0.8
       Avg:   0.8, Min:   0.8, Max:   0.8, Diff:   0.1]
      [SATB Filtering (ms):  0.0  0.0
       Avg:   0.0, Min:   0.0, Max:   0.0, Diff:   0.0]
      [Update RS (ms):  0.0  0.0
       Avg:   0.0, Min:   0.0, Max:   0.0, Diff:   0.0]
         [Processed Buffers : 3 0
          Sum: 3, Avg: 1, Min: 0, Max: 3, Diff: 3]
      [Scan RS (ms):  0.0  0.0
       Avg:   0.0, Min:   0.0, Max:   0.0, Diff:   0.0]
      [Object Copy (ms):  0.1  0.0
       Avg:   0.1, Min:   0.0, Max:   0.1, Diff:   0.0]
      [Termination (ms):  0.0  0.0
       Avg:   0.0, Min:   0.0, Max:   0.0, Diff:   0.0]
         [Termination Attempts : 1 1
          Sum: 2, Avg: 1, Min: 1, Max: 1, Diff: 0]
      [GC Worker End (ms):  7053.8  7053.8
       Avg: 7053.8, Min: 7053.8, Max: 7053.8, Diff:   0.0]
      [GC Worker (ms):  1.0  0.8
       Avg:   0.9, Min:   0.8, Max:   1.0, Diff:   0.2]
      [GC Worker Other (ms):  0.0  0.2
       Avg:   0.1, Min:   0.0, Max:   0.2, Diff:   0.1]
   [Complete CSet Marking:   0.0 ms]
   [Clear CT:   0.0 ms]
   [Other:   0.1 ms]
      [Choose CSet:   0.0 ms]
      [Ref Proc:   0.0 ms]
      [Ref Enq:   0.0 ms]
      [Free CSet:   0.0 ms]
   [Eden: 1024K(101M)->0B(101M) Survivors: 1024K->1024K Heap: 430M(512M)->430M(512M)]
 [Times: user=0.00 sys=0.00, real=0.00 secs] 
Heap after GC invocations=256 (full 139):
 garbage-first heap   total 524288K, used 440453K [0x00000007dae00000, 0x00000007fae00000, 0x00000007fae00000)
  region size 1024K, 1 young (1024K), 1 survivors (1024K)
 compacting perm gen  total 20480K, used 2870K [0x00000007fae00000, 0x00000007fc200000, 0x0000000800000000)
   the space 20480K,  14% used [0x00000007fae00000, 0x00000007fb0cda98, 0x00000007fb0cdc00, 0x00000007fc200000)
No shared spaces configured.
}
7.067: [GC cleanup 454M->384M(512M), 0.0004750 secs]
 [Times: user=0.00 sys=0.00, real=0.00 secs] 
7.068: [GC concurrent-cleanup-start]
7.068: [GC concurrent-cleanup-end, 0.0001680]
{Heap before GC invocations=257 (full 139):
 garbage-first heap   total 524288K, used 443636K [0x00000007dae00000, 0x00000007fae00000, 0x00000007fae00000)
  region size 1024K, 2 young (2048K), 1 survivors (1024K)
 compacting perm gen  total 20480K, used 2870K [0x00000007fae00000, 0x00000007fc200000, 0x0000000800000000)
   the space 20480K,  14% used [0x00000007fae00000, 0x00000007fb0cda98, 0x00000007fb0cdc00, 0x00000007fc200000)
No shared spaces configured.
7.099: [GC pause (young)
Desired survivor size 6815744 bytes, new threshold 15 (max 15)
- age   1:         88 bytes,         88 total
- age   2:        432 bytes,        520 total
- age   3:         16 bytes,        536 total
- age  10:         80 bytes,        616 total
 (initial-mark), 0.00150400 secs]
   [Parallel Time:   1.3 ms]
      [GC Worker Start (ms):  7099.1  7099.7
       Avg: 7099.4, Min: 7099.1, Max: 7099.7, Diff:   0.6]
      [Ext Root Scanning (ms):  0.9  0.6
       Avg:   0.8, Min:   0.6, Max:   0.9, Diff:   0.4]
      [Update RS (ms):  0.0  0.0
       Avg:   0.0, Min:   0.0, Max:   0.0, Diff:   0.0]
         [Processed Buffers : 4 0
          Sum: 4, Avg: 2, Min: 0, Max: 4, Diff: 4]
      [Scan RS (ms):  0.0  0.0
       Avg:   0.0, Min:   0.0, Max:   0.0, Diff:   0.0]
      [Object Copy (ms):  0.2  0.1
       Avg:   0.2, Min:   0.1, Max:   0.2, Diff:   0.2]
      [Termination (ms):  0.1  0.0
       Avg:   0.0, Min:   0.0, Max:   0.1, Diff:   0.1]
         [Termination Attempts : 1 1
          Sum: 2, Avg: 1, Min: 1, Max: 1, Diff: 0]
      [GC Worker End (ms):  7100.4  7100.4
       Avg: 7100.4, Min: 7100.4, Max: 7100.4, Diff:   0.0]
      [GC Worker (ms):  1.3  0.6
       Avg:   1.0, Min:   0.6, Max:   1.3, Diff:   0.6]
      [GC Worker Other (ms):  0.0  0.7
       Avg:   0.4, Min:   0.0, Max:   0.7, Diff:   0.6]
   [Clear CT:   0.0 ms]
   [Other:   0.2 ms]
      [Choose CSet:   0.0 ms]
      [Ref Proc:   0.0 ms]
      [Ref Enq:   0.0 ms]
      [Free CSet:   0.0 ms]
   [Eden: 1024K(101M)->0B(101M) Survivors: 1024K->1024K Heap: 433M(512M)->433M(512M)]
 [Times: user=0.00 sys=0.00, real=0.00 secs] 
Heap after GC invocations=258 (full 140):
 garbage-first heap   total 524288K, used 443636K [0x00000007dae00000, 0x00000007fae00000, 0x00000007fae00000)
  region size 1024K, 1 young (1024K), 1 survivors (1024K)
 compacting perm gen  total 20480K, used 2870K [0x00000007fae00000, 0x00000007fc200000, 0x0000000800000000)
   the space 20480K,  14% used [0x00000007fae00000, 0x00000007fb0cda98, 0x00000007fb0cdc00, 0x00000007fc200000)
No shared spaces configured.
}
7.101: [GC concurrent-root-region-scan-start]
7.101: [GC concurrent-root-region-scan-end, 0.0000690]
7.101: [GC concurrent-mark-start]
7.104: [GC concurrent-mark-end, 0.0031490 sec]
{Heap before GC invocations=258 (full 140):
 garbage-first heap   total 524288K, used 455493K [0x00000007dae00000, 0x00000007fae00000, 0x00000007fae00000)
  region size 1024K, 1 young (1024K), 1 survivors (1024K)
 compacting perm gen  total 20480K, used 2870K [0x00000007fae00000, 0x00000007fc200000, 0x0000000800000000)
   the space 20480K,  14% used [0x00000007fae00000, 0x00000007fb0cda98, 0x00000007fb0cdc00, 0x00000007fc200000)
No shared spaces configured.
7.107: [GC pause (young)
Desired survivor size 6815744 bytes, new threshold 15 (max 15)
- age   1:        320 bytes,        320 total
- age   2:         40 bytes,        360 total
- age   3:         80 bytes,        440 total
- age  11:         80 bytes,        520 total
, 0.00104100 secs]
   [Parallel Time:   0.9 ms]
      [GC Worker Start (ms):  7106.7  7106.7
       Avg: 7106.7, Min: 7106.7, Max: 7106.7, Diff:   0.0]
      [Ext Root Scanning (ms):  0.8  0.8
       Avg:   0.8, Min:   0.8, Max:   0.8, Diff:   0.0]
      [SATB Filtering (ms):  0.0  0.0
       Avg:   0.0, Min:   0.0, Max:   0.0, Diff:   0.0]
      [Update RS (ms):  0.0  0.0
       Avg:   0.0, Min:   0.0, Max:   0.0, Diff:   0.0]
         [Processed Buffers : 2 0
          Sum: 2, Avg: 1, Min: 0, Max: 2, Diff: 2]
      [Scan RS (ms):  0.0  0.0
       Avg:   0.0, Min:   0.0, Max:   0.0, Diff:   0.0]
      [Object Copy (ms):  0.1  0.0
       Avg:   0.0, Min:   0.0, Max:   0.1, Diff:   0.0]
      [Termination (ms):  0.0  0.0
       Avg:   0.0, Min:   0.0, Max:   0.0, Diff:   0.0]
         [Termination Attempts : 1 1
          Sum: 2, Avg: 1, Min: 1, Max: 1, Diff: 0]
      [GC Worker End (ms):  7107.6  7107.6
       Avg: 7107.6, Min: 7107.6, Max: 7107.6, Diff:   0.0]
      [GC Worker (ms):  0.9  0.8
       Avg:   0.9, Min:   0.8, Max:   0.9, Diff:   0.0]
      [GC Worker Other (ms):  0.1  0.1
       Avg:   0.1, Min:   0.1, Max:   0.1, Diff:   0.0]
   [Complete CSet Marking:   0.0 ms]
   [Clear CT:   0.0 ms]
   [Other:   0.1 ms]
      [Choose CSet:   0.0 ms]
      [Ref Proc:   0.0 ms]
      [Ref Enq:   0.0 ms]
      [Free CSet:   0.0 ms]
   [Eden: 0B(101M)->0B(101M) Survivors: 1024K->1024K Heap: 444M(512M)->444M(512M)]
 [Times: user=0.00 sys=0.00, real=0.00 secs] 
Heap after GC invocations=259 (full 140):
 garbage-first heap   total 524288K, used 455525K [0x00000007dae00000, 0x00000007fae00000, 0x00000007fae00000)
  region size 1024K, 1 young (1024K), 1 survivors (1024K)
 compacting perm gen  total 20480K, used 2870K [0x00000007fae00000, 0x00000007fc200000, 0x0000000800000000)
   the space 20480K,  14% used [0x00000007fae00000, 0x00000007fb0cda98, 0x00000007fb0cdc00, 0x00000007fc200000)
No shared spaces configured.
}
{Heap before GC invocations=259 (full 140):
 garbage-first heap   total 524288K, used 455525K [0x00000007dae00000, 0x00000007fae00000, 0x00000007fae00000)
  region size 1024K, 1 young (1024K), 1 survivors (1024K)
 compacting perm gen  total 20480K, used 2870K [0x00000007fae00000, 0x00000007fc200000, 0x0000000800000000)
   the space 20480K,  14% used [0x00000007fae00000, 0x00000007fb0cda98, 0x00000007fb0cdc00, 0x00000007fc200000)
No shared spaces configured.
7.108: [Full GC 444M->209M(512M), 0.0123180 secs]
 [Times: user=0.01 sys=0.00, real=0.01 secs] 
Heap after GC invocations=260 (full 141):
 garbage-first heap   total 524288K, used 214737K [0x00000007dae00000, 0x00000007fae00000, 0x00000007fae00000)
  region size 1024K, 0 young (0K), 0 survivors (0K)
 compacting perm gen  total 20480K, used 2870K [0x00000007fae00000, 0x00000007fc200000, 0x0000000800000000)
   the space 20480K,  14% used [0x00000007fae00000, 0x00000007fb0cda98, 0x00000007fb0cdc00, 0x00000007fc200000)
No shared spaces configured.
}
7.130: [GC remark, 0.0000020 secs]
 [Times: user=0.00 sys=0.00, real=0.00 secs] 
7.130: [GC concurrent-mark-abort]
{Heap before GC invocations=260 (full 141):
 garbage-first heap   total 524288K, used 296188K [0x00000007dae00000, 0x00000007fae00000, 0x00000007fae00000)
  region size 1024K, 1 young (1024K), 0 survivors (0K)
 compacting perm gen  total 20480K, used 2870K [0x00000007fae00000, 0x00000007fc200000, 0x0000000800000000)
   the space 20480K,  14% used [0x00000007fae00000, 0x00000007fb0cda98, 0x00000007fb0cdc00, 0x00000007fc200000)
No shared spaces configured.
7.167: [GC pause (young)
Desired survivor size 16252928 bytes, new threshold 15 (max 15)
- age   2:        320 bytes,        320 total
- age  12:         80 bytes,        400 total
 (initial-mark), 0.00194600 secs]
   [Parallel Time:   1.8 ms]
      [GC Worker Start (ms):  7167.1  7167.2
       Avg: 7167.2, Min: 7167.1, Max: 7167.2, Diff:   0.0]
      [Ext Root Scanning (ms):  1.4  1.5
       Avg:   1.5, Min:   1.4, Max:   1.5, Diff:   0.1]
      [Update RS (ms):  0.0  0.0
       Avg:   0.0, Min:   0.0, Max:   0.0, Diff:   0.0]
         [Processed Buffers : 4 0
          Sum: 4, Avg: 2, Min: 0, Max: 4, Diff: 4]
      [Scan RS (ms):  0.0  0.0
       Avg:   0.0, Min:   0.0, Max:   0.0, Diff:   0.0]
      [Object Copy (ms):  0.2  0.1
       Avg:   0.2, Min:   0.1, Max:   0.2, Diff:   0.1]
      [Termination (ms):  0.0  0.0
       Avg:   0.0, Min:   0.0, Max:   0.0, Diff:   0.0]
         [Termination Attempts : 1 1
          Sum: 2, Avg: 1, Min: 1, Max: 1, Diff: 0]
      [GC Worker End (ms):  7168.8  7168.8
       Avg: 7168.8, Min: 7168.8, Max: 7168.8, Diff:   0.0]
      [GC Worker (ms):  1.7  1.7
       Avg:   1.7, Min:   1.7, Max:   1.7, Diff:   0.0]
      [GC Worker Other (ms):  0.1  0.1
       Avg:   0.1, Min:   0.1, Max:   0.1, Diff:   0.0]
   [Clear CT:   0.0 ms]
   [Other:   0.2 ms]
      [Choose CSet:   0.0 ms]
      [Ref Proc:   0.0 ms]
      [Ref Enq:   0.0 ms]
      [Free CSet:   0.0 ms]
   [Eden: 1024K(101M)->0B(161M) Survivors: 0B->1024K Heap: 289M(512M)->289M(512M)]
 [Times: user=0.00 sys=0.00, real=0.00 secs] 
Heap after GC invocations=261 (full 142):
 garbage-first heap   total 524288K, used 296252K [0x00000007dae00000, 0x00000007fae00000, 0x00000007fae00000)
  region size 1024K, 1 young (1024K), 1 survivors (1024K)
 compacting perm gen  total 20480K, used 2870K [0x00000007fae00000, 0x00000007fc200000, 0x0000000800000000)
   the space 20480K,  14% used [0x00000007fae00000, 0x00000007fb0cda98, 0x00000007fb0cdc00, 0x00000007fc200000)
No shared spaces configured.
}
7.169: [GC concurrent-root-region-scan-start]
7.169: [GC concurrent-root-region-scan-end, 0.0000420]
7.169: [GC concurrent-mark-start]
7.182: [GC concurrent-mark-end, 0.0130050 sec]
7.209: [GC remark 7.209: [GC ref-proc, 0.0000160 secs], 0.0029170 secs]
 [Times: user=0.00 sys=0.00, real=0.00 secs] 
7.225: [GC cleanup 389M->342M(512M), 0.0005870 secs]
 [Times: user=0.01 sys=0.00, real=0.00 secs] 
7.225: [GC concurrent-cleanup-start]
7.225: [GC concurrent-cleanup-end, 0.0001480]
{Heap before GC invocations=262 (full 142):
 garbage-first heap   total 524288K, used 392136K [0x00000007dae00000, 0x00000007fae00000, 0x00000007fae00000)
  region size 1024K, 2 young (2048K), 1 survivors (1024K)
 compacting perm gen  total 20480K, used 2870K [0x00000007fae00000, 0x00000007fc200000, 0x0000000800000000)
   the space 20480K,  14% used [0x00000007fae00000, 0x00000007fb0cda98, 0x00000007fb0cdc00, 0x00000007fc200000)
No shared spaces configured.
7.252: [GC pause (young)
Desired survivor size 11010048 bytes, new threshold 15 (max 15)
- age   1:        264 bytes,        264 total
 (initial-mark), 0.00119600 secs]
   [Parallel Time:   1.0 ms]
      [GC Worker Start (ms):  7252.4  7252.4
       Avg: 7252.4, Min: 7252.4, Max: 7252.4, Diff:   0.0]
      [Ext Root Scanning (ms):  0.8  0.7
       Avg:   0.8, Min:   0.7, Max:   0.8, Diff:   0.1]
      [Update RS (ms):  0.0  0.0
       Avg:   0.0, Min:   0.0, Max:   0.0, Diff:   0.0]
         [Processed Buffers : 0 5
          Sum: 5, Avg: 2, Min: 0, Max: 5, Diff: 5]
      [Scan RS (ms):  0.0  0.0
       Avg:   0.0, Min:   0.0, Max:   0.0, Diff:   0.0]
      [Object Copy (ms):  0.1  0.2
       Avg:   0.2, Min:   0.1, Max:   0.2, Diff:   0.0]
      [Termination (ms):  0.0  0.0
       Avg:   0.0, Min:   0.0, Max:   0.0, Diff:   0.0]
         [Termination Attempts : 1 1
          Sum: 2, Avg: 1, Min: 1, Max: 1, Diff: 0]
      [GC Worker End (ms):  7253.4  7253.4
       Avg: 7253.4, Min: 7253.4, Max: 7253.4, Diff:   0.0]
      [GC Worker (ms):  1.0  1.0
       Avg:   1.0, Min:   1.0, Max:   1.0, Diff:   0.0]
      [GC Worker Other (ms):  0.1  0.1
       Avg:   0.1, Min:   0.1, Max:   0.1, Diff:   0.0]
   [Clear CT:   0.0 ms]
   [Other:   0.2 ms]
      [Choose CSet:   0.0 ms]
      [Ref Proc:   0.0 ms]
      [Ref Enq:   0.0 ms]
      [Free CSet:   0.0 ms]
   [Eden: 1024K(161M)->0B(101M) Survivors: 1024K->1024K Heap: 383M(512M)->382M(512M)]
 [Times: user=0.00 sys=0.00, real=0.00 secs] 
Heap after GC invocations=263 (full 143):
 garbage-first heap   total 524288K, used 392136K [0x00000007dae00000, 0x00000007fae00000, 0x00000007fae00000)
  region size 1024K, 1 young (1024K), 1 survivors (1024K)
 compacting perm gen  total 20480K, used 2870K [0x00000007fae00000, 0x00000007fc200000, 0x0000000800000000)
   the space 20480K,  14% used [0x00000007fae00000, 0x00000007fb0cda98, 0x00000007fb0cdc00, 0x00000007fc200000)
No shared spaces configured.
}
7.254: [GC concurrent-root-region-scan-start]
7.254: [GC concurrent-root-region-scan-end, 0.0003690]
7.254: [GC concurrent-mark-start]
7.268: [GC concurrent-mark-end, 0.0141620 sec]
7.271: [GC remark 7.272: [GC ref-proc, 0.0000160 secs], 0.0032120 secs]
 [Times: user=0.01 sys=0.00, real=0.00 secs] 
7.275: [GC cleanup 416M->314M(512M), 0.0004830 secs]
 [Times: user=0.00 sys=0.00, real=0.00 secs] 
7.275: [GC concurrent-cleanup-start]
7.276: [GC concurrent-cleanup-end, 0.0002260]
{Heap before GC invocations=264 (full 143):
 garbage-first heap   total 524288K, used 376622K [0x00000007dae00000, 0x00000007fae00000, 0x00000007fae00000)
  region size 1024K, 2 young (2048K), 1 survivors (1024K)
 compacting perm gen  total 20480K, used 2870K [0x00000007fae00000, 0x00000007fc200000, 0x0000000800000000)
   the space 20480K,  14% used [0x00000007fae00000, 0x00000007fb0cda98, 0x00000007fb0cdc00, 0x00000007fc200000)
No shared spaces configured.
7.309: [GC pause (young)
Desired survivor size 6815744 bytes, new threshold 15 (max 15)
- age   1:        416 bytes,        416 total
- age   2:        200 bytes,        616 total
 (initial-mark), 0.00164000 secs]
   [Parallel Time:   1.4 ms]
      [GC Worker Start (ms):  7308.7  7309.1
       Avg: 7308.9, Min: 7308.7, Max: 7309.1, Diff:   0.4]
      [Ext Root Scanning (ms):  1.1  0.8
       Avg:   0.9, Min:   0.8, Max:   1.1, Diff:   0.3]
      [Update RS (ms):  0.0  0.0
       Avg:   0.0, Min:   0.0, Max:   0.0, Diff:   0.0]
         [Processed Buffers : 0 4
          Sum: 4, Avg: 2, Min: 0, Max: 4, Diff: 4]
      [Scan RS (ms):  0.0  0.0
       Avg:   0.0, Min:   0.0, Max:   0.0, Diff:   0.0]
      [Object Copy (ms):  0.2  0.1
       Avg:   0.2, Min:   0.1, Max:   0.2, Diff:   0.2]
      [Termination (ms):  0.0  0.1
       Avg:   0.0, Min:   0.0, Max:   0.1, Diff:   0.1]
         [Termination Attempts : 1 1
          Sum: 2, Avg: 1, Min: 1, Max: 1, Diff: 0]
      [GC Worker End (ms):  7310.0  7310.1
       Avg: 7310.0, Min: 7310.0, Max: 7310.1, Diff:   0.0]
      [GC Worker (ms):  1.3  1.0
       Avg:   1.1, Min:   1.0, Max:   1.3, Diff:   0.4]
      [GC Worker Other (ms):  0.1  0.4
       Avg:   0.2, Min:   0.1, Max:   0.4, Diff:   0.4]
   [Clear CT:   0.0 ms]
   [Other:   0.3 ms]
      [Choose CSet:   0.0 ms]
      [Ref Proc:   0.1 ms]
      [Ref Enq:   0.0 ms]
      [Free CSet:   0.0 ms]
   [Eden: 1024K(101M)->0B(101M) Survivors: 1024K->1024K Heap: 367M(512M)->367M(512M)]
 [Times: user=0.00 sys=0.00, real=0.00 secs] 
Heap after GC invocations=265 (full 144):
 garbage-first heap   total 524288K, used 376622K [0x00000007dae00000, 0x00000007fae00000, 0x00000007fae00000)
  region size 1024K, 1 young (1024K), 1 survivors (1024K)
 compacting perm gen  total 20480K, used 2870K [0x00000007fae00000, 0x00000007fc200000, 0x0000000800000000)
   the space 20480K,  14% used [0x00000007fae00000, 0x00000007fb0cda98, 0x00000007fb0cdc00, 0x00000007fc200000)
No shared spaces configured.
}
7.310: [GC concurrent-root-region-scan-start]
7.310: [GC concurrent-root-region-scan-end, 0.0000660]
7.310: [GC concurrent-mark-start]
7.313: [GC concurrent-mark-end, 0.0024500 sec]
7.325: [GC remark 7.326: [GC ref-proc, 0.0000240 secs], 0.0035820 secs]
 [Times: user=0.00 sys=0.00, real=0.01 secs] 
7.329: [GC cleanup 397M->274M(512M), 0.0004030 secs]
 [Times: user=0.00 sys=0.00, real=0.00 secs] 
7.330: [GC concurrent-cleanup-start]
7.330: [GC concurrent-cleanup-end, 0.0002510]
{Heap before GC invocations=266 (full 144):
 garbage-first heap   total 524288K, used 292703K [0x00000007dae00000, 0x00000007fae00000, 0x00000007fae00000)
  region size 1024K, 2 young (2048K), 1 survivors (1024K)
 compacting perm gen  total 20480K, used 2870K [0x00000007fae00000, 0x00000007fc200000, 0x0000000800000000)
   the space 20480K,  14% used [0x00000007fae00000, 0x00000007fb0cda98, 0x00000007fb0cdc00, 0x00000007fc200000)
No shared spaces configured.
7.341: [GC pause (young)
Desired survivor size 6815744 bytes, new threshold 15 (max 15)
- age   1:        320 bytes,        320 total
- age   2:         40 bytes,        360 total
- age   3:        200 bytes,        560 total
 (initial-mark), 0.00167900 secs]
   [Parallel Time:   1.5 ms]
      [GC Worker Start (ms):  7340.7  7341.1
       Avg: 7340.9, Min: 7340.7, Max: 7341.1, Diff:   0.4]
      [Ext Root Scanning (ms):  1.1  0.7
       Avg:   0.9, Min:   0.7, Max:   1.1, Diff:   0.5]
      [Update RS (ms):  0.0  0.0
       Avg:   0.0, Min:   0.0, Max:   0.0, Diff:   0.0]
         [Processed Buffers : 0 3
          Sum: 3, Avg: 1, Min: 0, Max: 3, Diff: 3]
      [Scan RS (ms):  0.0  0.0
       Avg:   0.0, Min:   0.0, Max:   0.0, Diff:   0.0]
      [Object Copy (ms):  0.3  0.1
       Avg:   0.2, Min:   0.1, Max:   0.3, Diff:   0.2]
      [Termination (ms):  0.0  0.2
       Avg:   0.1, Min:   0.0, Max:   0.2, Diff:   0.2]
         [Termination Attempts : 1 1
          Sum: 2, Avg: 1, Min: 1, Max: 1, Diff: 0]
      [GC Worker End (ms):  7342.1  7342.1
       Avg: 7342.1, Min: 7342.1, Max: 7342.1, Diff:   0.0]
      [GC Worker (ms):  1.4  1.0
       Avg:   1.2, Min:   1.0, Max:   1.4, Diff:   0.4]
      [GC Worker Other (ms):  0.1  0.5
       Avg:   0.3, Min:   0.1, Max:   0.5, Diff:   0.4]
   [Clear CT:   0.0 ms]
   [Other:   0.2 ms]
      [Choose CSet:   0.0 ms]
      [Ref Proc:   0.0 ms]
      [Ref Enq:   0.0 ms]
      [Free CSet:   0.0 ms]
   [Eden: 1024K(101M)->0B(165M) Survivors: 1024K->1024K Heap: 285M(512M)->285M(512M)]
 [Times: user=0.00 sys=0.00, real=0.00 secs] 
Heap after GC invocations=267 (full 145):
 garbage-first heap   total 524288K, used 292703K [0x00000007dae00000, 0x00000007fae00000, 0x00000007fae00000)
  region size 1024K, 1 young (1024K), 1 survivors (1024K)
 compacting perm gen  total 20480K, used 2870K [0x00000007fae00000, 0x00000007fc200000, 0x0000000800000000)
   the space 20480K,  14% used [0x00000007fae00000, 0x00000007fb0cda98, 0x00000007fb0cdc00, 0x00000007fc200000)
No shared spaces configured.
}
7.342: [GC concurrent-root-region-scan-start]
7.351: [GC concurrent-root-region-scan-end, 0.0091290]
7.351: [GC concurrent-mark-start]
7.354: [GC concurrent-mark-end, 0.0026740 sec]
7.372: [GC remark 7.372: [GC ref-proc, 0.0000260 secs], 0.0029070 secs]
 [Times: user=0.01 sys=0.00, real=0.00 secs] 
7.394: [GC cleanup 380M->311M(512M), 0.0006330 secs]
 [Times: user=0.00 sys=0.00, real=0.00 secs] 
7.395: [GC concurrent-cleanup-start]
7.395: [GC concurrent-cleanup-end, 0.0002030]
{Heap before GC invocations=268 (full 145):
 garbage-first heap   total 524288K, used 351811K [0x00000007dae00000, 0x00000007fae00000, 0x00000007fae00000)
  region size 1024K, 2 young (2048K), 1 survivors (1024K)
 compacting perm gen  total 20480K, used 2870K [0x00000007fae00000, 0x00000007fc200000, 0x0000000800000000)
   the space 20480K,  14% used [0x00000007fae00000, 0x00000007fb0cda98, 0x00000007fb0cdc00, 0x00000007fc200000)
No shared spaces configured.
7.417: [GC pause (young)
Desired survivor size 11010048 bytes, new threshold 15 (max 15)
- age   1:        264 bytes,        264 total
- age   2:         80 bytes,        344 total
- age   4:        200 bytes,        544 total
 (initial-mark), 0.00126500 secs]
   [Parallel Time:   1.1 ms]
      [GC Worker Start (ms):  7417.6  7417.6
       Avg: 7417.6, Min: 7417.6, Max: 7417.6, Diff:   0.0]
      [Ext Root Scanning (ms):  0.8  0.8
       Avg:   0.8, Min:   0.8, Max:   0.8, Diff:   0.1]
      [Update RS (ms):  0.0  0.1
       Avg:   0.1, Min:   0.0, Max:   0.1, Diff:   0.1]
         [Processed Buffers : 1 2
          Sum: 3, Avg: 1, Min: 1, Max: 2, Diff: 1]
      [Scan RS (ms):  0.0  0.0
       Avg:   0.0, Min:   0.0, Max:   0.0, Diff:   0.0]
      [Object Copy (ms):  0.1  0.2
       Avg:   0.2, Min:   0.1, Max:   0.2, Diff:   0.0]
      [Termination (ms):  0.0  0.0
       Avg:   0.0, Min:   0.0, Max:   0.0, Diff:   0.0]
         [Termination Attempts : 1 1
          Sum: 2, Avg: 1, Min: 1, Max: 1, Diff: 0]
      [GC Worker End (ms):  7418.7  7418.7
       Avg: 7418.7, Min: 7418.7, Max: 7418.7, Diff:   0.0]
      [GC Worker (ms):  1.1  1.0
       Avg:   1.0, Min:   1.0, Max:   1.1, Diff:   0.0]
      [GC Worker Other (ms):  0.1  0.1
       Avg:   0.1, Min:   0.1, Max:   0.1, Diff:   0.0]
   [Clear CT:   0.0 ms]
   [Other:   0.1 ms]
      [Choose CSet:   0.0 ms]
      [Ref Proc:   0.0 ms]
      [Ref Enq:   0.0 ms]
      [Free CSet:   0.0 ms]
   [Eden: 1024K(165M)->0B(105M) Survivors: 1024K->1024K Heap: 343M(512M)->343M(512M)]
 [Times: user=0.00 sys=0.00, real=0.00 secs] 
Heap after GC invocations=269 (full 146):
 garbage-first heap   total 524288K, used 351779K [0x00000007dae00000, 0x00000007fae00000, 0x00000007fae00000)
  region size 1024K, 1 young (1024K), 1 survivors (1024K)
 compacting perm gen  total 20480K, used 2870K [0x00000007fae00000, 0x00000007fc200000, 0x0000000800000000)
   the space 20480K,  14% used [0x00000007fae00000, 0x00000007fb0cda98, 0x00000007fb0cdc00, 0x00000007fc200000)
No shared spaces configured.
}
7.419: [GC concurrent-root-region-scan-start]
7.419: [GC concurrent-root-region-scan-end, 0.0000870]
7.419: [GC concurrent-mark-start]
7.429: [GC concurrent-mark-end, 0.0100120 sec]
7.461: [GC remark 7.461: [GC ref-proc, 0.0000240 secs], 0.0026210 secs]
 [Times: user=0.01 sys=0.00, real=0.00 secs] 
{Heap before GC invocations=269 (full 146):
 garbage-first heap   total 524288K, used 434858K [0x00000007dae00000, 0x00000007fae00000, 0x00000007fae00000)
  region size 1024K, 2 young (2048K), 1 survivors (1024K)
 compacting perm gen  total 20480K, used 2870K [0x00000007fae00000, 0x00000007fc200000, 0x0000000800000000)
   the space 20480K,  14% used [0x00000007fae00000, 0x00000007fb0cda98, 0x00000007fb0cdc00, 0x00000007fc200000)
No shared spaces configured.
7.464: [GC pause (young)
Desired survivor size 7340032 bytes, new threshold 15 (max 15)
- age   1:        328 bytes,        328 total
- age   5:        200 bytes,        528 total
, 0.00091100 secs]
   [Parallel Time:   0.8 ms]
      [GC Worker Start (ms):  7464.2  7464.2
       Avg: 7464.2, Min: 7464.2, Max: 7464.2, Diff:   0.0]
      [Ext Root Scanning (ms):  0.7  0.7
       Avg:   0.7, Min:   0.7, Max:   0.7, Diff:   0.0]
      [SATB Filtering (ms):  0.0  0.0
       Avg:   0.0, Min:   0.0, Max:   0.0, Diff:   0.0]
      [Update RS (ms):  0.0  0.0
       Avg:   0.0, Min:   0.0, Max:   0.0, Diff:   0.0]
         [Processed Buffers : 0 3
          Sum: 3, Avg: 1, Min: 0, Max: 3, Diff: 3]
      [Scan RS (ms):  0.0  0.0
       Avg:   0.0, Min:   0.0, Max:   0.0, Diff:   0.0]
      [Object Copy (ms):  0.0  0.0
       Avg:   0.0, Min:   0.0, Max:   0.0, Diff:   0.0]
      [Termination (ms):  0.0  0.0
       Avg:   0.0, Min:   0.0, Max:   0.0, Diff:   0.0]
         [Termination Attempts : 1 1
          Sum: 2, Avg: 1, Min: 1, Max: 1, Diff: 0]
      [GC Worker End (ms):  7464.9  7464.9
       Avg: 7464.9, Min: 7464.9, Max: 7464.9, Diff:   0.0]
      [GC Worker (ms):  0.8  0.8
       Avg:   0.8, Min:   0.8, Max:   0.8, Diff:   0.0]
      [GC Worker Other (ms):  0.1  0.1
       Avg:   0.1, Min:   0.1, Max:   0.1, Diff:   0.0]
   [Complete CSet Marking:   0.0 ms]
   [Clear CT:   0.0 ms]
   [Other:   0.1 ms]
      [Choose CSet:   0.0 ms]
      [Ref Proc:   0.0 ms]
      [Ref Enq:   0.0 ms]
      [Free CSet:   0.0 ms]
   [Eden: 1024K(105M)->0B(101M) Survivors: 1024K->1024K Heap: 424M(512M)->424M(512M)]
 [Times: user=0.00 sys=0.00, real=0.00 secs] 
Heap after GC invocations=270 (full 146):
 garbage-first heap   total 524288K, used 434890K [0x00000007dae00000, 0x00000007fae00000, 0x00000007fae00000)
  region size 1024K, 1 young (1024K), 1 survivors (1024K)
 compacting perm gen  total 20480K, used 2870K [0x00000007fae00000, 0x00000007fc200000, 0x0000000800000000)
   the space 20480K,  14% used [0x00000007fae00000, 0x00000007fb0cda98, 0x00000007fb0cdc00, 0x00000007fc200000)
No shared spaces configured.
}
7.465: [GC cleanup 424M->299M(512M), 0.0003550 secs]
 [Times: user=0.00 sys=0.00, real=0.00 secs] 
7.466: [GC concurrent-cleanup-start]
7.466: [GC concurrent-cleanup-end, 0.0002350]
{Heap before GC invocations=271 (full 146):
 garbage-first heap   total 524288K, used 320588K [0x00000007dae00000, 0x00000007fae00000, 0x00000007fae00000)
  region size 1024K, 2 young (2048K), 1 survivors (1024K)
 compacting perm gen  total 20480K, used 2870K [0x00000007fae00000, 0x00000007fc200000, 0x0000000800000000)
   the space 20480K,  14% used [0x00000007fae00000, 0x00000007fb0cda98, 0x00000007fb0cdc00, 0x00000007fc200000)
No shared spaces configured.
7.477: [GC pause (young)
Desired survivor size 6815744 bytes, new threshold 15 (max 15)
- age   1:        272 bytes,        272 total
- age   2:         40 bytes,        312 total
- age   6:        200 bytes,        512 total
 (initial-mark), 0.00150600 secs]
   [Parallel Time:   1.3 ms]
      [GC Worker Start (ms):  7477.3  7477.3
       Avg: 7477.3, Min: 7477.3, Max: 7477.3, Diff:   0.0]
      [Ext Root Scanning (ms):  0.8  1.1
       Avg:   0.9, Min:   0.8, Max:   1.1, Diff:   0.3]
      [Update RS (ms):  0.0  0.0
       Avg:   0.0, Min:   0.0, Max:   0.0, Diff:   0.0]
         [Processed Buffers : 3 0
          Sum: 3, Avg: 1, Min: 0, Max: 3, Diff: 3]
      [Scan RS (ms):  0.0  0.0
       Avg:   0.0, Min:   0.0, Max:   0.0, Diff:   0.0]
      [Object Copy (ms):  0.2  0.2
       Avg:   0.2, Min:   0.2, Max:   0.2, Diff:   0.1]
      [Termination (ms):  0.2  0.0
       Avg:   0.1, Min:   0.0, Max:   0.2, Diff:   0.2]
         [Termination Attempts : 1 1
          Sum: 2, Avg: 1, Min: 1, Max: 1, Diff: 0]
      [GC Worker End (ms):  7478.6  7478.6
       Avg: 7478.6, Min: 7478.6, Max: 7478.6, Diff:   0.0]
      [GC Worker (ms):  1.3  1.3
       Avg:   1.3, Min:   1.3, Max:   1.3, Diff:   0.0]
      [GC Worker Other (ms):  0.1  0.1
       Avg:   0.1, Min:   0.1, Max:   0.1, Diff:   0.0]
   [Clear CT:   0.0 ms]
   [Other:   0.2 ms]
      [Choose CSet:   0.0 ms]
      [Ref Proc:   0.0 ms]
      [Ref Enq:   0.0 ms]
      [Free CSet:   0.0 ms]
   [Eden: 1024K(101M)->0B(135M) Survivors: 1024K->1024K Heap: 313M(512M)->313M(512M)]
 [Times: user=0.00 sys=0.00, real=0.00 secs] 
Heap after GC invocations=272 (full 147):
 garbage-first heap   total 524288K, used 320588K [0x00000007dae00000, 0x00000007fae00000, 0x00000007fae00000)
  region size 1024K, 1 young (1024K), 1 survivors (1024K)
 compacting perm gen  total 20480K, used 2870K [0x00000007fae00000, 0x00000007fc200000, 0x0000000800000000)
   the space 20480K,  14% used [0x00000007fae00000, 0x00000007fb0cda98, 0x00000007fb0cdc00, 0x00000007fc200000)
No shared spaces configured.
}
7.479: [GC concurrent-root-region-scan-start]
7.479: [GC concurrent-root-region-scan-end, 0.0000990]
7.479: [GC concurrent-mark-start]
7.481: [GC concurrent-mark-end, 0.0024990 sec]
7.491: [GC remark 7.491: [GC ref-proc, 0.0000160 secs], 0.0026050 secs]
 [Times: user=0.00 sys=0.00, real=0.00 secs] 
7.545: [GC cleanup 433M->339M(512M), 0.0006160 secs]
 [Times: user=0.00 sys=0.00, real=0.00 secs] 
7.546: [GC concurrent-cleanup-start]
7.546: [GC concurrent-cleanup-end, 0.0002650]
{Heap before GC invocations=273 (full 147):
 garbage-first heap   total 524288K, used 425280K [0x00000007dae00000, 0x00000007fae00000, 0x00000007fae00000)
  region size 1024K, 2 young (2048K), 1 survivors (1024K)
 compacting perm gen  total 20480K, used 2870K [0x00000007fae00000, 0x00000007fc200000, 0x0000000800000000)
   the space 20480K,  14% used [0x00000007fae00000, 0x00000007fb0cda98, 0x00000007fb0cdc00, 0x00000007fc200000)
No shared spaces configured.
7.591: [GC pause (young)
Desired survivor size 8912896 bytes, new threshold 15 (max 15)
- age   1:         32 bytes,         32 total
- age   2:        272 bytes,        304 total
- age   3:         40 bytes,        344 total
- age   7:        200 bytes,        544 total
 (initial-mark), 0.00125800 secs]
   [Parallel Time:   1.0 ms]
      [GC Worker Start (ms):  7591.3  7591.3
       Avg: 7591.3, Min: 7591.3, Max: 7591.3, Diff:   0.0]
      [Ext Root Scanning (ms):  0.8  0.8
       Avg:   0.8, Min:   0.8, Max:   0.8, Diff:   0.0]
      [Update RS (ms):  0.0  0.0
       Avg:   0.0, Min:   0.0, Max:   0.0, Diff:   0.0]
         [Processed Buffers : 0 2
          Sum: 2, Avg: 1, Min: 0, Max: 2, Diff: 2]
      [Scan RS (ms):  0.0  0.0
       Avg:   0.0, Min:   0.0, Max:   0.0, Diff:   0.0]
      [Object Copy (ms):  0.2  0.2
       Avg:   0.2, Min:   0.2, Max:   0.2, Diff:   0.0]
      [Termination (ms):  0.0  0.0
       Avg:   0.0, Min:   0.0, Max:   0.0, Diff:   0.0]
         [Termination Attempts : 1 1
          Sum: 2, Avg: 1, Min: 1, Max: 1, Diff: 0]
      [GC Worker End (ms):  7592.3  7592.3
       Avg: 7592.3, Min: 7592.3, Max: 7592.3, Diff:   0.0]
      [GC Worker (ms):  1.0  1.0
       Avg:   1.0, Min:   1.0, Max:   1.0, Diff:   0.0]
      [GC Worker Other (ms):  0.1  0.1
       Avg:   0.1, Min:   0.1, Max:   0.1, Diff:   0.0]
   [Clear CT:   0.0 ms]
   [Other:   0.2 ms]
      [Choose CSet:   0.0 ms]
      [Ref Proc:   0.0 ms]
      [Ref Enq:   0.0 ms]
      [Free CSet:   0.0 ms]
   [Eden: 1024K(135M)->0B(101M) Survivors: 1024K->1024K Heap: 415M(512M)->415M(512M)]
 [Times: user=0.00 sys=0.00, real=0.00 secs] 
Heap after GC invocations=274 (full 148):
 garbage-first heap   total 524288K, used 425280K [0x00000007dae00000, 0x00000007fae00000, 0x00000007fae00000)
  region size 1024K, 1 young (1024K), 1 survivors (1024K)
 compacting perm gen  total 20480K, used 2870K [0x00000007fae00000, 0x00000007fc200000, 0x0000000800000000)
   the space 20480K,  14% used [0x00000007fae00000, 0x00000007fb0cda98, 0x00000007fb0cdc00, 0x00000007fc200000)
No shared spaces configured.
}
7.592: [GC concurrent-root-region-scan-start]
7.593: [GC concurrent-root-region-scan-end, 0.0000850]
7.593: [GC concurrent-mark-start]
7.595: [GC concurrent-mark-end, 0.0024120 sec]
7.602: [GC remark 7.602: [GC ref-proc, 0.0000170 secs], 0.0032400 secs]
 [Times: user=0.01 sys=0.00, real=0.00 secs] 
7.605: [GC cleanup 432M->319M(512M), 0.0005300 secs]
 [Times: user=0.00 sys=0.00, real=0.01 secs] 
7.606: [GC concurrent-cleanup-start]
7.606: [GC concurrent-cleanup-end, 0.0002450]
{Heap before GC invocations=275 (full 148):
 garbage-first heap   total 524288K, used 379089K [0x00000007dae00000, 0x00000007fae00000, 0x00000007fae00000)
  region size 1024K, 2 young (2048K), 1 survivors (1024K)
 compacting perm gen  total 20480K, used 2870K [0x00000007fae00000, 0x00000007fc200000, 0x0000000800000000)
   the space 20480K,  14% used [0x00000007fae00000, 0x00000007fb0cda98, 0x00000007fb0cdc00, 0x00000007fc200000)
No shared spaces configured.
7.638: [GC pause (young)
Desired survivor size 6815744 bytes, new threshold 15 (max 15)
- age   1:        456 bytes,        456 total
- age   8:        200 bytes,        656 total
 (initial-mark), 0.00133600 secs]
   [Parallel Time:   1.2 ms]
      [GC Worker Start (ms):  7638.1  7638.1
       Avg: 7638.1, Min: 7638.1, Max: 7638.1, Diff:   0.0]
      [Ext Root Scanning (ms):  0.8  0.9
       Avg:   0.8, Min:   0.8, Max:   0.9, Diff:   0.1]
      [Update RS (ms):  0.0  0.0
       Avg:   0.0, Min:   0.0, Max:   0.0, Diff:   0.0]
         [Processed Buffers : 2 0
          Sum: 2, Avg: 1, Min: 0, Max: 2, Diff: 2]
      [Scan RS (ms):  0.0  0.0
       Avg:   0.0, Min:   0.0, Max:   0.0, Diff:   0.0]
      [Object Copy (ms):  0.1  0.2
       Avg:   0.2, Min:   0.1, Max:   0.2, Diff:   0.0]
      [Termination (ms):  0.1  0.0
       Avg:   0.1, Min:   0.0, Max:   0.1, Diff:   0.1]
         [Termination Attempts : 1 1
          Sum: 2, Avg: 1, Min: 1, Max: 1, Diff: 0]
      [GC Worker End (ms):  7639.2  7639.2
       Avg: 7639.2, Min: 7639.2, Max: 7639.2, Diff:   0.0]
      [GC Worker (ms):  1.1  1.1
       Avg:   1.1, Min:   1.1, Max:   1.1, Diff:   0.0]
      [GC Worker Other (ms):  0.1  0.1
       Avg:   0.1, Min:   0.1, Max:   0.1, Diff:   0.0]
   [Clear CT:   0.0 ms]
   [Other:   0.1 ms]
      [Choose CSet:   0.0 ms]
      [Ref Proc:   0.0 ms]
      [Ref Enq:   0.0 ms]
      [Free CSet:   0.0 ms]
   [Eden: 1024K(101M)->0B(101M) Survivors: 1024K->1024K Heap: 370M(512M)->370M(512M)]
 [Times: user=0.00 sys=0.00, real=0.00 secs] 
Heap after GC invocations=276 (full 149):
 garbage-first heap   total 524288K, used 379089K [0x00000007dae00000, 0x00000007fae00000, 0x00000007fae00000)
  region size 1024K, 1 young (1024K), 1 survivors (1024K)
 compacting perm gen  total 20480K, used 2870K [0x00000007fae00000, 0x00000007fc200000, 0x0000000800000000)
   the space 20480K,  14% used [0x00000007fae00000, 0x00000007fb0cda98, 0x00000007fb0cdc00, 0x00000007fc200000)
No shared spaces configured.
}
7.640: [GC concurrent-root-region-scan-start]
7.640: [GC concurrent-root-region-scan-end, 0.0002270]
7.640: [GC concurrent-mark-start]
7.641: [GC concurrent-mark-end, 0.0012970 sec]
7.645: [GC remark 7.645: [GC ref-proc, 0.0000160 secs], 0.0037890 secs]
 [Times: user=0.01 sys=0.00, real=0.01 secs] 
{Heap before GC invocations=276 (full 149):
 garbage-first heap   total 524288K, used 437424K [0x00000007dae00000, 0x00000007fae00000, 0x00000007fae00000)
  region size 1024K, 2 young (2048K), 1 survivors (1024K)
 compacting perm gen  total 20480K, used 2870K [0x00000007fae00000, 0x00000007fc200000, 0x0000000800000000)
   the space 20480K,  14% used [0x00000007fae00000, 0x00000007fb0cda98, 0x00000007fb0cdc00, 0x00000007fc200000)
No shared spaces configured.
7.672: [GC pause (young)
Desired survivor size 6815744 bytes, new threshold 15 (max 15)
- age   1:        128 bytes,        128 total
- age   2:        384 bytes,        512 total
- age   9:        200 bytes,        712 total
, 0.00123400 secs]
   [Parallel Time:   1.1 ms]
      [GC Worker Start (ms):  7672.3  7672.3
       Avg: 7672.3, Min: 7672.3, Max: 7672.3, Diff:   0.0]
      [Ext Root Scanning (ms):  1.0  0.9
       Avg:   1.0, Min:   0.9, Max:   1.0, Diff:   0.1]
      [SATB Filtering (ms):  0.0  0.0
       Avg:   0.0, Min:   0.0, Max:   0.0, Diff:   0.0]
      [Update RS (ms):  0.0  0.0
       Avg:   0.0, Min:   0.0, Max:   0.0, Diff:   0.0]
         [Processed Buffers : 0 2
          Sum: 2, Avg: 1, Min: 0, Max: 2, Diff: 2]
      [Scan RS (ms):  0.0  0.0
       Avg:   0.0, Min:   0.0, Max:   0.0, Diff:   0.0]
      [Object Copy (ms):  0.0  0.1
       Avg:   0.0, Min:   0.0, Max:   0.1, Diff:   0.0]
      [Termination (ms):  0.0  0.0
       Avg:   0.0, Min:   0.0, Max:   0.0, Diff:   0.0]
         [Termination Attempts : 1 1
          Sum: 2, Avg: 1, Min: 1, Max: 1, Diff: 0]
      [GC Worker End (ms):  7673.3  7673.4
       Avg: 7673.3, Min: 7673.3, Max: 7673.4, Diff:   0.0]
      [GC Worker (ms):  1.1  1.1
       Avg:   1.1, Min:   1.1, Max:   1.1, Diff:   0.0]
      [GC Worker Other (ms):  0.1  0.1
       Avg:   0.1, Min:   0.1, Max:   0.1, Diff:   0.0]
   [Complete CSet Marking:   0.0 ms]
   [Clear CT:   0.0 ms]
   [Other:   0.1 ms]
      [Choose CSet:   0.0 ms]
      [Ref Proc:   0.0 ms]
      [Ref Enq:   0.0 ms]
      [Free CSet:   0.0 ms]
   [Eden: 1024K(101M)->0B(101M) Survivors: 1024K->1024K Heap: 427M(512M)->427M(512M)]
 [Times: user=0.00 sys=0.00, real=0.00 secs] 
Heap after GC invocations=277 (full 149):
 garbage-first heap   total 524288K, used 437424K [0x00000007dae00000, 0x00000007fae00000, 0x00000007fae00000)
  region size 1024K, 1 young (1024K), 1 survivors (1024K)
 compacting perm gen  total 20480K, used 2870K [0x00000007fae00000, 0x00000007fc200000, 0x0000000800000000)
   the space 20480K,  14% used [0x00000007fae00000, 0x00000007fb0cda98, 0x00000007fb0cdc00, 0x00000007fc200000)
No shared spaces configured.
}
{Heap before GC invocations=277 (full 149):
 garbage-first heap   total 524288K, used 451434K [0x00000007dae00000, 0x00000007fae00000, 0x00000007fae00000)
  region size 1024K, 2 young (2048K), 1 survivors (1024K)
 compacting perm gen  total 20480K, used 2870K [0x00000007fae00000, 0x00000007fc200000, 0x0000000800000000)
   the space 20480K,  14% used [0x00000007fae00000, 0x00000007fb0cda98, 0x00000007fb0cdc00, 0x00000007fc200000)
No shared spaces configured.
7.680: [GC pause (young)
Desired survivor size 6815744 bytes, new threshold 15 (max 15)
- age   1:        320 bytes,        320 total
- age   3:        136 bytes,        456 total
- age  10:        200 bytes,        656 total
, 0.00111100 secs]
   [Parallel Time:   1.0 ms]
      [GC Worker Start (ms):  7680.5  7680.5
       Avg: 7680.5, Min: 7680.5, Max: 7680.5, Diff:   0.0]
      [Ext Root Scanning (ms):  0.9  0.8
       Avg:   0.8, Min:   0.8, Max:   0.9, Diff:   0.1]
      [SATB Filtering (ms):  0.0  0.0
       Avg:   0.0, Min:   0.0, Max:   0.0, Diff:   0.0]
      [Update RS (ms):  0.0  0.0
       Avg:   0.0, Min:   0.0, Max:   0.0, Diff:   0.0]
         [Processed Buffers : 1 2
          Sum: 3, Avg: 1, Min: 1, Max: 2, Diff: 1]
      [Scan RS (ms):  0.0  0.0
       Avg:   0.0, Min:   0.0, Max:   0.0, Diff:   0.0]
      [Object Copy (ms):  0.0  0.1
       Avg:   0.1, Min:   0.0, Max:   0.1, Diff:   0.1]
      [Termination (ms):  0.0  0.0
       Avg:   0.0, Min:   0.0, Max:   0.0, Diff:   0.0]
         [Termination Attempts : 1 1
          Sum: 2, Avg: 1, Min: 1, Max: 1, Diff: 0]
      [GC Worker End (ms):  7681.4  7681.4
       Avg: 7681.4, Min: 7681.4, Max: 7681.4, Diff:   0.0]
      [GC Worker (ms):  0.9  0.9
       Avg:   0.9, Min:   0.9, Max:   0.9, Diff:   0.0]
      [GC Worker Other (ms):  0.1  0.1
       Avg:   0.1, Min:   0.1, Max:   0.1, Diff:   0.0]
   [Complete CSet Marking:   0.0 ms]
   [Clear CT:   0.0 ms]
   [Other:   0.1 ms]
      [Choose CSet:   0.0 ms]
      [Ref Proc:   0.1 ms]
      [Ref Enq:   0.0 ms]
      [Free CSet:   0.0 ms]
   [Eden: 1024K(101M)->0B(101M) Survivors: 1024K->1024K Heap: 440M(512M)->440M(512M)]
 [Times: user=0.00 sys=0.00, real=0.00 secs] 
Heap after GC invocations=278 (full 149):
 garbage-first heap   total 524288K, used 451434K [0x00000007dae00000, 0x00000007fae00000, 0x00000007fae00000)
  region size 1024K, 1 young (1024K), 1 survivors (1024K)
 compacting perm gen  total 20480K, used 2870K [0x00000007fae00000, 0x00000007fc200000, 0x0000000800000000)
   the space 20480K,  14% used [0x00000007fae00000, 0x00000007fb0cda98, 0x00000007fb0cdc00, 0x00000007fc200000)
No shared spaces configured.
}
7.689: [GC cleanup 456M->442M(512M), 0.0005000 secs]
 [Times: user=0.00 sys=0.01, real=0.00 secs] 
7.690: [GC concurrent-cleanup-start]
7.690: [GC concurrent-cleanup-end, 0.0000550]
{Heap before GC invocations=279 (full 149):
 garbage-first heap   total 524288K, used 453225K [0x00000007dae00000, 0x00000007fae00000, 0x00000007fae00000)
  region size 1024K, 2 young (2048K), 1 survivors (1024K)
 compacting perm gen  total 20480K, used 2870K [0x00000007fae00000, 0x00000007fc200000, 0x0000000800000000)
   the space 20480K,  14% used [0x00000007fae00000, 0x00000007fb0cda98, 0x00000007fb0cdc00, 0x00000007fc200000)
No shared spaces configured.
7.691: [GC pause (young)
Desired survivor size 6815744 bytes, new threshold 15 (max 15)
- age   1:        176 bytes,        176 total
- age   2:        152 bytes,        328 total
- age   4:        120 bytes,        448 total
- age  11:        200 bytes,        648 total
, 0.00095800 secs]
   [Parallel Time:   0.9 ms]
      [GC Worker Start (ms):  7690.6  7690.6
       Avg: 7690.6, Min: 7690.6, Max: 7690.6, Diff:   0.0]
      [Ext Root Scanning (ms):  0.8  0.7
       Avg:   0.8, Min:   0.7, Max:   0.8, Diff:   0.1]
      [Update RS (ms):  0.0  0.0
       Avg:   0.0, Min:   0.0, Max:   0.0, Diff:   0.0]
         [Processed Buffers : 0 3
          Sum: 3, Avg: 1, Min: 0, Max: 3, Diff: 3]
      [Scan RS (ms):  0.0  0.0
       Avg:   0.0, Min:   0.0, Max:   0.0, Diff:   0.0]
      [Object Copy (ms):  0.0  0.1
       Avg:   0.0, Min:   0.0, Max:   0.1, Diff:   0.0]
      [Termination (ms):  0.0  0.0
       Avg:   0.0, Min:   0.0, Max:   0.0, Diff:   0.0]
         [Termination Attempts : 1 1
          Sum: 2, Avg: 1, Min: 1, Max: 1, Diff: 0]
      [GC Worker End (ms):  7691.5  7691.5
       Avg: 7691.5, Min: 7691.5, Max: 7691.5, Diff:   0.0]
      [GC Worker (ms):  0.8  0.8
       Avg:   0.8, Min:   0.8, Max:   0.8, Diff:   0.0]
      [GC Worker Other (ms):  0.0  0.1
       Avg:   0.0, Min:   0.0, Max:   0.1, Diff:   0.0]
   [Clear CT:   0.0 ms]
   [Other:   0.1 ms]
      [Choose CSet:   0.0 ms]
      [Ref Proc:   0.0 ms]
      [Ref Enq:   0.0 ms]
      [Free CSet:   0.0 ms]
   [Eden: 1024K(101M)->0B(101M) Survivors: 1024K->1024K Heap: 442M(512M)->442M(512M)]
 [Times: user=0.00 sys=0.00, real=0.00 secs] 
Heap after GC invocations=280 (full 149):
 garbage-first heap   total 524288K, used 453225K [0x00000007dae00000, 0x00000007fae00000, 0x00000007fae00000)
  region size 1024K, 1 young (1024K), 1 survivors (1024K)
 compacting perm gen  total 20480K, used 2870K [0x00000007fae00000, 0x00000007fc200000, 0x0000000800000000)
   the space 20480K,  14% used [0x00000007fae00000, 0x00000007fb0cda98, 0x00000007fb0cdc00, 0x00000007fc200000)
No shared spaces configured.
}
{Heap before GC invocations=280 (full 149):
 garbage-first heap   total 524288K, used 453225K [0x00000007dae00000, 0x00000007fae00000, 0x00000007fae00000)
  region size 1024K, 1 young (1024K), 1 survivors (1024K)
 compacting perm gen  total 20480K, used 2870K [0x00000007fae00000, 0x00000007fc200000, 0x0000000800000000)
   the space 20480K,  14% used [0x00000007fae00000, 0x00000007fb0cda98, 0x00000007fb0cdc00, 0x00000007fc200000)
No shared spaces configured.
7.692: [Full GC 442M->232M(512M), 0.0118640 secs]
 [Times: user=0.01 sys=0.00, real=0.01 secs] 
Heap after GC invocations=281 (full 150):
 garbage-first heap   total 524288K, used 238547K [0x00000007dae00000, 0x00000007fae00000, 0x00000007fae00000)
  region size 1024K, 0 young (0K), 0 survivors (0K)
 compacting perm gen  total 20480K, used 2870K [0x00000007fae00000, 0x00000007fc200000, 0x0000000800000000)
   the space 20480K,  14% used [0x00000007fae00000, 0x00000007fb0cda98, 0x00000007fb0cdc00, 0x00000007fc200000)
No shared spaces configured.
}
{Heap before GC invocations=281 (full 150):
 garbage-first heap   total 524288K, used 285051K [0x00000007dae00000, 0x00000007fae00000, 0x00000007fae00000)
  region size 1024K, 1 young (1024K), 0 survivors (0K)
 compacting perm gen  total 20480K, used 2870K [0x00000007fae00000, 0x00000007fc200000, 0x0000000800000000)
   the space 20480K,  14% used [0x00000007fae00000, 0x00000007fb0cda98, 0x00000007fb0cdc00, 0x00000007fc200000)
No shared spaces configured.
7.733: [GC pause (young)
Desired survivor size 14680064 bytes, new threshold 15 (max 15)
- age   1:        104 bytes,        104 total
- age   2:        160 bytes,        264 total
- age   3:         72 bytes,        336 total
- age   5:         80 bytes,        416 total
- age  12:        200 bytes,        616 total
 (initial-mark), 0.00191100 secs]
   [Parallel Time:   1.7 ms]
      [GC Worker Start (ms):  7732.9  7733.2
       Avg: 7733.0, Min: 7732.9, Max: 7733.2, Diff:   0.2]
      [Ext Root Scanning (ms):  1.4  1.2
       Avg:   1.3, Min:   1.2, Max:   1.4, Diff:   0.2]
      [Update RS (ms):  0.0  0.0
       Avg:   0.0, Min:   0.0, Max:   0.0, Diff:   0.0]
         [Processed Buffers : 0 1
          Sum: 1, Avg: 0, Min: 0, Max: 1, Diff: 1]
      [Scan RS (ms):  0.0  0.0
       Avg:   0.0, Min:   0.0, Max:   0.0, Diff:   0.0]
      [Object Copy (ms):  0.2  0.1
       Avg:   0.2, Min:   0.1, Max:   0.2, Diff:   0.1]
      [Termination (ms):  0.0  0.0
       Avg:   0.0, Min:   0.0, Max:   0.0, Diff:   0.0]
         [Termination Attempts : 1 1
          Sum: 2, Avg: 1, Min: 1, Max: 1, Diff: 0]
      [GC Worker End (ms):  7734.6  7734.6
       Avg: 7734.6, Min: 7734.6, Max: 7734.6, Diff:   0.0]
      [GC Worker (ms):  1.6  1.4
       Avg:   1.5, Min:   1.4, Max:   1.6, Diff:   0.2]
      [GC Worker Other (ms):  0.1  0.3
       Avg:   0.2, Min:   0.1, Max:   0.3, Diff:   0.2]
   [Clear CT:   0.0 ms]
   [Other:   0.2 ms]
      [Choose CSet:   0.0 ms]
      [Ref Proc:   0.0 ms]
      [Ref Enq:   0.0 ms]
      [Free CSet:   0.0 ms]
   [Eden: 1024K(101M)->0B(172M) Survivors: 0B->1024K Heap: 278M(512M)->278M(512M)]
 [Times: user=0.00 sys=0.00, real=0.00 secs] 
Heap after GC invocations=282 (full 151):
 garbage-first heap   total 524288K, used 285115K [0x00000007dae00000, 0x00000007fae00000, 0x00000007fae00000)
  region size 1024K, 1 young (1024K), 1 survivors (1024K)
 compacting perm gen  total 20480K, used 2870K [0x00000007fae00000, 0x00000007fc200000, 0x0000000800000000)
   the space 20480K,  14% used [0x00000007fae00000, 0x00000007fb0cda98, 0x00000007fb0cdc00, 0x00000007fc200000)
No shared spaces configured.
}
7.735: [GC concurrent-root-region-scan-start]
7.735: [GC concurrent-root-region-scan-end, 0.0000330]
7.735: [GC concurrent-mark-start]
7.737: [GC concurrent-mark-end, 0.0024140 sec]
7.751: [GC remark 7.751: [GC ref-proc, 0.0000160 secs], 0.0028220 secs]
 [Times: user=0.00 sys=0.00, real=0.00 secs] 
7.754: [GC cleanup 310M->252M(512M), 0.0005090 secs]
 [Times: user=0.01 sys=0.00, real=0.00 secs] 
7.754: [GC concurrent-cleanup-start]
7.754: [GC concurrent-cleanup-end, 0.0001340]
{Heap before GC invocations=283 (full 151):
 garbage-first heap   total 524288K, used 276755K [0x00000007dae00000, 0x00000007fae00000, 0x00000007fae00000)
  region size 1024K, 2 young (2048K), 1 survivors (1024K)
 compacting perm gen  total 20480K, used 2870K [0x00000007fae00000, 0x00000007fc200000, 0x0000000800000000)
   the space 20480K,  14% used [0x00000007fae00000, 0x00000007fb0cda98, 0x00000007fb0cdc00, 0x00000007fc200000)
No shared spaces configured.
7.768: [GC pause (young)
Desired survivor size 11534336 bytes, new threshold 15 (max 15)
- age   1:         56 bytes,         56 total
 (initial-mark), 0.00145200 secs]
   [Parallel Time:   1.3 ms]
      [GC Worker Start (ms):  7768.5  7768.5
       Avg: 7768.5, Min: 7768.5, Max: 7768.5, Diff:   0.0]
      [Ext Root Scanning (ms):  0.9  1.1
       Avg:   1.0, Min:   0.9, Max:   1.1, Diff:   0.2]
      [Update RS (ms):  0.0  0.0
       Avg:   0.0, Min:   0.0, Max:   0.0, Diff:   0.0]
         [Processed Buffers : 5 0
          Sum: 5, Avg: 2, Min: 0, Max: 5, Diff: 5]
      [Scan RS (ms):  0.0  0.0
       Avg:   0.0, Min:   0.0, Max:   0.0, Diff:   0.0]
      [Object Copy (ms):  0.2  0.1
       Avg:   0.2, Min:   0.1, Max:   0.2, Diff:   0.1]
      [Termination (ms):  0.1  0.0
       Avg:   0.0, Min:   0.0, Max:   0.1, Diff:   0.1]
         [Termination Attempts : 1 1
          Sum: 2, Avg: 1, Min: 1, Max: 1, Diff: 0]
      [GC Worker End (ms):  7769.7  7769.7
       Avg: 7769.7, Min: 7769.7, Max: 7769.7, Diff:   0.0]
      [GC Worker (ms):  1.2  1.2
       Avg:   1.2, Min:   1.2, Max:   1.2, Diff:   0.0]
      [GC Worker Other (ms):  0.1  0.1
       Avg:   0.1, Min:   0.1, Max:   0.1, Diff:   0.0]
   [Clear CT:   0.0 ms]
   [Other:   0.2 ms]
      [Choose CSet:   0.0 ms]
      [Ref Proc:   0.0 ms]
      [Ref Enq:   0.0 ms]
      [Free CSet:   0.0 ms]
   [Eden: 1024K(172M)->0B(180M) Survivors: 1024K->1024K Heap: 270M(512M)->270M(512M)]
 [Times: user=0.00 sys=0.00, real=0.00 secs] 
Heap after GC invocations=284 (full 152):
 garbage-first heap   total 524288K, used 276755K [0x00000007dae00000, 0x00000007fae00000, 0x00000007fae00000)
  region size 1024K, 1 young (1024K), 1 survivors (1024K)
 compacting perm gen  total 20480K, used 2870K [0x00000007fae00000, 0x00000007fc200000, 0x0000000800000000)
   the space 20480K,  14% used [0x00000007fae00000, 0x00000007fb0cda98, 0x00000007fb0cdc00, 0x00000007fc200000)
No shared spaces configured.
}
7.770: [GC concurrent-root-region-scan-start]
7.770: [GC concurrent-root-region-scan-end, 0.0000440]
7.770: [GC concurrent-mark-start]
7.773: [GC concurrent-mark-end, 0.0025890 sec]
7.799: [GC remark 7.799: [GC ref-proc, 0.0000160 secs], 0.0025520 secs]
 [Times: user=0.01 sys=0.00, real=0.00 secs] 
7.808: [GC cleanup 339M->272M(512M), 0.0006730 secs]
 [Times: user=0.00 sys=0.00, real=0.00 secs] 
7.809: [GC concurrent-cleanup-start]
7.809: [GC concurrent-cleanup-end, 0.0001900]
{Heap before GC invocations=285 (full 152):
 garbage-first heap   total 524288K, used 341557K [0x00000007dae00000, 0x00000007fae00000, 0x00000007fae00000)
  region size 1024K, 2 young (2048K), 1 survivors (1024K)
 compacting perm gen  total 20480K, used 2870K [0x00000007fae00000, 0x00000007fc200000, 0x0000000800000000)
   the space 20480K,  14% used [0x00000007fae00000, 0x00000007fb0cda98, 0x00000007fb0cdc00, 0x00000007fc200000)
No shared spaces configured.
7.846: [GC pause (young)
Desired survivor size 12058624 bytes, new threshold 15 (max 15)
- age   1:        208 bytes,        208 total
- age   2:         40 bytes,        248 total
 (initial-mark), 0.00130600 secs]
   [Parallel Time:   1.1 ms]
      [GC Worker Start (ms):  7846.6  7846.6
       Avg: 7846.6, Min: 7846.6, Max: 7846.6, Diff:   0.0]
      [Ext Root Scanning (ms):  0.8  0.9
       Avg:   0.8, Min:   0.8, Max:   0.9, Diff:   0.1]
      [Update RS (ms):  0.0  0.0
       Avg:   0.0, Min:   0.0, Max:   0.0, Diff:   0.0]
         [Processed Buffers : 4 0
          Sum: 4, Avg: 2, Min: 0, Max: 4, Diff: 4]
      [Scan RS (ms):  0.0  0.0
       Avg:   0.0, Min:   0.0, Max:   0.0, Diff:   0.0]
      [Object Copy (ms):  0.2  0.2
       Avg:   0.2, Min:   0.2, Max:   0.2, Diff:   0.0]
      [Termination (ms):  0.1  0.0
       Avg:   0.0, Min:   0.0, Max:   0.1, Diff:   0.1]
         [Termination Attempts : 1 1
          Sum: 2, Avg: 1, Min: 1, Max: 1, Diff: 0]
      [GC Worker End (ms):  7847.6  7847.6
       Avg: 7847.6, Min: 7847.6, Max: 7847.6, Diff:   0.0]
      [GC Worker (ms):  1.1  1.1
       Avg:   1.1, Min:   1.1, Max:   1.1, Diff:   0.0]
      [GC Worker Other (ms):  0.1  0.1
       Avg:   0.1, Min:   0.1, Max:   0.1, Diff:   0.0]
   [Clear CT:   0.0 ms]
   [Other:   0.2 ms]
      [Choose CSet:   0.0 ms]
      [Ref Proc:   0.0 ms]
      [Ref Enq:   0.0 ms]
      [Free CSet:   0.0 ms]
   [Eden: 1024K(180M)->0B(115M) Survivors: 1024K->1024K Heap: 333M(512M)->333M(512M)]
 [Times: user=0.00 sys=0.00, real=0.00 secs] 
Heap after GC invocations=286 (full 153):
 garbage-first heap   total 524288K, used 341557K [0x00000007dae00000, 0x00000007fae00000, 0x00000007fae00000)
  region size 1024K, 1 young (1024K), 1 survivors (1024K)
 compacting perm gen  total 20480K, used 2870K [0x00000007fae00000, 0x00000007fc200000, 0x0000000800000000)
   the space 20480K,  14% used [0x00000007fae00000, 0x00000007fb0cda98, 0x00000007fb0cdc00, 0x00000007fc200000)
No shared spaces configured.
}
7.848: [GC concurrent-root-region-scan-start]
7.858: [GC concurrent-root-region-scan-end, 0.0105730]
7.858: [GC concurrent-mark-start]
7.862: [GC concurrent-mark-end, 0.0031300 sec]
7.869: [GC remark 7.869: [GC ref-proc, 0.0000230 secs], 0.0033450 secs]
 [Times: user=0.00 sys=0.00, real=0.00 secs] 
7.873: [GC cleanup 373M->265M(512M), 0.0006390 secs]
 [Times: user=0.00 sys=0.00, real=0.00 secs] 
7.874: [GC concurrent-cleanup-start]
7.874: [GC concurrent-cleanup-end, 0.0002350]
{Heap before GC invocations=287 (full 153):
 garbage-first heap   total 524288K, used 345865K [0x00000007dae00000, 0x00000007fae00000, 0x00000007fae00000)
  region size 1024K, 2 young (2048K), 1 survivors (1024K)
 compacting perm gen  total 20480K, used 2870K [0x00000007fae00000, 0x00000007fc200000, 0x0000000800000000)
   the space 20480K,  14% used [0x00000007fae00000, 0x00000007fb0cda98, 0x00000007fb0cdc00, 0x00000007fc200000)
No shared spaces configured.
7.917: [GC pause (young)
Desired survivor size 7864320 bytes, new threshold 15 (max 15)
- age   1:        224 bytes,        224 total
- age   2:        152 bytes,        376 total
- age   3:         40 bytes,        416 total
 (initial-mark), 0.00124200 secs]
   [Parallel Time:   1.0 ms]
      [GC Worker Start (ms):  7916.7  7916.8
       Avg: 7916.8, Min: 7916.7, Max: 7916.8, Diff:   0.0]
      [Ext Root Scanning (ms):  0.8  0.8
       Avg:   0.8, Min:   0.8, Max:   0.8, Diff:   0.1]
      [Update RS (ms):  0.0  0.0
       Avg:   0.0, Min:   0.0, Max:   0.0, Diff:   0.0]
         [Processed Buffers : 4 0
          Sum: 4, Avg: 2, Min: 0, Max: 4, Diff: 4]
      [Scan RS (ms):  0.0  0.0
       Avg:   0.0, Min:   0.0, Max:   0.0, Diff:   0.0]
      [Object Copy (ms):  0.2  0.2
       Avg:   0.2, Min:   0.2, Max:   0.2, Diff:   0.0]
      [Termination (ms):  0.0  0.0
       Avg:   0.0, Min:   0.0, Max:   0.0, Diff:   0.0]
         [Termination Attempts : 1 1
          Sum: 2, Avg: 1, Min: 1, Max: 1, Diff: 0]
      [GC Worker End (ms):  7917.8  7917.8
       Avg: 7917.8, Min: 7917.8, Max: 7917.8, Diff:   0.0]
      [GC Worker (ms):  1.0  1.0
       Avg:   1.0, Min:   1.0, Max:   1.0, Diff:   0.0]
      [GC Worker Other (ms):  0.0  0.1
       Avg:   0.0, Min:   0.0, Max:   0.1, Diff:   0.0]
   [Clear CT:   0.0 ms]
   [Other:   0.2 ms]
      [Choose CSet:   0.0 ms]
      [Ref Proc:   0.0 ms]
      [Ref Enq:   0.0 ms]
      [Free CSet:   0.0 ms]
   [Eden: 1024K(115M)->0B(112M) Survivors: 1024K->1024K Heap: 337M(512M)->337M(512M)]
 [Times: user=0.00 sys=0.00, real=0.00 secs] 
Heap after GC invocations=288 (full 154):
 garbage-first heap   total 524288K, used 345865K [0x00000007dae00000, 0x00000007fae00000, 0x00000007fae00000)
  region size 1024K, 1 young (1024K), 1 survivors (1024K)
 compacting perm gen  total 20480K, used 2870K [0x00000007fae00000, 0x00000007fc200000, 0x0000000800000000)
   the space 20480K,  14% used [0x00000007fae00000, 0x00000007fb0cda98, 0x00000007fb0cdc00, 0x00000007fc200000)
No shared spaces configured.
}
7.918: [GC concurrent-root-region-scan-start]
7.918: [GC concurrent-root-region-scan-end, 0.0001100]
7.918: [GC concurrent-mark-start]
7.920: [GC concurrent-mark-end, 0.0014890 sec]
7.945: [GC remark 7.945: [GC ref-proc, 0.0000160 secs], 0.0036050 secs]
 [Times: user=0.00 sys=0.00, real=0.01 secs] 
7.949: [GC cleanup 390M->355M(512M), 0.0003670 secs]
 [Times: user=0.00 sys=0.00, real=0.00 secs] 
7.950: [GC concurrent-cleanup-start]
7.950: [GC concurrent-cleanup-end, 0.0000790]
{Heap before GC invocations=289 (full 154):
 garbage-first heap   total 524288K, used 424711K [0x00000007dae00000, 0x00000007fae00000, 0x00000007fae00000)
  region size 1024K, 2 young (2048K), 1 survivors (1024K)
 compacting perm gen  total 20480K, used 2870K [0x00000007fae00000, 0x00000007fc200000, 0x0000000800000000)
   the space 20480K,  14% used [0x00000007fae00000, 0x00000007fb0cda98, 0x00000007fb0cdc00, 0x00000007fc200000)
No shared spaces configured.
7.986: [GC pause (young)
Desired survivor size 7864320 bytes, new threshold 15 (max 15)
- age   1:        384 bytes,        384 total
- age   2:        120 bytes,        504 total
- age   3:         80 bytes,        584 total
- age   4:         40 bytes,        624 total
 (initial-mark), 0.00113900 secs]
   [Parallel Time:   1.0 ms]
      [GC Worker Start (ms):  7985.8  7985.8
       Avg: 7985.8, Min: 7985.8, Max: 7985.8, Diff:   0.0]
      [Ext Root Scanning (ms):  0.8  0.7
       Avg:   0.7, Min:   0.7, Max:   0.8, Diff:   0.1]
      [Update RS (ms):  0.0  0.0
       Avg:   0.0, Min:   0.0, Max:   0.0, Diff:   0.0]
         [Processed Buffers : 1 2
          Sum: 3, Avg: 1, Min: 1, Max: 2, Diff: 1]
      [Scan RS (ms):  0.0  0.0
       Avg:   0.0, Min:   0.0, Max:   0.0, Diff:   0.0]
      [Object Copy (ms):  0.1  0.2
       Avg:   0.2, Min:   0.1, Max:   0.2, Diff:   0.1]
      [Termination (ms):  0.0  0.0
       Avg:   0.0, Min:   0.0, Max:   0.0, Diff:   0.0]
         [Termination Attempts : 1 1
          Sum: 2, Avg: 1, Min: 1, Max: 1, Diff: 0]
      [GC Worker End (ms):  7986.8  7986.8
       Avg: 7986.8, Min: 7986.8, Max: 7986.8, Diff:   0.0]
      [GC Worker (ms):  0.9  0.9
       Avg:   0.9, Min:   0.9, Max:   0.9, Diff:   0.0]
      [GC Worker Other (ms):  0.0  0.0
       Avg:   0.0, Min:   0.0, Max:   0.0, Diff:   0.0]
   [Clear CT:   0.0 ms]
   [Other:   0.1 ms]
      [Choose CSet:   0.0 ms]
      [Ref Proc:   0.0 ms]
      [Ref Enq:   0.0 ms]
      [Free CSet:   0.0 ms]
   [Eden: 1024K(112M)->0B(101M) Survivors: 1024K->1024K Heap: 414M(512M)->414M(512M)]
 [Times: user=0.00 sys=0.01, real=0.01 secs] 
Heap after GC invocations=290 (full 155):
 garbage-first heap   total 524288K, used 424711K [0x00000007dae00000, 0x00000007fae00000, 0x00000007fae00000)
  region size 1024K, 1 young (1024K), 1 survivors (1024K)
 compacting perm gen  total 20480K, used 2870K [0x00000007fae00000, 0x00000007fc200000, 0x0000000800000000)
   the space 20480K,  14% used [0x00000007fae00000, 0x00000007fb0cda98, 0x00000007fb0cdc00, 0x00000007fc200000)
No shared spaces configured.
}
7.987: [GC concurrent-root-region-scan-start]
7.987: [GC concurrent-root-region-scan-end, 0.0001160]
7.987: [GC concurrent-mark-start]
{Heap before GC invocations=290 (full 155):
 garbage-first heap   total 524288K, used 424711K [0x00000007dae00000, 0x00000007fae00000, 0x00000007fae00000)
  region size 1024K, 1 young (1024K), 1 survivors (1024K)
 compacting perm gen  total 20480K, used 2870K [0x00000007fae00000, 0x00000007fc200000, 0x0000000800000000)
   the space 20480K,  14% used [0x00000007fae00000, 0x00000007fb0cda98, 0x00000007fb0cdc00, 0x00000007fc200000)
No shared spaces configured.
7.987: [GC pause (young)
Desired survivor size 6815744 bytes, new threshold 15 (max 15)
- age   1:        304 bytes,        304 total
- age   2:         56 bytes,        360 total
- age   3:        120 bytes,        480 total
- age   4:         80 bytes,        560 total
- age   5:         40 bytes,        600 total
, 0.00055400 secs]
   [Parallel Time:   0.5 ms]
      [GC Worker Start (ms):  7987.3  7987.3
       Avg: 7987.3, Min: 7987.3, Max: 7987.3, Diff:   0.0]
      [Ext Root Scanning (ms):  0.4  0.4
       Avg:   0.4, Min:   0.4, Max:   0.4, Diff:   0.0]
      [SATB Filtering (ms):  0.0  0.0
       Avg:   0.0, Min:   0.0, Max:   0.0, Diff:   0.0]
      [Update RS (ms):  0.0  0.0
       Avg:   0.0, Min:   0.0, Max:   0.0, Diff:   0.0]
         [Processed Buffers : 0 3
          Sum: 3, Avg: 1, Min: 0, Max: 3, Diff: 3]
      [Scan RS (ms):  0.0  0.0
       Avg:   0.0, Min:   0.0, Max:   0.0, Diff:   0.0]
      [Object Copy (ms):  0.0  0.0
       Avg:   0.0, Min:   0.0, Max:   0.0, Diff:   0.0]
      [Termination (ms):  0.0  0.0
       Avg:   0.0, Min:   0.0, Max:   0.0, Diff:   0.0]
         [Termination Attempts : 1 1
          Sum: 2, Avg: 1, Min: 1, Max: 1, Diff: 0]
      [GC Worker End (ms):  7987.8  7987.8
       Avg: 7987.8, Min: 7987.8, Max: 7987.8, Diff:   0.0]
      [GC Worker (ms):  0.5  0.5
       Avg:   0.5, Min:   0.5, Max:   0.5, Diff:   0.0]
      [GC Worker Other (ms):  0.0  0.0
       Avg:   0.0, Min:   0.0, Max:   0.0, Diff:   0.0]
   [Complete CSet Marking:   0.0 ms]
   [Clear CT:   0.0 ms]
   [Other:   0.0 ms]
      [Choose CSet:   0.0 ms]
      [Ref Proc:   0.0 ms]
      [Ref Enq:   0.0 ms]
      [Free CSet:   0.0 ms]
   [Eden: 0B(101M)->0B(101M) Survivors: 1024K->1024K Heap: 414M(512M)->414M(512M)]
 [Times: user=0.00 sys=0.00, real=0.00 secs] 
Heap after GC invocations=291 (full 155):
 garbage-first heap   total 524288K, used 424711K [0x00000007dae00000, 0x00000007fae00000, 0x00000007fae00000)
  region size 1024K, 1 young (1024K), 1 survivors (1024K)
 compacting perm gen  total 20480K, used 2870K [0x00000007fae00000, 0x00000007fc200000, 0x0000000800000000)
   the space 20480K,  14% used [0x00000007fae00000, 0x00000007fb0cda98, 0x00000007fb0cdc00, 0x00000007fc200000)
No shared spaces configured.
}
{Heap before GC invocations=291 (full 155):
 garbage-first heap   total 524288K, used 424711K [0x00000007dae00000, 0x00000007fae00000, 0x00000007fae00000)
  region size 1024K, 1 young (1024K), 1 survivors (1024K)
 compacting perm gen  total 20480K, used 2870K [0x00000007fae00000, 0x00000007fc200000, 0x0000000800000000)
   the space 20480K,  14% used [0x00000007fae00000, 0x00000007fb0cda98, 0x00000007fb0cdc00, 0x00000007fc200000)
No shared spaces configured.
7.988: [Full GC 414M->294M(512M), 0.0119620 secs]
 [Times: user=0.01 sys=0.00, real=0.01 secs] 
Heap after GC invocations=292 (full 156):
 garbage-first heap   total 524288K, used 301932K [0x00000007dae00000, 0x00000007fae00000, 0x00000007fae00000)
  region size 1024K, 0 young (0K), 0 survivors (0K)
 compacting perm gen  total 20480K, used 2870K [0x00000007fae00000, 0x00000007fc200000, 0x0000000800000000)
   the space 20480K,  14% used [0x00000007fae00000, 0x00000007fb0cda98, 0x00000007fb0cdc00, 0x00000007fc200000)
No shared spaces configured.
}
8.010: [GC concurrent-mark-abort]
{Heap before GC invocations=292 (full 156):
 garbage-first heap   total 524288K, used 410381K [0x00000007dae00000, 0x00000007fae00000, 0x00000007fae00000)
  region size 1024K, 1 young (1024K), 0 survivors (0K)
 compacting perm gen  total 20480K, used 2870K [0x00000007fae00000, 0x00000007fc200000, 0x0000000800000000)
   the space 20480K,  14% used [0x00000007fae00000, 0x00000007fb0cda98, 0x00000007fb0cdc00, 0x00000007fc200000)
No shared spaces configured.
8.060: [GC pause (young)
Desired survivor size 10485760 bytes, new threshold 15 (max 15)
- age   2:        304 bytes,        304 total
- age   3:         56 bytes,        360 total
- age   4:        120 bytes,        480 total
- age   5:         80 bytes,        560 total
- age   6:         40 bytes,        600 total
 (initial-mark), 0.00197100 secs]
   [Parallel Time:   1.8 ms]
      [GC Worker Start (ms):  8059.7  8059.8
       Avg: 8059.8, Min: 8059.7, Max: 8059.8, Diff:   0.1]
      [Ext Root Scanning (ms):  1.5  1.4
       Avg:   1.4, Min:   1.4, Max:   1.5, Diff:   0.1]
      [Update RS (ms):  0.0  0.0
       Avg:   0.0, Min:   0.0, Max:   0.0, Diff:   0.0]
         [Processed Buffers : 1 1
          Sum: 2, Avg: 1, Min: 1, Max: 1, Diff: 0]
      [Scan RS (ms):  0.0  0.0
       Avg:   0.0, Min:   0.0, Max:   0.0, Diff:   0.0]
      [Object Copy (ms):  0.2  0.2
       Avg:   0.2, Min:   0.2, Max:   0.2, Diff:   0.0]
      [Termination (ms):  0.0  0.0
       Avg:   0.0, Min:   0.0, Max:   0.0, Diff:   0.0]
         [Termination Attempts : 1 1
          Sum: 2, Avg: 1, Min: 1, Max: 1, Diff: 0]
      [GC Worker End (ms):  8061.5  8061.4
       Avg: 8061.4, Min: 8061.4, Max: 8061.5, Diff:   0.0]
      [GC Worker (ms):  1.7  1.6
       Avg:   1.7, Min:   1.6, Max:   1.7, Diff:   0.1]
      [GC Worker Other (ms):  0.1  0.2
       Avg:   0.1, Min:   0.1, Max:   0.2, Diff:   0.1]
   [Clear CT:   0.0 ms]
   [Other:   0.2 ms]
      [Choose CSet:   0.0 ms]
      [Ref Proc:   0.0 ms]
      [Ref Enq:   0.0 ms]
      [Free CSet:   0.0 ms]
   [Eden: 1024K(101M)->0B(101M) Survivors: 0B->1024K Heap: 400M(512M)->400M(512M)]
 [Times: user=0.00 sys=0.00, real=0.00 secs] 
Heap after GC invocations=293 (full 157):
 garbage-first heap   total 524288K, used 410413K [0x00000007dae00000, 0x00000007fae00000, 0x00000007fae00000)
  region size 1024K, 1 young (1024K), 1 survivors (1024K)
 compacting perm gen  total 20480K, used 2870K [0x00000007fae00000, 0x00000007fc200000, 0x0000000800000000)
   the space 20480K,  14% used [0x00000007fae00000, 0x00000007fb0cda98, 0x00000007fb0cdc00, 0x00000007fc200000)
No shared spaces configured.
}
8.062: [GC concurrent-root-region-scan-start]
8.062: [GC concurrent-root-region-scan-end, 0.0000290]
8.062: [GC concurrent-mark-start]
{Heap before GC invocations=293 (full 157):
 garbage-first heap   total 524288K, used 410413K [0x00000007dae00000, 0x00000007fae00000, 0x00000007fae00000)
  region size 1024K, 1 young (1024K), 1 survivors (1024K)
 compacting perm gen  total 20480K, used 2870K [0x00000007fae00000, 0x00000007fc200000, 0x0000000800000000)
   the space 20480K,  14% used [0x00000007fae00000, 0x00000007fb0cda98, 0x00000007fb0cdc00, 0x00000007fc200000)
No shared spaces configured.
8.062: [GC pause (young)
Desired survivor size 6815744 bytes, new threshold 15 (max 15)
- age   1:        128 bytes,        128 total
, 0.00059900 secs]
   [Parallel Time:   0.5 ms]
      [GC Worker Start (ms):  8061.9  8062.0
       Avg: 8061.9, Min: 8061.9, Max: 8062.0, Diff:   0.0]
      [Ext Root Scanning (ms):  0.4  0.4
       Avg:   0.4, Min:   0.4, Max:   0.4, Diff:   0.0]
      [SATB Filtering (ms):  0.0  0.0
       Avg:   0.0, Min:   0.0, Max:   0.0, Diff:   0.0]
      [Update RS (ms):  0.0  0.0
       Avg:   0.0, Min:   0.0, Max:   0.0, Diff:   0.0]
         [Processed Buffers : 5 0
          Sum: 5, Avg: 2, Min: 0, Max: 5, Diff: 5]
      [Scan RS (ms):  0.0  0.0
       Avg:   0.0, Min:   0.0, Max:   0.0, Diff:   0.0]
      [Object Copy (ms):  0.0  0.0
       Avg:   0.0, Min:   0.0, Max:   0.0, Diff:   0.0]
      [Termination (ms):  0.0  0.0
       Avg:   0.0, Min:   0.0, Max:   0.0, Diff:   0.0]
         [Termination Attempts : 1 1
          Sum: 2, Avg: 1, Min: 1, Max: 1, Diff: 0]
      [GC Worker End (ms):  8062.4  8062.4
       Avg: 8062.4, Min: 8062.4, Max: 8062.4, Diff:   0.0]
      [GC Worker (ms):  0.5  0.5
       Avg:   0.5, Min:   0.5, Max:   0.5, Diff:   0.0]
      [GC Worker Other (ms):  0.0  0.1
       Avg:   0.1, Min:   0.0, Max:   0.1, Diff:   0.0]
   [Complete CSet Marking:   0.0 ms]
   [Clear CT:   0.0 ms]
   [Other:   0.0 ms]
      [Choose CSet:   0.0 ms]
      [Ref Proc:   0.0 ms]
      [Ref Enq:   0.0 ms]
      [Free CSet:   0.0 ms]
   [Eden: 0B(101M)->0B(101M) Survivors: 1024K->1024K Heap: 400M(512M)->400M(512M)]
 [Times: user=0.00 sys=0.00, real=0.00 secs] 
Heap after GC invocations=294 (full 157):
 garbage-first heap   total 524288K, used 410413K [0x00000007dae00000, 0x00000007fae00000, 0x00000007fae00000)
  region size 1024K, 1 young (1024K), 1 survivors (1024K)
 compacting perm gen  total 20480K, used 2870K [0x00000007fae00000, 0x00000007fc200000, 0x0000000800000000)
   the space 20480K,  14% used [0x00000007fae00000, 0x00000007fb0cda98, 0x00000007fb0cdc00, 0x00000007fc200000)
No shared spaces configured.
}
{Heap before GC invocations=294 (full 157):
 garbage-first heap   total 524288K, used 410413K [0x00000007dae00000, 0x00000007fae00000, 0x00000007fae00000)
  region size 1024K, 1 young (1024K), 1 survivors (1024K)
 compacting perm gen  total 20480K, used 2870K [0x00000007fae00000, 0x00000007fc200000, 0x0000000800000000)
   the space 20480K,  14% used [0x00000007fae00000, 0x00000007fb0cda98, 0x00000007fb0cdc00, 0x00000007fc200000)
No shared spaces configured.
8.063: [Full GC 400M->222M(512M), 0.0116480 secs]
 [Times: user=0.01 sys=0.00, real=0.01 secs] 
Heap after GC invocations=295 (full 158):
 garbage-first heap   total 524288K, used 227490K [0x00000007dae00000, 0x00000007fae00000, 0x00000007fae00000)
  region size 1024K, 0 young (0K), 0 survivors (0K)
 compacting perm gen  total 20480K, used 2870K [0x00000007fae00000, 0x00000007fc200000, 0x0000000800000000)
   the space 20480K,  14% used [0x00000007fae00000, 0x00000007fb0cda98, 0x00000007fb0cdc00, 0x00000007fc200000)
No shared spaces configured.
}
8.075: [GC concurrent-mark-abort]
{Heap before GC invocations=295 (full 158):
 garbage-first heap   total 524288K, used 251141K [0x00000007dae00000, 0x00000007fae00000, 0x00000007fae00000)
  region size 1024K, 1 young (1024K), 0 survivors (0K)
 compacting perm gen  total 20480K, used 2870K [0x00000007fae00000, 0x00000007fc200000, 0x0000000800000000)
   the space 20480K,  14% used [0x00000007fae00000, 0x00000007fb0cda98, 0x00000007fb0cdc00, 0x00000007fc200000)
No shared spaces configured.
8.091: [GC pause (young)
Desired survivor size 15204352 bytes, new threshold 15 (max 15)
- age   2:        128 bytes,        128 total
 (initial-mark), 0.00219500 secs]
   [Parallel Time:   1.9 ms]
      [GC Worker Start (ms):  8091.1  8091.5
       Avg: 8091.3, Min: 8091.1, Max: 8091.5, Diff:   0.4]
      [Ext Root Scanning (ms):  1.6  1.4
       Avg:   1.5, Min:   1.4, Max:   1.6, Diff:   0.2]
      [Update RS (ms):  0.0  0.0
       Avg:   0.0, Min:   0.0, Max:   0.0, Diff:   0.0]
         [Processed Buffers : 0 1
          Sum: 1, Avg: 0, Min: 0, Max: 1, Diff: 1]
      [Scan RS (ms):  0.0  0.0
       Avg:   0.0, Min:   0.0, Max:   0.0, Diff:   0.0]
      [Object Copy (ms):  0.3  0.1
       Avg:   0.2, Min:   0.1, Max:   0.3, Diff:   0.2]
      [Termination (ms):  0.0  0.0
       Avg:   0.0, Min:   0.0, Max:   0.0, Diff:   0.0]
         [Termination Attempts : 1 1
          Sum: 2, Avg: 1, Min: 1, Max: 1, Diff: 0]
      [GC Worker End (ms):  8093.0  8093.0
       Avg: 8093.0, Min: 8093.0, Max: 8093.0, Diff:   0.0]
      [GC Worker (ms):  1.9  1.5
       Avg:   1.7, Min:   1.5, Max:   1.9, Diff:   0.4]
      [GC Worker Other (ms):  0.1  0.4
       Avg:   0.3, Min:   0.1, Max:   0.4, Diff:   0.4]
   [Clear CT:   0.0 ms]
   [Other:   0.3 ms]
      [Choose CSet:   0.0 ms]
      [Ref Proc:   0.0 ms]
      [Ref Enq:   0.0 ms]
      [Free CSet:   0.0 ms]
   [Eden: 1024K(101M)->0B(205M) Survivors: 0B->1024K Heap: 245M(512M)->245M(512M)]
 [Times: user=0.00 sys=0.00, real=0.00 secs] 
Heap after GC invocations=296 (full 159):
 garbage-first heap   total 524288K, used 251173K [0x00000007dae00000, 0x00000007fae00000, 0x00000007fae00000)
  region size 1024K, 1 young (1024K), 1 survivors (1024K)
 compacting perm gen  total 20480K, used 2870K [0x00000007fae00000, 0x00000007fc200000, 0x0000000800000000)
   the space 20480K,  14% used [0x00000007fae00000, 0x00000007fb0cda98, 0x00000007fb0cdc00, 0x00000007fc200000)
No shared spaces configured.
}
8.093: [GC concurrent-root-region-scan-start]
8.093: [GC concurrent-root-region-scan-end, 0.0000480]
8.093: [GC concurrent-mark-start]
8.095: [GC concurrent-mark-end, 0.0016460 sec]
8.103: [GC remark 8.103: [GC ref-proc, 0.0000160 secs], 0.0027200 secs]
 [Times: user=0.01 sys=0.00, real=0.00 secs] 
8.106: [GC cleanup 264M->264M(512M), 0.0005900 secs]
 [Times: user=0.00 sys=0.00, real=0.00 secs] 
{Heap before GC invocations=297 (full 159):
 garbage-first heap   total 524288K, used 270782K [0x00000007dae00000, 0x00000007fae00000, 0x00000007fae00000)
  region size 1024K, 2 young (2048K), 1 survivors (1024K)
 compacting perm gen  total 20480K, used 2870K [0x00000007fae00000, 0x00000007fc200000, 0x0000000800000000)
   the space 20480K,  14% used [0x00000007fae00000, 0x00000007fb0cda98, 0x00000007fb0cdc00, 0x00000007fc200000)
No shared spaces configured.
8.113: [GC pause (young)
Desired survivor size 13631488 bytes, new threshold 15 (max 15)
- age   1:         16 bytes,         16 total
 (initial-mark), 0.00216500 secs]
   [Parallel Time:   1.9 ms]
      [GC Worker Start (ms):  8112.8  8114.7
       Avg: 8113.8, Min: 8112.8, Max: 8114.7, Diff:   1.9]
      [Ext Root Scanning (ms):  1.5  0.0
       Avg:   0.7, Min:   0.0, Max:   1.5, Diff:   1.5]
      [Update RS (ms):  0.0  0.0
       Avg:   0.0, Min:   0.0, Max:   0.0, Diff:   0.0]
         [Processed Buffers : 5 0
          Sum: 5, Avg: 2, Min: 0, Max: 5, Diff: 5]
      [Scan RS (ms):  0.0  0.0
       Avg:   0.0, Min:   0.0, Max:   0.0, Diff:   0.0]
      [Object Copy (ms):  0.3  0.0
       Avg:   0.2, Min:   0.0, Max:   0.3, Diff:   0.3]
      [Termination (ms):  0.1  0.0
       Avg:   0.0, Min:   0.0, Max:   0.1, Diff:   0.1]
         [Termination Attempts : 1 1
          Sum: 2, Avg: 1, Min: 1, Max: 1, Diff: 0]
      [GC Worker End (ms):  8114.7  8114.7
       Avg: 8114.7, Min: 8114.7, Max: 8114.7, Diff:   0.0]
      [GC Worker (ms):  1.9  0.0
       Avg:   1.0, Min:   0.0, Max:   1.9, Diff:   1.9]
      [GC Worker Other (ms):  0.0  1.9
       Avg:   1.0, Min:   0.0, Max:   1.9, Diff:   1.9]
   [Clear CT:   0.0 ms]
   [Other:   0.2 ms]
      [Choose CSet:   0.0 ms]
      [Ref Proc:   0.0 ms]
      [Ref Enq:   0.0 ms]
      [Free CSet:   0.0 ms]
   [Eden: 1024K(205M)->0B(185M) Survivors: 1024K->1024K Heap: 264M(512M)->264M(512M)]
 [Times: user=0.01 sys=0.00, real=0.00 secs] 
Heap after GC invocations=298 (full 160):
 garbage-first heap   total 524288K, used 270782K [0x00000007dae00000, 0x00000007fae00000, 0x00000007fae00000)
  region size 1024K, 1 young (1024K), 1 survivors (1024K)
 compacting perm gen  total 20480K, used 2870K [0x00000007fae00000, 0x00000007fc200000, 0x0000000800000000)
   the space 20480K,  14% used [0x00000007fae00000, 0x00000007fb0cda98, 0x00000007fb0cdc00, 0x00000007fc200000)
No shared spaces configured.
}
8.115: [GC concurrent-root-region-scan-start]
8.115: [GC concurrent-root-region-scan-end, 0.0000950]
8.115: [GC concurrent-mark-start]
8.118: [GC concurrent-mark-end, 0.0030850 sec]
8.124: [GC remark 8.124: [GC ref-proc, 0.0000170 secs], 0.0021370 secs]
 [Times: user=0.00 sys=0.00, real=0.01 secs] 
8.184: [GC cleanup 391M->275M(512M), 0.0005480 secs]
 [Times: user=0.00 sys=0.00, real=0.00 secs] 
8.185: [GC concurrent-cleanup-start]
8.185: [GC concurrent-cleanup-end, 0.0002740]
{Heap before GC invocations=299 (full 160):
 garbage-first heap   total 524288K, used 335572K [0x00000007dae00000, 0x00000007fae00000, 0x00000007fae00000)
  region size 1024K, 2 young (2048K), 1 survivors (1024K)
 compacting perm gen  total 20480K, used 2870K [0x00000007fae00000, 0x00000007fc200000, 0x0000000800000000)
   the space 20480K,  14% used [0x00000007fae00000, 0x00000007fb0cda98, 0x00000007fb0cdc00, 0x00000007fc200000)
No shared spaces configured.
8.219: [GC pause (young)
Desired survivor size 12582912 bytes, new threshold 15 (max 15)
- age   1:        376 bytes,        376 total
 (initial-mark), 0.00293300 secs]
   [Parallel Time:   2.6 ms]
      [GC Worker Start (ms):  8219.5  8219.9
       Avg: 8219.7, Min: 8219.5, Max: 8219.9, Diff:   0.4]
      [Ext Root Scanning (ms):  1.8  1.7
       Avg:   1.8, Min:   1.7, Max:   1.8, Diff:   0.1]
      [Update RS (ms):  0.3  0.0
       Avg:   0.1, Min:   0.0, Max:   0.3, Diff:   0.2]
         [Processed Buffers : 1 1
          Sum: 2, Avg: 1, Min: 1, Max: 1, Diff: 0]
      [Scan RS (ms):  0.0  0.2
       Avg:   0.1, Min:   0.0, Max:   0.2, Diff:   0.2]
      [Object Copy (ms):  0.2  0.2
       Avg:   0.2, Min:   0.2, Max:   0.2, Diff:   0.1]
      [Termination (ms):  0.2  0.0
       Avg:   0.1, Min:   0.0, Max:   0.2, Diff:   0.2]
         [Termination Attempts : 1 1
          Sum: 2, Avg: 1, Min: 1, Max: 1, Diff: 0]
      [GC Worker End (ms):  8222.0  8222.0
       Avg: 8222.0, Min: 8222.0, Max: 8222.0, Diff:   0.0]
      [GC Worker (ms):  2.5  2.1
       Avg:   2.3, Min:   2.1, Max:   2.5, Diff:   0.4]
      [GC Worker Other (ms):  0.0  0.5
       Avg:   0.3, Min:   0.0, Max:   0.5, Diff:   0.4]
   [Clear CT:   0.0 ms]
   [Other:   0.3 ms]
      [Choose CSet:   0.0 ms]
      [Ref Proc:   0.1 ms]
      [Ref Enq:   0.0 ms]
      [Free CSet:   0.0 ms]
   [Eden: 1024K(185M)->0B(119M) Survivors: 1024K->1024K Heap: 327M(512M)->327M(512M)]
 [Times: user=0.00 sys=0.00, real=0.00 secs] 
Heap after GC invocations=300 (full 161):
 garbage-first heap   total 524288K, used 335572K [0x00000007dae00000, 0x00000007fae00000, 0x00000007fae00000)
  region size 1024K, 1 young (1024K), 1 survivors (1024K)
 compacting perm gen  total 20480K, used 2870K [0x00000007fae00000, 0x00000007fc200000, 0x0000000800000000)
   the space 20480K,  14% used [0x00000007fae00000, 0x00000007fb0cda98, 0x00000007fb0cdc00, 0x00000007fc200000)
No shared spaces configured.
}
8.222: [GC concurrent-root-region-scan-start]
8.225: [GC concurrent-root-region-scan-end, 0.0026150]
8.230: [GC concurrent-mark-start]
8.232: [GC concurrent-mark-end, 0.0015760 sec]
8.237: [GC remark 8.237: [GC ref-proc, 0.0000220 secs], 0.0041300 secs]
 [Times: user=0.01 sys=0.00, real=0.00 secs] 
8.241: [GC cleanup 350M->331M(512M), 0.0003490 secs]
 [Times: user=0.00 sys=0.00, real=0.00 secs] 
8.241: [GC concurrent-cleanup-start]
8.241: [GC concurrent-cleanup-end, 0.0000480]
{Heap before GC invocations=301 (full 161):
 garbage-first heap   total 524288K, used 395172K [0x00000007dae00000, 0x00000007fae00000, 0x00000007fae00000)
  region size 1024K, 2 young (2048K), 1 survivors (1024K)
 compacting perm gen  total 20480K, used 2870K [0x00000007fae00000, 0x00000007fc200000, 0x0000000800000000)
   the space 20480K,  14% used [0x00000007fae00000, 0x00000007fb0cda98, 0x00000007fb0cdc00, 0x00000007fc200000)
No shared spaces configured.
8.274: [GC pause (young)
Desired survivor size 7864320 bytes, new threshold 15 (max 15)
- age   1:        368 bytes,        368 total
- age   2:        272 bytes,        640 total
 (initial-mark), 0.00119400 secs]
   [Parallel Time:   1.0 ms]
      [GC Worker Start (ms):  8274.0  8274.1
       Avg: 8274.1, Min: 8274.0, Max: 8274.1, Diff:   0.0]
      [Ext Root Scanning (ms):  0.8  0.7
       Avg:   0.8, Min:   0.7, Max:   0.8, Diff:   0.1]
      [Update RS (ms):  0.0  0.0
       Avg:   0.0, Min:   0.0, Max:   0.0, Diff:   0.0]
         [Processed Buffers : 1 1
          Sum: 2, Avg: 1, Min: 1, Max: 1, Diff: 0]
      [Scan RS (ms):  0.0  0.0
       Avg:   0.0, Min:   0.0, Max:   0.0, Diff:   0.0]
      [Object Copy (ms):  0.1  0.2
       Avg:   0.2, Min:   0.1, Max:   0.2, Diff:   0.1]
      [Termination (ms):  0.0  0.0
       Avg:   0.0, Min:   0.0, Max:   0.0, Diff:   0.0]
         [Termination Attempts : 1 1
          Sum: 2, Avg: 1, Min: 1, Max: 1, Diff: 0]
      [GC Worker End (ms):  8275.0  8275.0
       Avg: 8275.0, Min: 8275.0, Max: 8275.0, Diff:   0.0]
      [GC Worker (ms):  1.0  1.0
       Avg:   1.0, Min:   1.0, Max:   1.0, Diff:   0.0]
      [GC Worker Other (ms):  0.1  0.1
       Avg:   0.1, Min:   0.1, Max:   0.1, Diff:   0.0]
   [Clear CT:   0.0 ms]
   [Other:   0.1 ms]
      [Choose CSet:   0.0 ms]
      [Ref Proc:   0.0 ms]
      [Ref Enq:   0.0 ms]
      [Free CSet:   0.0 ms]
   [Eden: 1024K(119M)->0B(101M) Survivors: 1024K->1024K Heap: 386M(512M)->385M(512M)]
 [Times: user=0.00 sys=0.00, real=0.00 secs] 
Heap after GC invocations=302 (full 162):
 garbage-first heap   total 524288K, used 395204K [0x00000007dae00000, 0x00000007fae00000, 0x00000007fae00000)
  region size 1024K, 1 young (1024K), 1 survivors (1024K)
 compacting perm gen  total 20480K, used 2870K [0x00000007fae00000, 0x00000007fc200000, 0x0000000800000000)
   the space 20480K,  14% used [0x00000007fae00000, 0x00000007fb0cda98, 0x00000007fb0cdc00, 0x00000007fc200000)
No shared spaces configured.
}
8.275: [GC concurrent-root-region-scan-start]
8.275: [GC concurrent-root-region-scan-end, 0.0001110]
8.275: [GC concurrent-mark-start]
8.276: [GC concurrent-mark-end, 0.0011510 sec]
8.286: [GC remark 8.286: [GC ref-proc, 0.0000180 secs], 0.0038560 secs]
 [Times: user=0.01 sys=0.00, real=0.00 secs] 
{Heap before GC invocations=302 (full 162):
 garbage-first heap   total 524288K, used 474969K [0x00000007dae00000, 0x00000007fae00000, 0x00000007fae00000)
  region size 1024K, 2 young (2048K), 1 survivors (1024K)
 compacting perm gen  total 20480K, used 2870K [0x00000007fae00000, 0x00000007fc200000, 0x0000000800000000)
   the space 20480K,  14% used [0x00000007fae00000, 0x00000007fb0cda98, 0x00000007fb0cdc00, 0x00000007fc200000)
No shared spaces configured.
8.320: [GC pause (young)
Desired survivor size 6815744 bytes, new threshold 15 (max 15)
- age   1:        192 bytes,        192 total
- age   2:        336 bytes,        528 total
- age   3:        256 bytes,        784 total
, 0.00102600 secs]
   [Parallel Time:   0.9 ms]
      [GC Worker Start (ms):  8320.0  8320.0
       Avg: 8320.0, Min: 8320.0, Max: 8320.0, Diff:   0.0]
      [Ext Root Scanning (ms):  0.8  0.8
       Avg:   0.8, Min:   0.8, Max:   0.8, Diff:   0.1]
      [SATB Filtering (ms):  0.0  0.0
       Avg:   0.0, Min:   0.0, Max:   0.0, Diff:   0.0]
      [Update RS (ms):  0.0  0.0
       Avg:   0.0, Min:   0.0, Max:   0.0, Diff:   0.0]
         [Processed Buffers : 0 4
          Sum: 4, Avg: 2, Min: 0, Max: 4, Diff: 4]
      [Scan RS (ms):  0.0  0.0
       Avg:   0.0, Min:   0.0, Max:   0.0, Diff:   0.0]
      [Object Copy (ms):  0.0  0.1
       Avg:   0.0, Min:   0.0, Max:   0.1, Diff:   0.0]
      [Termination (ms):  0.0  0.0
       Avg:   0.0, Min:   0.0, Max:   0.0, Diff:   0.0]
         [Termination Attempts : 1 1
          Sum: 2, Avg: 1, Min: 1, Max: 1, Diff: 0]
      [GC Worker End (ms):  8320.8  8320.8
       Avg: 8320.8, Min: 8320.8, Max: 8320.8, Diff:   0.0]
      [GC Worker (ms):  0.9  0.9
       Avg:   0.9, Min:   0.9, Max:   0.9, Diff:   0.0]
      [GC Worker Other (ms):  0.1  0.1
       Avg:   0.1, Min:   0.1, Max:   0.1, Diff:   0.0]
   [Complete CSet Marking:   0.0 ms]
   [Clear CT:   0.0 ms]
   [Other:   0.1 ms]
      [Choose CSet:   0.0 ms]
      [Ref Proc:   0.0 ms]
      [Ref Enq:   0.0 ms]
      [Free CSet:   0.0 ms]
   [Eden: 1024K(101M)->0B(101M) Survivors: 1024K->1024K Heap: 463M(512M)->463M(512M)]
 [Times: user=0.00 sys=0.00, real=0.00 secs] 
Heap after GC invocations=303 (full 162):
 garbage-first heap   total 524288K, used 474969K [0x00000007dae00000, 0x00000007fae00000, 0x00000007fae00000)
  region size 1024K, 1 young (1024K), 1 survivors (1024K)
 compacting perm gen  total 20480K, used 2870K [0x00000007fae00000, 0x00000007fc200000, 0x0000000800000000)
   the space 20480K,  14% used [0x00000007fae00000, 0x00000007fb0cda98, 0x00000007fb0cdc00, 0x00000007fc200000)
No shared spaces configured.
}
{Heap before GC invocations=303 (full 162):
 garbage-first heap   total 524288K, used 474969K [0x00000007dae00000, 0x00000007fae00000, 0x00000007fae00000)
  region size 1024K, 1 young (1024K), 1 survivors (1024K)
 compacting perm gen  total 20480K, used 2870K [0x00000007fae00000, 0x00000007fc200000, 0x0000000800000000)
   the space 20480K,  14% used [0x00000007fae00000, 0x00000007fb0cda98, 0x00000007fb0cdc00, 0x00000007fc200000)
No shared spaces configured.
8.321: [Full GC 463M->411M(512M), 0.0111540 secs]
 [Times: user=0.01 sys=0.00, real=0.01 secs] 
Heap after GC invocations=304 (full 163):
 garbage-first heap   total 524288K, used 420965K [0x00000007dae00000, 0x00000007fae00000, 0x00000007fae00000)
  region size 1024K, 0 young (0K), 0 survivors (0K)
 compacting perm gen  total 20480K, used 2870K [0x00000007fae00000, 0x00000007fc200000, 0x0000000800000000)
   the space 20480K,  14% used [0x00000007fae00000, 0x00000007fb0cda98, 0x00000007fb0cdc00, 0x00000007fc200000)
No shared spaces configured.
}
8.351: [GC cleanup, 0.0000020 secs]
 [Times: user=0.00 sys=0.00, real=0.00 secs] 
8.352: [GC concurrent-mark-abort]
{Heap before GC invocations=304 (full 163):
 garbage-first heap   total 524288K, used 470081K [0x00000007dae00000, 0x00000007fae00000, 0x00000007fae00000)
  region size 1024K, 1 young (1024K), 0 survivors (0K)
 compacting perm gen  total 20480K, used 2870K [0x00000007fae00000, 0x00000007fc200000, 0x0000000800000000)
   the space 20480K,  14% used [0x00000007fae00000, 0x00000007fb0cda98, 0x00000007fb0cdc00, 0x00000007fc200000)
No shared spaces configured.
8.362: [GC pause (young)
Desired survivor size 6815744 bytes, new threshold 15 (max 15)
- age   1:         88 bytes,         88 total
- age   2:        176 bytes,        264 total
- age   3:        216 bytes,        480 total
- age   4:        256 bytes,        736 total
 (initial-mark), 0.00197800 secs]
   [Parallel Time:   1.8 ms]
      [GC Worker Start (ms):  8362.5  8362.5
       Avg: 8362.5, Min: 8362.5, Max: 8362.5, Diff:   0.0]
      [Ext Root Scanning (ms):  1.4  1.6
       Avg:   1.5, Min:   1.4, Max:   1.6, Diff:   0.1]
      [Update RS (ms):  0.0  0.0
       Avg:   0.0, Min:   0.0, Max:   0.0, Diff:   0.0]
         [Processed Buffers : 5 0
          Sum: 5, Avg: 2, Min: 0, Max: 5, Diff: 5]
      [Scan RS (ms):  0.0  0.0
       Avg:   0.0, Min:   0.0, Max:   0.0, Diff:   0.0]
      [Object Copy (ms):  0.2  0.1
       Avg:   0.2, Min:   0.1, Max:   0.2, Diff:   0.1]
      [Termination (ms):  0.0  0.0
       Avg:   0.0, Min:   0.0, Max:   0.0, Diff:   0.0]
         [Termination Attempts : 1 1
          Sum: 2, Avg: 1, Min: 1, Max: 1, Diff: 0]
      [GC Worker End (ms):  8364.3  8364.3
       Avg: 8364.3, Min: 8364.3, Max: 8364.3, Diff:   0.0]
      [GC Worker (ms):  1.8  1.7
       Avg:   1.7, Min:   1.7, Max:   1.8, Diff:   0.0]
      [GC Worker Other (ms):  0.1  0.1
       Avg:   0.1, Min:   0.1, Max:   0.1, Diff:   0.0]
   [Clear CT:   0.0 ms]
   [Other:   0.2 ms]
      [Choose CSet:   0.0 ms]
      [Ref Proc:   0.0 ms]
      [Ref Enq:   0.0 ms]
      [Free CSet:   0.0 ms]
   [Eden: 1024K(101M)->0B(101M) Survivors: 0B->1024K Heap: 459M(512M)->459M(512M)]
 [Times: user=0.00 sys=0.00, real=0.00 secs] 
Heap after GC invocations=305 (full 164):
 garbage-first heap   total 524288K, used 470145K [0x00000007dae00000, 0x00000007fae00000, 0x00000007fae00000)
  region size 1024K, 1 young (1024K), 1 survivors (1024K)
 compacting perm gen  total 20480K, used 2870K [0x00000007fae00000, 0x00000007fc200000, 0x0000000800000000)
   the space 20480K,  14% used [0x00000007fae00000, 0x00000007fb0cda98, 0x00000007fb0cdc00, 0x00000007fc200000)
No shared spaces configured.
}
8.365: [GC concurrent-root-region-scan-start]
8.365: [GC concurrent-root-region-scan-end, 0.0000560]
8.365: [GC concurrent-mark-start]
{Heap before GC invocations=305 (full 164):
 garbage-first heap   total 524288K, used 470145K [0x00000007dae00000, 0x00000007fae00000, 0x00000007fae00000)
  region size 1024K, 1 young (1024K), 1 survivors (1024K)
 compacting perm gen  total 20480K, used 2870K [0x00000007fae00000, 0x00000007fc200000, 0x0000000800000000)
   the space 20480K,  14% used [0x00000007fae00000, 0x00000007fb0cda98, 0x00000007fb0cdc00, 0x00000007fc200000)
No shared spaces configured.
8.365: [GC pause (young)
Desired survivor size 6815744 bytes, new threshold 15 (max 15)
- age   1:        312 bytes,        312 total
, 0.00057100 secs]
   [Parallel Time:   0.5 ms]
      [GC Worker Start (ms):  8364.8  8364.8
       Avg: 8364.8, Min: 8364.8, Max: 8364.8, Diff:   0.0]
      [Ext Root Scanning (ms):  0.4  0.4
       Avg:   0.4, Min:   0.4, Max:   0.4, Diff:   0.0]
      [SATB Filtering (ms):  0.0  0.0
       Avg:   0.0, Min:   0.0, Max:   0.0, Diff:   0.0]
      [Update RS (ms):  0.0  0.0
       Avg:   0.0, Min:   0.0, Max:   0.0, Diff:   0.0]
         [Processed Buffers : 3 0
          Sum: 3, Avg: 1, Min: 0, Max: 3, Diff: 3]
      [Scan RS (ms):  0.0  0.0
       Avg:   0.0, Min:   0.0, Max:   0.0, Diff:   0.0]
      [Object Copy (ms):  0.0  0.0
       Avg:   0.0, Min:   0.0, Max:   0.0, Diff:   0.0]
      [Termination (ms):  0.0  0.0
       Avg:   0.0, Min:   0.0, Max:   0.0, Diff:   0.0]
         [Termination Attempts : 1 1
          Sum: 2, Avg: 1, Min: 1, Max: 1, Diff: 0]
      [GC Worker End (ms):  8365.3  8365.3
       Avg: 8365.3, Min: 8365.3, Max: 8365.3, Diff:   0.0]
      [GC Worker (ms):  0.5  0.5
       Avg:   0.5, Min:   0.5, Max:   0.5, Diff:   0.0]
      [GC Worker Other (ms):  0.0  0.0
       Avg:   0.0, Min:   0.0, Max:   0.0, Diff:   0.0]
   [Complete CSet Marking:   0.0 ms]
   [Clear CT:   0.0 ms]
   [Other:   0.0 ms]
      [Choose CSet:   0.0 ms]
      [Ref Proc:   0.0 ms]
      [Ref Enq:   0.0 ms]
      [Free CSet:   0.0 ms]
   [Eden: 0B(101M)->0B(101M) Survivors: 1024K->1024K Heap: 459M(512M)->459M(512M)]
 [Times: user=0.00 sys=0.00, real=0.00 secs] 
Heap after GC invocations=306 (full 164):
 garbage-first heap   total 524288K, used 470145K [0x00000007dae00000, 0x00000007fae00000, 0x00000007fae00000)
  region size 1024K, 1 young (1024K), 1 survivors (1024K)
 compacting perm gen  total 20480K, used 2870K [0x00000007fae00000, 0x00000007fc200000, 0x0000000800000000)
   the space 20480K,  14% used [0x00000007fae00000, 0x00000007fb0cda98, 0x00000007fb0cdc00, 0x00000007fc200000)
No shared spaces configured.
}
{Heap before GC invocations=306 (full 164):
 garbage-first heap   total 524288K, used 470145K [0x00000007dae00000, 0x00000007fae00000, 0x00000007fae00000)
  region size 1024K, 1 young (1024K), 1 survivors (1024K)
 compacting perm gen  total 20480K, used 2870K [0x00000007fae00000, 0x00000007fc200000, 0x0000000800000000)
   the space 20480K,  14% used [0x00000007fae00000, 0x00000007fb0cda98, 0x00000007fb0cdc00, 0x00000007fc200000)
No shared spaces configured.
8.366: [Full GC 459M->266M(512M), 0.0113280 secs]
 [Times: user=0.02 sys=0.00, real=0.02 secs] 
Heap after GC invocations=307 (full 165):
 garbage-first heap   total 524288K, used 272533K [0x00000007dae00000, 0x00000007fae00000, 0x00000007fae00000)
  region size 1024K, 0 young (0K), 0 survivors (0K)
 compacting perm gen  total 20480K, used 2870K [0x00000007fae00000, 0x00000007fc200000, 0x0000000800000000)
   the space 20480K,  14% used [0x00000007fae00000, 0x00000007fb0cda98, 0x00000007fb0cdc00, 0x00000007fc200000)
No shared spaces configured.
}
8.377: [GC concurrent-mark-abort]
{Heap before GC invocations=307 (full 165):
 garbage-first heap   total 524288K, used 312469K [0x00000007dae00000, 0x00000007fae00000, 0x00000007fae00000)
  region size 1024K, 1 young (1024K), 0 survivors (0K)
 compacting perm gen  total 20480K, used 2870K [0x00000007fae00000, 0x00000007fc200000, 0x0000000800000000)
   the space 20480K,  14% used [0x00000007fae00000, 0x00000007fb0cda98, 0x00000007fb0cdc00, 0x00000007fc200000)
No shared spaces configured.
8.402: [GC pause (young)
Desired survivor size 12058624 bytes, new threshold 15 (max 15)
- age   2:        312 bytes,        312 total
 (initial-mark), 0.00192100 secs]
   [Parallel Time:   1.7 ms]
      [GC Worker Start (ms):  8402.2  8402.2
       Avg: 8402.2, Min: 8402.2, Max: 8402.2, Diff:   0.0]
      [Ext Root Scanning (ms):  1.4  1.5
       Avg:   1.5, Min:   1.4, Max:   1.5, Diff:   0.1]
      [Update RS (ms):  0.0  0.0
       Avg:   0.0, Min:   0.0, Max:   0.0, Diff:   0.0]
         [Processed Buffers : 1 0
          Sum: 1, Avg: 0, Min: 0, Max: 1, Diff: 1]
      [Scan RS (ms):  0.0  0.0
       Avg:   0.0, Min:   0.0, Max:   0.0, Diff:   0.0]
      [Object Copy (ms):  0.2  0.2
       Avg:   0.2, Min:   0.2, Max:   0.2, Diff:   0.0]
      [Termination (ms):  0.0  0.0
       Avg:   0.0, Min:   0.0, Max:   0.0, Diff:   0.0]
         [Termination Attempts : 1 1
          Sum: 2, Avg: 1, Min: 1, Max: 1, Diff: 0]
      [GC Worker End (ms):  8403.9  8403.9
       Avg: 8403.9, Min: 8403.9, Max: 8403.9, Diff:   0.0]
      [GC Worker (ms):  1.7  1.7
       Avg:   1.7, Min:   1.7, Max:   1.7, Diff:   0.0]
      [GC Worker Other (ms):  0.1  0.1
       Avg:   0.1, Min:   0.1, Max:   0.1, Diff:   0.0]
   [Clear CT:   0.0 ms]
   [Other:   0.2 ms]
      [Choose CSet:   0.0 ms]
      [Ref Proc:   0.0 ms]
      [Ref Enq:   0.0 ms]
      [Free CSet:   0.0 ms]
   [Eden: 1024K(101M)->0B(142M) Survivors: 0B->1024K Heap: 305M(512M)->305M(512M)]
 [Times: user=0.00 sys=0.01, real=0.00 secs] 
Heap after GC invocations=308 (full 166):
 garbage-first heap   total 524288K, used 312501K [0x00000007dae00000, 0x00000007fae00000, 0x00000007fae00000)
  region size 1024K, 1 young (1024K), 1 survivors (1024K)
 compacting perm gen  total 20480K, used 2870K [0x00000007fae00000, 0x00000007fc200000, 0x0000000800000000)
   the space 20480K,  14% used [0x00000007fae00000, 0x00000007fb0cda98, 0x00000007fb0cdc00, 0x00000007fc200000)
No shared spaces configured.
}
8.404: [GC concurrent-root-region-scan-start]
8.404: [GC concurrent-root-region-scan-end, 0.0001080]
8.404: [GC concurrent-mark-start]
8.406: [GC concurrent-mark-end, 0.0017780 sec]
8.415: [GC remark 8.415: [GC ref-proc, 0.0000150 secs], 0.0037620 secs]
 [Times: user=0.01 sys=0.00, real=0.01 secs] 
8.447: [GC cleanup 382M->382M(512M), 0.0005630 secs]
 [Times: user=0.00 sys=0.00, real=0.00 secs] 
{Heap before GC invocations=309 (full 166):
 garbage-first heap   total 524288K, used 408391K [0x00000007dae00000, 0x00000007fae00000, 0x00000007fae00000)
  region size 1024K, 2 young (2048K), 1 survivors (1024K)
 compacting perm gen  total 20480K, used 2870K [0x00000007fae00000, 0x00000007fc200000, 0x0000000800000000)
   the space 20480K,  14% used [0x00000007fae00000, 0x00000007fb0cda98, 0x00000007fb0cdc00, 0x00000007fc200000)
No shared spaces configured.
8.461: [GC pause (young)
Desired survivor size 9437184 bytes, new threshold 15 (max 15)
- age   1:         32 bytes,         32 total
 (initial-mark), 0.00119300 secs]
   [Parallel Time:   1.0 ms]
      [GC Worker Start (ms):  8461.6  8461.6
       Avg: 8461.6, Min: 8461.6, Max: 8461.6, Diff:   0.0]
      [Ext Root Scanning (ms):  0.8  0.7
       Avg:   0.8, Min:   0.7, Max:   0.8, Diff:   0.1]
      [Update RS (ms):  0.0  0.0
       Avg:   0.0, Min:   0.0, Max:   0.0, Diff:   0.0]
         [Processed Buffers : 0 5
          Sum: 5, Avg: 2, Min: 0, Max: 5, Diff: 5]
      [Scan RS (ms):  0.0  0.0
       Avg:   0.0, Min:   0.0, Max:   0.0, Diff:   0.0]
      [Object Copy (ms):  0.2  0.1
       Avg:   0.1, Min:   0.1, Max:   0.2, Diff:   0.0]
      [Termination (ms):  0.0  0.0
       Avg:   0.0, Min:   0.0, Max:   0.0, Diff:   0.0]
         [Termination Attempts : 1 1
          Sum: 2, Avg: 1, Min: 1, Max: 1, Diff: 0]
      [GC Worker End (ms):  8462.5  8462.6
       Avg: 8462.6, Min: 8462.5, Max: 8462.6, Diff:   0.0]
      [GC Worker (ms):  1.0  1.0
       Avg:   1.0, Min:   1.0, Max:   1.0, Diff:   0.0]
      [GC Worker Other (ms):  0.1  0.1
       Avg:   0.1, Min:   0.1, Max:   0.1, Diff:   0.0]
   [Clear CT:   0.0 ms]
   [Other:   0.1 ms]
      [Choose CSet:   0.0 ms]
      [Ref Proc:   0.0 ms]
      [Ref Enq:   0.0 ms]
      [Free CSet:   0.0 ms]
   [Eden: 1024K(142M)->0B(101M) Survivors: 1024K->1024K Heap: 398M(512M)->398M(512M)]
 [Times: user=0.00 sys=0.00, real=0.00 secs] 
Heap after GC invocations=310 (full 167):
 garbage-first heap   total 524288K, used 408391K [0x00000007dae00000, 0x00000007fae00000, 0x00000007fae00000)
  region size 1024K, 1 young (1024K), 1 survivors (1024K)
 compacting perm gen  total 20480K, used 2870K [0x00000007fae00000, 0x00000007fc200000, 0x0000000800000000)
   the space 20480K,  14% used [0x00000007fae00000, 0x00000007fb0cda98, 0x00000007fb0cdc00, 0x00000007fc200000)
No shared spaces configured.
}
8.463: [GC concurrent-root-region-scan-start]
8.463: [GC concurrent-root-region-scan-end, 0.0000790]
8.463: [GC concurrent-mark-start]
8.468: [GC concurrent-mark-end, 0.0050730 sec]
8.481: [GC remark 8.481: [GC ref-proc, 0.0000160 secs], 0.0033170 secs]
 [Times: user=0.01 sys=0.00, real=0.00 secs] 
8.485: [GC cleanup 434M->275M(512M), 0.0004400 secs]
 [Times: user=0.00 sys=0.00, real=0.00 secs] 
8.485: [GC concurrent-cleanup-start]
8.485: [GC concurrent-cleanup-end, 0.0003200]
{Heap before GC invocations=311 (full 167):
 garbage-first heap   total 524288K, used 359903K [0x00000007dae00000, 0x00000007fae00000, 0x00000007fae00000)
  region size 1024K, 2 young (2048K), 1 survivors (1024K)
 compacting perm gen  total 20480K, used 2870K [0x00000007fae00000, 0x00000007fc200000, 0x0000000800000000)
   the space 20480K,  14% used [0x00000007fae00000, 0x00000007fb0cda98, 0x00000007fb0cdc00, 0x00000007fc200000)
No shared spaces configured.
8.530: [GC pause (young)
Desired survivor size 6815744 bytes, new threshold 15 (max 15)
- age   1:        312 bytes,        312 total
 (initial-mark), 0.00120400 secs]
   [Parallel Time:   1.0 ms]
      [GC Worker Start (ms):  8529.8  8529.8
       Avg: 8529.8, Min: 8529.8, Max: 8529.8, Diff:   0.0]
      [Ext Root Scanning (ms):  0.7  0.8
       Avg:   0.8, Min:   0.7, Max:   0.8, Diff:   0.1]
      [Update RS (ms):  0.0  0.0
       Avg:   0.0, Min:   0.0, Max:   0.0, Diff:   0.0]
         [Processed Buffers : 4 1
          Sum: 5, Avg: 2, Min: 1, Max: 4, Diff: 3]
      [Scan RS (ms):  0.0  0.0
       Avg:   0.0, Min:   0.0, Max:   0.0, Diff:   0.0]
      [Object Copy (ms):  0.2  0.1
       Avg:   0.2, Min:   0.1, Max:   0.2, Diff:   0.1]
      [Termination (ms):  0.0  0.0
       Avg:   0.0, Min:   0.0, Max:   0.0, Diff:   0.0]
         [Termination Attempts : 1 1
          Sum: 2, Avg: 1, Min: 1, Max: 1, Diff: 0]
      [GC Worker End (ms):  8530.8  8530.8
       Avg: 8530.8, Min: 8530.8, Max: 8530.8, Diff:   0.0]
      [GC Worker (ms):  1.0  1.0
       Avg:   1.0, Min:   1.0, Max:   1.0, Diff:   0.0]
      [GC Worker Other (ms):  0.1  0.1
       Avg:   0.1, Min:   0.1, Max:   0.1, Diff:   0.0]
   [Clear CT:   0.0 ms]
   [Other:   0.2 ms]
      [Choose CSet:   0.0 ms]
      [Ref Proc:   0.0 ms]
      [Ref Enq:   0.0 ms]
      [Free CSet:   0.0 ms]
   [Eden: 1024K(101M)->0B(101M) Survivors: 1024K->1024K Heap: 351M(512M)->351M(512M)]
 [Times: user=0.00 sys=0.00, real=0.00 secs] 
Heap after GC invocations=312 (full 168):
 garbage-first heap   total 524288K, used 359935K [0x00000007dae00000, 0x00000007fae00000, 0x00000007fae00000)
  region size 1024K, 1 young (1024K), 1 survivors (1024K)
 compacting perm gen  total 20480K, used 2870K [0x00000007fae00000, 0x00000007fc200000, 0x0000000800000000)
   the space 20480K,  14% used [0x00000007fae00000, 0x00000007fb0cda98, 0x00000007fb0cdc00, 0x00000007fc200000)
No shared spaces configured.
}
8.531: [GC concurrent-root-region-scan-start]
8.531: [GC concurrent-root-region-scan-end, 0.0000690]
8.531: [GC concurrent-mark-start]
8.541: [GC concurrent-mark-end, 0.0101800 sec]
8.559: [GC remark 8.559: [GC ref-proc, 0.0000170 secs], 0.0030420 secs]
 [Times: user=0.00 sys=0.00, real=0.00 secs] 
8.563: [GC cleanup 407M->311M(512M), 0.0007910 secs]
 [Times: user=0.00 sys=0.00, real=0.00 secs] 
8.563: [GC concurrent-cleanup-start]
8.564: [GC concurrent-cleanup-end, 0.0001950]
{Heap before GC invocations=313 (full 168):
 garbage-first heap   total 524288K, used 318801K [0x00000007dae00000, 0x00000007fae00000, 0x00000007fae00000)
  region size 1024K, 2 young (2048K), 1 survivors (1024K)
 compacting perm gen  total 20480K, used 2870K [0x00000007fae00000, 0x00000007fc200000, 0x0000000800000000)
   the space 20480K,  14% used [0x00000007fae00000, 0x00000007fb0cda98, 0x00000007fb0cdc00, 0x00000007fc200000)
No shared spaces configured.
8.569: [GC pause (young)
Desired survivor size 6815744 bytes, new threshold 15 (max 15)
- age   1:        232 bytes,        232 total
- age   2:        280 bytes,        512 total
 (initial-mark), 0.00110000 secs]
   [Parallel Time:   0.9 ms]
      [GC Worker Start (ms):  8569.3  8569.3
       Avg: 8569.3, Min: 8569.3, Max: 8569.3, Diff:   0.0]
      [Ext Root Scanning (ms):  0.7  0.7
       Avg:   0.7, Min:   0.7, Max:   0.7, Diff:   0.1]
      [Update RS (ms):  0.0  0.0
       Avg:   0.0, Min:   0.0, Max:   0.0, Diff:   0.0]
         [Processed Buffers : 2 1
          Sum: 3, Avg: 1, Min: 1, Max: 2, Diff: 1]
      [Scan RS (ms):  0.0  0.0
       Avg:   0.0, Min:   0.0, Max:   0.0, Diff:   0.0]
      [Object Copy (ms):  0.2  0.1
       Avg:   0.2, Min:   0.1, Max:   0.2, Diff:   0.0]
      [Termination (ms):  0.0  0.0
       Avg:   0.0, Min:   0.0, Max:   0.0, Diff:   0.0]
         [Termination Attempts : 1 1
          Sum: 2, Avg: 1, Min: 1, Max: 1, Diff: 0]
      [GC Worker End (ms):  8570.1  8570.1
       Avg: 8570.1, Min: 8570.1, Max: 8570.1, Diff:   0.0]
      [GC Worker (ms):  0.9  0.9
       Avg:   0.9, Min:   0.9, Max:   0.9, Diff:   0.0]
      [GC Worker Other (ms):  0.1  0.1
       Avg:   0.1, Min:   0.1, Max:   0.1, Diff:   0.0]
   [Clear CT:   0.0 ms]
   [Other:   0.1 ms]
      [Choose CSet:   0.0 ms]
      [Ref Proc:   0.0 ms]
      [Ref Enq:   0.0 ms]
      [Free CSet:   0.0 ms]
   [Eden: 1024K(101M)->0B(137M) Survivors: 1024K->1024K Heap: 311M(512M)->311M(512M)]
 [Times: user=0.00 sys=0.00, real=0.00 secs] 
Heap after GC invocations=314 (full 169):
 garbage-first heap   total 524288K, used 318801K [0x00000007dae00000, 0x00000007fae00000, 0x00000007fae00000)
  region size 1024K, 1 young (1024K), 1 survivors (1024K)
 compacting perm gen  total 20480K, used 2870K [0x00000007fae00000, 0x00000007fc200000, 0x0000000800000000)
   the space 20480K,  14% used [0x00000007fae00000, 0x00000007fb0cda98, 0x00000007fb0cdc00, 0x00000007fc200000)
No shared spaces configured.
}
8.570: [GC concurrent-root-region-scan-start]
8.571: [GC concurrent-root-region-scan-end, 0.0002220]
8.571: [GC concurrent-mark-start]
8.585: [GC concurrent-mark-end, 0.0147200 sec]
8.595: [GC remark 8.596: [GC ref-proc, 0.0000170 secs], 0.0046370 secs]
 [Times: user=0.00 sys=0.00, real=0.01 secs] 
8.600: [GC cleanup 356M->241M(512M), 0.0004060 secs]
 [Times: user=0.00 sys=0.00, real=0.00 secs] 
8.600: [GC concurrent-cleanup-start]
8.600: [GC concurrent-cleanup-end, 0.0002120]
{Heap before GC invocations=315 (full 169):
 garbage-first heap   total 524288K, used 285724K [0x00000007dae00000, 0x00000007fae00000, 0x00000007fae00000)
  region size 1024K, 2 young (2048K), 1 survivors (1024K)
 compacting perm gen  total 20480K, used 2870K [0x00000007fae00000, 0x00000007fc200000, 0x0000000800000000)
   the space 20480K,  14% used [0x00000007fae00000, 0x00000007fb0cda98, 0x00000007fb0cdc00, 0x00000007fc200000)
No shared spaces configured.
8.624: [GC pause (young)
Desired survivor size 9437184 bytes, new threshold 15 (max 15)
- age   1:        328 bytes,        328 total
- age   2:         80 bytes,        408 total
- age   3:         80 bytes,        488 total
 (initial-mark), 0.00119200 secs]
   [Parallel Time:   1.0 ms]
      [GC Worker Start (ms):  8624.4  8624.4
       Avg: 8624.4, Min: 8624.4, Max: 8624.4, Diff:   0.0]
      [Ext Root Scanning (ms):  0.7  0.8
       Avg:   0.8, Min:   0.7, Max:   0.8, Diff:   0.1]
      [Update RS (ms):  0.0  0.0
       Avg:   0.0, Min:   0.0, Max:   0.0, Diff:   0.0]
         [Processed Buffers : 4 0
          Sum: 4, Avg: 2, Min: 0, Max: 4, Diff: 4]
      [Scan RS (ms):  0.0  0.0
       Avg:   0.0, Min:   0.0, Max:   0.0, Diff:   0.0]
      [Object Copy (ms):  0.2  0.2
       Avg:   0.2, Min:   0.2, Max:   0.2, Diff:   0.0]
      [Termination (ms):  0.0  0.0
       Avg:   0.0, Min:   0.0, Max:   0.0, Diff:   0.0]
         [Termination Attempts : 1 1
          Sum: 2, Avg: 1, Min: 1, Max: 1, Diff: 0]
      [GC Worker End (ms):  8625.3  8625.3
       Avg: 8625.3, Min: 8625.3, Max: 8625.3, Diff:   0.0]
      [GC Worker (ms):  1.0  1.0
       Avg:   1.0, Min:   1.0, Max:   1.0, Diff:   0.0]
      [GC Worker Other (ms):  0.1  0.1
       Avg:   0.1, Min:   0.1, Max:   0.1, Diff:   0.0]
   [Clear CT:   0.0 ms]
   [Other:   0.2 ms]
      [Choose CSet:   0.0 ms]
      [Ref Proc:   0.0 ms]
      [Ref Enq:   0.0 ms]
      [Free CSet:   0.0 ms]
   [Eden: 1024K(137M)->0B(171M) Survivors: 1024K->1024K Heap: 279M(512M)->279M(512M)]
 [Times: user=0.01 sys=0.00, real=0.00 secs] 
Heap after GC invocations=316 (full 170):
 garbage-first heap   total 524288K, used 285724K [0x00000007dae00000, 0x00000007fae00000, 0x00000007fae00000)
  region size 1024K, 1 young (1024K), 1 survivors (1024K)
 compacting perm gen  total 20480K, used 2870K [0x00000007fae00000, 0x00000007fc200000, 0x0000000800000000)
   the space 20480K,  14% used [0x00000007fae00000, 0x00000007fb0cda98, 0x00000007fb0cdc00, 0x00000007fc200000)
No shared spaces configured.
}
8.626: [GC concurrent-root-region-scan-start]
8.626: [GC concurrent-root-region-scan-end, 0.0001800]
8.626: [GC concurrent-mark-start]
8.627: [GC concurrent-mark-end, 0.0015500 sec]
8.633: [GC remark 8.633: [GC ref-proc, 0.0000270 secs], 0.0030650 secs]
 [Times: user=0.01 sys=0.00, real=0.01 secs] 
8.647: [GC cleanup 314M->276M(512M), 0.0006360 secs]
 [Times: user=0.00 sys=0.00, real=0.00 secs] 
8.648: [GC concurrent-cleanup-start]
8.648: [GC concurrent-cleanup-end, 0.0001130]
{Heap before GC invocations=317 (full 170):
 garbage-first heap   total 524288K, used 329173K [0x00000007dae00000, 0x00000007fae00000, 0x00000007fae00000)
  region size 1024K, 2 young (2048K), 1 survivors (1024K)
 compacting perm gen  total 20480K, used 2870K [0x00000007fae00000, 0x00000007fc200000, 0x0000000800000000)
   the space 20480K,  14% used [0x00000007fae00000, 0x00000007fb0cda98, 0x00000007fb0cdc00, 0x00000007fc200000)
No shared spaces configured.
8.676: [GC pause (young)
Desired survivor size 11534336 bytes, new threshold 15 (max 15)
- age   1:        128 bytes,        128 total
- age   2:        216 bytes,        344 total
- age   3:         80 bytes,        424 total
- age   4:         80 bytes,        504 total
 (initial-mark), 0.00130200 secs]
   [Parallel Time:   1.1 ms]
      [GC Worker Start (ms):  8676.0  8676.0
       Avg: 8676.0, Min: 8676.0, Max: 8676.0, Diff:   0.0]
      [Ext Root Scanning (ms):  0.8  0.9
       Avg:   0.8, Min:   0.8, Max:   0.9, Diff:   0.1]
      [Update RS (ms):  0.0  0.0
       Avg:   0.0, Min:   0.0, Max:   0.0, Diff:   0.0]
         [Processed Buffers : 2 0
          Sum: 2, Avg: 1, Min: 0, Max: 2, Diff: 2]
      [Scan RS (ms):  0.0  0.0
       Avg:   0.0, Min:   0.0, Max:   0.0, Diff:   0.0]
      [Object Copy (ms):  0.2  0.2
       Avg:   0.2, Min:   0.2, Max:   0.2, Diff:   0.0]
      [Termination (ms):  0.1  0.0
       Avg:   0.0, Min:   0.0, Max:   0.1, Diff:   0.1]
         [Termination Attempts : 1 1
          Sum: 2, Avg: 1, Min: 1, Max: 1, Diff: 0]
      [GC Worker End (ms):  8677.1  8677.1
       Avg: 8677.1, Min: 8677.1, Max: 8677.1, Diff:   0.0]
      [GC Worker (ms):  1.1  1.1
       Avg:   1.1, Min:   1.1, Max:   1.1, Diff:   0.0]
      [GC Worker Other (ms):  0.0  0.1
       Avg:   0.1, Min:   0.0, Max:   0.1, Diff:   0.0]
   [Clear CT:   0.0 ms]
   [Other:   0.2 ms]
      [Choose CSet:   0.0 ms]
      [Ref Proc:   0.0 ms]
      [Ref Enq:   0.0 ms]
      [Free CSet:   0.0 ms]
   [Eden: 1024K(171M)->0B(127M) Survivors: 1024K->1024K Heap: 321M(512M)->321M(512M)]
 [Times: user=0.01 sys=0.00, real=0.00 secs] 
Heap after GC invocations=318 (full 171):
 garbage-first heap   total 524288K, used 329173K [0x00000007dae00000, 0x00000007fae00000, 0x00000007fae00000)
  region size 1024K, 1 young (1024K), 1 survivors (1024K)
 compacting perm gen  total 20480K, used 2870K [0x00000007fae00000, 0x00000007fc200000, 0x0000000800000000)
   the space 20480K,  14% used [0x00000007fae00000, 0x00000007fb0cda98, 0x00000007fb0cdc00, 0x00000007fc200000)
No shared spaces configured.
}
8.677: [GC concurrent-root-region-scan-start]
8.677: [GC concurrent-root-region-scan-end, 0.0000730]
8.677: [GC concurrent-mark-start]
8.679: [GC concurrent-mark-end, 0.0020770 sec]
8.695: [GC remark 8.695: [GC ref-proc, 0.0000170 secs], 0.0030920 secs]
 [Times: user=0.00 sys=0.00, real=0.01 secs] 
8.710: [GC cleanup 379M->323M(512M), 0.0006030 secs]
 [Times: user=0.01 sys=0.00, real=0.00 secs] 
8.711: [GC concurrent-cleanup-start]
8.711: [GC concurrent-cleanup-end, 0.0001700]
{Heap before GC invocations=319 (full 171):
 garbage-first heap   total 524288K, used 385685K [0x00000007dae00000, 0x00000007fae00000, 0x00000007fae00000)
  region size 1024K, 2 young (2048K), 1 survivors (1024K)
 compacting perm gen  total 20480K, used 2870K [0x00000007fae00000, 0x00000007fc200000, 0x0000000800000000)
   the space 20480K,  14% used [0x00000007fae00000, 0x00000007fb0cda98, 0x00000007fb0cdc00, 0x00000007fc200000)
No shared spaces configured.
8.744: [GC pause (young)
Desired survivor size 8388608 bytes, new threshold 15 (max 15)
- age   1:        128 bytes,        128 total
- age   2:         72 bytes,        200 total
- age   3:        136 bytes,        336 total
- age   4:         80 bytes,        416 total
- age   5:         80 bytes,        496 total
 (initial-mark), 0.00129100 secs]
   [Parallel Time:   1.1 ms]
      [GC Worker Start (ms):  8744.2  8744.2
       Avg: 8744.2, Min: 8744.2, Max: 8744.2, Diff:   0.0]
      [Ext Root Scanning (ms):  0.8  0.8
       Avg:   0.8, Min:   0.8, Max:   0.8, Diff:   0.0]
      [Update RS (ms):  0.0  0.0
       Avg:   0.0, Min:   0.0, Max:   0.0, Diff:   0.0]
         [Processed Buffers : 2 0
          Sum: 2, Avg: 1, Min: 0, Max: 2, Diff: 2]
      [Scan RS (ms):  0.0  0.0
       Avg:   0.0, Min:   0.0, Max:   0.0, Diff:   0.0]
      [Object Copy (ms):  0.2  0.2
       Avg:   0.2, Min:   0.2, Max:   0.2, Diff:   0.0]
      [Termination (ms):  0.0  0.0
       Avg:   0.0, Min:   0.0, Max:   0.0, Diff:   0.0]
         [Termination Attempts : 1 1
          Sum: 2, Avg: 1, Min: 1, Max: 1, Diff: 0]
      [GC Worker End (ms):  8745.3  8745.3
       Avg: 8745.3, Min: 8745.3, Max: 8745.3, Diff:   0.0]
      [GC Worker (ms):  1.1  1.0
       Avg:   1.1, Min:   1.0, Max:   1.1, Diff:   0.0]
      [GC Worker Other (ms):  0.1  0.1
       Avg:   0.1, Min:   0.1, Max:   0.1, Diff:   0.0]
   [Clear CT:   0.0 ms]
   [Other:   0.2 ms]
      [Choose CSet:   0.0 ms]
      [Ref Proc:   0.0 ms]
      [Ref Enq:   0.0 ms]
      [Free CSet:   0.0 ms]
   [Eden: 1024K(127M)->0B(101M) Survivors: 1024K->1024K Heap: 376M(512M)->376M(512M)]
 [Times: user=0.00 sys=0.00, real=0.00 secs] 
Heap after GC invocations=320 (full 172):
 garbage-first heap   total 524288K, used 385685K [0x00000007dae00000, 0x00000007fae00000, 0x00000007fae00000)
  region size 1024K, 1 young (1024K), 1 survivors (1024K)
 compacting perm gen  total 20480K, used 2870K [0x00000007fae00000, 0x00000007fc200000, 0x0000000800000000)
   the space 20480K,  14% used [0x00000007fae00000, 0x00000007fb0cda98, 0x00000007fb0cdc00, 0x00000007fc200000)
No shared spaces configured.
}
8.745: [GC concurrent-root-region-scan-start]
8.746: [GC concurrent-root-region-scan-end, 0.0001120]
8.746: [GC concurrent-mark-start]
8.751: [GC concurrent-mark-end, 0.0048910 sec]
8.779: [GC remark 8.779: [GC ref-proc, 0.0000170 secs], 0.0030770 secs]
 [Times: user=0.01 sys=0.00, real=0.00 secs] 
{Heap before GC invocations=320 (full 172):
 garbage-first heap   total 524288K, used 470980K [0x00000007dae00000, 0x00000007fae00000, 0x00000007fae00000)
  region size 1024K, 2 young (2048K), 1 survivors (1024K)
 compacting perm gen  total 20480K, used 2870K [0x00000007fae00000, 0x00000007fc200000, 0x0000000800000000)
   the space 20480K,  14% used [0x00000007fae00000, 0x00000007fb0cda98, 0x00000007fb0cdc00, 0x00000007fc200000)
No shared spaces configured.
8.792: [GC pause (young)
Desired survivor size 6815744 bytes, new threshold 15 (max 15)
- age   1:        456 bytes,        456 total
- age   3:         40 bytes,        496 total
- age   6:         80 bytes,        576 total
, 0.00104900 secs]
   [Parallel Time:   0.9 ms]
      [GC Worker Start (ms):  8792.4  8792.4
       Avg: 8792.4, Min: 8792.4, Max: 8792.4, Diff:   0.0]
      [Ext Root Scanning (ms):  0.8  0.8
       Avg:   0.8, Min:   0.8, Max:   0.8, Diff:   0.1]
      [SATB Filtering (ms):  0.0  0.0
       Avg:   0.0, Min:   0.0, Max:   0.0, Diff:   0.0]
      [Update RS (ms):  0.0  0.0
       Avg:   0.0, Min:   0.0, Max:   0.0, Diff:   0.0]
         [Processed Buffers : 3 0
          Sum: 3, Avg: 1, Min: 0, Max: 3, Diff: 3]
      [Scan RS (ms):  0.0  0.0
       Avg:   0.0, Min:   0.0, Max:   0.0, Diff:   0.0]
      [Object Copy (ms):  0.1  0.0
       Avg:   0.0, Min:   0.0, Max:   0.1, Diff:   0.0]
      [Termination (ms):  0.0  0.0
       Avg:   0.0, Min:   0.0, Max:   0.0, Diff:   0.0]
         [Termination Attempts : 1 1
          Sum: 2, Avg: 1, Min: 1, Max: 1, Diff: 0]
      [GC Worker End (ms):  8793.3  8793.3
       Avg: 8793.3, Min: 8793.3, Max: 8793.3, Diff:   0.0]
      [GC Worker (ms):  0.9  0.9
       Avg:   0.9, Min:   0.9, Max:   0.9, Diff:   0.0]
      [GC Worker Other (ms):  0.1  0.1
       Avg:   0.1, Min:   0.1, Max:   0.1, Diff:   0.0]
   [Complete CSet Marking:   0.0 ms]
   [Clear CT:   0.0 ms]
   [Other:   0.1 ms]
      [Choose CSet:   0.0 ms]
      [Ref Proc:   0.0 ms]
      [Ref Enq:   0.0 ms]
      [Free CSet:   0.0 ms]
   [Eden: 1024K(101M)->0B(101M) Survivors: 1024K->1024K Heap: 460M(512M)->459M(512M)]
 [Times: user=0.00 sys=0.00, real=0.00 secs] 
Heap after GC invocations=321 (full 172):
 garbage-first heap   total 524288K, used 470980K [0x00000007dae00000, 0x00000007fae00000, 0x00000007fae00000)
  region size 1024K, 1 young (1024K), 1 survivors (1024K)
 compacting perm gen  total 20480K, used 2870K [0x00000007fae00000, 0x00000007fc200000, 0x0000000800000000)
   the space 20480K,  14% used [0x00000007fae00000, 0x00000007fb0cda98, 0x00000007fb0cdc00, 0x00000007fc200000)
No shared spaces configured.
}
8.799: [GC cleanup 470M->342M(512M), 0.0005050 secs]
 [Times: user=0.00 sys=0.00, real=0.00 secs] 
8.800: [GC concurrent-cleanup-start]
8.800: [GC concurrent-cleanup-end, 0.0002950]
{Heap before GC invocations=322 (full 172):
 garbage-first heap   total 524288K, used 413294K [0x00000007dae00000, 0x00000007fae00000, 0x00000007fae00000)
  region size 1024K, 2 young (2048K), 1 survivors (1024K)
 compacting perm gen  total 20480K, used 2870K [0x00000007fae00000, 0x00000007fc200000, 0x0000000800000000)
   the space 20480K,  14% used [0x00000007fae00000, 0x00000007fb0cda98, 0x00000007fb0cdc00, 0x00000007fc200000)
No shared spaces configured.
8.837: [GC pause (young)
Desired survivor size 6815744 bytes, new threshold 15 (max 15)
- age   1:        320 bytes,        320 total
- age   2:        176 bytes,        496 total
- age   7:         80 bytes,        576 total
 (initial-mark), 0.00124900 secs]
   [Parallel Time:   1.1 ms]
      [GC Worker Start (ms):  8837.4  8837.4
       Avg: 8837.4, Min: 8837.4, Max: 8837.4, Diff:   0.0]
      [Ext Root Scanning (ms):  0.8  0.9
       Avg:   0.8, Min:   0.8, Max:   0.9, Diff:   0.1]
      [Update RS (ms):  0.0  0.0
       Avg:   0.0, Min:   0.0, Max:   0.0, Diff:   0.0]
         [Processed Buffers : 3 0
          Sum: 3, Avg: 1, Min: 0, Max: 3, Diff: 3]
      [Scan RS (ms):  0.0  0.0
       Avg:   0.0, Min:   0.0, Max:   0.0, Diff:   0.0]
      [Object Copy (ms):  0.2  0.1
       Avg:   0.2, Min:   0.1, Max:   0.2, Diff:   0.1]
      [Termination (ms):  0.0  0.0
       Avg:   0.0, Min:   0.0, Max:   0.0, Diff:   0.0]
         [Termination Attempts : 1 1
          Sum: 2, Avg: 1, Min: 1, Max: 1, Diff: 0]
      [GC Worker End (ms):  8838.4  8838.4
       Avg: 8838.4, Min: 8838.4, Max: 8838.4, Diff:   0.0]
      [GC Worker (ms):  1.0  1.0
       Avg:   1.0, Min:   1.0, Max:   1.0, Diff:   0.0]
      [GC Worker Other (ms):  0.1  0.1
       Avg:   0.1, Min:   0.1, Max:   0.1, Diff:   0.0]
   [Clear CT:   0.0 ms]
   [Other:   0.1 ms]
      [Choose CSet:   0.0 ms]
      [Ref Proc:   0.0 ms]
      [Ref Enq:   0.0 ms]
      [Free CSet:   0.0 ms]
   [Eden: 1024K(101M)->0B(101M) Survivors: 1024K->1024K Heap: 403M(512M)->403M(512M)]
 [Times: user=0.00 sys=0.00, real=0.00 secs] 
Heap after GC invocations=323 (full 173):
 garbage-first heap   total 524288K, used 413294K [0x00000007dae00000, 0x00000007fae00000, 0x00000007fae00000)
  region size 1024K, 1 young (1024K), 1 survivors (1024K)
 compacting perm gen  total 20480K, used 2870K [0x00000007fae00000, 0x00000007fc200000, 0x0000000800000000)
   the space 20480K,  14% used [0x00000007fae00000, 0x00000007fb0cda98, 0x00000007fb0cdc00, 0x00000007fc200000)
No shared spaces configured.
}
8.839: [GC concurrent-root-region-scan-start]
8.849: [GC concurrent-root-region-scan-end, 0.0100540]
8.849: [GC concurrent-mark-start]
8.852: [GC concurrent-mark-end, 0.0034180 sec]
8.856: [GC remark 8.857: [GC ref-proc, 0.0000190 secs], 0.0029060 secs]
 [Times: user=0.00 sys=0.00, real=0.00 secs] 
8.865: [GC cleanup 448M->274M(512M), 0.0006890 secs]
 [Times: user=0.00 sys=0.00, real=0.01 secs] 
8.866: [GC concurrent-cleanup-start]
8.866: [GC concurrent-cleanup-end, 0.0004280]
{Heap before GC invocations=324 (full 173):
 garbage-first heap   total 524288K, used 371262K [0x00000007dae00000, 0x00000007fae00000, 0x00000007fae00000)
  region size 1024K, 2 young (2048K), 1 survivors (1024K)
 compacting perm gen  total 20480K, used 2870K [0x00000007fae00000, 0x00000007fc200000, 0x0000000800000000)
   the space 20480K,  14% used [0x00000007fae00000, 0x00000007fb0cda98, 0x00000007fb0cdc00, 0x00000007fc200000)
No shared spaces configured.
8.918: [GC pause (young)
Desired survivor size 6815744 bytes, new threshold 15 (max 15)
- age   1:        192 bytes,        192 total
- age   2:        192 bytes,        384 total
- age   3:         96 bytes,        480 total
- age   8:         80 bytes,        560 total
 (initial-mark), 0.00119000 secs]
   [Parallel Time:   1.0 ms]
      [GC Worker Start (ms):  8918.4  8918.4
       Avg: 8918.4, Min: 8918.4, Max: 8918.4, Diff:   0.0]
      [Ext Root Scanning (ms):  0.7  0.8
       Avg:   0.8, Min:   0.7, Max:   0.8, Diff:   0.1]
      [Update RS (ms):  0.0  0.0
       Avg:   0.0, Min:   0.0, Max:   0.0, Diff:   0.0]
         [Processed Buffers : 2 0
          Sum: 2, Avg: 1, Min: 0, Max: 2, Diff: 2]
      [Scan RS (ms):  0.0  0.0
       Avg:   0.0, Min:   0.0, Max:   0.0, Diff:   0.0]
      [Object Copy (ms):  0.2  0.1
       Avg:   0.2, Min:   0.1, Max:   0.2, Diff:   0.1]
      [Termination (ms):  0.0  0.0
       Avg:   0.0, Min:   0.0, Max:   0.0, Diff:   0.0]
         [Termination Attempts : 1 1
          Sum: 2, Avg: 1, Min: 1, Max: 1, Diff: 0]
      [GC Worker End (ms):  8919.3  8919.3
       Avg: 8919.3, Min: 8919.3, Max: 8919.3, Diff:   0.0]
      [GC Worker (ms):  1.0  1.0
       Avg:   1.0, Min:   1.0, Max:   1.0, Diff:   0.0]
      [GC Worker Other (ms):  0.1  0.1
       Avg:   0.1, Min:   0.1, Max:   0.1, Diff:   0.0]
   [Clear CT:   0.0 ms]
   [Other:   0.1 ms]
      [Choose CSet:   0.0 ms]
      [Ref Proc:   0.0 ms]
      [Ref Enq:   0.0 ms]
      [Free CSet:   0.0 ms]
   [Eden: 1024K(101M)->0B(101M) Survivors: 1024K->1024K Heap: 362M(512M)->362M(512M)]
 [Times: user=0.00 sys=0.00, real=0.00 secs] 
Heap after GC invocations=325 (full 174):
 garbage-first heap   total 524288K, used 371262K [0x00000007dae00000, 0x00000007fae00000, 0x00000007fae00000)
  region size 1024K, 1 young (1024K), 1 survivors (1024K)
 compacting perm gen  total 20480K, used 2870K [0x00000007fae00000, 0x00000007fc200000, 0x0000000800000000)
   the space 20480K,  14% used [0x00000007fae00000, 0x00000007fb0cda98, 0x00000007fb0cdc00, 0x00000007fc200000)
No shared spaces configured.
}
8.920: [GC concurrent-root-region-scan-start]
8.920: [GC concurrent-root-region-scan-end, 0.0000660]
8.920: [GC concurrent-mark-start]
8.924: [GC concurrent-mark-end, 0.0039820 sec]
8.942: [GC remark 8.942: [GC ref-proc, 0.0000160 secs], 0.0031040 secs]
 [Times: user=0.01 sys=0.00, real=0.00 secs] 
8.946: [GC cleanup 407M->323M(512M), 0.0004680 secs]
 [Times: user=0.00 sys=0.00, real=0.01 secs] 
8.946: [GC concurrent-cleanup-start]
8.946: [GC concurrent-cleanup-end, 0.0002020]
{Heap before GC invocations=326 (full 174):
 garbage-first heap   total 524288K, used 384197K [0x00000007dae00000, 0x00000007fae00000, 0x00000007fae00000)
  region size 1024K, 2 young (2048K), 1 survivors (1024K)
 compacting perm gen  total 20480K, used 2870K [0x00000007fae00000, 0x00000007fc200000, 0x0000000800000000)
   the space 20480K,  14% used [0x00000007fae00000, 0x00000007fb0cda98, 0x00000007fb0cdc00, 0x00000007fc200000)
No shared spaces configured.
8.978: [GC pause (young)
Desired survivor size 6815744 bytes, new threshold 15 (max 15)
- age   1:        312 bytes,        312 total
- age   2:        160 bytes,        472 total
- age   3:         40 bytes,        512 total
- age   9:         80 bytes,        592 total
 (initial-mark), 0.00124300 secs]
   [Parallel Time:   1.1 ms]
      [GC Worker Start (ms):  8978.4  8978.4
       Avg: 8978.4, Min: 8978.4, Max: 8978.4, Diff:   0.0]
      [Ext Root Scanning (ms):  0.8  0.8
       Avg:   0.8, Min:   0.8, Max:   0.8, Diff:   0.1]
      [Update RS (ms):  0.0  0.0
       Avg:   0.0, Min:   0.0, Max:   0.0, Diff:   0.0]
         [Processed Buffers : 2 0
          Sum: 2, Avg: 1, Min: 0, Max: 2, Diff: 2]
      [Scan RS (ms):  0.0  0.0
       Avg:   0.0, Min:   0.0, Max:   0.0, Diff:   0.0]
      [Object Copy (ms):  0.2  0.2
       Avg:   0.2, Min:   0.2, Max:   0.2, Diff:   0.0]
      [Termination (ms):  0.0  0.0
       Avg:   0.0, Min:   0.0, Max:   0.0, Diff:   0.0]
         [Termination Attempts : 1 1
          Sum: 2, Avg: 1, Min: 1, Max: 1, Diff: 0]
      [GC Worker End (ms):  8979.5  8979.4
       Avg: 8979.4, Min: 8979.4, Max: 8979.5, Diff:   0.0]
      [GC Worker (ms):  1.0  1.0
       Avg:   1.0, Min:   1.0, Max:   1.0, Diff:   0.0]
      [GC Worker Other (ms):  0.1  0.1
       Avg:   0.1, Min:   0.1, Max:   0.1, Diff:   0.0]
   [Clear CT:   0.0 ms]
   [Other:   0.2 ms]
      [Choose CSet:   0.0 ms]
      [Ref Proc:   0.0 ms]
      [Ref Enq:   0.0 ms]
      [Free CSet:   0.0 ms]
   [Eden: 1024K(101M)->0B(101M) Survivors: 1024K->1024K Heap: 375M(512M)->375M(512M)]
 [Times: user=0.00 sys=0.00, real=0.00 secs] 
Heap after GC invocations=327 (full 175):
 garbage-first heap   total 524288K, used 384197K [0x00000007dae00000, 0x00000007fae00000, 0x00000007fae00000)
  region size 1024K, 1 young (1024K), 1 survivors (1024K)
 compacting perm gen  total 20480K, used 2870K [0x00000007fae00000, 0x00000007fc200000, 0x0000000800000000)
   the space 20480K,  14% used [0x00000007fae00000, 0x00000007fb0cda98, 0x00000007fb0cdc00, 0x00000007fc200000)
No shared spaces configured.
}
8.980: [GC concurrent-root-region-scan-start]
8.980: [GC concurrent-root-region-scan-end, 0.0002070]
8.980: [GC concurrent-mark-start]
8.981: [GC concurrent-mark-end, 0.0015720 sec]
8.987: [GC remark 8.987: [GC ref-proc, 0.0000170 secs], 0.0037220 secs]
 [Times: user=0.01 sys=0.00, real=0.00 secs] 
9.008: [GC cleanup 421M->378M(512M), 0.0005080 secs]
 [Times: user=0.00 sys=0.00, real=0.00 secs] 
9.009: [GC concurrent-cleanup-start]
9.009: [GC concurrent-cleanup-end, 0.0001290]
{Heap before GC invocations=328 (full 175):
 garbage-first heap   total 524288K, used 450905K [0x00000007dae00000, 0x00000007fae00000, 0x00000007fae00000)
  region size 1024K, 2 young (2048K), 1 survivors (1024K)
 compacting perm gen  total 20480K, used 2870K [0x00000007fae00000, 0x00000007fc200000, 0x0000000800000000)
   the space 20480K,  14% used [0x00000007fae00000, 0x00000007fb0cda98, 0x00000007fb0cdc00, 0x00000007fc200000)
No shared spaces configured.
9.047: [GC pause (young)
Desired survivor size 6815744 bytes, new threshold 15 (max 15)
- age   1:        392 bytes,        392 total
- age   2:        160 bytes,        552 total
- age   3:        120 bytes,        672 total
- age  10:         80 bytes,        752 total
 (initial-mark), 0.00282700 secs]
   [Parallel Time:   1.7 ms]
      [GC Worker Start (ms):  9047.5  9049.2
       Avg: 9048.3, Min: 9047.5, Max: 9049.2, Diff:   1.6]
      [Ext Root Scanning (ms):  1.2  0.0
       Avg:   0.6, Min:   0.0, Max:   1.2, Diff:   1.2]
      [Update RS (ms):  0.0  0.0
       Avg:   0.0, Min:   0.0, Max:   0.0, Diff:   0.0]
         [Processed Buffers : 2 0
          Sum: 2, Avg: 1, Min: 0, Max: 2, Diff: 2]
      [Scan RS (ms):  0.0  0.0
       Avg:   0.0, Min:   0.0, Max:   0.0, Diff:   0.0]
      [Object Copy (ms):  0.3  0.0
       Avg:   0.2, Min:   0.0, Max:   0.3, Diff:   0.3]
      [Termination (ms):  0.1  0.0
       Avg:   0.0, Min:   0.0, Max:   0.1, Diff:   0.1]
         [Termination Attempts : 1 1
          Sum: 2, Avg: 1, Min: 1, Max: 1, Diff: 0]
      [GC Worker End (ms):  9049.2  9049.2
       Avg: 9049.2, Min: 9049.2, Max: 9049.2, Diff:   0.0]
      [GC Worker (ms):  1.7  0.0
       Avg:   0.8, Min:   0.0, Max:   1.7, Diff:   1.6]
      [GC Worker Other (ms):  0.0  1.7
       Avg:   0.9, Min:   0.0, Max:   1.7, Diff:   1.6]
   [Clear CT:   0.0 ms]
   [Other:   1.1 ms]
      [Choose CSet:   0.0 ms]
      [Ref Proc:   1.0 ms]
      [Ref Enq:   0.0 ms]
      [Free CSet:   0.0 ms]
   [Eden: 1024K(101M)->0B(101M) Survivors: 1024K->1024K Heap: 440M(512M)->440M(512M)]
 [Times: user=0.01 sys=0.00, real=0.00 secs] 
Heap after GC invocations=329 (full 176):
 garbage-first heap   total 524288K, used 450873K [0x00000007dae00000, 0x00000007fae00000, 0x00000007fae00000)
  region size 1024K, 1 young (1024K), 1 survivors (1024K)
 compacting perm gen  total 20480K, used 2870K [0x00000007fae00000, 0x00000007fc200000, 0x0000000800000000)
   the space 20480K,  14% used [0x00000007fae00000, 0x00000007fb0cda98, 0x00000007fb0cdc00, 0x00000007fc200000)
No shared spaces configured.
}
9.050: [GC concurrent-root-region-scan-start]
9.051: [GC concurrent-root-region-scan-end, 0.0000430]
9.051: [GC concurrent-mark-start]
9.053: [GC concurrent-mark-end, 0.0022140 sec]
{Heap before GC invocations=329 (full 176):
 garbage-first heap   total 524288K, used 450873K [0x00000007dae00000, 0x00000007fae00000, 0x00000007fae00000)
  region size 1024K, 1 young (1024K), 1 survivors (1024K)
 compacting perm gen  total 20480K, used 2870K [0x00000007fae00000, 0x00000007fc200000, 0x0000000800000000)
   the space 20480K,  14% used [0x00000007fae00000, 0x00000007fb0cda98, 0x00000007fb0cdc00, 0x00000007fc200000)
No shared spaces configured.
9.053: [GC pause (young)
Desired survivor size 6815744 bytes, new threshold 15 (max 15)
- age   1:        320 bytes,        320 total
- age   2:        112 bytes,        432 total
- age  11:         80 bytes,        512 total
, 0.00147500 secs]
   [Parallel Time:   1.3 ms]
      [GC Worker Start (ms):  9052.9  9054.2
       Avg: 9053.6, Min: 9052.9, Max: 9054.2, Diff:   1.3]
      [Ext Root Scanning (ms):  1.1  0.0
       Avg:   0.5, Min:   0.0, Max:   1.1, Diff:   1.1]
      [SATB Filtering (ms):  0.0  0.0
       Avg:   0.0, Min:   0.0, Max:   0.0, Diff:   0.0]
      [Update RS (ms):  0.0  0.0
       Avg:   0.0, Min:   0.0, Max:   0.0, Diff:   0.0]
         [Processed Buffers : 2 0
          Sum: 2, Avg: 1, Min: 0, Max: 2, Diff: 2]
      [Scan RS (ms):  0.0  0.0
       Avg:   0.0, Min:   0.0, Max:   0.0, Diff:   0.0]
      [Object Copy (ms):  0.1  0.0
       Avg:   0.0, Min:   0.0, Max:   0.1, Diff:   0.1]
      [Termination (ms):  0.1  0.0
       Avg:   0.0, Min:   0.0, Max:   0.1, Diff:   0.1]
         [Termination Attempts : 1 1
          Sum: 2, Avg: 1, Min: 1, Max: 1, Diff: 0]
      [GC Worker End (ms):  9054.2  9054.2
       Avg: 9054.2, Min: 9054.2, Max: 9054.2, Diff:   0.0]
      [GC Worker (ms):  1.3  0.0
       Avg:   0.7, Min:   0.0, Max:   1.3, Diff:   1.3]
      [GC Worker Other (ms):  0.0  1.3
       Avg:   0.7, Min:   0.0, Max:   1.3, Diff:   1.3]
   [Complete CSet Marking:   0.0 ms]
   [Clear CT:   0.0 ms]
   [Other:   0.1 ms]
      [Choose CSet:   0.0 ms]
      [Ref Proc:   0.1 ms]
      [Ref Enq:   0.0 ms]
      [Free CSet:   0.0 ms]
   [Eden: 0B(101M)->0B(101M) Survivors: 1024K->1024K Heap: 440M(512M)->440M(512M)]
 [Times: user=0.00 sys=0.00, real=0.00 secs] 
Heap after GC invocations=330 (full 176):
 garbage-first heap   total 524288K, used 450873K [0x00000007dae00000, 0x00000007fae00000, 0x00000007fae00000)
  region size 1024K, 1 young (1024K), 1 survivors (1024K)
 compacting perm gen  total 20480K, used 2870K [0x00000007fae00000, 0x00000007fc200000, 0x0000000800000000)
   the space 20480K,  14% used [0x00000007fae00000, 0x00000007fb0cda98, 0x00000007fb0cdc00, 0x00000007fc200000)
No shared spaces configured.
}
{Heap before GC invocations=330 (full 176):
 garbage-first heap   total 524288K, used 450873K [0x00000007dae00000, 0x00000007fae00000, 0x00000007fae00000)
  region size 1024K, 1 young (1024K), 1 survivors (1024K)
 compacting perm gen  total 20480K, used 2870K [0x00000007fae00000, 0x00000007fc200000, 0x0000000800000000)
   the space 20480K,  14% used [0x00000007fae00000, 0x00000007fb0cda98, 0x00000007fb0cdc00, 0x00000007fc200000)
No shared spaces configured.
9.055: [Full GC 440M->218M(512M), 0.0134270 secs]
 [Times: user=0.01 sys=0.00, real=0.02 secs] 
Heap after GC invocations=331 (full 177):
 garbage-first heap   total 524288K, used 223798K [0x00000007dae00000, 0x00000007fae00000, 0x00000007fae00000)
  region size 1024K, 0 young (0K), 0 survivors (0K)
 compacting perm gen  total 20480K, used 2870K [0x00000007fae00000, 0x00000007fc200000, 0x0000000800000000)
   the space 20480K,  14% used [0x00000007fae00000, 0x00000007fb0cda98, 0x00000007fb0cdc00, 0x00000007fc200000)
No shared spaces configured.
}
9.092: [GC remark, 0.0000010 secs]
 [Times: user=0.00 sys=0.00, real=0.00 secs] 
9.092: [GC concurrent-mark-abort]
{Heap before GC invocations=331 (full 177):
 garbage-first heap   total 524288K, used 304321K [0x00000007dae00000, 0x00000007fae00000, 0x00000007fae00000)
  region size 1024K, 1 young (1024K), 0 survivors (0K)
 compacting perm gen  total 20480K, used 2870K [0x00000007fae00000, 0x00000007fc200000, 0x0000000800000000)
   the space 20480K,  14% used [0x00000007fae00000, 0x00000007fb0cda98, 0x00000007fb0cdc00, 0x00000007fc200000)
No shared spaces configured.
9.114: [GC pause (young)
Desired survivor size 15728640 bytes, new threshold 15 (max 15)
- age   2:        320 bytes,        320 total
- age   3:         72 bytes,        392 total
- age  12:         80 bytes,        472 total
 (initial-mark), 0.00184900 secs]
   [Parallel Time:   1.7 ms]
      [GC Worker Start (ms):  9114.6  9114.6
       Avg: 9114.6, Min: 9114.6, Max: 9114.6, Diff:   0.0]
      [Ext Root Scanning (ms):  1.4  1.4
       Avg:   1.4, Min:   1.4, Max:   1.4, Diff:   0.0]
      [Update RS (ms):  0.0  0.0
       Avg:   0.0, Min:   0.0, Max:   0.0, Diff:   0.0]
         [Processed Buffers : 4 0
          Sum: 4, Avg: 2, Min: 0, Max: 4, Diff: 4]
      [Scan RS (ms):  0.0  0.0
       Avg:   0.0, Min:   0.0, Max:   0.0, Diff:   0.0]
      [Object Copy (ms):  0.1  0.2
       Avg:   0.2, Min:   0.1, Max:   0.2, Diff:   0.1]
      [Termination (ms):  0.0  0.0
       Avg:   0.0, Min:   0.0, Max:   0.0, Diff:   0.0]
         [Termination Attempts : 1 1
          Sum: 2, Avg: 1, Min: 1, Max: 1, Diff: 0]
      [GC Worker End (ms):  9116.2  9116.2
       Avg: 9116.2, Min: 9116.2, Max: 9116.2, Diff:   0.0]
      [GC Worker (ms):  1.6  1.6
       Avg:   1.6, Min:   1.6, Max:   1.6, Diff:   0.0]
      [GC Worker Other (ms):  0.1  0.1
       Avg:   0.1, Min:   0.1, Max:   0.1, Diff:   0.0]
   [Clear CT:   0.0 ms]
   [Other:   0.2 ms]
      [Choose CSet:   0.0 ms]
      [Ref Proc:   0.0 ms]
      [Ref Enq:   0.0 ms]
      [Free CSet:   0.0 ms]
   [Eden: 1024K(101M)->0B(151M) Survivors: 0B->1024K Heap: 297M(512M)->297M(512M)]
 [Times: user=0.01 sys=0.00, real=0.01 secs] 
Heap after GC invocations=332 (full 178):
 garbage-first heap   total 524288K, used 304385K [0x00000007dae00000, 0x00000007fae00000, 0x00000007fae00000)
  region size 1024K, 1 young (1024K), 1 survivors (1024K)
 compacting perm gen  total 20480K, used 2870K [0x00000007fae00000, 0x00000007fc200000, 0x0000000800000000)
   the space 20480K,  14% used [0x00000007fae00000, 0x00000007fb0cda98, 0x00000007fb0cdc00, 0x00000007fc200000)
No shared spaces configured.
}
9.116: [GC concurrent-root-region-scan-start]
9.116: [GC concurrent-root-region-scan-end, 0.0000490]
9.116: [GC concurrent-mark-start]
9.123: [GC concurrent-mark-end, 0.0066860 sec]
9.133: [GC remark 9.133: [GC ref-proc, 0.0000150 secs], 0.0025690 secs]
 [Times: user=0.00 sys=0.00, real=0.01 secs] 
9.136: [GC cleanup 329M->247M(512M), 0.0004480 secs]
 [Times: user=0.00 sys=0.00, real=0.00 secs] 
9.137: [GC concurrent-cleanup-start]
9.137: [GC concurrent-cleanup-end, 0.0001760]
{Heap before GC invocations=333 (full 178):
 garbage-first heap   total 524288K, used 321135K [0x00000007dae00000, 0x00000007fae00000, 0x00000007fae00000)
  region size 1024K, 2 young (2048K), 1 survivors (1024K)
 compacting perm gen  total 20480K, used 2870K [0x00000007fae00000, 0x00000007fc200000, 0x0000000800000000)
   the space 20480K,  14% used [0x00000007fae00000, 0x00000007fb0cda98, 0x00000007fb0cdc00, 0x00000007fc200000)
No shared spaces configured.
9.176: [GC pause (young)
Desired survivor size 9961472 bytes, new threshold 15 (max 15)
- age   1:        328 bytes,        328 total
 (initial-mark), 0.00122000 secs]
   [Parallel Time:   1.0 ms]
      [GC Worker Start (ms):  9175.9  9175.9
       Avg: 9175.9, Min: 9175.9, Max: 9175.9, Diff:   0.0]
      [Ext Root Scanning (ms):  0.7  0.8
       Avg:   0.8, Min:   0.7, Max:   0.8, Diff:   0.0]
      [Update RS (ms):  0.0  0.0
       Avg:   0.0, Min:   0.0, Max:   0.0, Diff:   0.0]
         [Processed Buffers : 3 0
          Sum: 3, Avg: 1, Min: 0, Max: 3, Diff: 3]
      [Scan RS (ms):  0.0  0.0
       Avg:   0.0, Min:   0.0, Max:   0.0, Diff:   0.0]
      [Object Copy (ms):  0.1  0.2
       Avg:   0.2, Min:   0.1, Max:   0.2, Diff:   0.0]
      [Termination (ms):  0.0  0.0
       Avg:   0.0, Min:   0.0, Max:   0.0, Diff:   0.0]
         [Termination Attempts : 1 1
          Sum: 2, Avg: 1, Min: 1, Max: 1, Diff: 0]
      [GC Worker End (ms):  9176.9  9176.9
       Avg: 9176.9, Min: 9176.9, Max: 9176.9, Diff:   0.0]
      [GC Worker (ms):  1.0  1.0
       Avg:   1.0, Min:   1.0, Max:   1.0, Diff:   0.0]
      [GC Worker Other (ms):  0.1  0.1
       Avg:   0.1, Min:   0.1, Max:   0.1, Diff:   0.0]
   [Clear CT:   0.0 ms]
   [Other:   0.2 ms]
      [Choose CSet:   0.0 ms]
      [Ref Proc:   0.0 ms]
      [Ref Enq:   0.0 ms]
      [Free CSet:   0.0 ms]
   [Eden: 1024K(151M)->0B(135M) Survivors: 1024K->1024K Heap: 313M(512M)->313M(512M)]
 [Times: user=0.00 sys=0.00, real=0.01 secs] 
Heap after GC invocations=334 (full 179):
 garbage-first heap   total 524288K, used 321135K [0x00000007dae00000, 0x00000007fae00000, 0x00000007fae00000)
  region size 1024K, 1 young (1024K), 1 survivors (1024K)
 compacting perm gen  total 20480K, used 2870K [0x00000007fae00000, 0x00000007fc200000, 0x0000000800000000)
   the space 20480K,  14% used [0x00000007fae00000, 0x00000007fb0cda98, 0x00000007fb0cdc00, 0x00000007fc200000)
No shared spaces configured.
}
9.177: [GC concurrent-root-region-scan-start]
9.192: [GC concurrent-root-region-scan-end, 0.0153900]
9.193: [GC concurrent-mark-start]
9.194: [GC concurrent-mark-end, 0.0019370 sec]
9.213: [GC remark 9.213: [GC ref-proc, 0.0000170 secs], 0.0029400 secs]
 [Times: user=0.01 sys=0.00, real=0.01 secs] 
9.216: [GC cleanup 382M->344M(512M), 0.0004370 secs]
 [Times: user=0.00 sys=0.00, real=0.00 secs] 
9.217: [GC concurrent-cleanup-start]
9.217: [GC concurrent-cleanup-end, 0.0000910]
{Heap before GC invocations=335 (full 179):
 garbage-first heap   total 524288K, used 389296K [0x00000007dae00000, 0x00000007fae00000, 0x00000007fae00000)
  region size 1024K, 2 young (2048K), 1 survivors (1024K)
 compacting perm gen  total 20480K, used 2870K [0x00000007fae00000, 0x00000007fc200000, 0x0000000800000000)
   the space 20480K,  14% used [0x00000007fae00000, 0x00000007fb0cda98, 0x00000007fb0cdc00, 0x00000007fc200000)
No shared spaces configured.
9.241: [GC pause (young)
Desired survivor size 8912896 bytes, new threshold 15 (max 15)
- age   1:        256 bytes,        256 total
- age   2:        280 bytes,        536 total
 (initial-mark), 0.00134200 secs]
   [Parallel Time:   1.1 ms]
      [GC Worker Start (ms):  9240.8  9240.9
       Avg: 9240.8, Min: 9240.8, Max: 9240.9, Diff:   0.0]
      [Ext Root Scanning (ms):  0.8  0.8
       Avg:   0.8, Min:   0.8, Max:   0.8, Diff:   0.1]
      [Update RS (ms):  0.0  0.0
       Avg:   0.0, Min:   0.0, Max:   0.0, Diff:   0.0]
         [Processed Buffers : 1 2
          Sum: 3, Avg: 1, Min: 1, Max: 2, Diff: 1]
      [Scan RS (ms):  0.0  0.0
       Avg:   0.0, Min:   0.0, Max:   0.0, Diff:   0.0]
      [Object Copy (ms):  0.2  0.1
       Avg:   0.2, Min:   0.1, Max:   0.2, Diff:   0.1]
      [Termination (ms):  0.0  0.0
       Avg:   0.0, Min:   0.0, Max:   0.0, Diff:   0.0]
         [Termination Attempts : 1 1
          Sum: 2, Avg: 1, Min: 1, Max: 1, Diff: 0]
      [GC Worker End (ms):  9241.9  9241.9
       Avg: 9241.9, Min: 9241.9, Max: 9241.9, Diff:   0.0]
      [GC Worker (ms):  1.0  1.1
       Avg:   1.0, Min:   1.0, Max:   1.1, Diff:   0.0]
      [GC Worker Other (ms):  0.1  0.1
       Avg:   0.1, Min:   0.1, Max:   0.1, Diff:   0.0]
   [Clear CT:   0.0 ms]
   [Other:   0.2 ms]
      [Choose CSet:   0.0 ms]
      [Ref Proc:   0.1 ms]
      [Ref Enq:   0.0 ms]
      [Free CSet:   0.0 ms]
   [Eden: 1024K(135M)->0B(101M) Survivors: 1024K->1024K Heap: 380M(512M)->380M(512M)]
 [Times: user=0.01 sys=0.00, real=0.00 secs] 
Heap after GC invocations=336 (full 180):
 garbage-first heap   total 524288K, used 389296K [0x00000007dae00000, 0x00000007fae00000, 0x00000007fae00000)
  region size 1024K, 1 young (1024K), 1 survivors (1024K)
 compacting perm gen  total 20480K, used 2870K [0x00000007fae00000, 0x00000007fc200000, 0x0000000800000000)
   the space 20480K,  14% used [0x00000007fae00000, 0x00000007fb0cda98, 0x00000007fb0cdc00, 0x00000007fc200000)
No shared spaces configured.
}
9.242: [GC concurrent-root-region-scan-start]
9.242: [GC concurrent-root-region-scan-end, 0.0000830]
9.242: [GC concurrent-mark-start]
9.246: [GC concurrent-mark-end, 0.0040260 sec]
9.256: [GC remark 9.257: [GC ref-proc, 0.0000150 secs], 0.0040790 secs]
 [Times: user=0.01 sys=0.00, real=0.00 secs] 
9.261: [GC cleanup 409M->373M(512M), 0.0003470 secs]
 [Times: user=0.00 sys=0.00, real=0.00 secs] 
9.261: [GC concurrent-cleanup-start]
9.261: [GC concurrent-cleanup-end, 0.0000820]
{Heap before GC invocations=337 (full 180):
 garbage-first heap   total 524288K, used 408992K [0x00000007dae00000, 0x00000007fae00000, 0x00000007fae00000)
  region size 1024K, 2 young (2048K), 1 survivors (1024K)
 compacting perm gen  total 20480K, used 2870K [0x00000007fae00000, 0x00000007fc200000, 0x0000000800000000)
   the space 20480K,  14% used [0x00000007fae00000, 0x00000007fb0cda98, 0x00000007fb0cdc00, 0x00000007fc200000)
No shared spaces configured.
9.279: [GC pause (young)
Desired survivor size 6815744 bytes, new threshold 15 (max 15)
- age   1:        192 bytes,        192 total
- age   2:        224 bytes,        416 total
- age   3:        280 bytes,        696 total
 (initial-mark), 0.00128300 secs]
   [Parallel Time:   1.1 ms]
      [GC Worker Start (ms):  9279.2  9279.2
       Avg: 9279.2, Min: 9279.2, Max: 9279.2, Diff:   0.0]
      [Ext Root Scanning (ms):  0.9  0.8
       Avg:   0.8, Min:   0.8, Max:   0.9, Diff:   0.1]
      [Update RS (ms):  0.0  0.0
       Avg:   0.0, Min:   0.0, Max:   0.0, Diff:   0.0]
         [Processed Buffers : 0 3
          Sum: 3, Avg: 1, Min: 0, Max: 3, Diff: 3]
      [Scan RS (ms):  0.0  0.0
       Avg:   0.0, Min:   0.0, Max:   0.0, Diff:   0.0]
      [Object Copy (ms):  0.2  0.1
       Avg:   0.2, Min:   0.1, Max:   0.2, Diff:   0.0]
      [Termination (ms):  0.0  0.1
       Avg:   0.0, Min:   0.0, Max:   0.1, Diff:   0.1]
         [Termination Attempts : 1 1
          Sum: 2, Avg: 1, Min: 1, Max: 1, Diff: 0]
      [GC Worker End (ms):  9280.3  9280.3
       Avg: 9280.3, Min: 9280.3, Max: 9280.3, Diff:   0.0]
      [GC Worker (ms):  1.1  1.1
       Avg:   1.1, Min:   1.1, Max:   1.1, Diff:   0.0]
      [GC Worker Other (ms):  0.1  0.1
       Avg:   0.1, Min:   0.1, Max:   0.1, Diff:   0.0]
   [Clear CT:   0.0 ms]
   [Other:   0.2 ms]
      [Choose CSet:   0.0 ms]
      [Ref Proc:   0.0 ms]
      [Ref Enq:   0.0 ms]
      [Free CSet:   0.0 ms]
   [Eden: 1024K(101M)->0B(101M) Survivors: 1024K->1024K Heap: 399M(512M)->399M(512M)]
 [Times: user=0.00 sys=0.00, real=0.00 secs] 
Heap after GC invocations=338 (full 181):
 garbage-first heap   total 524288K, used 408992K [0x00000007dae00000, 0x00000007fae00000, 0x00000007fae00000)
  region size 1024K, 1 young (1024K), 1 survivors (1024K)
 compacting perm gen  total 20480K, used 2870K [0x00000007fae00000, 0x00000007fc200000, 0x0000000800000000)
   the space 20480K,  14% used [0x00000007fae00000, 0x00000007fb0cda98, 0x00000007fb0cdc00, 0x00000007fc200000)
No shared spaces configured.
}
9.280: [GC concurrent-root-region-scan-start]
9.281: [GC concurrent-root-region-scan-end, 0.0001340]
9.281: [GC concurrent-mark-start]
9.284: [GC concurrent-mark-end, 0.0032000 sec]
9.296: [GC remark 9.296: [GC ref-proc, 0.0000310 secs], 0.0040770 secs]
 [Times: user=0.01 sys=0.00, real=0.00 secs] 
9.300: [GC cleanup 429M->355M(512M), 0.0003630 secs]
 [Times: user=0.00 sys=0.00, real=0.00 secs] 
9.301: [GC concurrent-cleanup-start]
9.301: [GC concurrent-cleanup-end, 0.0001710]
{Heap before GC invocations=339 (full 181):
 garbage-first heap   total 524288K, used 393621K [0x00000007dae00000, 0x00000007fae00000, 0x00000007fae00000)
  region size 1024K, 2 young (2048K), 1 survivors (1024K)
 compacting perm gen  total 20480K, used 2870K [0x00000007fae00000, 0x00000007fc200000, 0x0000000800000000)
   the space 20480K,  14% used [0x00000007fae00000, 0x00000007fb0cda98, 0x00000007fb0cdc00, 0x00000007fc200000)
No shared spaces configured.
9.320: [GC pause (young)
Desired survivor size 6815744 bytes, new threshold 15 (max 15)
- age   1:        328 bytes,        328 total
- age   2:         80 bytes,        408 total
- age   3:         80 bytes,        488 total
- age   4:        280 bytes,        768 total
 (initial-mark), 0.00119200 secs]
   [Parallel Time:   1.0 ms]
      [GC Worker Start (ms):  9320.0  9320.1
       Avg: 9320.0, Min: 9320.0, Max: 9320.1, Diff:   0.0]
      [Ext Root Scanning (ms):  0.7  0.8
       Avg:   0.8, Min:   0.7, Max:   0.8, Diff:   0.0]
      [Update RS (ms):  0.0  0.0
       Avg:   0.0, Min:   0.0, Max:   0.0, Diff:   0.0]
         [Processed Buffers : 2 0
          Sum: 2, Avg: 1, Min: 0, Max: 2, Diff: 2]
      [Scan RS (ms):  0.0  0.0
       Avg:   0.0, Min:   0.0, Max:   0.0, Diff:   0.0]
      [Object Copy (ms):  0.2  0.2
       Avg:   0.2, Min:   0.2, Max:   0.2, Diff:   0.0]
      [Termination (ms):  0.0  0.0
       Avg:   0.0, Min:   0.0, Max:   0.0, Diff:   0.0]
         [Termination Attempts : 1 1
          Sum: 2, Avg: 1, Min: 1, Max: 1, Diff: 0]
      [GC Worker End (ms):  9321.0  9321.0
       Avg: 9321.0, Min: 9321.0, Max: 9321.0, Diff:   0.0]
      [GC Worker (ms):  1.0  1.0
       Avg:   1.0, Min:   1.0, Max:   1.0, Diff:   0.0]
      [GC Worker Other (ms):  0.1  0.1
       Avg:   0.1, Min:   0.1, Max:   0.1, Diff:   0.0]
   [Clear CT:   0.0 ms]
   [Other:   0.1 ms]
      [Choose CSet:   0.0 ms]
      [Ref Proc:   0.0 ms]
      [Ref Enq:   0.0 ms]
      [Free CSet:   0.0 ms]
   [Eden: 1024K(101M)->0B(101M) Survivors: 1024K->1024K Heap: 384M(512M)->384M(512M)]
 [Times: user=0.00 sys=0.00, real=0.00 secs] 
Heap after GC invocations=340 (full 182):
 garbage-first heap   total 524288K, used 393621K [0x00000007dae00000, 0x00000007fae00000, 0x00000007fae00000)
  region size 1024K, 1 young (1024K), 1 survivors (1024K)
 compacting perm gen  total 20480K, used 2870K [0x00000007fae00000, 0x00000007fc200000, 0x0000000800000000)
   the space 20480K,  14% used [0x00000007fae00000, 0x00000007fb0cda98, 0x00000007fb0cdc00, 0x00000007fc200000)
No shared spaces configured.
}
9.321: [GC concurrent-root-region-scan-start]
9.321: [GC concurrent-root-region-scan-end, 0.0001430]
9.321: [GC concurrent-mark-start]
9.323: [GC concurrent-mark-end, 0.0017830 sec]
9.340: [GC remark 9.340: [GC ref-proc, 0.0000150 secs], 0.0035940 secs]
 [Times: user=0.01 sys=0.00, real=0.00 secs] 
9.343: [GC cleanup 420M->372M(512M), 0.0004090 secs]
 [Times: user=0.00 sys=0.00, real=0.00 secs] 
9.344: [GC concurrent-cleanup-start]
9.344: [GC concurrent-cleanup-end, 0.0001220]
{Heap before GC invocations=341 (full 182):
 garbage-first heap   total 524288K, used 422371K [0x00000007dae00000, 0x00000007fae00000, 0x00000007fae00000)
  region size 1024K, 2 young (2048K), 1 survivors (1024K)
 compacting perm gen  total 20480K, used 2870K [0x00000007fae00000, 0x00000007fc200000, 0x0000000800000000)
   the space 20480K,  14% used [0x00000007fae00000, 0x00000007fb0cda98, 0x00000007fb0cdc00, 0x00000007fc200000)
No shared spaces configured.
9.370: [GC pause (young)
Desired survivor size 6815744 bytes, new threshold 15 (max 15)
- age   1:        168 bytes,        168 total
- age   2:        232 bytes,        400 total
- age   3:         80 bytes,        480 total
- age   5:        280 bytes,        760 total
, 0.00096600 secs]
   [Parallel Time:   0.9 ms]
      [GC Worker Start (ms):  9370.5  9370.5
       Avg: 9370.5, Min: 9370.5, Max: 9370.5, Diff:   0.0]
      [Ext Root Scanning (ms):  0.7  0.8
       Avg:   0.7, Min:   0.7, Max:   0.8, Diff:   0.0]
      [Update RS (ms):  0.0  0.0
       Avg:   0.0, Min:   0.0, Max:   0.0, Diff:   0.0]
         [Processed Buffers : 3 0
          Sum: 3, Avg: 1, Min: 0, Max: 3, Diff: 3]
      [Scan RS (ms):  0.0  0.0
       Avg:   0.0, Min:   0.0, Max:   0.0, Diff:   0.0]
      [Object Copy (ms):  0.1  0.0
       Avg:   0.0, Min:   0.0, Max:   0.1, Diff:   0.0]
      [Termination (ms):  0.0  0.0
       Avg:   0.0, Min:   0.0, Max:   0.0, Diff:   0.0]
         [Termination Attempts : 1 1
          Sum: 2, Avg: 1, Min: 1, Max: 1, Diff: 0]
      [GC Worker End (ms):  9371.3  9371.3
       Avg: 9371.3, Min: 9371.3, Max: 9371.3, Diff:   0.0]
      [GC Worker (ms):  0.8  0.8
       Avg:   0.8, Min:   0.8, Max:   0.8, Diff:   0.0]
      [GC Worker Other (ms):  0.1  0.1
       Avg:   0.1, Min:   0.1, Max:   0.1, Diff:   0.0]
   [Clear CT:   0.0 ms]
   [Other:   0.1 ms]
      [Choose CSet:   0.0 ms]
      [Ref Proc:   0.0 ms]
      [Ref Enq:   0.0 ms]
      [Free CSet:   0.0 ms]
   [Eden: 1024K(101M)->0B(101M) Survivors: 1024K->1024K Heap: 412M(512M)->412M(512M)]
 [Times: user=0.00 sys=0.00, real=0.00 secs] 
Heap after GC invocations=342 (full 182):
 garbage-first heap   total 524288K, used 422371K [0x00000007dae00000, 0x00000007fae00000, 0x00000007fae00000)
  region size 1024K, 1 young (1024K), 1 survivors (1024K)
 compacting perm gen  total 20480K, used 2870K [0x00000007fae00000, 0x00000007fc200000, 0x0000000800000000)
   the space 20480K,  14% used [0x00000007fae00000, 0x00000007fb0cda98, 0x00000007fb0cdc00, 0x00000007fc200000)
No shared spaces configured.
}
{Heap before GC invocations=342 (full 182):
 garbage-first heap   total 524288K, used 422371K [0x00000007dae00000, 0x00000007fae00000, 0x00000007fae00000)
  region size 1024K, 1 young (1024K), 1 survivors (1024K)
 compacting perm gen  total 20480K, used 2870K [0x00000007fae00000, 0x00000007fc200000, 0x0000000800000000)
   the space 20480K,  14% used [0x00000007fae00000, 0x00000007fb0cda98, 0x00000007fb0cdc00, 0x00000007fc200000)
No shared spaces configured.
9.372: [GC pause (young)
Desired survivor size 6815744 bytes, new threshold 15 (max 15)
- age   1:        264 bytes,        264 total
- age   2:         96 bytes,        360 total
- age   3:        120 bytes,        480 total
- age   6:        280 bytes,        760 total
, 0.00057600 secs]
   [Parallel Time:   0.5 ms]
      [GC Worker Start (ms):  9371.7  9371.7
       Avg: 9371.7, Min: 9371.7, Max: 9371.7, Diff:   0.0]
      [Ext Root Scanning (ms):  0.4  0.4
       Avg:   0.4, Min:   0.4, Max:   0.4, Diff:   0.0]
      [Update RS (ms):  0.0  0.0
       Avg:   0.0, Min:   0.0, Max:   0.0, Diff:   0.0]
         [Processed Buffers : 2 0
          Sum: 2, Avg: 1, Min: 0, Max: 2, Diff: 2]
      [Scan RS (ms):  0.0  0.0
       Avg:   0.0, Min:   0.0, Max:   0.0, Diff:   0.0]
      [Object Copy (ms):  0.0  0.0
       Avg:   0.0, Min:   0.0, Max:   0.0, Diff:   0.0]
      [Termination (ms):  0.0  0.0
       Avg:   0.0, Min:   0.0, Max:   0.0, Diff:   0.0]
         [Termination Attempts : 1 1
          Sum: 2, Avg: 1, Min: 1, Max: 1, Diff: 0]
      [GC Worker End (ms):  9372.2  9372.2
       Avg: 9372.2, Min: 9372.2, Max: 9372.2, Diff:   0.0]
      [GC Worker (ms):  0.5  0.4
       Avg:   0.5, Min:   0.4, Max:   0.5, Diff:   0.0]
      [GC Worker Other (ms):  0.1  0.1
       Avg:   0.1, Min:   0.1, Max:   0.1, Diff:   0.0]
   [Clear CT:   0.0 ms]
   [Other:   0.0 ms]
      [Choose CSet:   0.0 ms]
      [Ref Proc:   0.0 ms]
      [Ref Enq:   0.0 ms]
      [Free CSet:   0.0 ms]
   [Eden: 0B(101M)->0B(101M) Survivors: 1024K->1024K Heap: 412M(512M)->412M(512M)]
 [Times: user=0.00 sys=0.00, real=0.00 secs] 
Heap after GC invocations=343 (full 182):
 garbage-first heap   total 524288K, used 422371K [0x00000007dae00000, 0x00000007fae00000, 0x00000007fae00000)
  region size 1024K, 1 young (1024K), 1 survivors (1024K)
 compacting perm gen  total 20480K, used 2870K [0x00000007fae00000, 0x00000007fc200000, 0x0000000800000000)
   the space 20480K,  14% used [0x00000007fae00000, 0x00000007fb0cda98, 0x00000007fb0cdc00, 0x00000007fc200000)
No shared spaces configured.
}
{Heap before GC invocations=343 (full 182):
 garbage-first heap   total 524288K, used 422371K [0x00000007dae00000, 0x00000007fae00000, 0x00000007fae00000)
  region size 1024K, 1 young (1024K), 1 survivors (1024K)
 compacting perm gen  total 20480K, used 2870K [0x00000007fae00000, 0x00000007fc200000, 0x0000000800000000)
   the space 20480K,  14% used [0x00000007fae00000, 0x00000007fb0cda98, 0x00000007fb0cdc00, 0x00000007fc200000)
No shared spaces configured.
9.373: [GC pause (young)
Desired survivor size 6815744 bytes, new threshold 15 (max 15)
- age   2:        264 bytes,        264 total
- age   3:         96 bytes,        360 total
- age   4:         40 bytes,        400 total
- age   7:        280 bytes,        680 total
 (initial-mark), 0.00069600 secs]
   [Parallel Time:   0.6 ms]
      [GC Worker Start (ms):  9372.6  9372.6
       Avg: 9372.6, Min: 9372.6, Max: 9372.6, Diff:   0.0]
      [Ext Root Scanning (ms):  0.4  0.4
       Avg:   0.4, Min:   0.4, Max:   0.4, Diff:   0.0]
      [Update RS (ms):  0.0  0.0
       Avg:   0.0, Min:   0.0, Max:   0.0, Diff:   0.0]
         [Processed Buffers : 3 0
          Sum: 3, Avg: 1, Min: 0, Max: 3, Diff: 3]
      [Scan RS (ms):  0.0  0.0
       Avg:   0.0, Min:   0.0, Max:   0.0, Diff:   0.0]
      [Object Copy (ms):  0.2  0.1
       Avg:   0.1, Min:   0.1, Max:   0.2, Diff:   0.0]
      [Termination (ms):  0.0  0.0
       Avg:   0.0, Min:   0.0, Max:   0.0, Diff:   0.0]
         [Termination Attempts : 1 1
          Sum: 2, Avg: 1, Min: 1, Max: 1, Diff: 0]
      [GC Worker End (ms):  9373.2  9373.2
       Avg: 9373.2, Min: 9373.2, Max: 9373.2, Diff:   0.0]
      [GC Worker (ms):  0.6  0.6
       Avg:   0.6, Min:   0.6, Max:   0.6, Diff:   0.0]
      [GC Worker Other (ms):  0.0  0.1
       Avg:   0.0, Min:   0.0, Max:   0.1, Diff:   0.0]
   [Clear CT:   0.0 ms]
   [Other:   0.1 ms]
      [Choose CSet:   0.0 ms]
      [Ref Proc:   0.0 ms]
      [Ref Enq:   0.0 ms]
      [Free CSet:   0.0 ms]
   [Eden: 0B(101M)->0B(101M) Survivors: 1024K->1024K Heap: 412M(512M)->412M(512M)]
 [Times: user=0.00 sys=0.00, real=0.00 secs] 
Heap after GC invocations=344 (full 183):
 garbage-first heap   total 524288K, used 422371K [0x00000007dae00000, 0x00000007fae00000, 0x00000007fae00000)
  region size 1024K, 1 young (1024K), 1 survivors (1024K)
 compacting perm gen  total 20480K, used 2870K [0x00000007fae00000, 0x00000007fc200000, 0x0000000800000000)
   the space 20480K,  14% used [0x00000007fae00000, 0x00000007fb0cda98, 0x00000007fb0cdc00, 0x00000007fc200000)
No shared spaces configured.
}
9.373: [GC concurrent-root-region-scan-start]
{Heap before GC invocations=344 (full 183):
 garbage-first heap   total 524288K, used 422371K [0x00000007dae00000, 0x00000007fae00000, 0x00000007fae00000)
  region size 1024K, 1 young (1024K), 1 survivors (1024K)
 compacting perm gen  total 20480K, used 2870K [0x00000007fae00000, 0x00000007fc200000, 0x0000000800000000)
   the space 20480K,  14% used [0x00000007fae00000, 0x00000007fb0cda98, 0x00000007fb0cdc00, 0x00000007fc200000)
No shared spaces configured.
9.373: 9.373: [GC concurrent-root-region-scan-end, 0.0000850]
[Full GC9.373: [GC concurrent-mark-start]
 412M->280M(512M), 0.0113970 secs]
 [Times: user=0.02 sys=0.00, real=0.01 secs] 
Heap after GC invocations=345 (full 184):
 garbage-first heap   total 524288K, used 287436K [0x00000007dae00000, 0x00000007fae00000, 0x00000007fae00000)
  region size 1024K, 0 young (0K), 0 survivors (0K)
 compacting perm gen  total 20480K, used 2870K [0x00000007fae00000, 0x00000007fc200000, 0x0000000800000000)
   the space 20480K,  14% used [0x00000007fae00000, 0x00000007fb0cda98, 0x00000007fb0cdc00, 0x00000007fc200000)
No shared spaces configured.
}
9.385: [GC concurrent-mark-abort]
{Heap before GC invocations=345 (full 184):
 garbage-first heap   total 524288K, used 353360K [0x00000007dae00000, 0x00000007fae00000, 0x00000007fae00000)
  region size 1024K, 1 young (1024K), 0 survivors (0K)
 compacting perm gen  total 20480K, used 2870K [0x00000007fae00000, 0x00000007fc200000, 0x0000000800000000)
   the space 20480K,  14% used [0x00000007fae00000, 0x00000007fb0cda98, 0x00000007fb0cdc00, 0x00000007fc200000)
No shared spaces configured.
9.424: [GC pause (young)
Desired survivor size 11534336 bytes, new threshold 15 (max 15)
- age   3:        264 bytes,        264 total
- age   4:         96 bytes,        360 total
- age   5:         40 bytes,        400 total
- age   8:        280 bytes,        680 total
 (initial-mark), 0.00192600 secs]
   [Parallel Time:   1.7 ms]
      [GC Worker Start (ms):  9424.4  9424.4
       Avg: 9424.4, Min: 9424.4, Max: 9424.4, Diff:   0.0]
      [Ext Root Scanning (ms):  1.4  1.5
       Avg:   1.5, Min:   1.4, Max:   1.5, Diff:   0.0]
      [Update RS (ms):  0.0  0.0
       Avg:   0.0, Min:   0.0, Max:   0.0, Diff:   0.0]
         [Processed Buffers : 1 0
          Sum: 1, Avg: 0, Min: 0, Max: 1, Diff: 1]
      [Scan RS (ms):  0.0  0.0
       Avg:   0.0, Min:   0.0, Max:   0.0, Diff:   0.0]
      [Object Copy (ms):  0.2  0.2
       Avg:   0.2, Min:   0.2, Max:   0.2, Diff:   0.0]
      [Termination (ms):  0.0  0.0
       Avg:   0.0, Min:   0.0, Max:   0.0, Diff:   0.0]
         [Termination Attempts : 1 1
          Sum: 2, Avg: 1, Min: 1, Max: 1, Diff: 0]
      [GC Worker End (ms):  9426.1  9426.1
       Avg: 9426.1, Min: 9426.1, Max: 9426.1, Diff:   0.0]
      [GC Worker (ms):  1.7  1.7
       Avg:   1.7, Min:   1.7, Max:   1.7, Diff:   0.0]
      [GC Worker Other (ms):  0.1  0.1
       Avg:   0.1, Min:   0.1, Max:   0.1, Diff:   0.0]
   [Clear CT:   0.0 ms]
   [Other:   0.2 ms]
      [Choose CSet:   0.0 ms]
      [Ref Proc:   0.0 ms]
      [Ref Enq:   0.0 ms]
      [Free CSet:   0.0 ms]
   [Eden: 1024K(101M)->0B(103M) Survivors: 0B->1024K Heap: 345M(512M)->345M(512M)]
 [Times: user=0.01 sys=0.00, real=0.01 secs] 
Heap after GC invocations=346 (full 185):
 garbage-first heap   total 524288K, used 353424K [0x00000007dae00000, 0x00000007fae00000, 0x00000007fae00000)
  region size 1024K, 1 young (1024K), 1 survivors (1024K)
 compacting perm gen  total 20480K, used 2870K [0x00000007fae00000, 0x00000007fc200000, 0x0000000800000000)
   the space 20480K,  14% used [0x00000007fae00000, 0x00000007fb0cda98, 0x00000007fb0cdc00, 0x00000007fc200000)
No shared spaces configured.
}
9.426: [GC concurrent-root-region-scan-start]
9.426: [GC concurrent-root-region-scan-end, 0.0000360]
9.426: [GC concurrent-mark-start]
9.429: [GC concurrent-mark-end, 0.0025750 sec]
9.435: [GC remark 9.435: [GC ref-proc, 0.0000170 secs], 0.0030720 secs]
 [Times: user=0.00 sys=0.00, real=0.01 secs] 
9.438: [GC cleanup 360M->266M(512M), 0.0004550 secs]
 [Times: user=0.00 sys=0.00, real=0.00 secs] 
9.438: [GC concurrent-cleanup-start]
9.438: [GC concurrent-cleanup-end, 0.0001930]
{Heap before GC invocations=347 (full 185):
 garbage-first heap   total 524288K, used 286193K [0x00000007dae00000, 0x00000007fae00000, 0x00000007fae00000)
  region size 1024K, 2 young (2048K), 1 survivors (1024K)
 compacting perm gen  total 20480K, used 2870K [0x00000007fae00000, 0x00000007fc200000, 0x0000000800000000)
   the space 20480K,  14% used [0x00000007fae00000, 0x00000007fb0cda98, 0x00000007fb0cdc00, 0x00000007fc200000)
No shared spaces configured.
9.451: [GC pause (young)
Desired survivor size 6815744 bytes, new threshold 15 (max 15)
- age   1:         96 bytes,         96 total
 (initial-mark), 0.00124100 secs]
   [Parallel Time:   1.1 ms]
      [GC Worker Start (ms):  9450.9  9450.9
       Avg: 9450.9, Min: 9450.9, Max: 9450.9, Diff:   0.0]
      [Ext Root Scanning (ms):  0.9  0.8
       Avg:   0.8, Min:   0.8, Max:   0.9, Diff:   0.1]
      [Update RS (ms):  0.0  0.0
       Avg:   0.0, Min:   0.0, Max:   0.0, Diff:   0.0]
         [Processed Buffers : 1 3
          Sum: 4, Avg: 2, Min: 1, Max: 3, Diff: 2]
      [Scan RS (ms):  0.0  0.0
       Avg:   0.0, Min:   0.0, Max:   0.0, Diff:   0.0]
      [Object Copy (ms):  0.1  0.2
       Avg:   0.2, Min:   0.1, Max:   0.2, Diff:   0.1]
      [Termination (ms):  0.0  0.0
       Avg:   0.0, Min:   0.0, Max:   0.0, Diff:   0.0]
         [Termination Attempts : 1 1
          Sum: 2, Avg: 1, Min: 1, Max: 1, Diff: 0]
      [GC Worker End (ms):  9451.9  9451.9
       Avg: 9451.9, Min: 9451.9, Max: 9451.9, Diff:   0.0]
      [GC Worker (ms):  1.0  1.0
       Avg:   1.0, Min:   1.0, Max:   1.0, Diff:   0.0]
      [GC Worker Other (ms):  0.1  0.1
       Avg:   0.1, Min:   0.1, Max:   0.1, Diff:   0.0]
   [Clear CT:   0.0 ms]
   [Other:   0.2 ms]
      [Choose CSet:   0.0 ms]
      [Ref Proc:   0.0 ms]
      [Ref Enq:   0.0 ms]
      [Free CSet:   0.0 ms]
   [Eden: 1024K(103M)->0B(171M) Survivors: 1024K->1024K Heap: 279M(512M)->279M(512M)]
 [Times: user=0.00 sys=0.00, real=0.00 secs] 
Heap after GC invocations=348 (full 186):
 garbage-first heap   total 524288K, used 286193K [0x00000007dae00000, 0x00000007fae00000, 0x00000007fae00000)
  region size 1024K, 1 young (1024K), 1 survivors (1024K)
 compacting perm gen  total 20480K, used 2870K [0x00000007fae00000, 0x00000007fc200000, 0x0000000800000000)
   the space 20480K,  14% used [0x00000007fae00000, 0x00000007fb0cda98, 0x00000007fb0cdc00, 0x00000007fc200000)
No shared spaces configured.
}
9.452: [GC concurrent-root-region-scan-start]
9.452: [GC concurrent-root-region-scan-end, 0.0000490]
9.452: [GC concurrent-mark-start]
9.455: [GC concurrent-mark-end, 0.0023790 sec]
9.462: [GC remark 9.462: [GC ref-proc, 0.0000160 secs], 0.0028360 secs]
 [Times: user=0.00 sys=0.00, real=0.00 secs] 
9.481: [GC cleanup 328M->288M(512M), 0.0006360 secs]
 [Times: user=0.00 sys=0.00, real=0.00 secs] 
9.481: [GC concurrent-cleanup-start]
9.481: [GC concurrent-cleanup-end, 0.0001190]
{Heap before GC invocations=349 (full 186):
 garbage-first heap   total 524288K, used 321613K [0x00000007dae00000, 0x00000007fae00000, 0x00000007fae00000)
  region size 1024K, 2 young (2048K), 1 survivors (1024K)
 compacting perm gen  total 20480K, used 2870K [0x00000007fae00000, 0x00000007fc200000, 0x0000000800000000)
   the space 20480K,  14% used [0x00000007fae00000, 0x00000007fb0cda98, 0x00000007fb0cdc00, 0x00000007fc200000)
No shared spaces configured.
9.500: [GC pause (young)
Desired survivor size 11534336 bytes, new threshold 15 (max 15)
- age   1:        112 bytes,        112 total
- age   2:         80 bytes,        192 total
 (initial-mark), 0.00131800 secs]
   [Parallel Time:   1.1 ms]
      [GC Worker Start (ms):  9499.8  9499.8
       Avg: 9499.8, Min: 9499.8, Max: 9499.8, Diff:   0.0]
      [Ext Root Scanning (ms):  0.8  0.7
       Avg:   0.8, Min:   0.7, Max:   0.8, Diff:   0.1]
      [Update RS (ms):  0.0  0.0
       Avg:   0.0, Min:   0.0, Max:   0.0, Diff:   0.0]
         [Processed Buffers : 1 6
          Sum: 7, Avg: 3, Min: 1, Max: 6, Diff: 5]
      [Scan RS (ms):  0.0  0.0
       Avg:   0.0, Min:   0.0, Max:   0.0, Diff:   0.0]
      [Object Copy (ms):  0.1  0.2
       Avg:   0.2, Min:   0.1, Max:   0.2, Diff:   0.0]
      [Termination (ms):  0.0  0.1
       Avg:   0.1, Min:   0.0, Max:   0.1, Diff:   0.1]
         [Termination Attempts : 1 1
          Sum: 2, Avg: 1, Min: 1, Max: 1, Diff: 0]
      [GC Worker End (ms):  9500.8  9500.9
       Avg: 9500.8, Min: 9500.8, Max: 9500.9, Diff:   0.1]
      [GC Worker (ms):  1.0  1.1
       Avg:   1.0, Min:   1.0, Max:   1.1, Diff:   0.1]
      [GC Worker Other (ms):  0.2  0.1
       Avg:   0.1, Min:   0.1, Max:   0.2, Diff:   0.1]
   [Clear CT:   0.0 ms]
   [Other:   0.2 ms]
      [Choose CSet:   0.0 ms]
      [Ref Proc:   0.0 ms]
      [Ref Enq:   0.0 ms]
      [Free CSet:   0.0 ms]
   [Eden: 1024K(171M)->0B(135M) Survivors: 1024K->1024K Heap: 314M(512M)->314M(512M)]
 [Times: user=0.00 sys=0.00, real=0.00 secs] 
Heap after GC invocations=350 (full 187):
 garbage-first heap   total 524288K, used 321613K [0x00000007dae00000, 0x00000007fae00000, 0x00000007fae00000)
  region size 1024K, 1 young (1024K), 1 survivors (1024K)
 compacting perm gen  total 20480K, used 2870K [0x00000007fae00000, 0x00000007fc200000, 0x0000000800000000)
   the space 20480K,  14% used [0x00000007fae00000, 0x00000007fb0cda98, 0x00000007fb0cdc00, 0x00000007fc200000)
No shared spaces configured.
}
9.501: [GC concurrent-root-region-scan-start]
9.501: [GC concurrent-root-region-scan-end, 0.0000770]
9.501: [GC concurrent-mark-start]
9.504: [GC concurrent-mark-end, 0.0031750 sec]
9.507: [GC remark 9.507: [GC ref-proc, 0.0000140 secs], 0.0026080 secs]
 [Times: user=0.00 sys=0.00, real=0.00 secs] 
9.509: [GC cleanup 324M->220M(512M), 0.0005740 secs]
 [Times: user=0.00 sys=0.00, real=0.00 secs] 
9.510: [GC concurrent-cleanup-start]
9.510: [GC concurrent-cleanup-end, 0.0002330]
{Heap before GC invocations=351 (full 187):
 garbage-first heap   total 524288K, used 276566K [0x00000007dae00000, 0x00000007fae00000, 0x00000007fae00000)
  region size 1024K, 2 young (2048K), 1 survivors (1024K)
 compacting perm gen  total 20480K, used 2870K [0x00000007fae00000, 0x00000007fc200000, 0x0000000800000000)
   the space 20480K,  14% used [0x00000007fae00000, 0x00000007fb0cda98, 0x00000007fb0cdc00, 0x00000007fc200000)
No shared spaces configured.
9.541: [GC pause (young)
Desired survivor size 8912896 bytes, new threshold 15 (max 15)
- age   1:        288 bytes,        288 total
- age   2:         40 bytes,        328 total
- age   3:         80 bytes,        408 total
 (initial-mark), 0.00124000 secs]
   [Parallel Time:   1.0 ms]
      [GC Worker Start (ms):  9540.8  9540.9
       Avg: 9540.8, Min: 9540.8, Max: 9540.9, Diff:   0.0]
      [Ext Root Scanning (ms):  0.8  0.7
       Avg:   0.8, Min:   0.7, Max:   0.8, Diff:   0.1]
      [Update RS (ms):  0.0  0.0
       Avg:   0.0, Min:   0.0, Max:   0.0, Diff:   0.0]
         [Processed Buffers : 1 3
          Sum: 4, Avg: 2, Min: 1, Max: 3, Diff: 2]
      [Scan RS (ms):  0.0  0.0
       Avg:   0.0, Min:   0.0, Max:   0.0, Diff:   0.0]
      [Object Copy (ms):  0.1  0.2
       Avg:   0.2, Min:   0.1, Max:   0.2, Diff:   0.0]
      [Termination (ms):  0.0  0.0
       Avg:   0.0, Min:   0.0, Max:   0.0, Diff:   0.0]
         [Termination Attempts : 1 1
          Sum: 2, Avg: 1, Min: 1, Max: 1, Diff: 0]
      [GC Worker End (ms):  9541.8  9541.8
       Avg: 9541.8, Min: 9541.8, Max: 9541.8, Diff:   0.0]
      [GC Worker (ms):  1.0  1.0
       Avg:   1.0, Min:   1.0, Max:   1.0, Diff:   0.0]
      [GC Worker Other (ms):  0.1  0.1
       Avg:   0.1, Min:   0.1, Max:   0.1, Diff:   0.0]
   [Clear CT:   0.0 ms]
   [Other:   0.2 ms]
      [Choose CSet:   0.0 ms]
      [Ref Proc:   0.0 ms]
      [Ref Enq:   0.0 ms]
      [Free CSet:   0.0 ms]
   [Eden: 1024K(135M)->0B(180M) Survivors: 1024K->1024K Heap: 270M(512M)->270M(512M)]
 [Times: user=0.00 sys=0.00, real=0.00 secs] 
Heap after GC invocations=352 (full 188):
 garbage-first heap   total 524288K, used 276566K [0x00000007dae00000, 0x00000007fae00000, 0x00000007fae00000)
  region size 1024K, 1 young (1024K), 1 survivors (1024K)
 compacting perm gen  total 20480K, used 2870K [0x00000007fae00000, 0x00000007fc200000, 0x0000000800000000)
   the space 20480K,  14% used [0x00000007fae00000, 0x00000007fb0cda98, 0x00000007fb0cdc00, 0x00000007fc200000)
No shared spaces configured.
}
9.542: [GC concurrent-root-region-scan-start]
9.542: [GC concurrent-root-region-scan-end, 0.0001400]
9.542: [GC concurrent-mark-start]
9.555: [GC concurrent-mark-end, 0.0127620 sec]
9.571: [GC remark 9.571: [GC ref-proc, 0.0000160 secs], 0.0028080 secs]
 [Times: user=0.01 sys=0.00, real=0.00 secs] 
9.581: [GC cleanup 340M->303M(512M), 0.0006310 secs]
 [Times: user=0.00 sys=0.00, real=0.00 secs] 
9.582: [GC concurrent-cleanup-start]
9.582: [GC concurrent-cleanup-end, 0.0001100]
{Heap before GC invocations=353 (full 188):
 garbage-first heap   total 524288K, used 344104K [0x00000007dae00000, 0x00000007fae00000, 0x00000007fae00000)
  region size 1024K, 2 young (2048K), 1 survivors (1024K)
 compacting perm gen  total 20480K, used 2870K [0x00000007fae00000, 0x00000007fc200000, 0x0000000800000000)
   the space 20480K,  14% used [0x00000007fae00000, 0x00000007fb0cda98, 0x00000007fb0cdc00, 0x00000007fc200000)
No shared spaces configured.
9.604: [GC pause (young)
Desired survivor size 12058624 bytes, new threshold 15 (max 15)
- age   1:        200 bytes,        200 total
- age   2:        200 bytes,        400 total
- age   3:         40 bytes,        440 total
- age   4:         80 bytes,        520 total
 (initial-mark), 0.00123100 secs]
   [Parallel Time:   1.0 ms]
      [GC Worker Start (ms):  9603.8  9603.8
       Avg: 9603.8, Min: 9603.8, Max: 9603.8, Diff:   0.0]
      [Ext Root Scanning (ms):  0.8  0.8
       Avg:   0.8, Min:   0.8, Max:   0.8, Diff:   0.1]
      [Update RS (ms):  0.0  0.0
       Avg:   0.0, Min:   0.0, Max:   0.0, Diff:   0.0]
         [Processed Buffers : 0 3
          Sum: 3, Avg: 1, Min: 0, Max: 3, Diff: 3]
      [Scan RS (ms):  0.0  0.0
       Avg:   0.0, Min:   0.0, Max:   0.0, Diff:   0.0]
      [Object Copy (ms):  0.1  0.2
       Avg:   0.2, Min:   0.1, Max:   0.2, Diff:   0.0]
      [Termination (ms):  0.0  0.0
       Avg:   0.0, Min:   0.0, Max:   0.0, Diff:   0.0]
         [Termination Attempts : 1 1
          Sum: 2, Avg: 1, Min: 1, Max: 1, Diff: 0]
      [GC Worker End (ms):  9604.8  9604.8
       Avg: 9604.8, Min: 9604.8, Max: 9604.8, Diff:   0.0]
      [GC Worker (ms):  1.0  1.0
       Avg:   1.0, Min:   1.0, Max:   1.0, Diff:   0.0]
      [GC Worker Other (ms):  0.1  0.1
       Avg:   0.1, Min:   0.1, Max:   0.1, Diff:   0.0]
   [Clear CT:   0.0 ms]
   [Other:   0.2 ms]
      [Choose CSet:   0.0 ms]
      [Ref Proc:   0.0 ms]
      [Ref Enq:   0.0 ms]
      [Free CSet:   0.0 ms]
   [Eden: 1024K(180M)->0B(112M) Survivors: 1024K->1024K Heap: 336M(512M)->336M(512M)]
 [Times: user=0.00 sys=0.00, real=0.00 secs] 
Heap after GC invocations=354 (full 189):
 garbage-first heap   total 524288K, used 344104K [0x00000007dae00000, 0x00000007fae00000, 0x00000007fae00000)
  region size 1024K, 1 young (1024K), 1 survivors (1024K)
 compacting perm gen  total 20480K, used 2870K [0x00000007fae00000, 0x00000007fc200000, 0x0000000800000000)
   the space 20480K,  14% used [0x00000007fae00000, 0x00000007fb0cda98, 0x00000007fb0cdc00, 0x00000007fc200000)
No shared spaces configured.
}
9.605: [GC concurrent-root-region-scan-start]
9.605: [GC concurrent-root-region-scan-end, 0.0000920]
9.605: [GC concurrent-mark-start]
9.609: [GC concurrent-mark-end, 0.0035560 sec]
9.629: [GC remark 9.629: [GC ref-proc, 0.0000170 secs], 0.0029770 secs]
 [Times: user=0.01 sys=0.00, real=0.00 secs] 
9.645: [GC cleanup 407M->328M(512M), 0.0006020 secs]
 [Times: user=0.00 sys=0.00, real=0.01 secs] 
9.646: [GC concurrent-cleanup-start]
9.646: [GC concurrent-cleanup-end, 0.0002300]
{Heap before GC invocations=355 (full 189):
 garbage-first heap   total 524288K, used 425617K [0x00000007dae00000, 0x00000007fae00000, 0x00000007fae00000)
  region size 1024K, 2 young (2048K), 1 survivors (1024K)
 compacting perm gen  total 20480K, used 2870K [0x00000007fae00000, 0x00000007fc200000, 0x0000000800000000)
   the space 20480K,  14% used [0x00000007fae00000, 0x00000007fb0cda98, 0x00000007fb0cdc00, 0x00000007fc200000)
No shared spaces configured.
9.698: [GC pause (young)
Desired survivor size 7864320 bytes, new threshold 15 (max 15)
- age   1:        344 bytes,        344 total
- age   3:         80 bytes,        424 total
- age   4:         40 bytes,        464 total
- age   5:         80 bytes,        544 total
 (initial-mark), 0.00127200 secs]
   [Parallel Time:   1.1 ms]
      [GC Worker Start (ms):  9697.6  9697.6
       Avg: 9697.6, Min: 9697.6, Max: 9697.6, Diff:   0.0]
      [Ext Root Scanning (ms):  0.8  0.9
       Avg:   0.8, Min:   0.8, Max:   0.9, Diff:   0.2]
      [Update RS (ms):  0.0  0.0
       Avg:   0.0, Min:   0.0, Max:   0.0, Diff:   0.0]
         [Processed Buffers : 4 0
          Sum: 4, Avg: 2, Min: 0, Max: 4, Diff: 4]
      [Scan RS (ms):  0.0  0.0
       Avg:   0.0, Min:   0.0, Max:   0.0, Diff:   0.0]
      [Object Copy (ms):  0.2  0.1
       Avg:   0.2, Min:   0.1, Max:   0.2, Diff:   0.1]
      [Termination (ms):  0.0  0.0
       Avg:   0.0, Min:   0.0, Max:   0.0, Diff:   0.0]
         [Termination Attempts : 1 1
          Sum: 2, Avg: 1, Min: 1, Max: 1, Diff: 0]
      [GC Worker End (ms):  9698.7  9698.7
       Avg: 9698.7, Min: 9698.7, Max: 9698.7, Diff:   0.0]
      [GC Worker (ms):  1.1  1.1
       Avg:   1.1, Min:   1.1, Max:   1.1, Diff:   0.0]
      [GC Worker Other (ms):  0.0  0.1
       Avg:   0.1, Min:   0.0, Max:   0.1, Diff:   0.0]
   [Clear CT:   0.0 ms]
   [Other:   0.1 ms]
      [Choose CSet:   0.0 ms]
      [Ref Proc:   0.0 ms]
      [Ref Enq:   0.0 ms]
      [Free CSet:   0.0 ms]
   [Eden: 1024K(112M)->0B(101M) Survivors: 1024K->1024K Heap: 415M(512M)->415M(512M)]
 [Times: user=0.00 sys=0.00, real=0.00 secs] 
Heap after GC invocations=356 (full 190):
 garbage-first heap   total 524288K, used 425617K [0x00000007dae00000, 0x00000007fae00000, 0x00000007fae00000)
  region size 1024K, 1 young (1024K), 1 survivors (1024K)
 compacting perm gen  total 20480K, used 2870K [0x00000007fae00000, 0x00000007fc200000, 0x0000000800000000)
   the space 20480K,  14% used [0x00000007fae00000, 0x00000007fb0cda98, 0x00000007fb0cdc00, 0x00000007fc200000)
No shared spaces configured.
}
9.699: [GC concurrent-root-region-scan-start]
9.699: [GC concurrent-root-region-scan-end, 0.0003440]
9.699: [GC concurrent-mark-start]
{Heap before GC invocations=356 (full 190):
 garbage-first heap   total 524288K, used 447764K [0x00000007dae00000, 0x00000007fae00000, 0x00000007fae00000)
  region size 1024K, 2 young (2048K), 1 survivors (1024K)
 compacting perm gen  total 20480K, used 2870K [0x00000007fae00000, 0x00000007fc200000, 0x0000000800000000)
   the space 20480K,  14% used [0x00000007fae00000, 0x00000007fb0cda98, 0x00000007fb0cdc00, 0x00000007fc200000)
No shared spaces configured.
9.710: [GC pause (young)
Desired survivor size 6815744 bytes, new threshold 15 (max 15)
- age   1:        464 bytes,        464 total
- age   2:         40 bytes,        504 total
- age   4:         80 bytes,        584 total
- age   5:         40 bytes,        624 total
- age   6:         80 bytes,        704 total
, 0.00107300 secs]
   [Parallel Time:   1.0 ms]
      [GC Worker Start (ms):  9710.1  9710.1
       Avg: 9710.1, Min: 9710.1, Max: 9710.1, Diff:   0.0]
      [Ext Root Scanning (ms):  0.9  0.8
       Avg:   0.8, Min:   0.8, Max:   0.9, Diff:   0.1]
      [SATB Filtering (ms):  0.0  0.0
       Avg:   0.0, Min:   0.0, Max:   0.0, Diff:   0.0]
      [Update RS (ms):  0.0  0.0
       Avg:   0.0, Min:   0.0, Max:   0.0, Diff:   0.0]
         [Processed Buffers : 0 3
          Sum: 3, Avg: 1, Min: 0, Max: 3, Diff: 3]
      [Scan RS (ms):  0.0  0.0
       Avg:   0.0, Min:   0.0, Max:   0.0, Diff:   0.0]
      [Object Copy (ms):  0.0  0.1
       Avg:   0.1, Min:   0.0, Max:   0.1, Diff:   0.0]
      [Termination (ms):  0.0  0.0
       Avg:   0.0, Min:   0.0, Max:   0.0, Diff:   0.0]
         [Termination Attempts : 1 1
          Sum: 2, Avg: 1, Min: 1, Max: 1, Diff: 0]
      [GC Worker End (ms):  9711.0  9711.0
       Avg: 9711.0, Min: 9711.0, Max: 9711.0, Diff:   0.0]
      [GC Worker (ms):  0.9  0.9
       Avg:   0.9, Min:   0.9, Max:   0.9, Diff:   0.0]
      [GC Worker Other (ms):  0.1  0.1
       Avg:   0.1, Min:   0.1, Max:   0.1, Diff:   0.0]
   [Complete CSet Marking:   0.0 ms]
   [Clear CT:   0.0 ms]
   [Other:   0.1 ms]
      [Choose CSet:   0.0 ms]
      [Ref Proc:   0.0 ms]
      [Ref Enq:   0.0 ms]
      [Free CSet:   0.0 ms]
   [Eden: 1024K(101M)->0B(101M) Survivors: 1024K->1024K Heap: 437M(512M)->437M(512M)]
 [Times: user=0.00 sys=0.00, real=0.00 secs] 
Heap after GC invocations=357 (full 190):
 garbage-first heap   total 524288K, used 447764K [0x00000007dae00000, 0x00000007fae00000, 0x00000007fae00000)
  region size 1024K, 1 young (1024K), 1 survivors (1024K)
 compacting perm gen  total 20480K, used 2870K [0x00000007fae00000, 0x00000007fc200000, 0x0000000800000000)
   the space 20480K,  14% used [0x00000007fae00000, 0x00000007fb0cda98, 0x00000007fb0cdc00, 0x00000007fc200000)
No shared spaces configured.
}
{Heap before GC invocations=357 (full 190):
 garbage-first heap   total 524288K, used 447764K [0x00000007dae00000, 0x00000007fae00000, 0x00000007fae00000)
  region size 1024K, 1 young (1024K), 1 survivors (1024K)
 compacting perm gen  total 20480K, used 2870K [0x00000007fae00000, 0x00000007fc200000, 0x0000000800000000)
   the space 20480K,  14% used [0x00000007fae00000, 0x00000007fb0cda98, 0x00000007fb0cdc00, 0x00000007fc200000)
No shared spaces configured.
9.711: [Full GC 437M->280M(512M), 0.0115940 secs]
 [Times: user=0.01 sys=0.00, real=0.01 secs] 
Heap after GC invocations=358 (full 191):
 garbage-first heap   total 524288K, used 287656K [0x00000007dae00000, 0x00000007fae00000, 0x00000007fae00000)
  region size 1024K, 0 young (0K), 0 survivors (0K)
 compacting perm gen  total 20480K, used 2870K [0x00000007fae00000, 0x00000007fc200000, 0x0000000800000000)
   the space 20480K,  14% used [0x00000007fae00000, 0x00000007fb0cda98, 0x00000007fb0cdc00, 0x00000007fc200000)
No shared spaces configured.
}
9.723: [GC concurrent-mark-abort]
{Heap before GC invocations=358 (full 191):
 garbage-first heap   total 524288K, used 332365K [0x00000007dae00000, 0x00000007fae00000, 0x00000007fae00000)
  region size 1024K, 1 young (1024K), 0 survivors (0K)
 compacting perm gen  total 20480K, used 2870K [0x00000007fae00000, 0x00000007fc200000, 0x0000000800000000)
   the space 20480K,  14% used [0x00000007fae00000, 0x00000007fb0cda98, 0x00000007fb0cdc00, 0x00000007fc200000)
No shared spaces configured.
9.751: [GC pause (young)
Desired survivor size 11010048 bytes, new threshold 15 (max 15)
- age   1:         56 bytes,         56 total
- age   2:        408 bytes,        464 total
- age   5:         80 bytes,        544 total
- age   6:         40 bytes,        584 total
- age   7:         80 bytes,        664 total
 (initial-mark), 0.00183600 secs]
   [Parallel Time:   1.7 ms]
      [GC Worker Start (ms):  9750.9  9750.9
       Avg: 9750.9, Min: 9750.9, Max: 9750.9, Diff:   0.0]
      [Ext Root Scanning (ms):  1.4  1.4
       Avg:   1.4, Min:   1.4, Max:   1.4, Diff:   0.1]
      [Update RS (ms):  0.0  0.0
       Avg:   0.0, Min:   0.0, Max:   0.0, Diff:   0.0]
         [Processed Buffers : 2 0
          Sum: 2, Avg: 1, Min: 0, Max: 2, Diff: 2]
      [Scan RS (ms):  0.0  0.0
       Avg:   0.0, Min:   0.0, Max:   0.0, Diff:   0.0]
      [Object Copy (ms):  0.2  0.2
       Avg:   0.2, Min:   0.2, Max:   0.2, Diff:   0.0]
      [Termination (ms):  0.0  0.0
       Avg:   0.0, Min:   0.0, Max:   0.0, Diff:   0.0]
         [Termination Attempts : 1 1
          Sum: 2, Avg: 1, Min: 1, Max: 1, Diff: 0]
      [GC Worker End (ms):  9752.5  9752.5
       Avg: 9752.5, Min: 9752.5, Max: 9752.5, Diff:   0.0]
      [GC Worker (ms):  1.6  1.6
       Avg:   1.6, Min:   1.6, Max:   1.6, Diff:   0.0]
      [GC Worker Other (ms):  0.1  0.1
       Avg:   0.1, Min:   0.1, Max:   0.1, Diff:   0.0]
   [Clear CT:   0.0 ms]
   [Other:   0.2 ms]
      [Choose CSet:   0.0 ms]
      [Ref Proc:   0.0 ms]
      [Ref Enq:   0.0 ms]
      [Free CSet:   0.0 ms]
   [Eden: 1024K(101M)->0B(122M) Survivors: 0B->1024K Heap: 324M(512M)->324M(512M)]
 [Times: user=0.01 sys=0.00, real=0.00 secs] 
Heap after GC invocations=359 (full 192):
 garbage-first heap   total 524288K, used 332429K [0x00000007dae00000, 0x00000007fae00000, 0x00000007fae00000)
  region size 1024K, 1 young (1024K), 1 survivors (1024K)
 compacting perm gen  total 20480K, used 2870K [0x00000007fae00000, 0x00000007fc200000, 0x0000000800000000)
   the space 20480K,  14% used [0x00000007fae00000, 0x00000007fb0cda98, 0x00000007fb0cdc00, 0x00000007fc200000)
No shared spaces configured.
}
9.753: [GC concurrent-root-region-scan-start]
9.753: [GC concurrent-root-region-scan-end, 0.0000370]
9.753: [GC concurrent-mark-start]
9.754: [GC concurrent-mark-end, 0.0014420 sec]
9.789: [GC remark 9.789: [GC ref-proc, 0.0000170 secs], 0.0032860 secs]
 [Times: user=0.00 sys=0.00, real=0.00 secs] 
9.793: [GC cleanup 395M->367M(512M), 0.0004070 secs]
 [Times: user=0.01 sys=0.00, real=0.00 secs] 
9.793: [GC concurrent-cleanup-start]
9.793: [GC concurrent-cleanup-end, 0.0000730]
{Heap before GC invocations=360 (full 192):
 garbage-first heap   total 524288K, used 388727K [0x00000007dae00000, 0x00000007fae00000, 0x00000007fae00000)
  region size 1024K, 2 young (2048K), 1 survivors (1024K)
 compacting perm gen  total 20480K, used 2870K [0x00000007fae00000, 0x00000007fc200000, 0x0000000800000000)
   the space 20480K,  14% used [0x00000007fae00000, 0x00000007fb0cda98, 0x00000007fb0cdc00, 0x00000007fc200000)
No shared spaces configured.
9.804: [GC pause (young)
Desired survivor size 8388608 bytes, new threshold 15 (max 15)
- age   1:         72 bytes,         72 total
 (initial-mark), 0.00124200 secs]
   [Parallel Time:   1.1 ms]
      [GC Worker Start (ms):  9804.5  9804.5
       Avg: 9804.5, Min: 9804.5, Max: 9804.5, Diff:   0.0]
      [Ext Root Scanning (ms):  0.8  0.8
       Avg:   0.8, Min:   0.8, Max:   0.8, Diff:   0.0]
      [Update RS (ms):  0.0  0.0
       Avg:   0.0, Min:   0.0, Max:   0.0, Diff:   0.0]
         [Processed Buffers : 4 2
          Sum: 6, Avg: 3, Min: 2, Max: 4, Diff: 2]
      [Scan RS (ms):  0.0  0.0
       Avg:   0.0, Min:   0.0, Max:   0.0, Diff:   0.0]
      [Object Copy (ms):  0.1  0.2
       Avg:   0.2, Min:   0.1, Max:   0.2, Diff:   0.0]
      [Termination (ms):  0.0  0.0
       Avg:   0.0, Min:   0.0, Max:   0.0, Diff:   0.0]
         [Termination Attempts : 1 1
          Sum: 2, Avg: 1, Min: 1, Max: 1, Diff: 0]
      [GC Worker End (ms):  9805.6  9805.6
       Avg: 9805.6, Min: 9805.6, Max: 9805.6, Diff:   0.0]
      [GC Worker (ms):  1.0  1.0
       Avg:   1.0, Min:   1.0, Max:   1.0, Diff:   0.0]
      [GC Worker Other (ms):  0.1  0.1
       Avg:   0.1, Min:   0.1, Max:   0.1, Diff:   0.0]
   [Clear CT:   0.0 ms]
   [Other:   0.2 ms]
      [Choose CSet:   0.0 ms]
      [Ref Proc:   0.0 ms]
      [Ref Enq:   0.0 ms]
      [Free CSet:   0.0 ms]
   [Eden: 1024K(122M)->0B(101M) Survivors: 1024K->1024K Heap: 379M(512M)->379M(512M)]
 [Times: user=0.00 sys=0.00, real=0.00 secs] 
Heap after GC invocations=361 (full 193):
 garbage-first heap   total 524288K, used 388727K [0x00000007dae00000, 0x00000007fae00000, 0x00000007fae00000)
  region size 1024K, 1 young (1024K), 1 survivors (1024K)
 compacting perm gen  total 20480K, used 2870K [0x00000007fae00000, 0x00000007fc200000, 0x0000000800000000)
   the space 20480K,  14% used [0x00000007fae00000, 0x00000007fb0cda98, 0x00000007fb0cdc00, 0x00000007fc200000)
No shared spaces configured.
}
9.806: [GC concurrent-root-region-scan-start]
9.806: [GC concurrent-root-region-scan-end, 0.0000690]
9.806: [GC concurrent-mark-start]
9.809: [GC concurrent-mark-end, 0.0030430 sec]
9.815: [GC remark 9.815: [GC ref-proc, 0.0000150 secs], 0.0025210 secs]
 [Times: user=0.00 sys=0.00, real=0.01 secs] 
9.823: [GC cleanup 408M->233M(512M), 0.0007000 secs]
 [Times: user=0.00 sys=0.00, real=0.00 secs] 
9.824: [GC concurrent-cleanup-start]
9.825: [GC concurrent-cleanup-end, 0.0004440]
{Heap before GC invocations=362 (full 193):
 garbage-first heap   total 524288K, used 249519K [0x00000007dae00000, 0x00000007fae00000, 0x00000007fae00000)
  region size 1024K, 2 young (2048K), 1 survivors (1024K)
 compacting perm gen  total 20480K, used 2870K [0x00000007fae00000, 0x00000007fc200000, 0x0000000800000000)
   the space 20480K,  14% used [0x00000007fae00000, 0x00000007fb0cda98, 0x00000007fb0cdc00, 0x00000007fc200000)
No shared spaces configured.
9.836: [GC pause (young)
Desired survivor size 6815744 bytes, new threshold 15 (max 15)
- age   1:        352 bytes,        352 total
- age   2:         40 bytes,        392 total
 (initial-mark), 0.00109200 secs]
   [Parallel Time:   0.9 ms]
      [GC Worker Start (ms):  9835.8  9835.8
       Avg: 9835.8, Min: 9835.8, Max: 9835.8, Diff:   0.0]
      [Ext Root Scanning (ms):  0.7  0.7
       Avg:   0.7, Min:   0.7, Max:   0.7, Diff:   0.1]
      [Update RS (ms):  0.0  0.0
       Avg:   0.0, Min:   0.0, Max:   0.0, Diff:   0.0]
         [Processed Buffers : 5 0
          Sum: 5, Avg: 2, Min: 0, Max: 5, Diff: 5]
      [Scan RS (ms):  0.0  0.0
       Avg:   0.0, Min:   0.0, Max:   0.0, Diff:   0.0]
      [Object Copy (ms):  0.2  0.1
       Avg:   0.2, Min:   0.1, Max:   0.2, Diff:   0.0]
      [Termination (ms):  0.0  0.0
       Avg:   0.0, Min:   0.0, Max:   0.0, Diff:   0.0]
         [Termination Attempts : 1 1
          Sum: 2, Avg: 1, Min: 1, Max: 1, Diff: 0]
      [GC Worker End (ms):  9836.7  9836.7
       Avg: 9836.7, Min: 9836.7, Max: 9836.7, Diff:   0.0]
      [GC Worker (ms):  0.9  0.9
       Avg:   0.9, Min:   0.9, Max:   0.9, Diff:   0.0]
      [GC Worker Other (ms):  0.0  0.1
       Avg:   0.1, Min:   0.0, Max:   0.1, Diff:   0.0]
   [Clear CT:   0.0 ms]
   [Other:   0.1 ms]
      [Choose CSet:   0.0 ms]
      [Ref Proc:   0.0 ms]
      [Ref Enq:   0.0 ms]
      [Free CSet:   0.0 ms]
   [Eden: 1024K(101M)->0B(205M) Survivors: 1024K->1024K Heap: 243M(512M)->243M(512M)]
 [Times: user=0.00 sys=0.00, real=0.01 secs] 
Heap after GC invocations=363 (full 194):
 garbage-first heap   total 524288K, used 249519K [0x00000007dae00000, 0x00000007fae00000, 0x00000007fae00000)
  region size 1024K, 1 young (1024K), 1 survivors (1024K)
 compacting perm gen  total 20480K, used 2870K [0x00000007fae00000, 0x00000007fc200000, 0x0000000800000000)
   the space 20480K,  14% used [0x00000007fae00000, 0x00000007fb0cda98, 0x00000007fb0cdc00, 0x00000007fc200000)
No shared spaces configured.
}
9.837: [GC concurrent-root-region-scan-start]
9.837: [GC concurrent-root-region-scan-end, 0.0000480]
9.837: [GC concurrent-mark-start]
9.839: [GC concurrent-mark-end, 0.0018300 sec]
9.880: [GC remark 9.880: [GC ref-proc, 0.0000170 secs], 0.0023160 secs]
 [Times: user=0.00 sys=0.00, real=0.00 secs] 
9.890: [GC cleanup 342M->274M(512M), 0.0006580 secs]
 [Times: user=0.00 sys=0.00, real=0.00 secs] 
9.891: [GC concurrent-cleanup-start]
9.891: [GC concurrent-cleanup-end, 0.0001910]
{Heap before GC invocations=364 (full 194):
 garbage-first heap   total 524288K, used 333138K [0x00000007dae00000, 0x00000007fae00000, 0x00000007fae00000)
  region size 1024K, 2 young (2048K), 1 survivors (1024K)
 compacting perm gen  total 20480K, used 2870K [0x00000007fae00000, 0x00000007fc200000, 0x0000000800000000)
   the space 20480K,  14% used [0x00000007fae00000, 0x00000007fb0cda98, 0x00000007fb0cdc00, 0x00000007fc200000)
No shared spaces configured.
9.922: [GC pause (young)
Desired survivor size 13631488 bytes, new threshold 15 (max 15)
- age   1:        232 bytes,        232 total
- age   2:        240 bytes,        472 total
- age   3:         40 bytes,        512 total
 (initial-mark), 0.00137800 secs]
   [Parallel Time:   1.1 ms]
      [GC Worker Start (ms):  9922.6  9922.6
       Avg: 9922.6, Min: 9922.6, Max: 9922.6, Diff:   0.0]
      [Ext Root Scanning (ms):  0.8  0.8
       Avg:   0.8, Min:   0.8, Max:   0.8, Diff:   0.1]
      [Update RS (ms):  0.0  0.0
       Avg:   0.0, Min:   0.0, Max:   0.0, Diff:   0.0]
         [Processed Buffers : 1 1
          Sum: 2, Avg: 1, Min: 1, Max: 1, Diff: 0]
      [Scan RS (ms):  0.0  0.0
       Avg:   0.0, Min:   0.0, Max:   0.0, Diff:   0.0]
      [Object Copy (ms):  0.2  0.1
       Avg:   0.2, Min:   0.1, Max:   0.2, Diff:   0.1]
      [Termination (ms):  0.0  0.0
       Avg:   0.0, Min:   0.0, Max:   0.0, Diff:   0.0]
         [Termination Attempts : 1 1
          Sum: 2, Avg: 1, Min: 1, Max: 1, Diff: 0]
      [GC Worker End (ms):  9923.6  9923.6
       Avg: 9923.6, Min: 9923.6, Max: 9923.6, Diff:   0.0]
      [GC Worker (ms):  1.0  1.0
       Avg:   1.0, Min:   1.0, Max:   1.0, Diff:   0.0]
      [GC Worker Other (ms):  0.1  0.1
       Avg:   0.1, Min:   0.1, Max:   0.1, Diff:   0.0]
   [Clear CT:   0.0 ms]
   [Other:   0.3 ms]
      [Choose CSet:   0.0 ms]
      [Ref Proc:   0.1 ms]
      [Ref Enq:   0.0 ms]
      [Free CSet:   0.0 ms]
   [Eden: 1024K(205M)->0B(119M) Survivors: 1024K->1024K Heap: 325M(512M)->325M(512M)]
 [Times: user=0.00 sys=0.00, real=0.00 secs] 
Heap after GC invocations=365 (full 195):
 garbage-first heap   total 524288K, used 333138K [0x00000007dae00000, 0x00000007fae00000, 0x00000007fae00000)
  region size 1024K, 1 young (1024K), 1 survivors (1024K)
 compacting perm gen  total 20480K, used 2870K [0x00000007fae00000, 0x00000007fc200000, 0x0000000800000000)
   the space 20480K,  14% used [0x00000007fae00000, 0x00000007fb0cda98, 0x00000007fb0cdc00, 0x00000007fc200000)
No shared spaces configured.
}
9.924: [GC concurrent-root-region-scan-start]
9.924: [GC concurrent-root-region-scan-end, 0.0001300]
9.924: [GC concurrent-mark-start]
9.933: [GC concurrent-mark-end, 0.0093460 sec]
9.945: [GC remark 9.945: [GC ref-proc, 0.0000180 secs], 0.0028120 secs]
 [Times: user=0.01 sys=0.00, real=0.01 secs] 
{Heap before GC invocations=365 (full 195):
 garbage-first heap   total 524288K, used 435753K [0x00000007dae00000, 0x00000007fae00000, 0x00000007fae00000)
  region size 1024K, 2 young (2048K), 1 survivors (1024K)
 compacting perm gen  total 20480K, used 2870K [0x00000007fae00000, 0x00000007fc200000, 0x0000000800000000)
   the space 20480K,  14% used [0x00000007fae00000, 0x00000007fb0cda98, 0x00000007fb0cdc00, 0x00000007fc200000)
No shared spaces configured.
9.980: [GC pause (young)
Desired survivor size 7864320 bytes, new threshold 15 (max 15)
- age   1:        376 bytes,        376 total
- age   3:        120 bytes,        496 total
- age   4:         40 bytes,        536 total
, 0.00105500 secs]
   [Parallel Time:   1.0 ms]
      [GC Worker Start (ms):  9979.7  9979.7
       Avg: 9979.7, Min: 9979.7, Max: 9979.7, Diff:   0.0]
      [Ext Root Scanning (ms):  0.9  0.8
       Avg:   0.8, Min:   0.8, Max:   0.9, Diff:   0.1]
      [SATB Filtering (ms):  0.0  0.0
       Avg:   0.0, Min:   0.0, Max:   0.0, Diff:   0.0]
      [Update RS (ms):  0.0  0.0
       Avg:   0.0, Min:   0.0, Max:   0.0, Diff:   0.0]
         [Processed Buffers : 0 3
          Sum: 3, Avg: 1, Min: 0, Max: 3, Diff: 3]
      [Scan RS (ms):  0.0  0.0
       Avg:   0.0, Min:   0.0, Max:   0.0, Diff:   0.0]
      [Object Copy (ms):  0.0  0.1
       Avg:   0.0, Min:   0.0, Max:   0.1, Diff:   0.0]
      [Termination (ms):  0.0  0.0
       Avg:   0.0, Min:   0.0, Max:   0.0, Diff:   0.0]
         [Termination Attempts : 1 1
          Sum: 2, Avg: 1, Min: 1, Max: 1, Diff: 0]
      [GC Worker End (ms):  9980.6  9980.6
       Avg: 9980.6, Min: 9980.6, Max: 9980.6, Diff:   0.0]
      [GC Worker (ms):  0.9  0.9
       Avg:   0.9, Min:   0.9, Max:   0.9, Diff:   0.0]
      [GC Worker Other (ms):  0.1  0.1
       Avg:   0.1, Min:   0.1, Max:   0.1, Diff:   0.0]
   [Complete CSet Marking:   0.0 ms]
   [Clear CT:   0.0 ms]
   [Other:   0.1 ms]
      [Choose CSet:   0.0 ms]
      [Ref Proc:   0.0 ms]
      [Ref Enq:   0.0 ms]
      [Free CSet:   0.0 ms]
   [Eden: 1024K(119M)->0B(101M) Survivors: 1024K->1024K Heap: 425M(512M)->425M(512M)]
 [Times: user=0.00 sys=0.00, real=0.00 secs] 
Heap after GC invocations=366 (full 195):
 garbage-first heap   total 524288K, used 435753K [0x00000007dae00000, 0x00000007fae00000, 0x00000007fae00000)
  region size 1024K, 1 young (1024K), 1 survivors (1024K)
 compacting perm gen  total 20480K, used 2870K [0x00000007fae00000, 0x00000007fc200000, 0x0000000800000000)
   the space 20480K,  14% used [0x00000007fae00000, 0x00000007fb0cda98, 0x00000007fb0cdc00, 0x00000007fc200000)
No shared spaces configured.
}
{Heap before GC invocations=366 (full 195):
 garbage-first heap   total 524288K, used 451559K [0x00000007dae00000, 0x00000007fae00000, 0x00000007fae00000)
  region size 1024K, 2 young (2048K), 1 survivors (1024K)
 compacting perm gen  total 20480K, used 2870K [0x00000007fae00000, 0x00000007fc200000, 0x0000000800000000)
   the space 20480K,  14% used [0x00000007fae00000, 0x00000007fb0cda98, 0x00000007fb0cdc00, 0x00000007fc200000)
No shared spaces configured.
9.989: [GC pause (young)
Desired survivor size 6815744 bytes, new threshold 15 (max 15)
- age   1:        224 bytes,        224 total
- age   2:        328 bytes,        552 total
- age   4:        120 bytes,        672 total
- age   5:         40 bytes,        712 total
, 0.00104500 secs]
   [Parallel Time:   0.9 ms]
      [GC Worker Start (ms):  9988.7  9988.7
       Avg: 9988.7, Min: 9988.7, Max: 9988.7, Diff:   0.0]
      [Ext Root Scanning (ms):  0.9  0.8
       Avg:   0.8, Min:   0.8, Max:   0.9, Diff:   0.1]
      [SATB Filtering (ms):  0.0  0.0
       Avg:   0.0, Min:   0.0, Max:   0.0, Diff:   0.0]
      [Update RS (ms):  0.0  0.0
       Avg:   0.0, Min:   0.0, Max:   0.0, Diff:   0.0]
         [Processed Buffers : 0 2
          Sum: 2, Avg: 1, Min: 0, Max: 2, Diff: 2]
      [Scan RS (ms):  0.0  0.0
       Avg:   0.0, Min:   0.0, Max:   0.0, Diff:   0.0]
      [Object Copy (ms):  0.0  0.1
       Avg:   0.0, Min:   0.0, Max:   0.1, Diff:   0.0]
      [Termination (ms):  0.0  0.0
       Avg:   0.0, Min:   0.0, Max:   0.0, Diff:   0.0]
         [Termination Attempts : 1 1
          Sum: 2, Avg: 1, Min: 1, Max: 1, Diff: 0]
      [GC Worker End (ms):  9989.6  9989.6
       Avg: 9989.6, Min: 9989.6, Max: 9989.6, Diff:   0.0]
      [GC Worker (ms):  0.9  0.9
       Avg:   0.9, Min:   0.9, Max:   0.9, Diff:   0.0]
      [GC Worker Other (ms):  0.1  0.1
       Avg:   0.1, Min:   0.1, Max:   0.1, Diff:   0.0]
   [Complete CSet Marking:   0.0 ms]
   [Clear CT:   0.0 ms]
   [Other:   0.1 ms]
      [Choose CSet:   0.0 ms]
      [Ref Proc:   0.0 ms]
      [Ref Enq:   0.0 ms]
      [Free CSet:   0.0 ms]
   [Eden: 1024K(101M)->0B(101M) Survivors: 1024K->1024K Heap: 441M(512M)->440M(512M)]
 [Times: user=0.00 sys=0.00, real=0.00 secs] 
Heap after GC invocations=367 (full 195):
 garbage-first heap   total 524288K, used 451559K [0x00000007dae00000, 0x00000007fae00000, 0x00000007fae00000)
  region size 1024K, 1 young (1024K), 1 survivors (1024K)
 compacting perm gen  total 20480K, used 2870K [0x00000007fae00000, 0x00000007fc200000, 0x0000000800000000)
   the space 20480K,  14% used [0x00000007fae00000, 0x00000007fb0cda98, 0x00000007fb0cdc00, 0x00000007fc200000)
No shared spaces configured.
}
9.990: [GC cleanup 440M->347M(512M), 0.0005840 secs]
 [Times: user=0.00 sys=0.00, real=0.00 secs] 
9.991: [GC concurrent-cleanup-start]
9.991: [GC concurrent-cleanup-end, 0.0002340]
{Heap before GC invocations=368 (full 195):
 garbage-first heap   total 524288K, used 391966K [0x00000007dae00000, 0x00000007fae00000, 0x00000007fae00000)
  region size 1024K, 2 young (2048K), 1 survivors (1024K)
 compacting perm gen  total 20480K, used 2870K [0x00000007fae00000, 0x00000007fc200000, 0x0000000800000000)
   the space 20480K,  14% used [0x00000007fae00000, 0x00000007fb0cda98, 0x00000007fb0cdc00, 0x00000007fc200000)
No shared spaces configured.
10.014: [GC pause (young)
Desired survivor size 6815744 bytes, new threshold 15 (max 15)
- age   1:         80 bytes,         80 total
- age   2:        168 bytes,        248 total
- age   3:        272 bytes,        520 total
- age   5:        120 bytes,        640 total
- age   6:         40 bytes,        680 total
 (initial-mark), 0.00126300 secs]
   [Parallel Time:   1.1 ms]
      [GC Worker Start (ms):  10013.7  10013.8
       Avg: 10013.8, Min: 10013.7, Max: 10013.8, Diff:   0.0]
      [Ext Root Scanning (ms):  0.8  0.9
       Avg:   0.8, Min:   0.8, Max:   0.9, Diff:   0.1]
      [Update RS (ms):  0.0  0.0
       Avg:   0.0, Min:   0.0, Max:   0.0, Diff:   0.0]
         [Processed Buffers : 2 0
          Sum: 2, Avg: 1, Min: 0, Max: 2, Diff: 2]
      [Scan RS (ms):  0.0  0.0
       Avg:   0.0, Min:   0.0, Max:   0.0, Diff:   0.0]
      [Object Copy (ms):  0.2  0.2
       Avg:   0.2, Min:   0.2, Max:   0.2, Diff:   0.0]
      [Termination (ms):  0.0  0.0
       Avg:   0.0, Min:   0.0, Max:   0.0, Diff:   0.0]
         [Termination Attempts : 1 1
          Sum: 2, Avg: 1, Min: 1, Max: 1, Diff: 0]
      [GC Worker End (ms):  10014.8  10014.8
       Avg: 10014.8, Min: 10014.8, Max: 10014.8, Diff:   0.0]
      [GC Worker (ms):  1.0  1.0
       Avg:   1.0, Min:   1.0, Max:   1.0, Diff:   0.0]
      [GC Worker Other (ms):  0.1  0.1
       Avg:   0.1, Min:   0.1, Max:   0.1, Diff:   0.0]
   [Clear CT:   0.0 ms]
   [Other:   0.2 ms]
      [Choose CSet:   0.0 ms]
      [Ref Proc:   0.0 ms]
      [Ref Enq:   0.0 ms]
      [Free CSet:   0.0 ms]
   [Eden: 1024K(101M)->0B(101M) Survivors: 1024K->1024K Heap: 382M(512M)->382M(512M)]
 [Times: user=0.00 sys=0.00, real=0.00 secs] 
Heap after GC invocations=369 (full 196):
 garbage-first heap   total 524288K, used 391966K [0x00000007dae00000, 0x00000007fae00000, 0x00000007fae00000)
  region size 1024K, 1 young (1024K), 1 survivors (1024K)
 compacting perm gen  total 20480K, used 2870K [0x00000007fae00000, 0x00000007fc200000, 0x0000000800000000)
   the space 20480K,  14% used [0x00000007fae00000, 0x00000007fb0cda98, 0x00000007fb0cdc00, 0x00000007fc200000)
No shared spaces configured.
}
10.015: [GC concurrent-root-region-scan-start]
10.015: [GC concurrent-root-region-scan-end, 0.0000890]
10.015: [GC concurrent-mark-start]
10.018: [GC concurrent-mark-end, 0.0027440 sec]
10.036: [GC remark 10.037: [GC ref-proc, 0.0000170 secs], 0.0030630 secs]
 [Times: user=0.00 sys=0.00, real=0.00 secs] 
10.053: [GC cleanup 449M->316M(512M), 0.0005950 secs]
 [Times: user=0.00 sys=0.00, real=0.00 secs] 
10.053: [GC concurrent-cleanup-start]
10.054: [GC concurrent-cleanup-end, 0.0003530]
{Heap before GC invocations=370 (full 196):
 garbage-first heap   total 524288K, used 338427K [0x00000007dae00000, 0x00000007fae00000, 0x00000007fae00000)
  region size 1024K, 2 young (2048K), 1 survivors (1024K)
 compacting perm gen  total 20480K, used 2870K [0x00000007fae00000, 0x00000007fc200000, 0x0000000800000000)
   the space 20480K,  14% used [0x00000007fae00000, 0x00000007fb0cda98, 0x00000007fb0cdc00, 0x00000007fc200000)
No shared spaces configured.
10.067: [GC pause (young)
Desired survivor size 6815744 bytes, new threshold 15 (max 15)
- age   1:        208 bytes,        208 total
- age   2:         80 bytes,        288 total
- age   3:         56 bytes,        344 total
- age   4:         80 bytes,        424 total
- age   6:        120 bytes,        544 total
- age   7:         40 bytes,        584 total
 (initial-mark), 0.00124400 secs]
   [Parallel Time:   1.1 ms]
      [GC Worker Start (ms):  10067.6  10067.6
       Avg: 10067.6, Min: 10067.6, Max: 10067.6, Diff:   0.0]
      [Ext Root Scanning (ms):  0.8  0.9
       Avg:   0.8, Min:   0.8, Max:   0.9, Diff:   0.2]
      [Update RS (ms):  0.0  0.0
       Avg:   0.0, Min:   0.0, Max:   0.0, Diff:   0.0]
         [Processed Buffers : 3 0
          Sum: 3, Avg: 1, Min: 0, Max: 3, Diff: 3]
      [Scan RS (ms):  0.0  0.0
       Avg:   0.0, Min:   0.0, Max:   0.0, Diff:   0.0]
      [Object Copy (ms):  0.2  0.1
       Avg:   0.1, Min:   0.1, Max:   0.2, Diff:   0.1]
      [Termination (ms):  0.1  0.0
       Avg:   0.0, Min:   0.0, Max:   0.1, Diff:   0.1]
         [Termination Attempts : 1 1
          Sum: 2, Avg: 1, Min: 1, Max: 1, Diff: 0]
      [GC Worker End (ms):  10068.6  10068.6
       Avg: 10068.6, Min: 10068.6, Max: 10068.6, Diff:   0.0]
      [GC Worker (ms):  1.1  1.0
       Avg:   1.0, Min:   1.0, Max:   1.1, Diff:   0.0]
      [GC Worker Other (ms):  0.0  0.0
       Avg:   0.0, Min:   0.0, Max:   0.0, Diff:   0.0]
   [Clear CT:   0.0 ms]
   [Other:   0.2 ms]
      [Choose CSet:   0.0 ms]
      [Ref Proc:   0.0 ms]
      [Ref Enq:   0.0 ms]
      [Free CSet:   0.0 ms]
   [Eden: 1024K(101M)->0B(116M) Survivors: 1024K->1024K Heap: 330M(512M)->330M(512M)]
 [Times: user=0.00 sys=0.00, real=0.00 secs] 
Heap after GC invocations=371 (full 197):
 garbage-first heap   total 524288K, used 338427K [0x00000007dae00000, 0x00000007fae00000, 0x00000007fae00000)
  region size 1024K, 1 young (1024K), 1 survivors (1024K)
 compacting perm gen  total 20480K, used 2870K [0x00000007fae00000, 0x00000007fc200000, 0x0000000800000000)
   the space 20480K,  14% used [0x00000007fae00000, 0x00000007fb0cda98, 0x00000007fb0cdc00, 0x00000007fc200000)
No shared spaces configured.
}
10.069: [GC concurrent-root-region-scan-start]
10.069: [GC concurrent-root-region-scan-end, 0.0000630]
10.069: [GC concurrent-mark-start]
10.071: [GC concurrent-mark-end, 0.0025850 sec]
10.082: [GC remark 10.082: [GC ref-proc, 0.0000160 secs], 0.0024410 secs]
 [Times: user=0.01 sys=0.00, real=0.00 secs] 
10.108: [GC cleanup 402M->272M(512M), 0.0006720 secs]
 [Times: user=0.00 sys=0.00, real=0.00 secs] 
10.109: [GC concurrent-cleanup-start]
10.109: [GC concurrent-cleanup-end, 0.0003240]
{Heap before GC invocations=372 (full 197):
 garbage-first heap   total 524288K, used 320911K [0x00000007dae00000, 0x00000007fae00000, 0x00000007fae00000)
  region size 1024K, 2 young (2048K), 1 survivors (1024K)
 compacting perm gen  total 20480K, used 2870K [0x00000007fae00000, 0x00000007fc200000, 0x0000000800000000)
   the space 20480K,  14% used [0x00000007fae00000, 0x00000007fb0cda98, 0x00000007fb0cdc00, 0x00000007fc200000)
No shared spaces configured.
10.136: [GC pause (young)
Desired survivor size 7864320 bytes, new threshold 15 (max 15)
- age   1:        304 bytes,        304 total
- age   2:         40 bytes,        344 total
- age   7:        120 bytes,        464 total
- age   8:         40 bytes,        504 total
 (initial-mark), 0.00116900 secs]
   [Parallel Time:   1.0 ms]
      [GC Worker Start (ms):  10136.4  10136.4
       Avg: 10136.4, Min: 10136.4, Max: 10136.4, Diff:   0.0]
      [Ext Root Scanning (ms):  0.7  0.8
       Avg:   0.7, Min:   0.7, Max:   0.8, Diff:   0.0]
      [Update RS (ms):  0.0  0.0
       Avg:   0.0, Min:   0.0, Max:   0.0, Diff:   0.0]
         [Processed Buffers : 2 0
          Sum: 2, Avg: 1, Min: 0, Max: 2, Diff: 2]
      [Scan RS (ms):  0.0  0.0
       Avg:   0.0, Min:   0.0, Max:   0.0, Diff:   0.0]
      [Object Copy (ms):  0.1  0.2
       Avg:   0.2, Min:   0.1, Max:   0.2, Diff:   0.0]
      [Termination (ms):  0.0  0.0
       Avg:   0.0, Min:   0.0, Max:   0.0, Diff:   0.0]
         [Termination Attempts : 1 1
          Sum: 2, Avg: 1, Min: 1, Max: 1, Diff: 0]
      [GC Worker End (ms):  10137.3  10137.3
       Avg: 10137.3, Min: 10137.3, Max: 10137.3, Diff:   0.0]
      [GC Worker (ms):  1.0  0.9
       Avg:   0.9, Min:   0.9, Max:   1.0, Diff:   0.0]
      [GC Worker Other (ms):  0.1  0.1
       Avg:   0.1, Min:   0.1, Max:   0.1, Diff:   0.0]
   [Clear CT:   0.0 ms]
   [Other:   0.1 ms]
      [Choose CSet:   0.0 ms]
      [Ref Proc:   0.0 ms]
      [Ref Enq:   0.0 ms]
      [Free CSet:   0.0 ms]
   [Eden: 1024K(116M)->0B(132M) Survivors: 1024K->1024K Heap: 313M(512M)->313M(512M)]
 [Times: user=0.00 sys=0.00, real=0.00 secs] 
Heap after GC invocations=373 (full 198):
 garbage-first heap   total 524288K, used 320911K [0x00000007dae00000, 0x00000007fae00000, 0x00000007fae00000)
  region size 1024K, 1 young (1024K), 1 survivors (1024K)
 compacting perm gen  total 20480K, used 2870K [0x00000007fae00000, 0x00000007fc200000, 0x0000000800000000)
   the space 20480K,  14% used [0x00000007fae00000, 0x00000007fb0cda98, 0x00000007fb0cdc00, 0x00000007fc200000)
No shared spaces configured.
}
10.138: [GC concurrent-root-region-scan-start]
10.138: [GC concurrent-root-region-scan-end, 0.0000730]
10.138: [GC concurrent-mark-start]
10.140: [GC concurrent-mark-end, 0.0021880 sec]
10.150: [GC remark 10.150: [GC ref-proc, 0.0000170 secs], 0.0027710 secs]
 [Times: user=0.00 sys=0.00, real=0.00 secs] 
10.153: [GC cleanup 338M->242M(512M), 0.0005180 secs]
 [Times: user=0.00 sys=0.00, real=0.00 secs] 
10.154: [GC concurrent-cleanup-start]
10.154: [GC concurrent-cleanup-end, 0.0002040]
{Heap before GC invocations=374 (full 198):
 garbage-first heap   total 524288K, used 262911K [0x00000007dae00000, 0x00000007fae00000, 0x00000007fae00000)
  region size 1024K, 2 young (2048K), 1 survivors (1024K)
 compacting perm gen  total 20480K, used 2870K [0x00000007fae00000, 0x00000007fc200000, 0x0000000800000000)
   the space 20480K,  14% used [0x00000007fae00000, 0x00000007fb0cda98, 0x00000007fb0cdc00, 0x00000007fc200000)
No shared spaces configured.
10.166: [GC pause (young)
Desired survivor size 8912896 bytes, new threshold 15 (max 15)
- age   1:        248 bytes,        248 total
- age   2:         72 bytes,        320 total
- age   8:        120 bytes,        440 total
- age   9:         40 bytes,        480 total
 (initial-mark), 0.00127900 secs]
   [Parallel Time:   1.1 ms]
      [GC Worker Start (ms):  10165.9  10166.0
       Avg: 10166.0, Min: 10165.9, Max: 10166.0, Diff:   0.0]
      [Ext Root Scanning (ms):  0.8  0.9
       Avg:   0.8, Min:   0.8, Max:   0.9, Diff:   0.1]
      [Update RS (ms):  0.0  0.0
       Avg:   0.0, Min:   0.0, Max:   0.0, Diff:   0.0]
         [Processed Buffers : 2 0
          Sum: 2, Avg: 1, Min: 0, Max: 2, Diff: 2]
      [Scan RS (ms):  0.0  0.0
       Avg:   0.0, Min:   0.0, Max:   0.0, Diff:   0.0]
      [Object Copy (ms):  0.2  0.2
       Avg:   0.2, Min:   0.2, Max:   0.2, Diff:   0.0]
      [Termination (ms):  0.1  0.0
       Avg:   0.0, Min:   0.0, Max:   0.1, Diff:   0.1]
         [Termination Attempts : 1 1
          Sum: 2, Avg: 1, Min: 1, Max: 1, Diff: 0]
      [GC Worker End (ms):  10167.0  10167.0
       Avg: 10167.0, Min: 10167.0, Max: 10167.0, Diff:   0.0]
      [GC Worker (ms):  1.0  1.0
       Avg:   1.0, Min:   1.0, Max:   1.0, Diff:   0.0]
      [GC Worker Other (ms):  0.1  0.1
       Avg:   0.1, Min:   0.1, Max:   0.1, Diff:   0.0]
   [Clear CT:   0.0 ms]
   [Other:   0.2 ms]
      [Choose CSet:   0.0 ms]
      [Ref Proc:   0.0 ms]
      [Ref Enq:   0.0 ms]
      [Free CSet:   0.0 ms]
   [Eden: 1024K(132M)->0B(191M) Survivors: 1024K->1024K Heap: 256M(512M)->256M(512M)]
 [Times: user=0.00 sys=0.00, real=0.01 secs] 
Heap after GC invocations=375 (full 199):
 garbage-first heap   total 524288K, used 262911K [0x00000007dae00000, 0x00000007fae00000, 0x00000007fae00000)
  region size 1024K, 1 young (1024K), 1 survivors (1024K)
 compacting perm gen  total 20480K, used 2870K [0x00000007fae00000, 0x00000007fc200000, 0x0000000800000000)
   the space 20480K,  14% used [0x00000007fae00000, 0x00000007fb0cda98, 0x00000007fb0cdc00, 0x00000007fc200000)
No shared spaces configured.
}
10.167: [GC concurrent-root-region-scan-start]
10.167: [GC concurrent-root-region-scan-end, 0.0000770]
10.167: [GC concurrent-mark-start]
10.169: [GC concurrent-mark-end, 0.0015960 sec]
10.174: [GC remark 10.174: [GC ref-proc, 0.0000160 secs], 0.0026970 secs]
 [Times: user=0.01 sys=0.00, real=0.01 secs] 
10.195: [GC cleanup 306M->274M(512M), 0.0006500 secs]
 [Times: user=0.00 sys=0.00, real=0.01 secs] 
10.196: [GC concurrent-cleanup-start]
10.196: [GC concurrent-cleanup-end, 0.0000980]
{Heap before GC invocations=376 (full 199):
 garbage-first heap   total 524288K, used 334367K [0x00000007dae00000, 0x00000007fae00000, 0x00000007fae00000)
  region size 1024K, 2 young (2048K), 1 survivors (1024K)
 compacting perm gen  total 20480K, used 2870K [0x00000007fae00000, 0x00000007fc200000, 0x0000000800000000)
   the space 20480K,  14% used [0x00000007fae00000, 0x00000007fb0cda98, 0x00000007fb0cdc00, 0x00000007fc200000)
No shared spaces configured.
10.228: [GC pause (young)
Desired survivor size 12582912 bytes, new threshold 15 (max 15)
- age   1:        312 bytes,        312 total
- age   2:        160 bytes,        472 total
- age   9:        120 bytes,        592 total
- age  10:         40 bytes,        632 total
 (initial-mark), 0.00122200 secs]
   [Parallel Time:   1.0 ms]
      [GC Worker Start (ms):  10228.4  10228.5
       Avg: 10228.4, Min: 10228.4, Max: 10228.5, Diff:   0.0]
      [Ext Root Scanning (ms):  0.8  0.7
       Avg:   0.8, Min:   0.7, Max:   0.8, Diff:   0.1]
      [Update RS (ms):  0.0  0.0
       Avg:   0.0, Min:   0.0, Max:   0.0, Diff:   0.0]
         [Processed Buffers : 0 3
          Sum: 3, Avg: 1, Min: 0, Max: 3, Diff: 3]
      [Scan RS (ms):  0.0  0.0
       Avg:   0.0, Min:   0.0, Max:   0.0, Diff:   0.0]
      [Object Copy (ms):  0.2  0.2
       Avg:   0.2, Min:   0.2, Max:   0.2, Diff:   0.0]
      [Termination (ms):  0.0  0.0
       Avg:   0.0, Min:   0.0, Max:   0.0, Diff:   0.0]
         [Termination Attempts : 1 1
          Sum: 2, Avg: 1, Min: 1, Max: 1, Diff: 0]
      [GC Worker End (ms):  10229.4  10229.4
       Avg: 10229.4, Min: 10229.4, Max: 10229.4, Diff:   0.0]
      [GC Worker (ms):  1.0  1.0
       Avg:   1.0, Min:   1.0, Max:   1.0, Diff:   0.0]
      [GC Worker Other (ms):  0.1  0.1
       Avg:   0.1, Min:   0.1, Max:   0.1, Diff:   0.0]
   [Clear CT:   0.0 ms]
   [Other:   0.2 ms]
      [Choose CSet:   0.0 ms]
      [Ref Proc:   0.0 ms]
      [Ref Enq:   0.0 ms]
      [Free CSet:   0.0 ms]
   [Eden: 1024K(191M)->0B(120M) Survivors: 1024K->1024K Heap: 326M(512M)->326M(512M)]
 [Times: user=0.01 sys=0.00, real=0.00 secs] 
Heap after GC invocations=377 (full 200):
 garbage-first heap   total 524288K, used 334367K [0x00000007dae00000, 0x00000007fae00000, 0x00000007fae00000)
  region size 1024K, 1 young (1024K), 1 survivors (1024K)
 compacting perm gen  total 20480K, used 2870K [0x00000007fae00000, 0x00000007fc200000, 0x0000000800000000)
   the space 20480K,  14% used [0x00000007fae00000, 0x00000007fb0cda98, 0x00000007fb0cdc00, 0x00000007fc200000)
No shared spaces configured.
}
10.230: [GC concurrent-root-region-scan-start]
10.230: [GC concurrent-root-region-scan-end, 0.0000970]
10.230: [GC concurrent-mark-start]
10.237: [GC concurrent-mark-end, 0.0075630 sec]
10.252: [GC remark 10.253: [GC ref-proc, 0.0000160 secs], 0.0029520 secs]
 [Times: user=0.00 sys=0.00, real=0.00 secs] 
10.256: [GC cleanup 370M->299M(512M), 0.0004390 secs]
 [Times: user=0.00 sys=0.00, real=0.01 secs] 
10.256: [GC concurrent-cleanup-start]
10.256: [GC concurrent-cleanup-end, 0.0001750]
{Heap before GC invocations=378 (full 200):
 garbage-first heap   total 524288K, used 341143K [0x00000007dae00000, 0x00000007fae00000, 0x00000007fae00000)
  region size 1024K, 2 young (2048K), 1 survivors (1024K)
 compacting perm gen  total 20480K, used 2870K [0x00000007fae00000, 0x00000007fc200000, 0x0000000800000000)
   the space 20480K,  14% used [0x00000007fae00000, 0x00000007fb0cda98, 0x00000007fb0cdc00, 0x00000007fc200000)
No shared spaces configured.
10.279: [GC pause (young)
Desired survivor size 8388608 bytes, new threshold 15 (max 15)
- age   1:        232 bytes,        232 total
- age   2:        152 bytes,        384 total
- age   3:         80 bytes,        464 total
- age  10:        120 bytes,        584 total
- age  11:         40 bytes,        624 total
 (initial-mark), 0.00133000 secs]
   [Parallel Time:   1.1 ms]
      [GC Worker Start (ms):  10278.8  10278.8
       Avg: 10278.8, Min: 10278.8, Max: 10278.8, Diff:   0.0]
      [Ext Root Scanning (ms):  0.9  0.9
       Avg:   0.9, Min:   0.9, Max:   0.9, Diff:   0.0]
      [Update RS (ms):  0.0  0.0
       Avg:   0.0, Min:   0.0, Max:   0.0, Diff:   0.0]
         [Processed Buffers : 1 2
          Sum: 3, Avg: 1, Min: 1, Max: 2, Diff: 1]
      [Scan RS (ms):  0.0  0.0
       Avg:   0.0, Min:   0.0, Max:   0.0, Diff:   0.0]
      [Object Copy (ms):  0.2  0.1
       Avg:   0.2, Min:   0.1, Max:   0.2, Diff:   0.1]
      [Termination (ms):  0.0  0.0
       Avg:   0.0, Min:   0.0, Max:   0.0, Diff:   0.0]
         [Termination Attempts : 1 1
          Sum: 2, Avg: 1, Min: 1, Max: 1, Diff: 0]
      [GC Worker End (ms):  10279.8  10279.8
       Avg: 10279.8, Min: 10279.8, Max: 10279.8, Diff:   0.0]
      [GC Worker (ms):  1.1  1.1
       Avg:   1.1, Min:   1.1, Max:   1.1, Diff:   0.0]
      [GC Worker Other (ms):  0.1  0.1
       Avg:   0.1, Min:   0.1, Max:   0.1, Diff:   0.0]
   [Clear CT:   0.0 ms]
   [Other:   0.2 ms]
      [Choose CSet:   0.0 ms]
      [Ref Proc:   0.0 ms]
      [Ref Enq:   0.0 ms]
      [Free CSet:   0.0 ms]
   [Eden: 1024K(120M)->0B(113M) Survivors: 1024K->1024K Heap: 333M(512M)->333M(512M)]
 [Times: user=0.00 sys=0.00, real=0.00 secs] 
Heap after GC invocations=379 (full 201):
 garbage-first heap   total 524288K, used 341143K [0x00000007dae00000, 0x00000007fae00000, 0x00000007fae00000)
  region size 1024K, 1 young (1024K), 1 survivors (1024K)
 compacting perm gen  total 20480K, used 2870K [0x00000007fae00000, 0x00000007fc200000, 0x0000000800000000)
   the space 20480K,  14% used [0x00000007fae00000, 0x00000007fb0cda98, 0x00000007fb0cdc00, 0x00000007fc200000)
No shared spaces configured.
}
10.280: [GC concurrent-root-region-scan-start]
10.280: [GC concurrent-root-region-scan-end, 0.0001060]
10.280: [GC concurrent-mark-start]
10.282: [GC concurrent-mark-end, 0.0021730 sec]
10.288: [GC remark 10.288: [GC ref-proc, 0.0000210 secs], 0.0034950 secs]
 [Times: user=0.01 sys=0.00, real=0.00 secs] 
{Heap before GC invocations=379 (full 201):
 garbage-first heap   total 524288K, used 412986K [0x00000007dae00000, 0x00000007fae00000, 0x00000007fae00000)
  region size 1024K, 2 young (2048K), 1 survivors (1024K)
 compacting perm gen  total 20480K, used 2870K [0x00000007fae00000, 0x00000007fc200000, 0x0000000800000000)
   the space 20480K,  14% used [0x00000007fae00000, 0x00000007fb0cda98, 0x00000007fb0cdc00, 0x00000007fc200000)
No shared spaces configured.
10.322: [GC pause (young)
Desired survivor size 7864320 bytes, new threshold 15 (max 15)
- age   1:        256 bytes,        256 total
- age   2:        216 bytes,        472 total
- age   3:         40 bytes,        512 total
- age  11:        120 bytes,        632 total
- age  12:         40 bytes,        672 total
, 0.00106900 secs]
   [Parallel Time:   0.9 ms]
      [GC Worker Start (ms):  10321.9  10321.9
       Avg: 10321.9, Min: 10321.9, Max: 10321.9, Diff:   0.0]
      [Ext Root Scanning (ms):  0.8  0.8
       Avg:   0.8, Min:   0.8, Max:   0.8, Diff:   0.1]
      [SATB Filtering (ms):  0.0  0.0
       Avg:   0.0, Min:   0.0, Max:   0.0, Diff:   0.0]
      [Update RS (ms):  0.0  0.0
       Avg:   0.0, Min:   0.0, Max:   0.0, Diff:   0.0]
         [Processed Buffers : 0 3
          Sum: 3, Avg: 1, Min: 0, Max: 3, Diff: 3]
      [Scan RS (ms):  0.0  0.0
       Avg:   0.0, Min:   0.0, Max:   0.0, Diff:   0.0]
      [Object Copy (ms):  0.1  0.1
       Avg:   0.1, Min:   0.1, Max:   0.1, Diff:   0.0]
      [Termination (ms):  0.0  0.0
       Avg:   0.0, Min:   0.0, Max:   0.0, Diff:   0.0]
         [Termination Attempts : 1 1
          Sum: 2, Avg: 1, Min: 1, Max: 1, Diff: 0]
      [GC Worker End (ms):  10322.8  10322.8
       Avg: 10322.8, Min: 10322.8, Max: 10322.8, Diff:   0.0]
      [GC Worker (ms):  0.9  0.9
       Avg:   0.9, Min:   0.9, Max:   0.9, Diff:   0.0]
      [GC Worker Other (ms):  0.1  0.1
       Avg:   0.1, Min:   0.1, Max:   0.1, Diff:   0.0]
   [Complete CSet Marking:   0.0 ms]
   [Clear CT:   0.0 ms]
   [Other:   0.1 ms]
      [Choose CSet:   0.0 ms]
      [Ref Proc:   0.0 ms]
      [Ref Enq:   0.0 ms]
      [Free CSet:   0.0 ms]
   [Eden: 1024K(113M)->0B(101M) Survivors: 1024K->1024K Heap: 403M(512M)->403M(512M)]
 [Times: user=0.00 sys=0.00, real=0.00 secs] 
Heap after GC invocations=380 (full 201):
 garbage-first heap   total 524288K, used 412986K [0x00000007dae00000, 0x00000007fae00000, 0x00000007fae00000)
  region size 1024K, 1 young (1024K), 1 survivors (1024K)
 compacting perm gen  total 20480K, used 2870K [0x00000007fae00000, 0x00000007fc200000, 0x0000000800000000)
   the space 20480K,  14% used [0x00000007fae00000, 0x00000007fb0cda98, 0x00000007fb0cdc00, 0x00000007fc200000)
No shared spaces configured.
}
{Heap before GC invocations=380 (full 201):
 garbage-first heap   total 524288K, used 412986K [0x00000007dae00000, 0x00000007fae00000, 0x00000007fae00000)
  region size 1024K, 1 young (1024K), 1 survivors (1024K)
 compacting perm gen  total 20480K, used 2870K [0x00000007fae00000, 0x00000007fc200000, 0x0000000800000000)
   the space 20480K,  14% used [0x00000007fae00000, 0x00000007fb0cda98, 0x00000007fb0cdc00, 0x00000007fc200000)
No shared spaces configured.
10.323: [Full GC 403M->202M(512M), 0.0118160 secs]
 [Times: user=0.01 sys=0.00, real=0.01 secs] 
Heap after GC invocations=381 (full 202):
 garbage-first heap   total 524288K, used 206864K [0x00000007dae00000, 0x00000007fae00000, 0x00000007fae00000)
  region size 1024K, 0 young (0K), 0 survivors (0K)
 compacting perm gen  total 20480K, used 2870K [0x00000007fae00000, 0x00000007fc200000, 0x0000000800000000)
   the space 20480K,  14% used [0x00000007fae00000, 0x00000007fb0cda98, 0x00000007fb0cdc00, 0x00000007fc200000)
No shared spaces configured.
}
10.366: [GC cleanup, 0.0000010 secs]
 [Times: user=0.00 sys=0.00, real=0.00 secs] 
10.366: [GC concurrent-mark-abort]
{Heap before GC invocations=381 (full 202):
 garbage-first heap   total 524288K, used 292604K [0x00000007dae00000, 0x00000007fae00000, 0x00000007fae00000)
  region size 1024K, 1 young (1024K), 0 survivors (0K)
 compacting perm gen  total 20480K, used 2870K [0x00000007fae00000, 0x00000007fc200000, 0x0000000800000000)
   the space 20480K,  14% used [0x00000007fae00000, 0x00000007fb0cda98, 0x00000007fb0cdc00, 0x00000007fc200000)
No shared spaces configured.
10.385: [GC pause (young)
Desired survivor size 16777216 bytes, new threshold 15 (max 15)
- age   1:        208 bytes,        208 total
- age   2:        128 bytes,        336 total
- age   3:         40 bytes,        376 total
- age  12:        120 bytes,        496 total
- age  13:         40 bytes,        536 total
 (initial-mark), 0.00198600 secs]
   [Parallel Time:   1.7 ms]
      [GC Worker Start (ms):  10385.1  10385.4
       Avg: 10385.3, Min: 10385.1, Max: 10385.4, Diff:   0.3]
      [Ext Root Scanning (ms):  1.4  1.2
       Avg:   1.3, Min:   1.2, Max:   1.4, Diff:   0.1]
      [Update RS (ms):  0.1  0.0
       Avg:   0.0, Min:   0.0, Max:   0.1, Diff:   0.0]
         [Processed Buffers : 1 1
          Sum: 2, Avg: 1, Min: 1, Max: 1, Diff: 0]
      [Scan RS (ms):  0.0  0.0
       Avg:   0.0, Min:   0.0, Max:   0.0, Diff:   0.0]
      [Object Copy (ms):  0.2  0.1
       Avg:   0.2, Min:   0.1, Max:   0.2, Diff:   0.1]
      [Termination (ms):  0.0  0.0
       Avg:   0.0, Min:   0.0, Max:   0.0, Diff:   0.0]
         [Termination Attempts : 1 1
          Sum: 2, Avg: 1, Min: 1, Max: 1, Diff: 0]
      [GC Worker End (ms):  10386.8  10386.8
       Avg: 10386.8, Min: 10386.8, Max: 10386.8, Diff:   0.0]
      [GC Worker (ms):  1.7  1.4
       Avg:   1.5, Min:   1.4, Max:   1.7, Diff:   0.3]
      [GC Worker Other (ms):  0.0  0.3
       Avg:   0.2, Min:   0.0, Max:   0.3, Diff:   0.3]
   [Clear CT:   0.0 ms]
   [Other:   0.3 ms]
      [Choose CSet:   0.0 ms]
      [Ref Proc:   0.1 ms]
      [Ref Enq:   0.0 ms]
      [Free CSet:   0.0 ms]
   [Eden: 1024K(101M)->0B(164M) Survivors: 0B->1024K Heap: 285M(512M)->285M(512M)]
 [Times: user=0.00 sys=0.00, real=0.01 secs] 
Heap after GC invocations=382 (full 203):
 garbage-first heap   total 524288K, used 292668K [0x00000007dae00000, 0x00000007fae00000, 0x00000007fae00000)
  region size 1024K, 1 young (1024K), 1 survivors (1024K)
 compacting perm gen  total 20480K, used 2870K [0x00000007fae00000, 0x00000007fc200000, 0x0000000800000000)
   the space 20480K,  14% used [0x00000007fae00000, 0x00000007fb0cda98, 0x00000007fb0cdc00, 0x00000007fc200000)
No shared spaces configured.
}
10.387: [GC concurrent-root-region-scan-start]
10.387: [GC concurrent-root-region-scan-end, 0.0000660]
10.387: [GC concurrent-mark-start]
10.390: [GC concurrent-mark-end, 0.0025230 sec]
10.392: [GC remark 10.392: [GC ref-proc, 0.0000130 secs], 0.0024830 secs]
 [Times: user=0.01 sys=0.00, real=0.00 secs] 
10.394: [GC cleanup 296M->204M(512M), 0.0005580 secs]
 [Times: user=0.00 sys=0.00, real=0.00 secs] 
10.395: [GC concurrent-cleanup-start]
10.395: [GC concurrent-cleanup-end, 0.0002090]
{Heap before GC invocations=383 (full 203):
 garbage-first heap   total 524288K, used 327855K [0x00000007dae00000, 0x00000007fae00000, 0x00000007fae00000)
  region size 1024K, 2 young (2048K), 1 survivors (1024K)
 compacting perm gen  total 20480K, used 2870K [0x00000007fae00000, 0x00000007fc200000, 0x0000000800000000)
   the space 20480K,  14% used [0x00000007fae00000, 0x00000007fb0cda98, 0x00000007fb0cdc00, 0x00000007fc200000)
No shared spaces configured.
10.460: [GC pause (young)
Desired survivor size 11010048 bytes, new threshold 15 (max 15)
- age   1:        192 bytes,        192 total
 (initial-mark), 0.00127000 secs]
   [Parallel Time:   1.1 ms]
      [GC Worker Start (ms):  10460.4  10460.4
       Avg: 10460.4, Min: 10460.4, Max: 10460.4, Diff:   0.0]
      [Ext Root Scanning (ms):  0.8  0.9
       Avg:   0.8, Min:   0.8, Max:   0.9, Diff:   0.1]
      [Update RS (ms):  0.0  0.0
       Avg:   0.0, Min:   0.0, Max:   0.0, Diff:   0.0]
         [Processed Buffers : 4 0
          Sum: 4, Avg: 2, Min: 0, Max: 4, Diff: 4]
      [Scan RS (ms):  0.0  0.0
       Avg:   0.0, Min:   0.0, Max:   0.0, Diff:   0.0]
      [Object Copy (ms):  0.2  0.1
       Avg:   0.2, Min:   0.1, Max:   0.2, Diff:   0.1]
      [Termination (ms):  0.0  0.0
       Avg:   0.0, Min:   0.0, Max:   0.0, Diff:   0.0]
         [Termination Attempts : 1 1
          Sum: 2, Avg: 1, Min: 1, Max: 1, Diff: 0]
      [GC Worker End (ms):  10461.4  10461.4
       Avg: 10461.4, Min: 10461.4, Max: 10461.4, Diff:   0.0]
      [GC Worker (ms):  1.1  1.0
       Avg:   1.0, Min:   1.0, Max:   1.1, Diff:   0.0]
      [GC Worker Other (ms):  0.1  0.1
       Avg:   0.1, Min:   0.1, Max:   0.1, Diff:   0.0]
   [Clear CT:   0.0 ms]
   [Other:   0.2 ms]
      [Choose CSet:   0.0 ms]
      [Ref Proc:   0.0 ms]
      [Ref Enq:   0.0 ms]
      [Free CSet:   0.0 ms]
   [Eden: 1024K(164M)->0B(129M) Survivors: 1024K->1024K Heap: 320M(512M)->320M(512M)]
 [Times: user=0.00 sys=0.00, real=0.00 secs] 
Heap after GC invocations=384 (full 204):
 garbage-first heap   total 524288K, used 327855K [0x00000007dae00000, 0x00000007fae00000, 0x00000007fae00000)
  region size 1024K, 1 young (1024K), 1 survivors (1024K)
 compacting perm gen  total 20480K, used 2870K [0x00000007fae00000, 0x00000007fc200000, 0x0000000800000000)
   the space 20480K,  14% used [0x00000007fae00000, 0x00000007fb0cda98, 0x00000007fb0cdc00, 0x00000007fc200000)
No shared spaces configured.
}
10.462: [GC concurrent-root-region-scan-start]
10.462: [GC concurrent-root-region-scan-end, 0.0000610]
10.462: [GC concurrent-mark-start]
10.464: [GC concurrent-mark-end, 0.0019770 sec]
10.473: [GC remark 10.474: [GC ref-proc, 0.0000160 secs], 0.0041650 secs]
 [Times: user=0.01 sys=0.00, real=0.01 secs] 
10.478: [GC cleanup 342M->270M(512M), 0.0004230 secs]
 [Times: user=0.00 sys=0.00, real=0.00 secs] 
10.478: [GC concurrent-cleanup-start]
10.478: [GC concurrent-cleanup-end, 0.0001410]
{Heap before GC invocations=385 (full 204):
 garbage-first heap   total 524288K, used 384167K [0x00000007dae00000, 0x00000007fae00000, 0x00000007fae00000)
  region size 1024K, 2 young (2048K), 1 survivors (1024K)
 compacting perm gen  total 20480K, used 2870K [0x00000007fae00000, 0x00000007fc200000, 0x0000000800000000)
   the space 20480K,  14% used [0x00000007fae00000, 0x00000007fb0cda98, 0x00000007fb0cdc00, 0x00000007fc200000)
No shared spaces configured.
10.538: [GC pause (young)
Desired survivor size 8912896 bytes, new threshold 15 (max 15)
- age   1:        272 bytes,        272 total
- age   2:        160 bytes,        432 total
 (initial-mark), 0.00137700 secs]
   [Parallel Time:   1.2 ms]
      [GC Worker Start (ms):  10537.9  10537.9
       Avg: 10537.9, Min: 10537.9, Max: 10537.9, Diff:   0.0]
      [Ext Root Scanning (ms):  1.0  0.9
       Avg:   0.9, Min:   0.9, Max:   1.0, Diff:   0.1]
      [Update RS (ms):  0.0  0.0
       Avg:   0.0, Min:   0.0, Max:   0.0, Diff:   0.0]
         [Processed Buffers : 0 2
          Sum: 2, Avg: 1, Min: 0, Max: 2, Diff: 2]
      [Scan RS (ms):  0.0  0.0
       Avg:   0.0, Min:   0.0, Max:   0.0, Diff:   0.0]
      [Object Copy (ms):  0.2  0.2
       Avg:   0.2, Min:   0.2, Max:   0.2, Diff:   0.0]
      [Termination (ms):  0.0  0.1
       Avg:   0.0, Min:   0.0, Max:   0.1, Diff:   0.1]
         [Termination Attempts : 1 1
          Sum: 2, Avg: 1, Min: 1, Max: 1, Diff: 0]
      [GC Worker End (ms):  10539.0  10539.0
       Avg: 10539.0, Min: 10539.0, Max: 10539.0, Diff:   0.0]
      [GC Worker (ms):  1.2  1.2
       Avg:   1.2, Min:   1.2, Max:   1.2, Diff:   0.0]
      [GC Worker Other (ms):  0.1  0.1
       Avg:   0.1, Min:   0.1, Max:   0.1, Diff:   0.0]
   [Clear CT:   0.0 ms]
   [Other:   0.1 ms]
      [Choose CSet:   0.0 ms]
      [Ref Proc:   0.0 ms]
      [Ref Enq:   0.0 ms]
      [Free CSet:   0.0 ms]
   [Eden: 1024K(129M)->0B(101M) Survivors: 1024K->1024K Heap: 375M(512M)->375M(512M)]
 [Times: user=0.00 sys=0.00, real=0.00 secs] 
Heap after GC invocations=386 (full 205):
 garbage-first heap   total 524288K, used 384167K [0x00000007dae00000, 0x00000007fae00000, 0x00000007fae00000)
  region size 1024K, 1 young (1024K), 1 survivors (1024K)
 compacting perm gen  total 20480K, used 2870K [0x00000007fae00000, 0x00000007fc200000, 0x0000000800000000)
   the space 20480K,  14% used [0x00000007fae00000, 0x00000007fb0cda98, 0x00000007fb0cdc00, 0x00000007fc200000)
No shared spaces configured.
}
10.539: [GC concurrent-root-region-scan-start]
10.539: [GC concurrent-root-region-scan-end, 0.0001180]
10.539: [GC concurrent-mark-start]
10.549: [GC concurrent-mark-end, 0.0094810 sec]
10.559: [GC remark 10.559: [GC ref-proc, 0.0000170 secs], 0.0034930 secs]
 [Times: user=0.01 sys=0.00, real=0.00 secs] 
10.563: [GC cleanup 414M->379M(512M), 0.0003780 secs]
 [Times: user=0.00 sys=0.00, real=0.00 secs] 
10.563: [GC concurrent-cleanup-start]
10.563: [GC concurrent-cleanup-end, 0.0000930]
{Heap before GC invocations=387 (full 205):
 garbage-first heap   total 524288K, used 430693K [0x00000007dae00000, 0x00000007fae00000, 0x00000007fae00000)
  region size 1024K, 2 young (2048K), 1 survivors (1024K)
 compacting perm gen  total 20480K, used 2870K [0x00000007fae00000, 0x00000007fc200000, 0x0000000800000000)
   the space 20480K,  14% used [0x00000007fae00000, 0x00000007fb0cda98, 0x00000007fb0cdc00, 0x00000007fc200000)
No shared spaces configured.
10.589: [GC pause (young)
Desired survivor size 6815744 bytes, new threshold 15 (max 15)
- age   1:        416 bytes,        416 total
- age   2:         80 bytes,        496 total
- age   3:        160 bytes,        656 total
 (initial-mark), 0.00140100 secs]
   [Parallel Time:   1.2 ms]
      [GC Worker Start (ms):  10589.1  10589.2
       Avg: 10589.1, Min: 10589.1, Max: 10589.2, Diff:   0.0]
      [Ext Root Scanning (ms):  1.0  1.0
       Avg:   1.0, Min:   1.0, Max:   1.0, Diff:   0.0]
      [Update RS (ms):  0.0  0.0
       Avg:   0.0, Min:   0.0, Max:   0.0, Diff:   0.0]
         [Processed Buffers : 0 2
          Sum: 2, Avg: 1, Min: 0, Max: 2, Diff: 2]
      [Scan RS (ms):  0.0  0.0
       Avg:   0.0, Min:   0.0, Max:   0.0, Diff:   0.0]
      [Object Copy (ms):  0.2  0.2
       Avg:   0.2, Min:   0.2, Max:   0.2, Diff:   0.0]
      [Termination (ms):  0.0  0.0
       Avg:   0.0, Min:   0.0, Max:   0.0, Diff:   0.0]
         [Termination Attempts : 1 1
          Sum: 2, Avg: 1, Min: 1, Max: 1, Diff: 0]
      [GC Worker End (ms):  10590.3  10590.3
       Avg: 10590.3, Min: 10590.3, Max: 10590.3, Diff:   0.0]
      [GC Worker (ms):  1.2  1.2
       Avg:   1.2, Min:   1.2, Max:   1.2, Diff:   0.0]
      [GC Worker Other (ms):  0.1  0.1
       Avg:   0.1, Min:   0.1, Max:   0.1, Diff:   0.0]
   [Clear CT:   0.0 ms]
   [Other:   0.1 ms]
      [Choose CSet:   0.0 ms]
      [Ref Proc:   0.0 ms]
      [Ref Enq:   0.0 ms]
      [Free CSet:   0.0 ms]
   [Eden: 1024K(101M)->0B(101M) Survivors: 1024K->1024K Heap: 420M(512M)->420M(512M)]
 [Times: user=0.00 sys=0.00, real=0.00 secs] 
Heap after GC invocations=388 (full 206):
 garbage-first heap   total 524288K, used 430693K [0x00000007dae00000, 0x00000007fae00000, 0x00000007fae00000)
  region size 1024K, 1 young (1024K), 1 survivors (1024K)
 compacting perm gen  total 20480K, used 2870K [0x00000007fae00000, 0x00000007fc200000, 0x0000000800000000)
   the space 20480K,  14% used [0x00000007fae00000, 0x00000007fb0cda98, 0x00000007fb0cdc00, 0x00000007fc200000)
No shared spaces configured.
}
10.591: [GC concurrent-root-region-scan-start]
10.591: [GC concurrent-root-region-scan-end, 0.0001120]
10.591: [GC concurrent-mark-start]
10.593: [GC concurrent-mark-end, 0.0028030 sec]
10.603: [GC remark 10.603: [GC ref-proc, 0.0000150 secs], 0.0032620 secs]
 [Times: user=0.01 sys=0.00, real=0.01 secs] 
10.606: [GC cleanup 443M->321M(512M), 0.0004850 secs]
 [Times: user=0.00 sys=0.00, real=0.00 secs] 
10.607: [GC concurrent-cleanup-start]
10.607: [GC concurrent-cleanup-end, 0.0003610]
{Heap before GC invocations=389 (full 206):
 garbage-first heap   total 524288K, used 383113K [0x00000007dae00000, 0x00000007fae00000, 0x00000007fae00000)
  region size 1024K, 2 young (2048K), 1 survivors (1024K)
 compacting perm gen  total 20480K, used 2870K [0x00000007fae00000, 0x00000007fc200000, 0x0000000800000000)
   the space 20480K,  14% used [0x00000007fae00000, 0x00000007fb0cda98, 0x00000007fb0cdc00, 0x00000007fc200000)
No shared spaces configured.
10.639: [GC pause (young)
Desired survivor size 6815744 bytes, new threshold 15 (max 15)
- age   1:        456 bytes,        456 total
- age   2:         40 bytes,        496 total
- age   3:         80 bytes,        576 total
- age   4:        160 bytes,        736 total
 (initial-mark), 0.00167000 secs]
   [Parallel Time:   1.5 ms]
      [GC Worker Start (ms):  10639.1  10639.1
       Avg: 10639.1, Min: 10639.1, Max: 10639.1, Diff:   0.0]
      [Ext Root Scanning (ms):  1.2  1.1
       Avg:   1.2, Min:   1.1, Max:   1.2, Diff:   0.1]
      [Update RS (ms):  0.0  0.0
       Avg:   0.0, Min:   0.0, Max:   0.0, Diff:   0.0]
         [Processed Buffers : 0 3
          Sum: 3, Avg: 1, Min: 0, Max: 3, Diff: 3]
      [Scan RS (ms):  0.0  0.0
       Avg:   0.0, Min:   0.0, Max:   0.0, Diff:   0.0]
      [Object Copy (ms):  0.2  0.1
       Avg:   0.2, Min:   0.1, Max:   0.2, Diff:   0.1]
      [Termination (ms):  0.0  0.2
       Avg:   0.1, Min:   0.0, Max:   0.2, Diff:   0.2]
         [Termination Attempts : 1 1
          Sum: 2, Avg: 1, Min: 1, Max: 1, Diff: 0]
      [GC Worker End (ms):  10640.5  10640.5
       Avg: 10640.5, Min: 10640.5, Max: 10640.5, Diff:   0.0]
      [GC Worker (ms):  1.4  1.4
       Avg:   1.4, Min:   1.4, Max:   1.4, Diff:   0.0]
      [GC Worker Other (ms):  0.1  0.1
       Avg:   0.1, Min:   0.1, Max:   0.1, Diff:   0.0]
   [Clear CT:   0.0 ms]
   [Other:   0.2 ms]
      [Choose CSet:   0.0 ms]
      [Ref Proc:   0.0 ms]
      [Ref Enq:   0.0 ms]
      [Free CSet:   0.0 ms]
   [Eden: 1024K(101M)->0B(101M) Survivors: 1024K->1024K Heap: 374M(512M)->374M(512M)]
 [Times: user=0.00 sys=0.00, real=0.00 secs] 
Heap after GC invocations=390 (full 207):
 garbage-first heap   total 524288K, used 383113K [0x00000007dae00000, 0x00000007fae00000, 0x00000007fae00000)
  region size 1024K, 1 young (1024K), 1 survivors (1024K)
 compacting perm gen  total 20480K, used 2870K [0x00000007fae00000, 0x00000007fc200000, 0x0000000800000000)
   the space 20480K,  14% used [0x00000007fae00000, 0x00000007fb0cda98, 0x00000007fb0cdc00, 0x00000007fc200000)
No shared spaces configured.
}
10.641: [GC concurrent-root-region-scan-start]
10.641: [GC concurrent-root-region-scan-end, 0.0001470]
10.641: [GC concurrent-mark-start]
10.654: [GC concurrent-mark-end, 0.0128860 sec]
10.660: [GC remark 10.660: [GC ref-proc, 0.0000180 secs], 0.0033420 secs]
 [Times: user=0.01 sys=0.00, real=0.00 secs] 
{Heap before GC invocations=390 (full 207):
 garbage-first heap   total 524288K, used 460681K [0x00000007dae00000, 0x00000007fae00000, 0x00000007fae00000)
  region size 1024K, 2 young (2048K), 1 survivors (1024K)
 compacting perm gen  total 20480K, used 2870K [0x00000007fae00000, 0x00000007fc200000, 0x0000000800000000)
   the space 20480K,  14% used [0x00000007fae00000, 0x00000007fb0cda98, 0x00000007fb0cdc00, 0x00000007fc200000)
No shared spaces configured.
10.683: [GC pause (young)
Desired survivor size 6815744 bytes, new threshold 15 (max 15)
- age   1:        136 bytes,        136 total
- age   2:        304 bytes,        440 total
- age   3:         40 bytes,        480 total
- age   4:         80 bytes,        560 total
- age   5:        160 bytes,        720 total
, 0.00119400 secs]
   [Parallel Time:   1.1 ms]
      [GC Worker Start (ms):  10683.4  10683.4
       Avg: 10683.4, Min: 10683.4, Max: 10683.4, Diff:   0.0]
      [Ext Root Scanning (ms):  0.9  1.0
       Avg:   0.9, Min:   0.9, Max:   1.0, Diff:   0.1]
      [SATB Filtering (ms):  0.0  0.0
       Avg:   0.0, Min:   0.0, Max:   0.0, Diff:   0.0]
      [Update RS (ms):  0.0  0.0
       Avg:   0.0, Min:   0.0, Max:   0.0, Diff:   0.0]
         [Processed Buffers : 2 0
          Sum: 2, Avg: 1, Min: 0, Max: 2, Diff: 2]
      [Scan RS (ms):  0.0  0.0
       Avg:   0.0, Min:   0.0, Max:   0.0, Diff:   0.0]
      [Object Copy (ms):  0.1  0.0
       Avg:   0.0, Min:   0.0, Max:   0.1, Diff:   0.0]
      [Termination (ms):  0.0  0.0
       Avg:   0.0, Min:   0.0, Max:   0.0, Diff:   0.0]
         [Termination Attempts : 1 1
          Sum: 2, Avg: 1, Min: 1, Max: 1, Diff: 0]
      [GC Worker End (ms):  10684.4  10684.4
       Avg: 10684.4, Min: 10684.4, Max: 10684.4, Diff:   0.0]
      [GC Worker (ms):  1.0  1.0
       Avg:   1.0, Min:   1.0, Max:   1.0, Diff:   0.0]
      [GC Worker Other (ms):  0.1  0.1
       Avg:   0.1, Min:   0.1, Max:   0.1, Diff:   0.0]
   [Complete CSet Marking:   0.0 ms]
   [Clear CT:   0.0 ms]
   [Other:   0.1 ms]
      [Choose CSet:   0.0 ms]
      [Ref Proc:   0.0 ms]
      [Ref Enq:   0.0 ms]
      [Free CSet:   0.0 ms]
   [Eden: 1024K(101M)->0B(101M) Survivors: 1024K->1024K Heap: 450M(512M)->449M(512M)]
 [Times: user=0.00 sys=0.00, real=0.00 secs] 
Heap after GC invocations=391 (full 207):
 garbage-first heap   total 524288K, used 460681K [0x00000007dae00000, 0x00000007fae00000, 0x00000007fae00000)
  region size 1024K, 1 young (1024K), 1 survivors (1024K)
 compacting perm gen  total 20480K, used 2870K [0x00000007fae00000, 0x00000007fc200000, 0x0000000800000000)
   the space 20480K,  14% used [0x00000007fae00000, 0x00000007fb0cda98, 0x00000007fb0cdc00, 0x00000007fc200000)
No shared spaces configured.
}
10.685: [GC cleanup 449M->392M(512M), 0.0003920 secs]
 [Times: user=0.00 sys=0.00, real=0.00 secs] 
10.685: [GC concurrent-cleanup-start]
10.685: [GC concurrent-cleanup-end, 0.0001640]
{Heap before GC invocations=392 (full 207):
 garbage-first heap   total 524288K, used 456103K [0x00000007dae00000, 0x00000007fae00000, 0x00000007fae00000)
  region size 1024K, 2 young (2048K), 1 survivors (1024K)
 compacting perm gen  total 20480K, used 2870K [0x00000007fae00000, 0x00000007fc200000, 0x0000000800000000)
   the space 20480K,  14% used [0x00000007fae00000, 0x00000007fb0cda98, 0x00000007fb0cdc00, 0x00000007fc200000)
No shared spaces configured.
10.717: [GC pause (young)
Desired survivor size 6815744 bytes, new threshold 15 (max 15)
- age   1:        208 bytes,        208 total
- age   2:         80 bytes,        288 total
- age   3:         96 bytes,        384 total
- age   5:         80 bytes,        464 total
- age   6:        160 bytes,        624 total
, 0.00109100 secs]
   [Parallel Time:   1.0 ms]
      [GC Worker Start (ms):  10717.5  10717.5
       Avg: 10717.5, Min: 10717.5, Max: 10717.5, Diff:   0.0]
      [Ext Root Scanning (ms):  0.9  0.8
       Avg:   0.8, Min:   0.8, Max:   0.9, Diff:   0.0]
      [Update RS (ms):  0.0  0.0
       Avg:   0.0, Min:   0.0, Max:   0.0, Diff:   0.0]
         [Processed Buffers : 1 2
          Sum: 3, Avg: 1, Min: 1, Max: 2, Diff: 1]
      [Scan RS (ms):  0.0  0.0
       Avg:   0.0, Min:   0.0, Max:   0.0, Diff:   0.0]
      [Object Copy (ms):  0.0  0.1
       Avg:   0.1, Min:   0.0, Max:   0.1, Diff:   0.0]
      [Termination (ms):  0.0  0.0
       Avg:   0.0, Min:   0.0, Max:   0.0, Diff:   0.0]
         [Termination Attempts : 1 1
          Sum: 2, Avg: 1, Min: 1, Max: 1, Diff: 0]
      [GC Worker End (ms):  10718.4  10718.4
       Avg: 10718.4, Min: 10718.4, Max: 10718.4, Diff:   0.0]
      [GC Worker (ms):  0.9  0.9
       Avg:   0.9, Min:   0.9, Max:   0.9, Diff:   0.0]
      [GC Worker Other (ms):  0.1  0.1
       Avg:   0.1, Min:   0.1, Max:   0.1, Diff:   0.0]
   [Clear CT:   0.0 ms]
   [Other:   0.1 ms]
      [Choose CSet:   0.0 ms]
      [Ref Proc:   0.0 ms]
      [Ref Enq:   0.0 ms]
      [Free CSet:   0.0 ms]
   [Eden: 1024K(101M)->0B(101M) Survivors: 1024K->1024K Heap: 445M(512M)->445M(512M)]
 [Times: user=0.00 sys=0.00, real=0.00 secs] 
Heap after GC invocations=393 (full 207):
 garbage-first heap   total 524288K, used 456103K [0x00000007dae00000, 0x00000007fae00000, 0x00000007fae00000)
  region size 1024K, 1 young (1024K), 1 survivors (1024K)
 compacting perm gen  total 20480K, used 2870K [0x00000007fae00000, 0x00000007fc200000, 0x0000000800000000)
   the space 20480K,  14% used [0x00000007fae00000, 0x00000007fb0cda98, 0x00000007fb0cdc00, 0x00000007fc200000)
No shared spaces configured.
}
{Heap before GC invocations=393 (full 207):
 garbage-first heap   total 524288K, used 456103K [0x00000007dae00000, 0x00000007fae00000, 0x00000007fae00000)
  region size 1024K, 2 young (2048K), 1 survivors (1024K)
 compacting perm gen  total 20480K, used 2870K [0x00000007fae00000, 0x00000007fc200000, 0x0000000800000000)
   the space 20480K,  14% used [0x00000007fae00000, 0x00000007fb0cda98, 0x00000007fb0cdc00, 0x00000007fc200000)
No shared spaces configured.
10.719: [Full GC 445M->289M(512M), 0.0115970 secs]
 [Times: user=0.02 sys=0.00, real=0.01 secs] 
Heap after GC invocations=394 (full 208):
 garbage-first heap   total 524288K, used 295939K [0x00000007dae00000, 0x00000007fae00000, 0x00000007fae00000)
  region size 1024K, 0 young (0K), 0 survivors (0K)
 compacting perm gen  total 20480K, used 2870K [0x00000007fae00000, 0x00000007fc200000, 0x0000000800000000)
   the space 20480K,  14% used [0x00000007fae00000, 0x00000007fb0cda98, 0x00000007fb0cdc00, 0x00000007fc200000)
No shared spaces configured.
}
{Heap before GC invocations=394 (full 208):
 garbage-first heap   total 524288K, used 315073K [0x00000007dae00000, 0x00000007fae00000, 0x00000007fae00000)
  region size 1024K, 1 young (1024K), 0 survivors (0K)
 compacting perm gen  total 20480K, used 2870K [0x00000007fae00000, 0x00000007fc200000, 0x0000000800000000)
   the space 20480K,  14% used [0x00000007fae00000, 0x00000007fb0cda98, 0x00000007fb0cdc00, 0x00000007fc200000)
No shared spaces configured.
10.740: [GC pause (young)
Desired survivor size 11010048 bytes, new threshold 15 (max 15)
- age   1:        168 bytes,        168 total
- age   2:        160 bytes,        328 total
- age   4:         96 bytes,        424 total
- age   6:         80 bytes,        504 total
- age   7:        160 bytes,        664 total
 (initial-mark), 0.00197900 secs]
   [Parallel Time:   1.8 ms]
      [GC Worker Start (ms):  10739.9  10739.9
       Avg: 10739.9, Min: 10739.9, Max: 10739.9, Diff:   0.0]
      [Ext Root Scanning (ms):  1.5  1.5
       Avg:   1.5, Min:   1.5, Max:   1.5, Diff:   0.0]
      [Update RS (ms):  0.0  0.0
       Avg:   0.0, Min:   0.0, Max:   0.0, Diff:   0.0]
         [Processed Buffers : 1 0
          Sum: 1, Avg: 0, Min: 0, Max: 1, Diff: 1]
      [Scan RS (ms):  0.0  0.0
       Avg:   0.0, Min:   0.0, Max:   0.0, Diff:   0.0]
      [Object Copy (ms):  0.2  0.2
       Avg:   0.2, Min:   0.2, Max:   0.2, Diff:   0.0]
      [Termination (ms):  0.0  0.0
       Avg:   0.0, Min:   0.0, Max:   0.0, Diff:   0.0]
         [Termination Attempts : 1 1
          Sum: 2, Avg: 1, Min: 1, Max: 1, Diff: 0]
      [GC Worker End (ms):  10741.6  10741.6
       Avg: 10741.6, Min: 10741.6, Max: 10741.6, Diff:   0.0]
      [GC Worker (ms):  1.7  1.7
       Avg:   1.7, Min:   1.7, Max:   1.7, Diff:   0.0]
      [GC Worker Other (ms):  0.1  0.1
       Avg:   0.1, Min:   0.1, Max:   0.1, Diff:   0.0]
   [Clear CT:   0.0 ms]
   [Other:   0.2 ms]
      [Choose CSet:   0.0 ms]
      [Ref Proc:   0.0 ms]
      [Ref Enq:   0.0 ms]
      [Free CSet:   0.0 ms]
   [Eden: 1024K(101M)->0B(142M) Survivors: 0B->1024K Heap: 307M(512M)->307M(512M)]
 [Times: user=0.01 sys=0.00, real=0.00 secs] 
Heap after GC invocations=395 (full 209):
 garbage-first heap   total 524288K, used 315105K [0x00000007dae00000, 0x00000007fae00000, 0x00000007fae00000)
  region size 1024K, 1 young (1024K), 1 survivors (1024K)
 compacting perm gen  total 20480K, used 2870K [0x00000007fae00000, 0x00000007fc200000, 0x0000000800000000)
   the space 20480K,  14% used [0x00000007fae00000, 0x00000007fb0cda98, 0x00000007fb0cdc00, 0x00000007fc200000)
No shared spaces configured.
}
10.742: [GC concurrent-root-region-scan-start]
10.742: [GC concurrent-root-region-scan-end, 0.0000250]
10.742: [GC concurrent-mark-start]
10.757: [GC concurrent-mark-end, 0.0148860 sec]
10.768: [GC remark 10.769: [GC ref-proc, 0.0000170 secs], 0.0034810 secs]
 [Times: user=0.00 sys=0.00, real=0.00 secs] 
10.779: [GC cleanup 373M->373M(512M), 0.0005350 secs]
 [Times: user=0.00 sys=0.00, real=0.00 secs] 
{Heap before GC invocations=396 (full 209):
 garbage-first heap   total 524288K, used 424495K [0x00000007dae00000, 0x00000007fae00000, 0x00000007fae00000)
  region size 1024K, 2 young (2048K), 1 survivors (1024K)
 compacting perm gen  total 20480K, used 2870K [0x00000007fae00000, 0x00000007fc200000, 0x0000000800000000)
   the space 20480K,  14% used [0x00000007fae00000, 0x00000007fb0cda98, 0x00000007fb0cdc00, 0x00000007fc200000)
No shared spaces configured.
10.805: [GC pause (young)
Desired survivor size 9437184 bytes, new threshold 15 (max 15)
- age   1:         16 bytes,         16 total
 (initial-mark), 0.00121400 secs]
   [Parallel Time:   1.0 ms]
      [GC Worker Start (ms):  10805.3  10805.3
       Avg: 10805.3, Min: 10805.3, Max: 10805.3, Diff:   0.0]
      [Ext Root Scanning (ms):  0.8  0.8
       Avg:   0.8, Min:   0.8, Max:   0.8, Diff:   0.1]
      [Update RS (ms):  0.0  0.0
       Avg:   0.0, Min:   0.0, Max:   0.0, Diff:   0.0]
         [Processed Buffers : 6 0
          Sum: 6, Avg: 3, Min: 0, Max: 6, Diff: 6]
      [Scan RS (ms):  0.0  0.0
       Avg:   0.0, Min:   0.0, Max:   0.0, Diff:   0.0]
      [Object Copy (ms):  0.2  0.2
       Avg:   0.2, Min:   0.2, Max:   0.2, Diff:   0.0]
      [Termination (ms):  0.0  0.0
       Avg:   0.0, Min:   0.0, Max:   0.0, Diff:   0.0]
         [Termination Attempts : 1 1
          Sum: 2, Avg: 1, Min: 1, Max: 1, Diff: 0]
      [GC Worker End (ms):  10806.3  10806.3
       Avg: 10806.3, Min: 10806.3, Max: 10806.3, Diff:   0.0]
      [GC Worker (ms):  1.0  1.0
       Avg:   1.0, Min:   1.0, Max:   1.0, Diff:   0.0]
      [GC Worker Other (ms):  0.1  0.1
       Avg:   0.1, Min:   0.1, Max:   0.1, Diff:   0.0]
   [Clear CT:   0.0 ms]
   [Other:   0.1 ms]
      [Choose CSet:   0.0 ms]
      [Ref Proc:   0.0 ms]
      [Ref Enq:   0.0 ms]
      [Free CSet:   0.0 ms]
   [Eden: 1024K(142M)->0B(101M) Survivors: 1024K->1024K Heap: 414M(512M)->414M(512M)]
 [Times: user=0.00 sys=0.00, real=0.01 secs] 
Heap after GC invocations=397 (full 210):
 garbage-first heap   total 524288K, used 424527K [0x00000007dae00000, 0x00000007fae00000, 0x00000007fae00000)
  region size 1024K, 1 young (1024K), 1 survivors (1024K)
 compacting perm gen  total 20480K, used 2870K [0x00000007fae00000, 0x00000007fc200000, 0x0000000800000000)
   the space 20480K,  14% used [0x00000007fae00000, 0x00000007fb0cda98, 0x00000007fb0cdc00, 0x00000007fc200000)
No shared spaces configured.
}
10.807: [GC concurrent-root-region-scan-start]
10.807: [GC concurrent-root-region-scan-end, 0.0000640]
10.807: [GC concurrent-mark-start]
10.815: [GC concurrent-mark-end, 0.0080790 sec]
10.825: [GC remark 10.825: [GC ref-proc, 0.0000160 secs], 0.0027470 secs]
 [Times: user=0.01 sys=0.00, real=0.01 secs] 
10.828: [GC cleanup 450M->265M(512M), 0.0005090 secs]
 [Times: user=0.00 sys=0.00, real=0.00 secs] 
10.829: [GC concurrent-cleanup-start]
10.829: [GC concurrent-cleanup-end, 0.0003950]
{Heap before GC invocations=398 (full 210):
 garbage-first heap   total 524288K, used 335425K [0x00000007dae00000, 0x00000007fae00000, 0x00000007fae00000)
  region size 1024K, 2 young (2048K), 1 survivors (1024K)
 compacting perm gen  total 20480K, used 2870K [0x00000007fae00000, 0x00000007fc200000, 0x0000000800000000)
   the space 20480K,  14% used [0x00000007fae00000, 0x00000007fb0cda98, 0x00000007fb0cdc00, 0x00000007fc200000)
No shared spaces configured.
10.866: [GC pause (young)
Desired survivor size 6815744 bytes, new threshold 15 (max 15)
- age   1:        280 bytes,        280 total
 (initial-mark), 0.00129800 secs]
   [Parallel Time:   1.1 ms]
      [GC Worker Start (ms):  10866.0  10866.0
       Avg: 10866.0, Min: 10866.0, Max: 10866.0, Diff:   0.0]
      [Ext Root Scanning (ms):  0.8  0.8
       Avg:   0.8, Min:   0.8, Max:   0.8, Diff:   0.0]
      [Update RS (ms):  0.0  0.0
       Avg:   0.0, Min:   0.0, Max:   0.0, Diff:   0.0]
         [Processed Buffers : 5 0
          Sum: 5, Avg: 2, Min: 0, Max: 5, Diff: 5]
      [Scan RS (ms):  0.0  0.0
       Avg:   0.0, Min:   0.0, Max:   0.0, Diff:   0.0]
      [Object Copy (ms):  0.2  0.2
       Avg:   0.2, Min:   0.2, Max:   0.2, Diff:   0.0]
      [Termination (ms):  0.0  0.0
       Avg:   0.0, Min:   0.0, Max:   0.0, Diff:   0.0]
         [Termination Attempts : 1 1
          Sum: 2, Avg: 1, Min: 1, Max: 1, Diff: 0]
      [GC Worker End (ms):  10867.0  10867.0
       Avg: 10867.0, Min: 10867.0, Max: 10867.0, Diff:   0.0]
      [GC Worker (ms):  1.0  1.0
       Avg:   1.0, Min:   1.0, Max:   1.0, Diff:   0.0]
      [GC Worker Other (ms):  0.1  0.1
       Avg:   0.1, Min:   0.1, Max:   0.1, Diff:   0.0]
   [Clear CT:   0.0 ms]
   [Other:   0.2 ms]
      [Choose CSet:   0.0 ms]
      [Ref Proc:   0.0 ms]
      [Ref Enq:   0.0 ms]
      [Free CSet:   0.0 ms]
   [Eden: 1024K(101M)->0B(120M) Survivors: 1024K->1024K Heap: 327M(512M)->327M(512M)]
 [Times: user=0.00 sys=0.00, real=0.00 secs] 
Heap after GC invocations=399 (full 211):
 garbage-first heap   total 524288K, used 335425K [0x00000007dae00000, 0x00000007fae00000, 0x00000007fae00000)
  region size 1024K, 1 young (1024K), 1 survivors (1024K)
 compacting perm gen  total 20480K, used 2870K [0x00000007fae00000, 0x00000007fc200000, 0x0000000800000000)
   the space 20480K,  14% used [0x00000007fae00000, 0x00000007fb0cda98, 0x00000007fb0cdc00, 0x00000007fc200000)
No shared spaces configured.
}
10.867: [GC concurrent-root-region-scan-start]
10.867: [GC concurrent-root-region-scan-end, 0.0001530]
10.867: [GC concurrent-mark-start]
10.870: [GC concurrent-mark-end, 0.0022240 sec]
10.901: [GC remark 10.901: [GC ref-proc, 0.0000200 secs], 0.0027610 secs]
 [Times: user=0.01 sys=0.00, real=0.00 secs] 
10.904: [GC cleanup 393M->309M(512M), 0.0004580 secs]
 [Times: user=0.00 sys=0.00, real=0.00 secs] 
10.905: [GC concurrent-cleanup-start]
10.905: [GC concurrent-cleanup-end, 0.0002020]
{Heap before GC invocations=400 (full 211):
 garbage-first heap   total 524288K, used 336636K [0x00000007dae00000, 0x00000007fae00000, 0x00000007fae00000)
  region size 1024K, 2 young (2048K), 1 survivors (1024K)
 compacting perm gen  total 20480K, used 2870K [0x00000007fae00000, 0x00000007fc200000, 0x0000000800000000)
   the space 20480K,  14% used [0x00000007fae00000, 0x00000007fb0cda98, 0x00000007fb0cdc00, 0x00000007fc200000)
No shared spaces configured.
10.920: [GC pause (young)
Desired survivor size 8388608 bytes, new threshold 15 (max 15)
- age   1:        320 bytes,        320 total
- age   2:        160 bytes,        480 total
 (initial-mark), 0.00131400 secs]
   [Parallel Time:   1.1 ms]
      [GC Worker Start (ms):  10919.9  10919.9
       Avg: 10919.9, Min: 10919.9, Max: 10919.9, Diff:   0.0]
      [Ext Root Scanning (ms):  0.9  0.9
       Avg:   0.9, Min:   0.9, Max:   0.9, Diff:   0.0]
      [Update RS (ms):  0.0  0.0
       Avg:   0.0, Min:   0.0, Max:   0.0, Diff:   0.0]
         [Processed Buffers : 0 2
          Sum: 2, Avg: 1, Min: 0, Max: 2, Diff: 2]
      [Scan RS (ms):  0.0  0.0
       Avg:   0.0, Min:   0.0, Max:   0.0, Diff:   0.0]
      [Object Copy (ms):  0.2  0.1
       Avg:   0.2, Min:   0.1, Max:   0.2, Diff:   0.1]
      [Termination (ms):  0.0  0.0
       Avg:   0.0, Min:   0.0, Max:   0.0, Diff:   0.0]
         [Termination Attempts : 1 1
          Sum: 2, Avg: 1, Min: 1, Max: 1, Diff: 0]
      [GC Worker End (ms):  10921.0  10921.0
       Avg: 10921.0, Min: 10921.0, Max: 10921.0, Diff:   0.0]
      [GC Worker (ms):  1.1  1.1
       Avg:   1.1, Min:   1.1, Max:   1.1, Diff:   0.0]
      [GC Worker Other (ms):  0.1  0.1
       Avg:   0.1, Min:   0.1, Max:   0.1, Diff:   0.0]
   [Clear CT:   0.0 ms]
   [Other:   0.2 ms]
      [Choose CSet:   0.0 ms]
      [Ref Proc:   0.0 ms]
      [Ref Enq:   0.0 ms]
      [Free CSet:   0.0 ms]
   [Eden: 1024K(120M)->0B(120M) Survivors: 1024K->1024K Heap: 328M(512M)->328M(512M)]
 [Times: user=0.00 sys=0.00, real=0.00 secs] 
Heap after GC invocations=401 (full 212):
 garbage-first heap   total 524288K, used 336636K [0x00000007dae00000, 0x00000007fae00000, 0x00000007fae00000)
  region size 1024K, 1 young (1024K), 1 survivors (1024K)
 compacting perm gen  total 20480K, used 2870K [0x00000007fae00000, 0x00000007fc200000, 0x0000000800000000)
   the space 20480K,  14% used [0x00000007fae00000, 0x00000007fb0cda98, 0x00000007fb0cdc00, 0x00000007fc200000)
No shared spaces configured.
}
10.921: [GC concurrent-root-region-scan-start]
10.921: [GC concurrent-root-region-scan-end, 0.0000910]
10.921: [GC concurrent-mark-start]
10.923: [GC concurrent-mark-end, 0.0019280 sec]
10.950: [GC remark 10.950: [GC ref-proc, 0.0000170 secs], 0.0029300 secs]
 [Times: user=0.00 sys=0.00, real=0.00 secs] 
10.967: [GC cleanup 411M->338M(512M), 0.0004670 secs]
 [Times: user=0.00 sys=0.00, real=0.00 secs] 
10.968: [GC concurrent-cleanup-start]
10.968: [GC concurrent-cleanup-end, 0.0001710]
{Heap before GC invocations=402 (full 212):
 garbage-first heap   total 524288K, used 369207K [0x00000007dae00000, 0x00000007fae00000, 0x00000007fae00000)
  region size 1024K, 2 young (2048K), 1 survivors (1024K)
 compacting perm gen  total 20480K, used 2870K [0x00000007fae00000, 0x00000007fc200000, 0x0000000800000000)
   the space 20480K,  14% used [0x00000007fae00000, 0x00000007fb0cda98, 0x00000007fb0cdc00, 0x00000007fc200000)
No shared spaces configured.
10.984: [GC pause (young)
Desired survivor size 8388608 bytes, new threshold 15 (max 15)
- age   1:        320 bytes,        320 total
- age   2:        120 bytes,        440 total
- age   3:        120 bytes,        560 total
 (initial-mark), 0.00124200 secs]
   [Parallel Time:   1.1 ms]
      [GC Worker Start (ms):  10984.3  10984.3
       Avg: 10984.3, Min: 10984.3, Max: 10984.3, Diff:   0.0]
      [Ext Root Scanning (ms):  0.8  0.8
       Avg:   0.8, Min:   0.8, Max:   0.8, Diff:   0.1]
      [Update RS (ms):  0.0  0.0
       Avg:   0.0, Min:   0.0, Max:   0.0, Diff:   0.0]
         [Processed Buffers : 2 0
          Sum: 2, Avg: 1, Min: 0, Max: 2, Diff: 2]
      [Scan RS (ms):  0.0  0.0
       Avg:   0.0, Min:   0.0, Max:   0.0, Diff:   0.0]
      [Object Copy (ms):  0.1  0.2
       Avg:   0.2, Min:   0.1, Max:   0.2, Diff:   0.0]
      [Termination (ms):  0.1  0.0
       Avg:   0.0, Min:   0.0, Max:   0.1, Diff:   0.1]
         [Termination Attempts : 1 1
          Sum: 2, Avg: 1, Min: 1, Max: 1, Diff: 0]
      [GC Worker End (ms):  10985.3  10985.3
       Avg: 10985.3, Min: 10985.3, Max: 10985.3, Diff:   0.0]
      [GC Worker (ms):  1.0  1.0
       Avg:   1.0, Min:   1.0, Max:   1.0, Diff:   0.0]
      [GC Worker Other (ms):  0.1  0.1
       Avg:   0.1, Min:   0.1, Max:   0.1, Diff:   0.0]
   [Clear CT:   0.0 ms]
   [Other:   0.2 ms]
      [Choose CSet:   0.0 ms]
      [Ref Proc:   0.0 ms]
      [Ref Enq:   0.0 ms]
      [Free CSet:   0.0 ms]
   [Eden: 1024K(120M)->0B(101M) Survivors: 1024K->1024K Heap: 360M(512M)->360M(512M)]
 [Times: user=0.00 sys=0.00, real=0.00 secs] 
Heap after GC invocations=403 (full 213):
 garbage-first heap   total 524288K, used 369207K [0x00000007dae00000, 0x00000007fae00000, 0x00000007fae00000)
  region size 1024K, 1 young (1024K), 1 survivors (1024K)
 compacting perm gen  total 20480K, used 2870K [0x00000007fae00000, 0x00000007fc200000, 0x0000000800000000)
   the space 20480K,  14% used [0x00000007fae00000, 0x00000007fb0cda98, 0x00000007fb0cdc00, 0x00000007fc200000)
No shared spaces configured.
}
10.986: [GC concurrent-root-region-scan-start]
10.986: [GC concurrent-root-region-scan-end, 0.0001030]
10.986: [GC concurrent-mark-start]
10.995: [GC concurrent-mark-end, 0.0094970 sec]
11.004: [GC remark 11.005: [GC ref-proc, 0.0000160 secs], 0.0025590 secs]
 [Times: user=0.01 sys=0.00, real=0.01 secs] 
{Heap before GC invocations=403 (full 213):
 garbage-first heap   total 524288K, used 417841K [0x00000007dae00000, 0x00000007fae00000, 0x00000007fae00000)
  region size 1024K, 2 young (2048K), 1 survivors (1024K)
 compacting perm gen  total 20480K, used 2870K [0x00000007fae00000, 0x00000007fc200000, 0x0000000800000000)
   the space 20480K,  14% used [0x00000007fae00000, 0x00000007fb0cda98, 0x00000007fb0cdc00, 0x00000007fc200000)
No shared spaces configured.
11.013: [GC pause (young)
Desired survivor size 6815744 bytes, new threshold 15 (max 15)
- age   1:        272 bytes,        272 total
- age   2:         80 bytes,        352 total
- age   4:        120 bytes,        472 total
, 0.00104600 secs]
   [Parallel Time:   0.9 ms]
      [GC Worker Start (ms):  11012.9  11012.9
       Avg: 11012.9, Min: 11012.9, Max: 11012.9, Diff:   0.0]
      [Ext Root Scanning (ms):  0.8  0.8
       Avg:   0.8, Min:   0.8, Max:   0.8, Diff:   0.1]
      [SATB Filtering (ms):  0.0  0.0
       Avg:   0.0, Min:   0.0, Max:   0.0, Diff:   0.0]
      [Update RS (ms):  0.0  0.0
       Avg:   0.0, Min:   0.0, Max:   0.0, Diff:   0.0]
         [Processed Buffers : 0 2
          Sum: 2, Avg: 1, Min: 0, Max: 2, Diff: 2]
      [Scan RS (ms):  0.0  0.0
       Avg:   0.0, Min:   0.0, Max:   0.0, Diff:   0.0]
      [Object Copy (ms):  0.0  0.1
       Avg:   0.0, Min:   0.0, Max:   0.1, Diff:   0.0]
      [Termination (ms):  0.0  0.0
       Avg:   0.0, Min:   0.0, Max:   0.0, Diff:   0.0]
         [Termination Attempts : 1 1
          Sum: 2, Avg: 1, Min: 1, Max: 1, Diff: 0]
      [GC Worker End (ms):  11013.8  11013.8
       Avg: 11013.8, Min: 11013.8, Max: 11013.8, Diff:   0.0]
      [GC Worker (ms):  0.9  0.9
       Avg:   0.9, Min:   0.9, Max:   0.9, Diff:   0.0]
      [GC Worker Other (ms):  0.1  0.1
       Avg:   0.1, Min:   0.1, Max:   0.1, Diff:   0.0]
   [Complete CSet Marking:   0.0 ms]
   [Clear CT:   0.0 ms]
   [Other:   0.1 ms]
      [Choose CSet:   0.0 ms]
      [Ref Proc:   0.0 ms]
      [Ref Enq:   0.0 ms]
      [Free CSet:   0.0 ms]
   [Eden: 1024K(101M)->0B(101M) Survivors: 1024K->1024K Heap: 408M(512M)->408M(512M)]
 [Times: user=0.01 sys=0.00, real=0.00 secs] 
Heap after GC invocations=404 (full 213):
 garbage-first heap   total 524288K, used 417841K [0x00000007dae00000, 0x00000007fae00000, 0x00000007fae00000)
  region size 1024K, 1 young (1024K), 1 survivors (1024K)
 compacting perm gen  total 20480K, used 2870K [0x00000007fae00000, 0x00000007fc200000, 0x0000000800000000)
   the space 20480K,  14% used [0x00000007fae00000, 0x00000007fb0cda98, 0x00000007fb0cdc00, 0x00000007fc200000)
No shared spaces configured.
}
11.014: [GC cleanup 408M->255M(512M), 0.0005870 secs]
 [Times: user=0.00 sys=0.00, real=0.00 secs] 
11.015: [GC concurrent-cleanup-start]
11.015: [GC concurrent-cleanup-end, 0.0003220]
{Heap before GC invocations=405 (full 213):
 garbage-first heap   total 524288K, used 322331K [0x00000007dae00000, 0x00000007fae00000, 0x00000007fae00000)
  region size 1024K, 2 young (2048K), 1 survivors (1024K)
 compacting perm gen  total 20480K, used 2870K [0x00000007fae00000, 0x00000007fc200000, 0x0000000800000000)
   the space 20480K,  14% used [0x00000007fae00000, 0x00000007fb0cda98, 0x00000007fb0cdc00, 0x00000007fc200000)
No shared spaces configured.
11.050: [GC pause (young)
Desired survivor size 6815744 bytes, new threshold 15 (max 15)
- age   1:        104 bytes,        104 total
- age   2:        256 bytes,        360 total
- age   3:         40 bytes,        400 total
- age   5:        120 bytes,        520 total
 (initial-mark), 0.00129900 secs]
   [Parallel Time:   1.1 ms]
      [GC Worker Start (ms):  11050.6  11050.6
       Avg: 11050.6, Min: 11050.6, Max: 11050.6, Diff:   0.0]
      [Ext Root Scanning (ms):  0.9  0.9
       Avg:   0.9, Min:   0.9, Max:   0.9, Diff:   0.0]
      [Update RS (ms):  0.0  0.0
       Avg:   0.0, Min:   0.0, Max:   0.0, Diff:   0.0]
         [Processed Buffers : 3 0
          Sum: 3, Avg: 1, Min: 0, Max: 3, Diff: 3]
      [Scan RS (ms):  0.0  0.0
       Avg:   0.0, Min:   0.0, Max:   0.0, Diff:   0.0]
      [Object Copy (ms):  0.1  0.2
       Avg:   0.2, Min:   0.1, Max:   0.2, Diff:   0.0]
      [Termination (ms):  0.0  0.0
       Avg:   0.0, Min:   0.0, Max:   0.0, Diff:   0.0]
         [Termination Attempts : 1 1
          Sum: 2, Avg: 1, Min: 1, Max: 1, Diff: 0]
      [GC Worker End (ms):  11051.7  11051.7
       Avg: 11051.7, Min: 11051.7, Max: 11051.7, Diff:   0.0]
      [GC Worker (ms):  1.1  1.1
       Avg:   1.1, Min:   1.1, Max:   1.1, Diff:   0.0]
      [GC Worker Other (ms):  0.1  0.1
       Avg:   0.1, Min:   0.1, Max:   0.1, Diff:   0.0]
   [Clear CT:   0.0 ms]
   [Other:   0.2 ms]
      [Choose CSet:   0.0 ms]
      [Ref Proc:   0.0 ms]
      [Ref Enq:   0.0 ms]
      [Free CSet:   0.0 ms]
   [Eden: 1024K(101M)->0B(133M) Survivors: 1024K->1024K Heap: 314M(512M)->314M(512M)]
 [Times: user=0.01 sys=0.01, real=0.00 secs] 
Heap after GC invocations=406 (full 214):
 garbage-first heap   total 524288K, used 322331K [0x00000007dae00000, 0x00000007fae00000, 0x00000007fae00000)
  region size 1024K, 1 young (1024K), 1 survivors (1024K)
 compacting perm gen  total 20480K, used 2870K [0x00000007fae00000, 0x00000007fc200000, 0x0000000800000000)
   the space 20480K,  14% used [0x00000007fae00000, 0x00000007fb0cda98, 0x00000007fb0cdc00, 0x00000007fc200000)
No shared spaces configured.
}
11.052: [GC concurrent-root-region-scan-start]
11.052: [GC concurrent-root-region-scan-end, 0.0000790]
11.052: [GC concurrent-mark-start]
11.055: [GC concurrent-mark-end, 0.0025910 sec]
11.058: [GC remark 11.058: [GC ref-proc, 0.0000170 secs], 0.0025900 secs]
 [Times: user=0.01 sys=0.00, real=0.00 secs] 
11.083: [GC cleanup 370M->268M(512M), 0.0006760 secs]
 [Times: user=0.00 sys=0.00, real=0.00 secs] 
11.084: [GC concurrent-cleanup-start]
11.084: [GC concurrent-cleanup-end, 0.0002930]
{Heap before GC invocations=407 (full 214):
 garbage-first heap   total 524288K, used 291652K [0x00000007dae00000, 0x00000007fae00000, 0x00000007fae00000)
  region size 1024K, 2 young (2048K), 1 survivors (1024K)
 compacting perm gen  total 20480K, used 2870K [0x00000007fae00000, 0x00000007fc200000, 0x0000000800000000)
   the space 20480K,  14% used [0x00000007fae00000, 0x00000007fb0cda98, 0x00000007fb0cdc00, 0x00000007fc200000)
No shared spaces configured.
11.098: [GC pause (young)
Desired survivor size 8912896 bytes, new threshold 15 (max 15)
- age   1:        248 bytes,        248 total
- age   2:         56 bytes,        304 total
- age   3:         80 bytes,        384 total
- age   6:        120 bytes,        504 total
 (initial-mark), 0.00124300 secs]
   [Parallel Time:   1.1 ms]
      [GC Worker Start (ms):  11098.1  11098.1
       Avg: 11098.1, Min: 11098.1, Max: 11098.1, Diff:   0.0]
      [Ext Root Scanning (ms):  0.7  0.8
       Avg:   0.8, Min:   0.7, Max:   0.8, Diff:   0.1]
      [Update RS (ms):  0.0  0.0
       Avg:   0.0, Min:   0.0, Max:   0.0, Diff:   0.0]
         [Processed Buffers : 3 0
          Sum: 3, Avg: 1, Min: 0, Max: 3, Diff: 3]
      [Scan RS (ms):  0.0  0.0
       Avg:   0.0, Min:   0.0, Max:   0.0, Diff:   0.0]
      [Object Copy (ms):  0.2  0.1
       Avg:   0.2, Min:   0.1, Max:   0.2, Diff:   0.0]
      [Termination (ms):  0.1  0.0
       Avg:   0.0, Min:   0.0, Max:   0.1, Diff:   0.1]
         [Termination Attempts : 1 1
          Sum: 2, Avg: 1, Min: 1, Max: 1, Diff: 0]
      [GC Worker End (ms):  11099.1  11099.1
       Avg: 11099.1, Min: 11099.1, Max: 11099.1, Diff:   0.0]
      [GC Worker (ms):  1.0  1.0
       Avg:   1.0, Min:   1.0, Max:   1.0, Diff:   0.0]
      [GC Worker Other (ms):  0.1  0.1
       Avg:   0.1, Min:   0.1, Max:   0.1, Diff:   0.0]
   [Clear CT:   0.0 ms]
   [Other:   0.2 ms]
      [Choose CSet:   0.0 ms]
      [Ref Proc:   0.0 ms]
      [Ref Enq:   0.0 ms]
      [Free CSet:   0.0 ms]
   [Eden: 1024K(133M)->0B(165M) Survivors: 1024K->1024K Heap: 284M(512M)->284M(512M)]
 [Times: user=0.00 sys=0.00, real=0.00 secs] 
Heap after GC invocations=408 (full 215):
 garbage-first heap   total 524288K, used 291652K [0x00000007dae00000, 0x00000007fae00000, 0x00000007fae00000)
  region size 1024K, 1 young (1024K), 1 survivors (1024K)
 compacting perm gen  total 20480K, used 2870K [0x00000007fae00000, 0x00000007fc200000, 0x0000000800000000)
   the space 20480K,  14% used [0x00000007fae00000, 0x00000007fb0cda98, 0x00000007fb0cdc00, 0x00000007fc200000)
No shared spaces configured.
}
11.099: [GC concurrent-root-region-scan-start]
11.100: [GC concurrent-root-region-scan-end, 0.0002320]
11.100: [GC concurrent-mark-start]
11.102: [GC concurrent-mark-end, 0.0020750 sec]
11.105: [GC remark 11.106: [GC ref-proc, 0.0000160 secs], 0.0025430 secs]
 [Times: user=0.00 sys=0.00, real=0.01 secs] 
11.108: [GC cleanup 297M->217M(512M), 0.0006050 secs]
 [Times: user=0.01 sys=0.00, real=0.00 secs] 
11.109: [GC concurrent-cleanup-start]
11.109: [GC concurrent-cleanup-end, 0.0001760]
{Heap before GC invocations=409 (full 215):
 garbage-first heap   total 524288K, used 244160K [0x00000007dae00000, 0x00000007fae00000, 0x00000007fae00000)
  region size 1024K, 2 young (2048K), 1 survivors (1024K)
 compacting perm gen  total 20480K, used 2870K [0x00000007fae00000, 0x00000007fc200000, 0x0000000800000000)
   the space 20480K,  14% used [0x00000007fae00000, 0x00000007fb0cda98, 0x00000007fb0cdc00, 0x00000007fc200000)
No shared spaces configured.
11.125: [GC pause (young)
Desired survivor size 11010048 bytes, new threshold 15 (max 15)
- age   1:        208 bytes,        208 total
- age   2:         96 bytes,        304 total
- age   4:         40 bytes,        344 total
- age   7:        120 bytes,        464 total
 (initial-mark), 0.00115400 secs]
   [Parallel Time:   1.0 ms]
      [GC Worker Start (ms):  11125.0  11125.0
       Avg: 11125.0, Min: 11125.0, Max: 11125.0, Diff:   0.0]
      [Ext Root Scanning (ms):  0.8  0.7
       Avg:   0.8, Min:   0.7, Max:   0.8, Diff:   0.0]
      [Update RS (ms):  0.0  0.0
       Avg:   0.0, Min:   0.0, Max:   0.0, Diff:   0.0]
         [Processed Buffers : 1 1
          Sum: 2, Avg: 1, Min: 1, Max: 1, Diff: 0]
      [Scan RS (ms):  0.0  0.0
       Avg:   0.0, Min:   0.0, Max:   0.0, Diff:   0.0]
      [Object Copy (ms):  0.1  0.2
       Avg:   0.2, Min:   0.1, Max:   0.2, Diff:   0.0]
      [Termination (ms):  0.0  0.0
       Avg:   0.0, Min:   0.0, Max:   0.0, Diff:   0.0]
         [Termination Attempts : 1 1
          Sum: 2, Avg: 1, Min: 1, Max: 1, Diff: 0]
      [GC Worker End (ms):  11125.9  11125.9
       Avg: 11125.9, Min: 11125.9, Max: 11125.9, Diff:   0.0]
      [GC Worker (ms):  0.9  0.9
       Avg:   0.9, Min:   0.9, Max:   0.9, Diff:   0.0]
      [GC Worker Other (ms):  0.1  0.1
       Avg:   0.1, Min:   0.1, Max:   0.1, Diff:   0.0]
   [Clear CT:   0.0 ms]
   [Other:   0.1 ms]
      [Choose CSet:   0.0 ms]
      [Ref Proc:   0.0 ms]
      [Ref Enq:   0.0 ms]
      [Free CSet:   0.0 ms]
   [Eden: 1024K(165M)->0B(213M) Survivors: 1024K->1024K Heap: 238M(512M)->238M(512M)]
 [Times: user=0.00 sys=0.00, real=0.01 secs] 
Heap after GC invocations=410 (full 216):
 garbage-first heap   total 524288K, used 244160K [0x00000007dae00000, 0x00000007fae00000, 0x00000007fae00000)
  region size 1024K, 1 young (1024K), 1 survivors (1024K)
 compacting perm gen  total 20480K, used 2870K [0x00000007fae00000, 0x00000007fc200000, 0x0000000800000000)
   the space 20480K,  14% used [0x00000007fae00000, 0x00000007fb0cda98, 0x00000007fb0cdc00, 0x00000007fc200000)
No shared spaces configured.
}
11.126: [GC concurrent-root-region-scan-start]
11.126: [GC concurrent-root-region-scan-end, 0.0000600]
11.126: [GC concurrent-mark-start]
11.129: [GC concurrent-mark-end, 0.0032680 sec]
11.148: [GC remark 11.148: [GC ref-proc, 0.0000160 secs], 0.0024470 secs]
 [Times: user=0.00 sys=0.00, real=0.00 secs] 
11.151: [GC cleanup 281M->218M(512M), 0.0005590 secs]
 [Times: user=0.00 sys=0.00, real=0.00 secs] 
11.151: [GC concurrent-cleanup-start]
11.151: [GC concurrent-cleanup-end, 0.0001440]
{Heap before GC invocations=411 (full 216):
 garbage-first heap   total 524288K, used 239007K [0x00000007dae00000, 0x00000007fae00000, 0x00000007fae00000)
  region size 1024K, 2 young (2048K), 1 survivors (1024K)
 compacting perm gen  total 20480K, used 2870K [0x00000007fae00000, 0x00000007fc200000, 0x0000000800000000)
   the space 20480K,  14% used [0x00000007fae00000, 0x00000007fb0cda98, 0x00000007fb0cdc00, 0x00000007fc200000)
No shared spaces configured.
11.163: [GC pause (young)
Desired survivor size 14155776 bytes, new threshold 15 (max 15)
- age   1:         96 bytes,         96 total
- age   2:        152 bytes,        248 total
- age   3:         40 bytes,        288 total
- age   8:        120 bytes,        408 total
 (initial-mark), 0.00121100 secs]
   [Parallel Time:   1.0 ms]
      [GC Worker Start (ms):  11163.6  11163.6
       Avg: 11163.6, Min: 11163.6, Max: 11163.6, Diff:   0.0]
      [Ext Root Scanning (ms):  0.8  0.7
       Avg:   0.8, Min:   0.7, Max:   0.8, Diff:   0.1]
      [Update RS (ms):  0.0  0.0
       Avg:   0.0, Min:   0.0, Max:   0.0, Diff:   0.0]
         [Processed Buffers : 0 4
          Sum: 4, Avg: 2, Min: 0, Max: 4, Diff: 4]
      [Scan RS (ms):  0.0  0.0
       Avg:   0.0, Min:   0.0, Max:   0.0, Diff:   0.0]
      [Object Copy (ms):  0.1  0.2
       Avg:   0.2, Min:   0.1, Max:   0.2, Diff:   0.1]
      [Termination (ms):  0.0  0.0
       Avg:   0.0, Min:   0.0, Max:   0.0, Diff:   0.0]
         [Termination Attempts : 1 1
          Sum: 2, Avg: 1, Min: 1, Max: 1, Diff: 0]
      [GC Worker End (ms):  11164.6  11164.6
       Avg: 11164.6, Min: 11164.6, Max: 11164.6, Diff:   0.0]
      [GC Worker (ms):  1.0  1.0
       Avg:   1.0, Min:   1.0, Max:   1.0, Diff:   0.0]
      [GC Worker Other (ms):  0.1  0.1
       Avg:   0.1, Min:   0.1, Max:   0.1, Diff:   0.0]
   [Clear CT:   0.0 ms]
   [Other:   0.2 ms]
      [Choose CSet:   0.0 ms]
      [Ref Proc:   0.0 ms]
      [Ref Enq:   0.0 ms]
      [Free CSet:   0.0 ms]
   [Eden: 1024K(213M)->0B(218M) Survivors: 1024K->1024K Heap: 233M(512M)->233M(512M)]
 [Times: user=0.01 sys=0.00, real=0.00 secs] 
Heap after GC invocations=412 (full 217):
 garbage-first heap   total 524288K, used 239007K [0x00000007dae00000, 0x00000007fae00000, 0x00000007fae00000)
  region size 1024K, 1 young (1024K), 1 survivors (1024K)
 compacting perm gen  total 20480K, used 2870K [0x00000007fae00000, 0x00000007fc200000, 0x0000000800000000)
   the space 20480K,  14% used [0x00000007fae00000, 0x00000007fb0cda98, 0x00000007fb0cdc00, 0x00000007fc200000)
No shared spaces configured.
}
11.165: [GC concurrent-root-region-scan-start]
11.175: [GC concurrent-root-region-scan-end, 0.0102230]
11.175: [GC concurrent-mark-start]
11.196: [GC concurrent-mark-end, 0.0210300 sec]
11.218: [GC remark 11.218: [GC ref-proc, 0.0000160 secs], 0.0022460 secs]
 [Times: user=0.00 sys=0.00, real=0.00 secs] 
11.220: [GC cleanup 336M->274M(512M), 0.0005060 secs]
 [Times: user=0.00 sys=0.00, real=0.00 secs] 
11.221: [GC concurrent-cleanup-start]
11.221: [GC concurrent-cleanup-end, 0.0001540]
{Heap before GC invocations=413 (full 217):
 garbage-first heap   total 524288K, used 319652K [0x00000007dae00000, 0x00000007fae00000, 0x00000007fae00000)
  region size 1024K, 2 young (2048K), 1 survivors (1024K)
 compacting perm gen  total 20480K, used 2870K [0x00000007fae00000, 0x00000007fc200000, 0x0000000800000000)
   the space 20480K,  14% used [0x00000007fae00000, 0x00000007fb0cda98, 0x00000007fb0cdc00, 0x00000007fc200000)
No shared spaces configured.
11.245: [GC pause (young)
Desired survivor size 14680064 bytes, new threshold 15 (max 15)
- age   1:        152 bytes,        152 total
- age   3:        112 bytes,        264 total
- age   9:        120 bytes,        384 total
 (initial-mark), 0.00120800 secs]
   [Parallel Time:   1.0 ms]
      [GC Worker Start (ms):  11245.0  11245.0
       Avg: 11245.0, Min: 11245.0, Max: 11245.0, Diff:   0.0]
      [Ext Root Scanning (ms):  0.7  0.8
       Avg:   0.8, Min:   0.7, Max:   0.8, Diff:   0.1]
      [Update RS (ms):  0.0  0.0
       Avg:   0.0, Min:   0.0, Max:   0.0, Diff:   0.0]
         [Processed Buffers : 3 2
          Sum: 5, Avg: 2, Min: 2, Max: 3, Diff: 1]
      [Scan RS (ms):  0.0  0.0
       Avg:   0.0, Min:   0.0, Max:   0.0, Diff:   0.0]
      [Object Copy (ms):  0.2  0.1
       Avg:   0.2, Min:   0.1, Max:   0.2, Diff:   0.1]
      [Termination (ms):  0.0  0.0
       Avg:   0.0, Min:   0.0, Max:   0.0, Diff:   0.0]
         [Termination Attempts : 1 1
          Sum: 2, Avg: 1, Min: 1, Max: 1, Diff: 0]
      [GC Worker End (ms):  11246.0  11246.0
       Avg: 11246.0, Min: 11246.0, Max: 11246.0, Diff:   0.0]
      [GC Worker (ms):  1.0  1.0
       Avg:   1.0, Min:   1.0, Max:   1.0, Diff:   0.0]
      [GC Worker Other (ms):  0.1  0.1
       Avg:   0.1, Min:   0.1, Max:   0.1, Diff:   0.0]
   [Clear CT:   0.0 ms]
   [Other:   0.2 ms]
      [Choose CSet:   0.0 ms]
      [Ref Proc:   0.0 ms]
      [Ref Enq:   0.0 ms]
      [Free CSet:   0.0 ms]
   [Eden: 1024K(218M)->0B(136M) Survivors: 1024K->1024K Heap: 312M(512M)->312M(512M)]
 [Times: user=0.00 sys=0.00, real=0.01 secs] 
Heap after GC invocations=414 (full 218):
 garbage-first heap   total 524288K, used 319652K [0x00000007dae00000, 0x00000007fae00000, 0x00000007fae00000)
  region size 1024K, 1 young (1024K), 1 survivors (1024K)
 compacting perm gen  total 20480K, used 2870K [0x00000007fae00000, 0x00000007fc200000, 0x0000000800000000)
   the space 20480K,  14% used [0x00000007fae00000, 0x00000007fb0cda98, 0x00000007fb0cdc00, 0x00000007fc200000)
No shared spaces configured.
}
11.246: [GC concurrent-root-region-scan-start]
11.246: [GC concurrent-root-region-scan-end, 0.0000910]
11.246: [GC concurrent-mark-start]
11.249: [GC concurrent-mark-end, 0.0025020 sec]
11.261: [GC remark 11.261: [GC ref-proc, 0.0000160 secs], 0.0029340 secs]
 [Times: user=0.00 sys=0.00, real=0.00 secs] 
11.264: [GC cleanup 342M->266M(512M), 0.0004980 secs]
 [Times: user=0.00 sys=0.00, real=0.00 secs] 
11.265: [GC concurrent-cleanup-start]
11.265: [GC concurrent-cleanup-end, 0.0001710]
{Heap before GC invocations=415 (full 218):
 garbage-first heap   total 524288K, used 289369K [0x00000007dae00000, 0x00000007fae00000, 0x00000007fae00000)
  region size 1024K, 2 young (2048K), 1 survivors (1024K)
 compacting perm gen  total 20480K, used 2870K [0x00000007fae00000, 0x00000007fc200000, 0x0000000800000000)
   the space 20480K,  14% used [0x00000007fae00000, 0x00000007fb0cda98, 0x00000007fb0cdc00, 0x00000007fc200000)
No shared spaces configured.
11.278: [GC pause (young)
Desired survivor size 9437184 bytes, new threshold 15 (max 15)
- age   1:        408 bytes,        408 total
- age  10:        120 bytes,        528 total
 (initial-mark), 0.00136500 secs]
   [Parallel Time:   1.1 ms]
      [GC Worker Start (ms):  11277.7  11277.7
       Avg: 11277.7, Min: 11277.7, Max: 11277.7, Diff:   0.0]
      [Ext Root Scanning (ms):  0.9  0.9
       Avg:   0.9, Min:   0.9, Max:   0.9, Diff:   0.0]
      [Update RS (ms):  0.0  0.0
       Avg:   0.0, Min:   0.0, Max:   0.0, Diff:   0.0]
         [Processed Buffers : 2 2
          Sum: 4, Avg: 2, Min: 2, Max: 2, Diff: 0]
      [Scan RS (ms):  0.0  0.0
       Avg:   0.0, Min:   0.0, Max:   0.0, Diff:   0.0]
      [Object Copy (ms):  0.2  0.1
       Avg:   0.2, Min:   0.1, Max:   0.2, Diff:   0.1]
      [Termination (ms):  0.0  0.0
       Avg:   0.0, Min:   0.0, Max:   0.0, Diff:   0.0]
         [Termination Attempts : 1 1
          Sum: 2, Avg: 1, Min: 1, Max: 1, Diff: 0]
      [GC Worker End (ms):  11278.8  11278.8
       Avg: 11278.8, Min: 11278.8, Max: 11278.8, Diff:   0.0]
      [GC Worker (ms):  1.1  1.1
       Avg:   1.1, Min:   1.1, Max:   1.1, Diff:   0.0]
      [GC Worker Other (ms):  0.1  0.1
       Avg:   0.1, Min:   0.1, Max:   0.1, Diff:   0.0]
   [Clear CT:   0.0 ms]
   [Other:   0.2 ms]
      [Choose CSet:   0.0 ms]
      [Ref Proc:   0.0 ms]
      [Ref Enq:   0.0 ms]
      [Free CSet:   0.0 ms]
   [Eden: 1024K(136M)->0B(167M) Survivors: 1024K->1024K Heap: 282M(512M)->282M(512M)]
 [Times: user=0.01 sys=0.00, real=0.00 secs] 
Heap after GC invocations=416 (full 219):
 garbage-first heap   total 524288K, used 289369K [0x00000007dae00000, 0x00000007fae00000, 0x00000007fae00000)
  region size 1024K, 1 young (1024K), 1 survivors (1024K)
 compacting perm gen  total 20480K, used 2870K [0x00000007fae00000, 0x00000007fc200000, 0x0000000800000000)
   the space 20480K,  14% used [0x00000007fae00000, 0x00000007fb0cda98, 0x00000007fb0cdc00, 0x00000007fc200000)
No shared spaces configured.
}
11.279: [GC concurrent-root-region-scan-start]
11.289: [GC concurrent-root-region-scan-end, 0.0101290]
11.289: [GC concurrent-mark-start]
11.300: [GC concurrent-mark-end, 0.0110880 sec]
11.327: [GC remark 11.327: [GC ref-proc, 0.0000160 secs], 0.0028190 secs]
 [Times: user=0.01 sys=0.00, real=0.00 secs] 
11.330: [GC cleanup 377M->321M(512M), 0.0004410 secs]
 [Times: user=0.00 sys=0.00, real=0.00 secs] 
11.331: [GC concurrent-cleanup-start]
11.331: [GC concurrent-cleanup-end, 0.0001500]
{Heap before GC invocations=417 (full 219):
 garbage-first heap   total 524288K, used 369655K [0x00000007dae00000, 0x00000007fae00000, 0x00000007fae00000)
  region size 1024K, 2 young (2048K), 1 survivors (1024K)
 compacting perm gen  total 20480K, used 2870K [0x00000007fae00000, 0x00000007fc200000, 0x0000000800000000)
   the space 20480K,  14% used [0x00000007fae00000, 0x00000007fb0cda98, 0x00000007fb0cdc00, 0x00000007fc200000)
No shared spaces configured.
11.356: [GC pause (young)
Desired survivor size 11010048 bytes, new threshold 15 (max 15)
- age   1:        224 bytes,        224 total
- age   2:        240 bytes,        464 total
- age  11:        120 bytes,        584 total
 (initial-mark), 0.00134200 secs]
   [Parallel Time:   1.2 ms]
      [GC Worker Start (ms):  11356.0  11356.1
       Avg: 11356.0, Min: 11356.0, Max: 11356.1, Diff:   0.0]
      [Ext Root Scanning (ms):  0.8  0.9
       Avg:   0.8, Min:   0.8, Max:   0.9, Diff:   0.1]
      [Update RS (ms):  0.0  0.0
       Avg:   0.0, Min:   0.0, Max:   0.0, Diff:   0.0]
         [Processed Buffers : 3 0
          Sum: 3, Avg: 1, Min: 0, Max: 3, Diff: 3]
      [Scan RS (ms):  0.0  0.0
       Avg:   0.0, Min:   0.0, Max:   0.0, Diff:   0.0]
      [Object Copy (ms):  0.2  0.2
       Avg:   0.2, Min:   0.2, Max:   0.2, Diff:   0.0]
      [Termination (ms):  0.1  0.0
       Avg:   0.0, Min:   0.0, Max:   0.1, Diff:   0.1]
         [Termination Attempts : 1 1
          Sum: 2, Avg: 1, Min: 1, Max: 1, Diff: 0]
      [GC Worker End (ms):  11357.2  11357.1
       Avg: 11357.2, Min: 11357.1, Max: 11357.2, Diff:   0.0]
      [GC Worker (ms):  1.1  1.1
       Avg:   1.1, Min:   1.1, Max:   1.1, Diff:   0.0]
      [GC Worker Other (ms):  0.1  0.1
       Avg:   0.1, Min:   0.1, Max:   0.1, Diff:   0.0]
   [Clear CT:   0.0 ms]
   [Other:   0.2 ms]
      [Choose CSet:   0.0 ms]
      [Ref Proc:   0.0 ms]
      [Ref Enq:   0.0 ms]
      [Free CSet:   0.0 ms]
   [Eden: 1024K(167M)->0B(101M) Survivors: 1024K->1024K Heap: 361M(512M)->360M(512M)]
 [Times: user=0.00 sys=0.00, real=0.00 secs] 
Heap after GC invocations=418 (full 220):
 garbage-first heap   total 524288K, used 369655K [0x00000007dae00000, 0x00000007fae00000, 0x00000007fae00000)
  region size 1024K, 1 young (1024K), 1 survivors (1024K)
 compacting perm gen  total 20480K, used 2870K [0x00000007fae00000, 0x00000007fc200000, 0x0000000800000000)
   the space 20480K,  14% used [0x00000007fae00000, 0x00000007fb0cda98, 0x00000007fb0cdc00, 0x00000007fc200000)
No shared spaces configured.
}
11.357: [GC concurrent-root-region-scan-start]
11.357: [GC concurrent-root-region-scan-end, 0.0000690]
11.357: [GC concurrent-mark-start]
11.360: [GC concurrent-mark-end, 0.0022400 sec]
11.362: [GC remark 11.363: [GC ref-proc, 0.0000150 secs], 0.0029220 secs]
 [Times: user=0.00 sys=0.00, real=0.00 secs] 
11.366: [GC cleanup 371M->273M(512M), 0.0005030 secs]
 [Times: user=0.00 sys=0.00, real=0.01 secs] 
11.366: [GC concurrent-cleanup-start]
11.366: [GC concurrent-cleanup-end, 0.0002230]
{Heap before GC invocations=419 (full 220):
 garbage-first heap   total 524288K, used 394736K [0x00000007dae00000, 0x00000007fae00000, 0x00000007fae00000)
  region size 1024K, 2 young (2048K), 1 survivors (1024K)
 compacting perm gen  total 20480K, used 2870K [0x00000007fae00000, 0x00000007fc200000, 0x0000000800000000)
   the space 20480K,  14% used [0x00000007fae00000, 0x00000007fb0cda98, 0x00000007fb0cdc00, 0x00000007fc200000)
No shared spaces configured.
11.429: [GC pause (young)
Desired survivor size 6815744 bytes, new threshold 15 (max 15)
- age   1:        208 bytes,        208 total
- age   2:         72 bytes,        280 total
- age   3:        120 bytes,        400 total
- age  12:        120 bytes,        520 total
 (initial-mark), 0.00122600 secs]
   [Parallel Time:   1.1 ms]
      [GC Worker Start (ms):  11429.0  11429.0
       Avg: 11429.0, Min: 11429.0, Max: 11429.0, Diff:   0.0]
      [Ext Root Scanning (ms):  0.8  0.8
       Avg:   0.8, Min:   0.8, Max:   0.8, Diff:   0.1]
      [Update RS (ms):  0.0  0.0
       Avg:   0.0, Min:   0.0, Max:   0.0, Diff:   0.0]
         [Processed Buffers : 2 0
          Sum: 2, Avg: 1, Min: 0, Max: 2, Diff: 2]
      [Scan RS (ms):  0.0  0.0
       Avg:   0.0, Min:   0.0, Max:   0.0, Diff:   0.0]
      [Object Copy (ms):  0.2  0.2
       Avg:   0.2, Min:   0.2, Max:   0.2, Diff:   0.0]
      [Termination (ms):  0.0  0.0
       Avg:   0.0, Min:   0.0, Max:   0.0, Diff:   0.0]
         [Termination Attempts : 1 1
          Sum: 2, Avg: 1, Min: 1, Max: 1, Diff: 0]
      [GC Worker End (ms):  11430.0  11430.0
       Avg: 11430.0, Min: 11430.0, Max: 11430.0, Diff:   0.0]
      [GC Worker (ms):  1.0  1.0
       Avg:   1.0, Min:   1.0, Max:   1.0, Diff:   0.0]
      [GC Worker Other (ms):  0.1  0.1
       Avg:   0.1, Min:   0.1, Max:   0.1, Diff:   0.0]
   [Clear CT:   0.0 ms]
   [Other:   0.2 ms]
      [Choose CSet:   0.0 ms]
      [Ref Proc:   0.0 ms]
      [Ref Enq:   0.0 ms]
      [Free CSet:   0.0 ms]
   [Eden: 1024K(101M)->0B(101M) Survivors: 1024K->1024K Heap: 385M(512M)->385M(512M)]
 [Times: user=0.00 sys=0.00, real=0.00 secs] 
Heap after GC invocations=420 (full 221):
 garbage-first heap   total 524288K, used 394736K [0x00000007dae00000, 0x00000007fae00000, 0x00000007fae00000)
  region size 1024K, 1 young (1024K), 1 survivors (1024K)
 compacting perm gen  total 20480K, used 2870K [0x00000007fae00000, 0x00000007fc200000, 0x0000000800000000)
   the space 20480K,  14% used [0x00000007fae00000, 0x00000007fb0cda98, 0x00000007fb0cdc00, 0x00000007fc200000)
No shared spaces configured.
}
11.430: [GC concurrent-root-region-scan-start]
11.430: [GC concurrent-root-region-scan-end, 0.0001670]
11.430: {Heap before GC invocations=420 (full 221):
[GC concurrent-mark-start]
 garbage-first heap   total 524288K, used 394736K [0x00000007dae00000, 0x00000007fae00000, 0x00000007fae00000)
  region size 1024K, 1 young (1024K), 1 survivors (1024K)
 compacting perm gen  total 20480K, used 2870K [0x00000007fae00000, 0x00000007fc200000, 0x0000000800000000)
   the space 20480K,  14% used [0x00000007fae00000, 0x00000007fb0cda98, 0x00000007fb0cdc00, 0x00000007fc200000)
No shared spaces configured.
11.430: [GC pause (young)
Desired survivor size 6815744 bytes, new threshold 15 (max 15)
- age   1:        376 bytes,        376 total
- age   2:         80 bytes,        456 total
- age  13:        120 bytes,        576 total
, 0.00053600 secs]
   [Parallel Time:   0.5 ms]
      [GC Worker Start (ms):  11430.4  11430.4
       Avg: 11430.4, Min: 11430.4, Max: 11430.4, Diff:   0.0]
      [Ext Root Scanning (ms):  0.4  0.4
       Avg:   0.4, Min:   0.4, Max:   0.4, Diff:   0.0]
      [SATB Filtering (ms):  0.0  0.0
       Avg:   0.0, Min:   0.0, Max:   0.0, Diff:   0.0]
      [Update RS (ms):  0.0  0.0
       Avg:   0.0, Min:   0.0, Max:   0.0, Diff:   0.0]
         [Processed Buffers : 0 2
          Sum: 2, Avg: 1, Min: 0, Max: 2, Diff: 2]
      [Scan RS (ms):  0.0  0.0
       Avg:   0.0, Min:   0.0, Max:   0.0, Diff:   0.0]
      [Object Copy (ms):  0.0  0.0
       Avg:   0.0, Min:   0.0, Max:   0.0, Diff:   0.0]
      [Termination (ms):  0.0  0.0
       Avg:   0.0, Min:   0.0, Max:   0.0, Diff:   0.0]
         [Termination Attempts : 1 1
          Sum: 2, Avg: 1, Min: 1, Max: 1, Diff: 0]
      [GC Worker End (ms):  11430.9  11430.9
       Avg: 11430.9, Min: 11430.9, Max: 11430.9, Diff:   0.0]
      [GC Worker (ms):  0.4  0.4
       Avg:   0.4, Min:   0.4, Max:   0.4, Diff:   0.0]
      [GC Worker Other (ms):  0.0  0.0
       Avg:   0.0, Min:   0.0, Max:   0.0, Diff:   0.0]
   [Complete CSet Marking:   0.0 ms]
   [Clear CT:   0.0 ms]
   [Other:   0.0 ms]
      [Choose CSet:   0.0 ms]
      [Ref Proc:   0.0 ms]
      [Ref Enq:   0.0 ms]
      [Free CSet:   0.0 ms]
   [Eden: 0B(101M)->0B(101M) Survivors: 1024K->1024K Heap: 385M(512M)->385M(512M)]
 [Times: user=0.01 sys=0.01, real=0.00 secs] 
Heap after GC invocations=421 (full 221):
 garbage-first heap   total 524288K, used 394736K [0x00000007dae00000, 0x00000007fae00000, 0x00000007fae00000)
  region size 1024K, 1 young (1024K), 1 survivors (1024K)
 compacting perm gen  total 20480K, used 2870K [0x00000007fae00000, 0x00000007fc200000, 0x0000000800000000)
   the space 20480K,  14% used [0x00000007fae00000, 0x00000007fb0cda98, 0x00000007fb0cdc00, 0x00000007fc200000)
No shared spaces configured.
}
{Heap before GC invocations=421 (full 221):
 garbage-first heap   total 524288K, used 394736K [0x00000007dae00000, 0x00000007fae00000, 0x00000007fae00000)
  region size 1024K, 1 young (1024K), 1 survivors (1024K)
 compacting perm gen  total 20480K, used 2870K [0x00000007fae00000, 0x00000007fc200000, 0x0000000800000000)
   the space 20480K,  14% used [0x00000007fae00000, 0x00000007fb0cda98, 0x00000007fb0cdc00, 0x00000007fc200000)
No shared spaces configured.
11.431: [Full GC 385M->247M(512M), 0.0114500 secs]
 [Times: user=0.01 sys=0.00, real=0.01 secs] 
Heap after GC invocations=422 (full 222):
 garbage-first heap   total 524288K, used 253490K [0x00000007dae00000, 0x00000007fae00000, 0x00000007fae00000)
  region size 1024K, 0 young (0K), 0 survivors (0K)
 compacting perm gen  total 20480K, used 2870K [0x00000007fae00000, 0x00000007fc200000, 0x0000000800000000)
   the space 20480K,  14% used [0x00000007fae00000, 0x00000007fb0cda98, 0x00000007fb0cdc00, 0x00000007fc200000)
No shared spaces configured.
}
11.443: [GC concurrent-mark-abort]
{Heap before GC invocations=422 (full 222):
 garbage-first heap   total 524288K, used 292050K [0x00000007dae00000, 0x00000007fae00000, 0x00000007fae00000)
  region size 1024K, 1 young (1024K), 0 survivors (0K)
 compacting perm gen  total 20480K, used 2870K [0x00000007fae00000, 0x00000007fc200000, 0x0000000800000000)
   the space 20480K,  14% used [0x00000007fae00000, 0x00000007fb0cda98, 0x00000007fb0cdc00, 0x00000007fc200000)
No shared spaces configured.
11.467: [GC pause (young)
Desired survivor size 13631488 bytes, new threshold 15 (max 15)
- age   2:        376 bytes,        376 total
- age   3:         80 bytes,        456 total
- age  14:        120 bytes,        576 total
 (initial-mark), 0.00222100 secs]
   [Parallel Time:   1.9 ms]
      [GC Worker Start (ms):  11467.3  11467.4
       Avg: 11467.4, Min: 11467.3, Max: 11467.4, Diff:   0.0]
      [Ext Root Scanning (ms):  1.7  1.6
       Avg:   1.6, Min:   1.6, Max:   1.7, Diff:   0.0]
      [Update RS (ms):  0.0  0.0
       Avg:   0.0, Min:   0.0, Max:   0.0, Diff:   0.0]
         [Processed Buffers : 2 2
          Sum: 4, Avg: 2, Min: 2, Max: 2, Diff: 0]
      [Scan RS (ms):  0.0  0.0
       Avg:   0.0, Min:   0.0, Max:   0.0, Diff:   0.0]
      [Object Copy (ms):  0.2  0.2
       Avg:   0.2, Min:   0.2, Max:   0.2, Diff:   0.0]
      [Termination (ms):  0.0  0.0
       Avg:   0.0, Min:   0.0, Max:   0.0, Diff:   0.0]
         [Termination Attempts : 1 1
          Sum: 2, Avg: 1, Min: 1, Max: 1, Diff: 0]
      [GC Worker End (ms):  11469.2  11469.2
       Avg: 11469.2, Min: 11469.2, Max: 11469.2, Diff:   0.0]
      [GC Worker (ms):  1.9  1.9
       Avg:   1.9, Min:   1.9, Max:   1.9, Diff:   0.0]
      [GC Worker Other (ms):  0.1  0.1
       Avg:   0.1, Min:   0.1, Max:   0.1, Diff:   0.0]
   [Clear CT:   0.0 ms]
   [Other:   0.3 ms]
      [Choose CSet:   0.0 ms]
      [Ref Proc:   0.1 ms]
      [Ref Enq:   0.0 ms]
      [Free CSet:   0.0 ms]
   [Eden: 1024K(101M)->0B(162M) Survivors: 0B->1024K Heap: 285M(512M)->285M(512M)]
 [Times: user=0.00 sys=0.00, real=0.00 secs] 
Heap after GC invocations=423 (full 223):
 garbage-first heap   total 524288K, used 292082K [0x00000007dae00000, 0x00000007fae00000, 0x00000007fae00000)
  region size 1024K, 1 young (1024K), 1 survivors (1024K)
 compacting perm gen  total 20480K, used 2870K [0x00000007fae00000, 0x00000007fc200000, 0x0000000800000000)
   the space 20480K,  14% used [0x00000007fae00000, 0x00000007fb0cda98, 0x00000007fb0cdc00, 0x00000007fc200000)
No shared spaces configured.
}
11.470: [GC concurrent-root-region-scan-start]
11.470: [GC concurrent-root-region-scan-end, 0.0000500]
11.470: [GC concurrent-mark-start]
11.472: [GC concurrent-mark-end, 0.0027250 sec]
11.488: [GC remark 11.488: [GC ref-proc, 0.0000160 secs], 0.0022120 secs]
 [Times: user=0.01 sys=0.00, real=0.00 secs] 
11.490: [GC cleanup 322M->206M(512M), 0.0005670 secs]
 [Times: user=0.00 sys=0.00, real=0.00 secs] 
11.491: [GC concurrent-cleanup-start]
11.491: [GC concurrent-cleanup-end, 0.0002600]
{Heap before GC invocations=424 (full 223):
 garbage-first heap   total 524288K, used 228315K [0x00000007dae00000, 0x00000007fae00000, 0x00000007fae00000)
  region size 1024K, 2 young (2048K), 1 survivors (1024K)
 compacting perm gen  total 20480K, used 2870K [0x00000007fae00000, 0x00000007fc200000, 0x0000000800000000)
   the space 20480K,  14% used [0x00000007fae00000, 0x00000007fb0cda98, 0x00000007fb0cdc00, 0x00000007fc200000)
No shared spaces configured.
11.505: [GC pause (young)
Desired survivor size 11010048 bytes, new threshold 15 (max 15)
- age   1:        256 bytes,        256 total
 (initial-mark), 0.00129900 secs]
   [Parallel Time:   1.1 ms]
      [GC Worker Start (ms):  11505.2  11505.2
       Avg: 11505.2, Min: 11505.2, Max: 11505.2, Diff:   0.0]
      [Ext Root Scanning (ms):  0.8  0.9
       Avg:   0.9, Min:   0.8, Max:   0.9, Diff:   0.0]
      [Update RS (ms):  0.0  0.0
       Avg:   0.0, Min:   0.0, Max:   0.0, Diff:   0.0]
         [Processed Buffers : 3 0
          Sum: 3, Avg: 1, Min: 0, Max: 3, Diff: 3]
      [Scan RS (ms):  0.0  0.0
       Avg:   0.0, Min:   0.0, Max:   0.0, Diff:   0.0]
      [Object Copy (ms):  0.2  0.2
       Avg:   0.2, Min:   0.2, Max:   0.2, Diff:   0.0]
      [Termination (ms):  0.0  0.0
       Avg:   0.0, Min:   0.0, Max:   0.0, Diff:   0.0]
         [Termination Attempts : 1 1
          Sum: 2, Avg: 1, Min: 1, Max: 1, Diff: 0]
      [GC Worker End (ms):  11506.2  11506.2
       Avg: 11506.2, Min: 11506.2, Max: 11506.2, Diff:   0.0]
      [GC Worker (ms):  1.1  1.1
       Avg:   1.1, Min:   1.1, Max:   1.1, Diff:   0.0]
      [GC Worker Other (ms):  0.1  0.1
       Avg:   0.1, Min:   0.1, Max:   0.1, Diff:   0.0]
   [Clear CT:   0.0 ms]
   [Other:   0.2 ms]
      [Choose CSet:   0.0 ms]
      [Ref Proc:   0.0 ms]
      [Ref Enq:   0.0 ms]
      [Free CSet:   0.0 ms]
   [Eden: 1024K(162M)->0B(227M) Survivors: 1024K->1024K Heap: 223M(512M)->222M(512M)]
 [Times: user=0.00 sys=0.00, real=0.01 secs] 
Heap after GC invocations=425 (full 224):
 garbage-first heap   total 524288K, used 228347K [0x00000007dae00000, 0x00000007fae00000, 0x00000007fae00000)
  region size 1024K, 1 young (1024K), 1 survivors (1024K)
 compacting perm gen  total 20480K, used 2870K [0x00000007fae00000, 0x00000007fc200000, 0x0000000800000000)
   the space 20480K,  14% used [0x00000007fae00000, 0x00000007fb0cda98, 0x00000007fb0cdc00, 0x00000007fc200000)
No shared spaces configured.
}
11.506: [GC concurrent-root-region-scan-start]
11.506: [GC concurrent-root-region-scan-end, 0.0000520]
11.506: [GC concurrent-mark-start]
11.509: [GC concurrent-mark-end, 0.0029600 sec]
11.521: [GC remark 11.521: [GC ref-proc, 0.0000170 secs], 0.0022450 secs]
 [Times: user=0.01 sys=0.00, real=0.00 secs] 
11.576: [GC cleanup 350M->293M(512M), 0.0006480 secs]
 [Times: user=0.00 sys=0.00, real=0.01 secs] 
11.576: [GC concurrent-cleanup-start]
11.576: [GC concurrent-cleanup-end, 0.0001660]
{Heap before GC invocations=426 (full 224):
 garbage-first heap   total 524288K, used 324841K [0x00000007dae00000, 0x00000007fae00000, 0x00000007fae00000)
  region size 1024K, 2 young (2048K), 1 survivors (1024K)
 compacting perm gen  total 20480K, used 2870K [0x00000007fae00000, 0x00000007fc200000, 0x0000000800000000)
   the space 20480K,  14% used [0x00000007fae00000, 0x00000007fb0cda98, 0x00000007fb0cdc00, 0x00000007fc200000)
No shared spaces configured.
11.594: [GC pause (young)
Desired survivor size 15204352 bytes, new threshold 15 (max 15)
- age   1:        144 bytes,        144 total
- age   2:        216 bytes,        360 total
 (initial-mark), 0.00125500 secs]
   [Parallel Time:   1.1 ms]
      [GC Worker Start (ms):  11594.0  11594.0
       Avg: 11594.0, Min: 11594.0, Max: 11594.0, Diff:   0.0]
      [Ext Root Scanning (ms):  0.8  0.8
       Avg:   0.8, Min:   0.8, Max:   0.8, Diff:   0.1]
      [Update RS (ms):  0.0  0.0
       Avg:   0.0, Min:   0.0, Max:   0.0, Diff:   0.0]
         [Processed Buffers : 3 0
          Sum: 3, Avg: 1, Min: 0, Max: 3, Diff: 3]
      [Scan RS (ms):  0.0  0.0
       Avg:   0.0, Min:   0.0, Max:   0.0, Diff:   0.0]
      [Object Copy (ms):  0.2  0.2
       Avg:   0.2, Min:   0.2, Max:   0.2, Diff:   0.0]
      [Termination (ms):  0.0  0.0
       Avg:   0.0, Min:   0.0, Max:   0.0, Diff:   0.0]
         [Termination Attempts : 1 1
          Sum: 2, Avg: 1, Min: 1, Max: 1, Diff: 0]
      [GC Worker End (ms):  11595.0  11595.0
       Avg: 11595.0, Min: 11595.0, Max: 11595.0, Diff:   0.0]
      [GC Worker (ms):  1.0  1.0
       Avg:   1.0, Min:   1.0, Max:   1.0, Diff:   0.0]
      [GC Worker Other (ms):  0.1  0.1
       Avg:   0.1, Min:   0.1, Max:   0.1, Diff:   0.0]
   [Clear CT:   0.0 ms]
   [Other:   0.2 ms]
      [Choose CSet:   0.0 ms]
      [Ref Proc:   0.0 ms]
      [Ref Enq:   0.0 ms]
      [Free CSet:   0.0 ms]
   [Eden: 1024K(227M)->0B(130M) Survivors: 1024K->1024K Heap: 317M(512M)->317M(512M)]
 [Times: user=0.00 sys=0.00, real=0.00 secs] 
Heap after GC invocations=427 (full 225):
 garbage-first heap   total 524288K, used 324841K [0x00000007dae00000, 0x00000007fae00000, 0x00000007fae00000)
  region size 1024K, 1 young (1024K), 1 survivors (1024K)
 compacting perm gen  total 20480K, used 2870K [0x00000007fae00000, 0x00000007fc200000, 0x0000000800000000)
   the space 20480K,  14% used [0x00000007fae00000, 0x00000007fb0cda98, 0x00000007fb0cdc00, 0x00000007fc200000)
No shared spaces configured.
}
11.595: [GC concurrent-root-region-scan-start]
11.595: [GC concurrent-root-region-scan-end, 0.0001680]
11.595: [GC concurrent-mark-start]
11.604: [GC concurrent-mark-end, 0.0090570 sec]
11.613: [GC remark 11.613: [GC ref-proc, 0.0000170 secs], 0.0031510 secs]
 [Times: user=0.00 sys=0.00, real=0.01 secs] 
{Heap before GC invocations=427 (full 225):
 garbage-first heap   total 524288K, used 403383K [0x00000007dae00000, 0x00000007fae00000, 0x00000007fae00000)
  region size 1024K, 2 young (2048K), 1 survivors (1024K)
 compacting perm gen  total 20480K, used 2870K [0x00000007fae00000, 0x00000007fc200000, 0x0000000800000000)
   the space 20480K,  14% used [0x00000007fae00000, 0x00000007fb0cda98, 0x00000007fb0cdc00, 0x00000007fc200000)
No shared spaces configured.
11.640: [GC pause (young)
Desired survivor size 8912896 bytes, new threshold 15 (max 15)
- age   1:        384 bytes,        384 total
- age   2:         40 bytes,        424 total
- age   3:        200 bytes,        624 total
, 0.00100000 secs]
   [Parallel Time:   0.9 ms]
      [GC Worker Start (ms):  11639.9  11639.9
       Avg: 11639.9, Min: 11639.9, Max: 11639.9, Diff:   0.0]
      [Ext Root Scanning (ms):  0.7  0.8
       Avg:   0.8, Min:   0.7, Max:   0.8, Diff:   0.1]
      [SATB Filtering (ms):  0.0  0.0
       Avg:   0.0, Min:   0.0, Max:   0.0, Diff:   0.0]
      [Update RS (ms):  0.0  0.0
       Avg:   0.0, Min:   0.0, Max:   0.0, Diff:   0.0]
         [Processed Buffers : 3 0
          Sum: 3, Avg: 1, Min: 0, Max: 3, Diff: 3]
      [Scan RS (ms):  0.0  0.0
       Avg:   0.0, Min:   0.0, Max:   0.0, Diff:   0.0]
      [Object Copy (ms):  0.1  0.0
       Avg:   0.0, Min:   0.0, Max:   0.1, Diff:   0.0]
      [Termination (ms):  0.0  0.0
       Avg:   0.0, Min:   0.0, Max:   0.0, Diff:   0.0]
         [Termination Attempts : 1 1
          Sum: 2, Avg: 1, Min: 1, Max: 1, Diff: 0]
      [GC Worker End (ms):  11640.7  11640.7
       Avg: 11640.7, Min: 11640.7, Max: 11640.7, Diff:   0.0]
      [GC Worker (ms):  0.9  0.8
       Avg:   0.9, Min:   0.8, Max:   0.9, Diff:   0.0]
      [GC Worker Other (ms):  0.1  0.1
       Avg:   0.1, Min:   0.1, Max:   0.1, Diff:   0.0]
   [Complete CSet Marking:   0.0 ms]
   [Clear CT:   0.0 ms]
   [Other:   0.1 ms]
      [Choose CSet:   0.0 ms]
      [Ref Proc:   0.0 ms]
      [Ref Enq:   0.0 ms]
      [Free CSet:   0.0 ms]
   [Eden: 1024K(130M)->0B(101M) Survivors: 1024K->1024K Heap: 394M(512M)->393M(512M)]
 [Times: user=0.00 sys=0.00, real=0.00 secs] 
Heap after GC invocations=428 (full 225):
 garbage-first heap   total 524288K, used 403383K [0x00000007dae00000, 0x00000007fae00000, 0x00000007fae00000)
  region size 1024K, 1 young (1024K), 1 survivors (1024K)
 compacting perm gen  total 20480K, used 2870K [0x00000007fae00000, 0x00000007fc200000, 0x0000000800000000)
   the space 20480K,  14% used [0x00000007fae00000, 0x00000007fb0cda98, 0x00000007fb0cdc00, 0x00000007fc200000)
No shared spaces configured.
}
{Heap before GC invocations=428 (full 225):
 garbage-first heap   total 524288K, used 403383K [0x00000007dae00000, 0x00000007fae00000, 0x00000007fae00000)
  region size 1024K, 1 young (1024K), 1 survivors (1024K)
 compacting perm gen  total 20480K, used 2870K [0x00000007fae00000, 0x00000007fc200000, 0x0000000800000000)
   the space 20480K,  14% used [0x00000007fae00000, 0x00000007fb0cda98, 0x00000007fb0cdc00, 0x00000007fc200000)
No shared spaces configured.
11.641: [Full GC 393M->256M(512M), 0.0114740 secs]
 [Times: user=0.01 sys=0.00, real=0.01 secs] 
Heap after GC invocations=429 (full 226):
 garbage-first heap   total 524288K, used 262709K [0x00000007dae00000, 0x00000007fae00000, 0x00000007fae00000)
  region size 1024K, 0 young (0K), 0 survivors (0K)
 compacting perm gen  total 20480K, used 2870K [0x00000007fae00000, 0x00000007fc200000, 0x0000000800000000)
   the space 20480K,  14% used [0x00000007fae00000, 0x00000007fb0cda98, 0x00000007fb0cdc00, 0x00000007fc200000)
No shared spaces configured.
}
11.686: [GC cleanup, 0.0000020 secs]
 [Times: user=0.00 sys=0.00, real=0.00 secs] 
11.686: [GC concurrent-mark-abort]
{Heap before GC invocations=429 (full 226):
 garbage-first heap   total 524288K, used 384103K [0x00000007dae00000, 0x00000007fae00000, 0x00000007fae00000)
  region size 1024K, 1 young (1024K), 0 survivors (0K)
 compacting perm gen  total 20480K, used 2870K [0x00000007fae00000, 0x00000007fc200000, 0x0000000800000000)
   the space 20480K,  14% used [0x00000007fae00000, 0x00000007fb0cda98, 0x00000007fb0cdc00, 0x00000007fc200000)
No shared spaces configured.
11.719: [GC pause (young)
Desired survivor size 13107200 bytes, new threshold 15 (max 15)
- age   1:        224 bytes,        224 total
- age   2:        216 bytes,        440 total
- age   4:        200 bytes,        640 total
 (initial-mark), 0.00193000 secs]
   [Parallel Time:   1.8 ms]
      [GC Worker Start (ms):  11719.2  11719.2
       Avg: 11719.2, Min: 11719.2, Max: 11719.2, Diff:   0.0]
      [Ext Root Scanning (ms):  1.4  1.5
       Avg:   1.5, Min:   1.4, Max:   1.5, Diff:   0.0]
      [Update RS (ms):  0.0  0.0
       Avg:   0.0, Min:   0.0, Max:   0.0, Diff:   0.0]
         [Processed Buffers : 1 1
          Sum: 2, Avg: 1, Min: 1, Max: 1, Diff: 0]
      [Scan RS (ms):  0.0  0.0
       Avg:   0.0, Min:   0.0, Max:   0.0, Diff:   0.0]
      [Object Copy (ms):  0.2  0.2
       Avg:   0.2, Min:   0.2, Max:   0.2, Diff:   0.1]
      [Termination (ms):  0.0  0.0
       Avg:   0.0, Min:   0.0, Max:   0.0, Diff:   0.0]
         [Termination Attempts : 2 1
          Sum: 3, Avg: 1, Min: 1, Max: 2, Diff: 1]
      [GC Worker End (ms):  11720.9  11720.9
       Avg: 11720.9, Min: 11720.9, Max: 11720.9, Diff:   0.0]
      [GC Worker (ms):  1.7  1.7
       Avg:   1.7, Min:   1.7, Max:   1.7, Diff:   0.0]
      [GC Worker Other (ms):  0.1  0.1
       Avg:   0.1, Min:   0.1, Max:   0.1, Diff:   0.0]
   [Clear CT:   0.0 ms]
   [Other:   0.2 ms]
      [Choose CSet:   0.0 ms]
      [Ref Proc:   0.0 ms]
      [Ref Enq:   0.0 ms]
      [Free CSet:   0.0 ms]
   [Eden: 1024K(101M)->0B(101M) Survivors: 0B->1024K Heap: 375M(512M)->375M(512M)]
 [Times: user=0.00 sys=0.00, real=0.00 secs] 
Heap after GC invocations=430 (full 227):
 garbage-first heap   total 524288K, used 384167K [0x00000007dae00000, 0x00000007fae00000, 0x00000007fae00000)
  region size 1024K, 1 young (1024K), 1 survivors (1024K)
 compacting perm gen  total 20480K, used 2870K [0x00000007fae00000, 0x00000007fc200000, 0x0000000800000000)
   the space 20480K,  14% used [0x00000007fae00000, 0x00000007fb0cda98, 0x00000007fb0cdc00, 0x00000007fc200000)
No shared spaces configured.
}
11.721: [GC concurrent-root-region-scan-start]
11.721: [GC concurrent-root-region-scan-end, 0.0002690]
11.721: [GC concurrent-mark-start]
11.731: [GC concurrent-mark-end, 0.0091320 sec]
11.746: [GC remark 11.746: [GC ref-proc, 0.0000160 secs], 0.0033020 secs]
 [Times: user=0.01 sys=0.00, real=0.00 secs] 
11.750: [GC cleanup 424M->352M(512M), 0.0004300 secs]
 [Times: user=0.00 sys=0.00, real=0.00 secs] 
11.750: [GC concurrent-cleanup-start]
11.750: [GC concurrent-cleanup-end, 0.0001700]
{Heap before GC invocations=431 (full 227):
 garbage-first heap   total 524288K, used 379589K [0x00000007dae00000, 0x00000007fae00000, 0x00000007fae00000)
  region size 1024K, 2 young (2048K), 1 survivors (1024K)
 compacting perm gen  total 20480K, used 2870K [0x00000007fae00000, 0x00000007fc200000, 0x0000000800000000)
   the space 20480K,  14% used [0x00000007fae00000, 0x00000007fb0cda98, 0x00000007fb0cdc00, 0x00000007fc200000)
No shared spaces configured.
11.764: [GC pause (young)
Desired survivor size 6815744 bytes, new threshold 15 (max 15)
- age   1:        280 bytes,        280 total
, 0.00105100 secs]
   [Parallel Time:   0.9 ms]
      [GC Worker Start (ms):  11764.4  11764.4
       Avg: 11764.4, Min: 11764.4, Max: 11764.4, Diff:   0.0]
      [Ext Root Scanning (ms):  0.8  0.8
       Avg:   0.8, Min:   0.8, Max:   0.8, Diff:   0.1]
      [Update RS (ms):  0.0  0.0
       Avg:   0.0, Min:   0.0, Max:   0.0, Diff:   0.0]
         [Processed Buffers : 5 0
          Sum: 5, Avg: 2, Min: 0, Max: 5, Diff: 5]
      [Scan RS (ms):  0.0  0.0
       Avg:   0.0, Min:   0.0, Max:   0.0, Diff:   0.0]
      [Object Copy (ms):  0.1  0.0
       Avg:   0.0, Min:   0.0, Max:   0.1, Diff:   0.0]
      [Termination (ms):  0.0  0.0
       Avg:   0.0, Min:   0.0, Max:   0.0, Diff:   0.0]
         [Termination Attempts : 1 1
          Sum: 2, Avg: 1, Min: 1, Max: 1, Diff: 0]
      [GC Worker End (ms):  11765.3  11765.3
       Avg: 11765.3, Min: 11765.3, Max: 11765.3, Diff:   0.0]
      [GC Worker (ms):  0.9  0.9
       Avg:   0.9, Min:   0.9, Max:   0.9, Diff:   0.0]
      [GC Worker Other (ms):  0.1  0.1
       Avg:   0.1, Min:   0.1, Max:   0.1, Diff:   0.0]
   [Clear CT:   0.0 ms]
   [Other:   0.1 ms]
      [Choose CSet:   0.0 ms]
      [Ref Proc:   0.0 ms]
      [Ref Enq:   0.0 ms]
      [Free CSet:   0.0 ms]
   [Eden: 1024K(101M)->0B(101M) Survivors: 1024K->1024K Heap: 370M(512M)->370M(512M)]
 [Times: user=0.00 sys=0.00, real=0.00 secs] 
Heap after GC invocations=432 (full 227):
 garbage-first heap   total 524288K, used 379589K [0x00000007dae00000, 0x00000007fae00000, 0x00000007fae00000)
  region size 1024K, 1 young (1024K), 1 survivors (1024K)
 compacting perm gen  total 20480K, used 2870K [0x00000007fae00000, 0x00000007fc200000, 0x0000000800000000)
   the space 20480K,  14% used [0x00000007fae00000, 0x00000007fb0cda98, 0x00000007fb0cdc00, 0x00000007fc200000)
No shared spaces configured.
}
{Heap before GC invocations=432 (full 227):
 garbage-first heap   total 524288K, used 379589K [0x00000007dae00000, 0x00000007fae00000, 0x00000007fae00000)
  region size 1024K, 2 young (2048K), 1 survivors (1024K)
 compacting perm gen  total 20480K, used 2870K [0x00000007fae00000, 0x00000007fc200000, 0x0000000800000000)
   the space 20480K,  14% used [0x00000007fae00000, 0x00000007fb0cda98, 0x00000007fb0cdc00, 0x00000007fc200000)
No shared spaces configured.
11.766: [Full GC 370M->235M(512M), 0.0118250 secs]
 [Times: user=0.01 sys=0.00, real=0.02 secs] 
Heap after GC invocations=433 (full 228):
 garbage-first heap   total 524288K, used 241482K [0x00000007dae00000, 0x00000007fae00000, 0x00000007fae00000)
  region size 1024K, 0 young (0K), 0 survivors (0K)
 compacting perm gen  total 20480K, used 2870K [0x00000007fae00000, 0x00000007fc200000, 0x0000000800000000)
   the space 20480K,  14% used [0x00000007fae00000, 0x00000007fb0cda98, 0x00000007fb0cdc00, 0x00000007fc200000)
No shared spaces configured.
}
{Heap before GC invocations=433 (full 228):
 garbage-first heap   total 524288K, used 264488K [0x00000007dae00000, 0x00000007fae00000, 0x00000007fae00000)
  region size 1024K, 1 young (1024K), 0 survivors (0K)
 compacting perm gen  total 20480K, used 2870K [0x00000007fae00000, 0x00000007fc200000, 0x0000000800000000)
   the space 20480K,  14% used [0x00000007fae00000, 0x00000007fb0cda98, 0x00000007fb0cdc00, 0x00000007fc200000)
No shared spaces configured.
11.791: [GC pause (young)
Desired survivor size 14155776 bytes, new threshold 15 (max 15)
- age   1:        400 bytes,        400 total
- age   2:        160 bytes,        560 total
 (initial-mark), 0.00196900 secs]
   [Parallel Time:   1.8 ms]
      [GC Worker Start (ms):  11790.7  11790.7
       Avg: 11790.7, Min: 11790.7, Max: 11790.7, Diff:   0.0]
      [Ext Root Scanning (ms):  1.4  1.6
       Avg:   1.5, Min:   1.4, Max:   1.6, Diff:   0.1]
      [Update RS (ms):  0.0  0.0
       Avg:   0.0, Min:   0.0, Max:   0.0, Diff:   0.0]
         [Processed Buffers : 1 0
          Sum: 1, Avg: 0, Min: 0, Max: 1, Diff: 1]
      [Scan RS (ms):  0.0  0.0
       Avg:   0.0, Min:   0.0, Max:   0.0, Diff:   0.0]
      [Object Copy (ms):  0.3  0.1
       Avg:   0.2, Min:   0.1, Max:   0.3, Diff:   0.2]
      [Termination (ms):  0.0  0.0
       Avg:   0.0, Min:   0.0, Max:   0.0, Diff:   0.0]
         [Termination Attempts : 1 1
          Sum: 2, Avg: 1, Min: 1, Max: 1, Diff: 0]
      [GC Worker End (ms):  11792.4  11792.4
       Avg: 11792.4, Min: 11792.4, Max: 11792.4, Diff:   0.0]
      [GC Worker (ms):  1.7  1.7
       Avg:   1.7, Min:   1.7, Max:   1.7, Diff:   0.0]
      [GC Worker Other (ms):  0.1  0.1
       Avg:   0.1, Min:   0.1, Max:   0.1, Diff:   0.0]
   [Clear CT:   0.0 ms]
   [Other:   0.2 ms]
      [Choose CSet:   0.0 ms]
      [Ref Proc:   0.0 ms]
      [Ref Enq:   0.0 ms]
      [Free CSet:   0.0 ms]
   [Eden: 1024K(101M)->0B(192M) Survivors: 0B->1024K Heap: 258M(512M)->258M(512M)]
 [Times: user=0.01 sys=0.00, real=0.00 secs] 
Heap after GC invocations=434 (full 229):
 garbage-first heap   total 524288K, used 264552K [0x00000007dae00000, 0x00000007fae00000, 0x00000007fae00000)
  region size 1024K, 1 young (1024K), 1 survivors (1024K)
 compacting perm gen  total 20480K, used 2870K [0x00000007fae00000, 0x00000007fc200000, 0x0000000800000000)
   the space 20480K,  14% used [0x00000007fae00000, 0x00000007fb0cda98, 0x00000007fb0cdc00, 0x00000007fc200000)
No shared spaces configured.
}
11.793: [GC concurrent-root-region-scan-start]
11.793: [GC concurrent-root-region-scan-end, 0.0000220]
11.793: [GC concurrent-mark-start]
11.794: [GC concurrent-mark-end, 0.0013050 sec]
11.803: [GC remark 11.803: [GC ref-proc, 0.0000160 secs], 0.0029790 secs]
 [Times: user=0.00 sys=0.00, real=0.00 secs] 
11.831: [GC cleanup 328M->328M(512M), 0.0005940 secs]
 [Times: user=0.00 sys=0.00, real=0.00 secs] 
{Heap before GC invocations=435 (full 229):
 garbage-first heap   total 524288K, used 391971K [0x00000007dae00000, 0x00000007fae00000, 0x00000007fae00000)
  region size 1024K, 2 young (2048K), 1 survivors (1024K)
 compacting perm gen  total 20480K, used 2870K [0x00000007fae00000, 0x00000007fc200000, 0x0000000800000000)
   the space 20480K,  14% used [0x00000007fae00000, 0x00000007fb0cda98, 0x00000007fb0cdc00, 0x00000007fc200000)
No shared spaces configured.
11.865: [GC pause (young)
Desired survivor size 13107200 bytes, new threshold 15 (max 15)
- age   1:         48 bytes,         48 total
 (initial-mark), 0.00123100 secs]
   [Parallel Time:   1.1 ms]
      [GC Worker Start (ms):  11865.2  11865.2
       Avg: 11865.2, Min: 11865.2, Max: 11865.2, Diff:   0.0]
      [Ext Root Scanning (ms):  0.8  0.7
       Avg:   0.8, Min:   0.7, Max:   0.8, Diff:   0.1]
      [Update RS (ms):  0.0  0.0
       Avg:   0.0, Min:   0.0, Max:   0.0, Diff:   0.0]
         [Processed Buffers : 2 4
          Sum: 6, Avg: 3, Min: 2, Max: 4, Diff: 2]
      [Scan RS (ms):  0.0  0.0
       Avg:   0.0, Min:   0.0, Max:   0.0, Diff:   0.0]
      [Object Copy (ms):  0.1  0.2
       Avg:   0.2, Min:   0.1, Max:   0.2, Diff:   0.1]
      [Termination (ms):  0.0  0.0
       Avg:   0.0, Min:   0.0, Max:   0.0, Diff:   0.0]
         [Termination Attempts : 1 1
          Sum: 2, Avg: 1, Min: 1, Max: 1, Diff: 0]
      [GC Worker End (ms):  11866.2  11866.2
       Avg: 11866.2, Min: 11866.2, Max: 11866.2, Diff:   0.0]
      [GC Worker (ms):  1.0  1.0
       Avg:   1.0, Min:   1.0, Max:   1.0, Diff:   0.0]
      [GC Worker Other (ms):  0.1  0.1
       Avg:   0.1, Min:   0.1, Max:   0.1, Diff:   0.0]
   [Clear CT:   0.0 ms]
   [Other:   0.2 ms]
      [Choose CSet:   0.0 ms]
      [Ref Proc:   0.0 ms]
      [Ref Enq:   0.0 ms]
      [Free CSet:   0.0 ms]
   [Eden: 1024K(192M)->0B(101M) Survivors: 1024K->1024K Heap: 382M(512M)->382M(512M)]
 [Times: user=0.00 sys=0.00, real=0.01 secs] 
Heap after GC invocations=436 (full 230):
 garbage-first heap   total 524288K, used 391971K [0x00000007dae00000, 0x00000007fae00000, 0x00000007fae00000)
  region size 1024K, 1 young (1024K), 1 survivors (1024K)
 compacting perm gen  total 20480K, used 2870K [0x00000007fae00000, 0x00000007fc200000, 0x0000000800000000)
   the space 20480K,  14% used [0x00000007fae00000, 0x00000007fb0cda98, 0x00000007fb0cdc00, 0x00000007fc200000)
No shared spaces configured.
}
11.866: [GC concurrent-root-region-scan-start]
11.867: [GC concurrent-root-region-scan-end, 0.0000990]
11.867: [GC concurrent-mark-start]
11.869: [GC concurrent-mark-end, 0.0027590 sec]
11.874: [GC remark 11.874: [GC ref-proc, 0.0000160 secs], 0.0029260 secs]
 [Times: user=0.01 sys=0.00, real=0.01 secs] 
11.877: [GC cleanup 397M->255M(512M), 0.0005230 secs]
 [Times: user=0.00 sys=0.00, real=0.00 secs] 
11.878: [GC concurrent-cleanup-start]
11.878: [GC concurrent-cleanup-end, 0.0003120]
{Heap before GC invocations=437 (full 230):
 garbage-first heap   total 524288K, used 295910K [0x00000007dae00000, 0x00000007fae00000, 0x00000007fae00000)
  region size 1024K, 2 young (2048K), 1 survivors (1024K)
 compacting perm gen  total 20480K, used 2870K [0x00000007fae00000, 0x00000007fc200000, 0x0000000800000000)
   the space 20480K,  14% used [0x00000007fae00000, 0x00000007fb0cda98, 0x00000007fb0cdc00, 0x00000007fc200000)
No shared spaces configured.
11.900: [GC pause (young)
Desired survivor size 6815744 bytes, new threshold 15 (max 15)
- age   1:        264 bytes,        264 total
- age   2:         32 bytes,        296 total
 (initial-mark), 0.00122500 secs]
   [Parallel Time:   1.0 ms]
      [GC Worker Start (ms):  11900.0  11900.0
       Avg: 11900.0, Min: 11900.0, Max: 11900.0, Diff:   0.0]
      [Ext Root Scanning (ms):  0.7  0.8
       Avg:   0.8, Min:   0.7, Max:   0.8, Diff:   0.1]
      [Update RS (ms):  0.0  0.0
       Avg:   0.0, Min:   0.0, Max:   0.0, Diff:   0.0]
         [Processed Buffers : 2 0
          Sum: 2, Avg: 1, Min: 0, Max: 2, Diff: 2]
      [Scan RS (ms):  0.0  0.0
       Avg:   0.0, Min:   0.0, Max:   0.0, Diff:   0.0]
      [Object Copy (ms):  0.2  0.1
       Avg:   0.2, Min:   0.1, Max:   0.2, Diff:   0.1]
      [Termination (ms):  0.0  0.0
       Avg:   0.0, Min:   0.0, Max:   0.0, Diff:   0.0]
         [Termination Attempts : 1 1
          Sum: 2, Avg: 1, Min: 1, Max: 1, Diff: 0]
      [GC Worker End (ms):  11901.0  11901.0
       Avg: 11901.0, Min: 11901.0, Max: 11901.0, Diff:   0.0]
      [GC Worker (ms):  1.0  1.0
       Avg:   1.0, Min:   1.0, Max:   1.0, Diff:   0.0]
      [GC Worker Other (ms):  0.1  0.1
       Avg:   0.1, Min:   0.1, Max:   0.1, Diff:   0.0]
   [Clear CT:   0.0 ms]
   [Other:   0.2 ms]
      [Choose CSet:   0.0 ms]
      [Ref Proc:   0.0 ms]
      [Ref Enq:   0.0 ms]
      [Free CSet:   0.0 ms]
   [Eden: 1024K(101M)->0B(159M) Survivors: 1024K->1024K Heap: 289M(512M)->288M(512M)]
 [Times: user=0.00 sys=0.00, real=0.00 secs] 
Heap after GC invocations=438 (full 231):
 garbage-first heap   total 524288K, used 295910K [0x00000007dae00000, 0x00000007fae00000, 0x00000007fae00000)
  region size 1024K, 1 young (1024K), 1 survivors (1024K)
 compacting perm gen  total 20480K, used 2870K [0x00000007fae00000, 0x00000007fc200000, 0x0000000800000000)
   the space 20480K,  14% used [0x00000007fae00000, 0x00000007fb0cda98, 0x00000007fb0cdc00, 0x00000007fc200000)
No shared spaces configured.
}
11.901: [GC concurrent-root-region-scan-start]
11.901: [GC concurrent-root-region-scan-end, 0.0000680]
11.901: [GC concurrent-mark-start]
11.968: [GC concurrent-mark-end, 0.0672290 sec]
{Heap before GC invocations=438 (full 231):
 garbage-first heap   total 524288K, used 454545K [0x00000007dae00000, 0x00000007fae00000, 0x00000007fae00000)
  region size 1024K, 2 young (2048K), 1 survivors (1024K)
 compacting perm gen  total 20480K, used 2870K [0x00000007fae00000, 0x00000007fc200000, 0x0000000800000000)
   the space 20480K,  14% used [0x00000007fae00000, 0x00000007fb0cda98, 0x00000007fb0cdc00, 0x00000007fc200000)
No shared spaces configured.
11.982: [GC pause (young)
Desired survivor size 10485760 bytes, new threshold 15 (max 15)
- age   1:        232 bytes,        232 total
- age   2:        200 bytes,        432 total
- age   3:         32 bytes,        464 total
, 0.00107100 secs]
   [Parallel Time:   1.0 ms]
      [GC Worker Start (ms):  11982.3  11982.4
       Avg: 11982.3, Min: 11982.3, Max: 11982.4, Diff:   0.0]
      [Ext Root Scanning (ms):  0.8  0.8
       Avg:   0.8, Min:   0.8, Max:   0.8, Diff:   0.1]
      [SATB Filtering (ms):  0.0  0.0
       Avg:   0.0, Min:   0.0, Max:   0.0, Diff:   0.0]
      [Update RS (ms):  0.0  0.0
       Avg:   0.0, Min:   0.0, Max:   0.0, Diff:   0.0]
         [Processed Buffers : 0 3
          Sum: 3, Avg: 1, Min: 0, Max: 3, Diff: 3]
      [Scan RS (ms):  0.0  0.0
       Avg:   0.0, Min:   0.0, Max:   0.0, Diff:   0.0]
      [Object Copy (ms):  0.0  0.0
       Avg:   0.0, Min:   0.0, Max:   0.0, Diff:   0.0]
      [Termination (ms):  0.0  0.0
       Avg:   0.0, Min:   0.0, Max:   0.0, Diff:   0.0]
         [Termination Attempts : 1 1
          Sum: 2, Avg: 1, Min: 1, Max: 1, Diff: 0]
      [GC Worker End (ms):  11983.2  11983.2
       Avg: 11983.2, Min: 11983.2, Max: 11983.2, Diff:   0.0]
      [GC Worker (ms):  0.9  0.9
       Avg:   0.9, Min:   0.9, Max:   0.9, Diff:   0.0]
      [GC Worker Other (ms):  0.1  0.1
       Avg:   0.1, Min:   0.1, Max:   0.1, Diff:   0.0]
   [Complete CSet Marking:   0.0 ms]
   [Clear CT:   0.0 ms]
   [Other:   0.1 ms]
      [Choose CSet:   0.0 ms]
      [Ref Proc:   0.0 ms]
      [Ref Enq:   0.0 ms]
      [Free CSet:   0.0 ms]
   [Eden: 1024K(159M)->0B(101M) Survivors: 1024K->1024K Heap: 443M(512M)->443M(512M)]
 [Times: user=0.01 sys=0.00, real=0.00 secs] 
Heap after GC invocations=439 (full 231):
 garbage-first heap   total 524288K, used 454545K [0x00000007dae00000, 0x00000007fae00000, 0x00000007fae00000)
  region size 1024K, 1 young (1024K), 1 survivors (1024K)
 compacting perm gen  total 20480K, used 2870K [0x00000007fae00000, 0x00000007fc200000, 0x0000000800000000)
   the space 20480K,  14% used [0x00000007fae00000, 0x00000007fb0cda98, 0x00000007fb0cdc00, 0x00000007fc200000)
No shared spaces configured.
}
{Heap before GC invocations=439 (full 231):
 garbage-first heap   total 524288K, used 454545K [0x00000007dae00000, 0x00000007fae00000, 0x00000007fae00000)
  region size 1024K, 1 young (1024K), 1 survivors (1024K)
 compacting perm gen  total 20480K, used 2870K [0x00000007fae00000, 0x00000007fc200000, 0x0000000800000000)
   the space 20480K,  14% used [0x00000007fae00000, 0x00000007fb0cda98, 0x00000007fb0cdc00, 0x00000007fc200000)
No shared spaces configured.
11.984: [Full GC 443M->320M(512M), 0.0116090 secs]
 [Times: user=0.01 sys=0.00, real=0.01 secs] 
Heap after GC invocations=440 (full 232):
 garbage-first heap   total 524288K, used 328407K [0x00000007dae00000, 0x00000007fae00000, 0x00000007fae00000)
  region size 1024K, 0 young (0K), 0 survivors (0K)
 compacting perm gen  total 20480K, used 2870K [0x00000007fae00000, 0x00000007fc200000, 0x0000000800000000)
   the space 20480K,  14% used [0x00000007fae00000, 0x00000007fb0cda98, 0x00000007fb0cdc00, 0x00000007fc200000)
No shared spaces configured.
}
12.034: [GC remark, 0.0000020 secs]
 [Times: user=0.00 sys=0.00, real=0.00 secs] 
12.034: [GC concurrent-mark-abort]
{Heap before GC invocations=440 (full 232):
 garbage-first heap   total 524288K, used 466753K [0x00000007dae00000, 0x00000007fae00000, 0x00000007fae00000)
  region size 1024K, 1 young (1024K), 0 survivors (0K)
 compacting perm gen  total 20480K, used 2870K [0x00000007fae00000, 0x00000007fc200000, 0x0000000800000000)
   the space 20480K,  14% used [0x00000007fae00000, 0x00000007fb0cda98, 0x00000007fb0cdc00, 0x00000007fc200000)
No shared spaces configured.
12.071: [GC pause (young)
Desired survivor size 8912896 bytes, new threshold 15 (max 15)
- age   1:        288 bytes,        288 total
- age   2:         96 bytes,        384 total
- age   3:        160 bytes,        544 total
- age   4:         16 bytes,        560 total
 (initial-mark), 0.00186900 secs]
   [Parallel Time:   1.7 ms]
      [GC Worker Start (ms):  12070.7  12070.7
       Avg: 12070.7, Min: 12070.7, Max: 12070.7, Diff:   0.0]
      [Ext Root Scanning (ms):  1.5  1.4
       Avg:   1.4, Min:   1.4, Max:   1.5, Diff:   0.1]
      [Update RS (ms):  0.0  0.0
       Avg:   0.0, Min:   0.0, Max:   0.0, Diff:   0.0]
         [Processed Buffers : 0 4
          Sum: 4, Avg: 2, Min: 0, Max: 4, Diff: 4]
      [Scan RS (ms):  0.0  0.0
       Avg:   0.0, Min:   0.0, Max:   0.0, Diff:   0.0]
      [Object Copy (ms):  0.2  0.2
       Avg:   0.2, Min:   0.2, Max:   0.2, Diff:   0.1]
      [Termination (ms):  0.0  0.0
       Avg:   0.0, Min:   0.0, Max:   0.0, Diff:   0.0]
         [Termination Attempts : 1 1
          Sum: 2, Avg: 1, Min: 1, Max: 1, Diff: 0]
      [GC Worker End (ms):  12072.3  12072.4
       Avg: 12072.3, Min: 12072.3, Max: 12072.4, Diff:   0.0]
      [GC Worker (ms):  1.7  1.6
       Avg:   1.7, Min:   1.6, Max:   1.7, Diff:   0.0]
      [GC Worker Other (ms):  0.1  0.1
       Avg:   0.1, Min:   0.1, Max:   0.1, Diff:   0.0]
   [Clear CT:   0.0 ms]
   [Other:   0.1 ms]
      [Choose CSet:   0.0 ms]
      [Ref Proc:   0.0 ms]
      [Ref Enq:   0.0 ms]
      [Free CSet:   0.0 ms]
   [Eden: 1024K(101M)->0B(101M) Survivors: 0B->1024K Heap: 455M(512M)->455M(512M)]
 [Times: user=0.01 sys=0.00, real=0.00 secs] 
Heap after GC invocations=441 (full 233):
 garbage-first heap   total 524288K, used 466817K [0x00000007dae00000, 0x00000007fae00000, 0x00000007fae00000)
  region size 1024K, 1 young (1024K), 1 survivors (1024K)
 compacting perm gen  total 20480K, used 2870K [0x00000007fae00000, 0x00000007fc200000, 0x0000000800000000)
   the space 20480K,  14% used [0x00000007fae00000, 0x00000007fb0cda98, 0x00000007fb0cdc00, 0x00000007fc200000)
No shared spaces configured.
}
12.073: [GC concurrent-root-region-scan-start]
12.073: [GC concurrent-root-region-scan-end, 0.0000630]
12.073: [GC concurrent-mark-start]
{Heap before GC invocations=441 (full 233):
 garbage-first heap   total 524288K, used 466817K [0x00000007dae00000, 0x00000007fae00000, 0x00000007fae00000)
  region size 1024K, 1 young (1024K), 1 survivors (1024K)
 compacting perm gen  total 20480K, used 2870K [0x00000007fae00000, 0x00000007fc200000, 0x0000000800000000)
   the space 20480K,  14% used [0x00000007fae00000, 0x00000007fb0cda98, 0x00000007fb0cdc00, 0x00000007fc200000)
No shared spaces configured.
12.073: [GC pause (young)
Desired survivor size 6815744 bytes, new threshold 15 (max 15)
- age   1:        448 bytes,        448 total
, 0.00061200 secs]
   [Parallel Time:   0.6 ms]
      [GC Worker Start (ms):  12072.9  12072.9
       Avg: 12072.9, Min: 12072.9, Max: 12072.9, Diff:   0.0]
      [Ext Root Scanning (ms):  0.4  0.4
       Avg:   0.4, Min:   0.4, Max:   0.4, Diff:   0.0]
      [SATB Filtering (ms):  0.0  0.0
       Avg:   0.0, Min:   0.0, Max:   0.0, Diff:   0.0]
      [Update RS (ms):  0.0  0.0
       Avg:   0.0, Min:   0.0, Max:   0.0, Diff:   0.0]
         [Processed Buffers : 0 2
          Sum: 2, Avg: 1, Min: 0, Max: 2, Diff: 2]
      [Scan RS (ms):  0.0  0.0
       Avg:   0.0, Min:   0.0, Max:   0.0, Diff:   0.0]
      [Object Copy (ms):  0.0  0.0
       Avg:   0.0, Min:   0.0, Max:   0.0, Diff:   0.0]
      [Termination (ms):  0.0  0.0
       Avg:   0.0, Min:   0.0, Max:   0.0, Diff:   0.0]
         [Termination Attempts : 1 1
          Sum: 2, Avg: 1, Min: 1, Max: 1, Diff: 0]
      [GC Worker End (ms):  12073.4  12073.4
       Avg: 12073.4, Min: 12073.4, Max: 12073.4, Diff:   0.0]
      [GC Worker (ms):  0.5  0.5
       Avg:   0.5, Min:   0.5, Max:   0.5, Diff:   0.0]
      [GC Worker Other (ms):  0.1  0.1
       Avg:   0.1, Min:   0.1, Max:   0.1, Diff:   0.0]
   [Complete CSet Marking:   0.0 ms]
   [Clear CT:   0.0 ms]
   [Other:   0.0 ms]
      [Choose CSet:   0.0 ms]
      [Ref Proc:   0.0 ms]
      [Ref Enq:   0.0 ms]
      [Free CSet:   0.0 ms]
   [Eden: 0B(101M)->0B(101M) Survivors: 1024K->1024K Heap: 455M(512M)->455M(512M)]
 [Times: user=0.00 sys=0.00, real=0.00 secs] 
Heap after GC invocations=442 (full 233):
 garbage-first heap   total 524288K, used 466817K [0x00000007dae00000, 0x00000007fae00000, 0x00000007fae00000)
  region size 1024K, 1 young (1024K), 1 survivors (1024K)
 compacting perm gen  total 20480K, used 2870K [0x00000007fae00000, 0x00000007fc200000, 0x0000000800000000)
   the space 20480K,  14% used [0x00000007fae00000, 0x00000007fb0cda98, 0x00000007fb0cdc00, 0x00000007fc200000)
No shared spaces configured.
}
{Heap before GC invocations=442 (full 233):
 garbage-first heap   total 524288K, used 466817K [0x00000007dae00000, 0x00000007fae00000, 0x00000007fae00000)
  region size 1024K, 1 young (1024K), 1 survivors (1024K)
 compacting perm gen  total 20480K, used 2870K [0x00000007fae00000, 0x00000007fc200000, 0x0000000800000000)
   the space 20480K,  14% used [0x00000007fae00000, 0x00000007fb0cda98, 0x00000007fb0cdc00, 0x00000007fc200000)
No shared spaces configured.
12.074: [Full GC 455M->216M(512M), 0.0112470 secs]
 [Times: user=0.01 sys=0.00, real=0.01 secs] 
Heap after GC invocations=443 (full 234):
 garbage-first heap   total 524288K, used 221479K [0x00000007dae00000, 0x00000007fae00000, 0x00000007fae00000)
  region size 1024K, 0 young (0K), 0 survivors (0K)
 compacting perm gen  total 20480K, used 2870K [0x00000007fae00000, 0x00000007fc200000, 0x0000000800000000)
   the space 20480K,  14% used [0x00000007fae00000, 0x00000007fb0cda98, 0x00000007fb0cdc00, 0x00000007fc200000)
No shared spaces configured.
}
12.085: [GC concurrent-mark-abort]
{Heap before GC invocations=443 (full 234):
 garbage-first heap   total 524288K, used 256875K [0x00000007dae00000, 0x00000007fae00000, 0x00000007fae00000)
  region size 1024K, 1 young (1024K), 0 survivors (0K)
 compacting perm gen  total 20480K, used 2870K [0x00000007fae00000, 0x00000007fc200000, 0x0000000800000000)
   the space 20480K,  14% used [0x00000007fae00000, 0x00000007fb0cda98, 0x00000007fb0cdc00, 0x00000007fc200000)
No shared spaces configured.
12.108: [GC pause (young)
Desired survivor size 15728640 bytes, new threshold 15 (max 15)
- age   2:        448 bytes,        448 total
 (initial-mark), 0.00193900 secs]
   [Parallel Time:   1.7 ms]
      [GC Worker Start (ms):  12108.1  12108.1
       Avg: 12108.1, Min: 12108.1, Max: 12108.1, Diff:   0.0]
      [Ext Root Scanning (ms):  1.4  1.5
       Avg:   1.5, Min:   1.4, Max:   1.5, Diff:   0.0]
      [Update RS (ms):  0.0  0.0
       Avg:   0.0, Min:   0.0, Max:   0.0, Diff:   0.0]
         [Processed Buffers : 1 0
          Sum: 1, Avg: 0, Min: 0, Max: 1, Diff: 1]
      [Scan RS (ms):  0.0  0.0
       Avg:   0.0, Min:   0.0, Max:   0.0, Diff:   0.0]
      [Object Copy (ms):  0.2  0.2
       Avg:   0.2, Min:   0.2, Max:   0.2, Diff:   0.0]
      [Termination (ms):  0.0  0.0
       Avg:   0.0, Min:   0.0, Max:   0.0, Diff:   0.0]
         [Termination Attempts : 1 1
          Sum: 2, Avg: 1, Min: 1, Max: 1, Diff: 0]
      [GC Worker End (ms):  12109.8  12109.8
       Avg: 12109.8, Min: 12109.8, Max: 12109.8, Diff:   0.0]
      [GC Worker (ms):  1.7  1.7
       Avg:   1.7, Min:   1.7, Max:   1.7, Diff:   0.0]
      [GC Worker Other (ms):  0.1  0.1
       Avg:   0.1, Min:   0.1, Max:   0.1, Diff:   0.0]
   [Clear CT:   0.0 ms]
   [Other:   0.2 ms]
      [Choose CSet:   0.0 ms]
      [Ref Proc:   0.0 ms]
      [Ref Enq:   0.0 ms]
      [Free CSet:   0.0 ms]
   [Eden: 1024K(101M)->0B(200M) Survivors: 0B->1024K Heap: 250M(512M)->250M(512M)]
 [Times: user=0.00 sys=0.00, real=0.00 secs] 
Heap after GC invocations=444 (full 235):
 garbage-first heap   total 524288K, used 256939K [0x00000007dae00000, 0x00000007fae00000, 0x00000007fae00000)
  region size 1024K, 1 young (1024K), 1 survivors (1024K)
 compacting perm gen  total 20480K, used 2870K [0x00000007fae00000, 0x00000007fc200000, 0x0000000800000000)
   the space 20480K,  14% used [0x00000007fae00000, 0x00000007fb0cda98, 0x00000007fb0cdc00, 0x00000007fc200000)
No shared spaces configured.
}
12.110: [GC concurrent-root-region-scan-start]
12.110: [GC concurrent-root-region-scan-end, 0.0000340]
12.110: [GC concurrent-mark-start]
12.112: [GC concurrent-mark-end, 0.0021020 sec]
12.138: [GC remark 12.138: [GC ref-proc, 0.0000150 secs], 0.0028270 secs]
 [Times: user=0.00 sys=0.00, real=0.00 secs] 
12.157: [GC cleanup 337M->337M(512M), 0.0005930 secs]
 [Times: user=0.00 sys=0.00, real=0.00 secs] 
{Heap before GC invocations=445 (full 235):
 garbage-first heap   total 524288K, used 355825K [0x00000007dae00000, 0x00000007fae00000, 0x00000007fae00000)
  region size 1024K, 2 young (2048K), 1 survivors (1024K)
 compacting perm gen  total 20480K, used 2870K [0x00000007fae00000, 0x00000007fc200000, 0x0000000800000000)
   the space 20480K,  14% used [0x00000007fae00000, 0x00000007fb0cda98, 0x00000007fb0cdc00, 0x00000007fc200000)
No shared spaces configured.
12.168: [GC pause (young)
Desired survivor size 13631488 bytes, new threshold 15 (max 15)
- age   1:         72 bytes,         72 total
 (initial-mark), 0.00125200 secs]
   [Parallel Time:   1.1 ms]
      [GC Worker Start (ms):  12167.9  12167.9
       Avg: 12167.9, Min: 12167.9, Max: 12167.9, Diff:   0.0]
      [Ext Root Scanning (ms):  0.8  0.8
       Avg:   0.8, Min:   0.8, Max:   0.8, Diff:   0.1]
      [Update RS (ms):  0.0  0.0
       Avg:   0.0, Min:   0.0, Max:   0.0, Diff:   0.0]
         [Processed Buffers : 0 5
          Sum: 5, Avg: 2, Min: 0, Max: 5, Diff: 5]
      [Scan RS (ms):  0.0  0.0
       Avg:   0.0, Min:   0.0, Max:   0.0, Diff:   0.0]
      [Object Copy (ms):  0.2  0.1
       Avg:   0.2, Min:   0.1, Max:   0.2, Diff:   0.0]
      [Termination (ms):  0.0  0.0
       Avg:   0.0, Min:   0.0, Max:   0.0, Diff:   0.0]
         [Termination Attempts : 1 1
          Sum: 2, Avg: 1, Min: 1, Max: 1, Diff: 0]
      [GC Worker End (ms):  12168.9  12169.0
       Avg: 12168.9, Min: 12168.9, Max: 12169.0, Diff:   0.0]
      [GC Worker (ms):  1.0  1.0
       Avg:   1.0, Min:   1.0, Max:   1.0, Diff:   0.0]
      [GC Worker Other (ms):  0.1  0.1
       Avg:   0.1, Min:   0.1, Max:   0.1, Diff:   0.0]
   [Clear CT:   0.0 ms]
   [Other:   0.2 ms]
      [Choose CSet:   0.0 ms]
      [Ref Proc:   0.0 ms]
      [Ref Enq:   0.0 ms]
      [Free CSet:   0.0 ms]
   [Eden: 1024K(200M)->0B(101M) Survivors: 1024K->1024K Heap: 347M(512M)->347M(512M)]
 [Times: user=0.00 sys=0.00, real=0.00 secs] 
Heap after GC invocations=446 (full 236):
 garbage-first heap   total 524288K, used 355825K [0x00000007dae00000, 0x00000007fae00000, 0x00000007fae00000)
  region size 1024K, 1 young (1024K), 1 survivors (1024K)
 compacting perm gen  total 20480K, used 2870K [0x00000007fae00000, 0x00000007fc200000, 0x0000000800000000)
   the space 20480K,  14% used [0x00000007fae00000, 0x00000007fb0cda98, 0x00000007fb0cdc00, 0x00000007fc200000)
No shared spaces configured.
}
12.169: [GC concurrent-root-region-scan-start]
12.169: [GC concurrent-root-region-scan-end, 0.0002790]
12.169: [GC concurrent-mark-start]
12.185: [GC concurrent-mark-end, 0.0154210 sec]
12.209: [GC remark 12.210: [GC ref-proc, 0.0000170 secs], 0.0027580 secs]
 [Times: user=0.00 sys=0.00, real=0.00 secs] 
12.212: [GC cleanup 424M->304M(512M), 0.0004790 secs]
 [Times: user=0.00 sys=0.00, real=0.00 secs] 
12.213: [GC concurrent-cleanup-start]
12.213: [GC concurrent-cleanup-end, 0.0002770]
{Heap before GC invocations=447 (full 236):
 garbage-first heap   total 524288K, used 350474K [0x00000007dae00000, 0x00000007fae00000, 0x00000007fae00000)
  region size 1024K, 2 young (2048K), 1 survivors (1024K)
 compacting perm gen  total 20480K, used 2870K [0x00000007fae00000, 0x00000007fc200000, 0x0000000800000000)
   the space 20480K,  14% used [0x00000007fae00000, 0x00000007fb0cda98, 0x00000007fb0cdc00, 0x00000007fc200000)
No shared spaces configured.
12.238: [GC pause (young)
Desired survivor size 6815744 bytes, new threshold 15 (max 15)
- age   1:        280 bytes,        280 total
- age   2:         40 bytes,        320 total
 (initial-mark), 0.00117300 secs]
   [Parallel Time:   1.0 ms]
      [GC Worker Start (ms):  12237.9  12238.0
       Avg: 12237.9, Min: 12237.9, Max: 12238.0, Diff:   0.0]
      [Ext Root Scanning (ms):  0.7  0.8
       Avg:   0.8, Min:   0.7, Max:   0.8, Diff:   0.1]
      [Update RS (ms):  0.0  0.0
       Avg:   0.0, Min:   0.0, Max:   0.0, Diff:   0.0]
         [Processed Buffers : 1 2
          Sum: 3, Avg: 1, Min: 1, Max: 2, Diff: 1]
      [Scan RS (ms):  0.0  0.0
       Avg:   0.0, Min:   0.0, Max:   0.0, Diff:   0.0]
      [Object Copy (ms):  0.2  0.1
       Avg:   0.2, Min:   0.1, Max:   0.2, Diff:   0.1]
      [Termination (ms):  0.0  0.0
       Avg:   0.0, Min:   0.0, Max:   0.0, Diff:   0.0]
         [Termination Attempts : 1 1
          Sum: 2, Avg: 1, Min: 1, Max: 1, Diff: 0]
      [GC Worker End (ms):  12238.9  12238.9
       Avg: 12238.9, Min: 12238.9, Max: 12238.9, Diff:   0.0]
      [GC Worker (ms):  1.0  0.9
       Avg:   1.0, Min:   0.9, Max:   1.0, Diff:   0.0]
      [GC Worker Other (ms):  0.1  0.1
       Avg:   0.1, Min:   0.1, Max:   0.1, Diff:   0.0]
   [Clear CT:   0.0 ms]
   [Other:   0.2 ms]
      [Choose CSet:   0.0 ms]
      [Ref Proc:   0.0 ms]
      [Ref Enq:   0.0 ms]
      [Free CSet:   0.0 ms]
   [Eden: 1024K(101M)->0B(106M) Survivors: 1024K->1024K Heap: 342M(512M)->342M(512M)]
 [Times: user=0.00 sys=0.00, real=0.00 secs] 
Heap after GC invocations=448 (full 237):
 garbage-first heap   total 524288K, used 350474K [0x00000007dae00000, 0x00000007fae00000, 0x00000007fae00000)
  region size 1024K, 1 young (1024K), 1 survivors (1024K)
 compacting perm gen  total 20480K, used 2870K [0x00000007fae00000, 0x00000007fc200000, 0x0000000800000000)
   the space 20480K,  14% used [0x00000007fae00000, 0x00000007fb0cda98, 0x00000007fb0cdc00, 0x00000007fc200000)
No shared spaces configured.
}
12.239: [GC concurrent-root-region-scan-start]
12.239: [GC concurrent-root-region-scan-end, 0.0000800]
12.239: [GC concurrent-mark-start]
12.243: [GC concurrent-mark-end, 0.0040690 sec]
12.257: [GC remark 12.257: [GC ref-proc, 0.0000180 secs], 0.0027460 secs]
 [Times: user=0.00 sys=0.00, real=0.00 secs] 
12.259: [GC cleanup 376M->256M(512M), 0.0005480 secs]
 [Times: user=0.00 sys=0.00, real=0.00 secs] 
12.260: [GC concurrent-cleanup-start]
12.260: [GC concurrent-cleanup-end, 0.0002700]
{Heap before GC invocations=449 (full 237):
 garbage-first heap   total 524288K, used 329625K [0x00000007dae00000, 0x00000007fae00000, 0x00000007fae00000)
  region size 1024K, 2 young (2048K), 1 survivors (1024K)
 compacting perm gen  total 20480K, used 2870K [0x00000007fae00000, 0x00000007fc200000, 0x0000000800000000)
   the space 20480K,  14% used [0x00000007fae00000, 0x00000007fb0cda98, 0x00000007fb0cdc00, 0x00000007fc200000)
No shared spaces configured.
12.299: [GC pause (young)
Desired survivor size 7340032 bytes, new threshold 15 (max 15)
- age   1:        408 bytes,        408 total
- age   2:         80 bytes,        488 total
- age   3:         40 bytes,        528 total
 (initial-mark), 0.00119000 secs]
   [Parallel Time:   1.0 ms]
      [GC Worker Start (ms):  12299.4  12299.5
       Avg: 12299.5, Min: 12299.4, Max: 12299.5, Diff:   0.0]
      [Ext Root Scanning (ms):  0.8  0.7
       Avg:   0.8, Min:   0.7, Max:   0.8, Diff:   0.1]
      [Update RS (ms):  0.0  0.0
       Avg:   0.0, Min:   0.0, Max:   0.0, Diff:   0.0]
         [Processed Buffers : 0 4
          Sum: 4, Avg: 2, Min: 0, Max: 4, Diff: 4]
      [Scan RS (ms):  0.0  0.0
       Avg:   0.0, Min:   0.0, Max:   0.0, Diff:   0.0]
      [Object Copy (ms):  0.2  0.2
       Avg:   0.2, Min:   0.2, Max:   0.2, Diff:   0.0]
      [Termination (ms):  0.0  0.0
       Avg:   0.0, Min:   0.0, Max:   0.0, Diff:   0.0]
         [Termination Attempts : 1 1
          Sum: 2, Avg: 1, Min: 1, Max: 1, Diff: 0]
      [GC Worker End (ms):  12300.4  12300.4
       Avg: 12300.4, Min: 12300.4, Max: 12300.4, Diff:   0.0]
      [GC Worker (ms):  1.0  1.0
       Avg:   1.0, Min:   1.0, Max:   1.0, Diff:   0.0]
      [GC Worker Other (ms):  0.1  0.1
       Avg:   0.1, Min:   0.1, Max:   0.1, Diff:   0.0]
   [Clear CT:   0.0 ms]
   [Other:   0.1 ms]
      [Choose CSet:   0.0 ms]
      [Ref Proc:   0.0 ms]
      [Ref Enq:   0.0 ms]
      [Free CSet:   0.0 ms]
   [Eden: 1024K(106M)->0B(126M) Survivors: 1024K->1024K Heap: 322M(512M)->321M(512M)]
 [Times: user=0.00 sys=0.00, real=0.00 secs] 
Heap after GC invocations=450 (full 238):
 garbage-first heap   total 524288K, used 329625K [0x00000007dae00000, 0x00000007fae00000, 0x00000007fae00000)
  region size 1024K, 1 young (1024K), 1 survivors (1024K)
 compacting perm gen  total 20480K, used 2870K [0x00000007fae00000, 0x00000007fc200000, 0x0000000800000000)
   the space 20480K,  14% used [0x00000007fae00000, 0x00000007fb0cda98, 0x00000007fb0cdc00, 0x00000007fc200000)
No shared spaces configured.
}
12.301: [GC concurrent-root-region-scan-start]
12.311: [GC concurrent-root-region-scan-end, 0.0101180]
12.311: [GC concurrent-mark-start]
12.334: [GC concurrent-mark-end, 0.0234020 sec]
{Heap before GC invocations=450 (full 238):
 garbage-first heap   total 524288K, used 445645K [0x00000007dae00000, 0x00000007fae00000, 0x00000007fae00000)
  region size 1024K, 2 young (2048K), 1 survivors (1024K)
 compacting perm gen  total 20480K, used 2870K [0x00000007fae00000, 0x00000007fc200000, 0x0000000800000000)
   the space 20480K,  14% used [0x00000007fae00000, 0x00000007fb0cda98, 0x00000007fb0cdc00, 0x00000007fc200000)
No shared spaces configured.
12.360: [GC pause (young)
Desired survivor size 8388608 bytes, new threshold 15 (max 15)
- age   1:        240 bytes,        240 total
- age   2:        240 bytes,        480 total
- age   3:         80 bytes,        560 total
- age   4:         40 bytes,        600 total
, 0.00104400 secs]
   [Parallel Time:   0.9 ms]
      [GC Worker Start (ms):  12359.8  12359.8
       Avg: 12359.8, Min: 12359.8, Max: 12359.8, Diff:   0.0]
      [Ext Root Scanning (ms):  0.8  0.8
       Avg:   0.8, Min:   0.8, Max:   0.8, Diff:   0.0]
      [SATB Filtering (ms):  0.0  0.0
       Avg:   0.0, Min:   0.0, Max:   0.0, Diff:   0.0]
      [Update RS (ms):  0.0  0.0
       Avg:   0.0, Min:   0.0, Max:   0.0, Diff:   0.0]
         [Processed Buffers : 2 0
          Sum: 2, Avg: 1, Min: 0, Max: 2, Diff: 2]
      [Scan RS (ms):  0.0  0.0
       Avg:   0.0, Min:   0.0, Max:   0.0, Diff:   0.0]
      [Object Copy (ms):  0.1  0.0
       Avg:   0.0, Min:   0.0, Max:   0.1, Diff:   0.0]
      [Termination (ms):  0.0  0.0
       Avg:   0.0, Min:   0.0, Max:   0.0, Diff:   0.0]
         [Termination Attempts : 1 1
          Sum: 2, Avg: 1, Min: 1, Max: 1, Diff: 0]
      [GC Worker End (ms):  12360.7  12360.7
       Avg: 12360.7, Min: 12360.7, Max: 12360.7, Diff:   0.0]
      [GC Worker (ms):  0.9  0.9
       Avg:   0.9, Min:   0.9, Max:   0.9, Diff:   0.0]
      [GC Worker Other (ms):  0.1  0.1
       Avg:   0.1, Min:   0.1, Max:   0.1, Diff:   0.0]
   [Complete CSet Marking:   0.0 ms]
   [Clear CT:   0.0 ms]
   [Other:   0.1 ms]
      [Choose CSet:   0.0 ms]
      [Ref Proc:   0.0 ms]
      [Ref Enq:   0.0 ms]
      [Free CSet:   0.0 ms]
   [Eden: 1024K(126M)->0B(101M) Survivors: 1024K->1024K Heap: 435M(512M)->435M(512M)]
 [Times: user=0.00 sys=0.00, real=0.00 secs] 
Heap after GC invocations=451 (full 238):
 garbage-first heap   total 524288K, used 445645K [0x00000007dae00000, 0x00000007fae00000, 0x00000007fae00000)
  region size 1024K, 1 young (1024K), 1 survivors (1024K)
 compacting perm gen  total 20480K, used 2870K [0x00000007fae00000, 0x00000007fc200000, 0x0000000800000000)
   the space 20480K,  14% used [0x00000007fae00000, 0x00000007fb0cda98, 0x00000007fb0cdc00, 0x00000007fc200000)
No shared spaces configured.
}
{Heap before GC invocations=451 (full 238):
 garbage-first heap   total 524288K, used 445645K [0x00000007dae00000, 0x00000007fae00000, 0x00000007fae00000)
  region size 1024K, 2 young (2048K), 1 survivors (1024K)
 compacting perm gen  total 20480K, used 2870K [0x00000007fae00000, 0x00000007fc200000, 0x0000000800000000)
   the space 20480K,  14% used [0x00000007fae00000, 0x00000007fb0cda98, 0x00000007fb0cdc00, 0x00000007fc200000)
No shared spaces configured.
12.361: [Full GC 435M->254M(512M), 0.0121660 secs]
 [Times: user=0.01 sys=0.00, real=0.01 secs] 
Heap after GC invocations=452 (full 239):
 garbage-first heap   total 524288K, used 260248K [0x00000007dae00000, 0x00000007fae00000, 0x00000007fae00000)
  region size 1024K, 0 young (0K), 0 survivors (0K)
 compacting perm gen  total 20480K, used 2870K [0x00000007fae00000, 0x00000007fc200000, 0x0000000800000000)
   the space 20480K,  14% used [0x00000007fae00000, 0x00000007fb0cda98, 0x00000007fb0cdc00, 0x00000007fc200000)
No shared spaces configured.
}
12.396: [GC remark, 0.0000010 secs]
 [Times: user=0.00 sys=0.00, real=0.00 secs] 
12.406: [GC concurrent-mark-abort]
{Heap before GC invocations=452 (full 239):
 garbage-first heap   total 524288K, used 372579K [0x00000007dae00000, 0x00000007fae00000, 0x00000007fae00000)
  region size 1024K, 1 young (1024K), 0 survivors (0K)
 compacting perm gen  total 20480K, used 2870K [0x00000007fae00000, 0x00000007fc200000, 0x0000000800000000)
   the space 20480K,  14% used [0x00000007fae00000, 0x00000007fb0cda98, 0x00000007fb0cdc00, 0x00000007fc200000)
No shared spaces configured.
12.435: [GC pause (young)
Desired survivor size 13107200 bytes, new threshold 15 (max 15)
- age   1:        280 bytes,        280 total
- age   2:         96 bytes,        376 total
- age   4:         80 bytes,        456 total
- age   5:         40 bytes,        496 total
 (initial-mark), 0.00222900 secs]
   [Parallel Time:   2.1 ms]
      [GC Worker Start (ms):  12435.0  12435.0
       Avg: 12435.0, Min: 12435.0, Max: 12435.0, Diff:   0.0]
      [Ext Root Scanning (ms):  1.5  1.8
       Avg:   1.7, Min:   1.5, Max:   1.8, Diff:   0.2]
      [Update RS (ms):  0.0  0.0
       Avg:   0.0, Min:   0.0, Max:   0.0, Diff:   0.0]
         [Processed Buffers : 2 0
          Sum: 2, Avg: 1, Min: 0, Max: 2, Diff: 2]
      [Scan RS (ms):  0.0  0.0
       Avg:   0.0, Min:   0.0, Max:   0.0, Diff:   0.0]
      [Object Copy (ms):  0.2  0.2
       Avg:   0.2, Min:   0.2, Max:   0.2, Diff:   0.0]
      [Termination (ms):  0.2  0.0
       Avg:   0.1, Min:   0.0, Max:   0.2, Diff:   0.2]
         [Termination Attempts : 1 1
          Sum: 2, Avg: 1, Min: 1, Max: 1, Diff: 0]
      [GC Worker End (ms):  12437.0  12437.0
       Avg: 12437.0, Min: 12437.0, Max: 12437.0, Diff:   0.0]
      [GC Worker (ms):  2.0  2.0
       Avg:   2.0, Min:   2.0, Max:   2.0, Diff:   0.0]
      [GC Worker Other (ms):  0.1  0.1
       Avg:   0.1, Min:   0.1, Max:   0.1, Diff:   0.0]
   [Clear CT:   0.0 ms]
   [Other:   0.2 ms]
      [Choose CSet:   0.0 ms]
      [Ref Proc:   0.0 ms]
      [Ref Enq:   0.0 ms]
      [Free CSet:   0.0 ms]
   [Eden: 1024K(101M)->0B(101M) Survivors: 0B->1024K Heap: 363M(512M)->363M(512M)]
 [Times: user=0.00 sys=0.00, real=0.01 secs] 
Heap after GC invocations=453 (full 240):
 garbage-first heap   total 524288K, used 372643K [0x00000007dae00000, 0x00000007fae00000, 0x00000007fae00000)
  region size 1024K, 1 young (1024K), 1 survivors (1024K)
 compacting perm gen  total 20480K, used 2870K [0x00000007fae00000, 0x00000007fc200000, 0x0000000800000000)
   the space 20480K,  14% used [0x00000007fae00000, 0x00000007fb0cda98, 0x00000007fb0cdc00, 0x00000007fc200000)
No shared spaces configured.
}
12.437: [GC concurrent-root-region-scan-start]
12.437: [GC concurrent-root-region-scan-end, 0.0000400]
12.437: [GC concurrent-mark-start]
12.440: [GC concurrent-mark-end, 0.0026800 sec]
12.477: [GC remark 12.477: [GC ref-proc, 0.0000150 secs], 0.0027730 secs]
 [Times: user=0.01 sys=0.00, real=0.00 secs] 
12.480: [GC cleanup 441M->326M(512M), 0.0004470 secs]
 [Times: user=0.00 sys=0.00, real=0.00 secs] 
12.480: [GC concurrent-cleanup-start]
12.481: [GC concurrent-cleanup-end, 0.0002770]
{Heap before GC invocations=454 (full 240):
 garbage-first heap   total 524288K, used 382740K [0x00000007dae00000, 0x00000007fae00000, 0x00000007fae00000)
  region size 1024K, 2 young (2048K), 1 survivors (1024K)
 compacting perm gen  total 20480K, used 2870K [0x00000007fae00000, 0x00000007fc200000, 0x0000000800000000)
   the space 20480K,  14% used [0x00000007fae00000, 0x00000007fb0cda98, 0x00000007fb0cdc00, 0x00000007fc200000)
No shared spaces configured.
12.510: [GC pause (young)
Desired survivor size 6815744 bytes, new threshold 15 (max 15)
- age   1:        240 bytes,        240 total
 (initial-mark), 0.00119100 secs]
   [Parallel Time:   1.0 ms]
      [GC Worker Start (ms):  12510.2  12510.2
       Avg: 12510.2, Min: 12510.2, Max: 12510.2, Diff:   0.0]
      [Ext Root Scanning (ms):  0.7  0.8
       Avg:   0.8, Min:   0.7, Max:   0.8, Diff:   0.1]
      [Update RS (ms):  0.0  0.0
       Avg:   0.0, Min:   0.0, Max:   0.0, Diff:   0.0]
         [Processed Buffers : 3 2
          Sum: 5, Avg: 2, Min: 2, Max: 3, Diff: 1]
      [Scan RS (ms):  0.0  0.0
       Avg:   0.0, Min:   0.0, Max:   0.0, Diff:   0.0]
      [Object Copy (ms):  0.2  0.1
       Avg:   0.2, Min:   0.1, Max:   0.2, Diff:   0.0]
      [Termination (ms):  0.0  0.0
       Avg:   0.0, Min:   0.0, Max:   0.0, Diff:   0.0]
         [Termination Attempts : 1 1
          Sum: 2, Avg: 1, Min: 1, Max: 1, Diff: 0]
      [GC Worker End (ms):  12511.2  12511.2
       Avg: 12511.2, Min: 12511.2, Max: 12511.2, Diff:   0.0]
      [GC Worker (ms):  1.0  1.0
       Avg:   1.0, Min:   1.0, Max:   1.0, Diff:   0.0]
      [GC Worker Other (ms):  0.1  0.1
       Avg:   0.1, Min:   0.1, Max:   0.1, Diff:   0.0]
   [Clear CT:   0.0 ms]
   [Other:   0.1 ms]
      [Choose CSet:   0.0 ms]
      [Ref Proc:   0.0 ms]
      [Ref Enq:   0.0 ms]
      [Free CSet:   0.0 ms]
   [Eden: 1024K(101M)->0B(101M) Survivors: 1024K->1024K Heap: 373M(512M)->373M(512M)]
 [Times: user=0.01 sys=0.00, real=0.00 secs] 
Heap after GC invocations=455 (full 241):
 garbage-first heap   total 524288K, used 382740K [0x00000007dae00000, 0x00000007fae00000, 0x00000007fae00000)
  region size 1024K, 1 young (1024K), 1 survivors (1024K)
 compacting perm gen  total 20480K, used 2870K [0x00000007fae00000, 0x00000007fc200000, 0x0000000800000000)
   the space 20480K,  14% used [0x00000007fae00000, 0x00000007fb0cda98, 0x00000007fb0cdc00, 0x00000007fc200000)
No shared spaces configured.
}
12.511: [GC concurrent-root-region-scan-start]
12.512: [GC concurrent-root-region-scan-end, 0.0001460]
12.512: [GC concurrent-mark-start]
12.529: [GC concurrent-mark-end, 0.0176480 sec]
12.542: [GC remark 12.542: [GC ref-proc, 0.0000160 secs], 0.0029270 secs]
 [Times: user=0.00 sys=0.00, real=0.00 secs] 
12.557: [GC cleanup 453M->328M(512M), 0.0006070 secs]
 [Times: user=0.00 sys=0.00, real=0.00 secs] 
12.557: [GC concurrent-cleanup-start]
12.558: [GC concurrent-cleanup-end, 0.0003170]
{Heap before GC invocations=456 (full 241):
 garbage-first heap   total 524288K, used 378030K [0x00000007dae00000, 0x00000007fae00000, 0x00000007fae00000)
  region size 1024K, 2 young (2048K), 1 survivors (1024K)
 compacting perm gen  total 20480K, used 2870K [0x00000007fae00000, 0x00000007fc200000, 0x0000000800000000)
   the space 20480K,  14% used [0x00000007fae00000, 0x00000007fb0cda98, 0x00000007fb0cdc00, 0x00000007fc200000)
No shared spaces configured.
12.584: [GC pause (young)
Desired survivor size 6815744 bytes, new threshold 15 (max 15)
- age   1:        472 bytes,        472 total
- age   2:        120 bytes,        592 total
 (initial-mark), 0.00121100 secs]
   [Parallel Time:   1.0 ms]
      [GC Worker Start (ms):  12583.7  12583.7
       Avg: 12583.7, Min: 12583.7, Max: 12583.7, Diff:   0.0]
      [Ext Root Scanning (ms):  0.7  0.8
       Avg:   0.8, Min:   0.7, Max:   0.8, Diff:   0.1]
      [Update RS (ms):  0.0  0.0
       Avg:   0.0, Min:   0.0, Max:   0.0, Diff:   0.0]
         [Processed Buffers : 4 0
          Sum: 4, Avg: 2, Min: 0, Max: 4, Diff: 4]
      [Scan RS (ms):  0.0  0.0
       Avg:   0.0, Min:   0.0, Max:   0.0, Diff:   0.0]
      [Object Copy (ms):  0.2  0.2
       Avg:   0.2, Min:   0.2, Max:   0.2, Diff:   0.1]
      [Termination (ms):  0.0  0.0
       Avg:   0.0, Min:   0.0, Max:   0.0, Diff:   0.0]
         [Termination Attempts : 1 1
          Sum: 2, Avg: 1, Min: 1, Max: 1, Diff: 0]
      [GC Worker End (ms):  12584.7  12584.7
       Avg: 12584.7, Min: 12584.7, Max: 12584.7, Diff:   0.0]
      [GC Worker (ms):  1.0  1.0
       Avg:   1.0, Min:   1.0, Max:   1.0, Diff:   0.0]
      [GC Worker Other (ms):  0.1  0.1
       Avg:   0.1, Min:   0.1, Max:   0.1, Diff:   0.0]
   [Clear CT:   0.0 ms]
   [Other:   0.2 ms]
      [Choose CSet:   0.0 ms]
      [Ref Proc:   0.0 ms]
      [Ref Enq:   0.0 ms]
      [Free CSet:   0.0 ms]
   [Eden: 1024K(101M)->0B(101M) Survivors: 1024K->1024K Heap: 369M(512M)->369M(512M)]
 [Times: user=0.01 sys=0.00, real=0.00 secs] 
Heap after GC invocations=457 (full 242):
 garbage-first heap   total 524288K, used 378030K [0x00000007dae00000, 0x00000007fae00000, 0x00000007fae00000)
  region size 1024K, 1 young (1024K), 1 survivors (1024K)
 compacting perm gen  total 20480K, used 2870K [0x00000007fae00000, 0x00000007fc200000, 0x0000000800000000)
   the space 20480K,  14% used [0x00000007fae00000, 0x00000007fb0cda98, 0x00000007fb0cdc00, 0x00000007fc200000)
No shared spaces configured.
}
12.585: [GC concurrent-root-region-scan-start]
12.585: [GC concurrent-root-region-scan-end, 0.0001140]
12.585: [GC concurrent-mark-start]
12.587: [GC concurrent-mark-end, 0.0025110 sec]
12.597: [GC remark 12.597: [GC ref-proc, 0.0000270 secs], 0.0031640 secs]
 [Times: user=0.00 sys=0.00, real=0.00 secs] 
12.600: [GC cleanup 391M->270M(512M), 0.0004630 secs]
 [Times: user=0.01 sys=0.00, real=0.00 secs] 
12.601: [GC concurrent-cleanup-start]
12.601: [GC concurrent-cleanup-end, 0.0002930]
{Heap before GC invocations=458 (full 242):
 garbage-first heap   total 524288K, used 294298K [0x00000007dae00000, 0x00000007fae00000, 0x00000007fae00000)
  region size 1024K, 2 young (2048K), 1 survivors (1024K)
 compacting perm gen  total 20480K, used 2870K [0x00000007fae00000, 0x00000007fc200000, 0x0000000800000000)
   the space 20480K,  14% used [0x00000007fae00000, 0x00000007fb0cda98, 0x00000007fb0cdc00, 0x00000007fc200000)
No shared spaces configured.
12.614: [GC pause (young)
Desired survivor size 6815744 bytes, new threshold 15 (max 15)
- age   1:        168 bytes,        168 total
- age   2:        104 bytes,        272 total
- age   3:        120 bytes,        392 total
 (initial-mark), 0.00143400 secs]
   [Parallel Time:   1.2 ms]
      [GC Worker Start (ms):  12614.1  12614.1
       Avg: 12614.1, Min: 12614.1, Max: 12614.1, Diff:   0.0]
      [Ext Root Scanning (ms):  0.9  1.0
       Avg:   1.0, Min:   0.9, Max:   1.0, Diff:   0.1]
      [Update RS (ms):  0.0  0.0
       Avg:   0.0, Min:   0.0, Max:   0.0, Diff:   0.0]
         [Processed Buffers : 2 1
          Sum: 3, Avg: 1, Min: 1, Max: 2, Diff: 1]
      [Scan RS (ms):  0.0  0.0
       Avg:   0.0, Min:   0.0, Max:   0.0, Diff:   0.0]
      [Object Copy (ms):  0.2  0.1
       Avg:   0.2, Min:   0.1, Max:   0.2, Diff:   0.1]
      [Termination (ms):  0.0  0.0
       Avg:   0.0, Min:   0.0, Max:   0.0, Diff:   0.0]
         [Termination Attempts : 1 1
          Sum: 2, Avg: 1, Min: 1, Max: 1, Diff: 0]
      [GC Worker End (ms):  12615.3  12615.3
       Avg: 12615.3, Min: 12615.3, Max: 12615.3, Diff:   0.0]
      [GC Worker (ms):  1.2  1.2
       Avg:   1.2, Min:   1.2, Max:   1.2, Diff:   0.0]
      [GC Worker Other (ms):  0.1  0.1
       Avg:   0.1, Min:   0.1, Max:   0.1, Diff:   0.0]
   [Clear CT:   0.0 ms]
   [Other:   0.2 ms]
      [Choose CSet:   0.0 ms]
      [Ref Proc:   0.0 ms]
      [Ref Enq:   0.0 ms]
      [Free CSet:   0.0 ms]
   [Eden: 1024K(101M)->0B(161M) Survivors: 1024K->1024K Heap: 287M(512M)->287M(512M)]
 [Times: user=0.00 sys=0.00, real=0.00 secs] 
Heap after GC invocations=459 (full 243):
 garbage-first heap   total 524288K, used 294298K [0x00000007dae00000, 0x00000007fae00000, 0x00000007fae00000)
  region size 1024K, 1 young (1024K), 1 survivors (1024K)
 compacting perm gen  total 20480K, used 2870K [0x00000007fae00000, 0x00000007fc200000, 0x0000000800000000)
   the space 20480K,  14% used [0x00000007fae00000, 0x00000007fb0cda98, 0x00000007fb0cdc00, 0x00000007fc200000)
No shared spaces configured.
}
12.616: [GC concurrent-root-region-scan-start]
12.616: [GC concurrent-root-region-scan-end, 0.0000860]
12.616: [GC concurrent-mark-start]
12.617: [GC concurrent-mark-end, 0.0016730 sec]
12.623: [GC remark 12.623: [GC ref-proc, 0.0000170 secs], 0.0027980 secs]
 [Times: user=0.00 sys=0.00, real=0.01 secs] 
12.677: [GC cleanup 400M->352M(512M), 0.0006100 secs]
 [Times: user=0.00 sys=0.00, real=0.00 secs] 
12.678: [GC concurrent-cleanup-start]
12.678: [GC concurrent-cleanup-end, 0.0001440]
{Heap before GC invocations=460 (full 243):
 garbage-first heap   total 524288K, used 379673K [0x00000007dae00000, 0x00000007fae00000, 0x00000007fae00000)
  region size 1024K, 2 young (2048K), 1 survivors (1024K)
 compacting perm gen  total 20480K, used 2870K [0x00000007fae00000, 0x00000007fc200000, 0x0000000800000000)
   the space 20480K,  14% used [0x00000007fae00000, 0x00000007fb0cda98, 0x00000007fb0cdc00, 0x00000007fc200000)
No shared spaces configured.
12.692: [GC pause (young)
Desired survivor size 11010048 bytes, new threshold 15 (max 15)
- age   1:        360 bytes,        360 total
- age   3:         40 bytes,        400 total
- age   4:        120 bytes,        520 total
 (initial-mark), 0.00139300 secs]
   [Parallel Time:   1.2 ms]
      [GC Worker Start (ms):  12692.5  12692.5
       Avg: 12692.5, Min: 12692.5, Max: 12692.5, Diff:   0.0]
      [Ext Root Scanning (ms):  1.0  0.9
       Avg:   1.0, Min:   0.9, Max:   1.0, Diff:   0.1]
      [Update RS (ms):  0.0  0.0
       Avg:   0.0, Min:   0.0, Max:   0.0, Diff:   0.0]
         [Processed Buffers : 0 3
          Sum: 3, Avg: 1, Min: 0, Max: 3, Diff: 3]
      [Scan RS (ms):  0.0  0.0
       Avg:   0.0, Min:   0.0, Max:   0.0, Diff:   0.0]
      [Object Copy (ms):  0.1  0.2
       Avg:   0.2, Min:   0.1, Max:   0.2, Diff:   0.0]
      [Termination (ms):  0.0  0.0
       Avg:   0.0, Min:   0.0, Max:   0.0, Diff:   0.0]
         [Termination Attempts : 1 1
          Sum: 2, Avg: 1, Min: 1, Max: 1, Diff: 0]
      [GC Worker End (ms):  12693.6  12693.6
       Avg: 12693.6, Min: 12693.6, Max: 12693.6, Diff:   0.0]
      [GC Worker (ms):  1.2  1.1
       Avg:   1.2, Min:   1.1, Max:   1.2, Diff:   0.0]
      [GC Worker Other (ms):  0.1  0.1
       Avg:   0.1, Min:   0.1, Max:   0.1, Diff:   0.0]
   [Clear CT:   0.0 ms]
   [Other:   0.2 ms]
      [Choose CSet:   0.0 ms]
      [Ref Proc:   0.0 ms]
      [Ref Enq:   0.0 ms]
      [Free CSet:   0.0 ms]
   [Eden: 1024K(161M)->0B(101M) Survivors: 1024K->1024K Heap: 370M(512M)->370M(512M)]
 [Times: user=0.00 sys=0.00, real=0.00 secs] 
Heap after GC invocations=461 (full 244):
 garbage-first heap   total 524288K, used 379673K [0x00000007dae00000, 0x00000007fae00000, 0x00000007fae00000)
  region size 1024K, 1 young (1024K), 1 survivors (1024K)
 compacting perm gen  total 20480K, used 2870K [0x00000007fae00000, 0x00000007fc200000, 0x0000000800000000)
   the space 20480K,  14% used [0x00000007fae00000, 0x00000007fb0cda98, 0x00000007fb0cdc00, 0x00000007fc200000)
No shared spaces configured.
}
12.694: [GC concurrent-root-region-scan-start]
12.694: [GC concurrent-root-region-scan-end, 0.0000800]
12.694: [GC concurrent-mark-start]
12.697: [GC concurrent-mark-end, 0.0026730 sec]
12.706: [GC remark 12.706: [GC ref-proc, 0.0000170 secs], 0.0028690 secs]
 [Times: user=0.00 sys=0.00, real=0.00 secs] 
12.709: [GC cleanup 394M->262M(512M), 0.0005160 secs]
 [Times: user=0.00 sys=0.00, real=0.00 secs] 
12.710: [GC concurrent-cleanup-start]
12.710: [GC concurrent-cleanup-end, 0.0002810]
{Heap before GC invocations=462 (full 244):
 garbage-first heap   total 524288K, used 306862K [0x00000007dae00000, 0x00000007fae00000, 0x00000007fae00000)
  region size 1024K, 2 young (2048K), 1 survivors (1024K)
 compacting perm gen  total 20480K, used 2870K [0x00000007fae00000, 0x00000007fc200000, 0x0000000800000000)
   the space 20480K,  14% used [0x00000007fae00000, 0x00000007fb0cda98, 0x00000007fb0cdc00, 0x00000007fc200000)
No shared spaces configured.
12.734: [GC pause (young)
Desired survivor size 6815744 bytes, new threshold 15 (max 15)
- age   1:        416 bytes,        416 total
- age   2:         56 bytes,        472 total
- age   4:         40 bytes,        512 total
- age   5:        120 bytes,        632 total
 (initial-mark), 0.00128500 secs]
   [Parallel Time:   1.1 ms]
      [GC Worker Start (ms):  12734.1  12734.1
       Avg: 12734.1, Min: 12734.1, Max: 12734.1, Diff:   0.0]
      [Ext Root Scanning (ms):  0.8  0.9
       Avg:   0.8, Min:   0.8, Max:   0.9, Diff:   0.1]
      [Update RS (ms):  0.0  0.0
       Avg:   0.0, Min:   0.0, Max:   0.0, Diff:   0.0]
         [Processed Buffers : 3 0
          Sum: 3, Avg: 1, Min: 0, Max: 3, Diff: 3]
      [Scan RS (ms):  0.0  0.0
       Avg:   0.0, Min:   0.0, Max:   0.0, Diff:   0.0]
      [Object Copy (ms):  0.2  0.1
       Avg:   0.2, Min:   0.1, Max:   0.2, Diff:   0.0]
      [Termination (ms):  0.1  0.0
       Avg:   0.0, Min:   0.0, Max:   0.1, Diff:   0.1]
         [Termination Attempts : 1 1
          Sum: 2, Avg: 1, Min: 1, Max: 1, Diff: 0]
      [GC Worker End (ms):  12735.1  12735.1
       Avg: 12735.1, Min: 12735.1, Max: 12735.1, Diff:   0.0]
      [GC Worker (ms):  1.1  1.0
       Avg:   1.0, Min:   1.0, Max:   1.1, Diff:   0.0]
      [GC Worker Other (ms):  0.1  0.1
       Avg:   0.1, Min:   0.1, Max:   0.1, Diff:   0.0]
   [Clear CT:   0.0 ms]
   [Other:   0.2 ms]
      [Choose CSet:   0.0 ms]
      [Ref Proc:   0.0 ms]
      [Ref Enq:   0.0 ms]
      [Free CSet:   0.0 ms]
   [Eden: 1024K(101M)->0B(149M) Survivors: 1024K->1024K Heap: 299M(512M)->299M(512M)]
 [Times: user=0.00 sys=0.00, real=0.00 secs] 
Heap after GC invocations=463 (full 245):
 garbage-first heap   total 524288K, used 306862K [0x00000007dae00000, 0x00000007fae00000, 0x00000007fae00000)
  region size 1024K, 1 young (1024K), 1 survivors (1024K)
 compacting perm gen  total 20480K, used 2870K [0x00000007fae00000, 0x00000007fc200000, 0x0000000800000000)
   the space 20480K,  14% used [0x00000007fae00000, 0x00000007fb0cda98, 0x00000007fb0cdc00, 0x00000007fc200000)
No shared spaces configured.
}
12.735: [GC concurrent-root-region-scan-start]
12.735: [GC concurrent-root-region-scan-end, 0.0001010]
12.735: [GC concurrent-mark-start]
12.737: [GC concurrent-mark-end, 0.0018530 sec]
12.760: [GC remark 12.761: [GC ref-proc, 0.0000160 secs], 0.0028990 secs]
 [Times: user=0.01 sys=0.00, real=0.00 secs] 
12.776: [GC cleanup 372M->315M(512M), 0.0005980 secs]
 [Times: user=0.00 sys=0.00, real=0.00 secs] 
12.777: [GC concurrent-cleanup-start]
12.777: [GC concurrent-cleanup-end, 0.0001690]
{Heap before GC invocations=464 (full 245):
 garbage-first heap   total 524288K, used 384810K [0x00000007dae00000, 0x00000007fae00000, 0x00000007fae00000)
  region size 1024K, 2 young (2048K), 1 survivors (1024K)
 compacting perm gen  total 20480K, used 2870K [0x00000007fae00000, 0x00000007fc200000, 0x0000000800000000)
   the space 20480K,  14% used [0x00000007fae00000, 0x00000007fb0cda98, 0x00000007fb0cdc00, 0x00000007fc200000)
No shared spaces configured.
12.814: [GC pause (young)
Desired survivor size 9961472 bytes, new threshold 15 (max 15)
- age   1:        120 bytes,        120 total
- age   2:        264 bytes,        384 total
- age   5:         40 bytes,        424 total
- age   6:        120 bytes,        544 total
 (initial-mark), 0.00139200 secs]
   [Parallel Time:   1.2 ms]
      [GC Worker Start (ms):  12813.7  12813.9
       Avg: 12813.8, Min: 12813.7, Max: 12813.9, Diff:   0.3]
      [Ext Root Scanning (ms):  0.9  0.8
       Avg:   0.8, Min:   0.8, Max:   0.9, Diff:   0.2]
      [Update RS (ms):  0.0  0.0
       Avg:   0.0, Min:   0.0, Max:   0.0, Diff:   0.0]
         [Processed Buffers : 1 1
          Sum: 2, Avg: 1, Min: 1, Max: 1, Diff: 0]
      [Scan RS (ms):  0.0  0.0
       Avg:   0.0, Min:   0.0, Max:   0.0, Diff:   0.0]
      [Object Copy (ms):  0.2  0.1
       Avg:   0.2, Min:   0.1, Max:   0.2, Diff:   0.1]
      [Termination (ms):  0.0  0.0
       Avg:   0.0, Min:   0.0, Max:   0.0, Diff:   0.0]
         [Termination Attempts : 1 1
          Sum: 2, Avg: 1, Min: 1, Max: 1, Diff: 0]
      [GC Worker End (ms):  12814.9  12814.9
       Avg: 12814.9, Min: 12814.9, Max: 12814.9, Diff:   0.0]
      [GC Worker (ms):  1.2  0.9
       Avg:   1.1, Min:   0.9, Max:   1.2, Diff:   0.3]
      [GC Worker Other (ms):  0.0  0.3
       Avg:   0.2, Min:   0.0, Max:   0.3, Diff:   0.3]
   [Clear CT:   0.0 ms]
   [Other:   0.2 ms]
      [Choose CSet:   0.0 ms]
      [Ref Proc:   0.0 ms]
      [Ref Enq:   0.0 ms]
      [Free CSet:   0.0 ms]
   [Eden: 1024K(149M)->0B(101M) Survivors: 1024K->1024K Heap: 375M(512M)->375M(512M)]
 [Times: user=0.00 sys=0.00, real=0.00 secs] 
Heap after GC invocations=465 (full 246):
 garbage-first heap   total 524288K, used 384810K [0x00000007dae00000, 0x00000007fae00000, 0x00000007fae00000)
  region size 1024K, 1 young (1024K), 1 survivors (1024K)
 compacting perm gen  total 20480K, used 2870K [0x00000007fae00000, 0x00000007fc200000, 0x0000000800000000)
   the space 20480K,  14% used [0x00000007fae00000, 0x00000007fb0cda98, 0x00000007fb0cdc00, 0x00000007fc200000)
No shared spaces configured.
}
12.815: [GC concurrent-root-region-scan-start]
12.815: [GC concurrent-root-region-scan-end, 0.0001400]
12.815: [GC concurrent-mark-start]
12.818: [GC concurrent-mark-end, 0.0023500 sec]
12.822: [GC remark 12.822: [GC ref-proc, 0.0000170 secs], 0.0030280 secs]
 [Times: user=0.01 sys=0.00, real=0.00 secs] 
12.825: [GC cleanup 389M->284M(512M), 0.0005030 secs]
 [Times: user=0.00 sys=0.00, real=0.00 secs] 
12.826: [GC concurrent-cleanup-start]
12.826: [GC concurrent-cleanup-end, 0.0002500]
{Heap before GC invocations=466 (full 246):
 garbage-first heap   total 524288K, used 366811K [0x00000007dae00000, 0x00000007fae00000, 0x00000007fae00000)
  region size 1024K, 2 young (2048K), 1 survivors (1024K)
 compacting perm gen  total 20480K, used 2870K [0x00000007fae00000, 0x00000007fc200000, 0x0000000800000000)
   the space 20480K,  14% used [0x00000007fae00000, 0x00000007fb0cda98, 0x00000007fb0cdc00, 0x00000007fc200000)
No shared spaces configured.
12.869: [GC pause (young)
Desired survivor size 6815744 bytes, new threshold 15 (max 15)
- age   1:        264 bytes,        264 total
- age   2:         40 bytes,        304 total
- age   3:         56 bytes,        360 total
- age   6:         40 bytes,        400 total
- age   7:        120 bytes,        520 total
 (initial-mark), 0.00123100 secs]
   [Parallel Time:   1.0 ms]
      [GC Worker Start (ms):  12868.8  12868.8
       Avg: 12868.8, Min: 12868.8, Max: 12868.8, Diff:   0.0]
      [Ext Root Scanning (ms):  0.8  0.8
       Avg:   0.8, Min:   0.8, Max:   0.8, Diff:   0.1]
      [Update RS (ms):  0.0  0.0
       Avg:   0.0, Min:   0.0, Max:   0.0, Diff:   0.0]
         [Processed Buffers : 4 0
          Sum: 4, Avg: 2, Min: 0, Max: 4, Diff: 4]
      [Scan RS (ms):  0.0  0.0
       Avg:   0.0, Min:   0.0, Max:   0.0, Diff:   0.0]
      [Object Copy (ms):  0.2  0.2
       Avg:   0.2, Min:   0.2, Max:   0.2, Diff:   0.0]
      [Termination (ms):  0.0  0.0
       Avg:   0.0, Min:   0.0, Max:   0.0, Diff:   0.0]
         [Termination Attempts : 1 1
          Sum: 2, Avg: 1, Min: 1, Max: 1, Diff: 0]
      [GC Worker End (ms):  12869.8  12869.8
       Avg: 12869.8, Min: 12869.8, Max: 12869.8, Diff:   0.0]
      [GC Worker (ms):  1.0  1.0
       Avg:   1.0, Min:   1.0, Max:   1.0, Diff:   0.0]
      [GC Worker Other (ms):  0.0  0.1
       Avg:   0.1, Min:   0.0, Max:   0.1, Diff:   0.0]
   [Clear CT:   0.0 ms]
   [Other:   0.2 ms]
      [Choose CSet:   0.0 ms]
      [Ref Proc:   0.0 ms]
      [Ref Enq:   0.0 ms]
      [Free CSet:   0.0 ms]
   [Eden: 1024K(101M)->0B(101M) Survivors: 1024K->1024K Heap: 358M(512M)->358M(512M)]
 [Times: user=0.00 sys=0.00, real=0.00 secs] 
Heap after GC invocations=467 (full 247):
 garbage-first heap   total 524288K, used 366811K [0x00000007dae00000, 0x00000007fae00000, 0x00000007fae00000)
  region size 1024K, 1 young (1024K), 1 survivors (1024K)
 compacting perm gen  total 20480K, used 2870K [0x00000007fae00000, 0x00000007fc200000, 0x0000000800000000)
   the space 20480K,  14% used [0x00000007fae00000, 0x00000007fb0cda98, 0x00000007fb0cdc00, 0x00000007fc200000)
No shared spaces configured.
}
12.870: [GC concurrent-root-region-scan-start]
12.870: [GC concurrent-root-region-scan-end, 0.0000760]
12.870: [GC concurrent-mark-start]
12.872: [GC concurrent-mark-end, 0.0021810 sec]
12.882: [GC remark 12.882: [GC ref-proc, 0.0000170 secs], 0.0031180 secs]
 [Times: user=0.00 sys=0.00, real=0.00 secs] 
12.885: [GC cleanup 381M->299M(512M), 0.0004610 secs]
 [Times: user=0.00 sys=0.00, real=0.01 secs] 
12.886: [GC concurrent-cleanup-start]
12.886: [GC concurrent-cleanup-end, 0.0002140]
{Heap before GC invocations=468 (full 247):
 garbage-first heap   total 524288K, used 338988K [0x00000007dae00000, 0x00000007fae00000, 0x00000007fae00000)
  region size 1024K, 2 young (2048K), 1 survivors (1024K)
 compacting perm gen  total 20480K, used 2870K [0x00000007fae00000, 0x00000007fc200000, 0x0000000800000000)
   the space 20480K,  14% used [0x00000007fae00000, 0x00000007fb0cda98, 0x00000007fb0cdc00, 0x00000007fc200000)
No shared spaces configured.
12.907: [GC pause (young)
Desired survivor size 6815744 bytes, new threshold 15 (max 15)
- age   1:        184 bytes,        184 total
- age   2:        152 bytes,        336 total
- age   7:         40 bytes,        376 total
- age   8:        120 bytes,        496 total
 (initial-mark), 0.00131000 secs]
   [Parallel Time:   1.1 ms]
      [GC Worker Start (ms):  12907.0  12907.0
       Avg: 12907.0, Min: 12907.0, Max: 12907.0, Diff:   0.0]
      [Ext Root Scanning (ms):  0.8  0.9
       Avg:   0.8, Min:   0.8, Max:   0.9, Diff:   0.1]
      [Update RS (ms):  0.0  0.0
       Avg:   0.0, Min:   0.0, Max:   0.0, Diff:   0.0]
         [Processed Buffers : 2 0
          Sum: 2, Avg: 1, Min: 0, Max: 2, Diff: 2]
      [Scan RS (ms):  0.0  0.0
       Avg:   0.0, Min:   0.0, Max:   0.0, Diff:   0.0]
      [Object Copy (ms):  0.2  0.1
       Avg:   0.2, Min:   0.1, Max:   0.2, Diff:   0.0]
      [Termination (ms):  0.1  0.0
       Avg:   0.0, Min:   0.0, Max:   0.1, Diff:   0.1]
         [Termination Attempts : 1 1
          Sum: 2, Avg: 1, Min: 1, Max: 1, Diff: 0]
      [GC Worker End (ms):  12908.1  12908.1
       Avg: 12908.1, Min: 12908.1, Max: 12908.1, Diff:   0.0]
      [GC Worker (ms):  1.1  1.1
       Avg:   1.1, Min:   1.1, Max:   1.1, Diff:   0.0]
      [GC Worker Other (ms):  0.1  0.1
       Avg:   0.1, Min:   0.1, Max:   0.1, Diff:   0.0]
   [Clear CT:   0.0 ms]
   [Other:   0.2 ms]
      [Choose CSet:   0.0 ms]
      [Ref Proc:   0.0 ms]
      [Ref Enq:   0.0 ms]
      [Free CSet:   0.0 ms]
   [Eden: 1024K(101M)->0B(116M) Survivors: 1024K->1024K Heap: 331M(512M)->331M(512M)]
 [Times: user=0.00 sys=0.00, real=0.00 secs] 
Heap after GC invocations=469 (full 248):
 garbage-first heap   total 524288K, used 338988K [0x00000007dae00000, 0x00000007fae00000, 0x00000007fae00000)
  region size 1024K, 1 young (1024K), 1 survivors (1024K)
 compacting perm gen  total 20480K, used 2870K [0x00000007fae00000, 0x00000007fc200000, 0x0000000800000000)
   the space 20480K,  14% used [0x00000007fae00000, 0x00000007fb0cda98, 0x00000007fb0cdc00, 0x00000007fc200000)
No shared spaces configured.
}
12.908: [GC concurrent-root-region-scan-start]
12.908: [GC concurrent-root-region-scan-end, 0.0001420]
12.908: [GC concurrent-mark-start]
12.911: [GC concurrent-mark-end, 0.0021850 sec]
12.928: [GC remark 12.929: [GC ref-proc, 0.0000140 secs], 0.0029420 secs]
 [Times: user=0.01 sys=0.00, real=0.00 secs] 
12.949: [GC cleanup 403M->338M(512M), 0.0005800 secs]
 [Times: user=0.00 sys=0.00, real=0.00 secs] 
12.950: [GC concurrent-cleanup-start]
12.950: [GC concurrent-cleanup-end, 0.0001880]
{Heap before GC invocations=470 (full 248):
 garbage-first heap   total 524288K, used 382637K [0x00000007dae00000, 0x00000007fae00000, 0x00000007fae00000)
  region size 1024K, 2 young (2048K), 1 survivors (1024K)
 compacting perm gen  total 20480K, used 2870K [0x00000007fae00000, 0x00000007fc200000, 0x0000000800000000)
   the space 20480K,  14% used [0x00000007fae00000, 0x00000007fb0cda98, 0x00000007fb0cdc00, 0x00000007fc200000)
No shared spaces configured.
12.974: [GC pause (young)
Desired survivor size 7864320 bytes, new threshold 15 (max 15)
- age   1:        336 bytes,        336 total
- age   2:         80 bytes,        416 total
- age   8:         40 bytes,        456 total
- age   9:        120 bytes,        576 total
 (initial-mark), 0.00126600 secs]
   [Parallel Time:   1.1 ms]
      [GC Worker Start (ms):  12973.7  12973.7
       Avg: 12973.7, Min: 12973.7, Max: 12973.7, Diff:   0.0]
      [Ext Root Scanning (ms):  0.8  0.9
       Avg:   0.8, Min:   0.8, Max:   0.9, Diff:   0.1]
      [Update RS (ms):  0.0  0.0
       Avg:   0.0, Min:   0.0, Max:   0.0, Diff:   0.0]
         [Processed Buffers : 3 0
          Sum: 3, Avg: 1, Min: 0, Max: 3, Diff: 3]
      [Scan RS (ms):  0.0  0.0
       Avg:   0.0, Min:   0.0, Max:   0.0, Diff:   0.0]
      [Object Copy (ms):  0.2  0.1
       Avg:   0.2, Min:   0.1, Max:   0.2, Diff:   0.1]
      [Termination (ms):  0.0  0.0
       Avg:   0.0, Min:   0.0, Max:   0.0, Diff:   0.0]
         [Termination Attempts : 1 1
          Sum: 2, Avg: 1, Min: 1, Max: 1, Diff: 0]
      [GC Worker End (ms):  12974.8  12974.8
       Avg: 12974.8, Min: 12974.8, Max: 12974.8, Diff:   0.0]
      [GC Worker (ms):  1.1  1.0
       Avg:   1.1, Min:   1.0, Max:   1.1, Diff:   0.0]
      [GC Worker Other (ms):  0.0  0.0
       Avg:   0.0, Min:   0.0, Max:   0.0, Diff:   0.0]
   [Clear CT:   0.0 ms]
   [Other:   0.2 ms]
      [Choose CSet:   0.0 ms]
      [Ref Proc:   0.0 ms]
      [Ref Enq:   0.0 ms]
      [Free CSet:   0.0 ms]
   [Eden: 1024K(116M)->0B(101M) Survivors: 1024K->1024K Heap: 373M(512M)->373M(512M)]
 [Times: user=0.00 sys=0.00, real=0.00 secs] 
Heap after GC invocations=471 (full 249):
 garbage-first heap   total 524288K, used 382637K [0x00000007dae00000, 0x00000007fae00000, 0x00000007fae00000)
  region size 1024K, 1 young (1024K), 1 survivors (1024K)
 compacting perm gen  total 20480K, used 2870K [0x00000007fae00000, 0x00000007fc200000, 0x0000000800000000)
   the space 20480K,  14% used [0x00000007fae00000, 0x00000007fb0cda98, 0x00000007fb0cdc00, 0x00000007fc200000)
No shared spaces configured.
}
12.975: [GC concurrent-root-region-scan-start]
12.975: [GC concurrent-root-region-scan-end, 0.0000920]
12.975: [GC concurrent-mark-start]
12.979: [GC concurrent-mark-end, 0.0034550 sec]
12.993: [GC remark 12.993: [GC ref-proc, 0.0000170 secs], 0.0028810 secs]
 [Times: user=0.01 sys=0.00, real=0.01 secs] 
12.996: [GC cleanup 408M->297M(512M), 0.0004940 secs]
 [Times: user=0.00 sys=0.00, real=0.00 secs] 
12.997: [GC concurrent-cleanup-start]
12.997: [GC concurrent-cleanup-end, 0.0003270]
{Heap before GC invocations=472 (full 249):
 garbage-first heap   total 524288K, used 374133K [0x00000007dae00000, 0x00000007fae00000, 0x00000007fae00000)
  region size 1024K, 2 young (2048K), 1 survivors (1024K)
 compacting perm gen  total 20480K, used 2870K [0x00000007fae00000, 0x00000007fc200000, 0x0000000800000000)
   the space 20480K,  14% used [0x00000007fae00000, 0x00000007fb0cda98, 0x00000007fb0cdc00, 0x00000007fc200000)
No shared spaces configured.
13.037: [GC pause (young)
Desired survivor size 6815744 bytes, new threshold 15 (max 15)
- age   1:        240 bytes,        240 total
- age   2:        112 bytes,        352 total
- age   9:         40 bytes,        392 total
- age  10:        120 bytes,        512 total
 (initial-mark), 0.00123200 secs]
   [Parallel Time:   1.1 ms]
      [GC Worker Start (ms):  13036.7  13036.7
       Avg: 13036.7, Min: 13036.7, Max: 13036.7, Diff:   0.0]
      [Ext Root Scanning (ms):  0.8  0.8
       Avg:   0.8, Min:   0.8, Max:   0.8, Diff:   0.1]
      [Update RS (ms):  0.0  0.0
       Avg:   0.0, Min:   0.0, Max:   0.0, Diff:   0.0]
         [Processed Buffers : 0 2
          Sum: 2, Avg: 1, Min: 0, Max: 2, Diff: 2]
      [Scan RS (ms):  0.0  0.0
       Avg:   0.0, Min:   0.0, Max:   0.0, Diff:   0.0]
      [Object Copy (ms):  0.2  0.2
       Avg:   0.2, Min:   0.2, Max:   0.2, Diff:   0.0]
      [Termination (ms):  0.0  0.0
       Avg:   0.0, Min:   0.0, Max:   0.0, Diff:   0.0]
         [Termination Attempts : 1 1
          Sum: 2, Avg: 1, Min: 1, Max: 1, Diff: 0]
      [GC Worker End (ms):  13037.7  13037.7
       Avg: 13037.7, Min: 13037.7, Max: 13037.7, Diff:   0.0]
      [GC Worker (ms):  1.0  1.0
       Avg:   1.0, Min:   1.0, Max:   1.0, Diff:   0.0]
      [GC Worker Other (ms):  0.1  0.1
       Avg:   0.1, Min:   0.1, Max:   0.1, Diff:   0.0]
   [Clear CT:   0.0 ms]
   [Other:   0.2 ms]
      [Choose CSet:   0.0 ms]
      [Ref Proc:   0.0 ms]
      [Ref Enq:   0.0 ms]
      [Free CSet:   0.0 ms]
   [Eden: 1024K(101M)->0B(101M) Survivors: 1024K->1024K Heap: 365M(512M)->365M(512M)]
 [Times: user=0.00 sys=0.00, real=0.00 secs] 
Heap after GC invocations=473 (full 250):
 garbage-first heap   total 524288K, used 374133K [0x00000007dae00000, 0x00000007fae00000, 0x00000007fae00000)
  region size 1024K, 1 young (1024K), 1 survivors (1024K)
 compacting perm gen  total 20480K, used 2870K [0x00000007fae00000, 0x00000007fc200000, 0x0000000800000000)
   the space 20480K,  14% used [0x00000007fae00000, 0x00000007fb0cda98, 0x00000007fb0cdc00, 0x00000007fc200000)
No shared spaces configured.
}
13.038: [GC concurrent-root-region-scan-start]
13.038: [GC concurrent-root-region-scan-end, 0.0001100]
13.038: [GC concurrent-mark-start]
13.040: [GC concurrent-mark-end, 0.0021050 sec]
13.050: [GC remark 13.050: [GC ref-proc, 0.0000170 secs], 0.0036400 secs]
 [Times: user=0.00 sys=0.00, real=0.00 secs] 
13.054: [GC cleanup 388M->330M(512M), 0.0004360 secs]
 [Times: user=0.00 sys=0.00, real=0.00 secs] 
13.054: [GC concurrent-cleanup-start]
13.055: [GC concurrent-cleanup-end, 0.0001330]
{Heap before GC invocations=474 (full 250):
 garbage-first heap   total 524288K, used 360648K [0x00000007dae00000, 0x00000007fae00000, 0x00000007fae00000)
  region size 1024K, 2 young (2048K), 1 survivors (1024K)
 compacting perm gen  total 20480K, used 2870K [0x00000007fae00000, 0x00000007fc200000, 0x0000000800000000)
   the space 20480K,  14% used [0x00000007fae00000, 0x00000007fb0cda98, 0x00000007fb0cdc00, 0x00000007fc200000)
No shared spaces configured.
13.070: [GC pause (young)
Desired survivor size 6815744 bytes, new threshold 15 (max 15)
- age   1:        288 bytes,        288 total
- age   2:         96 bytes,        384 total
- age   3:         40 bytes,        424 total
- age  10:         40 bytes,        464 total
- age  11:        120 bytes,        584 total
 (initial-mark), 0.00121700 secs]
   [Parallel Time:   1.0 ms]
      [GC Worker Start (ms):  13070.6  13070.6
       Avg: 13070.6, Min: 13070.6, Max: 13070.6, Diff:   0.0]
      [Ext Root Scanning (ms):  0.8  0.7
       Avg:   0.8, Min:   0.7, Max:   0.8, Diff:   0.1]
      [Update RS (ms):  0.0  0.0
       Avg:   0.0, Min:   0.0, Max:   0.0, Diff:   0.0]
         [Processed Buffers : 1 3
          Sum: 4, Avg: 2, Min: 1, Max: 3, Diff: 2]
      [Scan RS (ms):  0.0  0.0
       Avg:   0.0, Min:   0.0, Max:   0.0, Diff:   0.0]
      [Object Copy (ms):  0.1  0.2
       Avg:   0.2, Min:   0.1, Max:   0.2, Diff:   0.1]
      [Termination (ms):  0.0  0.0
       Avg:   0.0, Min:   0.0, Max:   0.0, Diff:   0.0]
         [Termination Attempts : 1 1
          Sum: 2, Avg: 1, Min: 1, Max: 1, Diff: 0]
      [GC Worker End (ms):  13071.6  13071.6
       Avg: 13071.6, Min: 13071.6, Max: 13071.6, Diff:   0.0]
      [GC Worker (ms):  1.0  1.0
       Avg:   1.0, Min:   1.0, Max:   1.0, Diff:   0.0]
      [GC Worker Other (ms):  0.1  0.1
       Avg:   0.1, Min:   0.1, Max:   0.1, Diff:   0.0]
   [Clear CT:   0.0 ms]
   [Other:   0.2 ms]
      [Choose CSet:   0.0 ms]
      [Ref Proc:   0.0 ms]
      [Ref Enq:   0.0 ms]
      [Free CSet:   0.0 ms]
   [Eden: 1024K(101M)->0B(101M) Survivors: 1024K->1024K Heap: 352M(512M)->352M(512M)]
 [Times: user=0.00 sys=0.00, real=0.00 secs] 
Heap after GC invocations=475 (full 251):
 garbage-first heap   total 524288K, used 360648K [0x00000007dae00000, 0x00000007fae00000, 0x00000007fae00000)
  region size 1024K, 1 young (1024K), 1 survivors (1024K)
 compacting perm gen  total 20480K, used 2870K [0x00000007fae00000, 0x00000007fc200000, 0x0000000800000000)
   the space 20480K,  14% used [0x00000007fae00000, 0x00000007fb0cda98, 0x00000007fb0cdc00, 0x00000007fc200000)
No shared spaces configured.
}
13.072: [GC concurrent-root-region-scan-start]
13.072: [GC concurrent-root-region-scan-end, 0.0000840]
13.072: [GC concurrent-mark-start]
13.074: [GC concurrent-mark-end, 0.0022470 sec]
13.077: [GC remark 13.077: [GC ref-proc, 0.0000160 secs], 0.0032420 secs]
 [Times: user=0.00 sys=0.00, real=0.00 secs] 
13.080: [GC cleanup 362M->305M(512M), 0.0005100 secs]
 [Times: user=0.00 sys=0.00, real=0.00 secs] 
13.081: [GC concurrent-cleanup-start]
13.081: [GC concurrent-cleanup-end, 0.0001310]
{Heap before GC invocations=476 (full 251):
 garbage-first heap   total 524288K, used 359848K [0x00000007dae00000, 0x00000007fae00000, 0x00000007fae00000)
  region size 1024K, 2 young (2048K), 1 survivors (1024K)
 compacting perm gen  total 20480K, used 2870K [0x00000007fae00000, 0x00000007fc200000, 0x0000000800000000)
   the space 20480K,  14% used [0x00000007fae00000, 0x00000007fb0cda98, 0x00000007fb0cdc00, 0x00000007fc200000)
No shared spaces configured.
13.110: [GC pause (young)
Desired survivor size 6815744 bytes, new threshold 15 (max 15)
- age   1:        144 bytes,        144 total
- age   2:        232 bytes,        376 total
- age   3:         40 bytes,        416 total
- age  11:         40 bytes,        456 total
- age  12:        120 bytes,        576 total
 (initial-mark), 0.00128300 secs]
   [Parallel Time:   1.1 ms]
      [GC Worker Start (ms):  13109.9  13109.9
       Avg: 13109.9, Min: 13109.9, Max: 13109.9, Diff:   0.0]
      [Ext Root Scanning (ms):  0.8  0.9
       Avg:   0.8, Min:   0.8, Max:   0.9, Diff:   0.1]
      [Update RS (ms):  0.0  0.0
       Avg:   0.0, Min:   0.0, Max:   0.0, Diff:   0.0]
         [Processed Buffers : 3 0
          Sum: 3, Avg: 1, Min: 0, Max: 3, Diff: 3]
      [Scan RS (ms):  0.0  0.0
       Avg:   0.0, Min:   0.0, Max:   0.0, Diff:   0.0]
      [Object Copy (ms):  0.2  0.2
       Avg:   0.2, Min:   0.2, Max:   0.2, Diff:   0.0]
      [Termination (ms):  0.1  0.0
       Avg:   0.0, Min:   0.0, Max:   0.1, Diff:   0.1]
         [Termination Attempts : 1 1
          Sum: 2, Avg: 1, Min: 1, Max: 1, Diff: 0]
      [GC Worker End (ms):  13110.9  13110.9
       Avg: 13110.9, Min: 13110.9, Max: 13110.9, Diff:   0.0]
      [GC Worker (ms):  1.1  1.0
       Avg:   1.1, Min:   1.0, Max:   1.1, Diff:   0.0]
      [GC Worker Other (ms):  0.1  0.1
       Avg:   0.1, Min:   0.1, Max:   0.1, Diff:   0.0]
   [Clear CT:   0.0 ms]
   [Other:   0.2 ms]
      [Choose CSet:   0.0 ms]
      [Ref Proc:   0.0 ms]
      [Ref Enq:   0.0 ms]
      [Free CSet:   0.0 ms]
   [Eden: 1024K(101M)->0B(101M) Survivors: 1024K->1024K Heap: 351M(512M)->351M(512M)]
 [Times: user=0.01 sys=0.00, real=0.00 secs] 
Heap after GC invocations=477 (full 252):
 garbage-first heap   total 524288K, used 359848K [0x00000007dae00000, 0x00000007fae00000, 0x00000007fae00000)
  region size 1024K, 1 young (1024K), 1 survivors (1024K)
 compacting perm gen  total 20480K, used 2870K [0x00000007fae00000, 0x00000007fc200000, 0x0000000800000000)
   the space 20480K,  14% used [0x00000007fae00000, 0x00000007fb0cda98, 0x00000007fb0cdc00, 0x00000007fc200000)
No shared spaces configured.
}
13.111: [GC concurrent-root-region-scan-start]
13.111: [GC concurrent-root-region-scan-end, 0.0000890]
13.111: [GC concurrent-mark-start]
13.113: [GC concurrent-mark-end, 0.0018430 sec]
13.119: [GC remark 13.119: [GC ref-proc, 0.0000180 secs], 0.0033360 secs]
 [Times: user=0.01 sys=0.00, real=0.00 secs] 
13.135: [GC cleanup 390M->332M(512M), 0.0006700 secs]
 [Times: user=0.00 sys=0.00, real=0.00 secs] 
13.135: [GC concurrent-cleanup-start]
13.135: [GC concurrent-cleanup-end, 0.0001550]
{Heap before GC invocations=478 (full 252):
 garbage-first heap   total 524288K, used 361019K [0x00000007dae00000, 0x00000007fae00000, 0x00000007fae00000)
  region size 1024K, 2 young (2048K), 1 survivors (1024K)
 compacting perm gen  total 20480K, used 2870K [0x00000007fae00000, 0x00000007fc200000, 0x0000000800000000)
   the space 20480K,  14% used [0x00000007fae00000, 0x00000007fb0cda98, 0x00000007fb0cdc00, 0x00000007fc200000)
No shared spaces configured.
13.151: [GC pause (young)
Desired survivor size 6815744 bytes, new threshold 15 (max 15)
- age   1:        192 bytes,        192 total
- age   2:         72 bytes,        264 total
- age   3:        160 bytes,        424 total
- age  12:         40 bytes,        464 total
- age  13:        120 bytes,        584 total
 (initial-mark), 0.00165700 secs]
   [Parallel Time:   1.4 ms]
      [GC Worker Start (ms):  13150.7  13150.7
       Avg: 13150.7, Min: 13150.7, Max: 13150.7, Diff:   0.0]
      [Ext Root Scanning (ms):  0.8  0.8
       Avg:   0.8, Min:   0.8, Max:   0.8, Diff:   0.0]
      [Update RS (ms):  0.0  0.0
       Avg:   0.0, Min:   0.0, Max:   0.0, Diff:   0.0]
         [Processed Buffers : 2 0
          Sum: 2, Avg: 1, Min: 0, Max: 2, Diff: 2]
      [Scan RS (ms):  0.0  0.0
       Avg:   0.0, Min:   0.0, Max:   0.0, Diff:   0.0]
      [Object Copy (ms):  0.2  0.6
       Avg:   0.4, Min:   0.2, Max:   0.6, Diff:   0.4]
      [Termination (ms):  0.3  0.0
       Avg:   0.2, Min:   0.0, Max:   0.3, Diff:   0.3]
         [Termination Attempts : 1 1
          Sum: 2, Avg: 1, Min: 1, Max: 1, Diff: 0]
      [GC Worker End (ms):  13152.1  13152.1
       Avg: 13152.1, Min: 13152.1, Max: 13152.1, Diff:   0.0]
      [GC Worker (ms):  1.4  1.4
       Avg:   1.4, Min:   1.4, Max:   1.4, Diff:   0.0]
      [GC Worker Other (ms):  0.1  0.1
       Avg:   0.1, Min:   0.1, Max:   0.1, Diff:   0.0]
   [Clear CT:   0.0 ms]
   [Other:   0.2 ms]
      [Choose CSet:   0.0 ms]
      [Ref Proc:   0.1 ms]
      [Ref Enq:   0.0 ms]
      [Free CSet:   0.0 ms]
   [Eden: 1024K(101M)->0B(101M) Survivors: 1024K->1024K Heap: 352M(512M)->352M(512M)]
 [Times: user=0.00 sys=0.00, real=0.00 secs] 
Heap after GC invocations=479 (full 253):
 garbage-first heap   total 524288K, used 361019K [0x00000007dae00000, 0x00000007fae00000, 0x00000007fae00000)
  region size 1024K, 1 young (1024K), 1 survivors (1024K)
 compacting perm gen  total 20480K, used 2870K [0x00000007fae00000, 0x00000007fc200000, 0x0000000800000000)
   the space 20480K,  14% used [0x00000007fae00000, 0x00000007fb0cda98, 0x00000007fb0cdc00, 0x00000007fc200000)
No shared spaces configured.
}
13.152: [GC concurrent-root-region-scan-start]
13.152: [GC concurrent-root-region-scan-end, 0.0001270]
13.152: [GC concurrent-mark-start]
13.169: [GC concurrent-mark-end, 0.0163480 sec]
13.189: [GC remark 13.189: [GC ref-proc, 0.0000160 secs], 0.0031250 secs]
 [Times: user=0.00 sys=0.00, real=0.00 secs] 
{Heap before GC invocations=479 (full 253):
 garbage-first heap   total 524288K, used 434962K [0x00000007dae00000, 0x00000007fae00000, 0x00000007fae00000)
  region size 1024K, 2 young (2048K), 1 survivors (1024K)
 compacting perm gen  total 20480K, used 2870K [0x00000007fae00000, 0x00000007fc200000, 0x0000000800000000)
   the space 20480K,  14% used [0x00000007fae00000, 0x00000007fb0cda98, 0x00000007fb0cdc00, 0x00000007fc200000)
No shared spaces configured.
13.193: [GC pause (young)
Desired survivor size 6815744 bytes, new threshold 15 (max 15)
- age   1:        112 bytes,        112 total
- age   2:        136 bytes,        248 total
- age   3:         16 bytes,        264 total
- age   4:         80 bytes,        344 total
- age  13:         40 bytes,        384 total
- age  14:        120 bytes,        504 total
, 0.00094700 secs]
   [Parallel Time:   0.9 ms]
      [GC Worker Start (ms):  13192.9  13192.9
       Avg: 13192.9, Min: 13192.9, Max: 13192.9, Diff:   0.0]
      [Ext Root Scanning (ms):  0.7  0.8
       Avg:   0.7, Min:   0.7, Max:   0.8, Diff:   0.1]
      [SATB Filtering (ms):  0.0  0.0
       Avg:   0.0, Min:   0.0, Max:   0.0, Diff:   0.0]
      [Update RS (ms):  0.0  0.0
       Avg:   0.0, Min:   0.0, Max:   0.0, Diff:   0.0]
         [Processed Buffers : 2 0
          Sum: 2, Avg: 1, Min: 0, Max: 2, Diff: 2]
      [Scan RS (ms):  0.0  0.0
       Avg:   0.0, Min:   0.0, Max:   0.0, Diff:   0.0]
      [Object Copy (ms):  0.1  0.0
       Avg:   0.0, Min:   0.0, Max:   0.1, Diff:   0.0]
      [Termination (ms):  0.0  0.0
       Avg:   0.0, Min:   0.0, Max:   0.0, Diff:   0.0]
         [Termination Attempts : 1 1
          Sum: 2, Avg: 1, Min: 1, Max: 1, Diff: 0]
      [GC Worker End (ms):  13193.7  13193.7
       Avg: 13193.7, Min: 13193.7, Max: 13193.7, Diff:   0.0]
      [GC Worker (ms):  0.8  0.8
       Avg:   0.8, Min:   0.8, Max:   0.8, Diff:   0.0]
      [GC Worker Other (ms):  0.0  0.1
       Avg:   0.0, Min:   0.0, Max:   0.1, Diff:   0.0]
   [Complete CSet Marking:   0.0 ms]
   [Clear CT:   0.0 ms]
   [Other:   0.1 ms]
      [Choose CSet:   0.0 ms]
      [Ref Proc:   0.0 ms]
      [Ref Enq:   0.0 ms]
      [Free CSet:   0.0 ms]
   [Eden: 1024K(101M)->0B(101M) Survivors: 1024K->1024K Heap: 424M(512M)->424M(512M)]
 [Times: user=0.01 sys=0.00, real=0.00 secs] 
Heap after GC invocations=480 (full 253):
 garbage-first heap   total 524288K, used 434962K [0x00000007dae00000, 0x00000007fae00000, 0x00000007fae00000)
  region size 1024K, 1 young (1024K), 1 survivors (1024K)
 compacting perm gen  total 20480K, used 2870K [0x00000007fae00000, 0x00000007fc200000, 0x0000000800000000)
   the space 20480K,  14% used [0x00000007fae00000, 0x00000007fb0cda98, 0x00000007fb0cdc00, 0x00000007fc200000)
No shared spaces configured.
}
13.205: [GC cleanup 446M->374M(512M), 0.0005210 secs]
 [Times: user=0.00 sys=0.00, real=0.00 secs] 
13.205: [GC concurrent-cleanup-start]
13.205: [GC concurrent-cleanup-end, 0.0002060]
{Heap before GC invocations=481 (full 253):
 garbage-first heap   total 524288K, used 459474K [0x00000007dae00000, 0x00000007fae00000, 0x00000007fae00000)
  region size 1024K, 2 young (2048K), 1 survivors (1024K)
 compacting perm gen  total 20480K, used 2870K [0x00000007fae00000, 0x00000007fc200000, 0x0000000800000000)
   the space 20480K,  14% used [0x00000007fae00000, 0x00000007fb0cda98, 0x00000007fb0cdc00, 0x00000007fc200000)
No shared spaces configured.
13.249: [GC pause (young)
Desired survivor size 6815744 bytes, new threshold 15 (max 15)
- age   1:        256 bytes,        256 total
- age   2:         56 bytes,        312 total
- age   3:         40 bytes,        352 total
- age  14:         40 bytes,        392 total
- age  15:        120 bytes,        512 total
, 0.00104600 secs]
   [Parallel Time:   0.9 ms]
      [GC Worker Start (ms):  13248.7  13248.7
       Avg: 13248.7, Min: 13248.7, Max: 13248.7, Diff:   0.0]
      [Ext Root Scanning (ms):  0.8  0.8
       Avg:   0.8, Min:   0.8, Max:   0.8, Diff:   0.1]
      [Update RS (ms):  0.0  0.0
       Avg:   0.0, Min:   0.0, Max:   0.0, Diff:   0.0]
         [Processed Buffers : 3 0
          Sum: 3, Avg: 1, Min: 0, Max: 3, Diff: 3]
      [Scan RS (ms):  0.0  0.0
       Avg:   0.0, Min:   0.0, Max:   0.0, Diff:   0.0]
      [Object Copy (ms):  0.1  0.0
       Avg:   0.0, Min:   0.0, Max:   0.1, Diff:   0.0]
      [Termination (ms):  0.0  0.0
       Avg:   0.0, Min:   0.0, Max:   0.0, Diff:   0.0]
         [Termination Attempts : 1 1
          Sum: 2, Avg: 1, Min: 1, Max: 1, Diff: 0]
      [GC Worker End (ms):  13249.6  13249.6
       Avg: 13249.6, Min: 13249.6, Max: 13249.6, Diff:   0.0]
      [GC Worker (ms):  0.9  0.9
       Avg:   0.9, Min:   0.9, Max:   0.9, Diff:   0.0]
      [GC Worker Other (ms):  0.1  0.1
       Avg:   0.1, Min:   0.1, Max:   0.1, Diff:   0.0]
   [Clear CT:   0.0 ms]
   [Other:   0.1 ms]
      [Choose CSet:   0.0 ms]
      [Ref Proc:   0.0 ms]
      [Ref Enq:   0.0 ms]
      [Free CSet:   0.0 ms]
   [Eden: 1024K(101M)->0B(101M) Survivors: 1024K->1024K Heap: 448M(512M)->448M(512M)]
 [Times: user=0.00 sys=0.00, real=0.00 secs] 
Heap after GC invocations=482 (full 253):
 garbage-first heap   total 524288K, used 459482K [0x00000007dae00000, 0x00000007fae00000, 0x00000007fae00000)
  region size 1024K, 1 young (1024K), 1 survivors (1024K)
 compacting perm gen  total 20480K, used 2870K [0x00000007fae00000, 0x00000007fc200000, 0x0000000800000000)
   the space 20480K,  14% used [0x00000007fae00000, 0x00000007fb0cda98, 0x00000007fb0cdc00, 0x00000007fc200000)
No shared spaces configured.
}
{Heap before GC invocations=482 (full 253):
 garbage-first heap   total 524288K, used 459482K [0x00000007dae00000, 0x00000007fae00000, 0x00000007fae00000)
  region size 1024K, 1 young (1024K), 1 survivors (1024K)
 compacting perm gen  total 20480K, used 2870K [0x00000007fae00000, 0x00000007fc200000, 0x0000000800000000)
   the space 20480K,  14% used [0x00000007fae00000, 0x00000007fb0cda98, 0x00000007fb0cdc00, 0x00000007fc200000)
No shared spaces configured.
13.250: [Full GC 448M->313M(512M), 0.0115760 secs]
 [Times: user=0.01 sys=0.00, real=0.01 secs] 
Heap after GC invocations=483 (full 254):
 garbage-first heap   total 524288K, used 321351K [0x00000007dae00000, 0x00000007fae00000, 0x00000007fae00000)
  region size 1024K, 0 young (0K), 0 survivors (0K)
 compacting perm gen  total 20480K, used 2870K [0x00000007fae00000, 0x00000007fc200000, 0x0000000800000000)
   the space 20480K,  14% used [0x00000007fae00000, 0x00000007fb0cda98, 0x00000007fb0cdc00, 0x00000007fc200000)
No shared spaces configured.
}
{Heap before GC invocations=483 (full 254):
 garbage-first heap   total 524288K, used 372319K [0x00000007dae00000, 0x00000007fae00000, 0x00000007fae00000)
  region size 1024K, 1 young (1024K), 0 survivors (0K)
 compacting perm gen  total 20480K, used 2870K [0x00000007fae00000, 0x00000007fc200000, 0x0000000800000000)
   the space 20480K,  14% used [0x00000007fae00000, 0x00000007fb0cda98, 0x00000007fb0cdc00, 0x00000007fc200000)
No shared spaces configured.
13.287: [GC pause (young)
Desired survivor size 9437184 bytes, new threshold 15 (max 15)
- age   1:        192 bytes,        192 total
- age   2:        240 bytes,        432 total
- age  15:         40 bytes,        472 total
 (initial-mark), 0.00202600 secs]
   [Parallel Time:   1.8 ms]
      [GC Worker Start (ms):  13287.1  13287.2
       Avg: 13287.2, Min: 13287.1, Max: 13287.2, Diff:   0.1]
      [Ext Root Scanning (ms):  1.5  1.4
       Avg:   1.5, Min:   1.4, Max:   1.5, Diff:   0.1]
      [Update RS (ms):  0.0  0.0
       Avg:   0.0, Min:   0.0, Max:   0.0, Diff:   0.0]
         [Processed Buffers : 0 2
          Sum: 2, Avg: 1, Min: 0, Max: 2, Diff: 2]
      [Scan RS (ms):  0.0  0.0
       Avg:   0.0, Min:   0.0, Max:   0.0, Diff:   0.0]
      [Object Copy (ms):  0.2  0.2
       Avg:   0.2, Min:   0.2, Max:   0.2, Diff:   0.1]
      [Termination (ms):  0.0  0.0
       Avg:   0.0, Min:   0.0, Max:   0.0, Diff:   0.0]
         [Termination Attempts : 1 1
          Sum: 2, Avg: 1, Min: 1, Max: 1, Diff: 0]
      [GC Worker End (ms):  13288.8  13288.8
       Avg: 13288.8, Min: 13288.8, Max: 13288.8, Diff:   0.0]
      [GC Worker (ms):  1.7  1.6
       Avg:   1.7, Min:   1.6, Max:   1.7, Diff:   0.1]
      [GC Worker Other (ms):  0.1  0.2
       Avg:   0.1, Min:   0.1, Max:   0.2, Diff:   0.1]
   [Clear CT:   0.0 ms]
   [Other:   0.2 ms]
      [Choose CSet:   0.0 ms]
      [Ref Proc:   0.0 ms]
      [Ref Enq:   0.0 ms]
      [Free CSet:   0.0 ms]
   [Eden: 1024K(101M)->0B(101M) Survivors: 0B->1024K Heap: 363M(512M)->363M(512M)]
 [Times: user=0.00 sys=0.00, real=0.00 secs] 
Heap after GC invocations=484 (full 255):
 garbage-first heap   total 524288K, used 372383K [0x00000007dae00000, 0x00000007fae00000, 0x00000007fae00000)
  region size 1024K, 1 young (1024K), 1 survivors (1024K)
 compacting perm gen  total 20480K, used 2870K [0x00000007fae00000, 0x00000007fc200000, 0x0000000800000000)
   the space 20480K,  14% used [0x00000007fae00000, 0x00000007fb0cda98, 0x00000007fb0cdc00, 0x00000007fc200000)
No shared spaces configured.
}
13.289: [GC concurrent-root-region-scan-start]
13.289: [GC concurrent-root-region-scan-end, 0.0000520]
13.289: [GC concurrent-mark-start]
13.300: [GC concurrent-mark-end, 0.0108270 sec]
{Heap before GC invocations=484 (full 255):
 garbage-first heap   total 524288K, used 433583K [0x00000007dae00000, 0x00000007fae00000, 0x00000007fae00000)
  region size 1024K, 2 young (2048K), 1 survivors (1024K)
 compacting perm gen  total 20480K, used 2870K [0x00000007fae00000, 0x00000007fc200000, 0x0000000800000000)
   the space 20480K,  14% used [0x00000007fae00000, 0x00000007fb0cda98, 0x00000007fb0cdc00, 0x00000007fc200000)
No shared spaces configured.
13.320: [GC pause (young)
Desired survivor size 6815744 bytes, new threshold 15 (max 15)
- age   1:        256 bytes,        256 total
, 0.00107100 secs]
   [Parallel Time:   0.9 ms]
      [GC Worker Start (ms):  13319.6  13319.7
       Avg: 13319.7, Min: 13319.6, Max: 13319.7, Diff:   0.0]
      [Ext Root Scanning (ms):  0.8  0.8
       Avg:   0.8, Min:   0.8, Max:   0.8, Diff:   0.0]
      [SATB Filtering (ms):  0.0  0.0
       Avg:   0.0, Min:   0.0, Max:   0.0, Diff:   0.0]
      [Update RS (ms):  0.0  0.0
       Avg:   0.0, Min:   0.0, Max:   0.0, Diff:   0.0]
         [Processed Buffers : 4 0
          Sum: 4, Avg: 2, Min: 0, Max: 4, Diff: 4]
      [Scan RS (ms):  0.0  0.0
       Avg:   0.0, Min:   0.0, Max:   0.0, Diff:   0.0]
      [Object Copy (ms):  0.1  0.0
       Avg:   0.0, Min:   0.0, Max:   0.1, Diff:   0.0]
      [Termination (ms):  0.0  0.0
       Avg:   0.0, Min:   0.0, Max:   0.0, Diff:   0.0]
         [Termination Attempts : 1 1
          Sum: 2, Avg: 1, Min: 1, Max: 1, Diff: 0]
      [GC Worker End (ms):  13320.5  13320.5
       Avg: 13320.5, Min: 13320.5, Max: 13320.5, Diff:   0.0]
      [GC Worker (ms):  0.9  0.9
       Avg:   0.9, Min:   0.9, Max:   0.9, Diff:   0.0]
      [GC Worker Other (ms):  0.1  0.1
       Avg:   0.1, Min:   0.1, Max:   0.1, Diff:   0.0]
   [Complete CSet Marking:   0.0 ms]
   [Clear CT:   0.0 ms]
   [Other:   0.1 ms]
      [Choose CSet:   0.0 ms]
      [Ref Proc:   0.0 ms]
      [Ref Enq:   0.0 ms]
      [Free CSet:   0.0 ms]
   [Eden: 1024K(101M)->0B(101M) Survivors: 1024K->1024K Heap: 423M(512M)->423M(512M)]
 [Times: user=0.00 sys=0.00, real=0.00 secs] 
Heap after GC invocations=485 (full 255):
 garbage-first heap   total 524288K, used 433583K [0x00000007dae00000, 0x00000007fae00000, 0x00000007fae00000)
  region size 1024K, 1 young (1024K), 1 survivors (1024K)
 compacting perm gen  total 20480K, used 2870K [0x00000007fae00000, 0x00000007fc200000, 0x0000000800000000)
   the space 20480K,  14% used [0x00000007fae00000, 0x00000007fb0cda98, 0x00000007fb0cdc00, 0x00000007fc200000)
No shared spaces configured.
}
{Heap before GC invocations=485 (full 255):
 garbage-first heap   total 524288K, used 433583K [0x00000007dae00000, 0x00000007fae00000, 0x00000007fae00000)
  region size 1024K, 1 young (1024K), 1 survivors (1024K)
 compacting perm gen  total 20480K, used 2870K [0x00000007fae00000, 0x00000007fc200000, 0x0000000800000000)
   the space 20480K,  14% used [0x00000007fae00000, 0x00000007fb0cda98, 0x00000007fb0cdc00, 0x00000007fc200000)
No shared spaces configured.
13.321: [Full GC 423M->183M(512M), 0.0118370 secs]
 [Times: user=0.01 sys=0.00, real=0.01 secs] 
Heap after GC invocations=486 (full 256):
 garbage-first heap   total 524288K, used 188373K [0x00000007dae00000, 0x00000007fae00000, 0x00000007fae00000)
  region size 1024K, 0 young (0K), 0 survivors (0K)
 compacting perm gen  total 20480K, used 2870K [0x00000007fae00000, 0x00000007fc200000, 0x0000000800000000)
   the space 20480K,  14% used [0x00000007fae00000, 0x00000007fb0cda98, 0x00000007fb0cdc00, 0x00000007fc200000)
No shared spaces configured.
}
13.365: [GC remark, 0.0000020 secs]
 [Times: user=0.00 sys=0.00, real=0.00 secs] 
13.365: [GC concurrent-mark-abort]
{Heap before GC invocations=486 (full 256):
 garbage-first heap   total 524288K, used 268880K [0x00000007dae00000, 0x00000007fae00000, 0x00000007fae00000)
  region size 1024K, 1 young (1024K), 0 survivors (0K)
 compacting perm gen  total 20480K, used 2870K [0x00000007fae00000, 0x00000007fc200000, 0x0000000800000000)
   the space 20480K,  14% used [0x00000007fae00000, 0x00000007fb0cda98, 0x00000007fb0cdc00, 0x00000007fc200000)
No shared spaces configured.
13.379: [GC pause (young)
Desired survivor size 17825792 bytes, new threshold 15 (max 15)
- age   1:         88 bytes,         88 total
- age   2:        256 bytes,        344 total
 (initial-mark), 0.00188400 secs]
   [Parallel Time:   1.7 ms]
      [GC Worker Start (ms):  13378.7  13378.7
       Avg: 13378.7, Min: 13378.7, Max: 13378.7, Diff:   0.0]
      [Ext Root Scanning (ms):  1.4  1.4
       Avg:   1.4, Min:   1.4, Max:   1.4, Diff:   0.0]
      [Update RS (ms):  0.0  0.0
       Avg:   0.0, Min:   0.0, Max:   0.0, Diff:   0.0]
         [Processed Buffers : 0 3
          Sum: 3, Avg: 1, Min: 0, Max: 3, Diff: 3]
      [Scan RS (ms):  0.0  0.0
       Avg:   0.0, Min:   0.0, Max:   0.0, Diff:   0.0]
      [Object Copy (ms):  0.2  0.2
       Avg:   0.2, Min:   0.2, Max:   0.2, Diff:   0.0]
      [Termination (ms):  0.0  0.0
       Avg:   0.0, Min:   0.0, Max:   0.0, Diff:   0.0]
         [Termination Attempts : 1 1
          Sum: 2, Avg: 1, Min: 1, Max: 1, Diff: 0]
      [GC Worker End (ms):  13380.4  13380.4
       Avg: 13380.4, Min: 13380.4, Max: 13380.4, Diff:   0.0]
      [GC Worker (ms):  1.7  1.6
       Avg:   1.6, Min:   1.6, Max:   1.7, Diff:   0.0]
      [GC Worker Other (ms):  0.0  0.1
       Avg:   0.1, Min:   0.0, Max:   0.1, Diff:   0.0]
   [Clear CT:   0.0 ms]
   [Other:   0.2 ms]
      [Choose CSet:   0.0 ms]
      [Ref Proc:   0.0 ms]
      [Ref Enq:   0.0 ms]
      [Free CSet:   0.0 ms]
   [Eden: 1024K(101M)->0B(188M) Survivors: 0B->1024K Heap: 262M(512M)->262M(512M)]
 [Times: user=0.01 sys=0.00, real=0.00 secs] 
Heap after GC invocations=487 (full 257):
 garbage-first heap   total 524288K, used 268944K [0x00000007dae00000, 0x00000007fae00000, 0x00000007fae00000)
  region size 1024K, 1 young (1024K), 1 survivors (1024K)
 compacting perm gen  total 20480K, used 2870K [0x00000007fae00000, 0x00000007fc200000, 0x0000000800000000)
   the space 20480K,  14% used [0x00000007fae00000, 0x00000007fb0cda98, 0x00000007fb0cdc00, 0x00000007fc200000)
No shared spaces configured.
}
13.381: [GC concurrent-root-region-scan-start]
13.381: [GC concurrent-root-region-scan-end, 0.0000470]
13.381: [GC concurrent-mark-start]
13.383: [GC concurrent-mark-end, 0.0019690 sec]
13.385: [GC remark 13.386: [GC ref-proc, 0.0000170 secs], 0.0023480 secs]
 [Times: user=0.01 sys=0.00, real=0.01 secs] 
13.388: [GC cleanup 273M->187M(512M), 0.0005840 secs]
 [Times: user=0.00 sys=0.00, real=0.00 secs] 
13.389: [GC concurrent-cleanup-start]
13.389: [GC concurrent-cleanup-end, 0.0001950]
{Heap before GC invocations=488 (full 257):
 garbage-first heap   total 524288K, used 224571K [0x00000007dae00000, 0x00000007fae00000, 0x00000007fae00000)
  region size 1024K, 2 young (2048K), 1 survivors (1024K)
 compacting perm gen  total 20480K, used 2870K [0x00000007fae00000, 0x00000007fc200000, 0x0000000800000000)
   the space 20480K,  14% used [0x00000007fae00000, 0x00000007fb0cda98, 0x00000007fb0cdc00, 0x00000007fc200000)
No shared spaces configured.
13.410: [GC pause (young)
Desired survivor size 12582912 bytes, new threshold 15 (max 15)
- age   1:        272 bytes,        272 total
 (initial-mark), 0.00122500 secs]
   [Parallel Time:   1.0 ms]
      [GC Worker Start (ms):  13409.8  13409.8
       Avg: 13409.8, Min: 13409.8, Max: 13409.8, Diff:   0.0]
      [Ext Root Scanning (ms):  0.8  0.7
       Avg:   0.8, Min:   0.7, Max:   0.8, Diff:   0.1]
      [Update RS (ms):  0.0  0.0
       Avg:   0.0, Min:   0.0, Max:   0.0, Diff:   0.0]
         [Processed Buffers : 1 2
          Sum: 3, Avg: 1, Min: 1, Max: 2, Diff: 1]
      [Scan RS (ms):  0.0  0.0
       Avg:   0.0, Min:   0.0, Max:   0.0, Diff:   0.0]
      [Object Copy (ms):  0.1  0.2
       Avg:   0.2, Min:   0.1, Max:   0.2, Diff:   0.0]
      [Termination (ms):  0.0  0.0
       Avg:   0.0, Min:   0.0, Max:   0.0, Diff:   0.0]
         [Termination Attempts : 1 1
          Sum: 2, Avg: 1, Min: 1, Max: 1, Diff: 0]
      [GC Worker End (ms):  13410.8  13410.8
       Avg: 13410.8, Min: 13410.8, Max: 13410.8, Diff:   0.0]
      [GC Worker (ms):  1.0  1.0
       Avg:   1.0, Min:   1.0, Max:   1.0, Diff:   0.0]
      [GC Worker Other (ms):  0.1  0.1
       Avg:   0.1, Min:   0.1, Max:   0.1, Diff:   0.0]
   [Clear CT:   0.0 ms]
   [Other:   0.2 ms]
      [Choose CSet:   0.0 ms]
      [Ref Proc:   0.0 ms]
      [Ref Enq:   0.0 ms]
      [Free CSet:   0.0 ms]
   [Eden: 1024K(188M)->0B(232M) Survivors: 1024K->1024K Heap: 219M(512M)->219M(512M)]
 [Times: user=0.00 sys=0.00, real=0.00 secs] 
Heap after GC invocations=489 (full 258):
 garbage-first heap   total 524288K, used 224571K [0x00000007dae00000, 0x00000007fae00000, 0x00000007fae00000)
  region size 1024K, 1 young (1024K), 1 survivors (1024K)
 compacting perm gen  total 20480K, used 2870K [0x00000007fae00000, 0x00000007fc200000, 0x0000000800000000)
   the space 20480K,  14% used [0x00000007fae00000, 0x00000007fb0cda98, 0x00000007fb0cdc00, 0x00000007fc200000)
No shared spaces configured.
}
13.411: [GC concurrent-root-region-scan-start]
13.411: [GC concurrent-root-region-scan-end, 0.0000730]
13.411: [GC concurrent-mark-start]
13.413: [GC concurrent-mark-end, 0.0015560 sec]
13.418: [GC remark 13.418: [GC ref-proc, 0.0000160 secs], 0.0025030 secs]
 [Times: user=0.00 sys=0.00, real=0.00 secs] 
13.430: [GC cleanup 251M->232M(512M), 0.0007470 secs]
 [Times: user=0.00 sys=0.00, real=0.00 secs] 
13.431: [GC concurrent-cleanup-start]
13.431: [GC concurrent-cleanup-end, 0.0000670]
{Heap before GC invocations=490 (full 258):
 garbage-first heap   total 524288K, used 286765K [0x00000007dae00000, 0x00000007fae00000, 0x00000007fae00000)
  region size 1024K, 2 young (2048K), 1 survivors (1024K)
 compacting perm gen  total 20480K, used 2870K [0x00000007fae00000, 0x00000007fc200000, 0x0000000800000000)
   the space 20480K,  14% used [0x00000007fae00000, 0x00000007fb0cda98, 0x00000007fb0cdc00, 0x00000007fc200000)
No shared spaces configured.
13.461: [GC pause (young)
Desired survivor size 15728640 bytes, new threshold 15 (max 15)
- age   1:        192 bytes,        192 total
- age   2:        240 bytes,        432 total
 (initial-mark), 0.00124400 secs]
   [Parallel Time:   1.0 ms]
      [GC Worker Start (ms):  13460.7  13460.7
       Avg: 13460.7, Min: 13460.7, Max: 13460.7, Diff:   0.0]
      [Ext Root Scanning (ms):  0.8  0.7
       Avg:   0.8, Min:   0.7, Max:   0.8, Diff:   0.1]
      [Update RS (ms):  0.0  0.0
       Avg:   0.0, Min:   0.0, Max:   0.0, Diff:   0.0]
         [Processed Buffers : 0 3
          Sum: 3, Avg: 1, Min: 0, Max: 3, Diff: 3]
      [Scan RS (ms):  0.0  0.0
       Avg:   0.0, Min:   0.0, Max:   0.0, Diff:   0.0]
      [Object Copy (ms):  0.1  0.2
       Avg:   0.2, Min:   0.1, Max:   0.2, Diff:   0.0]
      [Termination (ms):  0.0  0.0
       Avg:   0.0, Min:   0.0, Max:   0.0, Diff:   0.0]
         [Termination Attempts : 1 1
          Sum: 2, Avg: 1, Min: 1, Max: 1, Diff: 0]
      [GC Worker End (ms):  13461.7  13461.7
       Avg: 13461.7, Min: 13461.7, Max: 13461.7, Diff:   0.0]
      [GC Worker (ms):  1.0  1.0
       Avg:   1.0, Min:   1.0, Max:   1.0, Diff:   0.0]
      [GC Worker Other (ms):  0.1  0.1
       Avg:   0.1, Min:   0.1, Max:   0.1, Diff:   0.0]
   [Clear CT:   0.0 ms]
   [Other:   0.2 ms]
      [Choose CSet:   0.0 ms]
      [Ref Proc:   0.0 ms]
      [Ref Enq:   0.0 ms]
      [Free CSet:   0.0 ms]
   [Eden: 1024K(232M)->0B(169M) Survivors: 1024K->1024K Heap: 280M(512M)->280M(512M)]
 [Times: user=0.01 sys=0.00, real=0.00 secs] 
Heap after GC invocations=491 (full 259):
 garbage-first heap   total 524288K, used 286765K [0x00000007dae00000, 0x00000007fae00000, 0x00000007fae00000)
  region size 1024K, 1 young (1024K), 1 survivors (1024K)
 compacting perm gen  total 20480K, used 2870K [0x00000007fae00000, 0x00000007fc200000, 0x0000000800000000)
   the space 20480K,  14% used [0x00000007fae00000, 0x00000007fb0cda98, 0x00000007fb0cdc00, 0x00000007fc200000)
No shared spaces configured.
}
13.462: [GC concurrent-root-region-scan-start]
13.462: [GC concurrent-root-region-scan-end, 0.0000770]
13.462: [GC concurrent-mark-start]
13.464: [GC concurrent-mark-end, 0.0016330 sec]
13.483: [GC remark 13.484: [GC ref-proc, 0.0000180 secs], 0.0030270 secs]
 [Times: user=0.01 sys=0.00, real=0.01 secs] 
13.495: [GC cleanup 338M->328M(512M), 0.0006090 secs]
 [Times: user=0.00 sys=0.00, real=0.00 secs] 
13.495: [GC concurrent-cleanup-start]
13.496: [GC concurrent-cleanup-end, 0.0000440]
{Heap before GC invocations=492 (full 259):
 garbage-first heap   total 524288K, used 378526K [0x00000007dae00000, 0x00000007fae00000, 0x00000007fae00000)
  region size 1024K, 2 young (2048K), 1 survivors (1024K)
 compacting perm gen  total 20480K, used 2870K [0x00000007fae00000, 0x00000007fc200000, 0x0000000800000000)
   the space 20480K,  14% used [0x00000007fae00000, 0x00000007fb0cda98, 0x00000007fb0cdc00, 0x00000007fc200000)
No shared spaces configured.
13.522: [GC pause (young)
Desired survivor size 11534336 bytes, new threshold 15 (max 15)
- age   1:        152 bytes,        152 total
- age   2:        104 bytes,        256 total
- age   3:        240 bytes,        496 total
 (initial-mark), 0.00125000 secs]
   [Parallel Time:   1.1 ms]
      [GC Worker Start (ms):  13522.2  13522.2
       Avg: 13522.2, Min: 13522.2, Max: 13522.2, Diff:   0.0]
      [Ext Root Scanning (ms):  0.8  0.9
       Avg:   0.8, Min:   0.8, Max:   0.9, Diff:   0.1]
      [Update RS (ms):  0.0  0.0
       Avg:   0.0, Min:   0.0, Max:   0.0, Diff:   0.0]
         [Processed Buffers : 4 0
          Sum: 4, Avg: 2, Min: 0, Max: 4, Diff: 4]
      [Scan RS (ms):  0.0  0.0
       Avg:   0.0, Min:   0.0, Max:   0.0, Diff:   0.0]
      [Object Copy (ms):  0.2  0.1
       Avg:   0.2, Min:   0.1, Max:   0.2, Diff:   0.1]
      [Termination (ms):  0.0  0.0
       Avg:   0.0, Min:   0.0, Max:   0.0, Diff:   0.0]
         [Termination Attempts : 1 1
          Sum: 2, Avg: 1, Min: 1, Max: 1, Diff: 0]
      [GC Worker End (ms):  13523.3  13523.3
       Avg: 13523.3, Min: 13523.3, Max: 13523.3, Diff:   0.0]
      [GC Worker (ms):  1.0  1.0
       Avg:   1.0, Min:   1.0, Max:   1.0, Diff:   0.0]
      [GC Worker Other (ms):  0.1  0.1
       Avg:   0.1, Min:   0.1, Max:   0.1, Diff:   0.0]
   [Clear CT:   0.0 ms]
   [Other:   0.2 ms]
      [Choose CSet:   0.0 ms]
      [Ref Proc:   0.0 ms]
      [Ref Enq:   0.0 ms]
      [Free CSet:   0.0 ms]
   [Eden: 1024K(169M)->0B(101M) Survivors: 1024K->1024K Heap: 369M(512M)->369M(512M)]
 [Times: user=0.01 sys=0.00, real=0.00 secs] 
Heap after GC invocations=493 (full 260):
 garbage-first heap   total 524288K, used 378526K [0x00000007dae00000, 0x00000007fae00000, 0x00000007fae00000)
  region size 1024K, 1 young (1024K), 1 survivors (1024K)
 compacting perm gen  total 20480K, used 2870K [0x00000007fae00000, 0x00000007fc200000, 0x0000000800000000)
   the space 20480K,  14% used [0x00000007fae00000, 0x00000007fb0cda98, 0x00000007fb0cdc00, 0x00000007fc200000)
No shared spaces configured.
}
13.523: [GC concurrent-root-region-scan-start]
13.529: [GC concurrent-root-region-scan-end, 0.0051170]
13.529: [GC concurrent-mark-start]
13.531: [GC concurrent-mark-end, 0.0025880 sec]
13.542: [GC remark 13.542: [GC ref-proc, 0.0000160 secs], 0.0032330 secs]
 [Times: user=0.01 sys=0.00, real=0.00 secs] 
13.545: [GC cleanup 404M->325M(512M), 0.0004590 secs]
 [Times: user=0.00 sys=0.00, real=0.00 secs] 
13.546: [GC concurrent-cleanup-start]
13.546: [GC concurrent-cleanup-end, 0.0001960]
{Heap before GC invocations=494 (full 260):
 garbage-first heap   total 524288K, used 399101K [0x00000007dae00000, 0x00000007fae00000, 0x00000007fae00000)
  region size 1024K, 2 young (2048K), 1 survivors (1024K)
 compacting perm gen  total 20480K, used 2870K [0x00000007fae00000, 0x00000007fc200000, 0x0000000800000000)
   the space 20480K,  14% used [0x00000007fae00000, 0x00000007fb0cda98, 0x00000007fb0cdc00, 0x00000007fc200000)
No shared spaces configured.
13.584: [GC pause (young)
Desired survivor size 6815744 bytes, new threshold 15 (max 15)
- age   1:        224 bytes,        224 total
- age   2:         80 bytes,        304 total
- age   3:         72 bytes,        376 total
- age   4:        160 bytes,        536 total
 (initial-mark), 0.00121100 secs]
   [Parallel Time:   1.0 ms]
      [GC Worker Start (ms):  13583.8  13583.8
       Avg: 13583.8, Min: 13583.8, Max: 13583.8, Diff:   0.0]
      [Ext Root Scanning (ms):  0.8  0.7
       Avg:   0.8, Min:   0.7, Max:   0.8, Diff:   0.1]
      [Update RS (ms):  0.0  0.0
       Avg:   0.0, Min:   0.0, Max:   0.0, Diff:   0.0]
         [Processed Buffers : 0 3
          Sum: 3, Avg: 1, Min: 0, Max: 3, Diff: 3]
      [Scan RS (ms):  0.0  0.0
       Avg:   0.0, Min:   0.0, Max:   0.0, Diff:   0.0]
      [Object Copy (ms):  0.1  0.2
       Avg:   0.2, Min:   0.1, Max:   0.2, Diff:   0.1]
      [Termination (ms):  0.0  0.0
       Avg:   0.0, Min:   0.0, Max:   0.0, Diff:   0.0]
         [Termination Attempts : 1 1
          Sum: 2, Avg: 1, Min: 1, Max: 1, Diff: 0]
      [GC Worker End (ms):  13584.8  13584.8
       Avg: 13584.8, Min: 13584.8, Max: 13584.8, Diff:   0.0]
      [GC Worker (ms):  1.0  1.0
       Avg:   1.0, Min:   1.0, Max:   1.0, Diff:   0.0]
      [GC Worker Other (ms):  0.1  0.1
       Avg:   0.1, Min:   0.1, Max:   0.1, Diff:   0.0]
   [Clear CT:   0.0 ms]
   [Other:   0.2 ms]
      [Choose CSet:   0.0 ms]
      [Ref Proc:   0.0 ms]
      [Ref Enq:   0.0 ms]
      [Free CSet:   0.0 ms]
   [Eden: 1024K(101M)->0B(101M) Survivors: 1024K->1024K Heap: 389M(512M)->389M(512M)]
 [Times: user=0.00 sys=0.00, real=0.00 secs] 
Heap after GC invocations=495 (full 261):
 garbage-first heap   total 524288K, used 399101K [0x00000007dae00000, 0x00000007fae00000, 0x00000007fae00000)
  region size 1024K, 1 young (1024K), 1 survivors (1024K)
 compacting perm gen  total 20480K, used 2870K [0x00000007fae00000, 0x00000007fc200000, 0x0000000800000000)
   the space 20480K,  14% used [0x00000007fae00000, 0x00000007fb0cda98, 0x00000007fb0cdc00, 0x00000007fc200000)
No shared spaces configured.
}
13.585: [GC concurrent-root-region-scan-start]
13.585: [GC concurrent-root-region-scan-end, 0.0001020]
13.585: [GC concurrent-mark-start]
13.587: [GC concurrent-mark-end, 0.0021700 sec]
13.594: [GC remark 13.594: [GC ref-proc, 0.0000180 secs], 0.0032330 secs]
 [Times: user=0.01 sys=0.00, real=0.01 secs] 
13.598: [GC cleanup 407M->315M(512M), 0.0004800 secs]
 [Times: user=0.00 sys=0.00, real=0.00 secs] 
13.598: [GC concurrent-cleanup-start]
13.598: [GC concurrent-cleanup-end, 0.0002050]
{Heap before GC invocations=496 (full 261):
 garbage-first heap   total 524288K, used 377991K [0x00000007dae00000, 0x00000007fae00000, 0x00000007fae00000)
  region size 1024K, 2 young (2048K), 1 survivors (1024K)
 compacting perm gen  total 20480K, used 2870K [0x00000007fae00000, 0x00000007fc200000, 0x0000000800000000)
   the space 20480K,  14% used [0x00000007fae00000, 0x00000007fb0cda98, 0x00000007fb0cdc00, 0x00000007fc200000)
No shared spaces configured.
13.631: [GC pause (young)
Desired survivor size 6815744 bytes, new threshold 15 (max 15)
- age   1:        400 bytes,        400 total
- age   2:         56 bytes,        456 total
- age   3:         40 bytes,        496 total
- age   5:        160 bytes,        656 total
 (initial-mark), 0.00125500 secs]
   [Parallel Time:   1.1 ms]
      [GC Worker Start (ms):  13631.3  13631.3
       Avg: 13631.3, Min: 13631.3, Max: 13631.3, Diff:   0.0]
      [Ext Root Scanning (ms):  0.8  0.8
       Avg:   0.8, Min:   0.8, Max:   0.8, Diff:   0.1]
      [Update RS (ms):  0.0  0.0
       Avg:   0.0, Min:   0.0, Max:   0.0, Diff:   0.0]
         [Processed Buffers : 3 0
          Sum: 3, Avg: 1, Min: 0, Max: 3, Diff: 3]
      [Scan RS (ms):  0.0  0.0
       Avg:   0.0, Min:   0.0, Max:   0.0, Diff:   0.0]
      [Object Copy (ms):  0.2  0.2
       Avg:   0.2, Min:   0.2, Max:   0.2, Diff:   0.0]
      [Termination (ms):  0.0  0.0
       Avg:   0.0, Min:   0.0, Max:   0.0, Diff:   0.0]
         [Termination Attempts : 1 1
          Sum: 2, Avg: 1, Min: 1, Max: 1, Diff: 0]
      [GC Worker End (ms):  13632.3  13632.3
       Avg: 13632.3, Min: 13632.3, Max: 13632.3, Diff:   0.0]
      [GC Worker (ms):  1.0  1.0
       Avg:   1.0, Min:   1.0, Max:   1.0, Diff:   0.0]
      [GC Worker Other (ms):  0.0  0.1
       Avg:   0.1, Min:   0.0, Max:   0.1, Diff:   0.0]
   [Clear CT:   0.0 ms]
   [Other:   0.2 ms]
      [Choose CSet:   0.0 ms]
      [Ref Proc:   0.0 ms]
      [Ref Enq:   0.0 ms]
      [Free CSet:   0.0 ms]
   [Eden: 1024K(101M)->0B(101M) Survivors: 1024K->1024K Heap: 369M(512M)->369M(512M)]
 [Times: user=0.00 sys=0.00, real=0.00 secs] 
Heap after GC invocations=497 (full 262):
 garbage-first heap   total 524288K, used 377991K [0x00000007dae00000, 0x00000007fae00000, 0x00000007fae00000)
  region size 1024K, 1 young (1024K), 1 survivors (1024K)
 compacting perm gen  total 20480K, used 2870K [0x00000007fae00000, 0x00000007fc200000, 0x0000000800000000)
   the space 20480K,  14% used [0x00000007fae00000, 0x00000007fb0cda98, 0x00000007fb0cdc00, 0x00000007fc200000)
No shared spaces configured.
}
13.632: [GC concurrent-root-region-scan-start]
13.643: [GC concurrent-root-region-scan-end, 0.0101090]
13.643: [GC concurrent-mark-start]
13.660: [GC concurrent-mark-end, 0.0170870 sec]
{Heap before GC invocations=497 (full 262):
 garbage-first heap   total 524288K, used 433131K [0x00000007dae00000, 0x00000007fae00000, 0x00000007fae00000)
  region size 1024K, 2 young (2048K), 1 survivors (1024K)
 compacting perm gen  total 20480K, used 2870K [0x00000007fae00000, 0x00000007fc200000, 0x0000000800000000)
   the space 20480K,  14% used [0x00000007fae00000, 0x00000007fb0cda98, 0x00000007fb0cdc00, 0x00000007fc200000)
No shared spaces configured.
13.660: [GC pause (young)
Desired survivor size 6815744 bytes, new threshold 15 (max 15)
- age   1:        152 bytes,        152 total
- age   2:        368 bytes,        520 total
- age   6:        160 bytes,        680 total
, 0.00109900 secs]
   [Parallel Time:   1.0 ms]
      [GC Worker Start (ms):  13660.3  13660.3
       Avg: 13660.3, Min: 13660.3, Max: 13660.3, Diff:   0.0]
      [Ext Root Scanning (ms):  0.8  0.9
       Avg:   0.8, Min:   0.8, Max:   0.9, Diff:   0.1]
      [SATB Filtering (ms):  0.0  0.0
       Avg:   0.0, Min:   0.0, Max:   0.0, Diff:   0.0]
      [Update RS (ms):  0.0  0.0
       Avg:   0.0, Min:   0.0, Max:   0.0, Diff:   0.0]
         [Processed Buffers : 2 0
          Sum: 2, Avg: 1, Min: 0, Max: 2, Diff: 2]
      [Scan RS (ms):  0.0  0.0
       Avg:   0.0, Min:   0.0, Max:   0.0, Diff:   0.0]
      [Object Copy (ms):  0.1  0.0
       Avg:   0.0, Min:   0.0, Max:   0.1, Diff:   0.0]
      [Termination (ms):  0.0  0.0
       Avg:   0.0, Min:   0.0, Max:   0.0, Diff:   0.0]
         [Termination Attempts : 1 1
          Sum: 2, Avg: 1, Min: 1, Max: 1, Diff: 0]
      [GC Worker End (ms):  13661.2  13661.2
       Avg: 13661.2, Min: 13661.2, Max: 13661.2, Diff:   0.0]
      [GC Worker (ms):  0.9  0.9
       Avg:   0.9, Min:   0.9, Max:   0.9, Diff:   0.0]
      [GC Worker Other (ms):  0.1  0.1
       Avg:   0.1, Min:   0.1, Max:   0.1, Diff:   0.0]
   [Complete CSet Marking:   0.0 ms]
   [Clear CT:   0.0 ms]
   [Other:   0.1 ms]
      [Choose CSet:   0.0 ms]
      [Ref Proc:   0.0 ms]
      [Ref Enq:   0.0 ms]
      [Free CSet:   0.0 ms]
   [Eden: 1024K(101M)->0B(101M) Survivors: 1024K->1024K Heap: 423M(512M)->422M(512M)]
 [Times: user=0.00 sys=0.00, real=0.00 secs] 
Heap after GC invocations=498 (full 262):
 garbage-first heap   total 524288K, used 433131K [0x00000007dae00000, 0x00000007fae00000, 0x00000007fae00000)
  region size 1024K, 1 young (1024K), 1 survivors (1024K)
 compacting perm gen  total 20480K, used 2870K [0x00000007fae00000, 0x00000007fc200000, 0x0000000800000000)
   the space 20480K,  14% used [0x00000007fae00000, 0x00000007fb0cda98, 0x00000007fb0cdc00, 0x00000007fc200000)
No shared spaces configured.
}
{Heap before GC invocations=498 (full 262):
 garbage-first heap   total 524288K, used 433131K [0x00000007dae00000, 0x00000007fae00000, 0x00000007fae00000)
  region size 1024K, 1 young (1024K), 1 survivors (1024K)
 compacting perm gen  total 20480K, used 2870K [0x00000007fae00000, 0x00000007fc200000, 0x0000000800000000)
   the space 20480K,  14% used [0x00000007fae00000, 0x00000007fb0cda98, 0x00000007fb0cdc00, 0x00000007fc200000)
No shared spaces configured.
13.662: [Full GC 422M->384M(512M), 0.0112930 secs]
 [Times: user=0.01 sys=0.00, real=0.01 secs] 
Heap after GC invocations=499 (full 263):
 garbage-first heap   total 524288K, used 393644K [0x00000007dae00000, 0x00000007fae00000, 0x00000007fae00000)
  region size 1024K, 0 young (0K), 0 survivors (0K)
 compacting perm gen  total 20480K, used 2870K [0x00000007fae00000, 0x00000007fc200000, 0x0000000800000000)
   the space 20480K,  14% used [0x00000007fae00000, 0x00000007fb0cda98, 0x00000007fb0cdc00, 0x00000007fc200000)
No shared spaces configured.
}
13.682: [GC remark, 0.0000010 secs]
 [Times: user=0.00 sys=0.00, real=0.00 secs] 
13.683: [GC concurrent-mark-abort]
{Heap before GC invocations=499 (full 263):
 garbage-first heap   total 524288K, used 434601K [0x00000007dae00000, 0x00000007fae00000, 0x00000007fae00000)
  region size 1024K, 1 young (1024K), 0 survivors (0K)
 compacting perm gen  total 20480K, used 2870K [0x00000007fae00000, 0x00000007fc200000, 0x0000000800000000)
   the space 20480K,  14% used [0x00000007fae00000, 0x00000007fb0cda98, 0x00000007fb0cdc00, 0x00000007fc200000)
No shared spaces configured.
13.699: [GC pause (young)
Desired survivor size 6815744 bytes, new threshold 15 (max 15)
- age   1:         32 bytes,         32 total
- age   2:        152 bytes,        184 total
- age   3:        368 bytes,        552 total
- age   7:        160 bytes,        712 total
, 0.00175100 secs]
   [Parallel Time:   1.6 ms]
      [GC Worker Start (ms):  13698.7  13698.7
       Avg: 13698.7, Min: 13698.7, Max: 13698.7, Diff:   0.0]
      [Ext Root Scanning (ms):  1.5  1.5
       Avg:   1.5, Min:   1.5, Max:   1.5, Diff:   0.0]
      [Update RS (ms):  0.0  0.0
       Avg:   0.0, Min:   0.0, Max:   0.0, Diff:   0.0]
         [Processed Buffers : 6 0
          Sum: 6, Avg: 3, Min: 0, Max: 6, Diff: 6]
      [Scan RS (ms):  0.0  0.0
       Avg:   0.0, Min:   0.0, Max:   0.0, Diff:   0.0]
      [Object Copy (ms):  0.1  0.0
       Avg:   0.0, Min:   0.0, Max:   0.1, Diff:   0.0]
      [Termination (ms):  0.0  0.0
       Avg:   0.0, Min:   0.0, Max:   0.0, Diff:   0.0]
         [Termination Attempts : 1 1
          Sum: 2, Avg: 1, Min: 1, Max: 1, Diff: 0]
      [GC Worker End (ms):  13700.3  13700.3
       Avg: 13700.3, Min: 13700.3, Max: 13700.3, Diff:   0.0]
      [GC Worker (ms):  1.6  1.6
       Avg:   1.6, Min:   1.6, Max:   1.6, Diff:   0.0]
      [GC Worker Other (ms):  0.1  0.1
       Avg:   0.1, Min:   0.1, Max:   0.1, Diff:   0.0]
   [Clear CT:   0.0 ms]
   [Other:   0.1 ms]
      [Choose CSet:   0.0 ms]
      [Ref Proc:   0.0 ms]
      [Ref Enq:   0.0 ms]
      [Free CSet:   0.0 ms]
   [Eden: 1024K(101M)->0B(101M) Survivors: 0B->1024K Heap: 424M(512M)->424M(512M)]
 [Times: user=0.00 sys=0.00, real=0.00 secs] 
Heap after GC invocations=500 (full 263):
 garbage-first heap   total 524288K, used 434665K [0x00000007dae00000, 0x00000007fae00000, 0x00000007fae00000)
  region size 1024K, 1 young (1024K), 1 survivors (1024K)
 compacting perm gen  total 20480K, used 2870K [0x00000007fae00000, 0x00000007fc200000, 0x0000000800000000)
   the space 20480K,  14% used [0x00000007fae00000, 0x00000007fb0cda98, 0x00000007fb0cdc00, 0x00000007fc200000)
No shared spaces configured.
}
{Heap before GC invocations=500 (full 263):
 garbage-first heap   total 524288K, used 434665K [0x00000007dae00000, 0x00000007fae00000, 0x00000007fae00000)
  region size 1024K, 1 young (1024K), 1 survivors (1024K)
 compacting perm gen  total 20480K, used 2870K [0x00000007fae00000, 0x00000007fc200000, 0x0000000800000000)
   the space 20480K,  14% used [0x00000007fae00000, 0x00000007fb0cda98, 0x00000007fb0cdc00, 0x00000007fc200000)
No shared spaces configured.
13.701: [Full GC 424M->259M(512M), 0.0115080 secs]
 [Times: user=0.01 sys=0.00, real=0.01 secs] 
Heap after GC invocations=501 (full 264):
 garbage-first heap   total 524288K, used 266119K [0x00000007dae00000, 0x00000007fae00000, 0x00000007fae00000)
  region size 1024K, 0 young (0K), 0 survivors (0K)
 compacting perm gen  total 20480K, used 2870K [0x00000007fae00000, 0x00000007fc200000, 0x0000000800000000)
   the space 20480K,  14% used [0x00000007fae00000, 0x00000007fb0cda98, 0x00000007fb0cdc00, 0x00000007fc200000)
No shared spaces configured.
}
{Heap before GC invocations=501 (full 264):
 garbage-first heap   total 524288K, used 353501K [0x00000007dae00000, 0x00000007fae00000, 0x00000007fae00000)
  region size 1024K, 1 young (1024K), 0 survivors (0K)
 compacting perm gen  total 20480K, used 2870K [0x00000007fae00000, 0x00000007fc200000, 0x0000000800000000)
   the space 20480K,  14% used [0x00000007fae00000, 0x00000007fb0cda98, 0x00000007fb0cdc00, 0x00000007fc200000)
No shared spaces configured.
13.756: [GC pause (young)
Desired survivor size 12582912 bytes, new threshold 15 (max 15)
- age   1:        360 bytes,        360 total
 (initial-mark), 0.00195300 secs]
   [Parallel Time:   1.8 ms]
      [GC Worker Start (ms):  13755.9  13755.9
       Avg: 13755.9, Min: 13755.9, Max: 13755.9, Diff:   0.0]
      [Ext Root Scanning (ms):  1.5  1.5
       Avg:   1.5, Min:   1.5, Max:   1.5, Diff:   0.0]
      [Update RS (ms):  0.0  0.0
       Avg:   0.0, Min:   0.0, Max:   0.0, Diff:   0.0]
         [Processed Buffers : 0 1
          Sum: 1, Avg: 0, Min: 0, Max: 1, Diff: 1]
      [Scan RS (ms):  0.0  0.0
       Avg:   0.0, Min:   0.0, Max:   0.0, Diff:   0.0]
      [Object Copy (ms):  0.2  0.1
       Avg:   0.2, Min:   0.1, Max:   0.2, Diff:   0.1]
      [Termination (ms):  0.0  0.0
       Avg:   0.0, Min:   0.0, Max:   0.0, Diff:   0.0]
         [Termination Attempts : 1 1
          Sum: 2, Avg: 1, Min: 1, Max: 1, Diff: 0]
      [GC Worker End (ms):  13757.6  13757.6
       Avg: 13757.6, Min: 13757.6, Max: 13757.6, Diff:   0.0]
      [GC Worker (ms):  1.7  1.7
       Avg:   1.7, Min:   1.7, Max:   1.7, Diff:   0.0]
      [GC Worker Other (ms):  0.1  0.1
       Avg:   0.1, Min:   0.1, Max:   0.1, Diff:   0.0]
   [Clear CT:   0.0 ms]
   [Other:   0.1 ms]
      [Choose CSet:   0.0 ms]
      [Ref Proc:   0.0 ms]
      [Ref Enq:   0.0 ms]
      [Free CSet:   0.0 ms]
   [Eden: 1024K(101M)->0B(103M) Survivors: 0B->1024K Heap: 345M(512M)->345M(512M)]
 [Times: user=0.01 sys=0.00, real=0.01 secs] 
Heap after GC invocations=502 (full 265):
 garbage-first heap   total 524288K, used 353533K [0x00000007dae00000, 0x00000007fae00000, 0x00000007fae00000)
  region size 1024K, 1 young (1024K), 1 survivors (1024K)
 compacting perm gen  total 20480K, used 2870K [0x00000007fae00000, 0x00000007fc200000, 0x0000000800000000)
   the space 20480K,  14% used [0x00000007fae00000, 0x00000007fb0cda98, 0x00000007fb0cdc00, 0x00000007fc200000)
No shared spaces configured.
}
13.758: [GC concurrent-root-region-scan-start]
13.758: [GC concurrent-root-region-scan-end, 0.0000220]
13.758: [GC concurrent-mark-start]
13.763: [GC concurrent-mark-end, 0.0050820 sec]
13.776: [GC remark 13.776: [GC ref-proc, 0.0000160 secs], 0.0036040 secs]
 [Times: user=0.01 sys=0.00, real=0.00 secs] 
13.780: [GC cleanup 381M->381M(512M), 0.0003890 secs]
 [Times: user=0.00 sys=0.00, real=0.00 secs] 
{Heap before GC invocations=503 (full 265):
 garbage-first heap   total 524288K, used 390410K [0x00000007dae00000, 0x00000007fae00000, 0x00000007fae00000)
  region size 1024K, 2 young (2048K), 1 survivors (1024K)
 compacting perm gen  total 20480K, used 2870K [0x00000007fae00000, 0x00000007fc200000, 0x0000000800000000)
   the space 20480K,  14% used [0x00000007fae00000, 0x00000007fb0cda98, 0x00000007fb0cdc00, 0x00000007fc200000)
No shared spaces configured.
13.785: [GC pause (young)
Desired survivor size 6815744 bytes, new threshold 15 (max 15)
- age   1:         16 bytes,         16 total
 (initial-mark), 0.00147500 secs]
   [Parallel Time:   1.3 ms]
      [GC Worker Start (ms):  13785.4  13785.4
       Avg: 13785.4, Min: 13785.4, Max: 13785.4, Diff:   0.0]
      [Ext Root Scanning (ms):  0.8  1.1
       Avg:   0.9, Min:   0.8, Max:   1.1, Diff:   0.3]
      [Update RS (ms):  0.0  0.0
       Avg:   0.0, Min:   0.0, Max:   0.0, Diff:   0.0]
         [Processed Buffers : 5 0
          Sum: 5, Avg: 2, Min: 0, Max: 5, Diff: 5]
      [Scan RS (ms):  0.0  0.0
       Avg:   0.0, Min:   0.0, Max:   0.0, Diff:   0.0]
      [Object Copy (ms):  0.2  0.2
       Avg:   0.2, Min:   0.2, Max:   0.2, Diff:   0.0]
      [Termination (ms):  0.2  0.0
       Avg:   0.1, Min:   0.0, Max:   0.2, Diff:   0.2]
         [Termination Attempts : 1 1
          Sum: 2, Avg: 1, Min: 1, Max: 1, Diff: 0]
      [GC Worker End (ms):  13786.7  13786.7
       Avg: 13786.7, Min: 13786.7, Max: 13786.7, Diff:   0.0]
      [GC Worker (ms):  1.3  1.2
       Avg:   1.2, Min:   1.2, Max:   1.3, Diff:   0.0]
      [GC Worker Other (ms):  0.1  0.1
       Avg:   0.1, Min:   0.1, Max:   0.1, Diff:   0.0]
   [Clear CT:   0.0 ms]
   [Other:   0.2 ms]
      [Choose CSet:   0.0 ms]
      [Ref Proc:   0.0 ms]
      [Ref Enq:   0.0 ms]
      [Free CSet:   0.0 ms]
   [Eden: 1024K(103M)->0B(101M) Survivors: 1024K->1024K Heap: 381M(512M)->381M(512M)]
 [Times: user=0.00 sys=0.00, real=0.01 secs] 
Heap after GC invocations=504 (full 266):
 garbage-first heap   total 524288K, used 390442K [0x00000007dae00000, 0x00000007fae00000, 0x00000007fae00000)
  region size 1024K, 1 young (1024K), 1 survivors (1024K)
 compacting perm gen  total 20480K, used 2870K [0x00000007fae00000, 0x00000007fc200000, 0x0000000800000000)
   the space 20480K,  14% used [0x00000007fae00000, 0x00000007fb0cda98, 0x00000007fb0cdc00, 0x00000007fc200000)
No shared spaces configured.
}
13.787: [GC concurrent-root-region-scan-start]
13.787: [GC concurrent-root-region-scan-end, 0.0003940]
13.787: [GC concurrent-mark-start]
13.791: [GC concurrent-mark-end, 0.0037380 sec]
13.804: [GC remark 13.804: [GC ref-proc, 0.0000180 secs], 0.0023210 secs]
 [Times: user=0.00 sys=0.00, real=0.01 secs] 
13.807: [GC cleanup 415M->198M(512M), 0.0006050 secs]
 [Times: user=0.00 sys=0.00, real=0.00 secs] 
13.807: [GC concurrent-cleanup-start]
13.808: [GC concurrent-cleanup-end, 0.0004570]
{Heap before GC invocations=505 (full 266):
 garbage-first heap   total 524288K, used 237043K [0x00000007dae00000, 0x00000007fae00000, 0x00000007fae00000)
  region size 1024K, 2 young (2048K), 1 survivors (1024K)
 compacting perm gen  total 20480K, used 2870K [0x00000007fae00000, 0x00000007fc200000, 0x0000000800000000)
   the space 20480K,  14% used [0x00000007fae00000, 0x00000007fb0cda98, 0x00000007fb0cdc00, 0x00000007fc200000)
No shared spaces configured.
13.832: [GC pause (young)
Desired survivor size 6815744 bytes, new threshold 15 (max 15)
- age   1:        328 bytes,        328 total
 (initial-mark), 0.00138000 secs]
   [Parallel Time:   1.2 ms]
      [GC Worker Start (ms):  13832.2  13832.3
       Avg: 13832.3, Min: 13832.2, Max: 13832.3, Diff:   0.0]
      [Ext Root Scanning (ms):  0.7  1.0
       Avg:   0.9, Min:   0.7, Max:   1.0, Diff:   0.2]
      [Update RS (ms):  0.0  0.0
       Avg:   0.0, Min:   0.0, Max:   0.0, Diff:   0.0]
         [Processed Buffers : 3 0
          Sum: 3, Avg: 1, Min: 0, Max: 3, Diff: 3]
      [Scan RS (ms):  0.0  0.0
       Avg:   0.0, Min:   0.0, Max:   0.0, Diff:   0.0]
      [Object Copy (ms):  0.2  0.1
       Avg:   0.2, Min:   0.1, Max:   0.2, Diff:   0.1]
      [Termination (ms):  0.1  0.0
       Avg:   0.1, Min:   0.0, Max:   0.1, Diff:   0.1]
         [Termination Attempts : 1 1
          Sum: 2, Avg: 1, Min: 1, Max: 1, Diff: 0]
      [GC Worker End (ms):  13833.4  13833.4
       Avg: 13833.4, Min: 13833.4, Max: 13833.4, Diff:   0.0]
      [GC Worker (ms):  1.1  1.1
       Avg:   1.1, Min:   1.1, Max:   1.1, Diff:   0.0]
      [GC Worker Other (ms):  0.1  0.1
       Avg:   0.1, Min:   0.1, Max:   0.1, Diff:   0.0]
   [Clear CT:   0.0 ms]
   [Other:   0.2 ms]
      [Choose CSet:   0.0 ms]
      [Ref Proc:   0.0 ms]
      [Ref Enq:   0.0 ms]
      [Free CSet:   0.0 ms]
   [Eden: 1024K(101M)->0B(220M) Survivors: 1024K->1024K Heap: 231M(512M)->231M(512M)]
 [Times: user=0.00 sys=0.00, real=0.00 secs] 
Heap after GC invocations=506 (full 267):
 garbage-first heap   total 524288K, used 237043K [0x00000007dae00000, 0x00000007fae00000, 0x00000007fae00000)
  region size 1024K, 1 young (1024K), 1 survivors (1024K)
 compacting perm gen  total 20480K, used 2870K [0x00000007fae00000, 0x00000007fc200000, 0x0000000800000000)
   the space 20480K,  14% used [0x00000007fae00000, 0x00000007fb0cda98, 0x00000007fb0cdc00, 0x00000007fc200000)
No shared spaces configured.
}
13.834: [GC concurrent-root-region-scan-start]
13.834: [GC concurrent-root-region-scan-end, 0.0001180]
13.834: [GC concurrent-mark-start]
13.835: [GC concurrent-mark-end, 0.0014160 sec]
13.843: [GC remark 13.844: [GC ref-proc, 0.0000150 secs], 0.0026080 secs]
 [Times: user=0.00 sys=0.00, real=0.01 secs] 
13.882: [GC cleanup 319M->296M(512M), 0.0006550 secs]
 [Times: user=0.00 sys=0.00, real=0.00 secs] 
13.883: [GC concurrent-cleanup-start]
13.883: [GC concurrent-cleanup-end, 0.0001300]
Heap
 garbage-first heap   total 524288K, used 327718K [0x00000007dae00000, 0x00000007fae00000, 0x00000007fae00000)
  region size 1024K, 2 young (2048K), 1 survivors (1024K)
 compacting perm gen  total 20480K, used 2879K [0x00000007fae00000, 0x00000007fc200000, 0x0000000800000000)
   the space 20480K,  14% used [0x00000007fae00000, 0x00000007fb0cff60, 0x00000007fb0d0000, 0x00000007fc200000)
No shared spaces configured.
