0.224: [GC pause (young) (initial-mark), 0.00241300 secs]
   [Parallel Time:   2.2 ms]
      [GC Worker Start (ms):  224.4  224.4
       Avg: 224.4, Min: 224.4, Max: 224.4, Diff:   0.0]
      [Ext Root Scanning (ms):  1.2  1.1
       Avg:   1.1, Min:   1.1, Max:   1.2, Diff:   0.2]
      [Update RS (ms):  0.0  0.0
       Avg:   0.0, Min:   0.0, Max:   0.0, Diff:   0.0]
         [Processed Buffers : 0 11
          Sum: 11, Avg: 5, Min: 0, Max: 11, Diff: 11]
      [Scan RS (ms):  0.0  0.0
       Avg:   0.0, Min:   0.0, Max:   0.0, Diff:   0.0]
      [Object Copy (ms):  0.9  1.0
       Avg:   1.0, Min:   0.9, Max:   1.0, Diff:   0.1]
      [Termination (ms):  0.0  0.0
       Avg:   0.0, Min:   0.0, Max:   0.0, Diff:   0.0]
         [Termination Attempts : 1 1
          Sum: 2, Avg: 1, Min: 1, Max: 1, Diff: 0]
      [GC Worker End (ms):  226.6  226.6
       Avg: 226.6, Min: 226.6, Max: 226.6, Diff:   0.0]
      [GC Worker (ms):  2.1  2.1
       Avg:   2.1, Min:   2.1, Max:   2.1, Diff:   0.0]
      [GC Worker Other (ms):  0.1  0.1
       Avg:   0.1, Min:   0.1, Max:   0.1, Diff:   0.0]
   [Clear CT:   0.0 ms]
   [Other:   0.2 ms]
      [Choose CSet:   0.0 ms]
      [Ref Proc:   0.1 ms]
      [Ref Enq:   0.0 ms]
      [Free CSet:   0.0 ms]
   [Eden: 1024K(25M)->0B(29M) Survivors: 0B->1024K Heap: 147M(153M)->147M(154M)]
 [Times: user=0.01 sys=0.00, real=0.00 secs] 
0.227: [GC concurrent-root-region-scan-start]
0.240: [GC concurrent-root-region-scan-end, 0.0126870]
0.240: [GC concurrent-mark-start]
0.242: [GC concurrent-mark-end, 0.0028160 sec]
0.265: [GC remark 0.265: [GC ref-proc, 0.0000120 secs], 0.0022950 secs]
 [Times: user=0.00 sys=0.01, real=0.00 secs] 
0.279: [GC cleanup 208M->208M(217M), 0.0002370 secs]
 [Times: user=0.00 sys=0.00, real=0.00 secs] 
0.342: [GC pause (young) (initial-mark), 0.00187500 secs]
   [Parallel Time:   1.7 ms]
      [GC Worker Start (ms):  341.9  341.9
       Avg: 341.9, Min: 341.9, Max: 341.9, Diff:   0.0]
      [Ext Root Scanning (ms):  0.7  0.8
       Avg:   0.8, Min:   0.7, Max:   0.8, Diff:   0.1]
      [Update RS (ms):  0.0  0.0
       Avg:   0.0, Min:   0.0, Max:   0.0, Diff:   0.0]
         [Processed Buffers : 4 0
          Sum: 4, Avg: 2, Min: 0, Max: 4, Diff: 4]
      [Scan RS (ms):  0.0  0.0
       Avg:   0.0, Min:   0.0, Max:   0.0, Diff:   0.0]
      [Object Copy (ms):  0.9  0.8
       Avg:   0.9, Min:   0.8, Max:   0.9, Diff:   0.1]
      [Termination (ms):  0.0  0.0
       Avg:   0.0, Min:   0.0, Max:   0.0, Diff:   0.0]
         [Termination Attempts : 1 1
          Sum: 2, Avg: 1, Min: 1, Max: 1, Diff: 0]
      [GC Worker End (ms):  343.5  343.5
       Avg: 343.5, Min: 343.5, Max: 343.5, Diff:   0.0]
      [GC Worker (ms):  1.7  1.7
       Avg:   1.7, Min:   1.7, Max:   1.7, Diff:   0.0]
      [GC Worker Other (ms):  0.0  0.1
       Avg:   0.1, Min:   0.0, Max:   0.1, Diff:   0.0]
   [Clear CT:   0.0 ms]
   [Other:   0.1 ms]
      [Choose CSet:   0.0 ms]
      [Ref Proc:   0.0 ms]
      [Ref Enq:   0.0 ms]
      [Free CSet:   0.0 ms]
   [Eden: 1024K(29M)->0B(58M) Survivors: 1024K->1024K Heap: 284M(294M)->284M(295M)]
 [Times: user=0.00 sys=0.00, real=0.00 secs] 
0.344: [GC concurrent-root-region-scan-start]
0.344: [GC concurrent-root-region-scan-end, 0.0004930]
0.344: [GC concurrent-mark-start]
0.357: [GC concurrent-mark-end, 0.0132270 sec]
0.408: [GC remark 0.409: [GC ref-proc, 0.0000110 secs], 0.0031630 secs]
 [Times: user=0.01 sys=0.00, real=0.01 secs] 
0.449: [GC cleanup 421M->421M(435M), 0.0004350 secs]
 [Times: user=0.00 sys=0.00, real=0.01 secs] 
0.501: [GC pause (young) (initial-mark), 0.00243300 secs]
   [Parallel Time:   2.2 ms]
      [GC Worker Start (ms):  501.0  501.0
       Avg: 501.0, Min: 501.0, Max: 501.0, Diff:   0.0]
      [Ext Root Scanning (ms):  0.6  0.8
       Avg:   0.7, Min:   0.6, Max:   0.8, Diff:   0.1]
      [Update RS (ms):  0.0  0.0
       Avg:   0.0, Min:   0.0, Max:   0.0, Diff:   0.0]
         [Processed Buffers : 0 0
          Sum: 0, Avg: 0, Min: 0, Max: 0, Diff: 0]
      [Scan RS (ms):  0.0  0.0
       Avg:   0.0, Min:   0.0, Max:   0.0, Diff:   0.0]
      [Object Copy (ms):  1.2  1.3
       Avg:   1.2, Min:   1.2, Max:   1.3, Diff:   0.0]
      [Termination (ms):  0.3  0.0
       Avg:   0.1, Min:   0.0, Max:   0.3, Diff:   0.3]
         [Termination Attempts : 1 1
          Sum: 2, Avg: 1, Min: 1, Max: 1, Diff: 0]
      [GC Worker End (ms):  503.2  503.0
       Avg: 503.1, Min: 503.0, Max: 503.2, Diff:   0.1]
      [GC Worker (ms):  2.2  2.0
       Avg:   2.1, Min:   2.0, Max:   2.2, Diff:   0.1]
      [GC Worker Other (ms):  0.1  0.2
       Avg:   0.1, Min:   0.1, Max:   0.2, Diff:   0.1]
   [Clear CT:   0.0 ms]
   [Other:   0.2 ms]
      [Choose CSet:   0.0 ms]
      [Ref Proc:   0.1 ms]
      [Ref Enq:   0.0 ms]
      [Free CSet:   0.0 ms]
   [Eden: 1024K(58M)->0B(97M) Survivors: 1024K->1024K Heap: 477M(494M)->477M(494M)]
 [Times: user=0.01 sys=0.00, real=0.00 secs] 
0.503: [GC concurrent-root-region-scan-start]
0.504: [GC pause (young)0.504: [GC concurrent-root-region-scan-end, 0.0005920]
0.504: [GC concurrent-mark-start]
, 0.00306300 secs]
   [Root Region Scan Waiting:   0.5 ms]
   [Parallel Time:   2.4 ms]
      [GC Worker Start (ms):  504.1  506.3
       Avg: 505.2, Min: 504.1, Max: 506.3, Diff:   2.2]
      [Ext Root Scanning (ms):  1.2  0.0
       Avg:   0.6, Min:   0.0, Max:   1.2, Diff:   1.2]
      [SATB Filtering (ms):  0.0  0.0
       Avg:   0.0, Min:   0.0, Max:   0.0, Diff:   0.0]
      [Update RS (ms):  0.0  0.0
       Avg:   0.0, Min:   0.0, Max:   0.0, Diff:   0.0]
         [Processed Buffers : 0 0
          Sum: 0, Avg: 0, Min: 0, Max: 0, Diff: 0]
      [Scan RS (ms):  0.0  0.0
       Avg:   0.0, Min:   0.0, Max:   0.0, Diff:   0.0]
      [Object Copy (ms):  1.2  0.2
       Avg:   0.7, Min:   0.2, Max:   1.2, Diff:   1.0]
      [Termination (ms):  0.0  0.0
       Avg:   0.0, Min:   0.0, Max:   0.0, Diff:   0.0]
         [Termination Attempts : 1 1
          Sum: 2, Avg: 1, Min: 1, Max: 1, Diff: 0]
      [GC Worker End (ms):  506.5  506.5
       Avg: 506.5, Min: 506.5, Max: 506.5, Diff:   0.0]
      [GC Worker (ms):  2.4  0.2
       Avg:   1.3, Min:   0.2, Max:   2.4, Diff:   2.2]
      [GC Worker Other (ms):  0.0  2.2
       Avg:   1.1, Min:   0.0, Max:   2.2, Diff:   2.2]
   [Complete CSet Marking:   0.0 ms]
   [Clear CT:   0.0 ms]
   [Other:   0.1 ms]
      [Choose CSet:   0.0 ms]
      [Ref Proc:   0.1 ms]
      [Ref Enq:   0.0 ms]
      [Free CSet:   0.0 ms]
   [Eden: 0B(97M)->0B(97M) Survivors: 1024K->1024K Heap: 477M(494M)->477M(494M)]
 [Times: user=0.00 sys=0.00, real=0.00 secs] 
0.507: [Full GC 477M->267M(494M), 0.0124810 secs]
 [Times: user=0.01 sys=0.00, real=0.02 secs] 
0.525: [GC concurrent-mark-abort]
0.556: [GC pause (young) (initial-mark), 0.00293500 secs]
   [Parallel Time:   2.5 ms]
      [GC Worker Start (ms):  556.6  556.6
       Avg: 556.6, Min: 556.6, Max: 556.6, Diff:   0.0]
      [Ext Root Scanning (ms):  1.8  2.0
       Avg:   1.9, Min:   1.8, Max:   2.0, Diff:   0.2]
      [Update RS (ms):  0.1  0.0
       Avg:   0.0, Min:   0.0, Max:   0.1, Diff:   0.1]
         [Processed Buffers : 6 0
          Sum: 6, Avg: 3, Min: 0, Max: 6, Diff: 6]
      [Scan RS (ms):  0.0  0.0
       Avg:   0.0, Min:   0.0, Max:   0.0, Diff:   0.0]
      [Object Copy (ms):  0.1  0.3
       Avg:   0.2, Min:   0.1, Max:   0.3, Diff:   0.2]
      [Termination (ms):  0.3  0.0
       Avg:   0.2, Min:   0.0, Max:   0.3, Diff:   0.3]
         [Termination Attempts : 1 1
          Sum: 2, Avg: 1, Min: 1, Max: 1, Diff: 0]
      [GC Worker End (ms):  558.9  558.9
       Avg: 558.9, Min: 558.9, Max: 558.9, Diff:   0.0]
      [GC Worker (ms):  2.3  2.3
       Avg:   2.3, Min:   2.3, Max:   2.3, Diff:   0.0]
      [GC Worker Other (ms):  0.1  0.1
       Avg:   0.1, Min:   0.1, Max:   0.1, Diff:   0.0]
   [Clear CT:   0.0 ms]
   [Other:   0.5 ms]
      [Choose CSet:   0.0 ms]
      [Ref Proc:   0.3 ms]
      [Ref Enq:   0.0 ms]
      [Free CSet:   0.0 ms]
   [Eden: 1024K(97M)->0B(97M) Survivors: 0B->1024K Heap: 323M(494M)->323M(494M)]
 [Times: user=0.01 sys=0.00, real=0.01 secs] 
0.560: [GC concurrent-root-region-scan-start]
0.560: [GC concurrent-root-region-scan-end, 0.0000450]
0.560: [GC concurrent-mark-start]
0.566: [GC concurrent-mark-end, 0.0060680 sec]
0.571: [GC remark 0.572: [GC ref-proc, 0.0000170 secs], 0.0056980 secs]
 [Times: user=0.01 sys=0.00, real=0.00 secs] 
0.578: [GC cleanup 343M->284M(494M), 0.0005370 secs]
 [Times: user=0.00 sys=0.00, real=0.00 secs] 
0.578: [GC concurrent-cleanup-start]
0.578: [GC concurrent-cleanup-end, 0.0000920]
0.598: [GC pause (young) (initial-mark), 0.00304100 secs]
   [Parallel Time:   2.9 ms]
      [GC Worker Start (ms):  598.6  598.6
       Avg: 598.6, Min: 598.6, Max: 598.6, Diff:   0.1]
      [Ext Root Scanning (ms):  0.8  2.6
       Avg:   1.7, Min:   0.8, Max:   2.6, Diff:   1.7]
      [Update RS (ms):  0.0  0.0
       Avg:   0.0, Min:   0.0, Max:   0.0, Diff:   0.0]
         [Processed Buffers : 2 0
          Sum: 2, Avg: 1, Min: 0, Max: 2, Diff: 2]
      [Scan RS (ms):  0.0  0.0
       Avg:   0.0, Min:   0.0, Max:   0.0, Diff:   0.0]
      [Object Copy (ms):  0.2  0.2
       Avg:   0.2, Min:   0.2, Max:   0.2, Diff:   0.0]
      [Termination (ms):  1.8  0.0
       Avg:   0.9, Min:   0.0, Max:   1.8, Diff:   1.8]
         [Termination Attempts : 1 1
          Sum: 2, Avg: 1, Min: 1, Max: 1, Diff: 0]
      [GC Worker End (ms):  601.4  601.4
       Avg: 601.4, Min: 601.4, Max: 601.4, Diff:   0.0]
      [GC Worker (ms):  2.8  2.8
       Avg:   2.8, Min:   2.8, Max:   2.8, Diff:   0.1]
      [GC Worker Other (ms):  0.1  0.1
       Avg:   0.1, Min:   0.1, Max:   0.1, Diff:   0.1]
   [Clear CT:   0.0 ms]
   [Other:   0.2 ms]
      [Choose CSet:   0.0 ms]
      [Ref Proc:   0.0 ms]
      [Ref Enq:   0.0 ms]
      [Free CSet:   0.0 ms]
   [Eden: 1024K(97M)->0B(104M) Survivors: 1024K->1024K Heap: 313M(494M)->313M(494M)]
 [Times: user=0.00 sys=0.00, real=0.01 secs] 
0.602: [GC concurrent-root-region-scan-start]
0.602: [GC concurrent-root-region-scan-end, 0.0000420]
0.602: [GC concurrent-mark-start]
0.604: [GC concurrent-mark-end, 0.0028330 sec]
0.626: [GC remark 0.626: [GC ref-proc, 0.0000150 secs], 0.0046450 secs]
 [Times: user=0.01 sys=0.00, real=0.01 secs] 
0.642: [GC cleanup 378M->378M(494M), 0.0004690 secs]
 [Times: user=0.00 sys=0.00, real=0.00 secs] 
0.709: [GC pause (young), 0.00321200 secs]
   [Parallel Time:   2.5 ms]
      [GC Worker Start (ms):  708.6  710.9
       Avg: 709.7, Min: 708.6, Max: 710.9, Diff:   2.3]
      [Ext Root Scanning (ms):  2.1  0.0
       Avg:   1.0, Min:   0.0, Max:   2.1, Diff:   2.1]
      [Update RS (ms):  0.0  0.0
       Avg:   0.0, Min:   0.0, Max:   0.0, Diff:   0.0]
         [Processed Buffers : 4 0
          Sum: 4, Avg: 2, Min: 0, Max: 4, Diff: 4]
      [Scan RS (ms):  0.0  0.0
       Avg:   0.0, Min:   0.0, Max:   0.0, Diff:   0.0]
      [Object Copy (ms):  0.1  0.0
       Avg:   0.1, Min:   0.0, Max:   0.1, Diff:   0.1]
      [Termination (ms):  0.2  0.0
       Avg:   0.1, Min:   0.0, Max:   0.2, Diff:   0.2]
         [Termination Attempts : 1 1
          Sum: 2, Avg: 1, Min: 1, Max: 1, Diff: 0]
      [GC Worker End (ms):  711.1  710.9
       Avg: 711.0, Min: 710.9, Max: 711.1, Diff:   0.1]
      [GC Worker (ms):  2.5  0.0
       Avg:   1.2, Min:   0.0, Max:   2.5, Diff:   2.5]
      [GC Worker Other (ms):  0.0  2.5
       Avg:   1.3, Min:   0.0, Max:   2.5, Diff:   2.5]
   [Clear CT:   0.0 ms]
   [Other:   0.7 ms]
      [Choose CSet:   0.0 ms]
      [Ref Proc:   0.1 ms]
      [Ref Enq:   0.0 ms]
      [Free CSet:   0.0 ms]
   [Eden: 1024K(104M)->0B(101M) Survivors: 1024K->1024K Heap: 476M(511M)->476M(511M)]
 [Times: user=0.00 sys=0.00, real=0.01 secs] 
0.713: [Full GC 476M->338M(512M), 0.0150110 secs]
 [Times: user=0.01 sys=0.00, real=0.01 secs] 
0.741: [GC pause (young) (initial-mark), 0.00196300 secs]
   [Parallel Time:   1.8 ms]
      [GC Worker Start (ms):  741.5  741.5
       Avg: 741.5, Min: 741.5, Max: 741.5, Diff:   0.0]
      [Ext Root Scanning (ms):  1.6  1.3
       Avg:   1.5, Min:   1.3, Max:   1.6, Diff:   0.3]
      [Update RS (ms):  0.0  0.0
       Avg:   0.0, Min:   0.0, Max:   0.0, Diff:   0.0]
         [Processed Buffers : 0 3
          Sum: 3, Avg: 1, Min: 0, Max: 3, Diff: 3]
      [Scan RS (ms):  0.0  0.0
       Avg:   0.0, Min:   0.0, Max:   0.0, Diff:   0.0]
      [Object Copy (ms):  0.1  0.2
       Avg:   0.2, Min:   0.1, Max:   0.2, Diff:   0.1]
      [Termination (ms):  0.0  0.1
       Avg:   0.1, Min:   0.0, Max:   0.1, Diff:   0.1]
         [Termination Attempts : 1 1
          Sum: 2, Avg: 1, Min: 1, Max: 1, Diff: 0]
      [GC Worker End (ms):  743.3  743.3
       Avg: 743.3, Min: 743.3, Max: 743.3, Diff:   0.0]
      [GC Worker (ms):  1.8  1.8
       Avg:   1.8, Min:   1.8, Max:   1.8, Diff:   0.0]
      [GC Worker Other (ms):  0.0  0.1
       Avg:   0.1, Min:   0.0, Max:   0.1, Diff:   0.0]
   [Clear CT:   0.0 ms]
   [Other:   0.1 ms]
      [Choose CSet:   0.0 ms]
      [Ref Proc:   0.0 ms]
      [Ref Enq:   0.0 ms]
      [Free CSet:   0.0 ms]
   [Eden: 1024K(101M)->0B(101M) Survivors: 0B->1024K Heap: 361M(512M)->361M(512M)]
 [Times: user=0.01 sys=0.00, real=0.00 secs] 
0.744: [GC concurrent-root-region-scan-start]
0.744: [GC concurrent-root-region-scan-end, 0.0000570]
0.744: [GC concurrent-mark-start]
0.747: [GC concurrent-mark-end, 0.0032890 sec]
0.773: [GC remark 0.773: [GC ref-proc, 0.0000140 secs], 0.0027580 secs]
 [Times: user=0.00 sys=0.00, real=0.00 secs] 
0.790: [GC cleanup 431M->303M(512M), 0.0008920 secs]
 [Times: user=0.00 sys=0.00, real=0.00 secs] 
0.791: [GC concurrent-cleanup-start]
0.792: [GC concurrent-cleanup-end, 0.0002980]
0.824: [GC pause (young) (initial-mark), 0.00256500 secs]
   [Parallel Time:   2.3 ms]
      [GC Worker Start (ms):  823.9  824.2
       Avg: 824.0, Min: 823.9, Max: 824.2, Diff:   0.3]
      [Ext Root Scanning (ms):  2.2  1.5
       Avg:   1.9, Min:   1.5, Max:   2.2, Diff:   0.8]
      [Update RS (ms):  0.0  0.0
       Avg:   0.0, Min:   0.0, Max:   0.0, Diff:   0.0]
         [Processed Buffers : 0 5
          Sum: 5, Avg: 2, Min: 0, Max: 5, Diff: 5]
      [Scan RS (ms):  0.0  0.0
       Avg:   0.0, Min:   0.0, Max:   0.0, Diff:   0.0]
      [Object Copy (ms):  0.0  0.3
       Avg:   0.2, Min:   0.0, Max:   0.3, Diff:   0.3]
      [Termination (ms):  0.0  0.1
       Avg:   0.1, Min:   0.0, Max:   0.1, Diff:   0.1]
         [Termination Attempts : 1 1
          Sum: 2, Avg: 1, Min: 1, Max: 1, Diff: 0]
      [GC Worker End (ms):  826.2  826.2
       Avg: 826.2, Min: 826.2, Max: 826.2, Diff:   0.0]
      [GC Worker (ms):  2.3  2.0
       Avg:   2.1, Min:   2.0, Max:   2.3, Diff:   0.3]
      [GC Worker Other (ms):  0.0  0.4
       Avg:   0.2, Min:   0.0, Max:   0.4, Diff:   0.3]
   [Clear CT:   0.0 ms]
   [Other:   0.2 ms]
      [Choose CSet:   0.0 ms]
      [Ref Proc:   0.1 ms]
      [Ref Enq:   0.0 ms]
      [Free CSet:   0.0 ms]
   [Eden: 1024K(101M)->0B(101M) Survivors: 1024K->1024K Heap: 345M(512M)->345M(512M)]
 [Times: user=0.00 sys=0.00, real=0.00 secs] 
0.827: [GC concurrent-root-region-scan-start]
0.827: [GC concurrent-root-region-scan-end, 0.0000360]
0.827: [GC concurrent-mark-start]
0.829: [GC concurrent-mark-end, 0.0019950 sec]
0.843: [GC remark 0.844: [GC ref-proc, 0.0000590 secs], 0.0045400 secs]
 [Times: user=0.01 sys=0.00, real=0.00 secs] 
0.848: [GC cleanup 368M->301M(512M), 0.0005680 secs]
 [Times: user=0.00 sys=0.00, real=0.00 secs] 
0.848: [GC concurrent-cleanup-start]
0.848: [GC concurrent-cleanup-end, 0.0001120]
0.867: [GC pause (young) (initial-mark), 0.00209600 secs]
   [Parallel Time:   1.8 ms]
      [GC Worker Start (ms):  866.8  868.6
       Avg: 867.7, Min: 866.8, Max: 868.6, Diff:   1.8]
      [Ext Root Scanning (ms):  1.3  0.0
       Avg:   0.7, Min:   0.0, Max:   1.3, Diff:   1.3]
      [Update RS (ms):  0.0  0.0
       Avg:   0.0, Min:   0.0, Max:   0.0, Diff:   0.0]
         [Processed Buffers : 3 0
          Sum: 3, Avg: 1, Min: 0, Max: 3, Diff: 3]
      [Scan RS (ms):  0.0  0.0
       Avg:   0.0, Min:   0.0, Max:   0.0, Diff:   0.0]
      [Object Copy (ms):  0.3  0.0
       Avg:   0.2, Min:   0.0, Max:   0.3, Diff:   0.3]
      [Termination (ms):  0.1  0.0
       Avg:   0.0, Min:   0.0, Max:   0.1, Diff:   0.1]
         [Termination Attempts : 1 1
          Sum: 2, Avg: 1, Min: 1, Max: 1, Diff: 0]
      [GC Worker End (ms):  868.6  868.6
       Avg: 868.6, Min: 868.6, Max: 868.6, Diff:   0.0]
      [GC Worker (ms):  1.8  0.0
       Avg:   0.9, Min:   0.0, Max:   1.8, Diff:   1.8]
      [GC Worker Other (ms):  0.0  1.8
       Avg:   0.9, Min:   0.0, Max:   1.8, Diff:   1.8]
   [Clear CT:   0.0 ms]
   [Other:   0.2 ms]
      [Choose CSet:   0.0 ms]
      [Ref Proc:   0.1 ms]
      [Ref Enq:   0.0 ms]
      [Free CSet:   0.0 ms]
   [Eden: 1024K(101M)->0B(119M) Survivors: 1024K->1024K Heap: 322M(512M)->322M(512M)]
 [Times: user=0.00 sys=0.00, real=0.01 secs] 
0.869: [GC concurrent-root-region-scan-start]
0.872: [GC concurrent-root-region-scan-end, 0.0027090]
0.872: [GC concurrent-mark-start]
0.873: [GC concurrent-mark-end, 0.0017610 sec]
0.883: [GC remark 0.883: [GC ref-proc, 0.0000150 secs], 0.0041680 secs]
 [Times: user=0.01 sys=0.00, real=0.00 secs] 
0.925: [GC cleanup 410M->387M(512M), 0.0004870 secs]
 [Times: user=0.00 sys=0.00, real=0.00 secs] 
0.926: [GC concurrent-cleanup-start]
0.926: [GC concurrent-cleanup-end, 0.0000740]
0.944: [GC pause (young) (initial-mark), 0.00534200 secs]
   [Parallel Time:   4.8 ms]
      [GC Worker Start (ms):  944.1  944.9
       Avg: 944.5, Min: 944.1, Max: 944.9, Diff:   0.8]
      [Ext Root Scanning (ms):  4.3  0.6
       Avg:   2.4, Min:   0.6, Max:   4.3, Diff:   3.7]
      [Update RS (ms):  0.0  0.0
       Avg:   0.0, Min:   0.0, Max:   0.0, Diff:   0.0]
         [Processed Buffers : 0 6
          Sum: 6, Avg: 3, Min: 0, Max: 6, Diff: 6]
      [Scan RS (ms):  0.0  0.0
       Avg:   0.0, Min:   0.0, Max:   0.0, Diff:   0.0]
      [Object Copy (ms):  0.3  0.2
       Avg:   0.2, Min:   0.2, Max:   0.3, Diff:   0.1]
      [Termination (ms):  0.0  1.5
       Avg:   0.7, Min:   0.0, Max:   1.5, Diff:   1.5]
         [Termination Attempts : 1 1
          Sum: 2, Avg: 1, Min: 1, Max: 1, Diff: 0]
      [GC Worker End (ms):  948.7  948.8
       Avg: 948.7, Min: 948.7, Max: 948.8, Diff:   0.1]
      [GC Worker (ms):  4.6  3.9
       Avg:   4.3, Min:   3.9, Max:   4.6, Diff:   0.7]
      [GC Worker Other (ms):  0.2  2.4
       Avg:   1.3, Min:   0.2, Max:   2.4, Diff:   2.2]
   [Clear CT:   0.3 ms]
   [Other:   0.3 ms]
      [Choose CSet:   0.0 ms]
      [Ref Proc:   0.1 ms]
      [Ref Enq:   0.0 ms]
      [Free CSet:   0.0 ms]
   [Eden: 1024K(119M)->0B(101M) Survivors: 1024K->1024K Heap: 410M(512M)->410M(512M)]
 [Times: user=0.00 sys=0.00, real=0.01 secs] 
0.949: [GC concurrent-root-region-scan-start]
0.954: [GC concurrent-root-region-scan-end, 0.0045520]
0.954: [GC concurrent-mark-start]
0.957: [GC concurrent-mark-end, 0.0031080 sec]
0.970: [GC remark 0.970: [GC ref-proc, 0.0000160 secs], 0.0046000 secs]
 [Times: user=0.00 sys=0.00, real=0.00 secs] 
0.975: [GC pause (young), 0.00156900 secs]
   [Parallel Time:   1.4 ms]
      [GC Worker Start (ms):  975.0  975.0
       Avg: 975.0, Min: 975.0, Max: 975.0, Diff:   0.0]
      [Ext Root Scanning (ms):  1.3  0.8
       Avg:   1.1, Min:   0.8, Max:   1.3, Diff:   0.5]
      [SATB Filtering (ms):  0.0  0.0
       Avg:   0.0, Min:   0.0, Max:   0.0, Diff:   0.0]
      [Update RS (ms):  0.0  0.0
       Avg:   0.0, Min:   0.0, Max:   0.0, Diff:   0.0]
         [Processed Buffers : 0 3
          Sum: 3, Avg: 1, Min: 0, Max: 3, Diff: 3]
      [Scan RS (ms):  0.0  0.0
       Avg:   0.0, Min:   0.0, Max:   0.0, Diff:   0.0]
      [Object Copy (ms):  0.0  0.1
       Avg:   0.0, Min:   0.0, Max:   0.1, Diff:   0.0]
      [Termination (ms):  0.0  0.4
       Avg:   0.2, Min:   0.0, Max:   0.4, Diff:   0.4]
         [Termination Attempts : 1 1
          Sum: 2, Avg: 1, Min: 1, Max: 1, Diff: 0]
      [GC Worker End (ms):  976.3  976.4
       Avg: 976.3, Min: 976.3, Max: 976.4, Diff:   0.1]
      [GC Worker (ms):  1.3  1.4
       Avg:   1.3, Min:   1.3, Max:   1.4, Diff:   0.0]
      [GC Worker Other (ms):  0.1  0.0
       Avg:   0.1, Min:   0.0, Max:   0.1, Diff:   0.0]
   [Complete CSet Marking:   0.0 ms]
   [Clear CT:   0.0 ms]
   [Other:   0.1 ms]
      [Choose CSet:   0.0 ms]
      [Ref Proc:   0.1 ms]
      [Ref Enq:   0.0 ms]
      [Free CSet:   0.0 ms]
   [Eden: 1024K(101M)->0B(101M) Survivors: 1024K->1024K Heap: 443M(512M)->443M(512M)]
 [Times: user=0.01 sys=0.00, real=0.00 secs] 
0.977: [Full GC 443M->302M(512M), 0.0149780 secs]
 [Times: user=0.01 sys=0.00, real=0.02 secs] 
1.042: [GC cleanup, 0.0000020 secs]
 [Times: user=0.00 sys=0.00, real=0.00 secs] 
1.042: [GC concurrent-mark-abort]
1.072: [GC pause (young), 0.00161600 secs]
   [Parallel Time:   1.5 ms]
      [GC Worker Start (ms):  1072.5  1072.5
       Avg: 1072.5, Min: 1072.5, Max: 1072.5, Diff:   0.0]
      [Ext Root Scanning (ms):  1.3  1.4
       Avg:   1.4, Min:   1.3, Max:   1.4, Diff:   0.1]
      [Update RS (ms):  0.0  0.0
       Avg:   0.0, Min:   0.0, Max:   0.0, Diff:   0.0]
         [Processed Buffers : 4 0
          Sum: 4, Avg: 2, Min: 0, Max: 4, Diff: 4]
      [Scan RS (ms):  0.0  0.0
       Avg:   0.0, Min:   0.0, Max:   0.0, Diff:   0.0]
      [Object Copy (ms):  0.1  0.0
       Avg:   0.0, Min:   0.0, Max:   0.1, Diff:   0.0]
      [Termination (ms):  0.1  0.0
       Avg:   0.0, Min:   0.0, Max:   0.1, Diff:   0.1]
         [Termination Attempts : 1 1
          Sum: 2, Avg: 1, Min: 1, Max: 1, Diff: 0]
      [GC Worker End (ms):  1074.0  1074.0
       Avg: 1074.0, Min: 1074.0, Max: 1074.0, Diff:   0.0]
      [GC Worker (ms):  1.5  1.5
       Avg:   1.5, Min:   1.5, Max:   1.5, Diff:   0.0]
      [GC Worker Other (ms):  0.1  0.1
       Avg:   0.1, Min:   0.1, Max:   0.1, Diff:   0.0]
   [Clear CT:   0.0 ms]
   [Other:   0.1 ms]
      [Choose CSet:   0.0 ms]
      [Ref Proc:   0.0 ms]
      [Ref Enq:   0.0 ms]
      [Free CSet:   0.0 ms]
   [Eden: 1024K(101M)->0B(101M) Survivors: 0B->1024K Heap: 434M(512M)->434M(512M)]
 [Times: user=0.01 sys=0.01, real=0.00 secs] 
1.074: [Full GC 434M->341M(512M), 0.0132800 secs]
 [Times: user=0.01 sys=0.00, real=0.01 secs] 
1.110: [GC pause (young) (initial-mark), 0.00171000 secs]
   [Parallel Time:   1.6 ms]
      [GC Worker Start (ms):  1110.0  1110.0
       Avg: 1110.0, Min: 1110.0, Max: 1110.0, Diff:   0.0]
      [Ext Root Scanning (ms):  1.2  1.4
       Avg:   1.3, Min:   1.2, Max:   1.4, Diff:   0.1]
      [Update RS (ms):  0.0  0.0
       Avg:   0.0, Min:   0.0, Max:   0.0, Diff:   0.0]
         [Processed Buffers : 1 0
          Sum: 1, Avg: 0, Min: 0, Max: 1, Diff: 1]
      [Scan RS (ms):  0.0  0.0
       Avg:   0.0, Min:   0.0, Max:   0.0, Diff:   0.0]
      [Object Copy (ms):  0.3  0.1
       Avg:   0.2, Min:   0.1, Max:   0.3, Diff:   0.1]
      [Termination (ms):  0.0  0.0
       Avg:   0.0, Min:   0.0, Max:   0.0, Diff:   0.0]
         [Termination Attempts : 1 1
          Sum: 2, Avg: 1, Min: 1, Max: 1, Diff: 0]
      [GC Worker End (ms):  1111.6  1111.6
       Avg: 1111.6, Min: 1111.6, Max: 1111.6, Diff:   0.0]
      [GC Worker (ms):  1.5  1.5
       Avg:   1.5, Min:   1.5, Max:   1.5, Diff:   0.0]
      [GC Worker Other (ms):  0.1  0.1
       Avg:   0.1, Min:   0.1, Max:   0.1, Diff:   0.0]
   [Clear CT:   0.0 ms]
   [Other:   0.1 ms]
      [Choose CSet:   0.0 ms]
      [Ref Proc:   0.0 ms]
      [Ref Enq:   0.0 ms]
      [Free CSet:   0.0 ms]
   [Eden: 1024K(101M)->0B(101M) Survivors: 0B->1024K Heap: 380M(512M)->380M(512M)]
 [Times: user=0.00 sys=0.00, real=0.00 secs] 
1.112: [GC concurrent-root-region-scan-start]
1.112: [GC concurrent-root-region-scan-end, 0.0000210]
1.112: [GC concurrent-mark-start]
1.115: [GC concurrent-mark-end, 0.0033120 sec]
1.132: [GC remark 1.133: [GC ref-proc, 0.0000170 secs], 0.0040340 secs]
 [Times: user=0.01 sys=0.00, real=0.00 secs] 
1.137: [GC cleanup 419M->419M(512M), 0.0002860 secs]
 [Times: user=0.00 sys=0.00, real=0.00 secs] 
1.176: [GC pause (young), 0.00126000 secs]
   [Parallel Time:   1.2 ms]
      [GC Worker Start (ms):  1176.3  1176.7
       Avg: 1176.5, Min: 1176.3, Max: 1176.7, Diff:   0.4]
      [Ext Root Scanning (ms):  1.0  0.6
       Avg:   0.8, Min:   0.6, Max:   1.0, Diff:   0.4]
      [Update RS (ms):  0.0  0.0
       Avg:   0.0, Min:   0.0, Max:   0.0, Diff:   0.0]
         [Processed Buffers : 4 3
          Sum: 7, Avg: 3, Min: 3, Max: 4, Diff: 1]
      [Scan RS (ms):  0.0  0.0
       Avg:   0.0, Min:   0.0, Max:   0.0, Diff:   0.0]
      [Object Copy (ms):  0.1  0.0
       Avg:   0.0, Min:   0.0, Max:   0.1, Diff:   0.1]
      [Termination (ms):  0.0  0.0
       Avg:   0.0, Min:   0.0, Max:   0.0, Diff:   0.0]
         [Termination Attempts : 1 1
          Sum: 2, Avg: 1, Min: 1, Max: 1, Diff: 0]
      [GC Worker End (ms):  1177.4  1177.4
       Avg: 1177.4, Min: 1177.4, Max: 1177.4, Diff:   0.0]
      [GC Worker (ms):  1.1  0.7
       Avg:   0.9, Min:   0.7, Max:   1.1, Diff:   0.4]
      [GC Worker Other (ms):  0.1  0.5
       Avg:   0.3, Min:   0.1, Max:   0.5, Diff:   0.4]
   [Clear CT:   0.0 ms]
   [Other:   0.1 ms]
      [Choose CSet:   0.0 ms]
      [Ref Proc:   0.0 ms]
      [Ref Enq:   0.0 ms]
      [Free CSet:   0.0 ms]
   [Eden: 1024K(101M)->0B(101M) Survivors: 1024K->1024K Heap: 482M(512M)->482M(512M)]
 [Times: user=0.01 sys=0.00, real=0.00 secs] 
1.178: [Full GC 482M->243M(512M), 0.0121250 secs]
 [Times: user=0.01 sys=0.00, real=0.02 secs] 
1.226: [GC pause (young) (initial-mark), 0.00274400 secs]
   [Parallel Time:   2.5 ms]
      [GC Worker Start (ms):  1226.3  1226.3
       Avg: 1226.3, Min: 1226.3, Max: 1226.3, Diff:   0.0]
      [Ext Root Scanning (ms):  2.2  1.7
       Avg:   1.9, Min:   1.7, Max:   2.2, Diff:   0.5]
      [Update RS (ms):  0.0  0.0
       Avg:   0.0, Min:   0.0, Max:   0.0, Diff:   0.0]
         [Processed Buffers : 0 5
          Sum: 5, Avg: 2, Min: 0, Max: 5, Diff: 5]
      [Scan RS (ms):  0.0  0.0
       Avg:   0.0, Min:   0.0, Max:   0.0, Diff:   0.0]
      [Object Copy (ms):  0.2  0.2
       Avg:   0.2, Min:   0.2, Max:   0.2, Diff:   0.0]
      [Termination (ms):  0.0  0.5
       Avg:   0.3, Min:   0.0, Max:   0.5, Diff:   0.5]
         [Termination Attempts : 1 1
          Sum: 2, Avg: 1, Min: 1, Max: 1, Diff: 0]
      [GC Worker End (ms):  1228.7  1228.8
       Avg: 1228.7, Min: 1228.7, Max: 1228.8, Diff:   0.0]
      [GC Worker (ms):  2.4  2.4
       Avg:   2.4, Min:   2.4, Max:   2.4, Diff:   0.0]
      [GC Worker Other (ms):  0.1  0.1
       Avg:   0.1, Min:   0.1, Max:   0.1, Diff:   0.0]
   [Clear CT:   0.0 ms]
   [Other:   0.2 ms]
      [Choose CSet:   0.0 ms]
      [Ref Proc:   0.1 ms]
      [Ref Enq:   0.0 ms]
      [Free CSet:   0.0 ms]
   [Eden: 1024K(101M)->0B(138M) Survivors: 0B->1024K Heap: 308M(512M)->308M(512M)]
 [Times: user=0.00 sys=0.00, real=0.01 secs] 
1.229: [GC concurrent-root-region-scan-start]
1.229: [GC concurrent-root-region-scan-end, 0.0000390]
1.229: [GC concurrent-mark-start]
1.230: [GC concurrent-mark-end, 0.0012310 sec]
1.250: [GC remark 1.250: [GC ref-proc, 0.0000160 secs], 0.0054980 secs]
 [Times: user=0.00 sys=0.00, real=0.00 secs] 
1.265: [GC cleanup 366M->366M(512M), 0.0006650 secs]
 [Times: user=0.00 sys=0.00, real=0.00 secs] 
1.294: [GC pause (young) (initial-mark), 0.00304300 secs]
   [Parallel Time:   2.7 ms]
      [GC Worker Start (ms):  1294.3  1294.4
       Avg: 1294.4, Min: 1294.3, Max: 1294.4, Diff:   0.1]
      [Ext Root Scanning (ms):  1.0  0.9
       Avg:   1.0, Min:   0.9, Max:   1.0, Diff:   0.1]
      [Update RS (ms):  0.0  1.5
       Avg:   0.8, Min:   0.0, Max:   1.5, Diff:   1.5]
         [Processed Buffers : 3 1
          Sum: 4, Avg: 2, Min: 1, Max: 3, Diff: 2]
      [Scan RS (ms):  0.0  0.0
       Avg:   0.0, Min:   0.0, Max:   0.0, Diff:   0.0]
      [Object Copy (ms):  0.2  0.1
       Avg:   0.2, Min:   0.1, Max:   0.2, Diff:   0.1]
      [Termination (ms):  1.4  0.0
       Avg:   0.7, Min:   0.0, Max:   1.4, Diff:   1.4]
         [Termination Attempts : 1 1
          Sum: 2, Avg: 1, Min: 1, Max: 1, Diff: 0]
      [GC Worker End (ms):  1297.0  1297.0
       Avg: 1297.0, Min: 1297.0, Max: 1297.0, Diff:   0.0]
      [GC Worker (ms):  2.7  2.6
       Avg:   2.6, Min:   2.6, Max:   2.7, Diff:   0.1]
      [GC Worker Other (ms):  0.1  0.2
       Avg:   0.1, Min:   0.1, Max:   0.2, Diff:   0.1]
   [Clear CT:   0.0 ms]
   [Other:   0.3 ms]
      [Choose CSet:   0.0 ms]
      [Ref Proc:   0.2 ms]
      [Ref Enq:   0.0 ms]
      [Free CSet:   0.0 ms]
   [Eden: 1024K(138M)->0B(101M) Survivors: 1024K->1024K Heap: 407M(512M)->407M(512M)]
 [Times: user=0.01 sys=0.00, real=0.00 secs] 
1.297: [GC concurrent-root-region-scan-start]
1.307: [GC concurrent-root-region-scan-end, 0.0092770]
1.307: [GC concurrent-mark-start]
1.313: [GC concurrent-mark-end, 0.0060850 sec]
1.328: [GC pause (young), 0.00152400 secs]
   [Parallel Time:   1.3 ms]
      [GC Worker Start (ms):  1328.6  1328.6
       Avg: 1328.6, Min: 1328.6, Max: 1328.6, Diff:   0.1]
      [Ext Root Scanning (ms):  1.2  0.9
       Avg:   1.0, Min:   0.9, Max:   1.2, Diff:   0.3]
      [SATB Filtering (ms):  0.0  0.0
       Avg:   0.0, Min:   0.0, Max:   0.0, Diff:   0.0]
      [Update RS (ms):  0.0  0.0
       Avg:   0.0, Min:   0.0, Max:   0.0, Diff:   0.0]
         [Processed Buffers : 0 4
          Sum: 4, Avg: 2, Min: 0, Max: 4, Diff: 4]
      [Scan RS (ms):  0.0  0.0
       Avg:   0.0, Min:   0.0, Max:   0.0, Diff:   0.0]
      [Object Copy (ms):  0.0  0.1
       Avg:   0.0, Min:   0.0, Max:   0.1, Diff:   0.0]
      [Termination (ms):  0.0  0.2
       Avg:   0.1, Min:   0.0, Max:   0.2, Diff:   0.2]
         [Termination Attempts : 1 1
          Sum: 2, Avg: 1, Min: 1, Max: 1, Diff: 0]
      [GC Worker End (ms):  1329.8  1329.9
       Avg: 1329.8, Min: 1329.8, Max: 1329.9, Diff:   0.1]
      [GC Worker (ms):  1.2  1.2
       Avg:   1.2, Min:   1.2, Max:   1.2, Diff:   0.0]
      [GC Worker Other (ms):  0.1  0.1
       Avg:   0.1, Min:   0.1, Max:   0.1, Diff:   0.0]
   [Complete CSet Marking:   0.0 ms]
   [Clear CT:   0.0 ms]
   [Other:   0.2 ms]
      [Choose CSet:   0.0 ms]
      [Ref Proc:   0.1 ms]
      [Ref Enq:   0.0 ms]
      [Free CSet:   0.0 ms]
   [Eden: 1024K(101M)->0B(101M) Survivors: 1024K->1024K Heap: 463M(512M)->462M(512M)]
 [Times: user=0.01 sys=0.00, real=0.01 secs] 
1.330: [Full GC 462M->284M(512M), 0.0122140 secs]
 [Times: user=0.01 sys=0.00, real=0.01 secs] 
1.410: [GC pause (young), 0.00170500 secs]
   [Parallel Time:   1.6 ms]
      [GC Worker Start (ms):  1410.0  1410.0
       Avg: 1410.0, Min: 1410.0, Max: 1410.0, Diff:   0.0]
      [Ext Root Scanning (ms):  1.5  1.4
       Avg:   1.4, Min:   1.4, Max:   1.5, Diff:   0.0]
      [SATB Filtering (ms):  0.0  0.0
       Avg:   0.0, Min:   0.0, Max:   0.0, Diff:   0.0]
      [Update RS (ms):  0.0  0.0
       Avg:   0.0, Min:   0.0, Max:   0.0, Diff:   0.0]
         [Processed Buffers : 2 1
          Sum: 3, Avg: 1, Min: 1, Max: 2, Diff: 1]
      [Scan RS (ms):  0.0  0.0
       Avg:   0.0, Min:   0.0, Max:   0.0, Diff:   0.0]
      [Object Copy (ms):  0.0  0.1
       Avg:   0.0, Min:   0.0, Max:   0.1, Diff:   0.0]
      [Termination (ms):  0.0  0.0
       Avg:   0.0, Min:   0.0, Max:   0.0, Diff:   0.0]
         [Termination Attempts : 1 1
          Sum: 2, Avg: 1, Min: 1, Max: 1, Diff: 0]
      [GC Worker End (ms):  1411.5  1411.5
       Avg: 1411.5, Min: 1411.5, Max: 1411.5, Diff:   0.0]
      [GC Worker (ms):  1.5  1.5
       Avg:   1.5, Min:   1.5, Max:   1.5, Diff:   0.0]
      [GC Worker Other (ms):  0.1  0.1
       Avg:   0.1, Min:   0.1, Max:   0.1, Diff:   0.0]
   [Complete CSet Marking:   0.0 ms]
   [Clear CT:   0.0 ms]
   [Other:   0.1 ms]
      [Choose CSet:   0.0 ms]
      [Ref Proc:   0.0 ms]
      [Ref Enq:   0.0 ms]
      [Free CSet:   0.0 ms]
   [Eden: 1024K(101M)->0B(101M) Survivors: 0B->1024K Heap: 409M(512M)->409M(512M)]
 [Times: user=0.00 sys=0.00, real=0.00 secs] 
1.441: [GC pause (young), 0.00120600 secs]
   [Parallel Time:   1.1 ms]
      [GC Worker Start (ms):  1440.8  1440.8
       Avg: 1440.8, Min: 1440.8, Max: 1440.8, Diff:   0.0]
      [Ext Root Scanning (ms):  1.0  1.0
       Avg:   1.0, Min:   1.0, Max:   1.0, Diff:   0.0]
      [SATB Filtering (ms):  0.0  0.0
       Avg:   0.0, Min:   0.0, Max:   0.0, Diff:   0.0]
      [Update RS (ms):  0.0  0.0
       Avg:   0.0, Min:   0.0, Max:   0.0, Diff:   0.0]
         [Processed Buffers : 3 1
          Sum: 4, Avg: 2, Min: 1, Max: 3, Diff: 2]
      [Scan RS (ms):  0.0  0.0
       Avg:   0.0, Min:   0.0, Max:   0.0, Diff:   0.0]
      [Object Copy (ms):  0.1  0.0
       Avg:   0.0, Min:   0.0, Max:   0.1, Diff:   0.0]
      [Termination (ms):  0.0  0.0
       Avg:   0.0, Min:   0.0, Max:   0.0, Diff:   0.0]
         [Termination Attempts : 1 1
          Sum: 2, Avg: 1, Min: 1, Max: 1, Diff: 0]
      [GC Worker End (ms):  1441.9  1441.9
       Avg: 1441.9, Min: 1441.9, Max: 1441.9, Diff:   0.0]
      [GC Worker (ms):  1.1  1.1
       Avg:   1.1, Min:   1.1, Max:   1.1, Diff:   0.0]
      [GC Worker Other (ms):  0.1  0.1
       Avg:   0.1, Min:   0.1, Max:   0.1, Diff:   0.0]
   [Complete CSet Marking:   0.0 ms]
   [Clear CT:   0.0 ms]
   [Other:   0.1 ms]
      [Choose CSet:   0.0 ms]
      [Ref Proc:   0.0 ms]
      [Ref Enq:   0.0 ms]
      [Free CSet:   0.0 ms]
   [Eden: 1024K(101M)->0B(101M) Survivors: 1024K->1024K Heap: 463M(512M)->463M(512M)]
 [Times: user=0.00 sys=0.01, real=0.00 secs] 
1.442: [Full GC 463M->406M(512M), 0.0129660 secs]
 [Times: user=0.02 sys=0.00, real=0.01 secs] 
1.480: [GC remark, 0.0000010 secs]
 [Times: user=0.00 sys=0.00, real=0.00 secs] 
1.481: [GC concurrent-mark-abort]
1.481: [Full GC 452M->299M(512M), 0.0124840 secs]
 [Times: user=0.01 sys=0.00, real=0.01 secs] 
1.529: [GC pause (young) (initial-mark), 0.00213300 secs]
   [Parallel Time:   1.9 ms]
      [GC Worker Start (ms):  1529.5  1529.8
       Avg: 1529.7, Min: 1529.5, Max: 1529.8, Diff:   0.3]
      [Ext Root Scanning (ms):  1.7  1.2
       Avg:   1.4, Min:   1.2, Max:   1.7, Diff:   0.4]
      [Update RS (ms):  0.0  0.0
       Avg:   0.0, Min:   0.0, Max:   0.0, Diff:   0.0]
         [Processed Buffers : 0 1
          Sum: 1, Avg: 0, Min: 0, Max: 1, Diff: 1]
      [Scan RS (ms):  0.0  0.0
       Avg:   0.0, Min:   0.0, Max:   0.0, Diff:   0.0]
      [Object Copy (ms):  0.2  0.2
       Avg:   0.2, Min:   0.2, Max:   0.2, Diff:   0.1]
      [Termination (ms):  0.0  0.2
       Avg:   0.1, Min:   0.0, Max:   0.2, Diff:   0.2]
         [Termination Attempts : 1 1
          Sum: 2, Avg: 1, Min: 1, Max: 1, Diff: 0]
      [GC Worker End (ms):  1531.4  1531.4
       Avg: 1531.4, Min: 1531.4, Max: 1531.4, Diff:   0.0]
      [GC Worker (ms):  1.9  1.6
       Avg:   1.7, Min:   1.6, Max:   1.9, Diff:   0.3]
      [GC Worker Other (ms):  0.1  0.4
       Avg:   0.2, Min:   0.1, Max:   0.4, Diff:   0.3]
   [Clear CT:   0.0 ms]
   [Other:   0.2 ms]
      [Choose CSet:   0.0 ms]
      [Ref Proc:   0.0 ms]
      [Ref Enq:   0.0 ms]
      [Free CSet:   0.0 ms]
   [Eden: 1024K(101M)->0B(101M) Survivors: 0B->1024K Heap: 354M(512M)->354M(512M)]
 [Times: user=0.01 sys=0.00, real=0.00 secs] 
1.532: [GC concurrent-root-region-scan-start]
1.532: [GC concurrent-root-region-scan-end, 0.0000210]
1.532: [GC concurrent-mark-start]
1.533: [GC concurrent-mark-end, 0.0014590 sec]
1.553: [GC remark 1.554: [GC ref-proc, 0.0000160 secs], 0.0039950 secs]
 [Times: user=0.00 sys=0.00, real=0.00 secs] 
1.558: [GC cleanup 394M->394M(512M), 0.0004130 secs]
 [Times: user=0.00 sys=0.00, real=0.00 secs] 
1.583: [GC pause (young) (initial-mark), 0.00280800 secs]
   [Parallel Time:   2.6 ms]
      [GC Worker Start (ms):  1583.5  1583.5
       Avg: 1583.5, Min: 1583.5, Max: 1583.5, Diff:   0.0]
      [Ext Root Scanning (ms):  2.3  2.4
       Avg:   2.4, Min:   2.3, Max:   2.4, Diff:   0.2]
      [Update RS (ms):  0.0  0.0
       Avg:   0.0, Min:   0.0, Max:   0.0, Diff:   0.0]
         [Processed Buffers : 3 2
          Sum: 5, Avg: 2, Min: 2, Max: 3, Diff: 1]
      [Scan RS (ms):  0.0  0.0
       Avg:   0.0, Min:   0.0, Max:   0.0, Diff:   0.0]
      [Object Copy (ms):  0.3  0.1
       Avg:   0.2, Min:   0.1, Max:   0.3, Diff:   0.2]
      [Termination (ms):  0.0  0.0
       Avg:   0.0, Min:   0.0, Max:   0.0, Diff:   0.0]
         [Termination Attempts : 1 1
          Sum: 2, Avg: 1, Min: 1, Max: 1, Diff: 0]
      [GC Worker End (ms):  1586.1  1586.1
       Avg: 1586.1, Min: 1586.1, Max: 1586.1, Diff:   0.0]
      [GC Worker (ms):  2.6  2.6
       Avg:   2.6, Min:   2.6, Max:   2.6, Diff:   0.0]
      [GC Worker Other (ms):  0.1  0.1
       Avg:   0.1, Min:   0.1, Max:   0.1, Diff:   0.0]
   [Clear CT:   0.0 ms]
   [Other:   0.1 ms]
      [Choose CSet:   0.0 ms]
      [Ref Proc:   0.0 ms]
      [Ref Enq:   0.0 ms]
      [Free CSet:   0.0 ms]
   [Eden: 1024K(101M)->0B(101M) Survivors: 1024K->1024K Heap: 432M(512M)->431M(512M)]
 [Times: user=0.00 sys=0.00, real=0.00 secs] 
1.586: [GC concurrent-root-region-scan-start]
1.586: [GC concurrent-root-region-scan-end, 0.0000390]
1.586: [GC concurrent-mark-start]
1.589: [GC concurrent-mark-end, 0.0028000 sec]
1.594: [GC remark 1.594: [GC ref-proc, 0.0000160 secs], 0.0033450 secs]
 [Times: user=0.01 sys=0.00, real=0.00 secs] 
1.598: [GC cleanup 446M->290M(512M), 0.0005010 secs]
 [Times: user=0.00 sys=0.00, real=0.00 secs] 
1.598: [GC concurrent-cleanup-start]
1.599: [GC concurrent-cleanup-end, 0.0003310]
1.616: [GC pause (young) (initial-mark), 0.00300700 secs]
   [Parallel Time:   2.8 ms]
      [GC Worker Start (ms):  1616.4  1618.8
       Avg: 1617.6, Min: 1616.4, Max: 1618.8, Diff:   2.4]
      [Ext Root Scanning (ms):  2.2  0.0
       Avg:   1.1, Min:   0.0, Max:   2.2, Diff:   2.2]
      [Update RS (ms):  0.0  0.0
       Avg:   0.0, Min:   0.0, Max:   0.0, Diff:   0.0]
         [Processed Buffers : 0 6
          Sum: 6, Avg: 3, Min: 0, Max: 6, Diff: 6]
      [Scan RS (ms):  0.0  0.0
       Avg:   0.0, Min:   0.0, Max:   0.0, Diff:   0.0]
      [Object Copy (ms):  0.5  0.0
       Avg:   0.3, Min:   0.0, Max:   0.5, Diff:   0.5]
      [Termination (ms):  0.0  0.3
       Avg:   0.1, Min:   0.0, Max:   0.3, Diff:   0.3]
         [Termination Attempts : 1 1
          Sum: 2, Avg: 1, Min: 1, Max: 1, Diff: 0]
      [GC Worker End (ms):  1619.2  1619.2
       Avg: 1619.2, Min: 1619.2, Max: 1619.2, Diff:   0.0]
      [GC Worker (ms):  2.7  0.4
       Avg:   1.5, Min:   0.4, Max:   2.7, Diff:   2.4]
      [GC Worker Other (ms):  0.1  2.5
       Avg:   1.3, Min:   0.1, Max:   2.5, Diff:   2.4]
   [Clear CT:   0.0 ms]
   [Other:   0.2 ms]
      [Choose CSet:   0.0 ms]
      [Ref Proc:   0.0 ms]
      [Ref Enq:   0.0 ms]
      [Free CSet:   0.0 ms]
   [Eden: 1024K(101M)->0B(135M) Survivors: 1024K->1024K Heap: 315M(512M)->315M(512M)]
 [Times: user=0.00 sys=0.00, real=0.01 secs] 
1.619: [GC concurrent-root-region-scan-start]
1.619: [GC concurrent-root-region-scan-end, 0.0000490]
1.619: [GC concurrent-mark-start]
1.621: [GC concurrent-mark-end, 0.0020590 sec]
1.658: [GC remark 1.658: [GC ref-proc, 0.0000170 secs], 0.0030560 secs]
 [Times: user=0.01 sys=0.00, real=0.01 secs] 
1.661: [GC cleanup 383M->297M(512M), 0.0004140 secs]
 [Times: user=0.00 sys=0.00, real=0.00 secs] 
1.662: [GC concurrent-cleanup-start]
1.662: [GC concurrent-cleanup-end, 0.0001710]
1.678: [GC pause (young) (initial-mark), 0.00208400 secs]
   [Parallel Time:   1.9 ms]
      [GC Worker Start (ms):  1677.9  1679.0
       Avg: 1678.5, Min: 1677.9, Max: 1679.0, Diff:   1.1]
      [Ext Root Scanning (ms):  1.4  0.6
       Avg:   1.0, Min:   0.6, Max:   1.4, Diff:   0.8]
      [Update RS (ms):  0.0  0.0
       Avg:   0.0, Min:   0.0, Max:   0.0, Diff:   0.0]
         [Processed Buffers : 4 0
          Sum: 4, Avg: 2, Min: 0, Max: 4, Diff: 4]
      [Scan RS (ms):  0.0  0.0
       Avg:   0.0, Min:   0.0, Max:   0.0, Diff:   0.0]
      [Object Copy (ms):  0.2  0.1
       Avg:   0.2, Min:   0.1, Max:   0.2, Diff:   0.2]
      [Termination (ms):  0.0  0.0
       Avg:   0.0, Min:   0.0, Max:   0.0, Diff:   0.0]
         [Termination Attempts : 1 1
          Sum: 2, Avg: 1, Min: 1, Max: 1, Diff: 0]
      [GC Worker End (ms):  1679.7  1679.7
       Avg: 1679.7, Min: 1679.7, Max: 1679.7, Diff:   0.0]
      [GC Worker (ms):  1.7  0.7
       Avg:   1.2, Min:   0.7, Max:   1.7, Diff:   1.1]
      [GC Worker Other (ms):  0.2  1.2
       Avg:   0.7, Min:   0.2, Max:   1.2, Diff:   1.1]
   [Clear CT:   0.0 ms]
   [Other:   0.2 ms]
      [Choose CSet:   0.0 ms]
      [Ref Proc:   0.0 ms]
      [Ref Enq:   0.0 ms]
      [Free CSet:   0.0 ms]
   [Eden: 1024K(135M)->0B(132M) Survivors: 1024K->1024K Heap: 317M(512M)->317M(512M)]
 [Times: user=0.00 sys=0.00, real=0.01 secs] 
1.680: [GC concurrent-root-region-scan-start]
1.680: [GC concurrent-root-region-scan-end, 0.0000670]
1.680: [GC concurrent-mark-start]
1.682: [GC concurrent-mark-end, 0.0023940 sec]
1.740: [GC remark 1.740: [GC ref-proc, 0.0000160 secs], 0.0031570 secs]
 [Times: user=0.01 sys=0.00, real=0.00 secs] 
1.743: [GC pause (young), 0.00098200 secs]
   [Parallel Time:   0.8 ms]
      [GC Worker Start (ms):  1743.5  1743.5
       Avg: 1743.5, Min: 1743.5, Max: 1743.5, Diff:   0.0]
      [Ext Root Scanning (ms):  0.7  0.7
       Avg:   0.7, Min:   0.7, Max:   0.7, Diff:   0.0]
      [SATB Filtering (ms):  0.0  0.0
       Avg:   0.0, Min:   0.0, Max:   0.0, Diff:   0.0]
      [Update RS (ms):  0.0  0.0
       Avg:   0.0, Min:   0.0, Max:   0.0, Diff:   0.0]
         [Processed Buffers : 4 0
          Sum: 4, Avg: 2, Min: 0, Max: 4, Diff: 4]
      [Scan RS (ms):  0.0  0.0
       Avg:   0.0, Min:   0.0, Max:   0.0, Diff:   0.0]
      [Object Copy (ms):  0.1  0.1
       Avg:   0.1, Min:   0.1, Max:   0.1, Diff:   0.0]
      [Termination (ms):  0.0  0.0
       Avg:   0.0, Min:   0.0, Max:   0.0, Diff:   0.0]
         [Termination Attempts : 1 1
          Sum: 2, Avg: 1, Min: 1, Max: 1, Diff: 0]
      [GC Worker End (ms):  1744.3  1744.3
       Avg: 1744.3, Min: 1744.3, Max: 1744.3, Diff:   0.0]
      [GC Worker (ms):  0.8  0.8
       Avg:   0.8, Min:   0.8, Max:   0.8, Diff:   0.0]
      [GC Worker Other (ms):  0.0  0.1
       Avg:   0.1, Min:   0.0, Max:   0.1, Diff:   0.0]
   [Complete CSet Marking:   0.0 ms]
   [Clear CT:   0.0 ms]
   [Other:   0.1 ms]
      [Choose CSet:   0.0 ms]
      [Ref Proc:   0.1 ms]
      [Ref Enq:   0.0 ms]
      [Free CSet:   0.0 ms]
   [Eden: 1024K(132M)->0B(101M) Survivors: 1024K->1024K Heap: 425M(512M)->425M(512M)]
 [Times: user=0.00 sys=0.00, real=0.00 secs] 
1.745: [Full GC 425M->311M(512M), 0.0113480 secs]
 [Times: user=0.01 sys=0.00, real=0.01 secs] 
1.832: [GC cleanup, 0.0000030 secs]
 [Times: user=0.00 sys=0.00, real=0.00 secs] 
1.832: [GC concurrent-mark-abort]
1.844: [GC pause (young), 0.00224000 secs]
   [Parallel Time:   2.1 ms]
      [GC Worker Start (ms):  1844.0  1844.5
       Avg: 1844.3, Min: 1844.0, Max: 1844.5, Diff:   0.5]
      [Ext Root Scanning (ms):  1.7  1.5
       Avg:   1.6, Min:   1.5, Max:   1.7, Diff:   0.3]
      [Update RS (ms):  0.0  0.0
       Avg:   0.0, Min:   0.0, Max:   0.0, Diff:   0.0]
         [Processed Buffers : 5 0
          Sum: 5, Avg: 2, Min: 0, Max: 5, Diff: 5]
      [Scan RS (ms):  0.0  0.0
       Avg:   0.0, Min:   0.0, Max:   0.0, Diff:   0.0]
      [Object Copy (ms):  0.1  0.0
       Avg:   0.1, Min:   0.0, Max:   0.1, Diff:   0.1]
      [Termination (ms):  0.2  0.0
       Avg:   0.1, Min:   0.0, Max:   0.2, Diff:   0.2]
         [Termination Attempts : 1 1
          Sum: 2, Avg: 1, Min: 1, Max: 1, Diff: 0]
      [GC Worker End (ms):  1846.1  1846.1
       Avg: 1846.1, Min: 1846.1, Max: 1846.1, Diff:   0.0]
      [GC Worker (ms):  2.1  1.6
       Avg:   1.9, Min:   1.6, Max:   2.1, Diff:   0.5]
      [GC Worker Other (ms):  0.0  0.6
       Avg:   0.3, Min:   0.0, Max:   0.6, Diff:   0.6]
   [Clear CT:   0.0 ms]
   [Other:   0.1 ms]
      [Choose CSet:   0.0 ms]
      [Ref Proc:   0.0 ms]
      [Ref Enq:   0.0 ms]
      [Free CSet:   0.0 ms]
   [Eden: 1024K(101M)->0B(101M) Survivors: 0B->1024K Heap: 466M(512M)->466M(512M)]
 [Times: user=0.01 sys=0.00, real=0.00 secs] 
1.847: [Full GC 466M->215M(512M), 0.0117890 secs]
 [Times: user=0.01 sys=0.00, real=0.01 secs] 
1.878: [GC pause (young) (initial-mark), 0.00349500 secs]
   [Parallel Time:   3.3 ms]
      [GC Worker Start (ms):  1878.6  1878.6
       Avg: 1878.6, Min: 1878.6, Max: 1878.6, Diff:   0.0]
      [Ext Root Scanning (ms):  2.1  3.1
       Avg:   2.6, Min:   2.1, Max:   3.1, Diff:   1.0]
      [Update RS (ms):  0.0  0.0
       Avg:   0.0, Min:   0.0, Max:   0.0, Diff:   0.0]
         [Processed Buffers : 1 0
          Sum: 1, Avg: 0, Min: 0, Max: 1, Diff: 1]
      [Scan RS (ms):  0.0  0.0
       Avg:   0.0, Min:   0.0, Max:   0.0, Diff:   0.0]
      [Object Copy (ms):  0.3  0.1
       Avg:   0.2, Min:   0.1, Max:   0.3, Diff:   0.1]
      [Termination (ms):  0.8  0.0
       Avg:   0.4, Min:   0.0, Max:   0.8, Diff:   0.8]
         [Termination Attempts : 1 1
          Sum: 2, Avg: 1, Min: 1, Max: 1, Diff: 0]
      [GC Worker End (ms):  1881.8  1881.8
       Avg: 1881.8, Min: 1881.8, Max: 1881.8, Diff:   0.0]
      [GC Worker (ms):  3.3  3.2
       Avg:   3.2, Min:   3.2, Max:   3.3, Diff:   0.0]
      [GC Worker Other (ms):  0.1  0.1
       Avg:   0.1, Min:   0.1, Max:   0.1, Diff:   0.0]
   [Clear CT:   0.0 ms]
   [Other:   0.2 ms]
      [Choose CSet:   0.0 ms]
      [Ref Proc:   0.0 ms]
      [Ref Enq:   0.0 ms]
      [Free CSet:   0.0 ms]
   [Eden: 1024K(101M)->0B(203M) Survivors: 0B->1024K Heap: 248M(512M)->248M(512M)]
 [Times: user=0.00 sys=0.00, real=0.01 secs] 
1.882: [GC concurrent-root-region-scan-start]
1.882: [GC concurrent-root-region-scan-end, 0.0000480]
1.882: [GC concurrent-mark-start]
1.886: [GC concurrent-mark-end, 0.0035060 sec]
1.888: [GC remark 1.888: [GC ref-proc, 0.0000150 secs], 0.0032830 secs]
 [Times: user=0.01 sys=0.00, real=0.01 secs] 
1.891: [GC cleanup 260M->260M(512M), 0.0008620 secs]
 [Times: user=0.00 sys=0.00, real=0.00 secs] 
1.904: [GC pause (young) (initial-mark), 0.00148700 secs]
   [Parallel Time:   1.2 ms]
      [GC Worker Start (ms):  1904.5  1904.6
       Avg: 1904.6, Min: 1904.5, Max: 1904.6, Diff:   0.0]
      [Ext Root Scanning (ms):  0.7  1.0
       Avg:   0.9, Min:   0.7, Max:   1.0, Diff:   0.2]
      [Update RS (ms):  0.0  0.0
       Avg:   0.0, Min:   0.0, Max:   0.0, Diff:   0.0]
         [Processed Buffers : 2 0
          Sum: 2, Avg: 1, Min: 0, Max: 2, Diff: 2]
      [Scan RS (ms):  0.0  0.0
       Avg:   0.0, Min:   0.0, Max:   0.0, Diff:   0.0]
      [Object Copy (ms):  0.2  0.2
       Avg:   0.2, Min:   0.2, Max:   0.2, Diff:   0.0]
      [Termination (ms):  0.2  0.0
       Avg:   0.1, Min:   0.0, Max:   0.2, Diff:   0.2]
         [Termination Attempts : 1 1
          Sum: 2, Avg: 1, Min: 1, Max: 1, Diff: 0]
      [GC Worker End (ms):  1905.7  1905.7
       Avg: 1905.7, Min: 1905.7, Max: 1905.7, Diff:   0.0]
      [GC Worker (ms):  1.2  1.2
       Avg:   1.2, Min:   1.2, Max:   1.2, Diff:   0.0]
      [GC Worker Other (ms):  0.1  0.1
       Avg:   0.1, Min:   0.1, Max:   0.1, Diff:   0.0]
   [Clear CT:   0.0 ms]
   [Other:   0.2 ms]
      [Choose CSet:   0.0 ms]
      [Ref Proc:   0.1 ms]
      [Ref Enq:   0.0 ms]
      [Free CSet:   0.0 ms]
   [Eden: 1024K(203M)->0B(175M) Survivors: 1024K->1024K Heap: 275M(512M)->275M(512M)]
 [Times: user=0.00 sys=0.00, real=0.00 secs] 
1.906: [GC concurrent-root-region-scan-start]
1.906: [GC concurrent-root-region-scan-end, 0.0000600]
1.906: [GC concurrent-mark-start]
1.908: [GC concurrent-mark-end, 0.0023780 sec]
1.916: [GC remark 1.916: [GC ref-proc, 0.0000170 secs], 0.0025520 secs]
 [Times: user=0.00 sys=0.00, real=0.00 secs] 
1.961: [GC cleanup 367M->296M(512M), 0.0007120 secs]
 [Times: user=0.00 sys=0.00, real=0.00 secs] 
1.962: [GC concurrent-cleanup-start]
1.962: [GC concurrent-cleanup-end, 0.0002200]
1.976: [GC pause (young) (initial-mark), 0.00135200 secs]
   [Parallel Time:   1.1 ms]
      [GC Worker Start (ms):  1976.0  1976.1
       Avg: 1976.1, Min: 1976.0, Max: 1976.1, Diff:   0.1]
      [Ext Root Scanning (ms):  0.8  0.8
       Avg:   0.8, Min:   0.8, Max:   0.8, Diff:   0.1]
      [Update RS (ms):  0.0  0.0
       Avg:   0.0, Min:   0.0, Max:   0.0, Diff:   0.0]
         [Processed Buffers : 4 1
          Sum: 5, Avg: 2, Min: 1, Max: 4, Diff: 3]
      [Scan RS (ms):  0.0  0.0
       Avg:   0.0, Min:   0.0, Max:   0.0, Diff:   0.0]
      [Object Copy (ms):  0.2  0.1
       Avg:   0.2, Min:   0.1, Max:   0.2, Diff:   0.1]
      [Termination (ms):  0.0  0.0
       Avg:   0.0, Min:   0.0, Max:   0.0, Diff:   0.0]
         [Termination Attempts : 1 1
          Sum: 2, Avg: 1, Min: 1, Max: 1, Diff: 0]
      [GC Worker End (ms):  1977.1  1977.1
       Avg: 1977.1, Min: 1977.1, Max: 1977.1, Diff:   0.0]
      [GC Worker (ms):  1.1  0.9
       Avg:   1.0, Min:   0.9, Max:   1.1, Diff:   0.1]
      [GC Worker Other (ms):  0.0  0.2
       Avg:   0.1, Min:   0.0, Max:   0.2, Diff:   0.1]
   [Clear CT:   0.0 ms]
   [Other:   0.2 ms]
      [Choose CSet:   0.0 ms]
      [Ref Proc:   0.0 ms]
      [Ref Enq:   0.0 ms]
      [Free CSet:   0.0 ms]
   [Eden: 1024K(175M)->0B(136M) Survivors: 1024K->1024K Heap: 312M(512M)->312M(512M)]
 [Times: user=0.01 sys=0.00, real=0.00 secs] 
1.977: [GC concurrent-root-region-scan-start]
1.977: [GC concurrent-root-region-scan-end, 0.0000570]
1.977: [GC concurrent-mark-start]
1.981: [GC concurrent-mark-end, 0.0032950 sec]
2.003: [GC remark 2.003: [GC ref-proc, 0.0000140 secs], 0.0030850 secs]
 [Times: user=0.01 sys=0.00, real=0.00 secs] 
2.017: [GC cleanup 379M->286M(512M), 0.0006910 secs]
 [Times: user=0.00 sys=0.00, real=0.00 secs] 
2.018: [GC concurrent-cleanup-start]
2.018: [GC concurrent-cleanup-end, 0.0004990]
2.065: [GC pause (young) (initial-mark), 0.00105500 secs]
   [Parallel Time:   0.9 ms]
      [GC Worker Start (ms):  2065.2  2065.2
       Avg: 2065.2, Min: 2065.2, Max: 2065.2, Diff:   0.0]
      [Ext Root Scanning (ms):  0.6  0.7
       Avg:   0.7, Min:   0.6, Max:   0.7, Diff:   0.1]
      [Update RS (ms):  0.0  0.0
       Avg:   0.0, Min:   0.0, Max:   0.0, Diff:   0.0]
         [Processed Buffers : 2 4
          Sum: 6, Avg: 3, Min: 2, Max: 4, Diff: 2]
      [Scan RS (ms):  0.0  0.0
       Avg:   0.0, Min:   0.0, Max:   0.0, Diff:   0.0]
      [Object Copy (ms):  0.2  0.1
       Avg:   0.2, Min:   0.1, Max:   0.2, Diff:   0.1]
      [Termination (ms):  0.0  0.0
       Avg:   0.0, Min:   0.0, Max:   0.0, Diff:   0.0]
         [Termination Attempts : 1 1
          Sum: 2, Avg: 1, Min: 1, Max: 1, Diff: 0]
      [GC Worker End (ms):  2066.1  2066.1
       Avg: 2066.1, Min: 2066.1, Max: 2066.1, Diff:   0.0]
      [GC Worker (ms):  0.9  0.9
       Avg:   0.9, Min:   0.9, Max:   0.9, Diff:   0.0]
      [GC Worker Other (ms):  0.1  0.1
       Avg:   0.1, Min:   0.1, Max:   0.1, Diff:   0.0]
   [Clear CT:   0.0 ms]
   [Other:   0.1 ms]
      [Choose CSet:   0.0 ms]
      [Ref Proc:   0.0 ms]
      [Ref Enq:   0.0 ms]
      [Free CSet:   0.0 ms]
   [Eden: 1024K(136M)->0B(101M) Survivors: 1024K->1024K Heap: 358M(512M)->357M(512M)]
 [Times: user=0.01 sys=0.00, real=0.00 secs] 
2.066: [GC concurrent-root-region-scan-start]
2.083: [GC concurrent-root-region-scan-end, 0.0171210]
2.083: [GC concurrent-mark-start]
2.111: [GC pause (young), 0.00384500 secs]
   [Parallel Time:   3.7 ms]
      [GC Worker Start (ms):  2110.9  2110.9
       Avg: 2110.9, Min: 2110.9, Max: 2110.9, Diff:   0.0]
      [Ext Root Scanning (ms):  1.1  3.6
       Avg:   2.4, Min:   1.1, Max:   3.6, Diff:   2.5]
      [SATB Filtering (ms):  0.0  0.0
       Avg:   0.0, Min:   0.0, Max:   0.0, Diff:   0.0]
      [Update RS (ms):  0.0  0.0
       Avg:   0.0, Min:   0.0, Max:   0.0, Diff:   0.0]
         [Processed Buffers : 3 0
          Sum: 3, Avg: 1, Min: 0, Max: 3, Diff: 3]
      [Scan RS (ms):  0.0  0.0
       Avg:   0.0, Min:   0.0, Max:   0.0, Diff:   0.0]
      [Object Copy (ms):  0.1  0.1
       Avg:   0.1, Min:   0.1, Max:   0.1, Diff:   0.0]
      [Termination (ms):  2.4  0.0
       Avg:   1.2, Min:   0.0, Max:   2.4, Diff:   2.4]
         [Termination Attempts : 1 1
          Sum: 2, Avg: 1, Min: 1, Max: 1, Diff: 0]
      [GC Worker End (ms):  2114.6  2114.5
       Avg: 2114.6, Min: 2114.5, Max: 2114.6, Diff:   0.0]
      [GC Worker (ms):  3.7  3.7
       Avg:   3.7, Min:   3.7, Max:   3.7, Diff:   0.0]
      [GC Worker Other (ms):  0.1  0.1
       Avg:   0.1, Min:   0.1, Max:   0.1, Diff:   0.0]
   [Complete CSet Marking:   0.0 ms]
   [Clear CT:   0.0 ms]
   [Other:   0.1 ms]
      [Choose CSet:   0.0 ms]
      [Ref Proc:   0.0 ms]
      [Ref Enq:   0.0 ms]
      [Free CSet:   0.0 ms]
   [Eden: 0B(101M)->0B(101M) Survivors: 1024K->1024K Heap: 438M(512M)->438M(512M)]
 [Times: user=0.00 sys=0.00, real=0.00 secs] 
2.115: [Full GC 438M->266M(512M), 0.0116280 secs]
 [Times: user=0.01 sys=0.00, real=0.01 secs] 
2.137: [GC concurrent-mark-abort]
2.170: [GC pause (young) (initial-mark), 0.00227600 secs]
   [Parallel Time:   2.1 ms]
      [GC Worker Start (ms):  2170.1  2170.3
       Avg: 2170.2, Min: 2170.1, Max: 2170.3, Diff:   0.1]
      [Ext Root Scanning (ms):  1.8  1.5
       Avg:   1.6, Min:   1.5, Max:   1.8, Diff:   0.3]
      [Update RS (ms):  0.0  0.0
       Avg:   0.0, Min:   0.0, Max:   0.0, Diff:   0.0]
         [Processed Buffers : 0 5
          Sum: 5, Avg: 2, Min: 0, Max: 5, Diff: 5]
      [Scan RS (ms):  0.0  0.0
       Avg:   0.0, Min:   0.0, Max:   0.0, Diff:   0.0]
      [Object Copy (ms):  0.3  0.1
       Avg:   0.2, Min:   0.1, Max:   0.3, Diff:   0.1]
      [Termination (ms):  0.0  0.2
       Avg:   0.1, Min:   0.0, Max:   0.2, Diff:   0.2]
         [Termination Attempts : 1 1
          Sum: 2, Avg: 1, Min: 1, Max: 1, Diff: 0]
      [GC Worker End (ms):  2172.2  2172.2
       Avg: 2172.2, Min: 2172.2, Max: 2172.2, Diff:   0.0]
      [GC Worker (ms):  2.0  1.9
       Avg:   2.0, Min:   1.9, Max:   2.0, Diff:   0.1]
      [GC Worker Other (ms):  0.0  0.2
       Avg:   0.1, Min:   0.0, Max:   0.2, Diff:   0.1]
   [Clear CT:   0.0 ms]
   [Other:   0.2 ms]
      [Choose CSet:   0.0 ms]
      [Ref Proc:   0.0 ms]
      [Ref Enq:   0.0 ms]
      [Free CSet:   0.0 ms]
   [Eden: 1024K(101M)->0B(110M) Survivors: 0B->1024K Heap: 337M(512M)->337M(512M)]
 [Times: user=0.00 sys=0.00, real=0.00 secs] 
2.172: [GC concurrent-root-region-scan-start]
2.185: [GC concurrent-root-region-scan-end, 0.0130920]
2.186: [GC concurrent-mark-start]
2.188: [GC concurrent-mark-end, 0.0025220 sec]
2.200: [GC remark 2.200: [GC ref-proc, 0.0000140 secs], 0.0041010 secs]
 [Times: user=0.01 sys=0.00, real=0.00 secs] 
2.204: [GC cleanup 385M->385M(512M), 0.0003210 secs]
 [Times: user=0.00 sys=0.00, real=0.00 secs] 
2.223: [GC pause (young) (initial-mark), 0.00142800 secs]
   [Parallel Time:   1.3 ms]
      [GC Worker Start (ms):  2223.0  2223.0
       Avg: 2223.0, Min: 2223.0, Max: 2223.0, Diff:   0.0]
      [Ext Root Scanning (ms):  1.0  0.8
       Avg:   0.9, Min:   0.8, Max:   1.0, Diff:   0.2]
      [Update RS (ms):  0.0  0.0
       Avg:   0.0, Min:   0.0, Max:   0.0, Diff:   0.0]
         [Processed Buffers : 0 4
          Sum: 4, Avg: 2, Min: 0, Max: 4, Diff: 4]
      [Scan RS (ms):  0.0  0.0
       Avg:   0.0, Min:   0.0, Max:   0.0, Diff:   0.0]
      [Object Copy (ms):  0.1  0.2
       Avg:   0.2, Min:   0.1, Max:   0.2, Diff:   0.1]
      [Termination (ms):  0.0  0.2
       Avg:   0.1, Min:   0.0, Max:   0.2, Diff:   0.2]
         [Termination Attempts : 1 1
          Sum: 2, Avg: 1, Min: 1, Max: 1, Diff: 0]
      [GC Worker End (ms):  2224.2  2224.2
       Avg: 2224.2, Min: 2224.2, Max: 2224.2, Diff:   0.0]
      [GC Worker (ms):  1.2  1.2
       Avg:   1.2, Min:   1.2, Max:   1.2, Diff:   0.0]
      [GC Worker Other (ms):  0.2  0.1
       Avg:   0.1, Min:   0.1, Max:   0.2, Diff:   0.1]
   [Clear CT:   0.0 ms]
   [Other:   0.1 ms]
      [Choose CSet:   0.0 ms]
      [Ref Proc:   0.0 ms]
      [Ref Enq:   0.0 ms]
      [Free CSet:   0.0 ms]
   [Eden: 1024K(110M)->0B(101M) Survivors: 1024K->1024K Heap: 410M(512M)->410M(512M)]
 [Times: user=0.00 sys=0.00, real=0.00 secs] 
2.224: [GC concurrent-root-region-scan-start]
2.225: [GC concurrent-root-region-scan-end, 0.0001510]
2.225: [GC concurrent-mark-start]
2.225: [GC pause (young), 0.00077400 secs]
   [Parallel Time:   0.7 ms]
      [GC Worker Start (ms):  2224.7  2224.8
       Avg: 2224.8, Min: 2224.7, Max: 2224.8, Diff:   0.0]
      [Ext Root Scanning (ms):  0.4  0.4
       Avg:   0.4, Min:   0.4, Max:   0.4, Diff:   0.0]
      [SATB Filtering (ms):  0.0  0.0
       Avg:   0.0, Min:   0.0, Max:   0.0, Diff:   0.0]
      [Update RS (ms):  0.0  0.0
       Avg:   0.0, Min:   0.0, Max:   0.0, Diff:   0.0]
         [Processed Buffers : 4 0
          Sum: 4, Avg: 2, Min: 0, Max: 4, Diff: 4]
      [Scan RS (ms):  0.0  0.0
       Avg:   0.0, Min:   0.0, Max:   0.0, Diff:   0.0]
      [Object Copy (ms):  0.0  0.2
       Avg:   0.1, Min:   0.0, Max:   0.2, Diff:   0.2]
      [Termination (ms):  0.2  0.0
       Avg:   0.1, Min:   0.0, Max:   0.2, Diff:   0.2]
         [Termination Attempts : 1 1
          Sum: 2, Avg: 1, Min: 1, Max: 1, Diff: 0]
      [GC Worker End (ms):  2225.4  2225.4
       Avg: 2225.4, Min: 2225.4, Max: 2225.4, Diff:   0.0]
      [GC Worker (ms):  0.7  0.6
       Avg:   0.6, Min:   0.6, Max:   0.7, Diff:   0.1]
      [GC Worker Other (ms):  0.1  0.1
       Avg:   0.1, Min:   0.1, Max:   0.1, Diff:   0.1]
   [Complete CSet Marking:   0.0 ms]
   [Clear CT:   0.0 ms]
   [Other:   0.0 ms]
      [Choose CSet:   0.0 ms]
      [Ref Proc:   0.0 ms]
      [Ref Enq:   0.0 ms]
      [Free CSet:   0.0 ms]
   [Eden: 0B(101M)->0B(101M) Survivors: 1024K->1024K Heap: 410M(512M)->410M(512M)]
 [Times: user=0.00 sys=0.00, real=0.00 secs] 
2.226: [Full GC 410M->295M(512M), 0.0115020 secs]
 [Times: user=0.02 sys=0.00, real=0.01 secs] 
2.237: [GC concurrent-mark-abort]
2.258: [GC pause (young) (initial-mark), 0.00219500 secs]
   [Parallel Time:   2.0 ms]
      [GC Worker Start (ms):  2257.9  2258.1
       Avg: 2258.0, Min: 2257.9, Max: 2258.1, Diff:   0.2]
      [Ext Root Scanning (ms):  1.7  1.7
       Avg:   1.7, Min:   1.7, Max:   1.7, Diff:   0.0]
      [Update RS (ms):  0.0  0.0
       Avg:   0.0, Min:   0.0, Max:   0.0, Diff:   0.0]
         [Processed Buffers : 1 0
          Sum: 1, Avg: 0, Min: 0, Max: 1, Diff: 1]
      [Scan RS (ms):  0.0  0.0
       Avg:   0.0, Min:   0.0, Max:   0.0, Diff:   0.0]
      [Object Copy (ms):  0.2  0.1
       Avg:   0.2, Min:   0.1, Max:   0.2, Diff:   0.1]
      [Termination (ms):  0.1  0.0
       Avg:   0.0, Min:   0.0, Max:   0.1, Diff:   0.1]
         [Termination Attempts : 1 1
          Sum: 2, Avg: 1, Min: 1, Max: 1, Diff: 0]
      [GC Worker End (ms):  2259.9  2259.9
       Avg: 2259.9, Min: 2259.9, Max: 2259.9, Diff:   0.0]
      [GC Worker (ms):  2.0  1.8
       Avg:   1.9, Min:   1.8, Max:   2.0, Diff:   0.2]
      [GC Worker Other (ms):  0.0  0.2
       Avg:   0.1, Min:   0.0, Max:   0.2, Diff:   0.2]
   [Clear CT:   0.0 ms]
   [Other:   0.1 ms]
      [Choose CSet:   0.0 ms]
      [Ref Proc:   0.0 ms]
      [Ref Enq:   0.0 ms]
      [Free CSet:   0.0 ms]
   [Eden: 0B(101M)->0B(131M) Survivors: 0B->0B Heap: 317M(512M)->317M(512M)]
 [Times: user=0.01 sys=0.00, real=0.01 secs] 
2.260: [GC concurrent-root-region-scan-start]
2.260: [GC concurrent-root-region-scan-end, 0.0000050]
2.260: [GC concurrent-mark-start]
2.261: [GC concurrent-mark-end, 0.0013720 sec]
2.267: [GC remark 2.267: [GC ref-proc, 0.0000170 secs], 0.0051870 secs]
 [Times: user=0.00 sys=0.00, real=0.01 secs] 
2.285: [GC cleanup 356M->356M(512M), 0.0009970 secs]
 [Times: user=0.00 sys=0.00, real=0.00 secs] 
2.304: [GC pause (young) (initial-mark), 0.00112800 secs]
   [Parallel Time:   1.0 ms]
      [GC Worker Start (ms):  2304.2  2304.2
       Avg: 2304.2, Min: 2304.2, Max: 2304.2, Diff:   0.0]
      [Ext Root Scanning (ms):  0.7  0.7
       Avg:   0.7, Min:   0.7, Max:   0.7, Diff:   0.0]
      [Update RS (ms):  0.0  0.0
       Avg:   0.0, Min:   0.0, Max:   0.0, Diff:   0.0]
         [Processed Buffers : 2 2
          Sum: 4, Avg: 2, Min: 2, Max: 2, Diff: 0]
      [Scan RS (ms):  0.0  0.0
       Avg:   0.0, Min:   0.0, Max:   0.0, Diff:   0.0]
      [Object Copy (ms):  0.2  0.1
       Avg:   0.2, Min:   0.1, Max:   0.2, Diff:   0.0]
      [Termination (ms):  0.0  0.0
       Avg:   0.0, Min:   0.0, Max:   0.0, Diff:   0.0]
         [Termination Attempts : 1 1
          Sum: 2, Avg: 1, Min: 1, Max: 1, Diff: 0]
      [GC Worker End (ms):  2305.1  2305.1
       Avg: 2305.1, Min: 2305.1, Max: 2305.1, Diff:   0.0]
      [GC Worker (ms):  0.9  0.9
       Avg:   0.9, Min:   0.9, Max:   0.9, Diff:   0.0]
      [GC Worker Other (ms):  0.1  0.1
       Avg:   0.1, Min:   0.1, Max:   0.1, Diff:   0.0]
   [Clear CT:   0.0 ms]
   [Other:   0.1 ms]
      [Choose CSet:   0.0 ms]
      [Ref Proc:   0.0 ms]
      [Ref Enq:   0.0 ms]
      [Free CSet:   0.0 ms]
   [Eden: 1024K(131M)->0B(101M) Survivors: 0B->1024K Heap: 379M(512M)->379M(512M)]
 [Times: user=0.00 sys=0.00, real=0.00 secs] 
2.305: [GC concurrent-root-region-scan-start]
2.305: [GC concurrent-root-region-scan-end, 0.0000420]
2.305: [GC concurrent-mark-start]
2.310: [GC concurrent-mark-end, 0.0045480 sec]
2.327: [GC remark 2.327: [GC ref-proc, 0.0000160 secs], 0.0094240 secs]
 [Times: user=0.00 sys=0.00, real=0.01 secs] 
2.346: [GC pause (young), 0.00297700 secs]
   [Parallel Time:   2.9 ms]
      [GC Worker Start (ms):  2346.0  2348.4
       Avg: 2347.2, Min: 2346.0, Max: 2348.4, Diff:   2.5]
      [Ext Root Scanning (ms):  2.7  0.4
       Avg:   1.5, Min:   0.4, Max:   2.7, Diff:   2.3]
      [SATB Filtering (ms):  0.0  0.0
       Avg:   0.0, Min:   0.0, Max:   0.0, Diff:   0.0]
      [Update RS (ms):  0.0  0.0
       Avg:   0.0, Min:   0.0, Max:   0.0, Diff:   0.0]
         [Processed Buffers : 4 0
          Sum: 4, Avg: 2, Min: 0, Max: 4, Diff: 4]
      [Scan RS (ms):  0.0  0.0
       Avg:   0.0, Min:   0.0, Max:   0.0, Diff:   0.0]
      [Object Copy (ms):  0.1  0.0
       Avg:   0.1, Min:   0.0, Max:   0.1, Diff:   0.1]
      [Termination (ms):  0.0  0.0
       Avg:   0.0, Min:   0.0, Max:   0.0, Diff:   0.0]
         [Termination Attempts : 1 1
          Sum: 2, Avg: 1, Min: 1, Max: 1, Diff: 0]
      [GC Worker End (ms):  2348.8  2348.8
       Avg: 2348.8, Min: 2348.8, Max: 2348.8, Diff:   0.0]
      [GC Worker (ms):  2.8  0.4
       Avg:   1.6, Min:   0.4, Max:   2.8, Diff:   2.5]
      [GC Worker Other (ms):  0.1  2.5
       Avg:   1.3, Min:   0.1, Max:   2.5, Diff:   2.4]
   [Complete CSet Marking:   0.0 ms]
   [Clear CT:   0.0 ms]
   [Other:   0.1 ms]
      [Choose CSet:   0.0 ms]
      [Ref Proc:   0.0 ms]
      [Ref Enq:   0.0 ms]
      [Free CSet:   0.0 ms]
   [Eden: 1024K(101M)->0B(101M) Survivors: 1024K->1024K Heap: 432M(512M)->432M(512M)]
 [Times: user=0.00 sys=0.00, real=0.01 secs] 
2.349: [GC cleanup 432M->379M(512M), 0.0003290 secs]
 [Times: user=0.00 sys=0.00, real=0.00 secs] 
2.350: [GC concurrent-cleanup-start]
2.350: [GC concurrent-cleanup-end, 0.0001080]
2.389: [GC pause (young), 0.00100700 secs]
   [Parallel Time:   0.9 ms]
      [GC Worker Start (ms):  2388.9  2388.9
       Avg: 2388.9, Min: 2388.9, Max: 2388.9, Diff:   0.0]
      [Ext Root Scanning (ms):  0.7  0.8
       Avg:   0.8, Min:   0.7, Max:   0.8, Diff:   0.1]
      [Update RS (ms):  0.0  0.0
       Avg:   0.0, Min:   0.0, Max:   0.0, Diff:   0.0]
         [Processed Buffers : 5 0
          Sum: 5, Avg: 2, Min: 0, Max: 5, Diff: 5]
      [Scan RS (ms):  0.0  0.0
       Avg:   0.0, Min:   0.0, Max:   0.0, Diff:   0.0]
      [Object Copy (ms):  0.1  0.0
       Avg:   0.0, Min:   0.0, Max:   0.1, Diff:   0.0]
      [Termination (ms):  0.0  0.0
       Avg:   0.0, Min:   0.0, Max:   0.0, Diff:   0.0]
         [Termination Attempts : 1 1
          Sum: 2, Avg: 1, Min: 1, Max: 1, Diff: 0]
      [GC Worker End (ms):  2389.7  2389.7
       Avg: 2389.7, Min: 2389.7, Max: 2389.7, Diff:   0.0]
      [GC Worker (ms):  0.9  0.8
       Avg:   0.9, Min:   0.8, Max:   0.9, Diff:   0.0]
      [GC Worker Other (ms):  0.1  0.1
       Avg:   0.1, Min:   0.1, Max:   0.1, Diff:   0.0]
   [Clear CT:   0.0 ms]
   [Other:   0.1 ms]
      [Choose CSet:   0.0 ms]
      [Ref Proc:   0.0 ms]
      [Ref Enq:   0.0 ms]
      [Free CSet:   0.0 ms]
   [Eden: 1024K(101M)->0B(101M) Survivors: 1024K->1024K Heap: 442M(512M)->442M(512M)]
 [Times: user=0.00 sys=0.00, real=0.01 secs] 
2.390: [Full GC 442M->311M(512M), 0.0124080 secs]
 [Times: user=0.01 sys=0.00, real=0.01 secs] 
2.414: [GC pause (young) (initial-mark), 0.00239400 secs]
   [Parallel Time:   1.9 ms]
      [GC Worker Start (ms):  2414.1  2414.1
       Avg: 2414.1, Min: 2414.1, Max: 2414.1, Diff:   0.0]
      [Ext Root Scanning (ms):  1.6  1.5
       Avg:   1.6, Min:   1.5, Max:   1.6, Diff:   0.1]
      [Update RS (ms):  0.0  0.0
       Avg:   0.0, Min:   0.0, Max:   0.0, Diff:   0.0]
         [Processed Buffers : 0 1
          Sum: 1, Avg: 0, Min: 0, Max: 1, Diff: 1]
      [Scan RS (ms):  0.0  0.0
       Avg:   0.0, Min:   0.0, Max:   0.0, Diff:   0.0]
      [Object Copy (ms):  0.2  0.2
       Avg:   0.2, Min:   0.2, Max:   0.2, Diff:   0.0]
      [Termination (ms):  0.0  0.0
       Avg:   0.0, Min:   0.0, Max:   0.0, Diff:   0.0]
         [Termination Attempts : 1 1
          Sum: 2, Avg: 1, Min: 1, Max: 1, Diff: 0]
      [GC Worker End (ms):  2415.9  2415.9
       Avg: 2415.9, Min: 2415.9, Max: 2415.9, Diff:   0.0]
      [GC Worker (ms):  1.8  1.8
       Avg:   1.8, Min:   1.8, Max:   1.8, Diff:   0.0]
      [GC Worker Other (ms):  0.1  0.2
       Avg:   0.1, Min:   0.1, Max:   0.2, Diff:   0.0]
   [Clear CT:   0.0 ms]
   [Other:   0.5 ms]
      [Choose CSet:   0.0 ms]
      [Ref Proc:   0.3 ms]
      [Ref Enq:   0.0 ms]
      [Free CSet:   0.0 ms]
   [Eden: 1024K(101M)->0B(113M) Survivors: 0B->1024K Heap: 333M(512M)->333M(512M)]
 [Times: user=0.01 sys=0.00, real=0.00 secs] 
2.416: [GC concurrent-root-region-scan-start]
2.417: [GC concurrent-root-region-scan-end, 0.0000270]
2.417: [GC concurrent-mark-start]
2.418: [GC concurrent-mark-end, 0.0014330 sec]
2.424: [GC remark 2.424: [GC ref-proc, 0.0000170 secs], 0.0042060 secs]
 [Times: user=0.00 sys=0.00, real=0.00 secs] 
2.428: [GC cleanup 349M->327M(512M), 0.0004910 secs]
 [Times: user=0.00 sys=0.00, real=0.00 secs] 
2.429: [GC concurrent-cleanup-start]
2.429: [GC concurrent-cleanup-end, 0.0000680]
2.465: [GC pause (young), 0.00122900 secs]
   [Parallel Time:   1.1 ms]
      [GC Worker Start (ms):  2464.8  2464.8
       Avg: 2464.8, Min: 2464.8, Max: 2464.8, Diff:   0.0]
      [Ext Root Scanning (ms):  1.0  0.8
       Avg:   0.9, Min:   0.8, Max:   1.0, Diff:   0.2]
      [Update RS (ms):  0.0  0.1
       Avg:   0.0, Min:   0.0, Max:   0.1, Diff:   0.1]
         [Processed Buffers : 0 6
          Sum: 6, Avg: 3, Min: 0, Max: 6, Diff: 6]
      [Scan RS (ms):  0.0  0.0
       Avg:   0.0, Min:   0.0, Max:   0.0, Diff:   0.0]
      [Object Copy (ms):  0.1  0.0
       Avg:   0.0, Min:   0.0, Max:   0.1, Diff:   0.0]
      [Termination (ms):  0.0  0.1
       Avg:   0.1, Min:   0.0, Max:   0.1, Diff:   0.1]
         [Termination Attempts : 1 1
          Sum: 2, Avg: 1, Min: 1, Max: 1, Diff: 0]
      [GC Worker End (ms):  2465.8  2465.9
       Avg: 2465.9, Min: 2465.8, Max: 2465.9, Diff:   0.0]
      [GC Worker (ms):  1.1  1.0
       Avg:   1.1, Min:   1.0, Max:   1.1, Diff:   0.0]
      [GC Worker Other (ms):  0.1  0.1
       Avg:   0.1, Min:   0.1, Max:   0.1, Diff:   0.0]
   [Clear CT:   0.0 ms]
   [Other:   0.1 ms]
      [Choose CSet:   0.0 ms]
      [Ref Proc:   0.0 ms]
      [Ref Enq:   0.0 ms]
      [Free CSet:   0.0 ms]
   [Eden: 1024K(113M)->0B(101M) Survivors: 1024K->1024K Heap: 380M(512M)->380M(512M)]
 [Times: user=0.00 sys=0.00, real=0.00 secs] 
2.466: [Full GC 380M->342M(512M), 0.0113300 secs]
 [Times: user=0.02 sys=0.00, real=0.01 secs] 
2.478: [Full GC 342M->342M(512M), 0.0115170 secs]
 [Times: user=0.01 sys=0.00, real=0.02 secs] 
2.489: [GC pause (young) (initial-mark), 0.00124300 secs]
   [Parallel Time:   1.2 ms]
      [GC Worker Start (ms):  2489.5  2489.5
       Avg: 2489.5, Min: 2489.5, Max: 2489.5, Diff:   0.0]
      [Ext Root Scanning (ms):  1.0  1.0
       Avg:   1.0, Min:   1.0, Max:   1.0, Diff:   0.0]
      [Update RS (ms):  0.0  0.0
       Avg:   0.0, Min:   0.0, Max:   0.0, Diff:   0.0]
         [Processed Buffers : 0 1
          Sum: 1, Avg: 0, Min: 0, Max: 1, Diff: 1]
      [Scan RS (ms):  0.0  0.0
       Avg:   0.0, Min:   0.0, Max:   0.0, Diff:   0.0]
      [Object Copy (ms):  0.2  0.1
       Avg:   0.1, Min:   0.1, Max:   0.2, Diff:   0.1]
      [Termination (ms):  0.0  0.0
       Avg:   0.0, Min:   0.0, Max:   0.0, Diff:   0.0]
         [Termination Attempts : 1 1
          Sum: 2, Avg: 1, Min: 1, Max: 1, Diff: 0]
      [GC Worker End (ms):  2490.6  2490.6
       Avg: 2490.6, Min: 2490.6, Max: 2490.6, Diff:   0.0]
      [GC Worker (ms):  1.1  1.1
       Avg:   1.1, Min:   1.1, Max:   1.1, Diff:   0.0]
      [GC Worker Other (ms):  0.0  0.1
       Avg:   0.0, Min:   0.0, Max:   0.1, Diff:   0.0]
   [Clear CT:   0.0 ms]
   [Other:   0.1 ms]
      [Choose CSet:   0.0 ms]
      [Ref Proc:   0.0 ms]
      [Ref Enq:   0.0 ms]
      [Free CSet:   0.0 ms]
   [Eden: 0B(101M)->0B(105M) Survivors: 0B->0B Heap: 342M(512M)->342M(512M)]
 [Times: user=0.00 sys=0.00, real=0.00 secs] 
2.491: [GC concurrent-root-region-scan-start]
2.491: [GC concurrent-root-region-scan-end, 0.0000040]
2.491: [GC concurrent-mark-start]
2.507: [GC concurrent-mark-end, 0.0162840 sec]
2.525: [GC pause (young), 0.00157000 secs]
   [Parallel Time:   1.4 ms]
      [GC Worker Start (ms):  2525.0  2525.2
       Avg: 2525.1, Min: 2525.0, Max: 2525.2, Diff:   0.1]
      [Ext Root Scanning (ms):  1.0  1.2
       Avg:   1.1, Min:   1.0, Max:   1.2, Diff:   0.2]
      [SATB Filtering (ms):  0.0  0.0
       Avg:   0.0, Min:   0.0, Max:   0.0, Diff:   0.0]
      [Update RS (ms):  0.1  0.0
       Avg:   0.0, Min:   0.0, Max:   0.1, Diff:   0.1]
         [Processed Buffers : 3 0
          Sum: 3, Avg: 1, Min: 0, Max: 3, Diff: 3]
      [Scan RS (ms):  0.0  0.0
       Avg:   0.0, Min:   0.0, Max:   0.0, Diff:   0.0]
      [Object Copy (ms):  0.1  0.0
       Avg:   0.0, Min:   0.0, Max:   0.1, Diff:   0.1]
      [Termination (ms):  0.2  0.0
       Avg:   0.1, Min:   0.0, Max:   0.2, Diff:   0.2]
         [Termination Attempts : 1 1
          Sum: 2, Avg: 1, Min: 1, Max: 1, Diff: 0]
      [GC Worker End (ms):  2526.4  2526.4
       Avg: 2526.4, Min: 2526.4, Max: 2526.4, Diff:   0.0]
      [GC Worker (ms):  1.4  1.2
       Avg:   1.3, Min:   1.2, Max:   1.4, Diff:   0.1]
      [GC Worker Other (ms):  0.0  0.2
       Avg:   0.1, Min:   0.0, Max:   0.2, Diff:   0.1]
   [Complete CSet Marking:   0.0 ms]
   [Clear CT:   0.0 ms]
   [Other:   0.2 ms]
      [Choose CSet:   0.0 ms]
      [Ref Proc:   0.1 ms]
      [Ref Enq:   0.0 ms]
      [Free CSet:   0.0 ms]
   [Eden: 1024K(105M)->0B(101M) Survivors: 0B->1024K Heap: 403M(512M)->403M(512M)]
 [Times: user=0.00 sys=0.00, real=0.00 secs] 
2.527: [Full GC 403M->342M(512M), 0.0118960 secs]
 [Times: user=0.01 sys=0.00, real=0.01 secs] 
2.565: [GC remark, 0.0000010 secs]
 [Times: user=0.00 sys=0.00, real=0.00 secs] 
2.565: [GC concurrent-mark-abort]
2.585: [GC pause (young), 0.00150600 secs]
   [Parallel Time:   1.4 ms]
      [GC Worker Start (ms):  2585.2  2585.2
       Avg: 2585.2, Min: 2585.2, Max: 2585.2, Diff:   0.0]
      [Ext Root Scanning (ms):  1.2  1.3
       Avg:   1.3, Min:   1.2, Max:   1.3, Diff:   0.0]
      [Update RS (ms):  0.0  0.0
       Avg:   0.0, Min:   0.0, Max:   0.0, Diff:   0.0]
         [Processed Buffers : 8 0
          Sum: 8, Avg: 4, Min: 0, Max: 8, Diff: 8]
      [Scan RS (ms):  0.0  0.0
       Avg:   0.0, Min:   0.0, Max:   0.0, Diff:   0.0]
      [Object Copy (ms):  0.0  0.0
       Avg:   0.0, Min:   0.0, Max:   0.0, Diff:   0.0]
      [Termination (ms):  0.0  0.0
       Avg:   0.0, Min:   0.0, Max:   0.0, Diff:   0.0]
         [Termination Attempts : 1 1
          Sum: 2, Avg: 1, Min: 1, Max: 1, Diff: 0]
      [GC Worker End (ms):  2586.5  2586.5
       Avg: 2586.5, Min: 2586.5, Max: 2586.5, Diff:   0.0]
      [GC Worker (ms):  1.3  1.3
       Avg:   1.3, Min:   1.3, Max:   1.3, Diff:   0.0]
      [GC Worker Other (ms):  0.1  0.1
       Avg:   0.1, Min:   0.1, Max:   0.1, Diff:   0.0]
   [Clear CT:   0.0 ms]
   [Other:   0.1 ms]
      [Choose CSet:   0.0 ms]
      [Ref Proc:   0.0 ms]
      [Ref Enq:   0.0 ms]
      [Free CSet:   0.0 ms]
   [Eden: 1024K(101M)->0B(101M) Survivors: 0B->1024K Heap: 414M(512M)->414M(512M)]
 [Times: user=0.00 sys=0.00, real=0.00 secs] 
2.587: [GC pause (young) (initial-mark), 0.00349300 secs]
   [Parallel Time:   3.3 ms]
      [GC Worker Start (ms):  2586.9  2586.9
       Avg: 2586.9, Min: 2586.9, Max: 2586.9, Diff:   0.0]
      [Ext Root Scanning (ms):  0.4  3.1
       Avg:   1.7, Min:   0.4, Max:   3.1, Diff:   2.7]
      [Update RS (ms):  0.0  0.0
       Avg:   0.0, Min:   0.0, Max:   0.0, Diff:   0.0]
         [Processed Buffers : 3 0
          Sum: 3, Avg: 1, Min: 0, Max: 3, Diff: 3]
      [Scan RS (ms):  0.0  0.0
       Avg:   0.0, Min:   0.0, Max:   0.0, Diff:   0.0]
      [Object Copy (ms):  0.2  0.1
       Avg:   0.1, Min:   0.1, Max:   0.2, Diff:   0.0]
      [Termination (ms):  2.7  0.0
       Avg:   1.3, Min:   0.0, Max:   2.7, Diff:   2.6]
         [Termination Attempts : 1 1
          Sum: 2, Avg: 1, Min: 1, Max: 1, Diff: 0]
      [GC Worker End (ms):  2590.1  2590.1
       Avg: 2590.1, Min: 2590.1, Max: 2590.1, Diff:   0.0]
      [GC Worker (ms):  3.2  3.2
       Avg:   3.2, Min:   3.2, Max:   3.2, Diff:   0.0]
      [GC Worker Other (ms):  0.0  0.1
       Avg:   0.1, Min:   0.0, Max:   0.1, Diff:   0.0]
   [Clear CT:   0.1 ms]
   [Other:   0.1 ms]
      [Choose CSet:   0.0 ms]
      [Ref Proc:   0.1 ms]
      [Ref Enq:   0.0 ms]
      [Free CSet:   0.0 ms]
   [Eden: 0B(101M)->0B(101M) Survivors: 1024K->1024K Heap: 414M(512M)->414M(512M)]
 [Times: user=0.00 sys=0.00, real=0.01 secs] 
2.590: [GC concurrent-root-region-scan-start]
2.590: [GC concurrent-root-region-scan-end, 0.0000380]
2.591: [GC concurrent-mark-start]
2.591: [Full GC 414M->208M(512M), 0.0138250 secs]
 [Times: user=0.02 sys=0.00, real=0.01 secs] 
2.605: [GC concurrent-mark-abort]
2.636: [GC pause (young) (initial-mark), 0.00198100 secs]
   [Parallel Time:   1.7 ms]
      [GC Worker Start (ms):  2636.6  2636.7
       Avg: 2636.6, Min: 2636.6, Max: 2636.7, Diff:   0.0]
      [Ext Root Scanning (ms):  1.4  1.4
       Avg:   1.4, Min:   1.4, Max:   1.4, Diff:   0.0]
      [Update RS (ms):  0.0  0.0
       Avg:   0.0, Min:   0.0, Max:   0.0, Diff:   0.0]
         [Processed Buffers : 2 0
          Sum: 2, Avg: 1, Min: 0, Max: 2, Diff: 2]
      [Scan RS (ms):  0.0  0.0
       Avg:   0.0, Min:   0.0, Max:   0.0, Diff:   0.0]
      [Object Copy (ms):  0.2  0.2
       Avg:   0.2, Min:   0.2, Max:   0.2, Diff:   0.0]
      [Termination (ms):  0.0  0.0
       Avg:   0.0, Min:   0.0, Max:   0.0, Diff:   0.0]
         [Termination Attempts : 1 1
          Sum: 2, Avg: 1, Min: 1, Max: 1, Diff: 0]
      [GC Worker End (ms):  2638.3  2638.3
       Avg: 2638.3, Min: 2638.3, Max: 2638.3, Diff:   0.0]
      [GC Worker (ms):  1.6  1.6
       Avg:   1.6, Min:   1.6, Max:   1.6, Diff:   0.0]
      [GC Worker Other (ms):  0.1  0.1
       Avg:   0.1, Min:   0.1, Max:   0.1, Diff:   0.0]
   [Clear CT:   0.0 ms]
   [Other:   0.3 ms]
      [Choose CSet:   0.0 ms]
      [Ref Proc:   0.1 ms]
      [Ref Enq:   0.0 ms]
      [Free CSet:   0.0 ms]
   [Eden: 1024K(101M)->0B(195M) Survivors: 0B->1024K Heap: 255M(512M)->255M(512M)]
 [Times: user=0.00 sys=0.01, real=0.00 secs] 
2.639: [GC concurrent-root-region-scan-start]
2.639: [GC concurrent-root-region-scan-end, 0.0000510]
2.639: [GC concurrent-mark-start]
2.641: [GC concurrent-mark-end, 0.0019620 sec]
2.648: [GC remark 2.649: [GC ref-proc, 0.0000160 secs], 0.0047160 secs]
 [Times: user=0.00 sys=0.00, real=0.01 secs] 
2.653: [GC cleanup 273M->222M(512M), 0.0006140 secs]
 [Times: user=0.00 sys=0.00, real=0.00 secs] 
2.654: [GC concurrent-cleanup-start]
2.654: [GC concurrent-cleanup-end, 0.0000990]
2.684: [GC pause (young) (initial-mark), 0.00164000 secs]
   [Parallel Time:   1.4 ms]
      [GC Worker Start (ms):  2683.7  2683.7
       Avg: 2683.7, Min: 2683.7, Max: 2683.7, Diff:   0.0]
      [Ext Root Scanning (ms):  1.1  1.0
       Avg:   1.1, Min:   1.0, Max:   1.1, Diff:   0.2]
      [Update RS (ms):  0.0  0.0
       Avg:   0.0, Min:   0.0, Max:   0.0, Diff:   0.0]
         [Processed Buffers : 0 3
          Sum: 3, Avg: 1, Min: 0, Max: 3, Diff: 3]
      [Scan RS (ms):  0.0  0.0
       Avg:   0.0, Min:   0.0, Max:   0.0, Diff:   0.0]
      [Object Copy (ms):  0.2  0.3
       Avg:   0.2, Min:   0.2, Max:   0.3, Diff:   0.0]
      [Termination (ms):  0.0  0.1
       Avg:   0.0, Min:   0.0, Max:   0.1, Diff:   0.1]
         [Termination Attempts : 1 1
          Sum: 2, Avg: 1, Min: 1, Max: 1, Diff: 0]
      [GC Worker End (ms):  2685.0  2685.0
       Avg: 2685.0, Min: 2685.0, Max: 2685.0, Diff:   0.0]
      [GC Worker (ms):  1.4  1.4
       Avg:   1.4, Min:   1.4, Max:   1.4, Diff:   0.0]
      [GC Worker Other (ms):  0.1  0.1
       Avg:   0.1, Min:   0.1, Max:   0.1, Diff:   0.0]
   [Clear CT:   0.0 ms]
   [Other:   0.2 ms]
      [Choose CSet:   0.0 ms]
      [Ref Proc:   0.1 ms]
      [Ref Enq:   0.0 ms]
      [Free CSet:   0.0 ms]
   [Eden: 1024K(195M)->0B(182M) Survivors: 1024K->1024K Heap: 267M(512M)->267M(512M)]
 [Times: user=0.00 sys=0.00, real=0.00 secs] 
2.685: [GC concurrent-root-region-scan-start]
2.685: [GC concurrent-root-region-scan-end, 0.0000380]
2.685: [GC concurrent-mark-start]
2.688: [GC concurrent-mark-end, 0.0024300 sec]
2.699: [GC remark 2.699: [GC ref-proc, 0.0000150 secs], 0.0034590 secs]
 [Times: user=0.01 sys=0.00, real=0.01 secs] 
2.702: [GC cleanup 292M->253M(512M), 0.0008090 secs]
 [Times: user=0.00 sys=0.00, real=0.00 secs] 
2.703: [GC concurrent-cleanup-start]
2.703: [GC concurrent-cleanup-end, 0.0000790]
2.718: [GC pause (young) (initial-mark), 0.00201000 secs]
   [Parallel Time:   1.8 ms]
      [GC Worker Start (ms):  2718.1  2719.6
       Avg: 2718.9, Min: 2718.1, Max: 2719.6, Diff:   1.5]
      [Ext Root Scanning (ms):  1.4  0.2
       Avg:   0.8, Min:   0.2, Max:   1.4, Diff:   1.2]
      [Update RS (ms):  0.0  0.0
       Avg:   0.0, Min:   0.0, Max:   0.0, Diff:   0.0]
         [Processed Buffers : 5 1
          Sum: 6, Avg: 3, Min: 1, Max: 5, Diff: 4]
      [Scan RS (ms):  0.0  0.0
       Avg:   0.0, Min:   0.0, Max:   0.0, Diff:   0.0]
      [Object Copy (ms):  0.3  0.0
       Avg:   0.2, Min:   0.0, Max:   0.3, Diff:   0.2]
      [Termination (ms):  0.0  0.0
       Avg:   0.0, Min:   0.0, Max:   0.0, Diff:   0.0]
         [Termination Attempts : 1 1
          Sum: 2, Avg: 1, Min: 1, Max: 1, Diff: 0]
      [GC Worker End (ms):  2719.9  2719.9
       Avg: 2719.9, Min: 2719.9, Max: 2719.9, Diff:   0.0]
      [GC Worker (ms):  1.8  0.3
       Avg:   1.0, Min:   0.3, Max:   1.8, Diff:   1.5]
      [GC Worker Other (ms):  0.0  1.5
       Avg:   0.8, Min:   0.0, Max:   1.5, Diff:   1.5]
   [Clear CT:   0.0 ms]
   [Other:   0.2 ms]
      [Choose CSet:   0.0 ms]
      [Ref Proc:   0.0 ms]
      [Ref Enq:   0.0 ms]
      [Free CSet:   0.0 ms]
   [Eden: 1024K(182M)->0B(177M) Survivors: 1024K->1024K Heap: 272M(512M)->272M(512M)]
 [Times: user=0.00 sys=0.00, real=0.01 secs] 
2.720: [GC concurrent-root-region-scan-start]
2.720: [GC concurrent-root-region-scan-end, 0.0000580]
2.720: [GC concurrent-mark-start]
2.722: [GC concurrent-mark-end, 0.0014990 sec]
2.727: [GC remark 2.727: [GC ref-proc, 0.0001380 secs], 0.0040640 secs]
 [Times: user=0.01 sys=0.00, real=0.01 secs] 
2.731: [GC cleanup 286M->247M(512M), 0.0004290 secs]
 [Times: user=0.00 sys=0.00, real=0.00 secs] 
2.732: [GC concurrent-cleanup-start]
2.732: [GC concurrent-cleanup-end, 0.0000790]
2.746: [GC pause (young) (initial-mark), 0.00126900 secs]
   [Parallel Time:   1.1 ms]
      [GC Worker Start (ms):  2746.3  2746.3
       Avg: 2746.3, Min: 2746.3, Max: 2746.3, Diff:   0.0]
      [Ext Root Scanning (ms):  0.8  0.8
       Avg:   0.8, Min:   0.8, Max:   0.8, Diff:   0.0]
      [Update RS (ms):  0.0  0.0
       Avg:   0.0, Min:   0.0, Max:   0.0, Diff:   0.0]
         [Processed Buffers : 4 0
          Sum: 4, Avg: 2, Min: 0, Max: 4, Diff: 4]
      [Scan RS (ms):  0.0  0.0
       Avg:   0.0, Min:   0.0, Max:   0.0, Diff:   0.0]
      [Object Copy (ms):  0.1  0.2
       Avg:   0.2, Min:   0.1, Max:   0.2, Diff:   0.0]
      [Termination (ms):  0.0  0.0
       Avg:   0.0, Min:   0.0, Max:   0.0, Diff:   0.0]
         [Termination Attempts : 1 1
          Sum: 2, Avg: 1, Min: 1, Max: 1, Diff: 0]
      [GC Worker End (ms):  2747.3  2747.3
       Avg: 2747.3, Min: 2747.3, Max: 2747.3, Diff:   0.0]
      [GC Worker (ms):  1.0  1.0
       Avg:   1.0, Min:   1.0, Max:   1.0, Diff:   0.0]
      [GC Worker Other (ms):  0.1  0.1
       Avg:   0.1, Min:   0.1, Max:   0.1, Diff:   0.0]
   [Clear CT:   0.0 ms]
   [Other:   0.2 ms]
      [Choose CSet:   0.0 ms]
      [Ref Proc:   0.1 ms]
      [Ref Enq:   0.0 ms]
      [Free CSet:   0.0 ms]
   [Eden: 1024K(177M)->0B(183M) Survivors: 1024K->1024K Heap: 265M(512M)->265M(512M)]
 [Times: user=0.00 sys=0.00, real=0.00 secs] 
2.748: [GC concurrent-root-region-scan-start]
2.748: [GC concurrent-root-region-scan-end, 0.0000700]
2.748: [GC concurrent-mark-start]
2.749: [GC concurrent-mark-end, 0.0014550 sec]
2.768: [GC remark 2.768: [GC ref-proc, 0.0000150 secs], 0.0028330 secs]
 [Times: user=0.01 sys=0.00, real=0.01 secs] 
2.844: [GC pause (young), 0.00100900 secs]
   [Parallel Time:   0.9 ms]
      [GC Worker Start (ms):  2844.4  2844.5
       Avg: 2844.4, Min: 2844.4, Max: 2844.5, Diff:   0.0]
      [Ext Root Scanning (ms):  0.8  0.8
       Avg:   0.8, Min:   0.8, Max:   0.8, Diff:   0.0]
      [SATB Filtering (ms):  0.0  0.0
       Avg:   0.0, Min:   0.0, Max:   0.0, Diff:   0.0]
      [Update RS (ms):  0.0  0.0
       Avg:   0.0, Min:   0.0, Max:   0.0, Diff:   0.0]
         [Processed Buffers : 1 3
          Sum: 4, Avg: 2, Min: 1, Max: 3, Diff: 2]
      [Scan RS (ms):  0.0  0.0
       Avg:   0.0, Min:   0.0, Max:   0.0, Diff:   0.0]
      [Object Copy (ms):  0.0  0.0
       Avg:   0.0, Min:   0.0, Max:   0.0, Diff:   0.0]
      [Termination (ms):  0.0  0.0
       Avg:   0.0, Min:   0.0, Max:   0.0, Diff:   0.0]
         [Termination Attempts : 1 1
          Sum: 2, Avg: 1, Min: 1, Max: 1, Diff: 0]
      [GC Worker End (ms):  2845.3  2845.3
       Avg: 2845.3, Min: 2845.3, Max: 2845.3, Diff:   0.0]
      [GC Worker (ms):  0.9  0.9
       Avg:   0.9, Min:   0.9, Max:   0.9, Diff:   0.0]
      [GC Worker Other (ms):  0.0  0.0
       Avg:   0.0, Min:   0.0, Max:   0.0, Diff:   0.0]
   [Complete CSet Marking:   0.0 ms]
   [Clear CT:   0.0 ms]
   [Other:   0.1 ms]
      [Choose CSet:   0.0 ms]
      [Ref Proc:   0.0 ms]
      [Ref Enq:   0.0 ms]
      [Free CSet:   0.0 ms]
   [Eden: 1024K(183M)->0B(101M) Survivors: 1024K->1024K Heap: 434M(512M)->434M(512M)]
 [Times: user=0.00 sys=0.00, real=0.00 secs] 
2.859: [GC pause (young), 0.00286500 secs]
   [Parallel Time:   2.8 ms]
      [GC Worker Start (ms):  2859.2  2859.2
       Avg: 2859.2, Min: 2859.2, Max: 2859.2, Diff:   0.0]
      [Ext Root Scanning (ms):  1.3  2.7
       Avg:   2.0, Min:   1.3, Max:   2.7, Diff:   1.4]
      [SATB Filtering (ms):  0.0  0.0
       Avg:   0.0, Min:   0.0, Max:   0.0, Diff:   0.0]
      [Update RS (ms):  0.0  0.0
       Avg:   0.0, Min:   0.0, Max:   0.0, Diff:   0.0]
         [Processed Buffers : 3 0
          Sum: 3, Avg: 1, Min: 0, Max: 3, Diff: 3]
      [Scan RS (ms):  0.0  0.0
       Avg:   0.0, Min:   0.0, Max:   0.0, Diff:   0.0]
      [Object Copy (ms):  0.1  0.0
       Avg:   0.0, Min:   0.0, Max:   0.1, Diff:   0.0]
      [Termination (ms):  1.3  0.0
       Avg:   0.7, Min:   0.0, Max:   1.3, Diff:   1.3]
         [Termination Attempts : 1 1
          Sum: 2, Avg: 1, Min: 1, Max: 1, Diff: 0]
      [GC Worker End (ms):  2862.0  2861.9
       Avg: 2862.0, Min: 2861.9, Max: 2862.0, Diff:   0.0]
      [GC Worker (ms):  2.8  2.7
       Avg:   2.7, Min:   2.7, Max:   2.8, Diff:   0.0]
      [GC Worker Other (ms):  0.0  0.0
       Avg:   0.0, Min:   0.0, Max:   0.0, Diff:   0.0]
   [Complete CSet Marking:   0.0 ms]
   [Clear CT:   0.0 ms]
   [Other:   0.1 ms]
      [Choose CSet:   0.0 ms]
      [Ref Proc:   0.0 ms]
      [Ref Enq:   0.0 ms]
      [Free CSet:   0.0 ms]
   [Eden: 1024K(101M)->0B(101M) Survivors: 1024K->1024K Heap: 459M(512M)->459M(512M)]
 [Times: user=0.00 sys=0.00, real=0.00 secs] 
2.862: [Full GC 459M->369M(512M), 0.0129960 secs]
 [Times: user=0.01 sys=0.00, real=0.01 secs] 
2.897: [GC cleanup, 0.0000010 secs]
 [Times: user=0.00 sys=0.00, real=0.00 secs] 
2.897: [GC concurrent-mark-abort]
2.913: [GC pause (young), 0.00299800 secs]
   [Parallel Time:   2.9 ms]
      [GC Worker Start (ms):  2912.8  2913.8
       Avg: 2913.3, Min: 2912.8, Max: 2913.8, Diff:   1.0]
      [Ext Root Scanning (ms):  2.7  1.0
       Avg:   1.9, Min:   1.0, Max:   2.7, Diff:   1.7]
      [Update RS (ms):  0.0  0.0
       Avg:   0.0, Min:   0.0, Max:   0.0, Diff:   0.0]
         [Processed Buffers : 0 1
          Sum: 1, Avg: 0, Min: 0, Max: 1, Diff: 1]
      [Scan RS (ms):  0.0  0.0
       Avg:   0.0, Min:   0.0, Max:   0.0, Diff:   0.0]
      [Object Copy (ms):  0.1  0.0
       Avg:   0.1, Min:   0.0, Max:   0.1, Diff:   0.1]
      [Termination (ms):  0.0  0.7
       Avg:   0.4, Min:   0.0, Max:   0.7, Diff:   0.7]
         [Termination Attempts : 1 1
          Sum: 2, Avg: 1, Min: 1, Max: 1, Diff: 0]
      [GC Worker End (ms):  2915.6  2915.6
       Avg: 2915.6, Min: 2915.6, Max: 2915.6, Diff:   0.0]
      [GC Worker (ms):  2.8  1.8
       Avg:   2.3, Min:   1.8, Max:   2.8, Diff:   1.0]
      [GC Worker Other (ms):  0.0  1.1
       Avg:   0.6, Min:   0.0, Max:   1.1, Diff:   1.0]
   [Clear CT:   0.0 ms]
   [Other:   0.1 ms]
      [Choose CSet:   0.0 ms]
      [Ref Proc:   0.0 ms]
      [Ref Enq:   0.0 ms]
      [Free CSet:   0.0 ms]
   [Eden: 1024K(101M)->0B(101M) Survivors: 0B->1024K Heap: 433M(512M)->433M(512M)]
 [Times: user=0.00 sys=0.00, real=0.00 secs] 
2.916: [Full GC 433M->364M(512M), 0.0112310 secs]
 [Times: user=0.01 sys=0.00, real=0.01 secs] 
2.972: [GC pause (young) (initial-mark), 0.00192100 secs]
   [Parallel Time:   1.8 ms]
      [GC Worker Start (ms):  2971.9  2971.9
       Avg: 2971.9, Min: 2971.9, Max: 2971.9, Diff:   0.0]
      [Ext Root Scanning (ms):  1.4  1.5
       Avg:   1.5, Min:   1.4, Max:   1.5, Diff:   0.1]
      [Update RS (ms):  0.0  0.0
       Avg:   0.0, Min:   0.0, Max:   0.0, Diff:   0.0]
         [Processed Buffers : 1 0
          Sum: 1, Avg: 0, Min: 0, Max: 1, Diff: 1]
      [Scan RS (ms):  0.0  0.0
       Avg:   0.0, Min:   0.0, Max:   0.0, Diff:   0.0]
      [Object Copy (ms):  0.2  0.2
       Avg:   0.2, Min:   0.2, Max:   0.2, Diff:   0.0]
      [Termination (ms):  0.1  0.0
       Avg:   0.1, Min:   0.0, Max:   0.1, Diff:   0.1]
         [Termination Attempts : 1 1
          Sum: 2, Avg: 1, Min: 1, Max: 1, Diff: 0]
      [GC Worker End (ms):  2973.7  2973.6
       Avg: 2973.6, Min: 2973.6, Max: 2973.7, Diff:   0.0]
      [GC Worker (ms):  1.8  1.7
       Avg:   1.7, Min:   1.7, Max:   1.8, Diff:   0.0]
      [GC Worker Other (ms):  0.1  0.1
       Avg:   0.1, Min:   0.1, Max:   0.1, Diff:   0.0]
   [Clear CT:   0.0 ms]
   [Other:   0.1 ms]
      [Choose CSet:   0.0 ms]
      [Ref Proc:   0.0 ms]
      [Ref Enq:   0.0 ms]
      [Free CSet:   0.0 ms]
   [Eden: 1024K(101M)->0B(101M) Survivors: 0B->1024K Heap: 435M(512M)->435M(512M)]
 [Times: user=0.00 sys=0.00, real=0.00 secs] 
2.974: [GC concurrent-root-region-scan-start]
2.974: [GC concurrent-root-region-scan-end, 0.0000950]
2.974: [GC concurrent-mark-start]
2.974: [GC pause (young), 0.00062800 secs]
   [Parallel Time:   0.6 ms]
      [GC Worker Start (ms):  2974.0  2974.0
       Avg: 2974.0, Min: 2974.0, Max: 2974.0, Diff:   0.0]
      [Ext Root Scanning (ms):  0.5  0.5
       Avg:   0.5, Min:   0.5, Max:   0.5, Diff:   0.0]
      [SATB Filtering (ms):  0.0  0.0
       Avg:   0.0, Min:   0.0, Max:   0.0, Diff:   0.0]
      [Update RS (ms):  0.0  0.0
       Avg:   0.0, Min:   0.0, Max:   0.0, Diff:   0.0]
         [Processed Buffers : 1 2
          Sum: 3, Avg: 1, Min: 1, Max: 2, Diff: 1]
      [Scan RS (ms):  0.0  0.0
       Avg:   0.0, Min:   0.0, Max:   0.0, Diff:   0.0]
      [Object Copy (ms):  0.0  0.0
       Avg:   0.0, Min:   0.0, Max:   0.0, Diff:   0.0]
      [Termination (ms):  0.0  0.0
       Avg:   0.0, Min:   0.0, Max:   0.0, Diff:   0.0]
         [Termination Attempts : 1 1
          Sum: 2, Avg: 1, Min: 1, Max: 1, Diff: 0]
      [GC Worker End (ms):  2974.6  2974.6
       Avg: 2974.6, Min: 2974.6, Max: 2974.6, Diff:   0.0]
      [GC Worker (ms):  0.5  0.5
       Avg:   0.5, Min:   0.5, Max:   0.5, Diff:   0.0]
      [GC Worker Other (ms):  0.0  0.1
       Avg:   0.0, Min:   0.0, Max:   0.1, Diff:   0.0]
   [Complete CSet Marking:   0.0 ms]
   [Clear CT:   0.0 ms]
   [Other:   0.0 ms]
      [Choose CSet:   0.0 ms]
      [Ref Proc:   0.0 ms]
      [Ref Enq:   0.0 ms]
      [Free CSet:   0.0 ms]
   [Eden: 0B(101M)->0B(101M) Survivors: 1024K->1024K Heap: 435M(512M)->435M(512M)]
 [Times: user=0.00 sys=0.00, real=0.00 secs] 
2.975: [Full GC 435M->362M(512M), 0.0128690 secs]
 [Times: user=0.01 sys=0.00, real=0.01 secs] 
2.988: [GC concurrent-mark-abort]
3.026: [GC pause (young) (initial-mark), 0.00211800 secs]
   [Parallel Time:   1.9 ms]
      [GC Worker Start (ms):  3025.9  3026.0
       Avg: 3026.0, Min: 3025.9, Max: 3026.0, Diff:   0.1]
      [Ext Root Scanning (ms):  1.6  1.3
       Avg:   1.4, Min:   1.3, Max:   1.6, Diff:   0.3]
      [Update RS (ms):  0.0  0.0
       Avg:   0.0, Min:   0.0, Max:   0.0, Diff:   0.0]
         [Processed Buffers : 0 4
          Sum: 4, Avg: 2, Min: 0, Max: 4, Diff: 4]
      [Scan RS (ms):  0.0  0.0
       Avg:   0.0, Min:   0.0, Max:   0.0, Diff:   0.0]
      [Object Copy (ms):  0.2  0.2
       Avg:   0.2, Min:   0.2, Max:   0.2, Diff:   0.0]
      [Termination (ms):  0.0  0.1
       Avg:   0.1, Min:   0.0, Max:   0.1, Diff:   0.1]
         [Termination Attempts : 1 1
          Sum: 2, Avg: 1, Min: 1, Max: 1, Diff: 0]
      [GC Worker End (ms):  3027.7  3027.7
       Avg: 3027.7, Min: 3027.7, Max: 3027.7, Diff:   0.0]
      [GC Worker (ms):  1.7  1.6
       Avg:   1.7, Min:   1.6, Max:   1.7, Diff:   0.1]
      [GC Worker Other (ms):  0.1  0.2
       Avg:   0.2, Min:   0.1, Max:   0.2, Diff:   0.1]
   [Clear CT:   0.0 ms]
   [Other:   0.2 ms]
      [Choose CSet:   0.0 ms]
      [Ref Proc:   0.1 ms]
      [Ref Enq:   0.0 ms]
      [Free CSet:   0.0 ms]
   [Eden: 1024K(101M)->0B(101M) Survivors: 0B->1024K Heap: 420M(512M)->420M(512M)]
 [Times: user=0.00 sys=0.00, real=0.00 secs] 
3.041: [GC concurrent-root-region-scan-start]
3.041: [GC concurrent-root-region-scan-end, 0.0001210]
3.041: [GC concurrent-mark-start]
3.051: [GC pause (young), 0.00133300 secs]
   [Parallel Time:   1.0 ms]
      [GC Worker Start (ms):  3050.8  3050.8
       Avg: 3050.8, Min: 3050.8, Max: 3050.8, Diff:   0.0]
      [Ext Root Scanning (ms):  0.8  0.8
       Avg:   0.8, Min:   0.8, Max:   0.8, Diff:   0.0]
      [SATB Filtering (ms):  0.0  0.0
       Avg:   0.0, Min:   0.0, Max:   0.0, Diff:   0.0]
      [Update RS (ms):  0.0  0.0
       Avg:   0.0, Min:   0.0, Max:   0.0, Diff:   0.0]
         [Processed Buffers : 1 3
          Sum: 4, Avg: 2, Min: 1, Max: 3, Diff: 2]
      [Scan RS (ms):  0.0  0.0
       Avg:   0.0, Min:   0.0, Max:   0.0, Diff:   0.0]
      [Object Copy (ms):  0.1  0.0
       Avg:   0.0, Min:   0.0, Max:   0.1, Diff:   0.0]
      [Termination (ms):  0.0  0.0
       Avg:   0.0, Min:   0.0, Max:   0.0, Diff:   0.0]
         [Termination Attempts : 1 1
          Sum: 2, Avg: 1, Min: 1, Max: 1, Diff: 0]
      [GC Worker End (ms):  3051.7  3051.7
       Avg: 3051.7, Min: 3051.7, Max: 3051.7, Diff:   0.0]
      [GC Worker (ms):  0.9  0.9
       Avg:   0.9, Min:   0.9, Max:   0.9, Diff:   0.0]
      [GC Worker Other (ms):  0.1  0.1
       Avg:   0.1, Min:   0.1, Max:   0.1, Diff:   0.0]
   [Complete CSet Marking:   0.0 ms]
   [Clear CT:   0.0 ms]
   [Other:   0.3 ms]
      [Choose CSet:   0.0 ms]
      [Ref Proc:   0.2 ms]
      [Ref Enq:   0.0 ms]
      [Free CSet:   0.0 ms]
   [Eden: 1024K(101M)->0B(101M) Survivors: 1024K->1024K Heap: 461M(512M)->461M(512M)]
 [Times: user=0.00 sys=0.00, real=0.00 secs] 
3.053: [Full GC 461M->279M(512M), 0.0122740 secs]
 [Times: user=0.02 sys=0.00, real=0.01 secs] 
3.065: [GC concurrent-mark-abort]
3.138: [GC pause (young) (initial-mark), 0.00311000 secs]
   [Parallel Time:   2.9 ms]
      [GC Worker Start (ms):  3138.1  3138.1
       Avg: 3138.1, Min: 3138.1, Max: 3138.1, Diff:   0.0]
      [Ext Root Scanning (ms):  2.5  2.6
       Avg:   2.5, Min:   2.5, Max:   2.6, Diff:   0.1]
      [Update RS (ms):  0.0  0.0
       Avg:   0.0, Min:   0.0, Max:   0.0, Diff:   0.0]
         [Processed Buffers : 4 0
          Sum: 4, Avg: 2, Min: 0, Max: 4, Diff: 4]
      [Scan RS (ms):  0.0  0.0
       Avg:   0.0, Min:   0.0, Max:   0.0, Diff:   0.0]
      [Object Copy (ms):  0.1  0.2
       Avg:   0.2, Min:   0.1, Max:   0.2, Diff:   0.1]
      [Termination (ms):  0.1  0.0
       Avg:   0.1, Min:   0.0, Max:   0.1, Diff:   0.1]
         [Termination Attempts : 1 1
          Sum: 2, Avg: 1, Min: 1, Max: 1, Diff: 0]
      [GC Worker End (ms):  3140.9  3140.9
       Avg: 3140.9, Min: 3140.9, Max: 3140.9, Diff:   0.0]
      [GC Worker (ms):  2.8  2.8
       Avg:   2.8, Min:   2.8, Max:   2.8, Diff:   0.0]
      [GC Worker Other (ms):  0.1  0.1
       Avg:   0.1, Min:   0.1, Max:   0.1, Diff:   0.0]
   [Clear CT:   0.0 ms]
   [Other:   0.2 ms]
      [Choose CSet:   0.0 ms]
      [Ref Proc:   0.1 ms]
      [Ref Enq:   0.0 ms]
      [Free CSet:   0.0 ms]
   [Eden: 1024K(101M)->0B(101M) Survivors: 0B->1024K Heap: 401M(512M)->401M(512M)]
 [Times: user=0.01 sys=0.00, real=0.01 secs] 
3.141: [GC concurrent-root-region-scan-start]
3.141: [GC concurrent-root-region-scan-end, 0.0000490]
3.141: [GC concurrent-mark-start]
3.144: [GC concurrent-mark-end, 0.0027160 sec]
3.153: [GC remark 3.153: [GC ref-proc, 0.0000170 secs], 0.0038290 secs]
 [Times: user=0.01 sys=0.00, real=0.00 secs] 
3.157: [GC cleanup 424M->366M(512M), 0.0006000 secs]
 [Times: user=0.00 sys=0.00, real=0.00 secs] 
3.158: [GC concurrent-cleanup-start]
3.158: [GC concurrent-cleanup-end, 0.0001130]
3.170: [GC pause (young) (initial-mark), 0.00174700 secs]
   [Parallel Time:   1.5 ms]
      [GC Worker Start (ms):  3170.2  3170.3
       Avg: 3170.2, Min: 3170.2, Max: 3170.3, Diff:   0.0]
      [Ext Root Scanning (ms):  1.4  1.1
       Avg:   1.2, Min:   1.1, Max:   1.4, Diff:   0.2]
      [Update RS (ms):  0.0  0.0
       Avg:   0.0, Min:   0.0, Max:   0.0, Diff:   0.0]
         [Processed Buffers : 0 3
          Sum: 3, Avg: 1, Min: 0, Max: 3, Diff: 3]
      [Scan RS (ms):  0.0  0.0
       Avg:   0.0, Min:   0.0, Max:   0.0, Diff:   0.0]
      [Object Copy (ms):  0.1  0.2
       Avg:   0.2, Min:   0.1, Max:   0.2, Diff:   0.2]
      [Termination (ms):  0.0  0.0
       Avg:   0.0, Min:   0.0, Max:   0.0, Diff:   0.0]
         [Termination Attempts : 1 1
          Sum: 2, Avg: 1, Min: 1, Max: 1, Diff: 0]
      [GC Worker End (ms):  3171.7  3171.7
       Avg: 3171.7, Min: 3171.7, Max: 3171.7, Diff:   0.0]
      [GC Worker (ms):  1.5  1.4
       Avg:   1.4, Min:   1.4, Max:   1.5, Diff:   0.0]
      [GC Worker Other (ms):  0.1  0.1
       Avg:   0.1, Min:   0.1, Max:   0.1, Diff:   0.0]
   [Clear CT:   0.0 ms]
   [Other:   0.2 ms]
      [Choose CSet:   0.0 ms]
      [Ref Proc:   0.1 ms]
      [Ref Enq:   0.0 ms]
      [Free CSet:   0.0 ms]
   [Eden: 1024K(101M)->0B(101M) Survivors: 1024K->1024K Heap: 380M(512M)->380M(512M)]
 [Times: user=0.00 sys=0.00, real=0.00 secs] 
3.172: [GC concurrent-root-region-scan-start]
3.174: [GC concurrent-root-region-scan-end, 0.0022350]
3.174: [GC concurrent-mark-start]
3.176: [GC concurrent-mark-end, 0.0020160 sec]
3.193: [GC remark 3.193: [GC ref-proc, 0.0000170 secs], 0.0039200 secs]
 [Times: user=0.01 sys=0.00, real=0.00 secs] 
3.203: [GC cleanup 432M->432M(512M), 0.0005160 secs]
 [Times: user=0.00 sys=0.00, real=0.00 secs] 
3.223: [GC pause (young), 0.00117500 secs]
   [Parallel Time:   1.0 ms]
      [GC Worker Start (ms):  3223.0  3223.0
       Avg: 3223.0, Min: 3223.0, Max: 3223.0, Diff:   0.0]
      [Ext Root Scanning (ms):  0.9  0.7
       Avg:   0.8, Min:   0.7, Max:   0.9, Diff:   0.2]
      [Update RS (ms):  0.0  0.0
       Avg:   0.0, Min:   0.0, Max:   0.0, Diff:   0.0]
         [Processed Buffers : 0 4
          Sum: 4, Avg: 2, Min: 0, Max: 4, Diff: 4]
      [Scan RS (ms):  0.0  0.0
       Avg:   0.0, Min:   0.0, Max:   0.0, Diff:   0.0]
      [Object Copy (ms):  0.1  0.1
       Avg:   0.1, Min:   0.1, Max:   0.1, Diff:   0.0]
      [Termination (ms):  0.0  0.1
       Avg:   0.1, Min:   0.0, Max:   0.1, Diff:   0.1]
         [Termination Attempts : 1 1
          Sum: 2, Avg: 1, Min: 1, Max: 1, Diff: 0]
      [GC Worker End (ms):  3224.0  3224.0
       Avg: 3224.0, Min: 3224.0, Max: 3224.0, Diff:   0.0]
      [GC Worker (ms):  1.0  1.0
       Avg:   1.0, Min:   1.0, Max:   1.0, Diff:   0.0]
      [GC Worker Other (ms):  0.1  0.1
       Avg:   0.1, Min:   0.1, Max:   0.1, Diff:   0.0]
   [Clear CT:   0.0 ms]
   [Other:   0.1 ms]
      [Choose CSet:   0.0 ms]
      [Ref Proc:   0.1 ms]
      [Ref Enq:   0.0 ms]
      [Free CSet:   0.0 ms]
   [Eden: 1024K(101M)->0B(101M) Survivors: 1024K->1024K Heap: 455M(512M)->455M(512M)]
 [Times: user=0.00 sys=0.00, real=0.00 secs] 
3.224: [Full GC 455M->324M(512M), 0.0125680 secs]
 [Times: user=0.02 sys=0.00, real=0.01 secs] 
3.251: [GC pause (young) (initial-mark), 0.00334400 secs]
   [Parallel Time:   2.4 ms]
      [GC Worker Start (ms):  3251.2  3251.2
       Avg: 3251.2, Min: 3251.2, Max: 3251.2, Diff:   0.0]
      [Ext Root Scanning (ms):  1.8  2.2
       Avg:   2.0, Min:   1.8, Max:   2.2, Diff:   0.4]
      [Update RS (ms):  0.0  0.0
       Avg:   0.0, Min:   0.0, Max:   0.0, Diff:   0.0]
         [Processed Buffers : 0 0
          Sum: 0, Avg: 0, Min: 0, Max: 0, Diff: 0]
      [Scan RS (ms):  0.0  0.0
       Avg:   0.0, Min:   0.0, Max:   0.0, Diff:   0.0]
      [Object Copy (ms):  0.3  0.1
       Avg:   0.2, Min:   0.1, Max:   0.3, Diff:   0.1]
      [Termination (ms):  0.2  0.0
       Avg:   0.1, Min:   0.0, Max:   0.2, Diff:   0.2]
         [Termination Attempts : 1 1
          Sum: 2, Avg: 1, Min: 1, Max: 1, Diff: 0]
      [GC Worker End (ms):  3253.6  3253.6
       Avg: 3253.6, Min: 3253.6, Max: 3253.6, Diff:   0.0]
      [GC Worker (ms):  2.3  2.3
       Avg:   2.3, Min:   2.3, Max:   2.3, Diff:   0.0]
      [GC Worker Other (ms):  0.1  0.1
       Avg:   0.1, Min:   0.1, Max:   0.1, Diff:   0.0]
   [Clear CT:   0.0 ms]
   [Other:   0.9 ms]
      [Choose CSet:   0.0 ms]
      [Ref Proc:   0.7 ms]
      [Ref Enq:   0.0 ms]
      [Free CSet:   0.1 ms]
   [Eden: 1024K(101M)->0B(101M) Survivors: 0B->1024K Heap: 349M(512M)->349M(512M)]
 [Times: user=0.00 sys=0.00, real=0.00 secs] 
3.255: [GC concurrent-root-region-scan-start]
3.255: [GC concurrent-root-region-scan-end, 0.0000260]
3.255: [GC concurrent-mark-start]
3.268: [GC concurrent-mark-end, 0.0131280 sec]
3.279: [GC remark 3.279: [GC ref-proc, 0.0000240 secs], 0.0042120 secs]
 [Times: user=0.00 sys=0.00, real=0.00 secs] 
3.296: [GC cleanup 417M->417M(512M), 0.0005580 secs]
 [Times: user=0.00 sys=0.00, real=0.00 secs] 
3.311: [GC pause (young), 0.00114100 secs]
   [Parallel Time:   1.0 ms]
      [GC Worker Start (ms):  3310.8  3310.8
       Avg: 3310.8, Min: 3310.8, Max: 3310.8, Diff:   0.0]
      [Ext Root Scanning (ms):  0.9  0.9
       Avg:   0.9, Min:   0.9, Max:   0.9, Diff:   0.0]
      [Update RS (ms):  0.0  0.0
       Avg:   0.0, Min:   0.0, Max:   0.0, Diff:   0.0]
         [Processed Buffers : 1 2
          Sum: 3, Avg: 1, Min: 1, Max: 2, Diff: 1]
      [Scan RS (ms):  0.0  0.0
       Avg:   0.0, Min:   0.0, Max:   0.0, Diff:   0.0]
      [Object Copy (ms):  0.1  0.0
       Avg:   0.0, Min:   0.0, Max:   0.1, Diff:   0.0]
      [Termination (ms):  0.0  0.0
       Avg:   0.0, Min:   0.0, Max:   0.0, Diff:   0.0]
         [Termination Attempts : 1 1
          Sum: 2, Avg: 1, Min: 1, Max: 1, Diff: 0]
      [GC Worker End (ms):  3311.8  3311.8
       Avg: 3311.8, Min: 3311.8, Max: 3311.8, Diff:   0.0]
      [GC Worker (ms):  1.0  1.0
       Avg:   1.0, Min:   1.0, Max:   1.0, Diff:   0.0]
      [GC Worker Other (ms):  0.1  0.1
       Avg:   0.1, Min:   0.1, Max:   0.1, Diff:   0.0]
   [Clear CT:   0.0 ms]
   [Other:   0.1 ms]
      [Choose CSet:   0.0 ms]
      [Ref Proc:   0.0 ms]
      [Ref Enq:   0.0 ms]
      [Free CSet:   0.0 ms]
   [Eden: 1024K(101M)->0B(101M) Survivors: 1024K->1024K Heap: 434M(512M)->434M(512M)]
 [Times: user=0.00 sys=0.00, real=0.00 secs] 
3.312: [Full GC 434M->390M(512M), 0.0120780 secs]
 [Times: user=0.01 sys=0.00, real=0.01 secs] 
3.335: [GC pause (young) (initial-mark), 0.00281300 secs]
   [Parallel Time:   2.5 ms]
      [GC Worker Start (ms):  3335.5  3335.5
       Avg: 3335.5, Min: 3335.5, Max: 3335.5, Diff:   0.0]
      [Ext Root Scanning (ms):  1.6  1.6
       Avg:   1.6, Min:   1.6, Max:   1.6, Diff:   0.1]
      [Update RS (ms):  0.0  0.0
       Avg:   0.0, Min:   0.0, Max:   0.0, Diff:   0.0]
         [Processed Buffers : 0 0
          Sum: 0, Avg: 0, Min: 0, Max: 0, Diff: 0]
      [Scan RS (ms):  0.0  0.0
       Avg:   0.0, Min:   0.0, Max:   0.0, Diff:   0.0]
      [Object Copy (ms):  0.2  0.8
       Avg:   0.5, Min:   0.2, Max:   0.8, Diff:   0.5]
      [Termination (ms):  0.6  0.0
       Avg:   0.3, Min:   0.0, Max:   0.6, Diff:   0.6]
         [Termination Attempts : 1 1
          Sum: 2, Avg: 1, Min: 1, Max: 1, Diff: 0]
      [GC Worker End (ms):  3337.9  3337.9
       Avg: 3337.9, Min: 3337.9, Max: 3337.9, Diff:   0.0]
      [GC Worker (ms):  2.4  2.4
       Avg:   2.4, Min:   2.4, Max:   2.4, Diff:   0.0]
      [GC Worker Other (ms):  0.1  0.1
       Avg:   0.1, Min:   0.1, Max:   0.1, Diff:   0.0]
   [Clear CT:   0.1 ms]
   [Other:   0.3 ms]
      [Choose CSet:   0.0 ms]
      [Ref Proc:   0.2 ms]
      [Ref Enq:   0.0 ms]
      [Free CSet:   0.0 ms]
   [Eden: 1024K(101M)->0B(101M) Survivors: 0B->1024K Heap: 412M(512M)->412M(512M)]
 [Times: user=0.00 sys=0.00, real=0.00 secs] 
3.338: [GC concurrent-root-region-scan-start]
3.339: [GC concurrent-root-region-scan-end, 0.0010520]
3.339: [GC concurrent-mark-start]
3.341: [GC concurrent-mark-end, 0.0015680 sec]
3.347: [GC pause (young), 0.00099200 secs]
   [Parallel Time:   0.9 ms]
      [GC Worker Start (ms):  3347.0  3347.1
       Avg: 3347.0, Min: 3347.0, Max: 3347.1, Diff:   0.0]
      [Ext Root Scanning (ms):  0.8  0.8
       Avg:   0.8, Min:   0.8, Max:   0.8, Diff:   0.0]
      [SATB Filtering (ms):  0.0  0.0
       Avg:   0.0, Min:   0.0, Max:   0.0, Diff:   0.0]
      [Update RS (ms):  0.0  0.0
       Avg:   0.0, Min:   0.0, Max:   0.0, Diff:   0.0]
         [Processed Buffers : 2 0
          Sum: 2, Avg: 1, Min: 0, Max: 2, Diff: 2]
      [Scan RS (ms):  0.0  0.0
       Avg:   0.0, Min:   0.0, Max:   0.0, Diff:   0.0]
      [Object Copy (ms):  0.0  0.0
       Avg:   0.0, Min:   0.0, Max:   0.0, Diff:   0.0]
      [Termination (ms):  0.0  0.0
       Avg:   0.0, Min:   0.0, Max:   0.0, Diff:   0.0]
         [Termination Attempts : 1 1
          Sum: 2, Avg: 1, Min: 1, Max: 1, Diff: 0]
      [GC Worker End (ms):  3347.9  3347.9
       Avg: 3347.9, Min: 3347.9, Max: 3347.9, Diff:   0.0]
      [GC Worker (ms):  0.9  0.8
       Avg:   0.8, Min:   0.8, Max:   0.9, Diff:   0.0]
      [GC Worker Other (ms):  0.1  0.1
       Avg:   0.1, Min:   0.1, Max:   0.1, Diff:   0.0]
   [Complete CSet Marking:   0.0 ms]
   [Clear CT:   0.0 ms]
   [Other:   0.1 ms]
      [Choose CSet:   0.0 ms]
      [Ref Proc:   0.0 ms]
      [Ref Enq:   0.0 ms]
      [Free CSet:   0.0 ms]
   [Eden: 0B(101M)->0B(101M) Survivors: 1024K->1024K Heap: 429M(512M)->429M(512M)]
 [Times: user=0.01 sys=0.00, real=0.00 secs] 
3.348: [Full GC 429M->317M(512M), 0.0119660 secs]
 [Times: user=0.01 sys=0.00, real=0.02 secs] 
3.431: [GC pause (young), 0.00208700 secs]
   [Parallel Time:   1.9 ms]
      [GC Worker Start (ms):  3430.8  3430.9
       Avg: 3430.8, Min: 3430.8, Max: 3430.9, Diff:   0.0]
      [Ext Root Scanning (ms):  1.3  1.8
       Avg:   1.6, Min:   1.3, Max:   1.8, Diff:   0.5]
      [SATB Filtering (ms):  0.0  0.0
       Avg:   0.0, Min:   0.0, Max:   0.0, Diff:   0.0]
      [Update RS (ms):  0.0  0.0
       Avg:   0.0, Min:   0.0, Max:   0.0, Diff:   0.0]
         [Processed Buffers : 5 0
          Sum: 5, Avg: 2, Min: 0, Max: 5, Diff: 5]
      [Scan RS (ms):  0.0  0.0
       Avg:   0.0, Min:   0.0, Max:   0.0, Diff:   0.0]
      [Object Copy (ms):  0.1  0.0
       Avg:   0.1, Min:   0.0, Max:   0.1, Diff:   0.0]
      [Termination (ms):  0.4  0.0
       Avg:   0.2, Min:   0.0, Max:   0.4, Diff:   0.4]
         [Termination Attempts : 1 1
          Sum: 2, Avg: 1, Min: 1, Max: 1, Diff: 0]
      [GC Worker End (ms):  3432.7  3432.7
       Avg: 3432.7, Min: 3432.7, Max: 3432.7, Diff:   0.0]
      [GC Worker (ms):  1.9  1.9
       Avg:   1.9, Min:   1.9, Max:   1.9, Diff:   0.0]
      [GC Worker Other (ms):  0.1  0.1
       Avg:   0.1, Min:   0.1, Max:   0.1, Diff:   0.0]
   [Complete CSet Marking:   0.0 ms]
   [Clear CT:   0.0 ms]
   [Other:   0.1 ms]
      [Choose CSet:   0.0 ms]
      [Ref Proc:   0.1 ms]
      [Ref Enq:   0.0 ms]
      [Free CSet:   0.0 ms]
   [Eden: 1024K(101M)->0B(101M) Survivors: 0B->1024K Heap: 445M(512M)->445M(512M)]
 [Times: user=0.00 sys=0.00, real=0.00 secs] 
3.433: [Full GC 445M->314M(512M), 0.0115610 secs]
 [Times: user=0.01 sys=0.00, real=0.01 secs] 
3.481: [GC remark, 0.0000020 secs]
 [Times: user=0.00 sys=0.00, real=0.00 secs] 
3.481: [GC concurrent-mark-abort]
3.515: [GC pause (young) (initial-mark), 0.00275200 secs]
   [Parallel Time:   2.6 ms]
      [GC Worker Start (ms):  3514.8  3514.8
       Avg: 3514.8, Min: 3514.8, Max: 3514.8, Diff:   0.0]
      [Ext Root Scanning (ms):  1.2  1.8
       Avg:   1.5, Min:   1.2, Max:   1.8, Diff:   0.5]
      [Update RS (ms):  0.0  0.0
       Avg:   0.0, Min:   0.0, Max:   0.0, Diff:   0.0]
         [Processed Buffers : 4 0
          Sum: 4, Avg: 2, Min: 0, Max: 4, Diff: 4]
      [Scan RS (ms):  0.0  0.0
       Avg:   0.0, Min:   0.0, Max:   0.0, Diff:   0.0]
      [Object Copy (ms):  0.2  0.7
       Avg:   0.5, Min:   0.2, Max:   0.7, Diff:   0.4]
      [Termination (ms):  1.0  0.0
       Avg:   0.5, Min:   0.0, Max:   1.0, Diff:   1.0]
         [Termination Attempts : 1 1
          Sum: 2, Avg: 1, Min: 1, Max: 1, Diff: 0]
      [GC Worker End (ms):  3517.4  3517.4
       Avg: 3517.4, Min: 3517.4, Max: 3517.4, Diff:   0.0]
      [GC Worker (ms):  2.6  2.5
       Avg:   2.6, Min:   2.5, Max:   2.6, Diff:   0.0]
      [GC Worker Other (ms):  0.0  0.2
       Avg:   0.1, Min:   0.0, Max:   0.2, Diff:   0.1]
   [Clear CT:   0.0 ms]
   [Other:   0.1 ms]
      [Choose CSet:   0.0 ms]
      [Ref Proc:   0.0 ms]
      [Ref Enq:   0.0 ms]
      [Free CSet:   0.0 ms]
   [Eden: 1024K(101M)->0B(101M) Survivors: 0B->1024K Heap: 417M(512M)->417M(512M)]
 [Times: user=0.00 sys=0.00, real=0.00 secs] 
3.518: [GC concurrent-root-region-scan-start]
3.519: [GC concurrent-root-region-scan-end, 0.0011530]
3.519: [GC concurrent-mark-start]
3.526: [GC pause (young), 0.00101900 secs]
   [Parallel Time:   0.9 ms]
      [GC Worker Start (ms):  3526.5  3526.5
       Avg: 3526.5, Min: 3526.5, Max: 3526.5, Diff:   0.0]
      [Ext Root Scanning (ms):  0.8  0.8
       Avg:   0.8, Min:   0.8, Max:   0.8, Diff:   0.1]
      [SATB Filtering (ms):  0.0  0.0
       Avg:   0.0, Min:   0.0, Max:   0.0, Diff:   0.0]
      [Update RS (ms):  0.0  0.0
       Avg:   0.0, Min:   0.0, Max:   0.0, Diff:   0.0]
         [Processed Buffers : 3 0
          Sum: 3, Avg: 1, Min: 0, Max: 3, Diff: 3]
      [Scan RS (ms):  0.0  0.0
       Avg:   0.0, Min:   0.0, Max:   0.0, Diff:   0.0]
      [Object Copy (ms):  0.1  0.0
       Avg:   0.0, Min:   0.0, Max:   0.1, Diff:   0.0]
      [Termination (ms):  0.0  0.0
       Avg:   0.0, Min:   0.0, Max:   0.0, Diff:   0.0]
         [Termination Attempts : 1 1
          Sum: 2, Avg: 1, Min: 1, Max: 1, Diff: 0]
      [GC Worker End (ms):  3527.3  3527.3
       Avg: 3527.3, Min: 3527.3, Max: 3527.3, Diff:   0.0]
      [GC Worker (ms):  0.9  0.9
       Avg:   0.9, Min:   0.9, Max:   0.9, Diff:   0.0]
      [GC Worker Other (ms):  0.1  0.1
       Avg:   0.1, Min:   0.1, Max:   0.1, Diff:   0.0]
   [Complete CSet Marking:   0.0 ms]
   [Clear CT:   0.0 ms]
   [Other:   0.1 ms]
      [Choose CSet:   0.0 ms]
      [Ref Proc:   0.0 ms]
      [Ref Enq:   0.0 ms]
      [Free CSet:   0.0 ms]
   [Eden: 1024K(101M)->0B(101M) Survivors: 1024K->1024K Heap: 434M(512M)->434M(512M)]
 [Times: user=0.00 sys=0.00, real=0.00 secs] 
3.528: [Full GC 434M->241M(512M), 0.0123350 secs]
 [Times: user=0.01 sys=0.00, real=0.02 secs] 
3.541: [GC concurrent-mark-abort]
3.621: [GC pause (young) (initial-mark), 0.00430300 secs]
   [Parallel Time:   4.1 ms]
      [GC Worker Start (ms):  3620.9  3620.9
       Avg: 3620.9, Min: 3620.9, Max: 3620.9, Diff:   0.0]
      [Ext Root Scanning (ms):  2.3  3.9
       Avg:   3.1, Min:   2.3, Max:   3.9, Diff:   1.6]
      [Update RS (ms):  0.0  0.0
       Avg:   0.0, Min:   0.0, Max:   0.0, Diff:   0.0]
         [Processed Buffers : 3 0
          Sum: 3, Avg: 1, Min: 0, Max: 3, Diff: 3]
      [Scan RS (ms):  0.0  0.0
       Avg:   0.0, Min:   0.0, Max:   0.0, Diff:   0.0]
      [Object Copy (ms):  0.3  0.1
       Avg:   0.2, Min:   0.1, Max:   0.3, Diff:   0.2]
      [Termination (ms):  1.3  0.0
       Avg:   0.7, Min:   0.0, Max:   1.3, Diff:   1.3]
         [Termination Attempts : 1 1
          Sum: 2, Avg: 1, Min: 1, Max: 1, Diff: 0]
      [GC Worker End (ms):  3625.0  3625.0
       Avg: 3625.0, Min: 3625.0, Max: 3625.0, Diff:   0.0]
      [GC Worker (ms):  4.1  4.1
       Avg:   4.1, Min:   4.1, Max:   4.1, Diff:   0.0]
      [GC Worker Other (ms):  0.1  0.1
       Avg:   0.1, Min:   0.1, Max:   0.1, Diff:   0.0]
   [Clear CT:   0.0 ms]
   [Other:   0.2 ms]
      [Choose CSet:   0.0 ms]
      [Ref Proc:   0.0 ms]
      [Ref Enq:   0.0 ms]
      [Free CSet:   0.0 ms]
   [Eden: 1024K(101M)->0B(101M) Survivors: 0B->1024K Heap: 370M(512M)->370M(512M)]
 [Times: user=0.01 sys=0.00, real=0.00 secs] 
3.625: [GC concurrent-root-region-scan-start]
3.625: [GC concurrent-root-region-scan-end, 0.0000470]
3.625: [GC concurrent-mark-start]
3.628: [GC concurrent-mark-end, 0.0028880 sec]
3.630: [GC remark 3.630: [GC ref-proc, 0.0000140 secs], 0.0036250 secs]
 [Times: user=0.00 sys=0.00, real=0.00 secs] 
3.662: [GC cleanup 433M->342M(512M), 0.0005410 secs]
 [Times: user=0.00 sys=0.00, real=0.00 secs] 
3.662: [GC concurrent-cleanup-start]
3.663: [GC concurrent-cleanup-end, 0.0002200]
3.679: [GC pause (young) (initial-mark), 0.00217100 secs]
   [Parallel Time:   2.0 ms]
      [GC Worker Start (ms):  3679.5  3680.6
       Avg: 3680.0, Min: 3679.5, Max: 3680.6, Diff:   1.1]
      [Ext Root Scanning (ms):  1.6  0.6
       Avg:   1.1, Min:   0.6, Max:   1.6, Diff:   1.0]
      [Update RS (ms):  0.0  0.1
       Avg:   0.1, Min:   0.0, Max:   0.1, Diff:   0.1]
         [Processed Buffers : 3 3
          Sum: 6, Avg: 3, Min: 3, Max: 3, Diff: 0]
      [Scan RS (ms):  0.0  0.0
       Avg:   0.0, Min:   0.0, Max:   0.0, Diff:   0.0]
      [Object Copy (ms):  0.2  0.1
       Avg:   0.2, Min:   0.1, Max:   0.2, Diff:   0.0]
      [Termination (ms):  0.1  0.0
       Avg:   0.0, Min:   0.0, Max:   0.1, Diff:   0.1]
         [Termination Attempts : 1 1
          Sum: 2, Avg: 1, Min: 1, Max: 1, Diff: 0]
      [GC Worker End (ms):  3681.4  3681.4
       Avg: 3681.4, Min: 3681.4, Max: 3681.4, Diff:   0.0]
      [GC Worker (ms):  1.9  0.8
       Avg:   1.4, Min:   0.8, Max:   1.9, Diff:   1.1]
      [GC Worker Other (ms):  0.0  1.2
       Avg:   0.6, Min:   0.0, Max:   1.2, Diff:   1.1]
   [Clear CT:   0.0 ms]
   [Other:   0.2 ms]
      [Choose CSet:   0.0 ms]
      [Ref Proc:   0.0 ms]
      [Ref Enq:   0.0 ms]
      [Free CSet:   0.0 ms]
   [Eden: 1024K(101M)->0B(101M) Survivors: 1024K->1024K Heap: 363M(512M)->363M(512M)]
 [Times: user=0.00 sys=0.00, real=0.00 secs] 
3.682: [GC concurrent-root-region-scan-start]
3.683: [GC concurrent-root-region-scan-end, 0.0015200]
3.683: [GC concurrent-mark-start]
3.687: [GC concurrent-mark-end, 0.0036190 sec]
3.700: [GC remark 3.700: [GC ref-proc, 0.0000180 secs], 0.0032410 secs]
 [Times: user=0.01 sys=0.00, real=0.00 secs] 
3.703: [GC cleanup 397M->267M(512M), 0.0004570 secs]
 [Times: user=0.00 sys=0.00, real=0.00 secs] 
3.704: [GC concurrent-cleanup-start]
3.704: [GC concurrent-cleanup-end, 0.0002660]
3.731: [GC pause (young) (initial-mark), 0.00197400 secs]
   [Parallel Time:   1.7 ms]
      [GC Worker Start (ms):  3731.4  3732.6
       Avg: 3732.0, Min: 3731.4, Max: 3732.6, Diff:   1.2]
      [Ext Root Scanning (ms):  1.4  0.3
       Avg:   0.9, Min:   0.3, Max:   1.4, Diff:   1.1]
      [Update RS (ms):  0.0  0.0
       Avg:   0.0, Min:   0.0, Max:   0.0, Diff:   0.0]
         [Processed Buffers : 0 4
          Sum: 4, Avg: 2, Min: 0, Max: 4, Diff: 4]
      [Scan RS (ms):  0.0  0.0
       Avg:   0.0, Min:   0.0, Max:   0.0, Diff:   0.0]
      [Object Copy (ms):  0.2  0.1
       Avg:   0.2, Min:   0.1, Max:   0.2, Diff:   0.1]
      [Termination (ms):  0.0  0.0
       Avg:   0.0, Min:   0.0, Max:   0.0, Diff:   0.0]
         [Termination Attempts : 1 1
          Sum: 2, Avg: 1, Min: 1, Max: 1, Diff: 0]
      [GC Worker End (ms):  3733.1  3733.1
       Avg: 3733.1, Min: 3733.1, Max: 3733.1, Diff:   0.0]
      [GC Worker (ms):  1.7  0.5
       Avg:   1.1, Min:   0.5, Max:   1.7, Diff:   1.2]
      [GC Worker Other (ms):  0.0  1.2
       Avg:   0.6, Min:   0.0, Max:   1.2, Diff:   1.2]
   [Clear CT:   0.0 ms]
   [Other:   0.2 ms]
      [Choose CSet:   0.0 ms]
      [Ref Proc:   0.0 ms]
      [Ref Enq:   0.0 ms]
      [Free CSet:   0.0 ms]
   [Eden: 1024K(101M)->0B(137M) Survivors: 1024K->1024K Heap: 309M(512M)->309M(512M)]
 [Times: user=0.00 sys=0.00, real=0.00 secs] 
3.733: [GC concurrent-root-region-scan-start]
3.733: [GC concurrent-root-region-scan-end, 0.0001100]
3.733: [GC concurrent-mark-start]
3.755: [GC concurrent-mark-end, 0.0215070 sec]
3.778: [GC remark 3.778: [GC ref-proc, 0.0000150 secs], 0.0034990 secs]
 [Times: user=0.00 sys=0.00, real=0.01 secs] 
3.781: [GC cleanup 388M->329M(512M), 0.0003770 secs]
 [Times: user=0.00 sys=0.00, real=0.00 secs] 
3.782: [GC concurrent-cleanup-start]
3.782: [GC concurrent-cleanup-end, 0.0001240]
3.807: [GC pause (young) (initial-mark), 0.00128300 secs]
   [Parallel Time:   1.1 ms]
      [GC Worker Start (ms):  3807.1  3807.1
       Avg: 3807.1, Min: 3807.1, Max: 3807.1, Diff:   0.0]
      [Ext Root Scanning (ms):  0.8  0.8
       Avg:   0.8, Min:   0.8, Max:   0.8, Diff:   0.0]
      [Update RS (ms):  0.0  0.0
       Avg:   0.0, Min:   0.0, Max:   0.0, Diff:   0.0]
         [Processed Buffers : 0 4
          Sum: 4, Avg: 2, Min: 0, Max: 4, Diff: 4]
      [Scan RS (ms):  0.0  0.0
       Avg:   0.0, Min:   0.0, Max:   0.0, Diff:   0.0]
      [Object Copy (ms):  0.2  0.1
       Avg:   0.2, Min:   0.1, Max:   0.2, Diff:   0.1]
      [Termination (ms):  0.0  0.0
       Avg:   0.0, Min:   0.0, Max:   0.0, Diff:   0.0]
         [Termination Attempts : 1 1
          Sum: 2, Avg: 1, Min: 1, Max: 1, Diff: 0]
      [GC Worker End (ms):  3808.1  3808.1
       Avg: 3808.1, Min: 3808.1, Max: 3808.1, Diff:   0.0]
      [GC Worker (ms):  1.0  1.0
       Avg:   1.0, Min:   1.0, Max:   1.0, Diff:   0.0]
      [GC Worker Other (ms):  0.0  0.1
       Avg:   0.1, Min:   0.0, Max:   0.1, Diff:   0.0]
   [Clear CT:   0.0 ms]
   [Other:   0.2 ms]
      [Choose CSet:   0.0 ms]
      [Ref Proc:   0.0 ms]
      [Ref Enq:   0.0 ms]
      [Free CSet:   0.0 ms]
   [Eden: 1024K(137M)->0B(101M) Survivors: 1024K->1024K Heap: 367M(512M)->367M(512M)]
 [Times: user=0.00 sys=0.00, real=0.00 secs] 
3.808: [GC concurrent-root-region-scan-start]
3.808: [GC concurrent-root-region-scan-end, 0.0000750]
3.808: [GC concurrent-mark-start]
3.810: [GC concurrent-mark-end, 0.0020540 sec]
3.825: [GC remark 3.826: [GC ref-proc, 0.0000170 secs], 0.0033950 secs]
 [Times: user=0.00 sys=0.00, real=0.01 secs] 
3.829: [GC cleanup 395M->308M(512M), 0.0003640 secs]
 [Times: user=0.00 sys=0.00, real=0.00 secs] 
3.829: [GC concurrent-cleanup-start]
3.830: [GC concurrent-cleanup-end, 0.0001660]
3.870: [GC pause (young) (initial-mark), 0.00123000 secs]
   [Parallel Time:   1.1 ms]
      [GC Worker Start (ms):  3870.2  3870.2
       Avg: 3870.2, Min: 3870.2, Max: 3870.2, Diff:   0.0]
      [Ext Root Scanning (ms):  0.8  0.8
       Avg:   0.8, Min:   0.8, Max:   0.8, Diff:   0.0]
      [Update RS (ms):  0.0  0.0
       Avg:   0.0, Min:   0.0, Max:   0.0, Diff:   0.0]
         [Processed Buffers : 2 0
          Sum: 2, Avg: 1, Min: 0, Max: 2, Diff: 2]
      [Scan RS (ms):  0.0  0.0
       Avg:   0.0, Min:   0.0, Max:   0.0, Diff:   0.0]
      [Object Copy (ms):  0.1  0.2
       Avg:   0.2, Min:   0.1, Max:   0.2, Diff:   0.1]
      [Termination (ms):  0.1  0.0
       Avg:   0.0, Min:   0.0, Max:   0.1, Diff:   0.1]
         [Termination Attempts : 1 1
          Sum: 2, Avg: 1, Min: 1, Max: 1, Diff: 0]
      [GC Worker End (ms):  3871.2  3871.2
       Avg: 3871.2, Min: 3871.2, Max: 3871.2, Diff:   0.0]
      [GC Worker (ms):  1.0  1.0
       Avg:   1.0, Min:   1.0, Max:   1.0, Diff:   0.0]
      [GC Worker Other (ms):  0.1  0.1
       Avg:   0.1, Min:   0.1, Max:   0.1, Diff:   0.0]
   [Clear CT:   0.0 ms]
   [Other:   0.1 ms]
      [Choose CSet:   0.0 ms]
      [Ref Proc:   0.0 ms]
      [Ref Enq:   0.0 ms]
      [Free CSet:   0.0 ms]
   [Eden: 1024K(101M)->0B(101M) Survivors: 1024K->1024K Heap: 372M(512M)->372M(512M)]
 [Times: user=0.00 sys=0.00, real=0.00 secs] 
3.871: [GC concurrent-root-region-scan-start]
3.871: [GC concurrent-root-region-scan-end, 0.0000780]
3.871: [GC concurrent-mark-start]
3.874: [GC concurrent-mark-end, 0.0020820 sec]
3.878: [GC remark 3.878: [GC ref-proc, 0.0000150 secs], 0.0029220 secs]
 [Times: user=0.00 sys=0.00, real=0.01 secs] 
3.881: [GC cleanup 383M->289M(512M), 0.0004250 secs]
 [Times: user=0.00 sys=0.00, real=0.00 secs] 
3.881: [GC concurrent-cleanup-start]
3.882: [GC concurrent-cleanup-end, 0.0002040]
3.932: [GC pause (young) (initial-mark), 0.00241800 secs]
   [Parallel Time:   2.1 ms]
      [GC Worker Start (ms):  3931.9  3933.5
       Avg: 3932.7, Min: 3931.9, Max: 3933.5, Diff:   1.6]
      [Ext Root Scanning (ms):  1.5  0.3
       Avg:   0.9, Min:   0.3, Max:   1.5, Diff:   1.2]
      [Update RS (ms):  0.0  0.0
       Avg:   0.0, Min:   0.0, Max:   0.0, Diff:   0.0]
         [Processed Buffers : 2 0
          Sum: 2, Avg: 1, Min: 0, Max: 2, Diff: 2]
      [Scan RS (ms):  0.0  0.0
       Avg:   0.0, Min:   0.0, Max:   0.0, Diff:   0.0]
      [Object Copy (ms):  0.3  0.0
       Avg:   0.2, Min:   0.0, Max:   0.3, Diff:   0.3]
      [Termination (ms):  0.1  0.0
       Avg:   0.0, Min:   0.0, Max:   0.1, Diff:   0.1]
         [Termination Attempts : 1 1
          Sum: 2, Avg: 1, Min: 1, Max: 1, Diff: 0]
      [GC Worker End (ms):  3933.9  3933.8
       Avg: 3933.9, Min: 3933.8, Max: 3933.9, Diff:   0.0]
      [GC Worker (ms):  1.9  0.3
       Avg:   1.1, Min:   0.3, Max:   1.9, Diff:   1.6]
      [GC Worker Other (ms):  0.2  1.7
       Avg:   0.9, Min:   0.2, Max:   1.7, Diff:   1.6]
   [Clear CT:   0.0 ms]
   [Other:   0.3 ms]
      [Choose CSet:   0.0 ms]
      [Ref Proc:   0.2 ms]
      [Ref Enq:   0.0 ms]
      [Free CSet:   0.0 ms]
   [Eden: 1024K(101M)->0B(101M) Survivors: 1024K->1024K Heap: 369M(512M)->369M(512M)]
 [Times: user=0.01 sys=0.00, real=0.00 secs] 
3.934: [GC concurrent-root-region-scan-start]
3.936: [GC concurrent-root-region-scan-end, 0.0020020]
3.936: [GC concurrent-mark-start]
3.964: [GC pause (young), 0.00115500 secs]
   [Parallel Time:   1.0 ms]
      [GC Worker Start (ms):  3963.7  3963.8
       Avg: 3963.7, Min: 3963.7, Max: 3963.8, Diff:   0.0]
      [Ext Root Scanning (ms):  0.8  0.9
       Avg:   0.8, Min:   0.8, Max:   0.9, Diff:   0.0]
      [SATB Filtering (ms):  0.0  0.0
       Avg:   0.0, Min:   0.0, Max:   0.0, Diff:   0.0]
      [Update RS (ms):  0.0  0.0
       Avg:   0.0, Min:   0.0, Max:   0.0, Diff:   0.0]
         [Processed Buffers : 3 0
          Sum: 3, Avg: 1, Min: 0, Max: 3, Diff: 3]
      [Scan RS (ms):  0.0  0.0
       Avg:   0.0, Min:   0.0, Max:   0.0, Diff:   0.0]
      [Object Copy (ms):  0.1  0.1
       Avg:   0.1, Min:   0.1, Max:   0.1, Diff:   0.0]
      [Termination (ms):  0.0  0.0
       Avg:   0.0, Min:   0.0, Max:   0.0, Diff:   0.0]
         [Termination Attempts : 1 1
          Sum: 2, Avg: 1, Min: 1, Max: 1, Diff: 0]
      [GC Worker End (ms):  3964.7  3964.7
       Avg: 3964.7, Min: 3964.7, Max: 3964.7, Diff:   0.0]
      [GC Worker (ms):  1.0  0.9
       Avg:   1.0, Min:   0.9, Max:   1.0, Diff:   0.0]
      [GC Worker Other (ms):  0.0  0.1
       Avg:   0.0, Min:   0.0, Max:   0.1, Diff:   0.0]
   [Complete CSet Marking:   0.0 ms]
   [Clear CT:   0.0 ms]
   [Other:   0.1 ms]
      [Choose CSet:   0.0 ms]
      [Ref Proc:   0.1 ms]
      [Ref Enq:   0.0 ms]
      [Free CSet:   0.0 ms]
   [Eden: 1024K(101M)->0B(101M) Survivors: 1024K->1024K Heap: 423M(512M)->423M(512M)]
 [Times: user=0.00 sys=0.00, real=0.00 secs] 
3.965: [Full GC 423M->230M(512M), 0.0126640 secs]
 [Times: user=0.01 sys=0.00, real=0.01 secs] 
3.978: [GC concurrent-mark-abort]
4.018: [GC pause (young) (initial-mark), 0.00231600 secs]
   [Parallel Time:   2.1 ms]
      [GC Worker Start (ms):  4018.2  4018.2
       Avg: 4018.2, Min: 4018.2, Max: 4018.2, Diff:   0.0]
      [Ext Root Scanning (ms):  1.4  1.9
       Avg:   1.6, Min:   1.4, Max:   1.9, Diff:   0.5]
      [Update RS (ms):  0.0  0.0
       Avg:   0.0, Min:   0.0, Max:   0.0, Diff:   0.0]
         [Processed Buffers : 3 0
          Sum: 3, Avg: 1, Min: 0, Max: 3, Diff: 3]
      [Scan RS (ms):  0.0  0.0
       Avg:   0.0, Min:   0.0, Max:   0.0, Diff:   0.0]
      [Object Copy (ms):  0.2  0.2
       Avg:   0.2, Min:   0.2, Max:   0.2, Diff:   0.1]
      [Termination (ms):  0.4  0.0
       Avg:   0.2, Min:   0.0, Max:   0.4, Diff:   0.4]
         [Termination Attempts : 1 1
          Sum: 2, Avg: 1, Min: 1, Max: 1, Diff: 0]
      [GC Worker End (ms):  4020.3  4020.3
       Avg: 4020.3, Min: 4020.3, Max: 4020.3, Diff:   0.0]
      [GC Worker (ms):  2.1  2.1
       Avg:   2.1, Min:   2.1, Max:   2.1, Diff:   0.0]
      [GC Worker Other (ms):  0.1  0.1
       Avg:   0.1, Min:   0.1, Max:   0.1, Diff:   0.0]
   [Clear CT:   0.0 ms]
   [Other:   0.2 ms]
      [Choose CSet:   0.0 ms]
      [Ref Proc:   0.0 ms]
      [Ref Enq:   0.0 ms]
      [Free CSet:   0.0 ms]
   [Eden: 1024K(101M)->0B(153M) Survivors: 0B->1024K Heap: 296M(512M)->296M(512M)]
 [Times: user=0.00 sys=0.00, real=0.01 secs] 
4.021: [GC concurrent-root-region-scan-start]
4.021: [GC concurrent-root-region-scan-end, 0.0004630]
4.021: [GC concurrent-mark-start]
4.023: [GC concurrent-mark-end, 0.0021040 sec]
4.051: [GC remark 4.051: [GC ref-proc, 0.0000170 secs], 0.0030850 secs]
 [Times: user=0.01 sys=0.00, real=0.00 secs] 
4.077: [GC cleanup 395M->339M(512M), 0.0013680 secs]
 [Times: user=0.00 sys=0.00, real=0.00 secs] 
4.079: [GC concurrent-cleanup-start]
4.079: [GC concurrent-cleanup-end, 0.0002370]
4.106: [GC pause (young) (initial-mark), 0.00112900 secs]
   [Parallel Time:   1.0 ms]
      [GC Worker Start (ms):  4106.2  4106.2
       Avg: 4106.2, Min: 4106.2, Max: 4106.2, Diff:   0.0]
      [Ext Root Scanning (ms):  0.7  0.8
       Avg:   0.7, Min:   0.7, Max:   0.8, Diff:   0.1]
      [Update RS (ms):  0.0  0.0
       Avg:   0.0, Min:   0.0, Max:   0.0, Diff:   0.0]
         [Processed Buffers : 4 2
          Sum: 6, Avg: 3, Min: 2, Max: 4, Diff: 2]
      [Scan RS (ms):  0.0  0.0
       Avg:   0.0, Min:   0.0, Max:   0.0, Diff:   0.0]
      [Object Copy (ms):  0.2  0.1
       Avg:   0.2, Min:   0.1, Max:   0.2, Diff:   0.1]
      [Termination (ms):  0.0  0.0
       Avg:   0.0, Min:   0.0, Max:   0.0, Diff:   0.0]
         [Termination Attempts : 1 1
          Sum: 2, Avg: 1, Min: 1, Max: 1, Diff: 0]
      [GC Worker End (ms):  4107.1  4107.1
       Avg: 4107.1, Min: 4107.1, Max: 4107.1, Diff:   0.0]
      [GC Worker (ms):  0.9  0.9
       Avg:   0.9, Min:   0.9, Max:   0.9, Diff:   0.0]
      [GC Worker Other (ms):  0.1  0.1
       Avg:   0.1, Min:   0.1, Max:   0.1, Diff:   0.0]
   [Clear CT:   0.0 ms]
   [Other:   0.1 ms]
      [Choose CSet:   0.0 ms]
      [Ref Proc:   0.0 ms]
      [Ref Enq:   0.0 ms]
      [Free CSet:   0.0 ms]
   [Eden: 1024K(153M)->0B(101M) Survivors: 1024K->1024K Heap: 377M(512M)->377M(512M)]
 [Times: user=0.00 sys=0.00, real=0.00 secs] 
4.107: [GC concurrent-root-region-scan-start]
4.107: [GC concurrent-root-region-scan-end, 0.0001180]
4.107: [GC concurrent-mark-start]
4.128: [GC concurrent-mark-end, 0.0204000 sec]
4.149: [GC remark 4.149: [GC ref-proc, 0.0000170 secs], 0.0025810 secs]
 [Times: user=0.00 sys=0.00, real=0.00 secs] 
4.152: [GC cleanup 453M->278M(512M), 0.0005810 secs]
 [Times: user=0.00 sys=0.00, real=0.00 secs] 
4.152: [GC concurrent-cleanup-start]
4.153: [GC concurrent-cleanup-end, 0.0003710]
4.202: [GC pause (young) (initial-mark), 0.00129000 secs]
   [Parallel Time:   1.1 ms]
      [GC Worker Start (ms):  4202.3  4202.3
       Avg: 4202.3, Min: 4202.3, Max: 4202.3, Diff:   0.0]
      [Ext Root Scanning (ms):  0.8  0.9
       Avg:   0.8, Min:   0.8, Max:   0.9, Diff:   0.1]
      [Update RS (ms):  0.0  0.0
       Avg:   0.0, Min:   0.0, Max:   0.0, Diff:   0.0]
         [Processed Buffers : 4 0
          Sum: 4, Avg: 2, Min: 0, Max: 4, Diff: 4]
      [Scan RS (ms):  0.0  0.0
       Avg:   0.0, Min:   0.0, Max:   0.0, Diff:   0.0]
      [Object Copy (ms):  0.2  0.2
       Avg:   0.2, Min:   0.2, Max:   0.2, Diff:   0.0]
      [Termination (ms):  0.1  0.0
       Avg:   0.0, Min:   0.0, Max:   0.1, Diff:   0.1]
         [Termination Attempts : 1 1
          Sum: 2, Avg: 1, Min: 1, Max: 1, Diff: 0]
      [GC Worker End (ms):  4203.4  4203.4
       Avg: 4203.4, Min: 4203.4, Max: 4203.4, Diff:   0.0]
      [GC Worker (ms):  1.1  1.0
       Avg:   1.1, Min:   1.0, Max:   1.1, Diff:   0.0]
      [GC Worker Other (ms):  0.1  0.1
       Avg:   0.1, Min:   0.1, Max:   0.1, Diff:   0.0]
   [Clear CT:   0.0 ms]
   [Other:   0.2 ms]
      [Choose CSet:   0.0 ms]
      [Ref Proc:   0.0 ms]
      [Ref Enq:   0.0 ms]
      [Free CSet:   0.0 ms]
   [Eden: 1024K(101M)->0B(101M) Survivors: 1024K->1024K Heap: 360M(512M)->360M(512M)]
 [Times: user=0.00 sys=0.00, real=0.00 secs] 
4.204: [GC concurrent-root-region-scan-start]
4.204: [GC concurrent-root-region-scan-end, 0.0000800]
4.204: [GC concurrent-mark-start]
4.206: [GC concurrent-mark-end, 0.0023270 sec]
4.217: [GC remark 4.217: [GC ref-proc, 0.0000150 secs], 0.0035040 secs]
 [Times: user=0.01 sys=0.00, real=0.01 secs] 
4.244: [GC cleanup 427M->327M(512M), 0.0006730 secs]
 [Times: user=0.00 sys=0.00, real=0.00 secs] 
4.245: [GC concurrent-cleanup-start]
4.245: [GC concurrent-cleanup-end, 0.0002510]
4.293: [GC pause (young) (initial-mark), 0.00169000 secs]
   [Parallel Time:   1.4 ms]
      [GC Worker Start (ms):  4292.8  4292.8
       Avg: 4292.8, Min: 4292.8, Max: 4292.8, Diff:   0.0]
      [Ext Root Scanning (ms):  0.8  1.1
       Avg:   0.9, Min:   0.8, Max:   1.1, Diff:   0.3]
      [Update RS (ms):  0.3  0.1
       Avg:   0.2, Min:   0.1, Max:   0.3, Diff:   0.2]
         [Processed Buffers : 1 1
          Sum: 2, Avg: 1, Min: 1, Max: 1, Diff: 0]
      [Scan RS (ms):  0.0  0.0
       Avg:   0.0, Min:   0.0, Max:   0.0, Diff:   0.0]
      [Object Copy (ms):  0.2  0.2
       Avg:   0.2, Min:   0.2, Max:   0.2, Diff:   0.1]
      [Termination (ms):  0.0  0.0
       Avg:   0.0, Min:   0.0, Max:   0.0, Diff:   0.0]
         [Termination Attempts : 1 1
          Sum: 2, Avg: 1, Min: 1, Max: 1, Diff: 0]
      [GC Worker End (ms):  4294.1  4294.1
       Avg: 4294.1, Min: 4294.1, Max: 4294.1, Diff:   0.0]
      [GC Worker (ms):  1.3  1.3
       Avg:   1.3, Min:   1.3, Max:   1.3, Diff:   0.0]
      [GC Worker Other (ms):  0.1  0.1
       Avg:   0.1, Min:   0.1, Max:   0.1, Diff:   0.0]
   [Clear CT:   0.0 ms]
   [Other:   0.3 ms]
      [Choose CSet:   0.0 ms]
      [Ref Proc:   0.1 ms]
      [Ref Enq:   0.0 ms]
      [Free CSet:   0.0 ms]
   [Eden: 1024K(101M)->0B(101M) Survivors: 1024K->1024K Heap: 398M(512M)->397M(512M)]
 [Times: user=0.01 sys=0.01, real=0.00 secs] 
4.294: [GC concurrent-root-region-scan-start]
4.295: [GC concurrent-root-region-scan-end, 0.0001350]
4.295: [GC concurrent-mark-start]
4.298: [GC concurrent-mark-end, 0.0038610 sec]
4.304: [GC remark 4.304: [GC ref-proc, 0.0000170 secs], 0.0027540 secs]
 [Times: user=0.00 sys=0.00, real=0.00 secs] 
4.307: [GC cleanup 416M->254M(512M), 0.0005110 secs]
 [Times: user=0.00 sys=0.00, real=0.00 secs] 
4.307: [GC concurrent-cleanup-start]
4.308: [GC concurrent-cleanup-end, 0.0003600]
4.338: [GC pause (young) (initial-mark), 0.00171700 secs]
   [Parallel Time:   1.4 ms]
      [GC Worker Start (ms):  4338.1  4338.2
       Avg: 4338.2, Min: 4338.1, Max: 4338.2, Diff:   0.1]
      [Ext Root Scanning (ms):  1.1  0.7
       Avg:   0.9, Min:   0.7, Max:   1.1, Diff:   0.5]
      [Update RS (ms):  0.0  0.0
       Avg:   0.0, Min:   0.0, Max:   0.0, Diff:   0.0]
         [Processed Buffers : 0 3
          Sum: 3, Avg: 1, Min: 0, Max: 3, Diff: 3]
      [Scan RS (ms):  0.0  0.0
       Avg:   0.0, Min:   0.0, Max:   0.0, Diff:   0.0]
      [Object Copy (ms):  0.2  0.5
       Avg:   0.3, Min:   0.2, Max:   0.5, Diff:   0.3]
      [Termination (ms):  0.0  0.0
       Avg:   0.0, Min:   0.0, Max:   0.0, Diff:   0.0]
         [Termination Attempts : 1 1
          Sum: 2, Avg: 1, Min: 1, Max: 1, Diff: 0]
      [GC Worker End (ms):  4339.5  4339.5
       Avg: 4339.5, Min: 4339.5, Max: 4339.5, Diff:   0.0]
      [GC Worker (ms):  1.4  1.2
       Avg:   1.3, Min:   1.2, Max:   1.4, Diff:   0.1]
      [GC Worker Other (ms):  0.0  0.1
       Avg:   0.1, Min:   0.0, Max:   0.1, Diff:   0.1]
   [Clear CT:   0.0 ms]
   [Other:   0.3 ms]
      [Choose CSet:   0.0 ms]
      [Ref Proc:   0.0 ms]
      [Ref Enq:   0.0 ms]
      [Free CSet:   0.0 ms]
   [Eden: 1024K(101M)->0B(149M) Survivors: 1024K->1024K Heap: 299M(512M)->299M(512M)]
 [Times: user=0.00 sys=0.00, real=0.01 secs] 
4.340: [GC concurrent-root-region-scan-start]
4.340: [GC concurrent-root-region-scan-end, 0.0000980]
4.340: [GC concurrent-mark-start]
4.342: [GC concurrent-mark-end, 0.0020810 sec]
4.388: [GC remark 4.389: [GC ref-proc, 0.0000150 secs], 0.0031020 secs]
 [Times: user=0.00 sys=0.00, real=0.01 secs] 
4.392: [GC cleanup 389M->302M(512M), 0.0003770 secs]
 [Times: user=0.00 sys=0.00, real=0.00 secs] 
4.392: [GC concurrent-cleanup-start]
4.392: [GC concurrent-cleanup-end, 0.0001760]
4.425: [GC pause (young) (initial-mark), 0.00132200 secs]
   [Parallel Time:   1.2 ms]
      [GC Worker Start (ms):  4425.0  4425.0
       Avg: 4425.0, Min: 4425.0, Max: 4425.0, Diff:   0.0]
      [Ext Root Scanning (ms):  0.9  0.9
       Avg:   0.9, Min:   0.9, Max:   0.9, Diff:   0.0]
      [Update RS (ms):  0.0  0.0
       Avg:   0.0, Min:   0.0, Max:   0.0, Diff:   0.0]
         [Processed Buffers : 1 1
          Sum: 2, Avg: 1, Min: 1, Max: 1, Diff: 0]
      [Scan RS (ms):  0.0  0.0
       Avg:   0.0, Min:   0.0, Max:   0.0, Diff:   0.0]
      [Object Copy (ms):  0.2  0.2
       Avg:   0.2, Min:   0.2, Max:   0.2, Diff:   0.0]
      [Termination (ms):  0.0  0.0
       Avg:   0.0, Min:   0.0, Max:   0.0, Diff:   0.0]
         [Termination Attempts : 1 1
          Sum: 2, Avg: 1, Min: 1, Max: 1, Diff: 0]
      [GC Worker End (ms):  4426.2  4426.2
       Avg: 4426.2, Min: 4426.2, Max: 4426.2, Diff:   0.0]
      [GC Worker (ms):  1.1  1.1
       Avg:   1.1, Min:   1.1, Max:   1.1, Diff:   0.0]
      [GC Worker Other (ms):  0.0  0.1
       Avg:   0.1, Min:   0.0, Max:   0.1, Diff:   0.0]
   [Clear CT:   0.0 ms]
   [Other:   0.1 ms]
      [Choose CSet:   0.0 ms]
      [Ref Proc:   0.0 ms]
      [Ref Enq:   0.0 ms]
      [Free CSet:   0.0 ms]
   [Eden: 1024K(149M)->0B(101M) Survivors: 1024K->1024K Heap: 351M(512M)->351M(512M)]
 [Times: user=0.00 sys=0.00, real=0.00 secs] 
4.426: [GC concurrent-root-region-scan-start]
4.426: [GC concurrent-root-region-scan-end, 0.0000870]
4.426: [GC concurrent-mark-start]
4.429: [GC concurrent-mark-end, 0.0024660 sec]
4.433: [GC remark 4.434: [GC ref-proc, 0.0000170 secs], 0.0044060 secs]
 [Times: user=0.01 sys=0.00, real=0.00 secs] 
4.438: [GC cleanup 364M->255M(512M), 0.0004130 secs]
 [Times: user=0.00 sys=0.00, real=0.00 secs] 
4.438: [GC concurrent-cleanup-start]
4.439: [GC concurrent-cleanup-end, 0.0002160]
4.492: [GC pause (young) (initial-mark), 0.00138200 secs]
   [Parallel Time:   1.1 ms]
      [GC Worker Start (ms):  4492.1  4492.1
       Avg: 4492.1, Min: 4492.1, Max: 4492.1, Diff:   0.0]
      [Ext Root Scanning (ms):  0.8  0.9
       Avg:   0.8, Min:   0.8, Max:   0.9, Diff:   0.1]
      [Update RS (ms):  0.0  0.0
       Avg:   0.0, Min:   0.0, Max:   0.0, Diff:   0.0]
         [Processed Buffers : 1 3
          Sum: 4, Avg: 2, Min: 1, Max: 3, Diff: 2]
      [Scan RS (ms):  0.0  0.0
       Avg:   0.0, Min:   0.0, Max:   0.0, Diff:   0.0]
      [Object Copy (ms):  0.3  0.2
       Avg:   0.2, Min:   0.2, Max:   0.3, Diff:   0.1]
      [Termination (ms):  0.0  0.0
       Avg:   0.0, Min:   0.0, Max:   0.0, Diff:   0.0]
         [Termination Attempts : 1 1
          Sum: 2, Avg: 1, Min: 1, Max: 1, Diff: 0]
      [GC Worker End (ms):  4493.2  4493.2
       Avg: 4493.2, Min: 4493.2, Max: 4493.2, Diff:   0.0]
      [GC Worker (ms):  1.1  1.1
       Avg:   1.1, Min:   1.1, Max:   1.1, Diff:   0.0]
      [GC Worker Other (ms):  0.1  0.1
       Avg:   0.1, Min:   0.1, Max:   0.1, Diff:   0.0]
   [Clear CT:   0.0 ms]
   [Other:   0.2 ms]
      [Choose CSet:   0.0 ms]
      [Ref Proc:   0.1 ms]
      [Ref Enq:   0.0 ms]
      [Free CSet:   0.0 ms]
   [Eden: 1024K(101M)->0B(105M) Survivors: 1024K->1024K Heap: 344M(512M)->343M(512M)]
 [Times: user=0.00 sys=0.00, real=0.00 secs] 
4.493: [GC concurrent-root-region-scan-start]
4.494: [GC concurrent-root-region-scan-end, 0.0000600]
4.494: [GC concurrent-mark-start]
4.496: [GC concurrent-mark-end, 0.0022630 sec]
4.516: [GC remark 4.517: [GC ref-proc, 0.0000160 secs], 0.0067710 secs]
 [Times: user=0.00 sys=0.00, real=0.01 secs] 
4.523: [GC pause (young), 0.00089200 secs]
   [Parallel Time:   0.8 ms]
      [GC Worker Start (ms):  4523.5  4523.5
       Avg: 4523.5, Min: 4523.5, Max: 4523.5, Diff:   0.0]
      [Ext Root Scanning (ms):  0.7  0.6
       Avg:   0.7, Min:   0.6, Max:   0.7, Diff:   0.0]
      [SATB Filtering (ms):  0.0  0.0
       Avg:   0.0, Min:   0.0, Max:   0.0, Diff:   0.0]
      [Update RS (ms):  0.0  0.0
       Avg:   0.0, Min:   0.0, Max:   0.0, Diff:   0.0]
         [Processed Buffers : 0 3
          Sum: 3, Avg: 1, Min: 0, Max: 3, Diff: 3]
      [Scan RS (ms):  0.0  0.0
       Avg:   0.0, Min:   0.0, Max:   0.0, Diff:   0.0]
      [Object Copy (ms):  0.1  0.0
       Avg:   0.1, Min:   0.0, Max:   0.1, Diff:   0.0]
      [Termination (ms):  0.0  0.0
       Avg:   0.0, Min:   0.0, Max:   0.0, Diff:   0.0]
         [Termination Attempts : 1 1
          Sum: 2, Avg: 1, Min: 1, Max: 1, Diff: 0]
      [GC Worker End (ms):  4524.3  4524.3
       Avg: 4524.3, Min: 4524.3, Max: 4524.3, Diff:   0.0]
      [GC Worker (ms):  0.8  0.8
       Avg:   0.8, Min:   0.8, Max:   0.8, Diff:   0.0]
      [GC Worker Other (ms):  0.1  0.1
       Avg:   0.1, Min:   0.1, Max:   0.1, Diff:   0.0]
   [Complete CSet Marking:   0.0 ms]
   [Clear CT:   0.0 ms]
   [Other:   0.1 ms]
      [Choose CSet:   0.0 ms]
      [Ref Proc:   0.0 ms]
      [Ref Enq:   0.0 ms]
      [Free CSet:   0.0 ms]
   [Eden: 0B(105M)->0B(101M) Survivors: 1024K->1024K Heap: 381M(512M)->381M(512M)]
 [Times: user=0.01 sys=0.00, real=0.00 secs] 
4.525: [Full GC 381M->279M(512M), 0.0125760 secs]
 [Times: user=0.01 sys=0.00, real=0.01 secs] 
4.568: [GC cleanup, 0.0000020 secs]
 [Times: user=0.00 sys=0.00, real=0.00 secs] 
4.569: [GC concurrent-mark-abort]
4.584: [GC pause (young) (initial-mark), 0.00392100 secs]
   [Parallel Time:   3.7 ms]
      [GC Worker Start (ms):  4584.1  4585.5
       Avg: 4584.8, Min: 4584.1, Max: 4585.5, Diff:   1.4]
      [Ext Root Scanning (ms):  3.3  2.1
       Avg:   2.7, Min:   2.1, Max:   3.3, Diff:   1.2]
      [Update RS (ms):  0.0  0.0
       Avg:   0.0, Min:   0.0, Max:   0.0, Diff:   0.0]
         [Processed Buffers : 4 0
          Sum: 4, Avg: 2, Min: 0, Max: 4, Diff: 4]
      [Scan RS (ms):  0.0  0.0
       Avg:   0.0, Min:   0.0, Max:   0.0, Diff:   0.0]
      [Object Copy (ms):  0.3  0.1
       Avg:   0.2, Min:   0.1, Max:   0.3, Diff:   0.2]
      [Termination (ms):  0.0  0.0
       Avg:   0.0, Min:   0.0, Max:   0.0, Diff:   0.0]
         [Termination Attempts : 1 1
          Sum: 2, Avg: 1, Min: 1, Max: 1, Diff: 0]
      [GC Worker End (ms):  4587.7  4587.7
       Avg: 4587.7, Min: 4587.7, Max: 4587.7, Diff:   0.0]
      [GC Worker (ms):  3.6  2.2
       Avg:   2.9, Min:   2.2, Max:   3.6, Diff:   1.4]
      [GC Worker Other (ms):  0.0  1.4
       Avg:   0.7, Min:   0.0, Max:   1.4, Diff:   1.4]
   [Clear CT:   0.0 ms]
   [Other:   0.3 ms]
      [Choose CSet:   0.0 ms]
      [Ref Proc:   0.1 ms]
      [Ref Enq:   0.0 ms]
      [Free CSet:   0.0 ms]
   [Eden: 1024K(101M)->0B(101M) Survivors: 0B->1024K Heap: 355M(512M)->355M(512M)]
 [Times: user=0.00 sys=0.00, real=0.00 secs] 
4.588: [GC concurrent-root-region-scan-start]
4.588: [GC concurrent-root-region-scan-end, 0.0000820]
4.588: [GC concurrent-mark-start]
4.590: [GC concurrent-mark-end, 0.0023730 sec]
4.598: [GC remark 4.598: [GC ref-proc, 0.0000210 secs], 0.0033150 secs]
 [Times: user=0.01 sys=0.00, real=0.01 secs] 
4.601: [GC cleanup 374M->256M(512M), 0.0004430 secs]
 [Times: user=0.00 sys=0.00, real=0.00 secs] 
4.602: [GC concurrent-cleanup-start]
4.602: [GC concurrent-cleanup-end, 0.0002350]
4.620: [GC pause (young) (initial-mark), 0.00138500 secs]
   [Parallel Time:   1.1 ms]
      [GC Worker Start (ms):  4619.7  4619.9
       Avg: 4619.8, Min: 4619.7, Max: 4619.9, Diff:   0.2]
      [Ext Root Scanning (ms):  0.9  0.8
       Avg:   0.8, Min:   0.8, Max:   0.9, Diff:   0.1]
      [Update RS (ms):  0.0  0.0
       Avg:   0.0, Min:   0.0, Max:   0.0, Diff:   0.0]
         [Processed Buffers : 5 0
          Sum: 5, Avg: 2, Min: 0, Max: 5, Diff: 5]
      [Scan RS (ms):  0.0  0.0
       Avg:   0.0, Min:   0.0, Max:   0.0, Diff:   0.0]
      [Object Copy (ms):  0.2  0.1
       Avg:   0.2, Min:   0.1, Max:   0.2, Diff:   0.0]
      [Termination (ms):  0.0  0.0
       Avg:   0.0, Min:   0.0, Max:   0.0, Diff:   0.0]
         [Termination Attempts : 1 1
          Sum: 2, Avg: 1, Min: 1, Max: 1, Diff: 0]
      [GC Worker End (ms):  4620.8  4620.8
       Avg: 4620.8, Min: 4620.8, Max: 4620.8, Diff:   0.0]
      [GC Worker (ms):  1.1  0.9
       Avg:   1.0, Min:   0.9, Max:   1.1, Diff:   0.2]
      [GC Worker Other (ms):  0.0  0.2
       Avg:   0.1, Min:   0.0, Max:   0.2, Diff:   0.2]
   [Clear CT:   0.0 ms]
   [Other:   0.2 ms]
      [Choose CSet:   0.0 ms]
      [Ref Proc:   0.0 ms]
      [Ref Enq:   0.0 ms]
      [Free CSet:   0.0 ms]
   [Eden: 1024K(101M)->0B(170M) Survivors: 1024K->1024K Heap: 279M(512M)->279M(512M)]
 [Times: user=0.00 sys=0.00, real=0.00 secs] 
4.621: [GC concurrent-root-region-scan-start]
4.621: [GC concurrent-root-region-scan-end, 0.0000810]
4.621: [GC concurrent-mark-start]
4.623: [GC concurrent-mark-end, 0.0015080 sec]
4.632: [GC remark 4.632: [GC ref-proc, 0.0000180 secs], 0.0028770 secs]
 [Times: user=0.01 sys=0.00, real=0.00 secs] 
4.636: [GC cleanup 300M->266M(512M), 0.0010410 secs]
 [Times: user=0.00 sys=0.00, real=0.00 secs] 
4.637: [GC concurrent-cleanup-start]
4.637: [GC concurrent-cleanup-end, 0.0000640]
4.670: [GC pause (young) (initial-mark), 0.00134600 secs]
   [Parallel Time:   1.0 ms]
      [GC Worker Start (ms):  4670.5  4670.5
       Avg: 4670.5, Min: 4670.5, Max: 4670.5, Diff:   0.0]
      [Ext Root Scanning (ms):  0.8  0.8
       Avg:   0.8, Min:   0.8, Max:   0.8, Diff:   0.0]
      [Update RS (ms):  0.0  0.0
       Avg:   0.0, Min:   0.0, Max:   0.0, Diff:   0.0]
         [Processed Buffers : 4 0
          Sum: 4, Avg: 2, Min: 0, Max: 4, Diff: 4]
      [Scan RS (ms):  0.0  0.0
       Avg:   0.0, Min:   0.0, Max:   0.0, Diff:   0.0]
      [Object Copy (ms):  0.1  0.2
       Avg:   0.2, Min:   0.1, Max:   0.2, Diff:   0.0]
      [Termination (ms):  0.0  0.0
       Avg:   0.0, Min:   0.0, Max:   0.0, Diff:   0.0]
         [Termination Attempts : 1 1
          Sum: 2, Avg: 1, Min: 1, Max: 1, Diff: 0]
      [GC Worker End (ms):  4671.5  4671.5
       Avg: 4671.5, Min: 4671.5, Max: 4671.5, Diff:   0.0]
      [GC Worker (ms):  1.0  1.0
       Avg:   1.0, Min:   1.0, Max:   1.0, Diff:   0.0]
      [GC Worker Other (ms):  0.1  0.1
       Avg:   0.1, Min:   0.1, Max:   0.1, Diff:   0.0]
   [Clear CT:   0.0 ms]
   [Other:   0.3 ms]
      [Choose CSet:   0.0 ms]
      [Ref Proc:   0.2 ms]
      [Ref Enq:   0.0 ms]
      [Free CSet:   0.0 ms]
   [Eden: 1024K(170M)->0B(130M) Survivors: 1024K->1024K Heap: 317M(512M)->317M(512M)]
 [Times: user=0.00 sys=0.00, real=0.00 secs] 
4.672: [GC concurrent-root-region-scan-start]
4.690: [GC concurrent-root-region-scan-end, 0.0181780]
4.691: [GC concurrent-mark-start]
4.698: [GC concurrent-mark-end, 0.0071520 sec]
4.704: [GC remark 4.705: [GC ref-proc, 0.0000190 secs], 0.0055810 secs]
 [Times: user=0.00 sys=0.00, real=0.01 secs] 
4.710: [GC cleanup 376M->357M(512M), 0.0005170 secs]
 [Times: user=0.00 sys=0.00, real=0.00 secs] 
4.711: [GC concurrent-cleanup-start]
4.711: [GC concurrent-cleanup-end, 0.0000390]
4.716: [GC pause (young) (initial-mark), 0.00210400 secs]
   [Parallel Time:   1.8 ms]
      [GC Worker Start (ms):  4716.5  4718.3
       Avg: 4717.4, Min: 4716.5, Max: 4718.3, Diff:   1.8]
      [Ext Root Scanning (ms):  1.3  0.0
       Avg:   0.7, Min:   0.0, Max:   1.3, Diff:   1.3]
      [Update RS (ms):  0.0  0.0
       Avg:   0.0, Min:   0.0, Max:   0.0, Diff:   0.0]
         [Processed Buffers : 2 0
          Sum: 2, Avg: 1, Min: 0, Max: 2, Diff: 2]
      [Scan RS (ms):  0.0  0.0
       Avg:   0.0, Min:   0.0, Max:   0.0, Diff:   0.0]
      [Object Copy (ms):  0.3  0.0
       Avg:   0.2, Min:   0.0, Max:   0.3, Diff:   0.3]
      [Termination (ms):  0.1  0.0
       Avg:   0.1, Min:   0.0, Max:   0.1, Diff:   0.1]
         [Termination Attempts : 1 1
          Sum: 2, Avg: 1, Min: 1, Max: 1, Diff: 0]
      [GC Worker End (ms):  4718.3  4718.3
       Avg: 4718.3, Min: 4718.3, Max: 4718.3, Diff:   0.0]
      [GC Worker (ms):  1.8  0.0
       Avg:   0.9, Min:   0.0, Max:   1.8, Diff:   1.8]
      [GC Worker Other (ms):  0.0  1.8
       Avg:   0.9, Min:   0.0, Max:   1.8, Diff:   1.8]
   [Clear CT:   0.0 ms]
   [Other:   0.2 ms]
      [Choose CSet:   0.0 ms]
      [Ref Proc:   0.1 ms]
      [Ref Enq:   0.0 ms]
      [Free CSet:   0.0 ms]
   [Eden: 1024K(130M)->0B(101M) Survivors: 1024K->1024K Heap: 357M(512M)->357M(512M)]
 [Times: user=0.00 sys=0.00, real=0.00 secs] 
4.719: [GC concurrent-root-region-scan-start]
4.719: [GC concurrent-root-region-scan-end, 0.0000460]
4.719: [GC concurrent-mark-start]
4.720: [GC concurrent-mark-end, 0.0013160 sec]
4.727: [GC remark 4.727: [GC ref-proc, 0.0000160 secs], 0.0036360 secs]
 [Times: user=0.00 sys=0.00, real=0.01 secs] 
4.764: [GC pause (young), 0.00102600 secs]
   [Parallel Time:   0.9 ms]
      [GC Worker Start (ms):  4763.6  4763.6
       Avg: 4763.6, Min: 4763.6, Max: 4763.6, Diff:   0.0]
      [Ext Root Scanning (ms):  0.7  0.8
       Avg:   0.7, Min:   0.7, Max:   0.8, Diff:   0.1]
      [SATB Filtering (ms):  0.0  0.0
       Avg:   0.0, Min:   0.0, Max:   0.0, Diff:   0.0]
      [Update RS (ms):  0.0  0.0
       Avg:   0.0, Min:   0.0, Max:   0.0, Diff:   0.0]
         [Processed Buffers : 2 0
          Sum: 2, Avg: 1, Min: 0, Max: 2, Diff: 2]
      [Scan RS (ms):  0.0  0.0
       Avg:   0.0, Min:   0.0, Max:   0.0, Diff:   0.0]
      [Object Copy (ms):  0.1  0.0
       Avg:   0.1, Min:   0.0, Max:   0.1, Diff:   0.0]
      [Termination (ms):  0.0  0.0
       Avg:   0.0, Min:   0.0, Max:   0.0, Diff:   0.0]
         [Termination Attempts : 1 1
          Sum: 2, Avg: 1, Min: 1, Max: 1, Diff: 0]
      [GC Worker End (ms):  4764.5  4764.5
       Avg: 4764.5, Min: 4764.5, Max: 4764.5, Diff:   0.0]
      [GC Worker (ms):  0.9  0.8
       Avg:   0.8, Min:   0.8, Max:   0.9, Diff:   0.0]
      [GC Worker Other (ms):  0.1  0.1
       Avg:   0.1, Min:   0.1, Max:   0.1, Diff:   0.0]
   [Complete CSet Marking:   0.0 ms]
   [Clear CT:   0.0 ms]
   [Other:   0.1 ms]
      [Choose CSet:   0.0 ms]
      [Ref Proc:   0.1 ms]
      [Ref Enq:   0.0 ms]
      [Free CSet:   0.0 ms]
   [Eden: 1024K(101M)->0B(101M) Survivors: 1024K->1024K Heap: 429M(512M)->429M(512M)]
 [Times: user=0.00 sys=0.00, real=0.00 secs] 
4.765: [Full GC 429M->335M(512M), 0.0116090 secs]
 [Times: user=0.01 sys=0.00, real=0.01 secs] 
4.789: [GC cleanup, 0.0000010 secs]
 [Times: user=0.00 sys=0.00, real=0.00 secs] 
4.789: [GC concurrent-mark-abort]
4.797: [GC pause (young), 0.00228000 secs]
   [Parallel Time:   2.2 ms]
      [GC Worker Start (ms):  4796.9  4797.0
       Avg: 4796.9, Min: 4796.9, Max: 4797.0, Diff:   0.0]
      [Ext Root Scanning (ms):  1.8  2.1
       Avg:   1.9, Min:   1.8, Max:   2.1, Diff:   0.3]
      [Update RS (ms):  0.0  0.0
       Avg:   0.0, Min:   0.0, Max:   0.0, Diff:   0.0]
         [Processed Buffers : 1 0
          Sum: 1, Avg: 0, Min: 0, Max: 1, Diff: 1]
      [Scan RS (ms):  0.0  0.0
       Avg:   0.0, Min:   0.0, Max:   0.0, Diff:   0.0]
      [Object Copy (ms):  0.1  0.0
       Avg:   0.1, Min:   0.0, Max:   0.1, Diff:   0.0]
      [Termination (ms):  0.2  0.0
       Avg:   0.1, Min:   0.0, Max:   0.2, Diff:   0.2]
         [Termination Attempts : 1 1
          Sum: 2, Avg: 1, Min: 1, Max: 1, Diff: 0]
      [GC Worker End (ms):  4799.1  4799.1
       Avg: 4799.1, Min: 4799.1, Max: 4799.1, Diff:   0.0]
      [GC Worker (ms):  2.1  2.1
       Avg:   2.1, Min:   2.1, Max:   2.1, Diff:   0.0]
      [GC Worker Other (ms):  0.1  0.1
       Avg:   0.1, Min:   0.1, Max:   0.1, Diff:   0.0]
   [Clear CT:   0.0 ms]
   [Other:   0.1 ms]
      [Choose CSet:   0.0 ms]
      [Ref Proc:   0.0 ms]
      [Ref Enq:   0.0 ms]
      [Free CSet:   0.0 ms]
   [Eden: 1024K(101M)->0B(101M) Survivors: 0B->1024K Heap: 372M(512M)->372M(512M)]
 [Times: user=0.00 sys=0.00, real=0.01 secs] 
4.823: [GC pause (young) (initial-mark), 0.00143200 secs]
   [Parallel Time:   1.1 ms]
      [GC Worker Start (ms):  4822.8  4823.0
       Avg: 4822.9, Min: 4822.8, Max: 4823.0, Diff:   0.1]
      [Ext Root Scanning (ms):  0.9  0.7
       Avg:   0.8, Min:   0.7, Max:   0.9, Diff:   0.2]
      [Update RS (ms):  0.0  0.0
       Avg:   0.0, Min:   0.0, Max:   0.0, Diff:   0.0]
         [Processed Buffers : 0 3
          Sum: 3, Avg: 1, Min: 0, Max: 3, Diff: 3]
      [Scan RS (ms):  0.0  0.0
       Avg:   0.0, Min:   0.0, Max:   0.0, Diff:   0.0]
      [Object Copy (ms):  0.2  0.2
       Avg:   0.2, Min:   0.2, Max:   0.2, Diff:   0.0]
      [Termination (ms):  0.0  0.0
       Avg:   0.0, Min:   0.0, Max:   0.0, Diff:   0.0]
         [Termination Attempts : 1 1
          Sum: 2, Avg: 1, Min: 1, Max: 1, Diff: 0]
      [GC Worker End (ms):  4823.9  4823.9
       Avg: 4823.9, Min: 4823.9, Max: 4823.9, Diff:   0.0]
      [GC Worker (ms):  1.1  0.9
       Avg:   1.0, Min:   0.9, Max:   1.1, Diff:   0.1]
      [GC Worker Other (ms):  0.0  0.2
       Avg:   0.1, Min:   0.0, Max:   0.2, Diff:   0.1]
   [Clear CT:   0.1 ms]
   [Other:   0.3 ms]
      [Choose CSet:   0.0 ms]
      [Ref Proc:   0.1 ms]
      [Ref Enq:   0.0 ms]
      [Free CSet:   0.0 ms]
   [Eden: 1024K(101M)->0B(101M) Survivors: 1024K->1024K Heap: 406M(512M)->406M(512M)]
 [Times: user=0.00 sys=0.00, real=0.00 secs] 
4.824: [GC concurrent-root-region-scan-start]
4.824: [GC concurrent-root-region-scan-end, 0.0000520]
4.824: [GC concurrent-mark-start]
4.826: [GC concurrent-mark-end, 0.0015220 sec]
4.835: [GC remark 4.835: [GC ref-proc, 0.0000170 secs], 0.0043660 secs]
 [Times: user=0.01 sys=0.00, real=0.01 secs] 
4.839: [GC cleanup 425M->409M(512M), 0.0003160 secs]
 [Times: user=0.00 sys=0.00, real=0.00 secs] 
4.840: [GC concurrent-cleanup-start]
4.840: [GC concurrent-cleanup-end, 0.0000450]
4.866: [GC pause (young) (initial-mark), 0.00122100 secs]
   [Parallel Time:   1.1 ms]
      [GC Worker Start (ms):  4865.9  4865.9
       Avg: 4865.9, Min: 4865.9, Max: 4865.9, Diff:   0.0]
      [Ext Root Scanning (ms):  0.8  0.8
       Avg:   0.8, Min:   0.8, Max:   0.8, Diff:   0.1]
      [Update RS (ms):  0.0  0.0
       Avg:   0.0, Min:   0.0, Max:   0.0, Diff:   0.0]
         [Processed Buffers : 6 0
          Sum: 6, Avg: 3, Min: 0, Max: 6, Diff: 6]
      [Scan RS (ms):  0.0  0.0
       Avg:   0.0, Min:   0.0, Max:   0.0, Diff:   0.0]
      [Object Copy (ms):  0.2  0.2
       Avg:   0.2, Min:   0.2, Max:   0.2, Diff:   0.0]
      [Termination (ms):  0.0  0.0
       Avg:   0.0, Min:   0.0, Max:   0.0, Diff:   0.0]
         [Termination Attempts : 1 1
          Sum: 2, Avg: 1, Min: 1, Max: 1, Diff: 0]
      [GC Worker End (ms):  4866.9  4866.9
       Avg: 4866.9, Min: 4866.9, Max: 4866.9, Diff:   0.0]
      [GC Worker (ms):  1.0  1.0
       Avg:   1.0, Min:   1.0, Max:   1.0, Diff:   0.0]
      [GC Worker Other (ms):  0.1  0.1
       Avg:   0.1, Min:   0.1, Max:   0.1, Diff:   0.0]
   [Clear CT:   0.0 ms]
   [Other:   0.1 ms]
      [Choose CSet:   0.0 ms]
      [Ref Proc:   0.0 ms]
      [Ref Enq:   0.0 ms]
      [Free CSet:   0.0 ms]
   [Eden: 1024K(101M)->0B(101M) Survivors: 1024K->1024K Heap: 448M(512M)->448M(512M)]
 [Times: user=0.01 sys=0.00, real=0.00 secs] 
4.867: [GC concurrent-root-region-scan-start]
4.867: [GC concurrent-root-region-scan-end, 0.0000680]
4.867: [GC concurrent-mark-start]
4.867: [GC pause (young), 0.00055100 secs]
   [Parallel Time:   0.5 ms]
      [GC Worker Start (ms):  4867.5  4867.5
       Avg: 4867.5, Min: 4867.5, Max: 4867.5, Diff:   0.0]
      [Ext Root Scanning (ms):  0.4  0.4
       Avg:   0.4, Min:   0.4, Max:   0.4, Diff:   0.0]
      [SATB Filtering (ms):  0.0  0.0
       Avg:   0.0, Min:   0.0, Max:   0.0, Diff:   0.0]
      [Update RS (ms):  0.0  0.0
       Avg:   0.0, Min:   0.0, Max:   0.0, Diff:   0.0]
         [Processed Buffers : 2 0
          Sum: 2, Avg: 1, Min: 0, Max: 2, Diff: 2]
      [Scan RS (ms):  0.0  0.0
       Avg:   0.0, Min:   0.0, Max:   0.0, Diff:   0.0]
      [Object Copy (ms):  0.0  0.0
       Avg:   0.0, Min:   0.0, Max:   0.0, Diff:   0.0]
      [Termination (ms):  0.0  0.0
       Avg:   0.0, Min:   0.0, Max:   0.0, Diff:   0.0]
         [Termination Attempts : 1 1
          Sum: 2, Avg: 1, Min: 1, Max: 1, Diff: 0]
      [GC Worker End (ms):  4867.9  4867.9
       Avg: 4867.9, Min: 4867.9, Max: 4867.9, Diff:   0.0]
      [GC Worker (ms):  0.5  0.4
       Avg:   0.5, Min:   0.4, Max:   0.5, Diff:   0.0]
      [GC Worker Other (ms):  0.0  0.1
       Avg:   0.0, Min:   0.0, Max:   0.1, Diff:   0.0]
   [Complete CSet Marking:   0.0 ms]
   [Clear CT:   0.0 ms]
   [Other:   0.0 ms]
      [Choose CSet:   0.0 ms]
      [Ref Proc:   0.0 ms]
      [Ref Enq:   0.0 ms]
      [Free CSet:   0.0 ms]
   [Eden: 0B(101M)->0B(101M) Survivors: 1024K->1024K Heap: 448M(512M)->448M(512M)]
 [Times: user=0.00 sys=0.00, real=0.00 secs] 
4.868: [Full GC 448M->411M(512M), 0.0119480 secs]
 [Times: user=0.01 sys=0.00, real=0.02 secs] 
4.880: [GC concurrent-mark-abort]
4.896: [GC pause (young), 0.00169300 secs]
   [Parallel Time:   1.6 ms]
      [GC Worker Start (ms):  4896.0  4896.0
       Avg: 4896.0, Min: 4896.0, Max: 4896.0, Diff:   0.0]
      [Ext Root Scanning (ms):  1.4  1.4
       Avg:   1.4, Min:   1.4, Max:   1.4, Diff:   0.0]
      [Update RS (ms):  0.0  0.0
       Avg:   0.0, Min:   0.0, Max:   0.0, Diff:   0.0]
         [Processed Buffers : 0 1
          Sum: 1, Avg: 0, Min: 0, Max: 1, Diff: 1]
      [Scan RS (ms):  0.0  0.0
       Avg:   0.0, Min:   0.0, Max:   0.0, Diff:   0.0]
      [Object Copy (ms):  0.1  0.0
       Avg:   0.1, Min:   0.0, Max:   0.1, Diff:   0.0]
      [Termination (ms):  0.0  0.0
       Avg:   0.0, Min:   0.0, Max:   0.0, Diff:   0.0]
         [Termination Attempts : 1 1
          Sum: 2, Avg: 1, Min: 1, Max: 1, Diff: 0]
      [GC Worker End (ms):  4897.5  4897.5
       Avg: 4897.5, Min: 4897.5, Max: 4897.5, Diff:   0.0]
      [GC Worker (ms):  1.5  1.5
       Avg:   1.5, Min:   1.5, Max:   1.5, Diff:   0.0]
      [GC Worker Other (ms):  0.1  0.1
       Avg:   0.1, Min:   0.1, Max:   0.1, Diff:   0.0]
   [Clear CT:   0.0 ms]
   [Other:   0.1 ms]
      [Choose CSet:   0.0 ms]
      [Ref Proc:   0.0 ms]
      [Ref Enq:   0.0 ms]
      [Free CSet:   0.0 ms]
   [Eden: 1024K(101M)->0B(101M) Survivors: 0B->1024K Heap: 431M(512M)->431M(512M)]
 [Times: user=0.00 sys=0.00, real=0.00 secs] 
4.898: [Full GC 431M->406M(512M), 0.0117640 secs]
 [Times: user=0.01 sys=0.00, real=0.02 secs] 
4.932: [GC pause (young), 0.00256800 secs]
   [Parallel Time:   2.4 ms]
      [GC Worker Start (ms):  4932.2  4933.5
       Avg: 4932.9, Min: 4932.2, Max: 4933.5, Diff:   1.3]
      [Ext Root Scanning (ms):  2.3  0.8
       Avg:   1.5, Min:   0.8, Max:   2.3, Diff:   1.5]
      [Update RS (ms):  0.0  0.0
       Avg:   0.0, Min:   0.0, Max:   0.0, Diff:   0.0]
         [Processed Buffers : 0 1
          Sum: 1, Avg: 0, Min: 0, Max: 1, Diff: 1]
      [Scan RS (ms):  0.0  0.0
       Avg:   0.0, Min:   0.0, Max:   0.0, Diff:   0.0]
      [Object Copy (ms):  0.1  0.0
       Avg:   0.1, Min:   0.0, Max:   0.1, Diff:   0.1]
      [Termination (ms):  0.0  0.2
       Avg:   0.1, Min:   0.0, Max:   0.2, Diff:   0.2]
         [Termination Attempts : 1 1
          Sum: 2, Avg: 1, Min: 1, Max: 1, Diff: 0]
      [GC Worker End (ms):  4934.6  4934.6
       Avg: 4934.6, Min: 4934.6, Max: 4934.6, Diff:   0.0]
      [GC Worker (ms):  2.4  1.1
       Avg:   1.7, Min:   1.1, Max:   2.4, Diff:   1.3]
      [GC Worker Other (ms):  0.0  1.4
       Avg:   0.7, Min:   0.0, Max:   1.4, Diff:   1.3]
   [Clear CT:   0.0 ms]
   [Other:   0.1 ms]
      [Choose CSet:   0.0 ms]
      [Ref Proc:   0.1 ms]
      [Ref Enq:   0.0 ms]
      [Free CSet:   0.0 ms]
   [Eden: 1024K(101M)->0B(101M) Survivors: 0B->1024K Heap: 443M(512M)->443M(512M)]
 [Times: user=0.01 sys=0.00, real=0.00 secs] 
4.935: [Full GC 443M->345M(512M), 0.0118490 secs]
 [Times: user=0.01 sys=0.00, real=0.01 secs] 
4.957: [GC pause (young) (initial-mark), 0.00231800 secs]
   [Parallel Time:   2.1 ms]
      [GC Worker Start (ms):  4957.5  4957.5
       Avg: 4957.5, Min: 4957.5, Max: 4957.5, Diff:   0.0]
      [Ext Root Scanning (ms):  1.5  1.8
       Avg:   1.7, Min:   1.5, Max:   1.8, Diff:   0.3]
      [Update RS (ms):  0.0  0.0
       Avg:   0.0, Min:   0.0, Max:   0.0, Diff:   0.0]
         [Processed Buffers : 0 0
          Sum: 0, Avg: 0, Min: 0, Max: 0, Diff: 0]
      [Scan RS (ms):  0.0  0.0
       Avg:   0.0, Min:   0.0, Max:   0.0, Diff:   0.0]
      [Object Copy (ms):  0.2  0.1
       Avg:   0.2, Min:   0.1, Max:   0.2, Diff:   0.1]
      [Termination (ms):  0.3  0.0
       Avg:   0.1, Min:   0.0, Max:   0.3, Diff:   0.3]
         [Termination Attempts : 1 1
          Sum: 2, Avg: 1, Min: 1, Max: 1, Diff: 0]
      [GC Worker End (ms):  4959.6  4959.5
       Avg: 4959.5, Min: 4959.5, Max: 4959.6, Diff:   0.1]
      [GC Worker (ms):  2.0  1.9
       Avg:   2.0, Min:   1.9, Max:   2.0, Diff:   0.1]
      [GC Worker Other (ms):  0.0  0.1
       Avg:   0.1, Min:   0.0, Max:   0.1, Diff:   0.1]
   [Clear CT:   0.0 ms]
   [Other:   0.2 ms]
      [Choose CSet:   0.0 ms]
      [Ref Proc:   0.1 ms]
      [Ref Enq:   0.0 ms]
      [Free CSet:   0.0 ms]
   [Eden: 1024K(101M)->0B(101M) Survivors: 0B->1024K Heap: 364M(512M)->364M(512M)]
 [Times: user=0.00 sys=0.00, real=0.01 secs] 
4.960: [GC concurrent-root-region-scan-start]
4.960: [GC concurrent-root-region-scan-end, 0.0000240]
4.960: [GC concurrent-mark-start]
4.961: [GC concurrent-mark-end, 0.0013360 sec]
4.970: [GC remark 4.970: [GC ref-proc, 0.0000150 secs], 0.0036990 secs]
 [Times: user=0.01 sys=0.00, real=0.00 secs] 
5.004: [GC cleanup 442M->442M(512M), 0.0006690 secs]
 [Times: user=0.00 sys=0.00, real=0.00 secs] 
5.005: [GC pause (young), 0.00090100 secs]
   [Parallel Time:   0.8 ms]
      [GC Worker Start (ms):  5005.2  5005.2
       Avg: 5005.2, Min: 5005.2, Max: 5005.2, Diff:   0.0]
      [Ext Root Scanning (ms):  0.7  0.7
       Avg:   0.7, Min:   0.7, Max:   0.7, Diff:   0.0]
      [Update RS (ms):  0.0  0.0
       Avg:   0.0, Min:   0.0, Max:   0.0, Diff:   0.0]
         [Processed Buffers : 6 0
          Sum: 6, Avg: 3, Min: 0, Max: 6, Diff: 6]
      [Scan RS (ms):  0.0  0.0
       Avg:   0.0, Min:   0.0, Max:   0.0, Diff:   0.0]
      [Object Copy (ms):  0.1  0.0
       Avg:   0.0, Min:   0.0, Max:   0.1, Diff:   0.0]
      [Termination (ms):  0.0  0.0
       Avg:   0.0, Min:   0.0, Max:   0.0, Diff:   0.0]
         [Termination Attempts : 1 1
          Sum: 2, Avg: 1, Min: 1, Max: 1, Diff: 0]
      [GC Worker End (ms):  5005.9  5005.9
       Avg: 5005.9, Min: 5005.9, Max: 5005.9, Diff:   0.0]
      [GC Worker (ms):  0.8  0.7
       Avg:   0.8, Min:   0.7, Max:   0.8, Diff:   0.0]
      [GC Worker Other (ms):  0.1  0.1
       Avg:   0.1, Min:   0.1, Max:   0.1, Diff:   0.0]
   [Clear CT:   0.0 ms]
   [Other:   0.1 ms]
      [Choose CSet:   0.0 ms]
      [Ref Proc:   0.0 ms]
      [Ref Enq:   0.0 ms]
      [Free CSet:   0.0 ms]
   [Eden: 1024K(101M)->0B(101M) Survivors: 1024K->1024K Heap: 442M(512M)->442M(512M)]
 [Times: user=0.00 sys=0.00, real=0.00 secs] 
5.007: [Full GC 442M->276M(512M), 0.0131510 secs]
 [Times: user=0.02 sys=0.00, real=0.02 secs] 
5.044: [GC pause (young) (initial-mark), 0.00261600 secs]
   [Parallel Time:   2.4 ms]
      [GC Worker Start (ms):  5044.0  5045.8
       Avg: 5044.9, Min: 5044.0, Max: 5045.8, Diff:   1.9]
      [Ext Root Scanning (ms):  1.8  0.5
       Avg:   1.1, Min:   0.5, Max:   1.8, Diff:   1.4]
      [Update RS (ms):  0.0  0.0
       Avg:   0.0, Min:   0.0, Max:   0.0, Diff:   0.0]
         [Processed Buffers : 1 0
          Sum: 1, Avg: 0, Min: 0, Max: 1, Diff: 1]
      [Scan RS (ms):  0.0  0.0
       Avg:   0.0, Min:   0.0, Max:   0.0, Diff:   0.0]
      [Object Copy (ms):  0.3  0.0
       Avg:   0.2, Min:   0.0, Max:   0.3, Diff:   0.3]
      [Termination (ms):  0.2  0.0
       Avg:   0.1, Min:   0.0, Max:   0.2, Diff:   0.2]
         [Termination Attempts : 1 1
          Sum: 2, Avg: 1, Min: 1, Max: 1, Diff: 0]
      [GC Worker End (ms):  5046.3  5046.3
       Avg: 5046.3, Min: 5046.3, Max: 5046.3, Diff:   0.0]
      [GC Worker (ms):  2.4  0.5
       Avg:   1.4, Min:   0.5, Max:   2.4, Diff:   1.9]
      [GC Worker Other (ms):  0.0  1.9
       Avg:   1.0, Min:   0.0, Max:   1.9, Diff:   1.9]
   [Clear CT:   0.0 ms]
   [Other:   0.2 ms]
      [Choose CSet:   0.0 ms]
      [Ref Proc:   0.0 ms]
      [Ref Enq:   0.0 ms]
      [Free CSet:   0.0 ms]
   [Eden: 1024K(101M)->0B(135M) Survivors: 0B->1024K Heap: 311M(512M)->311M(512M)]
 [Times: user=0.00 sys=0.00, real=0.00 secs] 
5.047: [GC concurrent-root-region-scan-start]
5.047: [GC concurrent-root-region-scan-end, 0.0000560]
5.047: [GC concurrent-mark-start]
5.051: [GC concurrent-mark-end, 0.0047430 sec]
5.080: [GC remark 5.080: [GC ref-proc, 0.0000170 secs], 0.0045470 secs]
 [Times: user=0.00 sys=0.00, real=0.00 secs] 
5.085: [GC cleanup 375M->375M(512M), 0.0003520 secs]
 [Times: user=0.00 sys=0.00, real=0.00 secs] 
5.106: [GC pause (young) (initial-mark), 0.00128300 secs]
   [Parallel Time:   1.1 ms]
      [GC Worker Start (ms):  5106.1  5106.1
       Avg: 5106.1, Min: 5106.1, Max: 5106.1, Diff:   0.0]
      [Ext Root Scanning (ms):  0.8  0.9
       Avg:   0.9, Min:   0.8, Max:   0.9, Diff:   0.1]
      [Update RS (ms):  0.0  0.0
       Avg:   0.0, Min:   0.0, Max:   0.0, Diff:   0.0]
         [Processed Buffers : 1 1
          Sum: 2, Avg: 1, Min: 1, Max: 1, Diff: 0]
      [Scan RS (ms):  0.0  0.0
       Avg:   0.0, Min:   0.0, Max:   0.0, Diff:   0.0]
      [Object Copy (ms):  0.2  0.1
       Avg:   0.2, Min:   0.1, Max:   0.2, Diff:   0.1]
      [Termination (ms):  0.0  0.0
       Avg:   0.0, Min:   0.0, Max:   0.0, Diff:   0.0]
         [Termination Attempts : 1 1
          Sum: 2, Avg: 1, Min: 1, Max: 1, Diff: 0]
      [GC Worker End (ms):  5107.2  5107.2
       Avg: 5107.2, Min: 5107.2, Max: 5107.2, Diff:   0.0]
      [GC Worker (ms):  1.1  1.1
       Avg:   1.1, Min:   1.1, Max:   1.1, Diff:   0.0]
      [GC Worker Other (ms):  0.1  0.1
       Avg:   0.1, Min:   0.1, Max:   0.1, Diff:   0.0]
   [Clear CT:   0.0 ms]
   [Other:   0.1 ms]
      [Choose CSet:   0.0 ms]
      [Ref Proc:   0.0 ms]
      [Ref Enq:   0.0 ms]
      [Free CSet:   0.0 ms]
   [Eden: 1024K(135M)->0B(101M) Survivors: 1024K->1024K Heap: 402M(512M)->402M(512M)]
 [Times: user=0.00 sys=0.00, real=0.00 secs] 
5.107: [GC concurrent-root-region-scan-start]
5.107: [GC concurrent-root-region-scan-end, 0.0000260]
5.107: [GC concurrent-mark-start]
5.112: [GC concurrent-mark-end, 0.0040850 sec]
5.114: [GC remark 5.114: [GC ref-proc, 0.0000160 secs], 0.0047180 secs]
 [Times: user=0.01 sys=0.00, real=0.01 secs] 
5.119: [GC cleanup 415M->415M(512M), 0.0004050 secs]
 [Times: user=0.00 sys=0.00, real=0.00 secs] 
5.125: [GC pause (young), 0.00106000 secs]
   [Parallel Time:   0.9 ms]
      [GC Worker Start (ms):  5125.4  5125.5
       Avg: 5125.5, Min: 5125.4, Max: 5125.5, Diff:   0.0]
      [Ext Root Scanning (ms):  0.8  0.8
       Avg:   0.8, Min:   0.8, Max:   0.8, Diff:   0.0]
      [Update RS (ms):  0.0  0.0
       Avg:   0.0, Min:   0.0, Max:   0.0, Diff:   0.0]
         [Processed Buffers : 3 5
          Sum: 8, Avg: 4, Min: 3, Max: 5, Diff: 2]
      [Scan RS (ms):  0.0  0.0
       Avg:   0.0, Min:   0.0, Max:   0.0, Diff:   0.0]
      [Object Copy (ms):  0.1  0.0
       Avg:   0.0, Min:   0.0, Max:   0.1, Diff:   0.0]
      [Termination (ms):  0.0  0.0
       Avg:   0.0, Min:   0.0, Max:   0.0, Diff:   0.0]
         [Termination Attempts : 1 1
          Sum: 2, Avg: 1, Min: 1, Max: 1, Diff: 0]
      [GC Worker End (ms):  5126.3  5126.3
       Avg: 5126.3, Min: 5126.3, Max: 5126.3, Diff:   0.0]
      [GC Worker (ms):  0.9  0.9
       Avg:   0.9, Min:   0.9, Max:   0.9, Diff:   0.0]
      [GC Worker Other (ms):  0.0  0.1
       Avg:   0.1, Min:   0.0, Max:   0.1, Diff:   0.0]
   [Clear CT:   0.0 ms]
   [Other:   0.1 ms]
      [Choose CSet:   0.0 ms]
      [Ref Proc:   0.0 ms]
      [Ref Enq:   0.0 ms]
      [Free CSet:   0.0 ms]
   [Eden: 1024K(101M)->0B(101M) Survivors: 1024K->1024K Heap: 426M(512M)->425M(512M)]
 [Times: user=0.00 sys=0.00, real=0.00 secs] 
5.127: [Full GC 425M->161M(512M), 0.0128880 secs]
 [Times: user=0.01 sys=0.00, real=0.02 secs] 
5.180: [GC pause (young) (initial-mark), 0.00189000 secs]
   [Parallel Time:   1.7 ms]
      [GC Worker Start (ms):  5180.5  5180.5
       Avg: 5180.5, Min: 5180.5, Max: 5180.5, Diff:   0.0]
      [Ext Root Scanning (ms):  1.3  1.4
       Avg:   1.3, Min:   1.3, Max:   1.4, Diff:   0.1]
      [Update RS (ms):  0.0  0.0
       Avg:   0.0, Min:   0.0, Max:   0.0, Diff:   0.0]
         [Processed Buffers : 3 0
          Sum: 3, Avg: 1, Min: 0, Max: 3, Diff: 3]
      [Scan RS (ms):  0.0  0.0
       Avg:   0.0, Min:   0.0, Max:   0.0, Diff:   0.0]
      [Object Copy (ms):  0.2  0.2
       Avg:   0.2, Min:   0.2, Max:   0.2, Diff:   0.0]
      [Termination (ms):  0.0  0.0
       Avg:   0.0, Min:   0.0, Max:   0.0, Diff:   0.0]
         [Termination Attempts : 1 1
          Sum: 2, Avg: 1, Min: 1, Max: 1, Diff: 0]
      [GC Worker End (ms):  5182.1  5182.1
       Avg: 5182.1, Min: 5182.1, Max: 5182.1, Diff:   0.0]
      [GC Worker (ms):  1.6  1.6
       Avg:   1.6, Min:   1.6, Max:   1.6, Diff:   0.0]
      [GC Worker Other (ms):  0.1  0.1
       Avg:   0.1, Min:   0.1, Max:   0.1, Diff:   0.0]
   [Clear CT:   0.0 ms]
   [Other:   0.2 ms]
      [Choose CSet:   0.0 ms]
      [Ref Proc:   0.1 ms]
      [Ref Enq:   0.0 ms]
      [Free CSet:   0.0 ms]
   [Eden: 1024K(101M)->0B(220M) Survivors: 0B->1024K Heap: 228M(512M)->228M(512M)]
 [Times: user=0.01 sys=0.00, real=0.00 secs] 
5.182: [GC concurrent-root-region-scan-start]
5.197: [GC concurrent-root-region-scan-end, 0.0150580]
5.197: [GC concurrent-mark-start]
5.226: [GC concurrent-mark-end, 0.0289780 sec]
5.274: [GC remark 5.274: [GC ref-proc, 0.0000150 secs], 0.0028670 secs]
 [Times: user=0.01 sys=0.00, real=0.00 secs] 
5.289: [GC cleanup 415M->403M(512M), 0.0005050 secs]
 [Times: user=0.00 sys=0.00, real=0.00 secs] 
5.290: [GC concurrent-cleanup-start]
5.290: [GC concurrent-cleanup-end, 0.0000470]
5.327: [GC pause (young) (initial-mark), 0.00128000 secs]
   [Parallel Time:   1.0 ms]
      [GC Worker Start (ms):  5326.9  5326.9
       Avg: 5326.9, Min: 5326.9, Max: 5326.9, Diff:   0.0]
      [Ext Root Scanning (ms):  0.8  0.8
       Avg:   0.8, Min:   0.8, Max:   0.8, Diff:   0.0]
      [Update RS (ms):  0.0  0.0
       Avg:   0.0, Min:   0.0, Max:   0.0, Diff:   0.0]
         [Processed Buffers : 3 3
          Sum: 6, Avg: 3, Min: 3, Max: 3, Diff: 0]
      [Scan RS (ms):  0.0  0.0
       Avg:   0.0, Min:   0.0, Max:   0.0, Diff:   0.0]
      [Object Copy (ms):  0.2  0.2
       Avg:   0.2, Min:   0.2, Max:   0.2, Diff:   0.0]
      [Termination (ms):  0.0  0.0
       Avg:   0.0, Min:   0.0, Max:   0.0, Diff:   0.0]
         [Termination Attempts : 1 1
          Sum: 2, Avg: 1, Min: 1, Max: 1, Diff: 0]
      [GC Worker End (ms):  5327.9  5327.9
       Avg: 5327.9, Min: 5327.9, Max: 5327.9, Diff:   0.0]
      [GC Worker (ms):  1.0  0.9
       Avg:   1.0, Min:   0.9, Max:   1.0, Diff:   0.0]
      [GC Worker Other (ms):  0.1  0.1
       Avg:   0.1, Min:   0.1, Max:   0.1, Diff:   0.0]
   [Clear CT:   0.0 ms]
   [Other:   0.2 ms]
      [Choose CSet:   0.0 ms]
      [Ref Proc:   0.1 ms]
      [Ref Enq:   0.0 ms]
      [Free CSet:   0.0 ms]
   [Eden: 1024K(220M)->0B(101M) Survivors: 1024K->1024K Heap: 459M(512M)->459M(512M)]
 [Times: user=0.00 sys=0.00, real=0.00 secs] 
5.328: [GC concurrent-root-region-scan-start]
5.328: [GC concurrent-root-region-scan-end, 0.0000960]
5.328: [GC concurrent-mark-start]
5.329: [GC pause (young), 0.00057500 secs]
   [Parallel Time:   0.5 ms]
      [GC Worker Start (ms):  5328.5  5328.5
       Avg: 5328.5, Min: 5328.5, Max: 5328.5, Diff:   0.0]
      [Ext Root Scanning (ms):  0.4  0.4
       Avg:   0.4, Min:   0.4, Max:   0.4, Diff:   0.0]
      [SATB Filtering (ms):  0.0  0.0
       Avg:   0.0, Min:   0.0, Max:   0.0, Diff:   0.0]
      [Update RS (ms):  0.0  0.0
       Avg:   0.0, Min:   0.0, Max:   0.0, Diff:   0.0]
         [Processed Buffers : 4 0
          Sum: 4, Avg: 2, Min: 0, Max: 4, Diff: 4]
      [Scan RS (ms):  0.0  0.0
       Avg:   0.0, Min:   0.0, Max:   0.0, Diff:   0.0]
      [Object Copy (ms):  0.0  0.0
       Avg:   0.0, Min:   0.0, Max:   0.0, Diff:   0.0]
      [Termination (ms):  0.0  0.0
       Avg:   0.0, Min:   0.0, Max:   0.0, Diff:   0.0]
         [Termination Attempts : 1 1
          Sum: 2, Avg: 1, Min: 1, Max: 1, Diff: 0]
      [GC Worker End (ms):  5329.0  5329.0
       Avg: 5329.0, Min: 5329.0, Max: 5329.0, Diff:   0.0]
      [GC Worker (ms):  0.5  0.5
       Avg:   0.5, Min:   0.5, Max:   0.5, Diff:   0.0]
      [GC Worker Other (ms):  0.0  0.0
       Avg:   0.0, Min:   0.0, Max:   0.0, Diff:   0.0]
   [Complete CSet Marking:   0.0 ms]
   [Clear CT:   0.0 ms]
   [Other:   0.1 ms]
      [Choose CSet:   0.0 ms]
      [Ref Proc:   0.0 ms]
      [Ref Enq:   0.0 ms]
      [Free CSet:   0.0 ms]
   [Eden: 0B(101M)->0B(101M) Survivors: 1024K->1024K Heap: 459M(512M)->459M(512M)]
 [Times: user=0.00 sys=0.00, real=0.01 secs] 
5.329: [Full GC 459M->257M(512M), 0.0120440 secs]
 [Times: user=0.01 sys=0.00, real=0.01 secs] 
5.342: [GC concurrent-mark-abort]
5.395: [GC pause (young) (initial-mark), 0.00205200 secs]
   [Parallel Time:   1.7 ms]
      [GC Worker Start (ms):  5395.1  5395.1
       Avg: 5395.1, Min: 5395.1, Max: 5395.1, Diff:   0.0]
      [Ext Root Scanning (ms):  1.4  1.5
       Avg:   1.4, Min:   1.4, Max:   1.5, Diff:   0.1]
      [Update RS (ms):  0.0  0.0
       Avg:   0.0, Min:   0.0, Max:   0.0, Diff:   0.0]
         [Processed Buffers : 1 0
          Sum: 1, Avg: 0, Min: 0, Max: 1, Diff: 1]
      [Scan RS (ms):  0.0  0.0
       Avg:   0.0, Min:   0.0, Max:   0.0, Diff:   0.0]
      [Object Copy (ms):  0.2  0.2
       Avg:   0.2, Min:   0.2, Max:   0.2, Diff:   0.1]
      [Termination (ms):  0.0  0.0
       Avg:   0.0, Min:   0.0, Max:   0.0, Diff:   0.0]
         [Termination Attempts : 1 1
          Sum: 2, Avg: 1, Min: 1, Max: 1, Diff: 0]
      [GC Worker End (ms):  5396.8  5396.8
       Avg: 5396.8, Min: 5396.8, Max: 5396.8, Diff:   0.0]
      [GC Worker (ms):  1.7  1.7
       Avg:   1.7, Min:   1.7, Max:   1.7, Diff:   0.0]
      [GC Worker Other (ms):  0.1  0.1
       Avg:   0.1, Min:   0.1, Max:   0.1, Diff:   0.0]
   [Clear CT:   0.0 ms]
   [Other:   0.3 ms]
      [Choose CSet:   0.0 ms]
      [Ref Proc:   0.1 ms]
      [Ref Enq:   0.0 ms]
      [Free CSet:   0.0 ms]
   [Eden: 1024K(101M)->0B(101M) Survivors: 0B->1024K Heap: 346M(512M)->346M(512M)]
 [Times: user=0.00 sys=0.00, real=0.00 secs] 
5.397: [GC concurrent-root-region-scan-start]
5.398: [GC concurrent-root-region-scan-end, 0.0001950]
5.398: [GC concurrent-mark-start]
5.403: [GC concurrent-mark-end, 0.0053100 sec]
5.408: [GC remark 5.408: [GC ref-proc, 0.0000140 secs], 0.0035860 secs]
 [Times: user=0.01 sys=0.00, real=0.01 secs] 
5.412: [GC cleanup 366M->366M(512M), 0.0003940 secs]
 [Times: user=0.00 sys=0.00, real=0.00 secs] 
5.432: [GC pause (young) (initial-mark), 0.00122700 secs]
   [Parallel Time:   1.0 ms]
      [GC Worker Start (ms):  5432.1  5432.2
       Avg: 5432.1, Min: 5432.1, Max: 5432.2, Diff:   0.0]
      [Ext Root Scanning (ms):  0.8  0.8
       Avg:   0.8, Min:   0.8, Max:   0.8, Diff:   0.0]
      [Update RS (ms):  0.0  0.0
       Avg:   0.0, Min:   0.0, Max:   0.0, Diff:   0.0]
         [Processed Buffers : 6 0
          Sum: 6, Avg: 3, Min: 0, Max: 6, Diff: 6]
      [Scan RS (ms):  0.0  0.0
       Avg:   0.0, Min:   0.0, Max:   0.0, Diff:   0.0]
      [Object Copy (ms):  0.1  0.2
       Avg:   0.2, Min:   0.1, Max:   0.2, Diff:   0.0]
      [Termination (ms):  0.0  0.0
       Avg:   0.0, Min:   0.0, Max:   0.0, Diff:   0.0]
         [Termination Attempts : 1 1
          Sum: 2, Avg: 1, Min: 1, Max: 1, Diff: 0]
      [GC Worker End (ms):  5433.1  5433.1
       Avg: 5433.1, Min: 5433.1, Max: 5433.1, Diff:   0.0]
      [GC Worker (ms):  1.0  1.0
       Avg:   1.0, Min:   1.0, Max:   1.0, Diff:   0.0]
      [GC Worker Other (ms):  0.1  0.1
       Avg:   0.1, Min:   0.1, Max:   0.1, Diff:   0.0]
   [Clear CT:   0.0 ms]
   [Other:   0.2 ms]
      [Choose CSet:   0.0 ms]
      [Ref Proc:   0.0 ms]
      [Ref Enq:   0.0 ms]
      [Free CSet:   0.0 ms]
   [Eden: 1024K(101M)->0B(101M) Survivors: 1024K->1024K Heap: 392M(512M)->392M(512M)]
 [Times: user=0.00 sys=0.00, real=0.00 secs] 
5.433: [GC concurrent-root-region-scan-start]
5.433: [GC concurrent-root-region-scan-end, 0.0000620]
5.433: [GC concurrent-mark-start]
5.445: [GC concurrent-mark-end, 0.0116610 sec]
5.456: [GC pause (young), 0.00090900 secs]
   [Parallel Time:   0.8 ms]
      [GC Worker Start (ms):  5455.9  5455.9
       Avg: 5455.9, Min: 5455.9, Max: 5455.9, Diff:   0.0]
      [Ext Root Scanning (ms):  0.7  0.7
       Avg:   0.7, Min:   0.7, Max:   0.7, Diff:   0.0]
      [SATB Filtering (ms):  0.0  0.0
       Avg:   0.0, Min:   0.0, Max:   0.0, Diff:   0.0]
      [Update RS (ms):  0.0  0.0
       Avg:   0.0, Min:   0.0, Max:   0.0, Diff:   0.0]
         [Processed Buffers : 3 0
          Sum: 3, Avg: 1, Min: 0, Max: 3, Diff: 3]
      [Scan RS (ms):  0.0  0.0
       Avg:   0.0, Min:   0.0, Max:   0.0, Diff:   0.0]
      [Object Copy (ms):  0.1  0.0
       Avg:   0.0, Min:   0.0, Max:   0.1, Diff:   0.0]
      [Termination (ms):  0.0  0.0
       Avg:   0.0, Min:   0.0, Max:   0.0, Diff:   0.0]
         [Termination Attempts : 1 1
          Sum: 2, Avg: 1, Min: 1, Max: 1, Diff: 0]
      [GC Worker End (ms):  5456.7  5456.7
       Avg: 5456.7, Min: 5456.7, Max: 5456.7, Diff:   0.0]
      [GC Worker (ms):  0.8  0.8
       Avg:   0.8, Min:   0.8, Max:   0.8, Diff:   0.0]
      [GC Worker Other (ms):  0.0  0.1
       Avg:   0.1, Min:   0.0, Max:   0.1, Diff:   0.0]
   [Complete CSet Marking:   0.0 ms]
   [Clear CT:   0.0 ms]
   [Other:   0.1 ms]
      [Choose CSet:   0.0 ms]
      [Ref Proc:   0.0 ms]
      [Ref Enq:   0.0 ms]
      [Free CSet:   0.0 ms]
   [Eden: 1024K(101M)->0B(101M) Survivors: 1024K->1024K Heap: 431M(512M)->431M(512M)]
 [Times: user=0.00 sys=0.00, real=0.00 secs] 
5.457: [Full GC 431M->241M(512M), 0.0130090 secs]
 [Times: user=0.02 sys=0.00, real=0.02 secs] 
5.483: [GC remark, 0.0000020 secs]
 [Times: user=0.00 sys=0.00, real=0.00 secs] 
5.484: [GC concurrent-mark-abort]
5.509: [GC pause (young) (initial-mark), 0.00197300 secs]
   [Parallel Time:   1.8 ms]
      [GC Worker Start (ms):  5509.5  5509.5
       Avg: 5509.5, Min: 5509.5, Max: 5509.5, Diff:   0.0]
      [Ext Root Scanning (ms):  1.4  1.6
       Avg:   1.5, Min:   1.4, Max:   1.6, Diff:   0.2]
      [Update RS (ms):  0.0  0.0
       Avg:   0.0, Min:   0.0, Max:   0.0, Diff:   0.0]
         [Processed Buffers : 3 0
          Sum: 3, Avg: 1, Min: 0, Max: 3, Diff: 3]
      [Scan RS (ms):  0.0  0.0
       Avg:   0.0, Min:   0.0, Max:   0.0, Diff:   0.0]
      [Object Copy (ms):  0.3  0.1
       Avg:   0.2, Min:   0.1, Max:   0.3, Diff:   0.2]
      [Termination (ms):  0.1  0.0
       Avg:   0.0, Min:   0.0, Max:   0.1, Diff:   0.1]
         [Termination Attempts : 1 1
          Sum: 2, Avg: 1, Min: 1, Max: 1, Diff: 0]
      [GC Worker End (ms):  5511.2  5511.2
       Avg: 5511.2, Min: 5511.2, Max: 5511.2, Diff:   0.0]
      [GC Worker (ms):  1.7  1.7
       Avg:   1.7, Min:   1.7, Max:   1.7, Diff:   0.0]
      [GC Worker Other (ms):  0.1  0.1
       Avg:   0.1, Min:   0.1, Max:   0.1, Diff:   0.1]
   [Clear CT:   0.0 ms]
   [Other:   0.2 ms]
      [Choose CSet:   0.0 ms]
      [Ref Proc:   0.0 ms]
      [Ref Enq:   0.0 ms]
      [Free CSet:   0.0 ms]
   [Eden: 1024K(101M)->0B(144M) Survivors: 0B->1024K Heap: 303M(512M)->303M(512M)]
 [Times: user=0.00 sys=0.00, real=0.00 secs] 
5.511: [GC concurrent-root-region-scan-start]
5.511: [GC concurrent-root-region-scan-end, 0.0000320]
5.511: [GC concurrent-mark-start]
5.514: [GC concurrent-mark-end, 0.0026730 sec]
5.533: [GC remark 5.533: [GC ref-proc, 0.0000160 secs], 0.0030410 secs]
 [Times: user=0.00 sys=0.00, real=0.00 secs] 
5.562: [GC cleanup 389M->368M(512M), 0.0005400 secs]
 [Times: user=0.00 sys=0.00, real=0.00 secs] 
5.563: [GC concurrent-cleanup-start]
5.563: [GC concurrent-cleanup-end, 0.0000710]
5.589: [GC pause (young), 0.00234600 secs]
   [Parallel Time:   0.9 ms]
      [GC Worker Start (ms):  5588.6  5588.7
       Avg: 5588.6, Min: 5588.6, Max: 5588.7, Diff:   0.1]
      [Ext Root Scanning (ms):  0.8  0.7
       Avg:   0.7, Min:   0.7, Max:   0.8, Diff:   0.1]
      [Update RS (ms):  0.0  0.0
       Avg:   0.0, Min:   0.0, Max:   0.0, Diff:   0.0]
         [Processed Buffers : 0 5
          Sum: 5, Avg: 2, Min: 0, Max: 5, Diff: 5]
      [Scan RS (ms):  0.0  0.0
       Avg:   0.0, Min:   0.0, Max:   0.0, Diff:   0.0]
      [Object Copy (ms):  0.1  0.0
       Avg:   0.0, Min:   0.0, Max:   0.1, Diff:   0.0]
      [Termination (ms):  0.0  0.0
       Avg:   0.0, Min:   0.0, Max:   0.0, Diff:   0.0]
         [Termination Attempts : 1 1
          Sum: 2, Avg: 1, Min: 1, Max: 1, Diff: 0]
      [GC Worker End (ms):  5589.4  5589.4
       Avg: 5589.4, Min: 5589.4, Max: 5589.4, Diff:   0.0]
      [GC Worker (ms):  0.8  0.8
       Avg:   0.8, Min:   0.8, Max:   0.8, Diff:   0.0]
      [GC Worker Other (ms):  0.0  0.1
       Avg:   0.1, Min:   0.0, Max:   0.1, Diff:   0.0]
   [Clear CT:   0.0 ms]
   [Other:   1.5 ms]
      [Choose CSet:   0.0 ms]
      [Ref Proc:   1.4 ms]
      [Ref Enq:   0.0 ms]
      [Free CSet:   0.0 ms]
   [Eden: 1024K(144M)->0B(101M) Survivors: 1024K->1024K Heap: 405M(512M)->405M(512M)]
 [Times: user=0.01 sys=0.00, real=0.01 secs] 
5.591: [Full GC 405M->214M(512M), 0.0140350 secs]
 [Times: user=0.01 sys=0.00, real=0.01 secs] 
5.620: [GC pause (young) (initial-mark), 0.00195100 secs]
   [Parallel Time:   1.8 ms]
      [GC Worker Start (ms):  5620.2  5620.2
       Avg: 5620.2, Min: 5620.2, Max: 5620.2, Diff:   0.0]
      [Ext Root Scanning (ms):  1.2  1.5
       Avg:   1.4, Min:   1.2, Max:   1.5, Diff:   0.4]
      [Update RS (ms):  0.0  0.0
       Avg:   0.0, Min:   0.0, Max:   0.0, Diff:   0.0]
         [Processed Buffers : 3 0
          Sum: 3, Avg: 1, Min: 0, Max: 3, Diff: 3]
      [Scan RS (ms):  0.0  0.0
       Avg:   0.0, Min:   0.0, Max:   0.0, Diff:   0.0]
      [Object Copy (ms):  0.2  0.2
       Avg:   0.2, Min:   0.2, Max:   0.2, Diff:   0.0]
      [Termination (ms):  0.3  0.0
       Avg:   0.2, Min:   0.0, Max:   0.3, Diff:   0.3]
         [Termination Attempts : 1 1
          Sum: 2, Avg: 1, Min: 1, Max: 1, Diff: 0]
      [GC Worker End (ms):  5622.0  5622.0
       Avg: 5622.0, Min: 5622.0, Max: 5622.0, Diff:   0.0]
      [GC Worker (ms):  1.8  1.7
       Avg:   1.7, Min:   1.7, Max:   1.8, Diff:   0.0]
      [GC Worker Other (ms):  0.0  0.0
       Avg:   0.0, Min:   0.0, Max:   0.0, Diff:   0.0]
   [Clear CT:   0.0 ms]
   [Other:   0.2 ms]
      [Choose CSet:   0.0 ms]
      [Ref Proc:   0.0 ms]
      [Ref Enq:   0.0 ms]
      [Free CSet:   0.0 ms]
   [Eden: 1024K(101M)->0B(211M) Survivors: 0B->1024K Heap: 239M(512M)->239M(512M)]
 [Times: user=0.00 sys=0.00, real=0.00 secs] 
5.622: [GC concurrent-root-region-scan-start]
5.622: [GC concurrent-root-region-scan-end, 0.0000470]
5.622: [GC concurrent-mark-start]
5.624: [GC concurrent-mark-end, 0.0015460 sec]
5.632: [GC remark 5.632: [GC ref-proc, 0.0000170 secs], 0.0035400 secs]
 [Times: user=0.00 sys=0.00, real=0.00 secs] 
5.635: [GC cleanup 258M->243M(512M), 0.0004610 secs]
 [Times: user=0.01 sys=0.00, real=0.00 secs] 
5.636: [GC concurrent-cleanup-start]
5.636: [GC concurrent-cleanup-end, 0.0000350]
5.657: [GC pause (young) (initial-mark), 0.00217900 secs]
   [Parallel Time:   2.0 ms]
      [GC Worker Start (ms):  5656.9  5658.7
       Avg: 5657.8, Min: 5656.9, Max: 5658.7, Diff:   1.9]
      [Ext Root Scanning (ms):  1.6  0.0
       Avg:   0.8, Min:   0.0, Max:   1.6, Diff:   1.5]
      [Update RS (ms):  0.0  0.0
       Avg:   0.0, Min:   0.0, Max:   0.0, Diff:   0.0]
         [Processed Buffers : 0 4
          Sum: 4, Avg: 2, Min: 0, Max: 4, Diff: 4]
      [Scan RS (ms):  0.0  0.0
       Avg:   0.0, Min:   0.0, Max:   0.0, Diff:   0.0]
      [Object Copy (ms):  0.3  0.0
       Avg:   0.2, Min:   0.0, Max:   0.3, Diff:   0.3]
      [Termination (ms):  0.0  0.0
       Avg:   0.0, Min:   0.0, Max:   0.0, Diff:   0.0]
         [Termination Attempts : 1 1
          Sum: 2, Avg: 1, Min: 1, Max: 1, Diff: 0]
      [GC Worker End (ms):  5658.8  5658.8
       Avg: 5658.8, Min: 5658.8, Max: 5658.8, Diff:   0.0]
      [GC Worker (ms):  1.9  0.1
       Avg:   1.0, Min:   0.1, Max:   1.9, Diff:   1.9]
      [GC Worker Other (ms):  0.0  1.9
       Avg:   1.0, Min:   0.0, Max:   1.9, Diff:   1.9]
   [Clear CT:   0.0 ms]
   [Other:   0.2 ms]
      [Choose CSet:   0.0 ms]
      [Ref Proc:   0.0 ms]
      [Ref Enq:   0.0 ms]
      [Free CSet:   0.0 ms]
   [Eden: 1024K(211M)->0B(174M) Survivors: 1024K->1024K Heap: 274M(512M)->274M(512M)]
 [Times: user=0.00 sys=0.00, real=0.01 secs] 
5.659: [GC concurrent-root-region-scan-start]
5.689: [GC concurrent-root-region-scan-end, 0.0295770]
5.689: [GC concurrent-mark-start]
5.697: [GC concurrent-mark-end, 0.0079480 sec]
5.709: [GC remark 5.710: [GC ref-proc, 0.0000160 secs], 0.0034630 secs]
 [Times: user=0.01 sys=0.00, real=0.00 secs] 
5.732: [GC cleanup 404M->355M(512M), 0.0005840 secs]
 [Times: user=0.00 sys=0.00, real=0.00 secs] 
5.733: [GC concurrent-cleanup-start]
5.733: [GC concurrent-cleanup-end, 0.0001320]
5.768: [GC pause (young) (initial-mark), 0.00130700 secs]
   [Parallel Time:   1.0 ms]
      [GC Worker Start (ms):  5768.0  5768.0
       Avg: 5768.0, Min: 5768.0, Max: 5768.0, Diff:   0.0]
      [Ext Root Scanning (ms):  0.7  0.7
       Avg:   0.7, Min:   0.7, Max:   0.7, Diff:   0.0]
      [Update RS (ms):  0.0  0.0
       Avg:   0.0, Min:   0.0, Max:   0.0, Diff:   0.0]
         [Processed Buffers : 6 0
          Sum: 6, Avg: 3, Min: 0, Max: 6, Diff: 6]
      [Scan RS (ms):  0.0  0.0
       Avg:   0.0, Min:   0.0, Max:   0.0, Diff:   0.0]
      [Object Copy (ms):  0.1  0.2
       Avg:   0.1, Min:   0.1, Max:   0.2, Diff:   0.0]
      [Termination (ms):  0.0  0.0
       Avg:   0.0, Min:   0.0, Max:   0.0, Diff:   0.0]
         [Termination Attempts : 1 1
          Sum: 2, Avg: 1, Min: 1, Max: 1, Diff: 0]
      [GC Worker End (ms):  5768.9  5768.9
       Avg: 5768.9, Min: 5768.9, Max: 5768.9, Diff:   0.0]
      [GC Worker (ms):  1.0  0.9
       Avg:   0.9, Min:   0.9, Max:   1.0, Diff:   0.0]
      [GC Worker Other (ms):  0.0  0.1
       Avg:   0.1, Min:   0.0, Max:   0.1, Diff:   0.0]
   [Clear CT:   0.0 ms]
   [Other:   0.3 ms]
      [Choose CSet:   0.0 ms]
      [Ref Proc:   0.0 ms]
      [Ref Enq:   0.0 ms]
      [Free CSet:   0.0 ms]
   [Eden: 1024K(174M)->0B(101M) Survivors: 1024K->1024K Heap: 409M(512M)->409M(512M)]
 [Times: user=0.01 sys=0.00, real=0.01 secs] 
5.769: [GC concurrent-root-region-scan-start]
5.769: [GC concurrent-root-region-scan-end, 0.0001510]
5.769: [GC concurrent-mark-start]
5.771: [GC concurrent-mark-end, 0.0017660 sec]
5.779: [GC remark 5.779: [GC ref-proc, 0.0000170 secs], 0.0039840 secs]
 [Times: user=0.01 sys=0.00, real=0.00 secs] 
5.783: [GC pause (young), 0.00088100 secs]
   [Parallel Time:   0.8 ms]
      [GC Worker Start (ms):  5783.2  5783.2
       Avg: 5783.2, Min: 5783.2, Max: 5783.2, Diff:   0.0]
      [Ext Root Scanning (ms):  0.6  0.7
       Avg:   0.7, Min:   0.6, Max:   0.7, Diff:   0.0]
      [SATB Filtering (ms):  0.0  0.0
       Avg:   0.0, Min:   0.0, Max:   0.0, Diff:   0.0]
      [Update RS (ms):  0.0  0.0
       Avg:   0.0, Min:   0.0, Max:   0.0, Diff:   0.0]
         [Processed Buffers : 2 0
          Sum: 2, Avg: 1, Min: 0, Max: 2, Diff: 2]
      [Scan RS (ms):  0.0  0.0
       Avg:   0.0, Min:   0.0, Max:   0.0, Diff:   0.0]
      [Object Copy (ms):  0.0  0.0
       Avg:   0.0, Min:   0.0, Max:   0.0, Diff:   0.0]
      [Termination (ms):  0.0  0.0
       Avg:   0.0, Min:   0.0, Max:   0.0, Diff:   0.0]
         [Termination Attempts : 1 1
          Sum: 2, Avg: 1, Min: 1, Max: 1, Diff: 0]
      [GC Worker End (ms):  5784.0  5784.0
       Avg: 5784.0, Min: 5784.0, Max: 5784.0, Diff:   0.0]
      [GC Worker (ms):  0.7  0.7
       Avg:   0.7, Min:   0.7, Max:   0.7, Diff:   0.0]
      [GC Worker Other (ms):  0.0  0.1
       Avg:   0.1, Min:   0.0, Max:   0.1, Diff:   0.0]
   [Complete CSet Marking:   0.0 ms]
   [Clear CT:   0.0 ms]
   [Other:   0.1 ms]
      [Choose CSet:   0.0 ms]
      [Ref Proc:   0.0 ms]
      [Ref Enq:   0.0 ms]
      [Free CSet:   0.0 ms]
   [Eden: 1024K(101M)->0B(101M) Survivors: 1024K->1024K Heap: 425M(512M)->425M(512M)]
 [Times: user=0.00 sys=0.00, real=0.00 secs] 
5.784: [Full GC 425M->378M(512M), 0.0114870 secs]
 [Times: user=0.01 sys=0.00, real=0.01 secs] 
5.808: [GC cleanup, 0.0000010 secs]
 [Times: user=0.00 sys=0.00, real=0.00 secs] 
5.808: [GC concurrent-mark-abort]
5.824: [GC pause (young), 0.00157400 secs]
   [Parallel Time:   1.5 ms]
      [GC Worker Start (ms):  5824.0  5824.0
       Avg: 5824.0, Min: 5824.0, Max: 5824.0, Diff:   0.0]
      [Ext Root Scanning (ms):  1.3  1.4
       Avg:   1.3, Min:   1.3, Max:   1.4, Diff:   0.1]
      [Update RS (ms):  0.0  0.0
       Avg:   0.0, Min:   0.0, Max:   0.0, Diff:   0.0]
         [Processed Buffers : 2 0
          Sum: 2, Avg: 1, Min: 0, Max: 2, Diff: 2]
      [Scan RS (ms):  0.0  0.0
       Avg:   0.0, Min:   0.0, Max:   0.0, Diff:   0.0]
      [Object Copy (ms):  0.1  0.0
       Avg:   0.0, Min:   0.0, Max:   0.1, Diff:   0.0]
      [Termination (ms):  0.0  0.0
       Avg:   0.0, Min:   0.0, Max:   0.0, Diff:   0.0]
         [Termination Attempts : 1 1
          Sum: 2, Avg: 1, Min: 1, Max: 1, Diff: 0]
      [GC Worker End (ms):  5825.4  5825.4
       Avg: 5825.4, Min: 5825.4, Max: 5825.4, Diff:   0.0]
      [GC Worker (ms):  1.4  1.4
       Avg:   1.4, Min:   1.4, Max:   1.4, Diff:   0.0]
      [GC Worker Other (ms):  0.1  0.1
       Avg:   0.1, Min:   0.1, Max:   0.1, Diff:   0.0]
   [Clear CT:   0.0 ms]
   [Other:   0.1 ms]
      [Choose CSet:   0.0 ms]
      [Ref Proc:   0.0 ms]
      [Ref Enq:   0.0 ms]
      [Free CSet:   0.0 ms]
   [Eden: 1024K(101M)->0B(101M) Survivors: 0B->1024K Heap: 425M(512M)->425M(512M)]
 [Times: user=0.00 sys=0.00, real=0.00 secs] 
5.826: [Full GC 425M->380M(512M), 0.0126800 secs]
 [Times: user=0.02 sys=0.00, real=0.01 secs] 
5.863: [GC pause (young) (initial-mark), 0.00186400 secs]
   [Parallel Time:   1.7 ms]
      [GC Worker Start (ms):  5863.5  5863.5
       Avg: 5863.5, Min: 5863.5, Max: 5863.5, Diff:   0.0]
      [Ext Root Scanning (ms):  1.3  1.4
       Avg:   1.4, Min:   1.3, Max:   1.4, Diff:   0.1]
      [Update RS (ms):  0.0  0.1
       Avg:   0.0, Min:   0.0, Max:   0.1, Diff:   0.1]
         [Processed Buffers : 0 1
          Sum: 1, Avg: 0, Min: 0, Max: 1, Diff: 1]
      [Scan RS (ms):  0.0  0.0
       Avg:   0.0, Min:   0.0, Max:   0.0, Diff:   0.0]
      [Object Copy (ms):  0.3  0.2
       Avg:   0.2, Min:   0.2, Max:   0.3, Diff:   0.1]
      [Termination (ms):  0.1  0.0
       Avg:   0.0, Min:   0.0, Max:   0.1, Diff:   0.1]
         [Termination Attempts : 1 1
          Sum: 2, Avg: 1, Min: 1, Max: 1, Diff: 0]
      [GC Worker End (ms):  5865.2  5865.1
       Avg: 5865.1, Min: 5865.1, Max: 5865.2, Diff:   0.0]
      [GC Worker (ms):  1.7  1.6
       Avg:   1.7, Min:   1.6, Max:   1.7, Diff:   0.0]
      [GC Worker Other (ms):  0.1  0.1
       Avg:   0.1, Min:   0.1, Max:   0.1, Diff:   0.0]
   [Clear CT:   0.0 ms]
   [Other:   0.1 ms]
      [Choose CSet:   0.0 ms]
      [Ref Proc:   0.0 ms]
      [Ref Enq:   0.0 ms]
      [Free CSet:   0.0 ms]
   [Eden: 1024K(101M)->0B(101M) Survivors: 0B->1024K Heap: 417M(512M)->417M(512M)]
 [Times: user=0.01 sys=0.00, real=0.00 secs] 
5.865: [GC concurrent-root-region-scan-start]
5.869: [GC concurrent-root-region-scan-end, 0.0032780]
5.869: [GC concurrent-mark-start]
5.887: [GC pause (young), 0.00139700 secs]
   [Parallel Time:   1.3 ms]
      [GC Worker Start (ms):  5887.0  5887.1
       Avg: 5887.0, Min: 5887.0, Max: 5887.1, Diff:   0.0]
      [Ext Root Scanning (ms):  1.2  1.0
       Avg:   1.1, Min:   1.0, Max:   1.2, Diff:   0.1]
      [SATB Filtering (ms):  0.0  0.0
       Avg:   0.0, Min:   0.0, Max:   0.0, Diff:   0.0]
      [Update RS (ms):  0.0  0.0
       Avg:   0.0, Min:   0.0, Max:   0.0, Diff:   0.0]
         [Processed Buffers : 0 4
          Sum: 4, Avg: 2, Min: 0, Max: 4, Diff: 4]
      [Scan RS (ms):  0.0  0.0
       Avg:   0.0, Min:   0.0, Max:   0.0, Diff:   0.0]
      [Object Copy (ms):  0.0  0.0
       Avg:   0.0, Min:   0.0, Max:   0.0, Diff:   0.0]
      [Termination (ms):  0.0  0.0
       Avg:   0.0, Min:   0.0, Max:   0.0, Diff:   0.0]
         [Termination Attempts : 1 1
          Sum: 2, Avg: 1, Min: 1, Max: 1, Diff: 0]
      [GC Worker End (ms):  5888.2  5888.3
       Avg: 5888.2, Min: 5888.2, Max: 5888.3, Diff:   0.0]
      [GC Worker (ms):  1.2  1.2
       Avg:   1.2, Min:   1.2, Max:   1.2, Diff:   0.0]
      [GC Worker Other (ms):  0.1  0.1
       Avg:   0.1, Min:   0.1, Max:   0.1, Diff:   0.0]
   [Complete CSet Marking:   0.0 ms]
   [Clear CT:   0.0 ms]
   [Other:   0.1 ms]
      [Choose CSet:   0.0 ms]
      [Ref Proc:   0.0 ms]
      [Ref Enq:   0.0 ms]
      [Free CSet:   0.0 ms]
   [Eden: 1024K(101M)->0B(101M) Survivors: 1024K->1024K Heap: 457M(512M)->457M(512M)]
 [Times: user=0.00 sys=0.01, real=0.00 secs] 
5.889: [Full GC 457M->273M(512M), 0.0124300 secs]
 [Times: user=0.01 sys=0.00, real=0.02 secs] 
5.902: [GC concurrent-mark-abort]
5.957: [GC pause (young) (initial-mark), 0.00183400 secs]
   [Parallel Time:   1.7 ms]
      [GC Worker Start (ms):  5956.7  5956.7
       Avg: 5956.7, Min: 5956.7, Max: 5956.7, Diff:   0.0]
      [Ext Root Scanning (ms):  1.4  1.4
       Avg:   1.4, Min:   1.4, Max:   1.4, Diff:   0.1]
      [Update RS (ms):  0.0  0.0
       Avg:   0.0, Min:   0.0, Max:   0.0, Diff:   0.0]
         [Processed Buffers : 0 2
          Sum: 2, Avg: 1, Min: 0, Max: 2, Diff: 2]
      [Scan RS (ms):  0.0  0.0
       Avg:   0.0, Min:   0.0, Max:   0.0, Diff:   0.0]
      [Object Copy (ms):  0.2  0.2
       Avg:   0.2, Min:   0.2, Max:   0.2, Diff:   0.0]
      [Termination (ms):  0.0  0.0
       Avg:   0.0, Min:   0.0, Max:   0.0, Diff:   0.0]
         [Termination Attempts : 1 1
          Sum: 2, Avg: 1, Min: 1, Max: 1, Diff: 0]
      [GC Worker End (ms):  5958.3  5958.3
       Avg: 5958.3, Min: 5958.3, Max: 5958.3, Diff:   0.0]
      [GC Worker (ms):  1.6  1.6
       Avg:   1.6, Min:   1.6, Max:   1.6, Diff:   0.0]
      [GC Worker Other (ms):  0.1  0.1
       Avg:   0.1, Min:   0.1, Max:   0.1, Diff:   0.0]
   [Clear CT:   0.0 ms]
   [Other:   0.1 ms]
      [Choose CSet:   0.0 ms]
      [Ref Proc:   0.0 ms]
      [Ref Enq:   0.0 ms]
      [Free CSet:   0.0 ms]
   [Eden: 1024K(101M)->0B(101M) Survivors: 0B->1024K Heap: 363M(512M)->363M(512M)]
 [Times: user=0.00 sys=0.00, real=0.00 secs] 
5.959: [GC concurrent-root-region-scan-start]
5.959: [GC concurrent-root-region-scan-end, 0.0000990]
5.959: [GC concurrent-mark-start]
5.961: [GC concurrent-mark-end, 0.0024510 sec]
5.970: [GC remark 5.971: [GC ref-proc, 0.0000230 secs], 0.0049010 secs]
 [Times: user=0.01 sys=0.00, real=0.00 secs] 
5.976: [GC cleanup 386M->362M(512M), 0.0003090 secs]
 [Times: user=0.00 sys=0.00, real=0.00 secs] 
5.976: [GC concurrent-cleanup-start]
5.976: [GC concurrent-cleanup-end, 0.0000630]
6.000: [GC pause (young), 0.00117000 secs]
   [Parallel Time:   1.0 ms]
      [GC Worker Start (ms):  6000.1  6000.3
       Avg: 6000.2, Min: 6000.1, Max: 6000.3, Diff:   0.2]
      [Ext Root Scanning (ms):  0.8  0.8
       Avg:   0.8, Min:   0.8, Max:   0.8, Diff:   0.0]
      [Update RS (ms):  0.0  0.0
       Avg:   0.0, Min:   0.0, Max:   0.0, Diff:   0.0]
         [Processed Buffers : 6 0
          Sum: 6, Avg: 3, Min: 0, Max: 6, Diff: 6]
      [Scan RS (ms):  0.0  0.0
       Avg:   0.0, Min:   0.0, Max:   0.0, Diff:   0.0]
      [Object Copy (ms):  0.1  0.0
       Avg:   0.0, Min:   0.0, Max:   0.1, Diff:   0.0]
      [Termination (ms):  0.1  0.0
       Avg:   0.0, Min:   0.0, Max:   0.1, Diff:   0.1]
         [Termination Attempts : 1 1
          Sum: 2, Avg: 1, Min: 1, Max: 1, Diff: 0]
      [GC Worker End (ms):  6001.1  6001.1
       Avg: 6001.1, Min: 6001.1, Max: 6001.1, Diff:   0.0]
      [GC Worker (ms):  1.0  0.8
       Avg:   0.9, Min:   0.8, Max:   1.0, Diff:   0.2]
      [GC Worker Other (ms):  0.0  0.2
       Avg:   0.1, Min:   0.0, Max:   0.2, Diff:   0.2]
   [Clear CT:   0.0 ms]
   [Other:   0.1 ms]
      [Choose CSet:   0.0 ms]
      [Ref Proc:   0.0 ms]
      [Ref Enq:   0.0 ms]
      [Free CSet:   0.0 ms]
   [Eden: 1024K(101M)->0B(101M) Survivors: 1024K->1024K Heap: 405M(512M)->405M(512M)]
 [Times: user=0.00 sys=0.00, real=0.00 secs] 
6.002: [Full GC 405M->215M(512M), 0.0175100 secs]
 [Times: user=0.01 sys=0.00, real=0.02 secs] 
6.040: [GC pause (young) (initial-mark), 0.00242300 secs]
   [Parallel Time:   2.0 ms]
      [GC Worker Start (ms):  6040.5  6040.5
       Avg: 6040.5, Min: 6040.5, Max: 6040.5, Diff:   0.0]
      [Ext Root Scanning (ms):  1.9  1.4
       Avg:   1.6, Min:   1.4, Max:   1.9, Diff:   0.4]
      [Update RS (ms):  0.0  0.0
       Avg:   0.0, Min:   0.0, Max:   0.0, Diff:   0.0]
         [Processed Buffers : 0 3
          Sum: 3, Avg: 1, Min: 0, Max: 3, Diff: 3]
      [Scan RS (ms):  0.0  0.0
       Avg:   0.0, Min:   0.0, Max:   0.0, Diff:   0.0]
      [Object Copy (ms):  0.1  0.2
       Avg:   0.2, Min:   0.1, Max:   0.2, Diff:   0.1]
      [Termination (ms):  0.0  0.3
       Avg:   0.2, Min:   0.0, Max:   0.3, Diff:   0.3]
         [Termination Attempts : 1 1
          Sum: 2, Avg: 1, Min: 1, Max: 1, Diff: 0]
      [GC Worker End (ms):  6042.5  6042.5
       Avg: 6042.5, Min: 6042.5, Max: 6042.5, Diff:   0.0]
      [GC Worker (ms):  2.0  2.0
       Avg:   2.0, Min:   2.0, Max:   2.0, Diff:   0.0]
      [GC Worker Other (ms):  0.0  0.0
       Avg:   0.0, Min:   0.0, Max:   0.0, Diff:   0.0]
   [Clear CT:   0.0 ms]
   [Other:   0.4 ms]
      [Choose CSet:   0.0 ms]
      [Ref Proc:   0.2 ms]
      [Ref Enq:   0.0 ms]
      [Free CSet:   0.0 ms]
   [Eden: 1024K(101M)->0B(212M) Survivors: 0B->1024K Heap: 239M(512M)->239M(512M)]
 [Times: user=0.00 sys=0.00, real=0.00 secs] 
6.043: [GC concurrent-root-region-scan-start]
6.043: [GC concurrent-root-region-scan-end, 0.0000710]
6.043: [GC concurrent-mark-start]
6.055: [GC concurrent-mark-end, 0.0122660 sec]
6.068: [GC remark 6.068: [GC ref-proc, 0.0000160 secs], 0.0033870 secs]
 [Times: user=0.00 sys=0.00, real=0.01 secs] 
6.129: [GC cleanup 391M->391M(512M), 0.0008610 secs]
 [Times: user=0.00 sys=0.00, real=0.00 secs] 
6.157: [GC pause (young) (initial-mark), 0.00139400 secs]
   [Parallel Time:   1.1 ms]
      [GC Worker Start (ms):  6156.6  6156.7
       Avg: 6156.6, Min: 6156.6, Max: 6156.7, Diff:   0.0]
      [Ext Root Scanning (ms):  0.8  0.8
       Avg:   0.8, Min:   0.8, Max:   0.8, Diff:   0.0]
      [Update RS (ms):  0.0  0.0
       Avg:   0.0, Min:   0.0, Max:   0.0, Diff:   0.0]
         [Processed Buffers : 4 0
          Sum: 4, Avg: 2, Min: 0, Max: 4, Diff: 4]
      [Scan RS (ms):  0.0  0.0
       Avg:   0.0, Min:   0.0, Max:   0.0, Diff:   0.0]
      [Object Copy (ms):  0.1  0.2
       Avg:   0.2, Min:   0.1, Max:   0.2, Diff:   0.0]
      [Termination (ms):  0.1  0.0
       Avg:   0.0, Min:   0.0, Max:   0.1, Diff:   0.1]
         [Termination Attempts : 1 1
          Sum: 2, Avg: 1, Min: 1, Max: 1, Diff: 0]
      [GC Worker End (ms):  6157.7  6157.7
       Avg: 6157.7, Min: 6157.7, Max: 6157.7, Diff:   0.0]
      [GC Worker (ms):  1.1  1.0
       Avg:   1.1, Min:   1.0, Max:   1.1, Diff:   0.0]
      [GC Worker Other (ms):  0.1  0.1
       Avg:   0.1, Min:   0.1, Max:   0.1, Diff:   0.0]
   [Clear CT:   0.0 ms]
   [Other:   0.2 ms]
      [Choose CSet:   0.0 ms]
      [Ref Proc:   0.1 ms]
      [Ref Enq:   0.0 ms]
      [Free CSet:   0.0 ms]
   [Eden: 1024K(212M)->0B(101M) Survivors: 1024K->1024K Heap: 432M(512M)->432M(512M)]
 [Times: user=0.00 sys=0.00, real=0.00 secs] 
6.158: [GC concurrent-root-region-scan-start]
6.158: [GC concurrent-root-region-scan-end, 0.0001130]
6.158: [GC concurrent-mark-start]
6.158: [GC pause (young), 0.00100100 secs]
   [Parallel Time:   0.9 ms]
      [GC Worker Start (ms):  6158.3  6158.3
       Avg: 6158.3, Min: 6158.3, Max: 6158.3, Diff:   0.0]
      [Ext Root Scanning (ms):  0.5  0.8
       Avg:   0.7, Min:   0.5, Max:   0.8, Diff:   0.3]
      [SATB Filtering (ms):  0.0  0.0
       Avg:   0.0, Min:   0.0, Max:   0.0, Diff:   0.0]
      [Update RS (ms):  0.0  0.0
       Avg:   0.0, Min:   0.0, Max:   0.0, Diff:   0.0]
         [Processed Buffers : 2 0
          Sum: 2, Avg: 1, Min: 0, Max: 2, Diff: 2]
      [Scan RS (ms):  0.0  0.0
       Avg:   0.0, Min:   0.0, Max:   0.0, Diff:   0.0]
      [Object Copy (ms):  0.0  0.0
       Avg:   0.0, Min:   0.0, Max:   0.0, Diff:   0.0]
      [Termination (ms):  0.3  0.0
       Avg:   0.2, Min:   0.0, Max:   0.3, Diff:   0.3]
         [Termination Attempts : 1 1
          Sum: 2, Avg: 1, Min: 1, Max: 1, Diff: 0]
      [GC Worker End (ms):  6159.2  6159.2
       Avg: 6159.2, Min: 6159.2, Max: 6159.2, Diff:   0.0]
      [GC Worker (ms):  0.9  0.9
       Avg:   0.9, Min:   0.9, Max:   0.9, Diff:   0.0]
      [GC Worker Other (ms):  0.0  0.1
       Avg:   0.1, Min:   0.0, Max:   0.1, Diff:   0.0]
   [Complete CSet Marking:   0.0 ms]
   [Clear CT:   0.0 ms]
   [Other:   0.1 ms]
      [Choose CSet:   0.0 ms]
      [Ref Proc:   0.0 ms]
      [Ref Enq:   0.0 ms]
      [Free CSet:   0.0 ms]
   [Eden: 0B(101M)->0B(101M) Survivors: 1024K->1024K Heap: 432M(512M)->432M(512M)]
 [Times: user=0.00 sys=0.00, real=0.01 secs] 
6.160: [Full GC 432M->346M(512M), 0.0115250 secs]
 [Times: user=0.01 sys=0.00, real=0.01 secs] 
6.171: [GC concurrent-mark-abort]
6.201: [GC pause (young) (initial-mark), 0.00191700 secs]
   [Parallel Time:   1.8 ms]
      [GC Worker Start (ms):  6201.4  6201.4
       Avg: 6201.4, Min: 6201.4, Max: 6201.4, Diff:   0.0]
      [Ext Root Scanning (ms):  1.5  1.5
       Avg:   1.5, Min:   1.5, Max:   1.5, Diff:   0.0]
      [Update RS (ms):  0.0  0.0
       Avg:   0.0, Min:   0.0, Max:   0.0, Diff:   0.0]
         [Processed Buffers : 2 2
          Sum: 4, Avg: 2, Min: 2, Max: 2, Diff: 0]
      [Scan RS (ms):  0.0  0.0
       Avg:   0.0, Min:   0.0, Max:   0.0, Diff:   0.0]
      [Object Copy (ms):  0.2  0.2
       Avg:   0.2, Min:   0.2, Max:   0.2, Diff:   0.0]
      [Termination (ms):  0.0  0.0
       Avg:   0.0, Min:   0.0, Max:   0.0, Diff:   0.0]
         [Termination Attempts : 1 1
          Sum: 2, Avg: 1, Min: 1, Max: 1, Diff: 0]
      [GC Worker End (ms):  6203.1  6203.1
       Avg: 6203.1, Min: 6203.1, Max: 6203.1, Diff:   0.0]
      [GC Worker (ms):  1.7  1.7
       Avg:   1.7, Min:   1.7, Max:   1.7, Diff:   0.0]
      [GC Worker Other (ms):  0.1  0.1
       Avg:   0.1, Min:   0.1, Max:   0.1, Diff:   0.0]
   [Clear CT:   0.0 ms]
   [Other:   0.1 ms]
      [Choose CSet:   0.0 ms]
      [Ref Proc:   0.0 ms]
      [Ref Enq:   0.0 ms]
      [Free CSet:   0.0 ms]
   [Eden: 1024K(101M)->0B(101M) Survivors: 0B->1024K Heap: 392M(512M)->392M(512M)]
 [Times: user=0.01 sys=0.00, real=0.00 secs] 
6.203: [GC concurrent-root-region-scan-start]
6.203: [GC concurrent-root-region-scan-end, 0.0000550]
6.203: [GC concurrent-mark-start]
6.223: [GC pause (young), 0.00093000 secs]
   [Parallel Time:   0.8 ms]
      [GC Worker Start (ms):  6223.4  6223.4
       Avg: 6223.4, Min: 6223.4, Max: 6223.4, Diff:   0.0]
      [Ext Root Scanning (ms):  0.7  0.7
       Avg:   0.7, Min:   0.7, Max:   0.7, Diff:   0.0]
      [SATB Filtering (ms):  0.0  0.0
       Avg:   0.0, Min:   0.0, Max:   0.0, Diff:   0.0]
      [Update RS (ms):  0.0  0.0
       Avg:   0.0, Min:   0.0, Max:   0.0, Diff:   0.0]
         [Processed Buffers : 2 2
          Sum: 4, Avg: 2, Min: 2, Max: 2, Diff: 0]
      [Scan RS (ms):  0.0  0.0
       Avg:   0.0, Min:   0.0, Max:   0.0, Diff:   0.0]
      [Object Copy (ms):  0.0  0.0
       Avg:   0.0, Min:   0.0, Max:   0.0, Diff:   0.0]
      [Termination (ms):  0.0  0.0
       Avg:   0.0, Min:   0.0, Max:   0.0, Diff:   0.0]
         [Termination Attempts : 1 1
          Sum: 2, Avg: 1, Min: 1, Max: 1, Diff: 0]
      [GC Worker End (ms):  6224.2  6224.2
       Avg: 6224.2, Min: 6224.2, Max: 6224.2, Diff:   0.0]
      [GC Worker (ms):  0.8  0.8
       Avg:   0.8, Min:   0.8, Max:   0.8, Diff:   0.0]
      [GC Worker Other (ms):  0.0  0.1
       Avg:   0.0, Min:   0.0, Max:   0.1, Diff:   0.0]
   [Complete CSet Marking:   0.0 ms]
   [Clear CT:   0.0 ms]
   [Other:   0.1 ms]
      [Choose CSet:   0.0 ms]
      [Ref Proc:   0.0 ms]
      [Ref Enq:   0.0 ms]
      [Free CSet:   0.0 ms]
   [Eden: 0B(101M)->0B(101M) Survivors: 1024K->1024K Heap: 427M(512M)->427M(512M)]
 [Times: user=0.00 sys=0.00, real=0.00 secs] 
6.224: [Full GC 427M->235M(512M), 0.0122020 secs]
 [Times: user=0.01 sys=0.00, real=0.01 secs] 
6.237: [GC concurrent-mark-abort]
6.257: [GC pause (young) (initial-mark), 0.00190400 secs]
   [Parallel Time:   1.7 ms]
      [GC Worker Start (ms):  6257.5  6257.8
       Avg: 6257.7, Min: 6257.5, Max: 6257.8, Diff:   0.4]
      [Ext Root Scanning (ms):  1.4  1.2
       Avg:   1.3, Min:   1.2, Max:   1.4, Diff:   0.2]
      [Update RS (ms):  0.0  0.0
       Avg:   0.0, Min:   0.0, Max:   0.0, Diff:   0.0]
         [Processed Buffers : 0 0
          Sum: 0, Avg: 0, Min: 0, Max: 0, Diff: 0]
      [Scan RS (ms):  0.0  0.0
       Avg:   0.0, Min:   0.0, Max:   0.0, Diff:   0.0]
      [Object Copy (ms):  0.3  0.1
       Avg:   0.2, Min:   0.1, Max:   0.3, Diff:   0.2]
      [Termination (ms):  0.0  0.0
       Avg:   0.0, Min:   0.0, Max:   0.0, Diff:   0.0]
         [Termination Attempts : 1 1
          Sum: 2, Avg: 1, Min: 1, Max: 1, Diff: 0]
      [GC Worker End (ms):  6259.1  6259.2
       Avg: 6259.2, Min: 6259.1, Max: 6259.2, Diff:   0.0]
      [GC Worker (ms):  1.7  1.3
       Avg:   1.5, Min:   1.3, Max:   1.7, Diff:   0.4]
      [GC Worker Other (ms):  0.0  0.4
       Avg:   0.2, Min:   0.0, Max:   0.4, Diff:   0.4]
   [Clear CT:   0.0 ms]
   [Other:   0.2 ms]
      [Choose CSet:   0.0 ms]
      [Ref Proc:   0.0 ms]
      [Ref Enq:   0.0 ms]
      [Free CSet:   0.0 ms]
   [Eden: 0B(101M)->0B(190M) Survivors: 0B->0B Heap: 259M(512M)->259M(512M)]
 [Times: user=0.00 sys=0.00, real=0.01 secs] 
6.259: [GC concurrent-root-region-scan-start]
6.259: [GC concurrent-root-region-scan-end, 0.0000050]
6.259: [GC concurrent-mark-start]
6.261: [GC concurrent-mark-end, 0.0018630 sec]
6.274: [GC remark 6.274: [GC ref-proc, 0.0000150 secs], 0.0030630 secs]
 [Times: user=0.00 sys=0.00, real=0.00 secs] 
6.277: [GC cleanup 286M->286M(512M), 0.0003870 secs]
 [Times: user=0.01 sys=0.00, real=0.00 secs] 
6.346: [GC pause (young) (initial-mark), 0.00118100 secs]
   [Parallel Time:   1.0 ms]
      [GC Worker Start (ms):  6346.2  6346.2
       Avg: 6346.2, Min: 6346.2, Max: 6346.2, Diff:   0.0]
      [Ext Root Scanning (ms):  0.7  0.8
       Avg:   0.7, Min:   0.7, Max:   0.8, Diff:   0.1]
      [Update RS (ms):  0.0  0.0
       Avg:   0.0, Min:   0.0, Max:   0.0, Diff:   0.0]
         [Processed Buffers : 7 0
          Sum: 7, Avg: 3, Min: 0, Max: 7, Diff: 7]
      [Scan RS (ms):  0.0  0.0
       Avg:   0.0, Min:   0.0, Max:   0.0, Diff:   0.0]
      [Object Copy (ms):  0.2  0.1
       Avg:   0.2, Min:   0.1, Max:   0.2, Diff:   0.1]
      [Termination (ms):  0.0  0.0
       Avg:   0.0, Min:   0.0, Max:   0.0, Diff:   0.0]
         [Termination Attempts : 1 1
          Sum: 2, Avg: 1, Min: 1, Max: 1, Diff: 0]
      [GC Worker End (ms):  6347.2  6347.2
       Avg: 6347.2, Min: 6347.2, Max: 6347.2, Diff:   0.0]
      [GC Worker (ms):  1.0  0.9
       Avg:   1.0, Min:   0.9, Max:   1.0, Diff:   0.0]
      [GC Worker Other (ms):  0.1  0.1
       Avg:   0.1, Min:   0.1, Max:   0.1, Diff:   0.0]
   [Clear CT:   0.0 ms]
   [Other:   0.1 ms]
      [Choose CSet:   0.0 ms]
      [Ref Proc:   0.0 ms]
      [Ref Enq:   0.0 ms]
      [Free CSet:   0.0 ms]
   [Eden: 1024K(190M)->0B(101M) Survivors: 0B->1024K Heap: 400M(512M)->399M(512M)]
 [Times: user=0.01 sys=0.00, real=0.00 secs] 
6.347: [GC concurrent-root-region-scan-start]
6.347: [GC concurrent-root-region-scan-end, 0.0000820]
6.347: [GC concurrent-mark-start]
6.349: [GC concurrent-mark-end, 0.0019510 sec]
6.360: [GC remark 6.360: [GC ref-proc, 0.0000170 secs], 0.0036510 secs]
 [Times: user=0.00 sys=0.00, real=0.00 secs] 
6.376: [GC pause (young), 0.00103300 secs]
   [Parallel Time:   0.9 ms]
      [GC Worker Start (ms):  6376.4  6376.4
       Avg: 6376.4, Min: 6376.4, Max: 6376.4, Diff:   0.0]
      [Ext Root Scanning (ms):  0.8  0.8
       Avg:   0.8, Min:   0.8, Max:   0.8, Diff:   0.1]
      [SATB Filtering (ms):  0.0  0.0
       Avg:   0.0, Min:   0.0, Max:   0.0, Diff:   0.0]
      [Update RS (ms):  0.0  0.0
       Avg:   0.0, Min:   0.0, Max:   0.0, Diff:   0.0]
         [Processed Buffers : 0 5
          Sum: 5, Avg: 2, Min: 0, Max: 5, Diff: 5]
      [Scan RS (ms):  0.0  0.0
       Avg:   0.0, Min:   0.0, Max:   0.0, Diff:   0.0]
      [Object Copy (ms):  0.0  0.1
       Avg:   0.0, Min:   0.0, Max:   0.1, Diff:   0.0]
      [Termination (ms):  0.0  0.0
       Avg:   0.0, Min:   0.0, Max:   0.0, Diff:   0.0]
         [Termination Attempts : 1 1
          Sum: 2, Avg: 1, Min: 1, Max: 1, Diff: 0]
      [GC Worker End (ms):  6377.3  6377.3
       Avg: 6377.3, Min: 6377.3, Max: 6377.3, Diff:   0.0]
      [GC Worker (ms):  0.9  0.9
       Avg:   0.9, Min:   0.9, Max:   0.9, Diff:   0.0]
      [GC Worker Other (ms):  0.0  0.0
       Avg:   0.0, Min:   0.0, Max:   0.0, Diff:   0.0]
   [Complete CSet Marking:   0.0 ms]
   [Clear CT:   0.0 ms]
   [Other:   0.1 ms]
      [Choose CSet:   0.0 ms]
      [Ref Proc:   0.0 ms]
      [Ref Enq:   0.0 ms]
      [Free CSet:   0.0 ms]
   [Eden: 1024K(101M)->0B(101M) Survivors: 1024K->1024K Heap: 446M(512M)->446M(512M)]
 [Times: user=0.00 sys=0.00, real=0.00 secs] 
6.378: [Full GC 446M->277M(512M), 0.0124260 secs]
 [Times: user=0.01 sys=0.00, real=0.02 secs] 
6.429: [GC cleanup, 0.0000020 secs]
 [Times: user=0.00 sys=0.00, real=0.00 secs] 
6.429: [GC concurrent-mark-abort]
6.489: [GC pause (young) (initial-mark), 0.00219600 secs]
   [Parallel Time:   1.8 ms]
      [GC Worker Start (ms):  6489.3  6489.4
       Avg: 6489.3, Min: 6489.3, Max: 6489.4, Diff:   0.1]
      [Ext Root Scanning (ms):  1.1  1.5
       Avg:   1.3, Min:   1.1, Max:   1.5, Diff:   0.3]
      [Update RS (ms):  0.0  0.0
       Avg:   0.0, Min:   0.0, Max:   0.0, Diff:   0.0]
         [Processed Buffers : 5 0
          Sum: 5, Avg: 2, Min: 0, Max: 5, Diff: 5]
      [Scan RS (ms):  0.0  0.0
       Avg:   0.0, Min:   0.0, Max:   0.0, Diff:   0.0]
      [Object Copy (ms):  0.2  0.2
       Avg:   0.2, Min:   0.2, Max:   0.2, Diff:   0.0]
      [Termination (ms):  0.4  0.0
       Avg:   0.2, Min:   0.0, Max:   0.4, Diff:   0.4]
         [Termination Attempts : 1 1
          Sum: 2, Avg: 1, Min: 1, Max: 1, Diff: 0]
      [GC Worker End (ms):  6491.0  6491.0
       Avg: 6491.0, Min: 6491.0, Max: 6491.0, Diff:   0.0]
      [GC Worker (ms):  1.8  1.7
       Avg:   1.7, Min:   1.7, Max:   1.8, Diff:   0.1]
      [GC Worker Other (ms):  0.1  0.2
       Avg:   0.1, Min:   0.1, Max:   0.2, Diff:   0.1]
   [Clear CT:   0.0 ms]
   [Other:   0.4 ms]
      [Choose CSet:   0.0 ms]
      [Ref Proc:   0.1 ms]
      [Ref Enq:   0.0 ms]
      [Free CSet:   0.0 ms]
   [Eden: 1024K(101M)->0B(101M) Survivors: 0B->1024K Heap: 441M(512M)->441M(512M)]
 [Times: user=0.01 sys=0.00, real=0.00 secs] 
6.491: [GC concurrent-root-region-scan-start]
6.491: [GC concurrent-root-region-scan-end, 0.0000830]
6.491: [GC concurrent-mark-start]
6.492: [GC pause (young), 0.00070700 secs]
   [Parallel Time:   0.6 ms]
      [GC Worker Start (ms):  6491.9  6491.9
       Avg: 6491.9, Min: 6491.9, Max: 6491.9, Diff:   0.0]
      [Ext Root Scanning (ms):  0.5  0.6
       Avg:   0.5, Min:   0.5, Max:   0.6, Diff:   0.1]
      [SATB Filtering (ms):  0.0  0.0
       Avg:   0.0, Min:   0.0, Max:   0.0, Diff:   0.0]
      [Update RS (ms):  0.0  0.0
       Avg:   0.0, Min:   0.0, Max:   0.0, Diff:   0.0]
         [Processed Buffers : 4 0
          Sum: 4, Avg: 2, Min: 0, Max: 4, Diff: 4]
      [Scan RS (ms):  0.0  0.0
       Avg:   0.0, Min:   0.0, Max:   0.0, Diff:   0.0]
      [Object Copy (ms):  0.0  0.0
       Avg:   0.0, Min:   0.0, Max:   0.0, Diff:   0.0]
      [Termination (ms):  0.1  0.0
       Avg:   0.1, Min:   0.0, Max:   0.1, Diff:   0.1]
         [Termination Attempts : 1 1
          Sum: 2, Avg: 1, Min: 1, Max: 1, Diff: 0]
      [GC Worker End (ms):  6492.5  6492.5
       Avg: 6492.5, Min: 6492.5, Max: 6492.5, Diff:   0.0]
      [GC Worker (ms):  0.6  0.6
       Avg:   0.6, Min:   0.6, Max:   0.6, Diff:   0.0]
      [GC Worker Other (ms):  0.0  0.0
       Avg:   0.0, Min:   0.0, Max:   0.0, Diff:   0.0]
   [Complete CSet Marking:   0.0 ms]
   [Clear CT:   0.0 ms]
   [Other:   0.0 ms]
      [Choose CSet:   0.0 ms]
      [Ref Proc:   0.0 ms]
      [Ref Enq:   0.0 ms]
      [Free CSet:   0.0 ms]
   [Eden: 0B(101M)->0B(101M) Survivors: 1024K->1024K Heap: 441M(512M)->441M(512M)]
 [Times: user=0.00 sys=0.00, real=0.00 secs] 
6.494: [GC concurrent-mark-end, 0.0028440 sec]
6.494: [Full GC 441M->285M(512M), 0.0119020 secs]
 [Times: user=0.01 sys=0.00, real=0.01 secs] 
6.526: [GC remark, 0.0000020 secs]
 [Times: user=0.00 sys=0.00, real=0.00 secs] 
6.526: [GC concurrent-mark-abort]
6.560: [GC pause (young) (initial-mark), 0.00243400 secs]
   [Parallel Time:   2.3 ms]
      [GC Worker Start (ms):  6560.5  6560.5
       Avg: 6560.5, Min: 6560.5, Max: 6560.5, Diff:   0.0]
      [Ext Root Scanning (ms):  1.4  1.6
       Avg:   1.5, Min:   1.4, Max:   1.6, Diff:   0.2]
      [Update RS (ms):  0.0  0.0
       Avg:   0.0, Min:   0.0, Max:   0.0, Diff:   0.0]
         [Processed Buffers : 4 0
          Sum: 4, Avg: 2, Min: 0, Max: 4, Diff: 4]
      [Scan RS (ms):  0.0  0.0
       Avg:   0.0, Min:   0.0, Max:   0.0, Diff:   0.0]
      [Object Copy (ms):  0.3  0.5
       Avg:   0.4, Min:   0.3, Max:   0.5, Diff:   0.3]
      [Termination (ms):  0.5  0.0
       Avg:   0.2, Min:   0.0, Max:   0.5, Diff:   0.5]
         [Termination Attempts : 1 1
          Sum: 2, Avg: 1, Min: 1, Max: 1, Diff: 0]
      [GC Worker End (ms):  6562.7  6562.7
       Avg: 6562.7, Min: 6562.7, Max: 6562.7, Diff:   0.0]
      [GC Worker (ms):  2.2  2.2
       Avg:   2.2, Min:   2.2, Max:   2.2, Diff:   0.0]
      [GC Worker Other (ms):  0.1  0.1
       Avg:   0.1, Min:   0.1, Max:   0.1, Diff:   0.0]
   [Clear CT:   0.0 ms]
   [Other:   0.2 ms]
      [Choose CSet:   0.0 ms]
      [Ref Proc:   0.0 ms]
      [Ref Enq:   0.0 ms]
      [Free CSet:   0.0 ms]
   [Eden: 1024K(101M)->0B(101M) Survivors: 0B->1024K Heap: 373M(512M)->372M(512M)]
 [Times: user=0.00 sys=0.00, real=0.00 secs] 
6.563: [GC concurrent-root-region-scan-start]
6.563: [GC concurrent-root-region-scan-end, 0.0000400]
6.563: [GC concurrent-mark-start]
6.565: [GC concurrent-mark-end, 0.0024380 sec]
6.577: [GC remark 6.577: [GC ref-proc, 0.0000160 secs], 0.0034500 secs]
 [Times: user=0.01 sys=0.00, real=0.01 secs] 
6.580: [GC cleanup 395M->337M(512M), 0.0003700 secs]
 [Times: user=0.00 sys=0.00, real=0.00 secs] 
6.581: [GC concurrent-cleanup-start]
6.581: [GC concurrent-cleanup-end, 0.0002550]
6.615: [GC pause (young) (initial-mark), 0.00119900 secs]
   [Parallel Time:   1.0 ms]
      [GC Worker Start (ms):  6615.4  6615.4
       Avg: 6615.4, Min: 6615.4, Max: 6615.4, Diff:   0.0]
      [Ext Root Scanning (ms):  0.8  0.7
       Avg:   0.8, Min:   0.7, Max:   0.8, Diff:   0.1]
      [Update RS (ms):  0.0  0.0
       Avg:   0.0, Min:   0.0, Max:   0.0, Diff:   0.0]
         [Processed Buffers : 3 3
          Sum: 6, Avg: 3, Min: 3, Max: 3, Diff: 0]
      [Scan RS (ms):  0.0  0.0
       Avg:   0.0, Min:   0.0, Max:   0.0, Diff:   0.0]
      [Object Copy (ms):  0.1  0.2
       Avg:   0.2, Min:   0.1, Max:   0.2, Diff:   0.1]
      [Termination (ms):  0.0  0.0
       Avg:   0.0, Min:   0.0, Max:   0.0, Diff:   0.0]
         [Termination Attempts : 1 1
          Sum: 2, Avg: 1, Min: 1, Max: 1, Diff: 0]
      [GC Worker End (ms):  6616.4  6616.4
       Avg: 6616.4, Min: 6616.4, Max: 6616.4, Diff:   0.0]
      [GC Worker (ms):  1.0  1.0
       Avg:   1.0, Min:   1.0, Max:   1.0, Diff:   0.0]
      [GC Worker Other (ms):  0.1  0.1
       Avg:   0.1, Min:   0.1, Max:   0.1, Diff:   0.0]
   [Clear CT:   0.0 ms]
   [Other:   0.1 ms]
      [Choose CSet:   0.0 ms]
      [Ref Proc:   0.0 ms]
      [Ref Enq:   0.0 ms]
      [Free CSet:   0.0 ms]
   [Eden: 1024K(101M)->0B(101M) Survivors: 1024K->1024K Heap: 387M(512M)->387M(512M)]
 [Times: user=0.00 sys=0.00, real=0.00 secs] 
6.617: [GC concurrent-root-region-scan-start]
6.617: [GC concurrent-root-region-scan-end, 0.0000740]
6.617: [GC concurrent-mark-start]
6.624: [GC concurrent-mark-end, 0.0077270 sec]
6.642: [GC remark 6.642: [GC ref-proc, 0.0000160 secs], 0.0037350 secs]
 [Times: user=0.01 sys=0.00, real=0.00 secs] 
6.645: [GC cleanup 431M->332M(512M), 0.0003570 secs]
 [Times: user=0.00 sys=0.00, real=0.00 secs] 
6.646: [GC concurrent-cleanup-start]
6.646: [GC concurrent-cleanup-end, 0.0001970]
6.711: [GC pause (young) (initial-mark), 0.00174600 secs]
   [Parallel Time:   1.5 ms]
      [GC Worker Start (ms):  6710.7  6710.7
       Avg: 6710.7, Min: 6710.7, Max: 6710.7, Diff:   0.0]
      [Ext Root Scanning (ms):  1.1  1.0
       Avg:   1.1, Min:   1.0, Max:   1.1, Diff:   0.1]
      [Update RS (ms):  0.0  0.0
       Avg:   0.0, Min:   0.0, Max:   0.0, Diff:   0.0]
         [Processed Buffers : 4 0
          Sum: 4, Avg: 2, Min: 0, Max: 4, Diff: 4]
      [Scan RS (ms):  0.0  0.0
       Avg:   0.0, Min:   0.0, Max:   0.0, Diff:   0.0]
      [Object Copy (ms):  0.2  0.5
       Avg:   0.4, Min:   0.2, Max:   0.5, Diff:   0.2]
      [Termination (ms):  0.1  0.0
       Avg:   0.1, Min:   0.0, Max:   0.1, Diff:   0.1]
         [Termination Attempts : 1 1
          Sum: 2, Avg: 1, Min: 1, Max: 1, Diff: 0]
      [GC Worker End (ms):  6712.2  6712.2
       Avg: 6712.2, Min: 6712.2, Max: 6712.2, Diff:   0.0]
      [GC Worker (ms):  1.5  1.5
       Avg:   1.5, Min:   1.5, Max:   1.5, Diff:   0.0]
      [GC Worker Other (ms):  0.0  0.0
       Avg:   0.0, Min:   0.0, Max:   0.0, Diff:   0.0]
   [Clear CT:   0.0 ms]
   [Other:   0.2 ms]
      [Choose CSet:   0.0 ms]
      [Ref Proc:   0.0 ms]
      [Ref Enq:   0.0 ms]
      [Free CSet:   0.0 ms]
   [Eden: 1024K(101M)->0B(101M) Survivors: 1024K->1024K Heap: 441M(512M)->441M(512M)]
 [Times: user=0.00 sys=0.00, real=0.00 secs] 
6.712: [GC concurrent-root-region-scan-start]
6.713: [GC concurrent-root-region-scan-end, 0.0001210]
6.713: [GC concurrent-mark-start]
6.713: [GC pause (young), 0.00059500 secs]
   [Parallel Time:   0.5 ms]
      [GC Worker Start (ms):  6712.8  6712.9
       Avg: 6712.9, Min: 6712.8, Max: 6712.9, Diff:   0.0]
      [Ext Root Scanning (ms):  0.4  0.4
       Avg:   0.4, Min:   0.4, Max:   0.4, Diff:   0.0]
      [SATB Filtering (ms):  0.0  0.0
       Avg:   0.0, Min:   0.0, Max:   0.0, Diff:   0.0]
      [Update RS (ms):  0.0  0.0
       Avg:   0.0, Min:   0.0, Max:   0.0, Diff:   0.0]
         [Processed Buffers : 3 0
          Sum: 3, Avg: 1, Min: 0, Max: 3, Diff: 3]
      [Scan RS (ms):  0.0  0.0
       Avg:   0.0, Min:   0.0, Max:   0.0, Diff:   0.0]
      [Object Copy (ms):  0.0  0.0
       Avg:   0.0, Min:   0.0, Max:   0.0, Diff:   0.0]
      [Termination (ms):  0.0  0.0
       Avg:   0.0, Min:   0.0, Max:   0.0, Diff:   0.0]
         [Termination Attempts : 1 1
          Sum: 2, Avg: 1, Min: 1, Max: 1, Diff: 0]
      [GC Worker End (ms):  6713.3  6713.3
       Avg: 6713.3, Min: 6713.3, Max: 6713.3, Diff:   0.0]
      [GC Worker (ms):  0.5  0.5
       Avg:   0.5, Min:   0.5, Max:   0.5, Diff:   0.0]
      [GC Worker Other (ms):  0.0  0.0
       Avg:   0.0, Min:   0.0, Max:   0.0, Diff:   0.0]
   [Complete CSet Marking:   0.0 ms]
   [Clear CT:   0.0 ms]
   [Other:   0.0 ms]
      [Choose CSet:   0.0 ms]
      [Ref Proc:   0.0 ms]
      [Ref Enq:   0.0 ms]
      [Free CSet:   0.0 ms]
   [Eden: 1024K(101M)->0B(101M) Survivors: 1024K->1024K Heap: 441M(512M)->441M(512M)]
 [Times: user=0.00 sys=0.00, real=0.00 secs] 
6.714: [Full GC 441M->356M(512M), 0.0119330 secs]
 [Times: user=0.01 sys=0.00, real=0.01 secs] 
6.726: [GC concurrent-mark-abort]
6.750: [GC pause (young) (initial-mark), 0.00243200 secs]
   [Parallel Time:   2.2 ms]
      [GC Worker Start (ms):  6750.5  6751.5
       Avg: 6751.0, Min: 6750.5, Max: 6751.5, Diff:   0.9]
      [Ext Root Scanning (ms):  1.5  1.0
       Avg:   1.3, Min:   1.0, Max:   1.5, Diff:   0.5]
      [Update RS (ms):  0.0  0.0
       Avg:   0.0, Min:   0.0, Max:   0.0, Diff:   0.0]
         [Processed Buffers : 2 0
          Sum: 2, Avg: 1, Min: 0, Max: 2, Diff: 2]
      [Scan RS (ms):  0.0  0.0
       Avg:   0.0, Min:   0.0, Max:   0.0, Diff:   0.0]
      [Object Copy (ms):  0.2  0.1
       Avg:   0.2, Min:   0.1, Max:   0.2, Diff:   0.1]
      [Termination (ms):  0.4  0.0
       Avg:   0.2, Min:   0.0, Max:   0.4, Diff:   0.4]
         [Termination Attempts : 1 1
          Sum: 2, Avg: 1, Min: 1, Max: 1, Diff: 0]
      [GC Worker End (ms):  6752.7  6752.6
       Avg: 6752.7, Min: 6752.6, Max: 6752.7, Diff:   0.1]
      [GC Worker (ms):  2.2  1.2
       Avg:   1.7, Min:   1.2, Max:   2.2, Diff:   1.0]
      [GC Worker Other (ms):  0.0  1.1
       Avg:   0.5, Min:   0.0, Max:   1.1, Diff:   1.0]
   [Clear CT:   0.0 ms]
   [Other:   0.2 ms]
      [Choose CSet:   0.0 ms]
      [Ref Proc:   0.1 ms]
      [Ref Enq:   0.0 ms]
      [Free CSet:   0.0 ms]
   [Eden: 1024K(101M)->0B(101M) Survivors: 0B->1024K Heap: 392M(512M)->392M(512M)]
 [Times: user=0.00 sys=0.00, real=0.00 secs] 
6.753: [GC concurrent-root-region-scan-start]
6.753: [GC concurrent-root-region-scan-end, 0.0000730]
6.753: [GC concurrent-mark-start]
6.755: [GC concurrent-mark-end, 0.0017040 sec]
6.761: [GC remark 6.761: [GC ref-proc, 0.0000150 secs], 0.0046420 secs]
 [Times: user=0.00 sys=0.00, real=0.00 secs] 
6.781: [GC pause (young), 0.00107000 secs]
   [Parallel Time:   1.0 ms]
      [GC Worker Start (ms):  6781.4  6781.4
       Avg: 6781.4, Min: 6781.4, Max: 6781.4, Diff:   0.0]
      [Ext Root Scanning (ms):  0.8  0.8
       Avg:   0.8, Min:   0.8, Max:   0.8, Diff:   0.0]
      [SATB Filtering (ms):  0.0  0.0
       Avg:   0.0, Min:   0.0, Max:   0.0, Diff:   0.0]
      [Update RS (ms):  0.0  0.0
       Avg:   0.0, Min:   0.0, Max:   0.0, Diff:   0.0]
         [Processed Buffers : 2 1
          Sum: 3, Avg: 1, Min: 1, Max: 2, Diff: 1]
      [Scan RS (ms):  0.0  0.0
       Avg:   0.0, Min:   0.0, Max:   0.0, Diff:   0.0]
      [Object Copy (ms):  0.1  0.0
       Avg:   0.0, Min:   0.0, Max:   0.1, Diff:   0.0]
      [Termination (ms):  0.0  0.0
       Avg:   0.0, Min:   0.0, Max:   0.0, Diff:   0.0]
         [Termination Attempts : 1 1
          Sum: 2, Avg: 1, Min: 1, Max: 1, Diff: 0]
      [GC Worker End (ms):  6782.3  6782.4
       Avg: 6782.4, Min: 6782.3, Max: 6782.4, Diff:   0.0]
      [GC Worker (ms):  0.9  0.9
       Avg:   0.9, Min:   0.9, Max:   0.9, Diff:   0.0]
      [GC Worker Other (ms):  0.1  0.0
       Avg:   0.0, Min:   0.0, Max:   0.1, Diff:   0.0]
   [Complete CSet Marking:   0.0 ms]
   [Clear CT:   0.0 ms]
   [Other:   0.1 ms]
      [Choose CSet:   0.0 ms]
      [Ref Proc:   0.0 ms]
      [Ref Enq:   0.0 ms]
      [Free CSet:   0.0 ms]
   [Eden: 1024K(101M)->0B(101M) Survivors: 1024K->1024K Heap: 438M(512M)->438M(512M)]
 [Times: user=0.00 sys=0.00, real=0.00 secs] 
6.783: [Full GC 438M->354M(512M), 0.0126620 secs]
 [Times: user=0.01 sys=0.00, real=0.01 secs] 
6.808: [GC cleanup, 0.0000010 secs]
 [Times: user=0.00 sys=0.00, real=0.00 secs] 
6.808: [GC concurrent-mark-abort]
6.837: [GC pause (young) (initial-mark), 0.00251800 secs]
   [Parallel Time:   2.3 ms]
      [GC Worker Start (ms):  6837.2  6838.4
       Avg: 6837.8, Min: 6837.2, Max: 6838.4, Diff:   1.2]
      [Ext Root Scanning (ms):  2.0  0.5
       Avg:   1.2, Min:   0.5, Max:   2.0, Diff:   1.4]
      [Update RS (ms):  0.0  0.0
       Avg:   0.0, Min:   0.0, Max:   0.0, Diff:   0.0]
         [Processed Buffers : 0 4
          Sum: 4, Avg: 2, Min: 0, Max: 4, Diff: 4]
      [Scan RS (ms):  0.0  0.0
       Avg:   0.0, Min:   0.0, Max:   0.0, Diff:   0.0]
      [Object Copy (ms):  0.3  0.1
       Avg:   0.2, Min:   0.1, Max:   0.3, Diff:   0.2]
      [Termination (ms):  0.0  0.4
       Avg:   0.2, Min:   0.0, Max:   0.4, Diff:   0.4]
         [Termination Attempts : 1 1
          Sum: 2, Avg: 1, Min: 1, Max: 1, Diff: 0]
      [GC Worker End (ms):  6839.5  6839.5
       Avg: 6839.5, Min: 6839.5, Max: 6839.5, Diff:   0.0]
      [GC Worker (ms):  2.3  1.1
       Avg:   1.7, Min:   1.1, Max:   2.3, Diff:   1.2]
      [GC Worker Other (ms):  0.0  1.2
       Avg:   0.6, Min:   0.0, Max:   1.2, Diff:   1.2]
   [Clear CT:   0.0 ms]
   [Other:   0.2 ms]
      [Choose CSet:   0.0 ms]
      [Ref Proc:   0.0 ms]
      [Ref Enq:   0.0 ms]
      [Free CSet:   0.0 ms]
   [Eden: 1024K(101M)->0B(101M) Survivors: 0B->1024K Heap: 421M(512M)->421M(512M)]
 [Times: user=0.00 sys=0.00, real=0.01 secs] 
6.840: [GC concurrent-root-region-scan-start]
6.840: [GC concurrent-root-region-scan-end, 0.0000410]
6.840: [GC concurrent-mark-start]
6.842: [GC concurrent-mark-end, 0.0018470 sec]
6.850: [GC remark 6.850: [GC ref-proc, 0.0000250 secs], 0.0056360 secs]
 [Times: user=0.01 sys=0.00, real=0.00 secs] 
6.855: [GC cleanup 440M->387M(512M), 0.0003160 secs]
 [Times: user=0.00 sys=0.00, real=0.00 secs] 
6.856: [GC concurrent-cleanup-start]
6.856: [GC concurrent-cleanup-end, 0.0001090]
6.874: [GC pause (young) (initial-mark), 0.00196900 secs]
   [Parallel Time:   1.8 ms]
      [GC Worker Start (ms):  6874.0  6875.5
       Avg: 6874.8, Min: 6874.0, Max: 6875.5, Diff:   1.5]
      [Ext Root Scanning (ms):  1.2  0.2
       Avg:   0.7, Min:   0.2, Max:   1.2, Diff:   1.0]
      [Update RS (ms):  0.0  0.0
       Avg:   0.0, Min:   0.0, Max:   0.0, Diff:   0.0]
         [Processed Buffers : 0 3
          Sum: 3, Avg: 1, Min: 0, Max: 3, Diff: 3]
      [Scan RS (ms):  0.0  0.0
       Avg:   0.0, Min:   0.0, Max:   0.0, Diff:   0.0]
      [Object Copy (ms):  0.6  0.0
       Avg:   0.3, Min:   0.0, Max:   0.6, Diff:   0.5]
      [Termination (ms):  0.0  0.0
       Avg:   0.0, Min:   0.0, Max:   0.0, Diff:   0.0]
         [Termination Attempts : 1 1
          Sum: 2, Avg: 1, Min: 1, Max: 1, Diff: 0]
      [GC Worker End (ms):  6875.8  6875.8
       Avg: 6875.8, Min: 6875.8, Max: 6875.8, Diff:   0.0]
      [GC Worker (ms):  1.8  0.3
       Avg:   1.1, Min:   0.3, Max:   1.8, Diff:   1.5]
      [GC Worker Other (ms):  0.0  1.5
       Avg:   0.8, Min:   0.0, Max:   1.5, Diff:   1.5]
   [Clear CT:   0.0 ms]
   [Other:   0.1 ms]
      [Choose CSet:   0.0 ms]
      [Ref Proc:   0.0 ms]
      [Ref Enq:   0.0 ms]
      [Free CSet:   0.0 ms]
   [Eden: 1024K(101M)->0B(101M) Survivors: 1024K->1024K Heap: 410M(512M)->410M(512M)]
 [Times: user=0.01 sys=0.00, real=0.00 secs] 
6.876: [GC concurrent-root-region-scan-start]
6.876: [GC concurrent-root-region-scan-end, 0.0000970]
6.876: [GC concurrent-mark-start]
6.879: [GC concurrent-mark-end, 0.0025510 sec]
6.910: [GC remark 6.910: [GC ref-proc, 0.0000140 secs], 0.0045610 secs]
 [Times: user=0.01 sys=0.00, real=0.00 secs] 
6.915: [GC pause (young), 0.00122800 secs]
   [Parallel Time:   1.1 ms]
      [GC Worker Start (ms):  6914.9  6914.9
       Avg: 6914.9, Min: 6914.9, Max: 6914.9, Diff:   0.0]
      [Ext Root Scanning (ms):  0.6  0.7
       Avg:   0.7, Min:   0.6, Max:   0.7, Diff:   0.1]
      [SATB Filtering (ms):  0.0  0.0
       Avg:   0.0, Min:   0.0, Max:   0.0, Diff:   0.0]
      [Update RS (ms):  0.2  0.3
       Avg:   0.2, Min:   0.2, Max:   0.3, Diff:   0.1]
         [Processed Buffers : 1 3
          Sum: 4, Avg: 2, Min: 1, Max: 3, Diff: 2]
      [Scan RS (ms):  0.0  0.0
       Avg:   0.0, Min:   0.0, Max:   0.0, Diff:   0.0]
      [Object Copy (ms):  0.0  0.1
       Avg:   0.1, Min:   0.0, Max:   0.1, Diff:   0.0]
      [Termination (ms):  0.2  0.0
       Avg:   0.1, Min:   0.0, Max:   0.2, Diff:   0.2]
         [Termination Attempts : 1 1
          Sum: 2, Avg: 1, Min: 1, Max: 1, Diff: 0]
      [GC Worker End (ms):  6915.9  6915.9
       Avg: 6915.9, Min: 6915.9, Max: 6915.9, Diff:   0.0]
      [GC Worker (ms):  1.1  1.0
       Avg:   1.0, Min:   1.0, Max:   1.1, Diff:   0.0]
      [GC Worker Other (ms):  0.0  0.1
       Avg:   0.0, Min:   0.0, Max:   0.1, Diff:   0.0]
   [Complete CSet Marking:   0.0 ms]
   [Clear CT:   0.0 ms]
   [Other:   0.1 ms]
      [Choose CSet:   0.0 ms]
      [Ref Proc:   0.1 ms]
      [Ref Enq:   0.0 ms]
      [Free CSet:   0.0 ms]
   [Eden: 1024K(101M)->0B(101M) Survivors: 1024K->1024K Heap: 466M(512M)->466M(512M)]
 [Times: user=0.00 sys=0.00, real=0.00 secs] 
6.916: [Full GC 466M->326M(512M), 0.0131040 secs]
 [Times: user=0.01 sys=0.00, real=0.02 secs] 
6.989: [GC cleanup, 0.0000010 secs]
 [Times: user=0.00 sys=0.00, real=0.00 secs] 
6.989: [GC concurrent-mark-abort]
7.014: [GC pause (young) (initial-mark), 0.00241600 secs]
   [Parallel Time:   2.2 ms]
      [GC Worker Start (ms):  7014.3  7014.3
       Avg: 7014.3, Min: 7014.3, Max: 7014.3, Diff:   0.0]
      [Ext Root Scanning (ms):  1.8  1.6
       Avg:   1.7, Min:   1.6, Max:   1.8, Diff:   0.1]
      [Update RS (ms):  0.0  0.1
       Avg:   0.0, Min:   0.0, Max:   0.1, Diff:   0.1]
         [Processed Buffers : 0 6
          Sum: 6, Avg: 3, Min: 0, Max: 6, Diff: 6]
      [Scan RS (ms):  0.0  0.0
       Avg:   0.0, Min:   0.0, Max:   0.0, Diff:   0.0]
      [Object Copy (ms):  0.3  0.1
       Avg:   0.2, Min:   0.1, Max:   0.3, Diff:   0.1]
      [Termination (ms):  0.0  0.2
       Avg:   0.1, Min:   0.0, Max:   0.2, Diff:   0.2]
         [Termination Attempts : 1 1
          Sum: 2, Avg: 1, Min: 1, Max: 1, Diff: 0]
      [GC Worker End (ms):  7016.3  7016.4
       Avg: 7016.4, Min: 7016.3, Max: 7016.4, Diff:   0.1]
      [GC Worker (ms):  2.1  2.1
       Avg:   2.1, Min:   2.1, Max:   2.1, Diff:   0.0]
      [GC Worker Other (ms):  0.1  0.1
       Avg:   0.1, Min:   0.1, Max:   0.1, Diff:   0.0]
   [Clear CT:   0.0 ms]
   [Other:   0.2 ms]
      [Choose CSet:   0.0 ms]
      [Ref Proc:   0.1 ms]
      [Ref Enq:   0.0 ms]
      [Free CSet:   0.0 ms]
   [Eden: 1024K(101M)->0B(101M) Survivors: 0B->1024K Heap: 460M(512M)->460M(512M)]
 [Times: user=0.00 sys=0.00, real=0.00 secs] 
7.017: [GC concurrent-root-region-scan-start]
7.017: [GC concurrent-root-region-scan-end, 0.0001350]
7.017: [GC concurrent-mark-start]
7.017: [GC pause (young), 0.00099800 secs]
   [Parallel Time:   0.9 ms]
      [GC Worker Start (ms):  7017.1  7017.1
       Avg: 7017.1, Min: 7017.1, Max: 7017.1, Diff:   0.0]
      [Ext Root Scanning (ms):  0.5  0.8
       Avg:   0.7, Min:   0.5, Max:   0.8, Diff:   0.3]
      [SATB Filtering (ms):  0.0  0.0
       Avg:   0.0, Min:   0.0, Max:   0.0, Diff:   0.0]
      [Update RS (ms):  0.0  0.0
       Avg:   0.0, Min:   0.0, Max:   0.0, Diff:   0.0]
         [Processed Buffers : 4 0
          Sum: 4, Avg: 2, Min: 0, Max: 4, Diff: 4]
      [Scan RS (ms):  0.0  0.0
       Avg:   0.0, Min:   0.0, Max:   0.0, Diff:   0.0]
      [Object Copy (ms):  0.0  0.0
       Avg:   0.0, Min:   0.0, Max:   0.0, Diff:   0.0]
      [Termination (ms):  0.3  0.0
       Avg:   0.1, Min:   0.0, Max:   0.3, Diff:   0.3]
         [Termination Attempts : 1 1
          Sum: 2, Avg: 1, Min: 1, Max: 1, Diff: 0]
      [GC Worker End (ms):  7018.0  7018.0
       Avg: 7018.0, Min: 7018.0, Max: 7018.0, Diff:   0.0]
      [GC Worker (ms):  0.9  0.8
       Avg:   0.8, Min:   0.8, Max:   0.9, Diff:   0.0]
      [GC Worker Other (ms):  0.0  0.1
       Avg:   0.0, Min:   0.0, Max:   0.1, Diff:   0.0]
   [Complete CSet Marking:   0.0 ms]
   [Clear CT:   0.1 ms]
   [Other:   0.0 ms]
      [Choose CSet:   0.0 ms]
      [Ref Proc:   0.0 ms]
      [Ref Enq:   0.0 ms]
      [Free CSet:   0.0 ms]
   [Eden: 0B(101M)->0B(101M) Survivors: 1024K->1024K Heap: 460M(512M)->460M(512M)]
 [Times: user=0.00 sys=0.00, real=0.00 secs] 
7.018: [Full GC 460M->233M(512M), 0.0126680 secs]
 [Times: user=0.01 sys=0.00, real=0.02 secs] 
7.031: [GC concurrent-mark-abort]
7.069: [GC pause (young) (initial-mark), 0.00203900 secs]
   [Parallel Time:   1.8 ms]
      [GC Worker Start (ms):  7068.7  7068.7
       Avg: 7068.7, Min: 7068.7, Max: 7068.7, Diff:   0.0]
      [Ext Root Scanning (ms):  1.2  1.6
       Avg:   1.4, Min:   1.2, Max:   1.6, Diff:   0.4]
      [Update RS (ms):  0.0  0.0
       Avg:   0.0, Min:   0.0, Max:   0.0, Diff:   0.0]
         [Processed Buffers : 1 0
          Sum: 1, Avg: 0, Min: 0, Max: 1, Diff: 1]
      [Scan RS (ms):  0.0  0.0
       Avg:   0.0, Min:   0.0, Max:   0.0, Diff:   0.0]
      [Object Copy (ms):  0.2  0.1
       Avg:   0.2, Min:   0.1, Max:   0.2, Diff:   0.1]
      [Termination (ms):  0.3  0.0
       Avg:   0.1, Min:   0.0, Max:   0.3, Diff:   0.3]
         [Termination Attempts : 1 1
          Sum: 2, Avg: 1, Min: 1, Max: 1, Diff: 0]
      [GC Worker End (ms):  7070.5  7070.5
       Avg: 7070.5, Min: 7070.5, Max: 7070.5, Diff:   0.0]
      [GC Worker (ms):  1.7  1.7
       Avg:   1.7, Min:   1.7, Max:   1.7, Diff:   0.0]
      [GC Worker Other (ms):  0.0  0.1
       Avg:   0.0, Min:   0.0, Max:   0.1, Diff:   0.0]
   [Clear CT:   0.0 ms]
   [Other:   0.2 ms]
      [Choose CSet:   0.0 ms]
      [Ref Proc:   0.1 ms]
      [Ref Enq:   0.0 ms]
      [Free CSet:   0.0 ms]
   [Eden: 1024K(101M)->0B(161M) Survivors: 0B->1024K Heap: 288M(512M)->288M(512M)]
 [Times: user=0.01 sys=0.00, real=0.01 secs] 
7.071: [GC concurrent-root-region-scan-start]
7.071: [GC concurrent-root-region-scan-end, 0.0000300]
7.071: [GC concurrent-mark-start]
7.077: [GC concurrent-mark-end, 0.0057870 sec]
7.095: [GC remark 7.095: [GC ref-proc, 0.0000180 secs], 0.0031030 secs]
 [Times: user=0.00 sys=0.00, real=0.00 secs] 
7.098: [GC cleanup 327M->327M(512M), 0.0004030 secs]
 [Times: user=0.00 sys=0.00, real=0.01 secs] 
7.110: [GC pause (young) (initial-mark), 0.00152200 secs]
   [Parallel Time:   1.3 ms]
      [GC Worker Start (ms):  7110.3  7110.9
       Avg: 7110.6, Min: 7110.3, Max: 7110.9, Diff:   0.6]
      [Ext Root Scanning (ms):  0.9  0.5
       Avg:   0.7, Min:   0.5, Max:   0.9, Diff:   0.4]
      [Update RS (ms):  0.0  0.0
       Avg:   0.0, Min:   0.0, Max:   0.0, Diff:   0.0]
         [Processed Buffers : 7 0
          Sum: 7, Avg: 3, Min: 0, Max: 7, Diff: 7]
      [Scan RS (ms):  0.0  0.0
       Avg:   0.0, Min:   0.0, Max:   0.0, Diff:   0.0]
      [Object Copy (ms):  0.2  0.1
       Avg:   0.1, Min:   0.1, Max:   0.2, Diff:   0.1]
      [Termination (ms):  0.1  0.0
       Avg:   0.1, Min:   0.0, Max:   0.1, Diff:   0.1]
         [Termination Attempts : 1 1
          Sum: 2, Avg: 1, Min: 1, Max: 1, Diff: 0]
      [GC Worker End (ms):  7111.6  7111.5
       Avg: 7111.5, Min: 7111.5, Max: 7111.6, Diff:   0.0]
      [GC Worker (ms):  1.3  0.7
       Avg:   1.0, Min:   0.7, Max:   1.3, Diff:   0.6]
      [GC Worker Other (ms):  0.0  0.7
       Avg:   0.4, Min:   0.0, Max:   0.7, Diff:   0.6]
   [Clear CT:   0.0 ms]
   [Other:   0.2 ms]
      [Choose CSet:   0.0 ms]
      [Ref Proc:   0.0 ms]
      [Ref Enq:   0.0 ms]
      [Free CSet:   0.0 ms]
   [Eden: 1024K(161M)->0B(109M) Survivors: 1024K->1024K Heap: 339M(512M)->339M(512M)]
 [Times: user=0.01 sys=0.00, real=0.00 secs] 
7.112: [GC concurrent-root-region-scan-start]
7.112: [GC concurrent-root-region-scan-end, 0.0000460]
7.112: [GC concurrent-mark-start]
7.114: [GC concurrent-mark-end, 0.0024030 sec]
7.125: [GC remark 7.126: [GC ref-proc, 0.0000140 secs], 0.0038120 secs]
 [Times: user=0.00 sys=0.00, real=0.01 secs] 
7.129: [GC cleanup 364M->330M(512M), 0.0004630 secs]
 [Times: user=0.00 sys=0.00, real=0.00 secs] 
7.130: [GC concurrent-cleanup-start]
7.130: [GC concurrent-cleanup-end, 0.0000860]
7.171: [GC pause (young) (initial-mark), 0.00392400 secs]
   [Parallel Time:   3.6 ms]
      [GC Worker Start (ms):  7170.9  7170.9
       Avg: 7170.9, Min: 7170.9, Max: 7170.9, Diff:   0.0]
      [Ext Root Scanning (ms):  2.6  3.1
       Avg:   2.8, Min:   2.6, Max:   3.1, Diff:   0.5]
      [Update RS (ms):  0.0  0.0
       Avg:   0.0, Min:   0.0, Max:   0.0, Diff:   0.0]
         [Processed Buffers : 4 0
          Sum: 4, Avg: 2, Min: 0, Max: 4, Diff: 4]
      [Scan RS (ms):  0.0  0.0
       Avg:   0.0, Min:   0.0, Max:   0.0, Diff:   0.0]
      [Object Copy (ms):  0.2  0.2
       Avg:   0.2, Min:   0.2, Max:   0.2, Diff:   0.0]
      [Termination (ms):  0.5  0.0
       Avg:   0.2, Min:   0.0, Max:   0.5, Diff:   0.5]
         [Termination Attempts : 1 1
          Sum: 2, Avg: 1, Min: 1, Max: 1, Diff: 0]
      [GC Worker End (ms):  7174.2  7174.2
       Avg: 7174.2, Min: 7174.2, Max: 7174.2, Diff:   0.1]
      [GC Worker (ms):  3.3  3.3
       Avg:   3.3, Min:   3.3, Max:   3.3, Diff:   0.1]
      [GC Worker Other (ms):  0.2  0.3
       Avg:   0.3, Min:   0.2, Max:   0.3, Diff:   0.1]
   [Clear CT:   0.0 ms]
   [Other:   0.3 ms]
      [Choose CSet:   0.0 ms]
      [Ref Proc:   0.2 ms]
      [Ref Enq:   0.0 ms]
      [Free CSet:   0.0 ms]
   [Eden: 1024K(109M)->0B(101M) Survivors: 1024K->1024K Heap: 391M(512M)->391M(512M)]
 [Times: user=0.00 sys=0.00, real=0.00 secs] 
7.175: [GC concurrent-root-region-scan-start]
7.184: [GC concurrent-root-region-scan-end, 0.0096400]
7.184: [GC concurrent-mark-start]
7.191: [GC pause (young), 0.00105800 secs]
   [Parallel Time:   0.9 ms]
      [GC Worker Start (ms):  7191.1  7191.1
       Avg: 7191.1, Min: 7191.1, Max: 7191.1, Diff:   0.0]
      [Ext Root Scanning (ms):  0.8  0.7
       Avg:   0.8, Min:   0.7, Max:   0.8, Diff:   0.1]
      [SATB Filtering (ms):  0.0  0.0
       Avg:   0.0, Min:   0.0, Max:   0.0, Diff:   0.0]
      [Update RS (ms):  0.0  0.0
       Avg:   0.0, Min:   0.0, Max:   0.0, Diff:   0.0]
         [Processed Buffers : 0 4
          Sum: 4, Avg: 2, Min: 0, Max: 4, Diff: 4]
      [Scan RS (ms):  0.0  0.0
       Avg:   0.0, Min:   0.0, Max:   0.0, Diff:   0.0]
      [Object Copy (ms):  0.1  0.0
       Avg:   0.0, Min:   0.0, Max:   0.1, Diff:   0.0]
      [Termination (ms):  0.0  0.0
       Avg:   0.0, Min:   0.0, Max:   0.0, Diff:   0.0]
         [Termination Attempts : 1 1
          Sum: 2, Avg: 1, Min: 1, Max: 1, Diff: 0]
      [GC Worker End (ms):  7192.0  7192.0
       Avg: 7192.0, Min: 7192.0, Max: 7192.0, Diff:   0.0]
      [GC Worker (ms):  0.9  0.9
       Avg:   0.9, Min:   0.9, Max:   0.9, Diff:   0.0]
      [GC Worker Other (ms):  0.1  0.1
       Avg:   0.1, Min:   0.1, Max:   0.1, Diff:   0.0]
   [Complete CSet Marking:   0.0 ms]
   [Clear CT:   0.0 ms]
   [Other:   0.1 ms]
      [Choose CSet:   0.0 ms]
      [Ref Proc:   0.0 ms]
      [Ref Enq:   0.0 ms]
      [Free CSet:   0.0 ms]
   [Eden: 1024K(101M)->0B(101M) Survivors: 1024K->1024K Heap: 418M(512M)->418M(512M)]
 [Times: user=0.01 sys=0.00, real=0.00 secs] 
7.192: [Full GC 418M->199M(512M), 0.0117860 secs]
 [Times: user=0.01 sys=0.00, real=0.01 secs] 
7.212: [GC concurrent-mark-abort]
7.275: [GC pause (young) (initial-mark), 0.00204600 secs]
   [Parallel Time:   1.9 ms]
      [GC Worker Start (ms):  7274.7  7274.7
       Avg: 7274.7, Min: 7274.7, Max: 7274.7, Diff:   0.0]
      [Ext Root Scanning (ms):  1.5  1.6
       Avg:   1.6, Min:   1.5, Max:   1.6, Diff:   0.2]
      [Update RS (ms):  0.0  0.0
       Avg:   0.0, Min:   0.0, Max:   0.0, Diff:   0.0]
         [Processed Buffers : 4 0
          Sum: 4, Avg: 2, Min: 0, Max: 4, Diff: 4]
      [Scan RS (ms):  0.0  0.0
       Avg:   0.0, Min:   0.0, Max:   0.0, Diff:   0.0]
      [Object Copy (ms):  0.2  0.1
       Avg:   0.2, Min:   0.1, Max:   0.2, Diff:   0.1]
      [Termination (ms):  0.1  0.0
       Avg:   0.0, Min:   0.0, Max:   0.1, Diff:   0.1]
         [Termination Attempts : 1 1
          Sum: 2, Avg: 1, Min: 1, Max: 1, Diff: 0]
      [GC Worker End (ms):  7276.5  7276.5
       Avg: 7276.5, Min: 7276.5, Max: 7276.5, Diff:   0.0]
      [GC Worker (ms):  1.8  1.8
       Avg:   1.8, Min:   1.8, Max:   1.8, Diff:   0.0]
      [GC Worker Other (ms):  0.1  0.1
       Avg:   0.1, Min:   0.1, Max:   0.1, Diff:   0.0]
   [Clear CT:   0.0 ms]
   [Other:   0.2 ms]
      [Choose CSet:   0.0 ms]
      [Ref Proc:   0.0 ms]
      [Ref Enq:   0.0 ms]
      [Free CSet:   0.0 ms]
   [Eden: 1024K(101M)->0B(136M) Survivors: 0B->1024K Heap: 311M(512M)->311M(512M)]
 [Times: user=0.01 sys=0.00, real=0.00 secs] 
7.277: [GC concurrent-root-region-scan-start]
7.277: [GC concurrent-root-region-scan-end, 0.0000390]
7.277: [GC concurrent-mark-start]
7.286: [GC concurrent-mark-end, 0.0089250 sec]
7.305: [GC remark 7.306: [GC ref-proc, 0.0000230 secs], 0.0036250 secs]
 [Times: user=0.00 sys=0.00, real=0.01 secs] 
7.309: [GC cleanup 364M->294M(512M), 0.0003690 secs]
 [Times: user=0.00 sys=0.00, real=0.00 secs] 
7.310: [GC concurrent-cleanup-start]
7.310: [GC concurrent-cleanup-end, 0.0001400]
7.390: [GC pause (young) (initial-mark), 0.00259800 secs]
   [Parallel Time:   2.3 ms]
      [GC Worker Start (ms):  7389.7  7389.7
       Avg: 7389.7, Min: 7389.7, Max: 7389.7, Diff:   0.0]
      [Ext Root Scanning (ms):  2.1  1.2
       Avg:   1.6, Min:   1.2, Max:   2.1, Diff:   0.9]
      [Update RS (ms):  0.0  0.0
       Avg:   0.0, Min:   0.0, Max:   0.0, Diff:   0.0]
         [Processed Buffers : 0 6
          Sum: 6, Avg: 3, Min: 0, Max: 6, Diff: 6]
      [Scan RS (ms):  0.0  0.0
       Avg:   0.0, Min:   0.0, Max:   0.0, Diff:   0.0]
      [Object Copy (ms):  0.1  0.2
       Avg:   0.2, Min:   0.1, Max:   0.2, Diff:   0.1]
      [Termination (ms):  0.0  0.8
       Avg:   0.4, Min:   0.0, Max:   0.8, Diff:   0.8]
         [Termination Attempts : 1 1
          Sum: 2, Avg: 1, Min: 1, Max: 1, Diff: 0]
      [GC Worker End (ms):  7391.9  7391.9
       Avg: 7391.9, Min: 7391.9, Max: 7391.9, Diff:   0.0]
      [GC Worker (ms):  2.2  2.2
       Avg:   2.2, Min:   2.2, Max:   2.2, Diff:   0.0]
      [GC Worker Other (ms):  0.1  0.1
       Avg:   0.1, Min:   0.1, Max:   0.1, Diff:   0.0]
   [Clear CT:   0.0 ms]
   [Other:   0.3 ms]
      [Choose CSet:   0.0 ms]
      [Ref Proc:   0.1 ms]
      [Ref Enq:   0.0 ms]
      [Free CSet:   0.0 ms]
   [Eden: 1024K(136M)->0B(101M) Survivors: 1024K->1024K Heap: 416M(512M)->416M(512M)]
 [Times: user=0.01 sys=0.00, real=0.00 secs] 
7.392: [GC concurrent-root-region-scan-start]
7.392: [GC concurrent-root-region-scan-end, 0.0000920]
7.392: [GC concurrent-mark-start]
7.396: [GC concurrent-mark-end, 0.0035000 sec]
7.419: [GC pause (young), 0.00114300 secs]
   [Parallel Time:   1.0 ms]
      [GC Worker Start (ms):  7418.6  7418.6
       Avg: 7418.6, Min: 7418.6, Max: 7418.6, Diff:   0.0]
      [Ext Root Scanning (ms):  0.9  0.7
       Avg:   0.8, Min:   0.7, Max:   0.9, Diff:   0.2]
      [SATB Filtering (ms):  0.0  0.0
       Avg:   0.0, Min:   0.0, Max:   0.0, Diff:   0.0]
      [Update RS (ms):  0.0  0.0
       Avg:   0.0, Min:   0.0, Max:   0.0, Diff:   0.0]
         [Processed Buffers : 0 2
          Sum: 2, Avg: 1, Min: 0, Max: 2, Diff: 2]
      [Scan RS (ms):  0.0  0.0
       Avg:   0.0, Min:   0.0, Max:   0.0, Diff:   0.0]
      [Object Copy (ms):  0.0  0.1
       Avg:   0.1, Min:   0.0, Max:   0.1, Diff:   0.1]
      [Termination (ms):  0.0  0.0
       Avg:   0.0, Min:   0.0, Max:   0.0, Diff:   0.0]
         [Termination Attempts : 1 1
          Sum: 2, Avg: 1, Min: 1, Max: 1, Diff: 0]
      [GC Worker End (ms):  7419.5  7419.5
       Avg: 7419.5, Min: 7419.5, Max: 7419.5, Diff:   0.0]
      [GC Worker (ms):  0.9  0.9
       Avg:   0.9, Min:   0.9, Max:   0.9, Diff:   0.0]
      [GC Worker Other (ms):  0.0  0.0
       Avg:   0.0, Min:   0.0, Max:   0.0, Diff:   0.0]
   [Complete CSet Marking:   0.0 ms]
   [Clear CT:   0.0 ms]
   [Other:   0.2 ms]
      [Choose CSet:   0.0 ms]
      [Ref Proc:   0.1 ms]
      [Ref Enq:   0.0 ms]
      [Free CSet:   0.0 ms]
   [Eden: 1024K(101M)->0B(101M) Survivors: 1024K->1024K Heap: 463M(512M)->463M(512M)]
 [Times: user=0.01 sys=0.00, real=0.01 secs] 
7.420: [Full GC 463M->359M(512M), 0.0129480 secs]
 [Times: user=0.01 sys=0.01, real=0.01 secs] 
7.447: [GC remark, 0.0000020 secs]
 [Times: user=0.00 sys=0.00, real=0.00 secs] 
7.447: [GC concurrent-mark-abort]
7.467: [GC pause (young) (initial-mark), 0.00209800 secs]
   [Parallel Time:   1.9 ms]
      [GC Worker Start (ms):  7467.3  7467.7
       Avg: 7467.5, Min: 7467.3, Max: 7467.7, Diff:   0.4]
      [Ext Root Scanning (ms):  1.4  1.3
       Avg:   1.4, Min:   1.3, Max:   1.4, Diff:   0.0]
      [Update RS (ms):  0.0  0.0
       Avg:   0.0, Min:   0.0, Max:   0.0, Diff:   0.0]
         [Processed Buffers : 5 0
          Sum: 5, Avg: 2, Min: 0, Max: 5, Diff: 5]
      [Scan RS (ms):  0.0  0.0
       Avg:   0.0, Min:   0.0, Max:   0.0, Diff:   0.0]
      [Object Copy (ms):  0.5  0.2
       Avg:   0.3, Min:   0.2, Max:   0.5, Diff:   0.3]
      [Termination (ms):  0.0  0.0
       Avg:   0.0, Min:   0.0, Max:   0.0, Diff:   0.0]
         [Termination Attempts : 1 1
          Sum: 2, Avg: 1, Min: 1, Max: 1, Diff: 0]
      [GC Worker End (ms):  7469.2  7469.2
       Avg: 7469.2, Min: 7469.2, Max: 7469.2, Diff:   0.0]
      [GC Worker (ms):  1.9  1.5
       Avg:   1.7, Min:   1.5, Max:   1.9, Diff:   0.4]
      [GC Worker Other (ms):  0.0  0.4
       Avg:   0.2, Min:   0.0, Max:   0.4, Diff:   0.3]
   [Clear CT:   0.0 ms]
   [Other:   0.2 ms]
      [Choose CSet:   0.0 ms]
      [Ref Proc:   0.0 ms]
      [Ref Enq:   0.0 ms]
      [Free CSet:   0.0 ms]
   [Eden: 1024K(101M)->0B(101M) Survivors: 0B->1024K Heap: 413M(512M)->413M(512M)]
 [Times: user=0.00 sys=0.00, real=0.01 secs] 
7.469: [GC concurrent-root-region-scan-start]
7.469: [GC concurrent-root-region-scan-end, 0.0000520]
7.469: [GC concurrent-mark-start]
7.473: [GC concurrent-mark-end, 0.0032170 sec]
7.476: [GC remark 7.476: [GC ref-proc, 0.0000170 secs], 0.0049090 secs]
 [Times: user=0.01 sys=0.00, real=0.01 secs] 
7.481: [GC cleanup 425M->425M(512M), 0.0004870 secs]
 [Times: user=0.00 sys=0.00, real=0.00 secs] 
7.495: [GC pause (young) (initial-mark), 0.00279200 secs]
   [Parallel Time:   2.5 ms]
      [GC Worker Start (ms):  7495.0  7497.4
       Avg: 7496.2, Min: 7495.0, Max: 7497.4, Diff:   2.4]
      [Ext Root Scanning (ms):  1.8  0.0
       Avg:   0.9, Min:   0.0, Max:   1.8, Diff:   1.8]
      [Update RS (ms):  0.0  0.0
       Avg:   0.0, Min:   0.0, Max:   0.0, Diff:   0.0]
         [Processed Buffers : 3 0
          Sum: 3, Avg: 1, Min: 0, Max: 3, Diff: 3]
      [Scan RS (ms):  0.0  0.0
       Avg:   0.0, Min:   0.0, Max:   0.0, Diff:   0.0]
      [Object Copy (ms):  0.4  0.0
       Avg:   0.2, Min:   0.0, Max:   0.4, Diff:   0.4]
      [Termination (ms):  0.2  0.0
       Avg:   0.1, Min:   0.0, Max:   0.2, Diff:   0.2]
         [Termination Attempts : 1 1
          Sum: 2, Avg: 1, Min: 1, Max: 1, Diff: 0]
      [GC Worker End (ms):  7497.5  7497.4
       Avg: 7497.5, Min: 7497.4, Max: 7497.5, Diff:   0.1]
      [GC Worker (ms):  2.5  0.0
       Avg:   1.2, Min:   0.0, Max:   2.5, Diff:   2.5]
      [GC Worker Other (ms):  0.0  2.5
       Avg:   1.3, Min:   0.0, Max:   2.5, Diff:   2.5]
   [Clear CT:   0.0 ms]
   [Other:   0.3 ms]
      [Choose CSet:   0.0 ms]
      [Ref Proc:   0.1 ms]
      [Ref Enq:   0.0 ms]
      [Free CSet:   0.0 ms]
   [Eden: 0B(101M)->0B(101M) Survivors: 1024K->1024K Heap: 438M(512M)->438M(512M)]
 [Times: user=0.00 sys=0.00, real=0.00 secs] 
7.498: [GC concurrent-root-region-scan-start]
7.498: [GC pause (young)7.498: [GC concurrent-root-region-scan-end, 0.0001140]
7.498: [GC concurrent-mark-start]
, 0.02290600 secs]
   [Root Region Scan Waiting:   0.0 ms]
   [Parallel Time:  22.7 ms]
      [GC Worker Start (ms):  7498.0  7500.4
       Avg: 7499.2, Min: 7498.0, Max: 7500.4, Diff:   2.4]
      [Ext Root Scanning (ms):  1.2  0.0
       Avg:   0.6, Min:   0.0, Max:   1.2, Diff:   1.2]
      [SATB Filtering (ms):  0.0  0.0
       Avg:   0.0, Min:   0.0, Max:   0.0, Diff:   0.0]
      [Update RS (ms):  0.0  0.0
       Avg:   0.0, Min:   0.0, Max:   0.0, Diff:   0.0]
         [Processed Buffers : 2 0
          Sum: 2, Avg: 1, Min: 0, Max: 2, Diff: 2]
      [Scan RS (ms):  18.5  0.0
       Avg:   9.3, Min:   0.0, Max:  18.5, Diff:  18.5]
      [Object Copy (ms):  1.2  0.0
       Avg:   0.6, Min:   0.0, Max:   1.2, Diff:   1.1]
      [Termination (ms):  0.0  20.3
       Avg:  10.1, Min:   0.0, Max:  20.3, Diff:  20.3]
         [Termination Attempts : 1 1
          Sum: 2, Avg: 1, Min: 1, Max: 1, Diff: 0]
      [GC Worker End (ms):  7519.1  7520.7
       Avg: 7519.9, Min: 7519.1, Max: 7520.7, Diff:   1.7]
      [GC Worker (ms):  21.0  20.3
       Avg:  20.7, Min:  20.3, Max:  21.0, Diff:   0.7]
      [GC Worker Other (ms):  1.7  2.4
       Avg:   2.1, Min:   1.7, Max:   2.4, Diff:   0.7]
   [Complete CSet Marking:   0.0 ms]
   [Clear CT:   0.0 ms]
   [Other:   0.1 ms]
      [Choose CSet:   0.0 ms]
      [Ref Proc:   0.1 ms]
      [Ref Enq:   0.0 ms]
      [Free CSet:   0.0 ms]
   [Eden: 0B(101M)->0B(101M) Survivors: 1024K->1024K Heap: 438M(512M)->438M(512M)]
 [Times: user=0.02 sys=0.00, real=0.03 secs] 
7.523: [GC concurrent-mark-end, 0.0247890 sec]
7.523: [GC remark 7.523: [GC ref-proc, 0.0000090 secs], 0.0066350 secs]
 [Times: user=0.00 sys=0.00, real=0.01 secs] 
7.530: [GC cleanup 438M->302M(512M), 0.0007620 secs]
 [Times: user=0.00 sys=0.00, real=0.00 secs] 
7.531: [GC concurrent-cleanup-start]
7.531: [GC concurrent-cleanup-end, 0.0002410]
7.562: [GC pause (young) (initial-mark), 0.00585500 secs]
   [Parallel Time:   5.6 ms]
      [GC Worker Start (ms):  7562.8  7563.2
       Avg: 7563.0, Min: 7562.8, Max: 7563.2, Diff:   0.4]
      [Ext Root Scanning (ms):  5.2  1.7
       Avg:   3.4, Min:   1.7, Max:   5.2, Diff:   3.5]
      [Update RS (ms):  0.0  0.0
       Avg:   0.0, Min:   0.0, Max:   0.0, Diff:   0.0]
         [Processed Buffers : 0 3
          Sum: 3, Avg: 1, Min: 0, Max: 3, Diff: 3]
      [Scan RS (ms):  0.0  0.0
       Avg:   0.0, Min:   0.0, Max:   0.0, Diff:   0.0]
      [Object Copy (ms):  0.1  0.5
       Avg:   0.3, Min:   0.1, Max:   0.5, Diff:   0.4]
      [Termination (ms):  0.0  2.6
       Avg:   1.3, Min:   0.0, Max:   2.6, Diff:   2.6]
         [Termination Attempts : 1 1
          Sum: 2, Avg: 1, Min: 1, Max: 1, Diff: 0]
      [GC Worker End (ms):  7568.1  7568.1
       Avg: 7568.1, Min: 7568.1, Max: 7568.1, Diff:   0.0]
      [GC Worker (ms):  5.3  4.9
       Avg:   5.1, Min:   4.9, Max:   5.3, Diff:   0.4]
      [GC Worker Other (ms):  0.3  0.7
       Avg:   0.5, Min:   0.3, Max:   0.7, Diff:   0.4]
   [Clear CT:   0.0 ms]
   [Other:   0.3 ms]
      [Choose CSet:   0.0 ms]
      [Ref Proc:   0.1 ms]
      [Ref Enq:   0.0 ms]
      [Free CSet:   0.0 ms]
   [Eden: 0B(101M)->0B(108M) Survivors: 1024K->1024K Heap: 337M(512M)->337M(512M)]
 [Times: user=0.00 sys=0.00, real=0.00 secs] 
7.570: [GC concurrent-root-region-scan-start]
7.570: [GC concurrent-root-region-scan-end, 0.0000800]
7.570: [GC concurrent-mark-start]
7.575: [GC concurrent-mark-end, 0.0052530 sec]
7.586: [GC remark 7.586: [GC ref-proc, 0.0000190 secs], 0.0056600 secs]
 [Times: user=0.01 sys=0.00, real=0.01 secs] 
7.592: [GC cleanup 357M->308M(512M), 0.0003590 secs]
 [Times: user=0.00 sys=0.00, real=0.00 secs] 
7.592: [GC concurrent-cleanup-start]
7.592: [GC concurrent-cleanup-end, 0.0001000]
7.641: [GC pause (young) (initial-mark), 0.00117400 secs]
   [Parallel Time:   1.0 ms]
      [GC Worker Start (ms):  7641.1  7641.2
       Avg: 7641.1, Min: 7641.1, Max: 7641.2, Diff:   0.0]
      [Ext Root Scanning (ms):  0.7  0.8
       Avg:   0.8, Min:   0.7, Max:   0.8, Diff:   0.0]
      [Update RS (ms):  0.0  0.0
       Avg:   0.0, Min:   0.0, Max:   0.0, Diff:   0.0]
         [Processed Buffers : 5 0
          Sum: 5, Avg: 2, Min: 0, Max: 5, Diff: 5]
      [Scan RS (ms):  0.0  0.0
       Avg:   0.0, Min:   0.0, Max:   0.0, Diff:   0.0]
      [Object Copy (ms):  0.2  0.2
       Avg:   0.2, Min:   0.2, Max:   0.2, Diff:   0.0]
      [Termination (ms):  0.0  0.0
       Avg:   0.0, Min:   0.0, Max:   0.0, Diff:   0.0]
         [Termination Attempts : 1 1
          Sum: 2, Avg: 1, Min: 1, Max: 1, Diff: 0]
      [GC Worker End (ms):  7642.1  7642.1
       Avg: 7642.1, Min: 7642.1, Max: 7642.1, Diff:   0.0]
      [GC Worker (ms):  1.0  0.9
       Avg:   1.0, Min:   0.9, Max:   1.0, Diff:   0.0]
      [GC Worker Other (ms):  0.1  0.1
       Avg:   0.1, Min:   0.1, Max:   0.1, Diff:   0.0]
   [Clear CT:   0.0 ms]
   [Other:   0.1 ms]
      [Choose CSet:   0.0 ms]
      [Ref Proc:   0.0 ms]
      [Ref Enq:   0.0 ms]
      [Free CSet:   0.0 ms]
   [Eden: 1024K(108M)->0B(101M) Survivors: 1024K->1024K Heap: 388M(512M)->388M(512M)]
 [Times: user=0.00 sys=0.00, real=0.00 secs] 
7.642: [GC concurrent-root-region-scan-start]
7.642: [GC concurrent-root-region-scan-end, 0.0001570]
7.642: [GC concurrent-mark-start]
7.645: [GC concurrent-mark-end, 0.0026860 sec]
7.656: [GC pause (young), 0.00110800 secs]
   [Parallel Time:   1.0 ms]
      [GC Worker Start (ms):  7656.2  7656.2
       Avg: 7656.2, Min: 7656.2, Max: 7656.2, Diff:   0.0]
      [Ext Root Scanning (ms):  0.9  0.9
       Avg:   0.9, Min:   0.9, Max:   0.9, Diff:   0.1]
      [SATB Filtering (ms):  0.0  0.0
       Avg:   0.0, Min:   0.0, Max:   0.0, Diff:   0.0]
      [Update RS (ms):  0.0  0.0
       Avg:   0.0, Min:   0.0, Max:   0.0, Diff:   0.0]
         [Processed Buffers : 0 4
          Sum: 4, Avg: 2, Min: 0, Max: 4, Diff: 4]
      [Scan RS (ms):  0.0  0.0
       Avg:   0.0, Min:   0.0, Max:   0.0, Diff:   0.0]
      [Object Copy (ms):  0.0  0.0
       Avg:   0.0, Min:   0.0, Max:   0.0, Diff:   0.0]
      [Termination (ms):  0.0  0.0
       Avg:   0.0, Min:   0.0, Max:   0.0, Diff:   0.0]
         [Termination Attempts : 1 1
          Sum: 2, Avg: 1, Min: 1, Max: 1, Diff: 0]
      [GC Worker End (ms):  7657.2  7657.2
       Avg: 7657.2, Min: 7657.2, Max: 7657.2, Diff:   0.0]
      [GC Worker (ms):  1.0  1.0
       Avg:   1.0, Min:   1.0, Max:   1.0, Diff:   0.0]
      [GC Worker Other (ms):  0.0  0.1
       Avg:   0.1, Min:   0.0, Max:   0.1, Diff:   0.0]
   [Complete CSet Marking:   0.0 ms]
   [Clear CT:   0.0 ms]
   [Other:   0.1 ms]
      [Choose CSet:   0.0 ms]
      [Ref Proc:   0.0 ms]
      [Ref Enq:   0.0 ms]
      [Free CSet:   0.0 ms]
   [Eden: 0B(101M)->0B(101M) Survivors: 1024K->1024K Heap: 413M(512M)->413M(512M)]
 [Times: user=0.00 sys=0.00, real=0.00 secs] 
7.657: [Full GC 413M->269M(512M), 0.0126340 secs]
 [Times: user=0.01 sys=0.00, real=0.02 secs] 
7.754: [GC pause (young), 0.00299400 secs]
   [Parallel Time:   1.6 ms]
      [GC Worker Start (ms):  7754.2  7754.2
       Avg: 7754.2, Min: 7754.2, Max: 7754.2, Diff:   0.1]
      [Ext Root Scanning (ms):  1.2  1.2
       Avg:   1.2, Min:   1.2, Max:   1.2, Diff:   0.0]
      [SATB Filtering (ms):  0.0  0.0
       Avg:   0.0, Min:   0.0, Max:   0.0, Diff:   0.0]
      [Update RS (ms):  0.0  0.0
       Avg:   0.0, Min:   0.0, Max:   0.0, Diff:   0.0]
         [Processed Buffers : 2 1
          Sum: 3, Avg: 1, Min: 1, Max: 2, Diff: 1]
      [Scan RS (ms):  0.0  0.0
       Avg:   0.0, Min:   0.0, Max:   0.0, Diff:   0.0]
      [Object Copy (ms):  0.1  0.0
       Avg:   0.0, Min:   0.0, Max:   0.1, Diff:   0.0]
      [Termination (ms):  0.0  0.0
       Avg:   0.0, Min:   0.0, Max:   0.0, Diff:   0.0]
         [Termination Attempts : 1 1
          Sum: 2, Avg: 1, Min: 1, Max: 1, Diff: 0]
      [GC Worker End (ms):  7755.5  7755.5
       Avg: 7755.5, Min: 7755.5, Max: 7755.5, Diff:   0.0]
      [GC Worker (ms):  1.3  1.3
       Avg:   1.3, Min:   1.3, Max:   1.3, Diff:   0.1]
      [GC Worker Other (ms):  0.2  0.3
       Avg:   0.3, Min:   0.2, Max:   0.3, Diff:   0.1]
   [Complete CSet Marking:   0.0 ms]
   [Clear CT:   0.0 ms]
   [Other:   1.4 ms]
      [Choose CSet:   0.0 ms]
      [Ref Proc:   1.4 ms]
      [Ref Enq:   0.0 ms]
      [Free CSet:   0.0 ms]
   [Eden: 1024K(101M)->0B(101M) Survivors: 0B->1024K Heap: 417M(512M)->417M(512M)]
 [Times: user=0.00 sys=0.00, real=0.00 secs] 
7.757: [GC remark, 0.0000010 secs]
 [Times: user=0.00 sys=0.00, real=0.00 secs] 
7.758: [GC concurrent-mark-abort]
7.758: [Full GC 417M->218M(512M), 0.0130470 secs]
 [Times: user=0.01 sys=0.00, real=0.02 secs] 
7.787: [GC pause (young) (initial-mark), 0.00473600 secs]
   [Parallel Time:   2.5 ms]
      [GC Worker Start (ms):  7787.1  7787.2
       Avg: 7787.1, Min: 7787.1, Max: 7787.2, Diff:   0.0]
      [Ext Root Scanning (ms):  1.9  2.1
       Avg:   2.0, Min:   1.9, Max:   2.1, Diff:   0.2]
      [Update RS (ms):  0.0  0.0
       Avg:   0.0, Min:   0.0, Max:   0.0, Diff:   0.0]
         [Processed Buffers : 0 1
          Sum: 1, Avg: 0, Min: 0, Max: 1, Diff: 1]
      [Scan RS (ms):  0.0  0.0
       Avg:   0.0, Min:   0.0, Max:   0.0, Diff:   0.0]
      [Object Copy (ms):  0.3  0.1
       Avg:   0.2, Min:   0.1, Max:   0.3, Diff:   0.2]
      [Termination (ms):  0.0  0.0
       Avg:   0.0, Min:   0.0, Max:   0.0, Diff:   0.0]
         [Termination Attempts : 1 1
          Sum: 2, Avg: 1, Min: 1, Max: 1, Diff: 0]
      [GC Worker End (ms):  7789.4  7789.4
       Avg: 7789.4, Min: 7789.4, Max: 7789.4, Diff:   0.0]
      [GC Worker (ms):  2.3  2.2
       Avg:   2.3, Min:   2.2, Max:   2.3, Diff:   0.0]
      [GC Worker Other (ms):  0.3  0.3
       Avg:   0.3, Min:   0.3, Max:   0.3, Diff:   0.0]
   [Clear CT:   0.0 ms]
   [Other:   2.2 ms]
      [Choose CSet:   0.0 ms]
      [Ref Proc:   2.0 ms]
      [Ref Enq:   0.0 ms]
      [Free CSet:   0.0 ms]
   [Eden: 1024K(101M)->0B(213M) Survivors: 0B->1024K Heap: 237M(512M)->237M(512M)]
 [Times: user=0.00 sys=0.00, real=0.01 secs] 
7.792: [GC concurrent-root-region-scan-start]
7.792: [GC concurrent-root-region-scan-end, 0.0000580]
7.792: [GC concurrent-mark-start]
7.794: [GC concurrent-mark-end, 0.0013840 sec]
7.820: [GC remark 7.820: [GC ref-proc, 0.0000170 secs], 0.0029880 secs]
 [Times: user=0.00 sys=0.00, real=0.00 secs] 
7.867: [GC cleanup 368M->368M(512M), 0.0006370 secs]
 [Times: user=0.00 sys=0.00, real=0.00 secs] 
7.894: [GC pause (young) (initial-mark), 0.00154400 secs]
   [Parallel Time:   1.4 ms]
      [GC Worker Start (ms):  7894.6  7894.6
       Avg: 7894.6, Min: 7894.6, Max: 7894.6, Diff:   0.0]
      [Ext Root Scanning (ms):  0.8  1.1
       Avg:   0.9, Min:   0.8, Max:   1.1, Diff:   0.2]
      [Update RS (ms):  0.0  0.0
       Avg:   0.0, Min:   0.0, Max:   0.0, Diff:   0.0]
         [Processed Buffers : 6 0
          Sum: 6, Avg: 3, Min: 0, Max: 6, Diff: 6]
      [Scan RS (ms):  0.0  0.0
       Avg:   0.0, Min:   0.0, Max:   0.0, Diff:   0.0]
      [Object Copy (ms):  0.2  0.2
       Avg:   0.2, Min:   0.2, Max:   0.2, Diff:   0.0]
      [Termination (ms):  0.3  0.0
       Avg:   0.1, Min:   0.0, Max:   0.3, Diff:   0.3]
         [Termination Attempts : 1 1
          Sum: 2, Avg: 1, Min: 1, Max: 1, Diff: 0]
      [GC Worker End (ms):  7895.9  7895.9
       Avg: 7895.9, Min: 7895.9, Max: 7895.9, Diff:   0.0]
      [GC Worker (ms):  1.4  1.3
       Avg:   1.3, Min:   1.3, Max:   1.4, Diff:   0.0]
      [GC Worker Other (ms):  0.0  0.1
       Avg:   0.1, Min:   0.0, Max:   0.1, Diff:   0.0]
   [Clear CT:   0.0 ms]
   [Other:   0.1 ms]
      [Choose CSet:   0.0 ms]
      [Ref Proc:   0.0 ms]
      [Ref Enq:   0.0 ms]
      [Free CSet:   0.0 ms]
   [Eden: 1024K(213M)->0B(101M) Survivors: 1024K->1024K Heap: 405M(512M)->405M(512M)]
 [Times: user=0.01 sys=0.00, real=0.00 secs] 
7.896: [GC concurrent-root-region-scan-start]
7.896: [GC concurrent-root-region-scan-end, 0.0000430]
7.896: [GC concurrent-mark-start]
7.903: [GC concurrent-mark-end, 0.0065980 sec]
7.907: [GC remark 7.907: [GC ref-proc, 0.0000160 secs], 0.0037360 secs]
 [Times: user=0.00 sys=0.00, real=0.01 secs] 
7.924: [GC cleanup 447M->340M(512M), 0.0005320 secs]
 [Times: user=0.00 sys=0.00, real=0.00 secs] 
7.924: [GC concurrent-cleanup-start]
7.925: [GC concurrent-cleanup-end, 0.0002640]
7.958: [GC pause (young) (initial-mark), 0.00122800 secs]
   [Parallel Time:   1.1 ms]
      [GC Worker Start (ms):  7957.7  7957.9
       Avg: 7957.8, Min: 7957.7, Max: 7957.9, Diff:   0.3]
      [Ext Root Scanning (ms):  0.7  0.7
       Avg:   0.7, Min:   0.7, Max:   0.7, Diff:   0.1]
      [Update RS (ms):  0.0  0.0
       Avg:   0.0, Min:   0.0, Max:   0.0, Diff:   0.0]
         [Processed Buffers : 6 0
          Sum: 6, Avg: 3, Min: 0, Max: 6, Diff: 6]
      [Scan RS (ms):  0.0  0.0
       Avg:   0.0, Min:   0.0, Max:   0.0, Diff:   0.0]
      [Object Copy (ms):  0.2  0.1
       Avg:   0.2, Min:   0.1, Max:   0.2, Diff:   0.1]
      [Termination (ms):  0.1  0.0
       Avg:   0.0, Min:   0.0, Max:   0.1, Diff:   0.1]
         [Termination Attempts : 1 1
          Sum: 2, Avg: 1, Min: 1, Max: 1, Diff: 0]
      [GC Worker End (ms):  7958.7  7958.7
       Avg: 7958.7, Min: 7958.7, Max: 7958.7, Diff:   0.0]
      [GC Worker (ms):  1.1  0.8
       Avg:   0.9, Min:   0.8, Max:   1.1, Diff:   0.3]
      [GC Worker Other (ms):  0.0  0.3
       Avg:   0.2, Min:   0.0, Max:   0.3, Diff:   0.3]
   [Clear CT:   0.0 ms]
   [Other:   0.1 ms]
      [Choose CSet:   0.0 ms]
      [Ref Proc:   0.0 ms]
      [Ref Enq:   0.0 ms]
      [Free CSet:   0.0 ms]
   [Eden: 1024K(101M)->0B(101M) Survivors: 1024K->1024K Heap: 387M(512M)->387M(512M)]
 [Times: user=0.00 sys=0.00, real=0.01 secs] 
7.959: [GC concurrent-root-region-scan-start]
7.959: [GC concurrent-root-region-scan-end, 0.0000510]
7.959: [GC concurrent-mark-start]
7.961: [GC concurrent-mark-end, 0.0019630 sec]
7.970: [GC remark 7.970: [GC ref-proc, 0.0000160 secs], 0.0036330 secs]
 [Times: user=0.01 sys=0.00, real=0.00 secs] 
7.973: [GC cleanup 406M->307M(512M), 0.0004550 secs]
 [Times: user=0.00 sys=0.00, real=0.00 secs] 
7.974: [GC concurrent-cleanup-start]
7.974: [GC concurrent-cleanup-end, 0.0002130]
8.048: [GC pause (young) (initial-mark), 0.00123100 secs]
   [Parallel Time:   1.1 ms]
      [GC Worker Start (ms):  8047.6  8047.7
       Avg: 8047.7, Min: 8047.6, Max: 8047.7, Diff:   0.0]
      [Ext Root Scanning (ms):  0.8  0.8
       Avg:   0.8, Min:   0.8, Max:   0.8, Diff:   0.1]
      [Update RS (ms):  0.0  0.0
       Avg:   0.0, Min:   0.0, Max:   0.0, Diff:   0.0]
         [Processed Buffers : 1 2
          Sum: 3, Avg: 1, Min: 1, Max: 2, Diff: 1]
      [Scan RS (ms):  0.0  0.0
       Avg:   0.0, Min:   0.0, Max:   0.0, Diff:   0.0]
      [Object Copy (ms):  0.1  0.2
       Avg:   0.2, Min:   0.1, Max:   0.2, Diff:   0.1]
      [Termination (ms):  0.0  0.0
       Avg:   0.0, Min:   0.0, Max:   0.0, Diff:   0.0]
         [Termination Attempts : 1 1
          Sum: 2, Avg: 1, Min: 1, Max: 1, Diff: 0]
      [GC Worker End (ms):  8048.7  8048.7
       Avg: 8048.7, Min: 8048.7, Max: 8048.7, Diff:   0.0]
      [GC Worker (ms):  1.0  1.0
       Avg:   1.0, Min:   1.0, Max:   1.0, Diff:   0.0]
      [GC Worker Other (ms):  0.1  0.1
       Avg:   0.1, Min:   0.1, Max:   0.1, Diff:   0.0]
   [Clear CT:   0.0 ms]
   [Other:   0.1 ms]
      [Choose CSet:   0.0 ms]
      [Ref Proc:   0.0 ms]
      [Ref Enq:   0.0 ms]
      [Free CSet:   0.0 ms]
   [Eden: 1024K(101M)->0B(101M) Survivors: 1024K->1024K Heap: 433M(512M)->433M(512M)]
 [Times: user=0.00 sys=0.00, real=0.00 secs] 
8.049: [GC concurrent-root-region-scan-start]
8.049: [GC concurrent-root-region-scan-end, 0.0001850]
8.049: [GC concurrent-mark-start]
8.052: [GC concurrent-mark-end, 0.0030590 sec]
8.056: [GC remark 8.057: [GC ref-proc, 0.0000170 secs], 0.0043200 secs]
 [Times: user=0.00 sys=0.00, real=0.01 secs] 
8.061: [GC cleanup 445M->389M(512M), 0.0003560 secs]
 [Times: user=0.00 sys=0.00, real=0.00 secs] 
8.061: [GC concurrent-cleanup-start]
8.061: [GC concurrent-cleanup-end, 0.0001210]
8.095: [GC pause (young) (initial-mark), 0.00124800 secs]
   [Parallel Time:   1.0 ms]
      [GC Worker Start (ms):  8095.2  8095.2
       Avg: 8095.2, Min: 8095.2, Max: 8095.2, Diff:   0.0]
      [Ext Root Scanning (ms):  0.7  0.8
       Avg:   0.8, Min:   0.7, Max:   0.8, Diff:   0.1]
      [Update RS (ms):  0.0  0.0
       Avg:   0.0, Min:   0.0, Max:   0.0, Diff:   0.0]
         [Processed Buffers : 3 1
          Sum: 4, Avg: 2, Min: 1, Max: 3, Diff: 2]
      [Scan RS (ms):  0.0  0.0
       Avg:   0.0, Min:   0.0, Max:   0.0, Diff:   0.0]
      [Object Copy (ms):  0.2  0.1
       Avg:   0.2, Min:   0.1, Max:   0.2, Diff:   0.0]
      [Termination (ms):  0.0  0.0
       Avg:   0.0, Min:   0.0, Max:   0.0, Diff:   0.0]
         [Termination Attempts : 1 1
          Sum: 2, Avg: 1, Min: 1, Max: 1, Diff: 0]
      [GC Worker End (ms):  8096.2  8096.2
       Avg: 8096.2, Min: 8096.2, Max: 8096.2, Diff:   0.0]
      [GC Worker (ms):  1.0  1.0
       Avg:   1.0, Min:   1.0, Max:   1.0, Diff:   0.0]
      [GC Worker Other (ms):  0.0  0.0
       Avg:   0.0, Min:   0.0, Max:   0.0, Diff:   0.0]
   [Clear CT:   0.1 ms]
   [Other:   0.2 ms]
      [Choose CSet:   0.0 ms]
      [Ref Proc:   0.0 ms]
      [Ref Enq:   0.0 ms]
      [Free CSet:   0.0 ms]
   [Eden: 1024K(101M)->0B(101M) Survivors: 1024K->1024K Heap: 443M(512M)->443M(512M)]
 [Times: user=0.01 sys=0.00, real=0.00 secs] 
8.096: [GC concurrent-root-region-scan-start]
8.097: [GC concurrent-root-region-scan-end, 0.0000980]
8.097: [GC concurrent-mark-start]
8.097: [GC pause (young), 0.00070500 secs]
   [Parallel Time:   0.6 ms]
      [GC Worker Start (ms):  8096.8  8096.8
       Avg: 8096.8, Min: 8096.8, Max: 8096.8, Diff:   0.0]
      [Ext Root Scanning (ms):  0.5  0.6
       Avg:   0.5, Min:   0.5, Max:   0.6, Diff:   0.1]
      [SATB Filtering (ms):  0.0  0.0
       Avg:   0.0, Min:   0.0, Max:   0.0, Diff:   0.0]
      [Update RS (ms):  0.0  0.0
       Avg:   0.0, Min:   0.0, Max:   0.0, Diff:   0.0]
         [Processed Buffers : 3 0
          Sum: 3, Avg: 1, Min: 0, Max: 3, Diff: 3]
      [Scan RS (ms):  0.0  0.0
       Avg:   0.0, Min:   0.0, Max:   0.0, Diff:   0.0]
      [Object Copy (ms):  0.0  0.0
       Avg:   0.0, Min:   0.0, Max:   0.0, Diff:   0.0]
      [Termination (ms):  0.1  0.0
       Avg:   0.0, Min:   0.0, Max:   0.1, Diff:   0.1]
         [Termination Attempts : 1 1
          Sum: 2, Avg: 1, Min: 1, Max: 1, Diff: 0]
      [GC Worker End (ms):  8097.4  8097.4
       Avg: 8097.4, Min: 8097.4, Max: 8097.4, Diff:   0.0]
      [GC Worker (ms):  0.6  0.6
       Avg:   0.6, Min:   0.6, Max:   0.6, Diff:   0.0]
      [GC Worker Other (ms):  0.0  0.1
       Avg:   0.1, Min:   0.0, Max:   0.1, Diff:   0.0]
   [Complete CSet Marking:   0.0 ms]
   [Clear CT:   0.0 ms]
   [Other:   0.0 ms]
      [Choose CSet:   0.0 ms]
      [Ref Proc:   0.0 ms]
      [Ref Enq:   0.0 ms]
      [Free CSet:   0.0 ms]
   [Eden: 1024K(101M)->0B(101M) Survivors: 1024K->1024K Heap: 443M(512M)->443M(512M)]
 [Times: user=0.00 sys=0.00, real=0.00 secs] 
8.098: [Full GC 443M->224M(512M), 0.0131130 secs]
 [Times: user=0.01 sys=0.00, real=0.02 secs] 
8.124: [GC concurrent-mark-abort]
8.141: [GC pause (young) (initial-mark), 0.00259800 secs]
   [Parallel Time:   1.9 ms]
      [GC Worker Start (ms):  8141.9  8142.3
       Avg: 8142.1, Min: 8141.9, Max: 8142.3, Diff:   0.4]
      [Ext Root Scanning (ms):  1.2  1.3
       Avg:   1.2, Min:   1.2, Max:   1.3, Diff:   0.1]
      [Update RS (ms):  0.0  0.0
       Avg:   0.0, Min:   0.0, Max:   0.0, Diff:   0.0]
         [Processed Buffers : 3 0
          Sum: 3, Avg: 1, Min: 0, Max: 3, Diff: 3]
      [Scan RS (ms):  0.0  0.0
       Avg:   0.0, Min:   0.0, Max:   0.0, Diff:   0.0]
      [Object Copy (ms):  0.3  0.1
       Avg:   0.2, Min:   0.1, Max:   0.3, Diff:   0.2]
      [Termination (ms):  0.3  0.0
       Avg:   0.2, Min:   0.0, Max:   0.3, Diff:   0.3]
         [Termination Attempts : 1 1
          Sum: 2, Avg: 1, Min: 1, Max: 1, Diff: 0]
      [GC Worker End (ms):  8143.7  8143.7
       Avg: 8143.7, Min: 8143.7, Max: 8143.7, Diff:   0.0]
      [GC Worker (ms):  1.8  1.4
       Avg:   1.6, Min:   1.4, Max:   1.8, Diff:   0.5]
      [GC Worker Other (ms):  0.1  0.5
       Avg:   0.3, Min:   0.1, Max:   0.5, Diff:   0.4]
   [Clear CT:   0.0 ms]
   [Other:   0.7 ms]
      [Choose CSet:   0.0 ms]
      [Ref Proc:   0.0 ms]
      [Ref Enq:   0.0 ms]
      [Free CSet:   0.0 ms]
   [Eden: 1024K(101M)->0B(181M) Survivors: 0B->1024K Heap: 270M(512M)->270M(512M)]
 [Times: user=0.00 sys=0.00, real=0.00 secs] 
8.144: [GC concurrent-root-region-scan-start]
8.144: [GC concurrent-root-region-scan-end, 0.0000290]
8.144: [GC concurrent-mark-start]
8.155: [GC concurrent-mark-end, 0.0106410 sec]
8.234: [GC remark 8.236: [GC ref-proc, 0.0000270 secs], 0.0044890 secs]
 [Times: user=0.01 sys=0.00, real=0.01 secs] 
8.239: [GC pause (young), 0.00121700 secs]
   [Parallel Time:   1.1 ms]
      [GC Worker Start (ms):  8239.1  8239.2
       Avg: 8239.1, Min: 8239.1, Max: 8239.2, Diff:   0.0]
      [Ext Root Scanning (ms):  0.8  0.8
       Avg:   0.8, Min:   0.8, Max:   0.8, Diff:   0.1]
      [SATB Filtering (ms):  0.0  0.0
       Avg:   0.0, Min:   0.0, Max:   0.0, Diff:   0.0]
      [Update RS (ms):  0.0  0.0
       Avg:   0.0, Min:   0.0, Max:   0.0, Diff:   0.0]
         [Processed Buffers : 6 0
          Sum: 6, Avg: 3, Min: 0, Max: 6, Diff: 6]
      [Scan RS (ms):  0.0  0.0
       Avg:   0.0, Min:   0.0, Max:   0.0, Diff:   0.0]
      [Object Copy (ms):  0.0  0.3
       Avg:   0.2, Min:   0.0, Max:   0.3, Diff:   0.2]
      [Termination (ms):  0.1  0.0
       Avg:   0.1, Min:   0.0, Max:   0.1, Diff:   0.1]
         [Termination Attempts : 1 1
          Sum: 2, Avg: 1, Min: 1, Max: 1, Diff: 0]
      [GC Worker End (ms):  8240.2  8240.2
       Avg: 8240.2, Min: 8240.2, Max: 8240.2, Diff:   0.0]
      [GC Worker (ms):  1.1  1.0
       Avg:   1.0, Min:   1.0, Max:   1.1, Diff:   0.0]
      [GC Worker Other (ms):  0.0  0.1
       Avg:   0.1, Min:   0.0, Max:   0.1, Diff:   0.0]
   [Complete CSet Marking:   0.0 ms]
   [Clear CT:   0.0 ms]
   [Other:   0.1 ms]
      [Choose CSet:   0.0 ms]
      [Ref Proc:   0.1 ms]
      [Ref Enq:   0.0 ms]
      [Free CSet:   0.0 ms]
   [Eden: 1024K(181M)->0B(101M) Survivors: 1024K->1024K Heap: 433M(512M)->433M(512M)]
 [Times: user=0.00 sys=0.00, real=0.00 secs] 
8.240: [GC cleanup 433M->370M(512M), 0.0003350 secs]
 [Times: user=0.00 sys=0.00, real=0.00 secs] 
8.241: [GC concurrent-cleanup-start]
8.241: [GC concurrent-cleanup-end, 0.0001320]
8.276: [GC pause (young) (initial-mark), 0.00150100 secs]
   [Parallel Time:   1.3 ms]
      [GC Worker Start (ms):  8275.8  8276.0
       Avg: 8275.9, Min: 8275.8, Max: 8276.0, Diff:   0.1]
      [Ext Root Scanning (ms):  0.8  1.1
       Avg:   0.9, Min:   0.8, Max:   1.1, Diff:   0.3]
      [Update RS (ms):  0.0  0.0
       Avg:   0.0, Min:   0.0, Max:   0.0, Diff:   0.0]
         [Processed Buffers : 4 0
          Sum: 4, Avg: 2, Min: 0, Max: 4, Diff: 4]
      [Scan RS (ms):  0.0  0.0
       Avg:   0.0, Min:   0.0, Max:   0.0, Diff:   0.0]
      [Object Copy (ms):  0.3  0.1
       Avg:   0.2, Min:   0.1, Max:   0.3, Diff:   0.2]
      [Termination (ms):  0.2  0.0
       Avg:   0.1, Min:   0.0, Max:   0.2, Diff:   0.2]
         [Termination Attempts : 1 1
          Sum: 2, Avg: 1, Min: 1, Max: 1, Diff: 0]
      [GC Worker End (ms):  8277.1  8277.1
       Avg: 8277.1, Min: 8277.1, Max: 8277.1, Diff:   0.0]
      [GC Worker (ms):  1.3  1.2
       Avg:   1.2, Min:   1.2, Max:   1.3, Diff:   0.1]
      [GC Worker Other (ms):  0.1  0.2
       Avg:   0.1, Min:   0.1, Max:   0.2, Diff:   0.1]
   [Clear CT:   0.0 ms]
   [Other:   0.1 ms]
      [Choose CSet:   0.0 ms]
      [Ref Proc:   0.0 ms]
      [Ref Enq:   0.0 ms]
      [Free CSet:   0.0 ms]
   [Eden: 1024K(101M)->0B(101M) Survivors: 1024K->1024K Heap: 421M(512M)->421M(512M)]
 [Times: user=0.00 sys=0.00, real=0.00 secs] 
8.277: [GC concurrent-root-region-scan-start]
8.277: [GC concurrent-root-region-scan-end, 0.0000770]
8.277: [GC concurrent-mark-start]
8.281: [GC concurrent-mark-end, 0.0030840 sec]
8.286: [GC pause (young), 0.00135900 secs]
   [Parallel Time:   1.3 ms]
      [GC Worker Start (ms):  8286.0  8286.0
       Avg: 8286.0, Min: 8286.0, Max: 8286.0, Diff:   0.0]
      [Ext Root Scanning (ms):  0.8  1.2
       Avg:   1.0, Min:   0.8, Max:   1.2, Diff:   0.4]
      [SATB Filtering (ms):  0.0  0.0
       Avg:   0.0, Min:   0.0, Max:   0.0, Diff:   0.0]
      [Update RS (ms):  0.0  0.0
       Avg:   0.0, Min:   0.0, Max:   0.0, Diff:   0.0]
         [Processed Buffers : 3 0
          Sum: 3, Avg: 1, Min: 0, Max: 3, Diff: 3]
      [Scan RS (ms):  0.0  0.0
       Avg:   0.0, Min:   0.0, Max:   0.0, Diff:   0.0]
      [Object Copy (ms):  0.1  0.0
       Avg:   0.0, Min:   0.0, Max:   0.1, Diff:   0.0]
      [Termination (ms):  0.3  0.0
       Avg:   0.2, Min:   0.0, Max:   0.3, Diff:   0.3]
         [Termination Attempts : 1 1
          Sum: 2, Avg: 1, Min: 1, Max: 1, Diff: 0]
      [GC Worker End (ms):  8287.2  8287.2
       Avg: 8287.2, Min: 8287.2, Max: 8287.2, Diff:   0.0]
      [GC Worker (ms):  1.2  1.2
       Avg:   1.2, Min:   1.2, Max:   1.2, Diff:   0.0]
      [GC Worker Other (ms):  0.1  0.1
       Avg:   0.1, Min:   0.1, Max:   0.1, Diff:   0.0]
   [Complete CSet Marking:   0.0 ms]
   [Clear CT:   0.0 ms]
   [Other:   0.1 ms]
      [Choose CSet:   0.0 ms]
      [Ref Proc:   0.0 ms]
      [Ref Enq:   0.0 ms]
      [Free CSet:   0.0 ms]
   [Eden: 1024K(101M)->0B(101M) Survivors: 1024K->1024K Heap: 437M(512M)->437M(512M)]
 [Times: user=0.00 sys=0.00, real=0.00 secs] 
8.288: [Full GC 437M->299M(512M), 0.0127410 secs]
 [Times: user=0.01 sys=0.00, real=0.02 secs] 
8.309: [GC remark, 0.0000020 secs]
 [Times: user=0.00 sys=0.00, real=0.00 secs] 
8.309: [GC concurrent-mark-abort]
8.347: [GC pause (young) (initial-mark), 0.00337200 secs]
   [Parallel Time:   3.1 ms]
      [GC Worker Start (ms):  8347.7  8347.7
       Avg: 8347.7, Min: 8347.7, Max: 8347.7, Diff:   0.0]
      [Ext Root Scanning (ms):  2.3  2.8
       Avg:   2.5, Min:   2.3, Max:   2.8, Diff:   0.5]
      [Update RS (ms):  0.0  0.0
       Avg:   0.0, Min:   0.0, Max:   0.0, Diff:   0.0]
         [Processed Buffers : 3 0
          Sum: 3, Avg: 1, Min: 0, Max: 3, Diff: 3]
      [Scan RS (ms):  0.0  0.0
       Avg:   0.0, Min:   0.0, Max:   0.0, Diff:   0.0]
      [Object Copy (ms):  0.4  0.0
       Avg:   0.2, Min:   0.0, Max:   0.4, Diff:   0.3]
      [Termination (ms):  0.1  0.0
       Avg:   0.1, Min:   0.0, Max:   0.1, Diff:   0.1]
         [Termination Attempts : 1 1
          Sum: 2, Avg: 1, Min: 1, Max: 1, Diff: 0]
      [GC Worker End (ms):  8350.5  8350.5
       Avg: 8350.5, Min: 8350.5, Max: 8350.5, Diff:   0.0]
      [GC Worker (ms):  2.8  2.8
       Avg:   2.8, Min:   2.8, Max:   2.8, Diff:   0.0]
      [GC Worker Other (ms):  0.3  0.3
       Avg:   0.3, Min:   0.3, Max:   0.3, Diff:   0.0]
   [Clear CT:   0.0 ms]
   [Other:   0.3 ms]
      [Choose CSet:   0.0 ms]
      [Ref Proc:   0.1 ms]
      [Ref Enq:   0.0 ms]
      [Free CSet:   0.0 ms]
   [Eden: 1024K(101M)->0B(101M) Survivors: 0B->1024K Heap: 377M(512M)->376M(512M)]
 [Times: user=0.00 sys=0.00, real=0.01 secs] 
8.351: [GC concurrent-root-region-scan-start]
8.361: [GC concurrent-root-region-scan-end, 0.0103260]
8.361: [GC concurrent-mark-start]
8.364: [GC concurrent-mark-end, 0.0027580 sec]
8.407: [GC remark 8.407: [GC ref-proc, 0.0000160 secs], 0.0036910 secs]
 [Times: user=0.00 sys=0.00, real=0.01 secs] 
8.411: [GC pause (young), 0.00113700 secs]
   [Parallel Time:   0.9 ms]
      [GC Worker Start (ms):  8411.1  8411.2
       Avg: 8411.2, Min: 8411.1, Max: 8411.2, Diff:   0.0]
      [Ext Root Scanning (ms):  0.6  0.8
       Avg:   0.7, Min:   0.6, Max:   0.8, Diff:   0.2]
      [SATB Filtering (ms):  0.0  0.0
       Avg:   0.0, Min:   0.0, Max:   0.0, Diff:   0.0]
      [Update RS (ms):  0.0  0.0
       Avg:   0.0, Min:   0.0, Max:   0.0, Diff:   0.0]
         [Processed Buffers : 7 0
          Sum: 7, Avg: 3, Min: 0, Max: 7, Diff: 7]
      [Scan RS (ms):  0.0  0.0
       Avg:   0.0, Min:   0.0, Max:   0.0, Diff:   0.0]
      [Object Copy (ms):  0.1  0.0
       Avg:   0.0, Min:   0.0, Max:   0.1, Diff:   0.0]
      [Termination (ms):  0.2  0.0
       Avg:   0.1, Min:   0.0, Max:   0.2, Diff:   0.2]
         [Termination Attempts : 1 1
          Sum: 2, Avg: 1, Min: 1, Max: 1, Diff: 0]
      [GC Worker End (ms):  8412.1  8412.0
       Avg: 8412.0, Min: 8412.0, Max: 8412.1, Diff:   0.0]
      [GC Worker (ms):  0.9  0.9
       Avg:   0.9, Min:   0.9, Max:   0.9, Diff:   0.0]
      [GC Worker Other (ms):  0.1  0.1
       Avg:   0.1, Min:   0.1, Max:   0.1, Diff:   0.0]
   [Complete CSet Marking:   0.0 ms]
   [Clear CT:   0.0 ms]
   [Other:   0.2 ms]
      [Choose CSet:   0.0 ms]
      [Ref Proc:   0.1 ms]
      [Ref Enq:   0.0 ms]
      [Free CSet:   0.0 ms]
   [Eden: 1024K(101M)->0B(101M) Survivors: 1024K->1024K Heap: 477M(512M)->477M(512M)]
 [Times: user=0.01 sys=0.00, real=0.00 secs] 
8.412: [Full GC 477M->285M(512M), 0.0118950 secs]
 [Times: user=0.01 sys=0.00, real=0.01 secs] 
8.442: [GC cleanup, 0.0000010 secs]
 [Times: user=0.00 sys=0.00, real=0.00 secs] 
8.442: [GC concurrent-mark-abort]
8.511: [GC pause (young) (initial-mark), 0.00218400 secs]
   [Parallel Time:   2.0 ms]
      [GC Worker Start (ms):  8511.6  8511.6
       Avg: 8511.6, Min: 8511.6, Max: 8511.6, Diff:   0.0]
      [Ext Root Scanning (ms):  1.3  1.5
       Avg:   1.4, Min:   1.3, Max:   1.5, Diff:   0.1]
      [Update RS (ms):  0.0  0.0
       Avg:   0.0, Min:   0.0, Max:   0.0, Diff:   0.0]
         [Processed Buffers : 3 0
          Sum: 3, Avg: 1, Min: 0, Max: 3, Diff: 3]
      [Scan RS (ms):  0.0  0.0
       Avg:   0.0, Min:   0.0, Max:   0.0, Diff:   0.0]
      [Object Copy (ms):  0.2  0.3
       Avg:   0.3, Min:   0.2, Max:   0.3, Diff:   0.1]
      [Termination (ms):  0.3  0.0
       Avg:   0.1, Min:   0.0, Max:   0.3, Diff:   0.3]
         [Termination Attempts : 1 1
          Sum: 2, Avg: 1, Min: 1, Max: 1, Diff: 0]
      [GC Worker End (ms):  8513.5  8513.5
       Avg: 8513.5, Min: 8513.5, Max: 8513.5, Diff:   0.1]
      [GC Worker (ms):  1.9  1.8
       Avg:   1.9, Min:   1.8, Max:   1.9, Diff:   0.1]
      [GC Worker Other (ms):  0.1  0.1
       Avg:   0.1, Min:   0.1, Max:   0.1, Diff:   0.1]
   [Clear CT:   0.0 ms]
   [Other:   0.2 ms]
      [Choose CSet:   0.0 ms]
      [Ref Proc:   0.1 ms]
      [Ref Enq:   0.0 ms]
      [Free CSet:   0.0 ms]
   [Eden: 1024K(101M)->0B(101M) Survivors: 0B->1024K Heap: 428M(512M)->428M(512M)]
 [Times: user=0.00 sys=0.00, real=0.00 secs] 
8.514: [GC concurrent-root-region-scan-start]
8.514: [GC concurrent-root-region-scan-end, 0.0000510]
8.514: [GC concurrent-mark-start]
8.518: [GC concurrent-mark-end, 0.0043340 sec]
8.521: [GC pause (young), 0.00091000 secs]
   [Parallel Time:   0.8 ms]
      [GC Worker Start (ms):  8520.8  8520.8
       Avg: 8520.8, Min: 8520.8, Max: 8520.8, Diff:   0.0]
      [Ext Root Scanning (ms):  0.7  0.7
       Avg:   0.7, Min:   0.7, Max:   0.7, Diff:   0.0]
      [SATB Filtering (ms):  0.0  0.0
       Avg:   0.0, Min:   0.0, Max:   0.0, Diff:   0.0]
      [Update RS (ms):  0.0  0.0
       Avg:   0.0, Min:   0.0, Max:   0.0, Diff:   0.0]
         [Processed Buffers : 7 0
          Sum: 7, Avg: 3, Min: 0, Max: 7, Diff: 7]
      [Scan RS (ms):  0.0  0.0
       Avg:   0.0, Min:   0.0, Max:   0.0, Diff:   0.0]
      [Object Copy (ms):  0.0  0.0
       Avg:   0.0, Min:   0.0, Max:   0.0, Diff:   0.0]
      [Termination (ms):  0.0  0.0
       Avg:   0.0, Min:   0.0, Max:   0.0, Diff:   0.0]
         [Termination Attempts : 1 1
          Sum: 2, Avg: 1, Min: 1, Max: 1, Diff: 0]
      [GC Worker End (ms):  8521.6  8521.6
       Avg: 8521.6, Min: 8521.6, Max: 8521.6, Diff:   0.0]
      [GC Worker (ms):  0.8  0.8
       Avg:   0.8, Min:   0.8, Max:   0.8, Diff:   0.0]
      [GC Worker Other (ms):  0.1  0.1
       Avg:   0.1, Min:   0.1, Max:   0.1, Diff:   0.0]
   [Complete CSet Marking:   0.0 ms]
   [Clear CT:   0.0 ms]
   [Other:   0.1 ms]
      [Choose CSet:   0.0 ms]
      [Ref Proc:   0.0 ms]
      [Ref Enq:   0.0 ms]
      [Free CSet:   0.0 ms]
   [Eden: 1024K(101M)->0B(101M) Survivors: 1024K->1024K Heap: 441M(512M)->441M(512M)]
 [Times: user=0.01 sys=0.00, real=0.00 secs] 
8.522: [Full GC 441M->259M(512M), 0.0116840 secs]
 [Times: user=0.01 sys=0.00, real=0.01 secs] 
8.562: [GC remark, 0.0000020 secs]
 [Times: user=0.00 sys=0.00, real=0.00 secs] 
8.563: [GC concurrent-mark-abort]
8.582: [GC pause (young) (initial-mark), 0.00356700 secs]
   [Parallel Time:   3.4 ms]
      [GC Worker Start (ms):  8582.5  8582.5
       Avg: 8582.5, Min: 8582.5, Max: 8582.5, Diff:   0.0]
      [Ext Root Scanning (ms):  1.8  3.2
       Avg:   2.5, Min:   1.8, Max:   3.2, Diff:   1.4]
      [Update RS (ms):  0.0  0.0
       Avg:   0.0, Min:   0.0, Max:   0.0, Diff:   0.0]
         [Processed Buffers : 4 0
          Sum: 4, Avg: 2, Min: 0, Max: 4, Diff: 4]
      [Scan RS (ms):  0.0  0.0
       Avg:   0.0, Min:   0.0, Max:   0.0, Diff:   0.0]
      [Object Copy (ms):  0.3  0.1
       Avg:   0.2, Min:   0.1, Max:   0.3, Diff:   0.2]
      [Termination (ms):  1.1  0.0
       Avg:   0.6, Min:   0.0, Max:   1.1, Diff:   1.1]
         [Termination Attempts : 1 1
          Sum: 2, Avg: 1, Min: 1, Max: 1, Diff: 0]
      [GC Worker End (ms):  8585.8  8585.8
       Avg: 8585.8, Min: 8585.8, Max: 8585.8, Diff:   0.0]
      [GC Worker (ms):  3.3  3.3
       Avg:   3.3, Min:   3.3, Max:   3.3, Diff:   0.0]
      [GC Worker Other (ms):  0.1  0.1
       Avg:   0.1, Min:   0.1, Max:   0.1, Diff:   0.0]
   [Clear CT:   0.0 ms]
   [Other:   0.2 ms]
      [Choose CSet:   0.0 ms]
      [Ref Proc:   0.0 ms]
      [Ref Enq:   0.0 ms]
      [Free CSet:   0.0 ms]
   [Eden: 1024K(101M)->0B(114M) Survivors: 0B->1024K Heap: 335M(512M)->335M(512M)]
 [Times: user=0.00 sys=0.00, real=0.00 secs] 
8.586: [GC concurrent-root-region-scan-start]
8.586: [GC concurrent-root-region-scan-end, 0.0000470]
8.586: [GC concurrent-mark-start]
8.590: [GC concurrent-mark-end, 0.0035130 sec]
8.624: [GC remark 8.625: [GC ref-proc, 0.0000180 secs], 0.0036160 secs]
 [Times: user=0.00 sys=0.00, real=0.00 secs] 
8.645: [GC cleanup 432M->344M(512M), 0.0005580 secs]
 [Times: user=0.00 sys=0.00, real=0.00 secs] 
8.646: [GC concurrent-cleanup-start]
8.646: [GC concurrent-cleanup-end, 0.0004360]
8.667: [GC pause (young) (initial-mark), 0.00133200 secs]
   [Parallel Time:   1.0 ms]
      [GC Worker Start (ms):  8667.5  8667.5
       Avg: 8667.5, Min: 8667.5, Max: 8667.5, Diff:   0.0]
      [Ext Root Scanning (ms):  0.7  0.8
       Avg:   0.8, Min:   0.7, Max:   0.8, Diff:   0.1]
      [Update RS (ms):  0.0  0.0
       Avg:   0.0, Min:   0.0, Max:   0.0, Diff:   0.0]
         [Processed Buffers : 5 0
          Sum: 5, Avg: 2, Min: 0, Max: 5, Diff: 5]
      [Scan RS (ms):  0.0  0.0
       Avg:   0.0, Min:   0.0, Max:   0.0, Diff:   0.0]
      [Object Copy (ms):  0.2  0.1
       Avg:   0.2, Min:   0.1, Max:   0.2, Diff:   0.1]
      [Termination (ms):  0.0  0.0
       Avg:   0.0, Min:   0.0, Max:   0.0, Diff:   0.0]
         [Termination Attempts : 1 1
          Sum: 2, Avg: 1, Min: 1, Max: 1, Diff: 0]
      [GC Worker End (ms):  8668.5  8668.5
       Avg: 8668.5, Min: 8668.5, Max: 8668.5, Diff:   0.0]
      [GC Worker (ms):  1.0  1.0
       Avg:   1.0, Min:   1.0, Max:   1.0, Diff:   0.0]
      [GC Worker Other (ms):  0.1  0.1
       Avg:   0.1, Min:   0.1, Max:   0.1, Diff:   0.0]
   [Clear CT:   0.0 ms]
   [Other:   0.3 ms]
      [Choose CSet:   0.0 ms]
      [Ref Proc:   0.1 ms]
      [Ref Enq:   0.0 ms]
      [Free CSet:   0.0 ms]
   [Eden: 1024K(114M)->0B(101M) Survivors: 1024K->1024K Heap: 374M(512M)->374M(512M)]
 [Times: user=0.01 sys=0.00, real=0.00 secs] 
8.669: [GC concurrent-root-region-scan-start]
8.669: [GC concurrent-root-region-scan-end, 0.0000860]
8.669: [GC concurrent-mark-start]
8.671: [GC concurrent-mark-end, 0.0024680 sec]
8.677: [GC remark 8.677: [GC ref-proc, 0.0000230 secs], 0.0038580 secs]
 [Times: user=0.01 sys=0.00, real=0.01 secs] 
8.681: [GC cleanup 386M->276M(512M), 0.0007390 secs]
 [Times: user=0.00 sys=0.00, real=0.00 secs] 
8.682: [GC concurrent-cleanup-start]
8.682: [GC concurrent-cleanup-end, 0.0001970]
8.738: [GC pause (young) (initial-mark), 0.00193600 secs]
   [Parallel Time:   1.8 ms]
      [GC Worker Start (ms):  8738.5  8738.5
       Avg: 8738.5, Min: 8738.5, Max: 8738.5, Diff:   0.0]
      [Ext Root Scanning (ms):  0.9  1.4
       Avg:   1.2, Min:   0.9, Max:   1.4, Diff:   0.5]
      [Update RS (ms):  0.1  0.0
       Avg:   0.1, Min:   0.0, Max:   0.1, Diff:   0.1]
         [Processed Buffers : 3 0
          Sum: 3, Avg: 1, Min: 0, Max: 3, Diff: 3]
      [Scan RS (ms):  0.0  0.0
       Avg:   0.0, Min:   0.0, Max:   0.0, Diff:   0.0]
      [Object Copy (ms):  0.2  0.2
       Avg:   0.2, Min:   0.2, Max:   0.2, Diff:   0.1]
      [Termination (ms):  0.4  0.0
       Avg:   0.2, Min:   0.0, Max:   0.4, Diff:   0.4]
         [Termination Attempts : 1 1
          Sum: 2, Avg: 1, Min: 1, Max: 1, Diff: 0]
      [GC Worker End (ms):  8740.2  8740.2
       Avg: 8740.2, Min: 8740.2, Max: 8740.2, Diff:   0.0]
      [GC Worker (ms):  1.7  1.6
       Avg:   1.7, Min:   1.6, Max:   1.7, Diff:   0.1]
      [GC Worker Other (ms):  0.1  0.1
       Avg:   0.1, Min:   0.1, Max:   0.1, Diff:   0.1]
   [Clear CT:   0.0 ms]
   [Other:   0.2 ms]
      [Choose CSet:   0.0 ms]
      [Ref Proc:   0.0 ms]
      [Ref Enq:   0.0 ms]
      [Free CSet:   0.0 ms]
   [Eden: 1024K(101M)->0B(101M) Survivors: 1024K->1024K Heap: 370M(512M)->370M(512M)]
 [Times: user=0.00 sys=0.00, real=0.01 secs] 
8.740: [GC concurrent-root-region-scan-start]
8.741: [GC concurrent-root-region-scan-end, 0.0000910]
8.741: [GC concurrent-mark-start]
8.742: [GC concurrent-mark-end, 0.0014630 sec]
8.749: [GC remark 8.749: [GC ref-proc, 0.0000170 secs], 0.0039860 secs]
 [Times: user=0.00 sys=0.00, real=0.01 secs] 
8.753: [GC cleanup 386M->360M(512M), 0.0003740 secs]
 [Times: user=0.00 sys=0.00, real=0.00 secs] 
8.753: [GC concurrent-cleanup-start]
8.753: [GC concurrent-cleanup-end, 0.0000960]
8.775: [GC pause (young), 0.00123600 secs]
   [Parallel Time:   1.1 ms]
      [GC Worker Start (ms):  8775.1  8775.1
       Avg: 8775.1, Min: 8775.1, Max: 8775.1, Diff:   0.0]
      [Ext Root Scanning (ms):  1.0  1.0
       Avg:   1.0, Min:   1.0, Max:   1.0, Diff:   0.0]
      [Update RS (ms):  0.0  0.0
       Avg:   0.0, Min:   0.0, Max:   0.0, Diff:   0.0]
         [Processed Buffers : 1 1
          Sum: 2, Avg: 1, Min: 1, Max: 1, Diff: 0]
      [Scan RS (ms):  0.0  0.0
       Avg:   0.0, Min:   0.0, Max:   0.0, Diff:   0.0]
      [Object Copy (ms):  0.1  0.1
       Avg:   0.1, Min:   0.1, Max:   0.1, Diff:   0.0]
      [Termination (ms):  0.0  0.0
       Avg:   0.0, Min:   0.0, Max:   0.0, Diff:   0.0]
         [Termination Attempts : 1 1
          Sum: 2, Avg: 1, Min: 1, Max: 1, Diff: 0]
      [GC Worker End (ms):  8776.2  8776.2
       Avg: 8776.2, Min: 8776.2, Max: 8776.2, Diff:   0.0]
      [GC Worker (ms):  1.1  1.1
       Avg:   1.1, Min:   1.1, Max:   1.1, Diff:   0.0]
      [GC Worker Other (ms):  0.1  0.1
       Avg:   0.1, Min:   0.1, Max:   0.1, Diff:   0.0]
   [Clear CT:   0.0 ms]
   [Other:   0.1 ms]
      [Choose CSet:   0.0 ms]
      [Ref Proc:   0.0 ms]
      [Ref Enq:   0.0 ms]
      [Free CSet:   0.0 ms]
   [Eden: 1024K(101M)->0B(101M) Survivors: 1024K->1024K Heap: 388M(512M)->388M(512M)]
 [Times: user=0.00 sys=0.00, real=0.00 secs] 
8.788: [GC pause (young) (initial-mark), 0.00151300 secs]
   [Parallel Time:   1.3 ms]
      [GC Worker Start (ms):  8788.3  8788.4
       Avg: 8788.3, Min: 8788.3, Max: 8788.4, Diff:   0.1]
      [Ext Root Scanning (ms):  0.8  1.0
       Avg:   0.9, Min:   0.8, Max:   1.0, Diff:   0.2]
      [Update RS (ms):  0.0  0.0
       Avg:   0.0, Min:   0.0, Max:   0.0, Diff:   0.0]
         [Processed Buffers : 3 0
          Sum: 3, Avg: 1, Min: 0, Max: 3, Diff: 3]
      [Scan RS (ms):  0.0  0.0
       Avg:   0.0, Min:   0.0, Max:   0.0, Diff:   0.0]
      [Object Copy (ms):  0.2  0.2
       Avg:   0.2, Min:   0.2, Max:   0.2, Diff:   0.0]
      [Termination (ms):  0.3  0.0
       Avg:   0.2, Min:   0.0, Max:   0.3, Diff:   0.3]
         [Termination Attempts : 1 1
          Sum: 2, Avg: 1, Min: 1, Max: 1, Diff: 0]
      [GC Worker End (ms):  8789.6  8789.6
       Avg: 8789.6, Min: 8789.6, Max: 8789.6, Diff:   0.0]
      [GC Worker (ms):  1.3  1.2
       Avg:   1.2, Min:   1.2, Max:   1.3, Diff:   0.1]
      [GC Worker Other (ms):  0.0  0.2
       Avg:   0.1, Min:   0.0, Max:   0.2, Diff:   0.1]
   [Clear CT:   0.0 ms]
   [Other:   0.1 ms]
      [Choose CSet:   0.0 ms]
      [Ref Proc:   0.0 ms]
      [Ref Enq:   0.0 ms]
      [Free CSet:   0.0 ms]
   [Eden: 1024K(101M)->0B(101M) Survivors: 1024K->1024K Heap: 410M(512M)->410M(512M)]
 [Times: user=0.00 sys=0.00, real=0.01 secs] 
8.790: [GC concurrent-root-region-scan-start]
8.801: [GC concurrent-root-region-scan-end, 0.0115110]
8.801: [GC concurrent-mark-start]
8.813: [GC pause (young)8.813: [GC concurrent-mark-end, 0.0114460 sec]
, 0.00119400 secs]
   [Parallel Time:   1.1 ms]
      [GC Worker Start (ms):  8812.7  8812.8
       Avg: 8812.8, Min: 8812.7, Max: 8812.8, Diff:   0.0]
      [Ext Root Scanning (ms):  0.7  1.0
       Avg:   0.8, Min:   0.7, Max:   1.0, Diff:   0.3]
      [SATB Filtering (ms):  0.0  0.0
       Avg:   0.0, Min:   0.0, Max:   0.0, Diff:   0.0]
      [Update RS (ms):  0.0  0.0
       Avg:   0.0, Min:   0.0, Max:   0.0, Diff:   0.0]
         [Processed Buffers : 2 0
          Sum: 2, Avg: 1, Min: 0, Max: 2, Diff: 2]
      [Scan RS (ms):  0.0  0.0
       Avg:   0.0, Min:   0.0, Max:   0.0, Diff:   0.0]
      [Object Copy (ms):  0.1  0.0
       Avg:   0.0, Min:   0.0, Max:   0.1, Diff:   0.0]
      [Termination (ms):  0.3  0.0
       Avg:   0.2, Min:   0.0, Max:   0.3, Diff:   0.3]
         [Termination Attempts : 1 1
          Sum: 2, Avg: 1, Min: 1, Max: 1, Diff: 0]
      [GC Worker End (ms):  8813.8  8813.8
       Avg: 8813.8, Min: 8813.8, Max: 8813.8, Diff:   0.0]
      [GC Worker (ms):  1.1  1.1
       Avg:   1.1, Min:   1.1, Max:   1.1, Diff:   0.0]
      [GC Worker Other (ms):  0.0  0.1
       Avg:   0.0, Min:   0.0, Max:   0.1, Diff:   0.0]
   [Complete CSet Marking:   0.0 ms]
   [Clear CT:   0.0 ms]
   [Other:   0.1 ms]
      [Choose CSet:   0.0 ms]
      [Ref Proc:   0.0 ms]
      [Ref Enq:   0.0 ms]
      [Free CSet:   0.0 ms]
   [Eden: 1024K(101M)->0B(101M) Survivors: 1024K->1024K Heap: 449M(512M)->449M(512M)]
 [Times: user=0.00 sys=0.00, real=0.00 secs] 
8.814: [GC pause (young), 0.00057000 secs]
   [Parallel Time:   0.5 ms]
      [GC Worker Start (ms):  8814.3  8814.3
       Avg: 8814.3, Min: 8814.3, Max: 8814.3, Diff:   0.0]
      [Ext Root Scanning (ms):  0.4  0.4
       Avg:   0.4, Min:   0.4, Max:   0.4, Diff:   0.0]
      [SATB Filtering (ms):  0.0  0.0
       Avg:   0.0, Min:   0.0, Max:   0.0, Diff:   0.0]
      [Update RS (ms):  0.0  0.0
       Avg:   0.0, Min:   0.0, Max:   0.0, Diff:   0.0]
         [Processed Buffers : 2 0
          Sum: 2, Avg: 1, Min: 0, Max: 2, Diff: 2]
      [Scan RS (ms):  0.0  0.0
       Avg:   0.0, Min:   0.0, Max:   0.0, Diff:   0.0]
      [Object Copy (ms):  0.0  0.0
       Avg:   0.0, Min:   0.0, Max:   0.0, Diff:   0.0]
      [Termination (ms):  0.0  0.0
       Avg:   0.0, Min:   0.0, Max:   0.0, Diff:   0.0]
         [Termination Attempts : 1 1
          Sum: 2, Avg: 1, Min: 1, Max: 1, Diff: 0]
      [GC Worker End (ms):  8814.7  8814.7
       Avg: 8814.7, Min: 8814.7, Max: 8814.7, Diff:   0.0]
      [GC Worker (ms):  0.5  0.5
       Avg:   0.5, Min:   0.5, Max:   0.5, Diff:   0.0]
      [GC Worker Other (ms):  0.0  0.0
       Avg:   0.0, Min:   0.0, Max:   0.0, Diff:   0.0]
   [Complete CSet Marking:   0.0 ms]
   [Clear CT:   0.0 ms]
   [Other:   0.0 ms]
      [Choose CSet:   0.0 ms]
      [Ref Proc:   0.0 ms]
      [Ref Enq:   0.0 ms]
      [Free CSet:   0.0 ms]
   [Eden: 0B(101M)->0B(101M) Survivors: 1024K->1024K Heap: 449M(512M)->449M(512M)]
 [Times: user=0.00 sys=0.00, real=0.00 secs] 
8.815: [Full GC 449M->315M(512M), 0.0122090 secs]
 [Times: user=0.02 sys=0.00, real=0.01 secs] 
8.856: [GC remark, 0.0000020 secs]
 [Times: user=0.00 sys=0.00, real=0.00 secs] 
8.856: [GC concurrent-mark-abort]
8.888: [GC pause (young) (initial-mark), 0.00430700 secs]
   [Parallel Time:   4.1 ms]
      [GC Worker Start (ms):  8887.7  8887.9
       Avg: 8887.8, Min: 8887.7, Max: 8887.9, Diff:   0.2]
      [Ext Root Scanning (ms):  1.5  3.7
       Avg:   2.6, Min:   1.5, Max:   3.7, Diff:   2.2]
      [Update RS (ms):  0.0  0.0
       Avg:   0.0, Min:   0.0, Max:   0.0, Diff:   0.0]
         [Processed Buffers : 6 0
          Sum: 6, Avg: 3, Min: 0, Max: 6, Diff: 6]
      [Scan RS (ms):  0.0  0.0
       Avg:   0.0, Min:   0.0, Max:   0.0, Diff:   0.0]
      [Object Copy (ms):  0.3  0.2
       Avg:   0.2, Min:   0.2, Max:   0.3, Diff:   0.1]
      [Termination (ms):  2.2  0.0
       Avg:   1.1, Min:   0.0, Max:   2.2, Diff:   2.2]
         [Termination Attempts : 1 1
          Sum: 2, Avg: 1, Min: 1, Max: 1, Diff: 0]
      [GC Worker End (ms):  8891.7  8891.7
       Avg: 8891.7, Min: 8891.7, Max: 8891.7, Diff:   0.0]
      [GC Worker (ms):  4.1  3.8
       Avg:   4.0, Min:   3.8, Max:   4.1, Diff:   0.2]
      [GC Worker Other (ms):  0.0  0.3
       Avg:   0.2, Min:   0.0, Max:   0.3, Diff:   0.2]
   [Clear CT:   0.0 ms]
   [Other:   0.2 ms]
      [Choose CSet:   0.0 ms]
      [Ref Proc:   0.0 ms]
      [Ref Enq:   0.0 ms]
      [Free CSet:   0.0 ms]
   [Eden: 1024K(101M)->0B(101M) Survivors: 0B->1024K Heap: 416M(512M)->416M(512M)]
 [Times: user=0.01 sys=0.00, real=0.01 secs] 
8.892: [GC concurrent-root-region-scan-start]
8.892: [GC concurrent-root-region-scan-end, 0.0000520]
8.892: [GC concurrent-mark-start]
8.895: [GC concurrent-mark-end, 0.0031810 sec]
8.902: [GC pause (young), 0.00131900 secs]
   [Parallel Time:   1.2 ms]
      [GC Worker Start (ms):  8902.2  8902.2
       Avg: 8902.2, Min: 8902.2, Max: 8902.2, Diff:   0.0]
      [Ext Root Scanning (ms):  0.9  1.1
       Avg:   1.0, Min:   0.9, Max:   1.1, Diff:   0.2]
      [SATB Filtering (ms):  0.0  0.0
       Avg:   0.0, Min:   0.0, Max:   0.0, Diff:   0.0]
      [Update RS (ms):  0.0  0.0
       Avg:   0.0, Min:   0.0, Max:   0.0, Diff:   0.0]
         [Processed Buffers : 4 0
          Sum: 4, Avg: 2, Min: 0, Max: 4, Diff: 4]
      [Scan RS (ms):  0.0  0.0
       Avg:   0.0, Min:   0.0, Max:   0.0, Diff:   0.0]
      [Object Copy (ms):  0.1  0.0
       Avg:   0.0, Min:   0.0, Max:   0.1, Diff:   0.0]
      [Termination (ms):  0.1  0.0
       Avg:   0.1, Min:   0.0, Max:   0.1, Diff:   0.1]
         [Termination Attempts : 1 1
          Sum: 2, Avg: 1, Min: 1, Max: 1, Diff: 0]
      [GC Worker End (ms):  8903.4  8903.4
       Avg: 8903.4, Min: 8903.4, Max: 8903.4, Diff:   0.0]
      [GC Worker (ms):  1.2  1.2
       Avg:   1.2, Min:   1.2, Max:   1.2, Diff:   0.0]
      [GC Worker Other (ms):  0.1  0.1
       Avg:   0.1, Min:   0.1, Max:   0.1, Diff:   0.0]
   [Complete CSet Marking:   0.0 ms]
   [Clear CT:   0.0 ms]
   [Other:   0.1 ms]
      [Choose CSet:   0.0 ms]
      [Ref Proc:   0.0 ms]
      [Ref Enq:   0.0 ms]
      [Free CSet:   0.0 ms]
   [Eden: 1024K(101M)->0B(101M) Survivors: 1024K->1024K Heap: 434M(512M)->434M(512M)]
 [Times: user=0.00 sys=0.00, real=0.00 secs] 
8.904: [GC remark 8.904: [GC ref-proc, 0.0000060 secs], 0.0035100 secs]
 [Times: user=0.01 sys=0.00, real=0.00 secs] 
8.907: [GC cleanup 434M->278M(512M), 0.0004020 secs]
 [Times: user=0.00 sys=0.00, real=0.00 secs] 
8.908: [GC concurrent-cleanup-start]
8.908: [GC concurrent-cleanup-end, 0.0002660]
8.937: [GC pause (young) (initial-mark), 0.00194800 secs]
   [Parallel Time:   1.7 ms]
      [GC Worker Start (ms):  8936.9  8938.6
       Avg: 8937.7, Min: 8936.9, Max: 8938.6, Diff:   1.6]
      [Ext Root Scanning (ms):  1.2  0.0
       Avg:   0.6, Min:   0.0, Max:   1.2, Diff:   1.2]
      [Update RS (ms):  0.0  0.0
       Avg:   0.0, Min:   0.0, Max:   0.0, Diff:   0.0]
         [Processed Buffers : 4 0
          Sum: 4, Avg: 2, Min: 0, Max: 4, Diff: 4]
      [Scan RS (ms):  0.0  0.0
       Avg:   0.0, Min:   0.0, Max:   0.0, Diff:   0.0]
      [Object Copy (ms):  0.3  0.0
       Avg:   0.1, Min:   0.0, Max:   0.3, Diff:   0.3]
      [Termination (ms):  0.1  0.0
       Avg:   0.0, Min:   0.0, Max:   0.1, Diff:   0.1]
         [Termination Attempts : 1 1
          Sum: 2, Avg: 1, Min: 1, Max: 1, Diff: 0]
      [GC Worker End (ms):  8938.6  8938.6
       Avg: 8938.6, Min: 8938.6, Max: 8938.6, Diff:   0.0]
      [GC Worker (ms):  1.7  0.0
       Avg:   0.8, Min:   0.0, Max:   1.7, Diff:   1.7]
      [GC Worker Other (ms):  0.0  1.7
       Avg:   0.9, Min:   0.0, Max:   1.7, Diff:   1.6]
   [Clear CT:   0.0 ms]
   [Other:   0.2 ms]
      [Choose CSet:   0.0 ms]
      [Ref Proc:   0.1 ms]
      [Ref Enq:   0.0 ms]
      [Free CSet:   0.0 ms]
   [Eden: 1024K(101M)->0B(131M) Survivors: 1024K->1024K Heap: 318M(512M)->317M(512M)]
 [Times: user=0.00 sys=0.00, real=0.00 secs] 
8.939: [GC concurrent-root-region-scan-start]
8.950: [GC concurrent-root-region-scan-end, 0.0110790]
8.950: [GC concurrent-mark-start]
8.962: [GC concurrent-mark-end, 0.0115740 sec]
8.967: [GC remark 8.968: [GC ref-proc, 0.0000210 secs], 0.0043200 secs]
 [Times: user=0.01 sys=0.00, real=0.01 secs] 
8.984: [GC cleanup 393M->313M(512M), 0.0005840 secs]
 [Times: user=0.00 sys=0.00, real=0.00 secs] 
8.985: [GC concurrent-cleanup-start]
8.985: [GC concurrent-cleanup-end, 0.0002110]
9.014: [GC pause (young) (initial-mark), 0.00112800 secs]
   [Parallel Time:   1.0 ms]
      [GC Worker Start (ms):  9014.3  9014.3
       Avg: 9014.3, Min: 9014.3, Max: 9014.3, Diff:   0.0]
      [Ext Root Scanning (ms):  0.7  0.8
       Avg:   0.7, Min:   0.7, Max:   0.8, Diff:   0.1]
      [Update RS (ms):  0.0  0.0
       Avg:   0.0, Min:   0.0, Max:   0.0, Diff:   0.0]
         [Processed Buffers : 3 0
          Sum: 3, Avg: 1, Min: 0, Max: 3, Diff: 3]
      [Scan RS (ms):  0.0  0.0
       Avg:   0.0, Min:   0.0, Max:   0.0, Diff:   0.0]
      [Object Copy (ms):  0.2  0.1
       Avg:   0.2, Min:   0.1, Max:   0.2, Diff:   0.0]
      [Termination (ms):  0.0  0.0
       Avg:   0.0, Min:   0.0, Max:   0.0, Diff:   0.0]
         [Termination Attempts : 1 1
          Sum: 2, Avg: 1, Min: 1, Max: 1, Diff: 0]
      [GC Worker End (ms):  9015.3  9015.3
       Avg: 9015.3, Min: 9015.3, Max: 9015.3, Diff:   0.0]
      [GC Worker (ms):  0.9  0.9
       Avg:   0.9, Min:   0.9, Max:   0.9, Diff:   0.0]
      [GC Worker Other (ms):  0.1  0.1
       Avg:   0.1, Min:   0.1, Max:   0.1, Diff:   0.0]
   [Clear CT:   0.0 ms]
   [Other:   0.1 ms]
      [Choose CSet:   0.0 ms]
      [Ref Proc:   0.0 ms]
      [Ref Enq:   0.0 ms]
      [Free CSet:   0.0 ms]
   [Eden: 1024K(131M)->0B(101M) Survivors: 1024K->1024K Heap: 355M(512M)->355M(512M)]
 [Times: user=0.01 sys=0.00, real=0.00 secs] 
9.015: [GC concurrent-root-region-scan-start]
9.016: [GC concurrent-root-region-scan-end, 0.0001990]
9.016: [GC concurrent-mark-start]
9.018: [GC concurrent-mark-end, 0.0019930 sec]
9.022: [GC remark 9.023: [GC ref-proc, 0.0000170 secs], 0.0032980 secs]
 [Times: user=0.01 sys=0.00, real=0.00 secs] 
9.031: [GC cleanup 379M->313M(512M), 0.0008460 secs]
 [Times: user=0.00 sys=0.00, real=0.00 secs] 
9.032: [GC concurrent-cleanup-start]
9.032: [GC concurrent-cleanup-end, 0.0001810]
9.067: [GC pause (young) (initial-mark), 0.00157800 secs]
   [Parallel Time:   1.4 ms]
      [GC Worker Start (ms):  9066.7  9066.8
       Avg: 9066.8, Min: 9066.7, Max: 9066.8, Diff:   0.0]
      [Ext Root Scanning (ms):  1.1  1.1
       Avg:   1.1, Min:   1.1, Max:   1.1, Diff:   0.0]
      [Update RS (ms):  0.0  0.0
       Avg:   0.0, Min:   0.0, Max:   0.0, Diff:   0.0]
         [Processed Buffers : 1 2
          Sum: 3, Avg: 1, Min: 1, Max: 2, Diff: 1]
      [Scan RS (ms):  0.0  0.0
       Avg:   0.0, Min:   0.0, Max:   0.0, Diff:   0.0]
      [Object Copy (ms):  0.2  0.2
       Avg:   0.2, Min:   0.2, Max:   0.2, Diff:   0.0]
      [Termination (ms):  0.1  0.0
       Avg:   0.0, Min:   0.0, Max:   0.1, Diff:   0.1]
         [Termination Attempts : 1 1
          Sum: 2, Avg: 1, Min: 1, Max: 1, Diff: 0]
      [GC Worker End (ms):  9068.1  9068.1
       Avg: 9068.1, Min: 9068.1, Max: 9068.1, Diff:   0.0]
      [GC Worker (ms):  1.4  1.4
       Avg:   1.4, Min:   1.4, Max:   1.4, Diff:   0.0]
      [GC Worker Other (ms):  0.1  0.1
       Avg:   0.1, Min:   0.1, Max:   0.1, Diff:   0.0]
   [Clear CT:   0.0 ms]
   [Other:   0.1 ms]
      [Choose CSet:   0.0 ms]
      [Ref Proc:   0.0 ms]
      [Ref Enq:   0.0 ms]
      [Free CSet:   0.0 ms]
   [Eden: 1024K(101M)->0B(101M) Survivors: 1024K->1024K Heap: 364M(512M)->364M(512M)]
 [Times: user=0.00 sys=0.00, real=0.00 secs] 
9.068: [GC concurrent-root-region-scan-start]
9.070: [GC concurrent-root-region-scan-end, 0.0014800]
9.070: [GC concurrent-mark-start]
9.071: [GC concurrent-mark-end, 0.0014460 sec]
9.100: [GC remark 9.101: [GC ref-proc, 0.0000160 secs], 0.0039760 secs]
 [Times: user=0.01 sys=0.00, real=0.00 secs] 
9.105: [GC cleanup 420M->405M(512M), 0.0005880 secs]
 [Times: user=0.00 sys=0.00, real=0.00 secs] 
9.105: [GC concurrent-cleanup-start]
9.105: [GC concurrent-cleanup-end, 0.0000610]
9.106: [GC pause (young), 0.00115700 secs]
   [Parallel Time:   1.0 ms]
      [GC Worker Start (ms):  9105.9  9105.9
       Avg: 9105.9, Min: 9105.9, Max: 9105.9, Diff:   0.0]
      [Ext Root Scanning (ms):  0.7  0.8
       Avg:   0.7, Min:   0.7, Max:   0.8, Diff:   0.1]
      [Update RS (ms):  0.0  0.0
       Avg:   0.0, Min:   0.0, Max:   0.0, Diff:   0.0]
         [Processed Buffers : 3 0
          Sum: 3, Avg: 1, Min: 0, Max: 3, Diff: 3]
      [Scan RS (ms):  0.0  0.0
       Avg:   0.0, Min:   0.0, Max:   0.0, Diff:   0.0]
      [Object Copy (ms):  0.1  0.1
       Avg:   0.1, Min:   0.1, Max:   0.1, Diff:   0.1]
      [Termination (ms):  0.2  0.0
       Avg:   0.1, Min:   0.0, Max:   0.2, Diff:   0.2]
         [Termination Attempts : 1 1
          Sum: 2, Avg: 1, Min: 1, Max: 1, Diff: 0]
      [GC Worker End (ms):  9106.9  9106.9
       Avg: 9106.9, Min: 9106.9, Max: 9106.9, Diff:   0.0]
      [GC Worker (ms):  1.0  0.9
       Avg:   0.9, Min:   0.9, Max:   1.0, Diff:   0.0]
      [GC Worker Other (ms):  0.1  0.1
       Avg:   0.1, Min:   0.1, Max:   0.1, Diff:   0.0]
   [Clear CT:   0.0 ms]
   [Other:   0.1 ms]
      [Choose CSet:   0.0 ms]
      [Ref Proc:   0.1 ms]
      [Ref Enq:   0.0 ms]
      [Free CSet:   0.0 ms]
   [Eden: 1024K(101M)->0B(101M) Survivors: 1024K->1024K Heap: 405M(512M)->404M(512M)]
 [Times: user=0.00 sys=0.00, real=0.00 secs] 
9.139: [GC pause (young) (initial-mark), 0.00143400 secs]
   [Parallel Time:   1.2 ms]
      [GC Worker Start (ms):  9138.7  9138.7
       Avg: 9138.7, Min: 9138.7, Max: 9138.7, Diff:   0.0]
      [Ext Root Scanning (ms):  0.8  1.0
       Avg:   0.9, Min:   0.8, Max:   1.0, Diff:   0.2]
      [Update RS (ms):  0.0  0.0
       Avg:   0.0, Min:   0.0, Max:   0.0, Diff:   0.0]
         [Processed Buffers : 2 0
          Sum: 2, Avg: 1, Min: 0, Max: 2, Diff: 2]
      [Scan RS (ms):  0.0  0.0
       Avg:   0.0, Min:   0.0, Max:   0.0, Diff:   0.0]
      [Object Copy (ms):  0.2  0.1
       Avg:   0.2, Min:   0.1, Max:   0.2, Diff:   0.1]
      [Termination (ms):  0.1  0.0
       Avg:   0.0, Min:   0.0, Max:   0.1, Diff:   0.1]
         [Termination Attempts : 1 1
          Sum: 2, Avg: 1, Min: 1, Max: 1, Diff: 0]
      [GC Worker End (ms):  9139.9  9139.9
       Avg: 9139.9, Min: 9139.9, Max: 9139.9, Diff:   0.0]
      [GC Worker (ms):  1.2  1.1
       Avg:   1.2, Min:   1.1, Max:   1.2, Diff:   0.0]
      [GC Worker Other (ms):  0.1  0.1
       Avg:   0.1, Min:   0.1, Max:   0.1, Diff:   0.0]
   [Clear CT:   0.0 ms]
   [Other:   0.2 ms]
      [Choose CSet:   0.0 ms]
      [Ref Proc:   0.1 ms]
      [Ref Enq:   0.0 ms]
      [Free CSet:   0.0 ms]
   [Eden: 1024K(101M)->0B(101M) Survivors: 1024K->1024K Heap: 454M(512M)->454M(512M)]
 [Times: user=0.00 sys=0.00, real=0.01 secs] 
9.140: [GC concurrent-root-region-scan-start]
9.140: [GC concurrent-root-region-scan-end, 0.0001240]
9.140: [GC concurrent-mark-start]
9.140: [GC pause (young), 0.00059400 secs]
   [Parallel Time:   0.5 ms]
      [GC Worker Start (ms):  9140.3  9140.4
       Avg: 9140.3, Min: 9140.3, Max: 9140.4, Diff:   0.0]
      [Ext Root Scanning (ms):  0.4  0.5
       Avg:   0.4, Min:   0.4, Max:   0.5, Diff:   0.0]
      [SATB Filtering (ms):  0.0  0.0
       Avg:   0.0, Min:   0.0, Max:   0.0, Diff:   0.0]
      [Update RS (ms):  0.0  0.0
       Avg:   0.0, Min:   0.0, Max:   0.0, Diff:   0.0]
         [Processed Buffers : 2 0
          Sum: 2, Avg: 1, Min: 0, Max: 2, Diff: 2]
      [Scan RS (ms):  0.0  0.0
       Avg:   0.0, Min:   0.0, Max:   0.0, Diff:   0.0]
      [Object Copy (ms):  0.0  0.0
       Avg:   0.0, Min:   0.0, Max:   0.0, Diff:   0.0]
      [Termination (ms):  0.0  0.0
       Avg:   0.0, Min:   0.0, Max:   0.0, Diff:   0.0]
         [Termination Attempts : 1 1
          Sum: 2, Avg: 1, Min: 1, Max: 1, Diff: 0]
      [GC Worker End (ms):  9140.9  9140.8
       Avg: 9140.8, Min: 9140.8, Max: 9140.9, Diff:   0.0]
      [GC Worker (ms):  0.5  0.5
       Avg:   0.5, Min:   0.5, Max:   0.5, Diff:   0.0]
      [GC Worker Other (ms):  0.0  0.0
       Avg:   0.0, Min:   0.0, Max:   0.0, Diff:   0.0]
   [Complete CSet Marking:   0.0 ms]
   [Clear CT:   0.0 ms]
   [Other:   0.0 ms]
      [Choose CSet:   0.0 ms]
      [Ref Proc:   0.0 ms]
      [Ref Enq:   0.0 ms]
      [Free CSet:   0.0 ms]
   [Eden: 0B(101M)->0B(101M) Survivors: 1024K->1024K Heap: 454M(512M)->454M(512M)]
 [Times: user=0.00 sys=0.00, real=0.00 secs] 
9.141: [Full GC 454M->293M(512M), 0.0120420 secs]
 [Times: user=0.01 sys=0.00, real=0.01 secs] 
9.153: [GC concurrent-mark-abort]
9.198: [GC pause (young) (initial-mark), 0.00187900 secs]
   [Parallel Time:   1.7 ms]
      [GC Worker Start (ms):  9198.6  9198.6
       Avg: 9198.6, Min: 9198.6, Max: 9198.6, Diff:   0.0]
      [Ext Root Scanning (ms):  1.4  1.5
       Avg:   1.4, Min:   1.4, Max:   1.5, Diff:   0.1]
      [Update RS (ms):  0.0  0.0
       Avg:   0.0, Min:   0.0, Max:   0.0, Diff:   0.0]
         [Processed Buffers : 3 0
          Sum: 3, Avg: 1, Min: 0, Max: 3, Diff: 3]
      [Scan RS (ms):  0.0  0.0
       Avg:   0.0, Min:   0.0, Max:   0.0, Diff:   0.0]
      [Object Copy (ms):  0.2  0.2
       Avg:   0.2, Min:   0.2, Max:   0.2, Diff:   0.1]
      [Termination (ms):  0.0  0.0
       Avg:   0.0, Min:   0.0, Max:   0.0, Diff:   0.0]
         [Termination Attempts : 1 1
          Sum: 2, Avg: 1, Min: 1, Max: 1, Diff: 0]
      [GC Worker End (ms):  9200.2  9200.2
       Avg: 9200.2, Min: 9200.2, Max: 9200.2, Diff:   0.0]
      [GC Worker (ms):  1.6  1.6
       Avg:   1.6, Min:   1.6, Max:   1.6, Diff:   0.0]
      [GC Worker Other (ms):  0.1  0.1
       Avg:   0.1, Min:   0.1, Max:   0.1, Diff:   0.0]
   [Clear CT:   0.0 ms]
   [Other:   0.2 ms]
      [Choose CSet:   0.0 ms]
      [Ref Proc:   0.0 ms]
      [Ref Enq:   0.0 ms]
      [Free CSet:   0.0 ms]
   [Eden: 1024K(101M)->0B(101M) Survivors: 0B->1024K Heap: 363M(512M)->363M(512M)]
 [Times: user=0.00 sys=0.00, real=0.01 secs] 
9.200: [GC concurrent-root-region-scan-start]
9.200: [GC concurrent-root-region-scan-end, 0.0000550]
9.200: [GC concurrent-mark-start]
9.203: [GC concurrent-mark-end, 0.0027040 sec]
9.206: [GC remark 9.206: [GC ref-proc, 0.0000150 secs], 0.0033950 secs]
 [Times: user=0.01 sys=0.00, real=0.01 secs] 
9.221: [GC cleanup 392M->286M(512M), 0.0005990 secs]
 [Times: user=0.00 sys=0.00, real=0.00 secs] 
9.221: [GC concurrent-cleanup-start]
9.222: [GC concurrent-cleanup-end, 0.0002590]
9.255: [GC pause (young) (initial-mark), 0.00216000 secs]
   [Parallel Time:   1.9 ms]
      [GC Worker Start (ms):  9255.6  9257.1
       Avg: 9256.4, Min: 9255.6, Max: 9257.1, Diff:   1.6]
      [Ext Root Scanning (ms):  1.6  0.2
       Avg:   0.9, Min:   0.2, Max:   1.6, Diff:   1.3]
      [Update RS (ms):  0.0  0.0
       Avg:   0.0, Min:   0.0, Max:   0.0, Diff:   0.0]
         [Processed Buffers : 0 4
          Sum: 4, Avg: 2, Min: 0, Max: 4, Diff: 4]
      [Scan RS (ms):  0.0  0.0
       Avg:   0.0, Min:   0.0, Max:   0.0, Diff:   0.0]
      [Object Copy (ms):  0.3  0.0
       Avg:   0.2, Min:   0.0, Max:   0.3, Diff:   0.3]
      [Termination (ms):  0.0  0.0
       Avg:   0.0, Min:   0.0, Max:   0.0, Diff:   0.0]
         [Termination Attempts : 1 1
          Sum: 2, Avg: 1, Min: 1, Max: 1, Diff: 0]
      [GC Worker End (ms):  9257.5  9257.5
       Avg: 9257.5, Min: 9257.5, Max: 9257.5, Diff:   0.0]
      [GC Worker (ms):  1.9  0.3
       Avg:   1.1, Min:   0.3, Max:   1.9, Diff:   1.6]
      [GC Worker Other (ms):  0.1  1.6
       Avg:   0.8, Min:   0.1, Max:   1.6, Diff:   1.6]
   [Clear CT:   0.0 ms]
   [Other:   0.2 ms]
      [Choose CSet:   0.0 ms]
      [Ref Proc:   0.0 ms]
      [Ref Enq:   0.0 ms]
      [Free CSet:   0.0 ms]
   [Eden: 1024K(101M)->0B(112M) Survivors: 1024K->1024K Heap: 335M(512M)->335M(512M)]
 [Times: user=0.01 sys=0.00, real=0.00 secs] 
9.258: [GC concurrent-root-region-scan-start]
9.258: [GC concurrent-root-region-scan-end, 0.0000660]
9.258: [GC concurrent-mark-start]
9.260: [GC concurrent-mark-end, 0.0019840 sec]
9.270: [GC remark 9.270: [GC ref-proc, 0.0000200 secs], 0.0035450 secs]
 [Times: user=0.00 sys=0.00, real=0.00 secs] 
9.274: [GC cleanup 356M->312M(512M), 0.0004000 secs]
 [Times: user=0.00 sys=0.00, real=0.00 secs] 
9.274: [GC concurrent-cleanup-start]
9.274: [GC concurrent-cleanup-end, 0.0000920]
9.331: [GC pause (young) (initial-mark), 0.00128000 secs]
   [Parallel Time:   1.1 ms]
      [GC Worker Start (ms):  9330.9  9330.9
       Avg: 9330.9, Min: 9330.9, Max: 9330.9, Diff:   0.0]
      [Ext Root Scanning (ms):  0.8  0.9
       Avg:   0.8, Min:   0.8, Max:   0.9, Diff:   0.1]
      [Update RS (ms):  0.0  0.0
       Avg:   0.0, Min:   0.0, Max:   0.0, Diff:   0.0]
         [Processed Buffers : 6 0
          Sum: 6, Avg: 3, Min: 0, Max: 6, Diff: 6]
      [Scan RS (ms):  0.0  0.0
       Avg:   0.0, Min:   0.0, Max:   0.0, Diff:   0.0]
      [Object Copy (ms):  0.2  0.2
       Avg:   0.2, Min:   0.2, Max:   0.2, Diff:   0.0]
      [Termination (ms):  0.1  0.0
       Avg:   0.0, Min:   0.0, Max:   0.1, Diff:   0.1]
         [Termination Attempts : 1 1
          Sum: 2, Avg: 1, Min: 1, Max: 1, Diff: 0]
      [GC Worker End (ms):  9332.0  9332.0
       Avg: 9332.0, Min: 9332.0, Max: 9332.0, Diff:   0.0]
      [GC Worker (ms):  1.1  1.1
       Avg:   1.1, Min:   1.1, Max:   1.1, Diff:   0.0]
      [GC Worker Other (ms):  0.1  0.1
       Avg:   0.1, Min:   0.1, Max:   0.1, Diff:   0.0]
   [Clear CT:   0.0 ms]
   [Other:   0.1 ms]
      [Choose CSet:   0.0 ms]
      [Ref Proc:   0.0 ms]
      [Ref Enq:   0.0 ms]
      [Free CSet:   0.0 ms]
   [Eden: 1024K(112M)->0B(101M) Survivors: 1024K->1024K Heap: 408M(512M)->407M(512M)]
 [Times: user=0.01 sys=0.00, real=0.00 secs] 
9.332: [GC concurrent-root-region-scan-start]
9.333: [GC concurrent-root-region-scan-end, 0.0005700]
9.333: [GC concurrent-mark-start]
9.341: [GC concurrent-mark-end, 0.0076960 sec]
9.353: [GC pause (young), 0.00116200 secs]
   [Parallel Time:   1.0 ms]
      [GC Worker Start (ms):  9352.9  9352.9
       Avg: 9352.9, Min: 9352.9, Max: 9352.9, Diff:   0.0]
      [Ext Root Scanning (ms):  0.9  0.8
       Avg:   0.9, Min:   0.8, Max:   0.9, Diff:   0.1]
      [SATB Filtering (ms):  0.0  0.0
       Avg:   0.0, Min:   0.0, Max:   0.0, Diff:   0.0]
      [Update RS (ms):  0.0  0.0
       Avg:   0.0, Min:   0.0, Max:   0.0, Diff:   0.0]
         [Processed Buffers : 0 4
          Sum: 4, Avg: 2, Min: 0, Max: 4, Diff: 4]
      [Scan RS (ms):  0.0  0.0
       Avg:   0.0, Min:   0.0, Max:   0.0, Diff:   0.0]
      [Object Copy (ms):  0.1  0.0
       Avg:   0.1, Min:   0.0, Max:   0.1, Diff:   0.0]
      [Termination (ms):  0.0  0.0
       Avg:   0.0, Min:   0.0, Max:   0.0, Diff:   0.0]
         [Termination Attempts : 1 1
          Sum: 2, Avg: 1, Min: 1, Max: 1, Diff: 0]
      [GC Worker End (ms):  9353.8  9353.8
       Avg: 9353.8, Min: 9353.8, Max: 9353.8, Diff:   0.0]
      [GC Worker (ms):  1.0  1.0
       Avg:   1.0, Min:   1.0, Max:   1.0, Diff:   0.0]
      [GC Worker Other (ms):  0.1  0.1
       Avg:   0.1, Min:   0.1, Max:   0.1, Diff:   0.0]
   [Complete CSet Marking:   0.0 ms]
   [Clear CT:   0.0 ms]
   [Other:   0.1 ms]
      [Choose CSet:   0.0 ms]
      [Ref Proc:   0.1 ms]
      [Ref Enq:   0.0 ms]
      [Free CSet:   0.0 ms]
   [Eden: 1024K(101M)->0B(101M) Survivors: 1024K->1024K Heap: 444M(512M)->444M(512M)]
 [Times: user=0.01 sys=0.00, real=0.00 secs] 
9.369: [GC remark 9.369: [GC ref-proc, 0.0000160 secs], 0.0033790 secs]
 [Times: user=0.01 sys=0.00, real=0.01 secs] 
9.372: [Full GC 472M->293M(512M), 0.0143840 secs]
 [Times: user=0.01 sys=0.00, real=0.01 secs] 
9.422: [GC cleanup, 0.0000010 secs]
 [Times: user=0.00 sys=0.00, real=0.00 secs] 
9.422: [GC concurrent-mark-abort]
9.459: [GC pause (young) (initial-mark), 0.00260200 secs]
   [Parallel Time:   2.4 ms]
      [GC Worker Start (ms):  9459.6  9459.6
       Avg: 9459.6, Min: 9459.6, Max: 9459.6, Diff:   0.0]
      [Ext Root Scanning (ms):  2.2  2.0
       Avg:   2.1, Min:   2.0, Max:   2.2, Diff:   0.1]
      [Update RS (ms):  0.0  0.0
       Avg:   0.0, Min:   0.0, Max:   0.0, Diff:   0.0]
         [Processed Buffers : 0 3
          Sum: 3, Avg: 1, Min: 0, Max: 3, Diff: 3]
      [Scan RS (ms):  0.0  0.0
       Avg:   0.0, Min:   0.0, Max:   0.0, Diff:   0.0]
      [Object Copy (ms):  0.2  0.2
       Avg:   0.2, Min:   0.2, Max:   0.2, Diff:   0.0]
      [Termination (ms):  0.0  0.1
       Avg:   0.1, Min:   0.0, Max:   0.1, Diff:   0.1]
         [Termination Attempts : 1 1
          Sum: 2, Avg: 1, Min: 1, Max: 1, Diff: 0]
      [GC Worker End (ms):  9462.0  9462.0
       Avg: 9462.0, Min: 9462.0, Max: 9462.0, Diff:   0.0]
      [GC Worker (ms):  2.4  2.4
       Avg:   2.4, Min:   2.4, Max:   2.4, Diff:   0.0]
      [GC Worker Other (ms):  0.1  0.1
       Avg:   0.1, Min:   0.1, Max:   0.1, Diff:   0.0]
   [Clear CT:   0.0 ms]
   [Other:   0.1 ms]
      [Choose CSet:   0.0 ms]
      [Ref Proc:   0.0 ms]
      [Ref Enq:   0.0 ms]
      [Free CSet:   0.0 ms]
   [Eden: 1024K(101M)->0B(101M) Survivors: 0B->1024K Heap: 414M(512M)->414M(512M)]
 [Times: user=0.00 sys=0.00, real=0.00 secs] 
9.462: [GC concurrent-root-region-scan-start]
9.462: [GC concurrent-root-region-scan-end, 0.0000580]
9.462: [GC concurrent-mark-start]
9.466: [GC concurrent-mark-end, 0.0038340 sec]
9.476: [GC remark 9.476: [GC ref-proc, 0.0000150 secs], 0.0042840 secs]
 [Times: user=0.01 sys=0.00, real=0.01 secs] 
9.481: [GC cleanup 438M->330M(512M), 0.0006430 secs]
 [Times: user=0.00 sys=0.00, real=0.00 secs] 
9.481: [GC concurrent-cleanup-start]
9.481: [GC concurrent-cleanup-end, 0.0002130]
9.546: [GC pause (young) (initial-mark), 0.00126700 secs]
   [Parallel Time:   1.1 ms]
      [GC Worker Start (ms):  9545.9  9545.9
       Avg: 9545.9, Min: 9545.9, Max: 9545.9, Diff:   0.0]
      [Ext Root Scanning (ms):  0.8  0.9
       Avg:   0.8, Min:   0.8, Max:   0.9, Diff:   0.1]
      [Update RS (ms):  0.0  0.0
       Avg:   0.0, Min:   0.0, Max:   0.0, Diff:   0.0]
         [Processed Buffers : 7 0
          Sum: 7, Avg: 3, Min: 0, Max: 7, Diff: 7]
      [Scan RS (ms):  0.0  0.0
       Avg:   0.0, Min:   0.0, Max:   0.0, Diff:   0.0]
      [Object Copy (ms):  0.1  0.2
       Avg:   0.2, Min:   0.1, Max:   0.2, Diff:   0.0]
      [Termination (ms):  0.1  0.0
       Avg:   0.0, Min:   0.0, Max:   0.1, Diff:   0.1]
         [Termination Attempts : 1 1
          Sum: 2, Avg: 1, Min: 1, Max: 1, Diff: 0]
      [GC Worker End (ms):  9547.0  9547.0
       Avg: 9547.0, Min: 9547.0, Max: 9547.0, Diff:   0.0]
      [GC Worker (ms):  1.1  1.1
       Avg:   1.1, Min:   1.1, Max:   1.1, Diff:   0.0]
      [GC Worker Other (ms):  0.0  0.0
       Avg:   0.0, Min:   0.0, Max:   0.0, Diff:   0.0]
   [Clear CT:   0.0 ms]
   [Other:   0.2 ms]
      [Choose CSet:   0.0 ms]
      [Ref Proc:   0.0 ms]
      [Ref Enq:   0.0 ms]
      [Free CSet:   0.0 ms]
   [Eden: 1024K(101M)->0B(101M) Survivors: 1024K->1024K Heap: 431M(512M)->431M(512M)]
 [Times: user=0.00 sys=0.00, real=0.00 secs] 
9.547: [GC concurrent-root-region-scan-start]
9.547: [GC concurrent-root-region-scan-end, 0.0000820]
9.547: [GC concurrent-mark-start]
9.547: [GC pause (young), 0.00060100 secs]
   [Parallel Time:   0.5 ms]
      [GC Worker Start (ms):  9547.5  9547.6
       Avg: 9547.5, Min: 9547.5, Max: 9547.6, Diff:   0.1]
      [Ext Root Scanning (ms):  0.4  0.4
       Avg:   0.4, Min:   0.4, Max:   0.4, Diff:   0.1]
      [SATB Filtering (ms):  0.0  0.0
       Avg:   0.0, Min:   0.0, Max:   0.0, Diff:   0.0]
      [Update RS (ms):  0.0  0.0
       Avg:   0.0, Min:   0.0, Max:   0.0, Diff:   0.0]
         [Processed Buffers : 2 1
          Sum: 3, Avg: 1, Min: 1, Max: 2, Diff: 1]
      [Scan RS (ms):  0.0  0.0
       Avg:   0.0, Min:   0.0, Max:   0.0, Diff:   0.0]
      [Object Copy (ms):  0.1  0.0
       Avg:   0.0, Min:   0.0, Max:   0.1, Diff:   0.0]
      [Termination (ms):  0.0  0.0
       Avg:   0.0, Min:   0.0, Max:   0.0, Diff:   0.0]
         [Termination Attempts : 1 1
          Sum: 2, Avg: 1, Min: 1, Max: 1, Diff: 0]
      [GC Worker End (ms):  9548.0  9548.0
       Avg: 9548.0, Min: 9548.0, Max: 9548.0, Diff:   0.0]
      [GC Worker (ms):  0.5  0.4
       Avg:   0.5, Min:   0.4, Max:   0.5, Diff:   0.1]
      [GC Worker Other (ms):  0.0  0.1
       Avg:   0.1, Min:   0.0, Max:   0.1, Diff:   0.1]
   [Complete CSet Marking:   0.0 ms]
   [Clear CT:   0.0 ms]
   [Other:   0.0 ms]
      [Choose CSet:   0.0 ms]
      [Ref Proc:   0.0 ms]
      [Ref Enq:   0.0 ms]
      [Free CSet:   0.0 ms]
   [Eden: 1024K(101M)->0B(101M) Survivors: 1024K->1024K Heap: 431M(512M)->431M(512M)]
 [Times: user=0.00 sys=0.00, real=0.00 secs] 
9.548: [Full GC 431M->244M(512M), 0.0140060 secs]
 [Times: user=0.01 sys=0.00, real=0.02 secs] 
9.562: [GC concurrent-mark-abort]
9.615: [GC pause (young) (initial-mark), 0.00187300 secs]
   [Parallel Time:   1.7 ms]
      [GC Worker Start (ms):  9615.5  9615.5
       Avg: 9615.5, Min: 9615.5, Max: 9615.5, Diff:   0.0]
      [Ext Root Scanning (ms):  1.4  1.5
       Avg:   1.4, Min:   1.4, Max:   1.5, Diff:   0.1]
      [Update RS (ms):  0.0  0.0
       Avg:   0.0, Min:   0.0, Max:   0.0, Diff:   0.0]
         [Processed Buffers : 1 0
          Sum: 1, Avg: 0, Min: 0, Max: 1, Diff: 1]
      [Scan RS (ms):  0.0  0.0
       Avg:   0.0, Min:   0.0, Max:   0.0, Diff:   0.0]
      [Object Copy (ms):  0.3  0.1
       Avg:   0.2, Min:   0.1, Max:   0.3, Diff:   0.1]
      [Termination (ms):  0.0  0.0
       Avg:   0.0, Min:   0.0, Max:   0.0, Diff:   0.0]
         [Termination Attempts : 1 1
          Sum: 2, Avg: 1, Min: 1, Max: 1, Diff: 0]
      [GC Worker End (ms):  9617.1  9617.1
       Avg: 9617.1, Min: 9617.1, Max: 9617.1, Diff:   0.0]
      [GC Worker (ms):  1.7  1.6
       Avg:   1.7, Min:   1.6, Max:   1.7, Diff:   0.0]
      [GC Worker Other (ms):  0.0  0.1
       Avg:   0.1, Min:   0.0, Max:   0.1, Diff:   0.0]
   [Clear CT:   0.0 ms]
   [Other:   0.2 ms]
      [Choose CSet:   0.0 ms]
      [Ref Proc:   0.0 ms]
      [Ref Enq:   0.0 ms]
      [Free CSet:   0.0 ms]
   [Eden: 1024K(101M)->0B(115M) Survivors: 0B->1024K Heap: 332M(512M)->332M(512M)]
 [Times: user=0.01 sys=0.00, real=0.00 secs] 
9.617: [GC concurrent-root-region-scan-start]
9.617: [GC concurrent-root-region-scan-end, 0.0000220]
9.617: [GC concurrent-mark-start]
9.619: [GC concurrent-mark-end, 0.0020470 sec]
9.637: [GC remark 9.637: [GC ref-proc, 0.0000170 secs], 0.0038220 secs]
 [Times: user=0.00 sys=0.00, real=0.01 secs] 
9.655: [GC cleanup 391M->391M(512M), 0.0005240 secs]
 [Times: user=0.00 sys=0.00, real=0.00 secs] 
9.673: [GC pause (young) (initial-mark), 0.00193400 secs]
   [Parallel Time:   1.4 ms]
      [GC Worker Start (ms):  9673.3  9673.6
       Avg: 9673.5, Min: 9673.3, Max: 9673.6, Diff:   0.2]
      [Ext Root Scanning (ms):  1.1  0.8
       Avg:   0.9, Min:   0.8, Max:   1.1, Diff:   0.3]
      [Update RS (ms):  0.0  0.0
       Avg:   0.0, Min:   0.0, Max:   0.0, Diff:   0.0]
         [Processed Buffers : 0 6
          Sum: 6, Avg: 3, Min: 0, Max: 6, Diff: 6]
      [Scan RS (ms):  0.0  0.0
       Avg:   0.0, Min:   0.0, Max:   0.0, Diff:   0.0]
      [Object Copy (ms):  0.3  0.2
       Avg:   0.2, Min:   0.2, Max:   0.3, Diff:   0.1]
      [Termination (ms):  0.0  0.1
       Avg:   0.0, Min:   0.0, Max:   0.1, Diff:   0.1]
         [Termination Attempts : 1 1
          Sum: 2, Avg: 1, Min: 1, Max: 1, Diff: 0]
      [GC Worker End (ms):  9674.7  9674.7
       Avg: 9674.7, Min: 9674.7, Max: 9674.7, Diff:   0.0]
      [GC Worker (ms):  1.3  1.1
       Avg:   1.2, Min:   1.1, Max:   1.3, Diff:   0.2]
      [GC Worker Other (ms):  0.0  0.3
       Avg:   0.2, Min:   0.0, Max:   0.3, Diff:   0.2]
   [Clear CT:   0.0 ms]
   [Other:   0.5 ms]
      [Choose CSet:   0.0 ms]
      [Ref Proc:   0.0 ms]
      [Ref Enq:   0.0 ms]
      [Free CSet:   0.0 ms]
   [Eden: 1024K(115M)->0B(101M) Survivors: 1024K->1024K Heap: 414M(512M)->414M(512M)]
 [Times: user=0.00 sys=0.00, real=0.00 secs] 
9.675: [GC concurrent-root-region-scan-start]
9.675: [GC concurrent-root-region-scan-end, 0.0000480]
9.675: [GC concurrent-mark-start]
9.678: [GC concurrent-mark-end, 0.0031850 sec]
9.690: [GC remark 9.691: [GC ref-proc, 0.0000210 secs], 0.0040320 secs]
 [Times: user=0.01 sys=0.00, real=0.00 secs] 
9.700: [GC pause (young), 0.00113300 secs]
   [Parallel Time:   1.0 ms]
      [GC Worker Start (ms):  9700.2  9700.2
       Avg: 9700.2, Min: 9700.2, Max: 9700.2, Diff:   0.0]
      [Ext Root Scanning (ms):  0.9  0.8
       Avg:   0.8, Min:   0.8, Max:   0.9, Diff:   0.1]
      [SATB Filtering (ms):  0.0  0.0
       Avg:   0.0, Min:   0.0, Max:   0.0, Diff:   0.0]
      [Update RS (ms):  0.0  0.0
       Avg:   0.0, Min:   0.0, Max:   0.0, Diff:   0.0]
         [Processed Buffers : 0 3
          Sum: 3, Avg: 1, Min: 0, Max: 3, Diff: 3]
      [Scan RS (ms):  0.0  0.0
       Avg:   0.0, Min:   0.0, Max:   0.0, Diff:   0.0]
      [Object Copy (ms):  0.1  0.0
       Avg:   0.1, Min:   0.0, Max:   0.1, Diff:   0.0]
      [Termination (ms):  0.0  0.1
       Avg:   0.0, Min:   0.0, Max:   0.1, Diff:   0.1]
         [Termination Attempts : 1 1
          Sum: 2, Avg: 1, Min: 1, Max: 1, Diff: 0]
      [GC Worker End (ms):  9701.2  9701.2
       Avg: 9701.2, Min: 9701.2, Max: 9701.2, Diff:   0.0]
      [GC Worker (ms):  1.0  1.0
       Avg:   1.0, Min:   1.0, Max:   1.0, Diff:   0.0]
      [GC Worker Other (ms):  0.0  0.0
       Avg:   0.0, Min:   0.0, Max:   0.0, Diff:   0.0]
   [Complete CSet Marking:   0.0 ms]
   [Clear CT:   0.0 ms]
   [Other:   0.1 ms]
      [Choose CSet:   0.0 ms]
      [Ref Proc:   0.0 ms]
      [Ref Enq:   0.0 ms]
      [Free CSet:   0.0 ms]
   [Eden: 1024K(101M)->0B(101M) Survivors: 1024K->1024K Heap: 455M(512M)->455M(512M)]
 [Times: user=0.01 sys=0.00, real=0.00 secs] 
9.708: [Full GC 468M->206M(512M), 0.0134770 secs]
 [Times: user=0.02 sys=0.00, real=0.02 secs] 
9.800: [GC cleanup, 0.0000010 secs]
 [Times: user=0.00 sys=0.00, real=0.00 secs] 
9.800: [GC concurrent-mark-abort]
9.823: [GC pause (young) (initial-mark), 0.00323000 secs]
   [Parallel Time:   2.9 ms]
      [GC Worker Start (ms):  9823.0  9825.9
       Avg: 9824.4, Min: 9823.0, Max: 9825.9, Diff:   2.9]
      [Ext Root Scanning (ms):  2.2  0.0
       Avg:   1.1, Min:   0.0, Max:   2.2, Diff:   2.2]
      [Update RS (ms):  0.0  0.0
       Avg:   0.0, Min:   0.0, Max:   0.0, Diff:   0.0]
         [Processed Buffers : 6 0
          Sum: 6, Avg: 3, Min: 0, Max: 6, Diff: 6]
      [Scan RS (ms):  0.0  0.0
       Avg:   0.0, Min:   0.0, Max:   0.0, Diff:   0.0]
      [Object Copy (ms):  0.3  0.0
       Avg:   0.2, Min:   0.0, Max:   0.3, Diff:   0.3]
      [Termination (ms):  0.3  0.0
       Avg:   0.2, Min:   0.0, Max:   0.3, Diff:   0.3]
         [Termination Attempts : 1 1
          Sum: 2, Avg: 1, Min: 1, Max: 1, Diff: 0]
      [GC Worker End (ms):  9825.9  9825.9
       Avg: 9825.9, Min: 9825.9, Max: 9825.9, Diff:   0.0]
      [GC Worker (ms):  2.9  0.0
       Avg:   1.5, Min:   0.0, Max:   2.9, Diff:   2.9]
      [GC Worker Other (ms):  0.0  2.9
       Avg:   1.5, Min:   0.0, Max:   2.9, Diff:   2.9]
   [Clear CT:   0.0 ms]
   [Other:   0.3 ms]
      [Choose CSet:   0.0 ms]
      [Ref Proc:   0.1 ms]
      [Ref Enq:   0.0 ms]
      [Free CSet:   0.0 ms]
   [Eden: 1024K(101M)->0B(101M) Survivors: 0B->1024K Heap: 377M(512M)->377M(512M)]
 [Times: user=0.00 sys=0.00, real=0.00 secs] 
9.826: [GC concurrent-root-region-scan-start]
9.826: [GC concurrent-root-region-scan-end, 0.0001910]
9.826: [GC concurrent-mark-start]
9.829: [GC concurrent-mark-end, 0.0023920 sec]
9.832: [GC remark 9.833: [GC ref-proc, 0.0000160 secs], 0.0032430 secs]
 [Times: user=0.01 sys=0.00, real=0.00 secs] 
9.836: [GC cleanup 388M->265M(512M), 0.0006670 secs]
 [Times: user=0.00 sys=0.00, real=0.00 secs] 
9.837: [GC concurrent-cleanup-start]
9.837: [GC concurrent-cleanup-end, 0.0002990]
9.851: [GC pause (young) (initial-mark), 0.00118000 secs]
   [Parallel Time:   1.0 ms]
      [GC Worker Start (ms):  9851.0  9851.0
       Avg: 9851.0, Min: 9851.0, Max: 9851.0, Diff:   0.0]
      [Ext Root Scanning (ms):  0.7  0.8
       Avg:   0.7, Min:   0.7, Max:   0.8, Diff:   0.1]
      [Update RS (ms):  0.0  0.0
       Avg:   0.0, Min:   0.0, Max:   0.0, Diff:   0.0]
         [Processed Buffers : 3 0
          Sum: 3, Avg: 1, Min: 0, Max: 3, Diff: 3]
      [Scan RS (ms):  0.0  0.0
       Avg:   0.0, Min:   0.0, Max:   0.0, Diff:   0.0]
      [Object Copy (ms):  0.2  0.1
       Avg:   0.2, Min:   0.1, Max:   0.2, Diff:   0.0]
      [Termination (ms):  0.0  0.0
       Avg:   0.0, Min:   0.0, Max:   0.0, Diff:   0.0]
         [Termination Attempts : 1 1
          Sum: 2, Avg: 1, Min: 1, Max: 1, Diff: 0]
      [GC Worker End (ms):  9851.9  9851.9
       Avg: 9851.9, Min: 9851.9, Max: 9851.9, Diff:   0.0]
      [GC Worker (ms):  0.9  0.9
       Avg:   0.9, Min:   0.9, Max:   0.9, Diff:   0.0]
      [GC Worker Other (ms):  0.1  0.1
       Avg:   0.1, Min:   0.1, Max:   0.1, Diff:   0.0]
   [Clear CT:   0.0 ms]
   [Other:   0.2 ms]
      [Choose CSet:   0.0 ms]
      [Ref Proc:   0.0 ms]
      [Ref Enq:   0.0 ms]
      [Free CSet:   0.0 ms]
   [Eden: 0B(101M)->0B(166M) Survivors: 1024K->1024K Heap: 282M(512M)->282M(512M)]
 [Times: user=0.00 sys=0.00, real=0.00 secs] 
9.852: [GC concurrent-root-region-scan-start]
9.852: [GC concurrent-root-region-scan-end, 0.0001240]
9.852: [GC concurrent-mark-start]
9.867: [GC concurrent-mark-end, 0.0146580 sec]
9.878: [GC remark 9.878: [GC ref-proc, 0.0000160 secs], 0.0059740 secs]
 [Times: user=0.01 sys=0.00, real=0.01 secs] 
9.884: [GC cleanup 325M->309M(512M), 0.0018670 secs]
 [Times: user=0.00 sys=0.00, real=0.00 secs] 
9.886: [GC concurrent-cleanup-start]
9.886: [GC concurrent-cleanup-end, 0.0000360]
9.897: [GC pause (young) (initial-mark), 0.00210400 secs]
   [Parallel Time:   1.9 ms]
      [GC Worker Start (ms):  9897.2  9899.0
       Avg: 9898.1, Min: 9897.2, Max: 9899.0, Diff:   1.8]
      [Ext Root Scanning (ms):  1.3  0.0
       Avg:   0.7, Min:   0.0, Max:   1.3, Diff:   1.3]
      [Update RS (ms):  0.0  0.0
       Avg:   0.0, Min:   0.0, Max:   0.0, Diff:   0.0]
         [Processed Buffers : 3 0
          Sum: 3, Avg: 1, Min: 0, Max: 3, Diff: 3]
      [Scan RS (ms):  0.0  0.0
       Avg:   0.0, Min:   0.0, Max:   0.0, Diff:   0.0]
      [Object Copy (ms):  0.3  0.0
       Avg:   0.1, Min:   0.0, Max:   0.3, Diff:   0.3]
      [Termination (ms):  0.2  0.0
       Avg:   0.1, Min:   0.0, Max:   0.2, Diff:   0.2]
         [Termination Attempts : 1 1
          Sum: 2, Avg: 1, Min: 1, Max: 1, Diff: 0]
      [GC Worker End (ms):  9899.0  9899.0
       Avg: 9899.0, Min: 9899.0, Max: 9899.0, Diff:   0.0]
      [GC Worker (ms):  1.8  0.0
       Avg:   0.9, Min:   0.0, Max:   1.8, Diff:   1.8]
      [GC Worker Other (ms):  0.0  1.9
       Avg:   0.9, Min:   0.0, Max:   1.9, Diff:   1.8]
   [Clear CT:   0.0 ms]
   [Other:   0.2 ms]
      [Choose CSet:   0.0 ms]
      [Ref Proc:   0.1 ms]
      [Ref Enq:   0.0 ms]
      [Free CSet:   0.0 ms]
   [Eden: 1024K(166M)->0B(126M) Survivors: 1024K->1024K Heap: 321M(512M)->321M(512M)]
 [Times: user=0.01 sys=0.00, real=0.01 secs] 
9.899: [GC concurrent-root-region-scan-start]
9.899: [GC concurrent-root-region-scan-end, 0.0000630]
9.899: [GC concurrent-mark-start]
9.938: [GC concurrent-mark-end, 0.0381870 sec]
9.940: [GC remark 9.940: [GC ref-proc, 0.0000160 secs], 0.0047320 secs]
 [Times: user=0.01 sys=0.00, real=0.00 secs] 
9.945: [GC cleanup 391M->321M(512M), 0.0004690 secs]
 [Times: user=0.00 sys=0.00, real=0.00 secs] 
9.945: [GC concurrent-cleanup-start]
9.945: [GC concurrent-cleanup-end, 0.0001170]
9.982: [GC pause (young) (initial-mark), 0.00154600 secs]
   [Parallel Time:   1.4 ms]
      [GC Worker Start (ms):  9981.8  9981.8
       Avg: 9981.8, Min: 9981.8, Max: 9981.8, Diff:   0.0]
      [Ext Root Scanning (ms):  1.2  0.9
       Avg:   1.1, Min:   0.9, Max:   1.2, Diff:   0.2]
      [Update RS (ms):  0.0  0.0
       Avg:   0.0, Min:   0.0, Max:   0.0, Diff:   0.0]
         [Processed Buffers : 0 2
          Sum: 2, Avg: 1, Min: 0, Max: 2, Diff: 2]
      [Scan RS (ms):  0.0  0.0
       Avg:   0.0, Min:   0.0, Max:   0.0, Diff:   0.0]
      [Object Copy (ms):  0.2  0.2
       Avg:   0.2, Min:   0.2, Max:   0.2, Diff:   0.0]
      [Termination (ms):  0.0  0.1
       Avg:   0.1, Min:   0.0, Max:   0.1, Diff:   0.1]
         [Termination Attempts : 1 1
          Sum: 2, Avg: 1, Min: 1, Max: 1, Diff: 0]
      [GC Worker End (ms):  9983.1  9983.1
       Avg: 9983.1, Min: 9983.1, Max: 9983.1, Diff:   0.0]
      [GC Worker (ms):  1.4  1.3
       Avg:   1.3, Min:   1.3, Max:   1.4, Diff:   0.0]
      [GC Worker Other (ms):  0.0  0.1
       Avg:   0.1, Min:   0.0, Max:   0.1, Diff:   0.0]
   [Clear CT:   0.0 ms]
   [Other:   0.1 ms]
      [Choose CSet:   0.0 ms]
      [Ref Proc:   0.0 ms]
      [Ref Enq:   0.0 ms]
      [Free CSet:   0.0 ms]
   [Eden: 1024K(126M)->0B(101M) Survivors: 1024K->1024K Heap: 378M(512M)->378M(512M)]
 [Times: user=0.00 sys=0.00, real=0.00 secs] 
9.984: [GC concurrent-root-region-scan-start]
9.984: [GC concurrent-root-region-scan-end, 0.0004010]
9.984: [GC concurrent-mark-start]
10.005: [GC concurrent-mark-end, 0.0210850 sec]
10.011: [GC pause (young), 0.00105300 secs]
   [Parallel Time:   1.0 ms]
      [GC Worker Start (ms):  10011.3  10011.3
       Avg: 10011.3, Min: 10011.3, Max: 10011.3, Diff:   0.0]
      [Ext Root Scanning (ms):  0.8  0.9
       Avg:   0.8, Min:   0.8, Max:   0.9, Diff:   0.1]
      [SATB Filtering (ms):  0.0  0.0
       Avg:   0.0, Min:   0.0, Max:   0.0, Diff:   0.0]
      [Update RS (ms):  0.0  0.0
       Avg:   0.0, Min:   0.0, Max:   0.0, Diff:   0.0]
         [Processed Buffers : 2 0
          Sum: 2, Avg: 1, Min: 0, Max: 2, Diff: 2]
      [Scan RS (ms):  0.0  0.0
       Avg:   0.0, Min:   0.0, Max:   0.0, Diff:   0.0]
      [Object Copy (ms):  0.1  0.0
       Avg:   0.0, Min:   0.0, Max:   0.1, Diff:   0.0]
      [Termination (ms):  0.0  0.0
       Avg:   0.0, Min:   0.0, Max:   0.0, Diff:   0.0]
         [Termination Attempts : 1 1
          Sum: 2, Avg: 1, Min: 1, Max: 1, Diff: 0]
      [GC Worker End (ms):  10012.2  10012.2
       Avg: 10012.2, Min: 10012.2, Max: 10012.2, Diff:   0.0]
      [GC Worker (ms):  0.9  0.9
       Avg:   0.9, Min:   0.9, Max:   0.9, Diff:   0.0]
      [GC Worker Other (ms):  0.0  0.1
       Avg:   0.1, Min:   0.0, Max:   0.1, Diff:   0.0]
   [Complete CSet Marking:   0.0 ms]
   [Clear CT:   0.0 ms]
   [Other:   0.1 ms]
      [Choose CSet:   0.0 ms]
      [Ref Proc:   0.0 ms]
      [Ref Enq:   0.0 ms]
      [Free CSet:   0.0 ms]
   [Eden: 1024K(101M)->0B(101M) Survivors: 1024K->1024K Heap: 427M(512M)->427M(512M)]
 [Times: user=0.00 sys=0.00, real=0.00 secs] 
10.013: [Full GC 427M->287M(512M), 0.0124530 secs]
 [Times: user=0.01 sys=0.00, real=0.01 secs] 
10.095: [GC remark, 0.0000010 secs]
 [Times: user=0.00 sys=0.00, real=0.00 secs] 
10.095: [GC concurrent-mark-abort]
10.095: [GC pause (young), 0.00178900 secs]
   [Parallel Time:   1.7 ms]
      [GC Worker Start (ms):  10095.4  10095.5
       Avg: 10095.5, Min: 10095.4, Max: 10095.5, Diff:   0.0]
      [Ext Root Scanning (ms):  1.5  1.5
       Avg:   1.5, Min:   1.5, Max:   1.5, Diff:   0.0]
      [Update RS (ms):  0.0  0.0
       Avg:   0.0, Min:   0.0, Max:   0.0, Diff:   0.0]
         [Processed Buffers : 0 4
          Sum: 4, Avg: 2, Min: 0, Max: 4, Diff: 4]
      [Scan RS (ms):  0.0  0.0
       Avg:   0.0, Min:   0.0, Max:   0.0, Diff:   0.0]
      [Object Copy (ms):  0.1  0.1
       Avg:   0.1, Min:   0.1, Max:   0.1, Diff:   0.0]
      [Termination (ms):  0.0  0.0
       Avg:   0.0, Min:   0.0, Max:   0.0, Diff:   0.0]
         [Termination Attempts : 1 1
          Sum: 2, Avg: 1, Min: 1, Max: 1, Diff: 0]
      [GC Worker End (ms):  10097.1  10097.1
       Avg: 10097.1, Min: 10097.1, Max: 10097.1, Diff:   0.0]
      [GC Worker (ms):  1.6  1.6
       Avg:   1.6, Min:   1.6, Max:   1.6, Diff:   0.0]
      [GC Worker Other (ms):  0.1  0.1
       Avg:   0.1, Min:   0.1, Max:   0.1, Diff:   0.0]
   [Clear CT:   0.0 ms]
   [Other:   0.1 ms]
      [Choose CSet:   0.0 ms]
      [Ref Proc:   0.0 ms]
      [Ref Enq:   0.0 ms]
      [Free CSet:   0.0 ms]
   [Eden: 1024K(101M)->0B(101M) Survivors: 0B->1024K Heap: 409M(512M)->409M(512M)]
 [Times: user=0.01 sys=0.00, real=0.00 secs] 
10.098: [Full GC 409M->247M(512M), 0.0125390 secs]
 [Times: user=0.01 sys=0.00, real=0.02 secs] 
10.128: [GC pause (young) (initial-mark), 0.00223200 secs]
   [Parallel Time:   2.0 ms]
      [GC Worker Start (ms):  10128.4  10128.4
       Avg: 10128.4, Min: 10128.4, Max: 10128.4, Diff:   0.0]
      [Ext Root Scanning (ms):  1.4  1.7
       Avg:   1.6, Min:   1.4, Max:   1.7, Diff:   0.2]
      [Update RS (ms):  0.0  0.0
       Avg:   0.0, Min:   0.0, Max:   0.0, Diff:   0.0]
         [Processed Buffers : 1 0
          Sum: 1, Avg: 0, Min: 0, Max: 1, Diff: 1]
      [Scan RS (ms):  0.0  0.0
       Avg:   0.0, Min:   0.0, Max:   0.0, Diff:   0.0]
      [Object Copy (ms):  0.2  0.2
       Avg:   0.2, Min:   0.2, Max:   0.2, Diff:   0.0]
      [Termination (ms):  0.2  0.0
       Avg:   0.1, Min:   0.0, Max:   0.2, Diff:   0.2]
         [Termination Attempts : 1 1
          Sum: 2, Avg: 1, Min: 1, Max: 1, Diff: 0]
      [GC Worker End (ms):  10130.4  10130.3
       Avg: 10130.3, Min: 10130.3, Max: 10130.4, Diff:   0.0]
      [GC Worker (ms):  1.9  1.9
       Avg:   1.9, Min:   1.9, Max:   1.9, Diff:   0.0]
      [GC Worker Other (ms):  0.1  0.1
       Avg:   0.1, Min:   0.1, Max:   0.1, Diff:   0.0]
   [Clear CT:   0.0 ms]
   [Other:   0.2 ms]
      [Choose CSet:   0.0 ms]
      [Ref Proc:   0.1 ms]
      [Ref Enq:   0.0 ms]
      [Free CSet:   0.0 ms]
   [Eden: 1024K(101M)->0B(178M) Survivors: 0B->1024K Heap: 272M(512M)->272M(512M)]
 [Times: user=0.01 sys=0.00, real=0.01 secs] 
10.131: [GC concurrent-root-region-scan-start]
10.131: [GC concurrent-root-region-scan-end, 0.0000780]
10.131: [GC concurrent-mark-start]
10.133: [GC concurrent-mark-end, 0.0019570 sec]
10.199: [GC remark 10.199: [GC ref-proc, 0.0000170 secs], 0.0032410 secs]
 [Times: user=0.01 sys=0.00, real=0.00 secs] 
10.202: [GC cleanup 397M->397M(512M), 0.0004270 secs]
 [Times: user=0.00 sys=0.00, real=0.00 secs] 
10.230: [GC pause (young) (initial-mark), 0.00136200 secs]
   [Parallel Time:   1.2 ms]
      [GC Worker Start (ms):  10230.4  10230.5
       Avg: 10230.4, Min: 10230.4, Max: 10230.5, Diff:   0.0]
      [Ext Root Scanning (ms):  0.7  1.0
       Avg:   0.9, Min:   0.7, Max:   1.0, Diff:   0.2]
      [Update RS (ms):  0.0  0.0
       Avg:   0.0, Min:   0.0, Max:   0.0, Diff:   0.0]
         [Processed Buffers : 8 0
          Sum: 8, Avg: 4, Min: 0, Max: 8, Diff: 8]
      [Scan RS (ms):  0.0  0.0
       Avg:   0.0, Min:   0.0, Max:   0.0, Diff:   0.0]
      [Object Copy (ms):  0.2  0.1
       Avg:   0.2, Min:   0.1, Max:   0.2, Diff:   0.1]
      [Termination (ms):  0.2  0.0
       Avg:   0.1, Min:   0.0, Max:   0.2, Diff:   0.2]
         [Termination Attempts : 1 1
          Sum: 2, Avg: 1, Min: 1, Max: 1, Diff: 0]
      [GC Worker End (ms):  10231.6  10231.6
       Avg: 10231.6, Min: 10231.6, Max: 10231.6, Diff:   0.0]
      [GC Worker (ms):  1.2  1.1
       Avg:   1.1, Min:   1.1, Max:   1.2, Diff:   0.0]
      [GC Worker Other (ms):  0.0  0.1
       Avg:   0.1, Min:   0.0, Max:   0.1, Diff:   0.0]
   [Clear CT:   0.0 ms]
   [Other:   0.1 ms]
      [Choose CSet:   0.0 ms]
      [Ref Proc:   0.0 ms]
      [Ref Enq:   0.0 ms]
      [Free CSet:   0.0 ms]
   [Eden: 1024K(178M)->0B(101M) Survivors: 1024K->1024K Heap: 435M(512M)->435M(512M)]
 [Times: user=0.00 sys=0.00, real=0.00 secs] 
10.232: [GC concurrent-root-region-scan-start]
10.232: [GC concurrent-root-region-scan-end, 0.0001660]
10.232: [GC concurrent-mark-start]
10.232: [GC pause (young), 0.00069600 secs]
   [Parallel Time:   0.6 ms]
      [GC Worker Start (ms):  10232.1  10232.1
       Avg: 10232.1, Min: 10232.1, Max: 10232.1, Diff:   0.0]
      [Ext Root Scanning (ms):  0.5  0.6
       Avg:   0.6, Min:   0.5, Max:   0.6, Diff:   0.1]
      [SATB Filtering (ms):  0.0  0.0
       Avg:   0.0, Min:   0.0, Max:   0.0, Diff:   0.0]
      [Update RS (ms):  0.0  0.0
       Avg:   0.0, Min:   0.0, Max:   0.0, Diff:   0.0]
         [Processed Buffers : 4 0
          Sum: 4, Avg: 2, Min: 0, Max: 4, Diff: 4]
      [Scan RS (ms):  0.0  0.0
       Avg:   0.0, Min:   0.0, Max:   0.0, Diff:   0.0]
      [Object Copy (ms):  0.1  0.0
       Avg:   0.0, Min:   0.0, Max:   0.1, Diff:   0.0]
      [Termination (ms):  0.0  0.0
       Avg:   0.0, Min:   0.0, Max:   0.0, Diff:   0.0]
         [Termination Attempts : 1 1
          Sum: 2, Avg: 1, Min: 1, Max: 1, Diff: 0]
      [GC Worker End (ms):  10232.7  10232.7
       Avg: 10232.7, Min: 10232.7, Max: 10232.7, Diff:   0.0]
      [GC Worker (ms):  0.6  0.6
       Avg:   0.6, Min:   0.6, Max:   0.6, Diff:   0.0]
      [GC Worker Other (ms):  0.0  0.0
       Avg:   0.0, Min:   0.0, Max:   0.0, Diff:   0.0]
   [Complete CSet Marking:   0.0 ms]
   [Clear CT:   0.0 ms]
   [Other:   0.0 ms]
      [Choose CSet:   0.0 ms]
      [Ref Proc:   0.0 ms]
      [Ref Enq:   0.0 ms]
      [Free CSet:   0.0 ms]
   [Eden: 0B(101M)->0B(101M) Survivors: 1024K->1024K Heap: 435M(512M)->435M(512M)]
 [Times: user=0.00 sys=0.00, real=0.00 secs] 
10.233: [Full GC 435M->253M(512M), 0.0132480 secs]
 [Times: user=0.02 sys=0.00, real=0.01 secs] 
10.246: [GC concurrent-mark-abort]
10.283: [GC pause (young) (initial-mark), 0.00211700 secs]
   [Parallel Time:   1.9 ms]
      [GC Worker Start (ms):  10283.0  10283.0
       Avg: 10283.0, Min: 10283.0, Max: 10283.0, Diff:   0.0]
      [Ext Root Scanning (ms):  1.7  1.6
       Avg:   1.6, Min:   1.6, Max:   1.7, Diff:   0.1]
      [Update RS (ms):  0.0  0.0
       Avg:   0.0, Min:   0.0, Max:   0.0, Diff:   0.0]
         [Processed Buffers : 0 3
          Sum: 3, Avg: 1, Min: 0, Max: 3, Diff: 3]
      [Scan RS (ms):  0.0  0.0
       Avg:   0.0, Min:   0.0, Max:   0.0, Diff:   0.0]
      [Object Copy (ms):  0.2  0.1
       Avg:   0.2, Min:   0.1, Max:   0.2, Diff:   0.1]
      [Termination (ms):  0.0  0.1
       Avg:   0.1, Min:   0.0, Max:   0.1, Diff:   0.1]
         [Termination Attempts : 1 1
          Sum: 2, Avg: 1, Min: 1, Max: 1, Diff: 0]
      [GC Worker End (ms):  10284.9  10284.9
       Avg: 10284.9, Min: 10284.9, Max: 10284.9, Diff:   0.0]
      [GC Worker (ms):  1.9  1.9
       Avg:   1.9, Min:   1.9, Max:   1.9, Diff:   0.0]
      [GC Worker Other (ms):  0.1  0.1
       Avg:   0.1, Min:   0.1, Max:   0.1, Diff:   0.0]
   [Clear CT:   0.0 ms]
   [Other:   0.2 ms]
      [Choose CSet:   0.0 ms]
      [Ref Proc:   0.0 ms]
      [Ref Enq:   0.0 ms]
      [Free CSet:   0.0 ms]
   [Eden: 1024K(101M)->0B(137M) Survivors: 0B->1024K Heap: 311M(512M)->311M(512M)]
 [Times: user=0.00 sys=0.00, real=0.00 secs] 
10.285: [GC concurrent-root-region-scan-start]
10.285: [GC concurrent-root-region-scan-end, 0.0000440]
10.285: [GC concurrent-mark-start]
10.289: [GC concurrent-mark-end, 0.0040350 sec]
10.301: [GC remark 10.301: [GC ref-proc, 0.0000140 secs], 0.0039910 secs]
 [Times: user=0.01 sys=0.00, real=0.00 secs] 
10.305: [GC cleanup 339M->339M(512M), 0.0005650 secs]
 [Times: user=0.00 sys=0.00, real=0.00 secs] 
10.387: [GC pause (young) (initial-mark), 0.00169200 secs]
   [Parallel Time:   1.5 ms]
      [GC Worker Start (ms):  10387.5  10388.3
       Avg: 10387.9, Min: 10387.5, Max: 10388.3, Diff:   0.8]
      [Ext Root Scanning (ms):  1.2  0.6
       Avg:   0.9, Min:   0.6, Max:   1.2, Diff:   0.6]
      [Update RS (ms):  0.0  0.0
       Avg:   0.0, Min:   0.0, Max:   0.0, Diff:   0.0]
         [Processed Buffers : 5 0
          Sum: 5, Avg: 2, Min: 0, Max: 5, Diff: 5]
      [Scan RS (ms):  0.0  0.0
       Avg:   0.0, Min:   0.0, Max:   0.0, Diff:   0.0]
      [Object Copy (ms):  0.3  0.1
       Avg:   0.2, Min:   0.1, Max:   0.3, Diff:   0.2]
      [Termination (ms):  0.0  0.0
       Avg:   0.0, Min:   0.0, Max:   0.0, Diff:   0.0]
         [Termination Attempts : 1 1
          Sum: 2, Avg: 1, Min: 1, Max: 1, Diff: 0]
      [GC Worker End (ms):  10389.0  10389.0
       Avg: 10389.0, Min: 10389.0, Max: 10389.0, Diff:   0.0]
      [GC Worker (ms):  1.5  0.7
       Avg:   1.1, Min:   0.7, Max:   1.5, Diff:   0.8]
      [GC Worker Other (ms):  0.0  0.8
       Avg:   0.4, Min:   0.0, Max:   0.8, Diff:   0.8]
   [Clear CT:   0.0 ms]
   [Other:   0.2 ms]
      [Choose CSet:   0.0 ms]
      [Ref Proc:   0.0 ms]
      [Ref Enq:   0.0 ms]
      [Free CSet:   0.0 ms]
   [Eden: 1024K(137M)->0B(101M) Survivors: 1024K->1024K Heap: 462M(512M)->462M(512M)]
 [Times: user=0.01 sys=0.00, real=0.01 secs] 
10.389: [GC concurrent-root-region-scan-start]
10.389: [GC concurrent-root-region-scan-end, 0.0001070]
10.389: [GC concurrent-mark-start]
10.389: [GC pause (young), 0.00059500 secs]
   [Parallel Time:   0.5 ms]
      [GC Worker Start (ms):  10389.4  10389.4
       Avg: 10389.4, Min: 10389.4, Max: 10389.4, Diff:   0.0]
      [Ext Root Scanning (ms):  0.4  0.4
       Avg:   0.4, Min:   0.4, Max:   0.4, Diff:   0.0]
      [SATB Filtering (ms):  0.0  0.0
       Avg:   0.0, Min:   0.0, Max:   0.0, Diff:   0.0]
      [Update RS (ms):  0.0  0.0
       Avg:   0.0, Min:   0.0, Max:   0.0, Diff:   0.0]
         [Processed Buffers : 4 0
          Sum: 4, Avg: 2, Min: 0, Max: 4, Diff: 4]
      [Scan RS (ms):  0.0  0.0
       Avg:   0.0, Min:   0.0, Max:   0.0, Diff:   0.0]
      [Object Copy (ms):  0.0  0.0
       Avg:   0.0, Min:   0.0, Max:   0.0, Diff:   0.0]
      [Termination (ms):  0.0  0.0
       Avg:   0.0, Min:   0.0, Max:   0.0, Diff:   0.0]
         [Termination Attempts : 1 1
          Sum: 2, Avg: 1, Min: 1, Max: 1, Diff: 0]
      [GC Worker End (ms):  10389.9  10389.9
       Avg: 10389.9, Min: 10389.9, Max: 10389.9, Diff:   0.0]
      [GC Worker (ms):  0.5  0.5
       Avg:   0.5, Min:   0.5, Max:   0.5, Diff:   0.0]
      [GC Worker Other (ms):  0.0  0.1
       Avg:   0.1, Min:   0.0, Max:   0.1, Diff:   0.0]
   [Complete CSet Marking:   0.0 ms]
   [Clear CT:   0.0 ms]
   [Other:   0.0 ms]
      [Choose CSet:   0.0 ms]
      [Ref Proc:   0.0 ms]
      [Ref Enq:   0.0 ms]
      [Free CSet:   0.0 ms]
   [Eden: 0B(101M)->0B(101M) Survivors: 1024K->1024K Heap: 462M(512M)->462M(512M)]
 [Times: user=0.00 sys=0.00, real=0.00 secs] 
10.390: [Full GC 462M->409M(512M), 0.0119780 secs]
 [Times: user=0.01 sys=0.00, real=0.01 secs] 
10.402: [GC concurrent-mark-abort]
10.420: [GC pause (young) (initial-mark), 0.00194400 secs]
   [Parallel Time:   1.8 ms]
      [GC Worker Start (ms):  10420.1  10420.2
       Avg: 10420.1, Min: 10420.1, Max: 10420.2, Diff:   0.0]
      [Ext Root Scanning (ms):  1.4  1.5
       Avg:   1.4, Min:   1.4, Max:   1.5, Diff:   0.1]
      [Update RS (ms):  0.0  0.0
       Avg:   0.0, Min:   0.0, Max:   0.0, Diff:   0.0]
         [Processed Buffers : 4 0
          Sum: 4, Avg: 2, Min: 0, Max: 4, Diff: 4]
      [Scan RS (ms):  0.0  0.0
       Avg:   0.0, Min:   0.0, Max:   0.0, Diff:   0.0]
      [Object Copy (ms):  0.2  0.2
       Avg:   0.2, Min:   0.2, Max:   0.2, Diff:   0.0]
      [Termination (ms):  0.1  0.0
       Avg:   0.1, Min:   0.0, Max:   0.1, Diff:   0.1]
         [Termination Attempts : 1 1
          Sum: 2, Avg: 1, Min: 1, Max: 1, Diff: 0]
      [GC Worker End (ms):  10421.9  10421.9
       Avg: 10421.9, Min: 10421.9, Max: 10421.9, Diff:   0.0]
      [GC Worker (ms):  1.7  1.7
       Avg:   1.7, Min:   1.7, Max:   1.7, Diff:   0.0]
      [GC Worker Other (ms):  0.1  0.1
       Avg:   0.1, Min:   0.1, Max:   0.1, Diff:   0.0]
   [Clear CT:   0.0 ms]
   [Other:   0.1 ms]
      [Choose CSet:   0.0 ms]
      [Ref Proc:   0.0 ms]
      [Ref Enq:   0.0 ms]
      [Free CSet:   0.0 ms]
   [Eden: 1024K(101M)->0B(101M) Survivors: 0B->1024K Heap: 432M(512M)->432M(512M)]
 [Times: user=0.00 sys=0.00, real=0.00 secs] 
10.422: [GC concurrent-root-region-scan-start]
10.422: [GC concurrent-root-region-scan-end, 0.0000510]
10.422: [GC concurrent-mark-start]
10.426: [GC concurrent-mark-end, 0.0039890 sec]
10.428: [GC pause (young), 0.00093300 secs]
   [Parallel Time:   0.8 ms]
      [GC Worker Start (ms):  10427.6  10427.6
       Avg: 10427.6, Min: 10427.6, Max: 10427.6, Diff:   0.0]
      [Ext Root Scanning (ms):  0.7  0.7
       Avg:   0.7, Min:   0.7, Max:   0.7, Diff:   0.0]
      [SATB Filtering (ms):  0.0  0.0
       Avg:   0.0, Min:   0.0, Max:   0.0, Diff:   0.0]
      [Update RS (ms):  0.0  0.0
       Avg:   0.0, Min:   0.0, Max:   0.0, Diff:   0.0]
         [Processed Buffers : 6 0
          Sum: 6, Avg: 3, Min: 0, Max: 6, Diff: 6]
      [Scan RS (ms):  0.0  0.0
       Avg:   0.0, Min:   0.0, Max:   0.0, Diff:   0.0]
      [Object Copy (ms):  0.0  0.0
       Avg:   0.0, Min:   0.0, Max:   0.0, Diff:   0.0]
      [Termination (ms):  0.0  0.0
       Avg:   0.0, Min:   0.0, Max:   0.0, Diff:   0.0]
         [Termination Attempts : 1 1
          Sum: 2, Avg: 1, Min: 1, Max: 1, Diff: 0]
      [GC Worker End (ms):  10428.4  10428.4
       Avg: 10428.4, Min: 10428.4, Max: 10428.4, Diff:   0.0]
      [GC Worker (ms):  0.8  0.8
       Avg:   0.8, Min:   0.8, Max:   0.8, Diff:   0.0]
      [GC Worker Other (ms):  0.1  0.1
       Avg:   0.1, Min:   0.1, Max:   0.1, Diff:   0.0]
   [Complete CSet Marking:   0.0 ms]
   [Clear CT:   0.0 ms]
   [Other:   0.1 ms]
      [Choose CSet:   0.0 ms]
      [Ref Proc:   0.0 ms]
      [Ref Enq:   0.0 ms]
      [Free CSet:   0.0 ms]
   [Eden: 1024K(101M)->0B(101M) Survivors: 1024K->1024K Heap: 443M(512M)->443M(512M)]
 [Times: user=0.00 sys=0.00, real=0.00 secs] 
10.435: [GC remark 10.436: [GC ref-proc, 0.0000160 secs], 0.0038980 secs]
 [Times: user=0.01 sys=0.00, real=0.01 secs] 
10.440: [GC cleanup 455M->330M(512M), 0.0004830 secs]
 [Times: user=0.00 sys=0.00, real=0.00 secs] 
10.440: [GC concurrent-cleanup-start]
10.440: [GC concurrent-cleanup-end, 0.0002970]
10.499: [GC pause (young) (initial-mark), 0.00130600 secs]
   [Parallel Time:   1.1 ms]
      [GC Worker Start (ms):  10499.1  10499.1
       Avg: 10499.1, Min: 10499.1, Max: 10499.1, Diff:   0.0]
      [Ext Root Scanning (ms):  0.8  0.9
       Avg:   0.8, Min:   0.8, Max:   0.9, Diff:   0.1]
      [Update RS (ms):  0.0  0.0
       Avg:   0.0, Min:   0.0, Max:   0.0, Diff:   0.0]
         [Processed Buffers : 6 0
          Sum: 6, Avg: 3, Min: 0, Max: 6, Diff: 6]
      [Scan RS (ms):  0.0  0.0
       Avg:   0.0, Min:   0.0, Max:   0.0, Diff:   0.0]
      [Object Copy (ms):  0.2  0.2
       Avg:   0.2, Min:   0.2, Max:   0.2, Diff:   0.0]
      [Termination (ms):  0.1  0.0
       Avg:   0.0, Min:   0.0, Max:   0.1, Diff:   0.1]
         [Termination Attempts : 1 1
          Sum: 2, Avg: 1, Min: 1, Max: 1, Diff: 0]
      [GC Worker End (ms):  10500.1  10500.1
       Avg: 10500.1, Min: 10500.1, Max: 10500.1, Diff:   0.0]
      [GC Worker (ms):  1.0  1.0
       Avg:   1.0, Min:   1.0, Max:   1.0, Diff:   0.0]
      [GC Worker Other (ms):  0.0  0.1
       Avg:   0.1, Min:   0.0, Max:   0.1, Diff:   0.0]
   [Clear CT:   0.0 ms]
   [Other:   0.2 ms]
      [Choose CSet:   0.0 ms]
      [Ref Proc:   0.1 ms]
      [Ref Enq:   0.0 ms]
      [Free CSet:   0.0 ms]
   [Eden: 1024K(101M)->0B(101M) Survivors: 1024K->1024K Heap: 422M(512M)->422M(512M)]
 [Times: user=0.00 sys=0.00, real=0.00 secs] 
10.500: [GC concurrent-root-region-scan-start]
10.500: [GC concurrent-root-region-scan-end, 0.0000750]
10.500: [GC concurrent-mark-start]
10.501: [GC pause (young), 0.00067000 secs]
   [Parallel Time:   0.6 ms]
      [GC Worker Start (ms):  10500.6  10500.7
       Avg: 10500.7, Min: 10500.6, Max: 10500.7, Diff:   0.0]
      [Ext Root Scanning (ms):  0.5  0.5
       Avg:   0.5, Min:   0.5, Max:   0.5, Diff:   0.1]
      [SATB Filtering (ms):  0.0  0.0
       Avg:   0.0, Min:   0.0, Max:   0.0, Diff:   0.0]
      [Update RS (ms):  0.0  0.0
       Avg:   0.0, Min:   0.0, Max:   0.0, Diff:   0.0]
         [Processed Buffers : 2 1
          Sum: 3, Avg: 1, Min: 1, Max: 2, Diff: 1]
      [Scan RS (ms):  0.0  0.0
       Avg:   0.0, Min:   0.0, Max:   0.0, Diff:   0.0]
      [Object Copy (ms):  0.0  0.1
       Avg:   0.0, Min:   0.0, Max:   0.1, Diff:   0.0]
      [Termination (ms):  0.0  0.0
       Avg:   0.0, Min:   0.0, Max:   0.0, Diff:   0.0]
         [Termination Attempts : 1 1
          Sum: 2, Avg: 1, Min: 1, Max: 1, Diff: 0]
      [GC Worker End (ms):  10501.2  10501.2
       Avg: 10501.2, Min: 10501.2, Max: 10501.2, Diff:   0.0]
      [GC Worker (ms):  0.6  0.6
       Avg:   0.6, Min:   0.6, Max:   0.6, Diff:   0.0]
      [GC Worker Other (ms):  0.0  0.1
       Avg:   0.0, Min:   0.0, Max:   0.1, Diff:   0.0]
   [Complete CSet Marking:   0.0 ms]
   [Clear CT:   0.0 ms]
   [Other:   0.0 ms]
      [Choose CSet:   0.0 ms]
      [Ref Proc:   0.0 ms]
      [Ref Enq:   0.0 ms]
      [Free CSet:   0.0 ms]
   [Eden: 0B(101M)->0B(101M) Survivors: 1024K->1024K Heap: 422M(512M)->422M(512M)]
 [Times: user=0.00 sys=0.00, real=0.00 secs] 
10.501: [Full GC 422M->261M(512M), 0.0126850 secs]
 [Times: user=0.02 sys=0.00, real=0.01 secs] 
10.514: [GC concurrent-mark-abort]
10.545: [GC pause (young) (initial-mark), 0.00289200 secs]
   [Parallel Time:   2.7 ms]
      [GC Worker Start (ms):  10544.9  10547.4
       Avg: 10546.1, Min: 10544.9, Max: 10547.4, Diff:   2.4]
      [Ext Root Scanning (ms):  2.3  0.0
       Avg:   1.1, Min:   0.0, Max:   2.3, Diff:   2.3]
      [Update RS (ms):  0.0  0.0
       Avg:   0.0, Min:   0.0, Max:   0.0, Diff:   0.0]
         [Processed Buffers : 0 3
          Sum: 3, Avg: 1, Min: 0, Max: 3, Diff: 3]
      [Scan RS (ms):  0.0  0.0
       Avg:   0.0, Min:   0.0, Max:   0.0, Diff:   0.0]
      [Object Copy (ms):  0.3  0.0
       Avg:   0.2, Min:   0.0, Max:   0.3, Diff:   0.3]
      [Termination (ms):  0.0  0.1
       Avg:   0.1, Min:   0.0, Max:   0.1, Diff:   0.1]
         [Termination Attempts : 1 1
          Sum: 2, Avg: 1, Min: 1, Max: 1, Diff: 0]
      [GC Worker End (ms):  10547.6  10547.6
       Avg: 10547.6, Min: 10547.6, Max: 10547.6, Diff:   0.0]
      [GC Worker (ms):  2.6  0.2
       Avg:   1.4, Min:   0.2, Max:   2.6, Diff:   2.4]
      [GC Worker Other (ms):  0.1  2.5
       Avg:   1.3, Min:   0.1, Max:   2.5, Diff:   2.4]
   [Clear CT:   0.0 ms]
   [Other:   0.2 ms]
      [Choose CSet:   0.0 ms]
      [Ref Proc:   0.0 ms]
      [Ref Enq:   0.0 ms]
      [Free CSet:   0.0 ms]
   [Eden: 1024K(101M)->0B(141M) Survivors: 0B->1024K Heap: 308M(512M)->308M(512M)]
 [Times: user=0.00 sys=0.00, real=0.00 secs] 
10.548: [GC concurrent-root-region-scan-start]
10.548: [GC concurrent-root-region-scan-end, 0.0000380]
10.548: [GC concurrent-mark-start]
10.550: [GC concurrent-mark-end, 0.0021800 sec]
10.554: [GC remark 10.555: [GC ref-proc, 0.0000170 secs], 0.0037740 secs]
 [Times: user=0.01 sys=0.00, real=0.00 secs] 
10.559: [GC cleanup 321M->272M(512M), 0.0005100 secs]
 [Times: user=0.00 sys=0.00, real=0.01 secs] 
10.559: [GC concurrent-cleanup-start]
10.559: [GC concurrent-cleanup-end, 0.0000840]
10.648: [GC pause (young) (initial-mark), 0.00127700 secs]
   [Parallel Time:   1.1 ms]
      [GC Worker Start (ms):  10648.6  10648.6
       Avg: 10648.6, Min: 10648.6, Max: 10648.6, Diff:   0.0]
      [Ext Root Scanning (ms):  0.7  0.8
       Avg:   0.8, Min:   0.7, Max:   0.8, Diff:   0.1]
      [Update RS (ms):  0.0  0.0
       Avg:   0.0, Min:   0.0, Max:   0.0, Diff:   0.0]
         [Processed Buffers : 6 0
          Sum: 6, Avg: 3, Min: 0, Max: 6, Diff: 6]
      [Scan RS (ms):  0.0  0.0
       Avg:   0.0, Min:   0.0, Max:   0.0, Diff:   0.0]
      [Object Copy (ms):  0.1  0.2
       Avg:   0.2, Min:   0.1, Max:   0.2, Diff:   0.1]
      [Termination (ms):  0.1  0.0
       Avg:   0.1, Min:   0.0, Max:   0.1, Diff:   0.1]
         [Termination Attempts : 1 1
          Sum: 2, Avg: 1, Min: 1, Max: 1, Diff: 0]
      [GC Worker End (ms):  10649.7  10649.7
       Avg: 10649.7, Min: 10649.7, Max: 10649.7, Diff:   0.0]
      [GC Worker (ms):  1.1  1.1
       Avg:   1.1, Min:   1.1, Max:   1.1, Diff:   0.0]
      [GC Worker Other (ms):  0.0  0.1
       Avg:   0.0, Min:   0.0, Max:   0.1, Diff:   0.0]
   [Clear CT:   0.0 ms]
   [Other:   0.1 ms]
      [Choose CSet:   0.0 ms]
      [Ref Proc:   0.0 ms]
      [Ref Enq:   0.0 ms]
      [Free CSet:   0.0 ms]
   [Eden: 1024K(141M)->0B(101M) Survivors: 1024K->1024K Heap: 427M(512M)->427M(512M)]
 [Times: user=0.00 sys=0.00, real=0.01 secs] 
10.650: [GC concurrent-root-region-scan-start]
10.650: [GC concurrent-root-region-scan-end, 0.0000700]
10.650: [GC concurrent-mark-start]
10.653: [GC concurrent-mark-end, 0.0027400 sec]
10.658: [GC remark 10.659: [GC ref-proc, 0.0000250 secs], 0.0035790 secs]
 [Times: user=0.01 sys=0.00, real=0.01 secs] 
10.667: [GC cleanup 451M->315M(512M), 0.0005190 secs]
 [Times: user=0.00 sys=0.00, real=0.00 secs] 
10.668: [GC concurrent-cleanup-start]
10.668: [GC concurrent-cleanup-end, 0.0003390]
10.705: [GC pause (young) (initial-mark), 0.00159000 secs]
   [Parallel Time:   1.4 ms]
      [GC Worker Start (ms):  10704.8  10705.3
       Avg: 10705.0, Min: 10704.8, Max: 10705.3, Diff:   0.5]
      [Ext Root Scanning (ms):  1.1  0.7
       Avg:   0.9, Min:   0.7, Max:   1.1, Diff:   0.4]
      [Update RS (ms):  0.0  0.0
       Avg:   0.0, Min:   0.0, Max:   0.0, Diff:   0.0]
         [Processed Buffers : 2 2
          Sum: 4, Avg: 2, Min: 2, Max: 2, Diff: 0]
      [Scan RS (ms):  0.0  0.0
       Avg:   0.0, Min:   0.0, Max:   0.0, Diff:   0.0]
      [Object Copy (ms):  0.2  0.1
       Avg:   0.2, Min:   0.1, Max:   0.2, Diff:   0.1]
      [Termination (ms):  0.0  0.0
       Avg:   0.0, Min:   0.0, Max:   0.0, Diff:   0.0]
         [Termination Attempts : 1 1
          Sum: 2, Avg: 1, Min: 1, Max: 1, Diff: 0]
      [GC Worker End (ms):  10706.1  10706.1
       Avg: 10706.1, Min: 10706.1, Max: 10706.1, Diff:   0.0]
      [GC Worker (ms):  1.4  0.9
       Avg:   1.1, Min:   0.9, Max:   1.4, Diff:   0.5]
      [GC Worker Other (ms):  0.0  0.5
       Avg:   0.3, Min:   0.0, Max:   0.5, Diff:   0.5]
   [Clear CT:   0.0 ms]
   [Other:   0.2 ms]
      [Choose CSet:   0.0 ms]
      [Ref Proc:   0.0 ms]
      [Ref Enq:   0.0 ms]
      [Free CSet:   0.0 ms]
   [Eden: 1024K(101M)->0B(101M) Survivors: 1024K->1024K Heap: 374M(512M)->374M(512M)]
 [Times: user=0.01 sys=0.00, real=0.00 secs] 
10.706: [GC concurrent-root-region-scan-start]
10.709: [GC concurrent-root-region-scan-end, 0.0026740]
10.709: [GC concurrent-mark-start]
10.712: [GC concurrent-mark-end, 0.0028720 sec]
10.746: [GC remark 10.746: [GC ref-proc, 0.0000170 secs], 0.0033790 secs]
 [Times: user=0.01 sys=0.00, real=0.01 secs] 
10.750: [GC cleanup 447M->381M(512M), 0.0003780 secs]
 [Times: user=0.00 sys=0.00, real=0.00 secs] 
10.750: [GC concurrent-cleanup-start]
10.750: [GC concurrent-cleanup-end, 0.0001610]
10.793: [GC pause (young), 0.00187100 secs]
   [Parallel Time:   1.7 ms]
      [GC Worker Start (ms):  10793.1  10793.5
       Avg: 10793.3, Min: 10793.1, Max: 10793.5, Diff:   0.3]
      [Ext Root Scanning (ms):  1.6  0.8
       Avg:   1.2, Min:   0.8, Max:   1.6, Diff:   0.8]
      [Update RS (ms):  0.0  0.0
       Avg:   0.0, Min:   0.0, Max:   0.0, Diff:   0.0]
         [Processed Buffers : 0 3
          Sum: 3, Avg: 1, Min: 0, Max: 3, Diff: 3]
      [Scan RS (ms):  0.0  0.0
       Avg:   0.0, Min:   0.0, Max:   0.0, Diff:   0.0]
      [Object Copy (ms):  0.0  0.0
       Avg:   0.0, Min:   0.0, Max:   0.0, Diff:   0.0]
      [Termination (ms):  0.0  0.4
       Avg:   0.2, Min:   0.0, Max:   0.4, Diff:   0.4]
         [Termination Attempts : 1 1
          Sum: 2, Avg: 1, Min: 1, Max: 1, Diff: 0]
      [GC Worker End (ms):  10794.8  10794.8
       Avg: 10794.8, Min: 10794.8, Max: 10794.8, Diff:   0.0]
      [GC Worker (ms):  1.7  1.3
       Avg:   1.5, Min:   1.3, Max:   1.7, Diff:   0.3]
      [GC Worker Other (ms):  0.0  0.4
       Avg:   0.2, Min:   0.0, Max:   0.4, Diff:   0.3]
   [Clear CT:   0.0 ms]
   [Other:   0.1 ms]
      [Choose CSet:   0.0 ms]
      [Ref Proc:   0.1 ms]
      [Ref Enq:   0.0 ms]
      [Free CSet:   0.0 ms]
   [Eden: 1024K(101M)->0B(101M) Survivors: 1024K->1024K Heap: 441M(512M)->441M(512M)]
 [Times: user=0.00 sys=0.00, real=0.00 secs] 
10.795: [Full GC 441M->388M(512M), 0.0162130 secs]
 [Times: user=0.01 sys=0.00, real=0.02 secs] 
10.834: [GC pause (young) (initial-mark), 0.00220000 secs]
   [Parallel Time:   2.0 ms]
      [GC Worker Start (ms):  10833.9  10834.0
       Avg: 10834.0, Min: 10833.9, Max: 10834.0, Diff:   0.0]
      [Ext Root Scanning (ms):  1.7  1.4
       Avg:   1.6, Min:   1.4, Max:   1.7, Diff:   0.3]
      [Update RS (ms):  0.0  0.0
       Avg:   0.0, Min:   0.0, Max:   0.0, Diff:   0.0]
         [Processed Buffers : 0 1
          Sum: 1, Avg: 0, Min: 0, Max: 1, Diff: 1]
      [Scan RS (ms):  0.0  0.0
       Avg:   0.0, Min:   0.0, Max:   0.0, Diff:   0.0]
      [Object Copy (ms):  0.3  0.2
       Avg:   0.2, Min:   0.2, Max:   0.3, Diff:   0.1]
      [Termination (ms):  0.0  0.3
       Avg:   0.2, Min:   0.0, Max:   0.3, Diff:   0.3]
         [Termination Attempts : 1 1
          Sum: 2, Avg: 1, Min: 1, Max: 1, Diff: 0]
      [GC Worker End (ms):  10835.9  10835.9
       Avg: 10835.9, Min: 10835.9, Max: 10835.9, Diff:   0.0]
      [GC Worker (ms):  2.0  2.0
       Avg:   2.0, Min:   2.0, Max:   2.0, Diff:   0.0]
      [GC Worker Other (ms):  0.0  0.1
       Avg:   0.1, Min:   0.0, Max:   0.1, Diff:   0.0]
   [Clear CT:   0.0 ms]
   [Other:   0.1 ms]
      [Choose CSet:   0.0 ms]
      [Ref Proc:   0.0 ms]
      [Ref Enq:   0.0 ms]
      [Free CSet:   0.0 ms]
   [Eden: 1024K(101M)->0B(101M) Survivors: 0B->1024K Heap: 431M(512M)->431M(512M)]
 [Times: user=0.00 sys=0.00, real=0.00 secs] 
10.836: [GC concurrent-root-region-scan-start]
10.836: [GC concurrent-root-region-scan-end, 0.0000580]
10.836: [GC concurrent-mark-start]
10.836: [GC pause (young), 0.00066100 secs]
   [Parallel Time:   0.6 ms]
      [GC Worker Start (ms):  10836.4  10836.5
       Avg: 10836.4, Min: 10836.4, Max: 10836.5, Diff:   0.0]
      [Ext Root Scanning (ms):  0.5  0.4
       Avg:   0.5, Min:   0.4, Max:   0.5, Diff:   0.1]
      [SATB Filtering (ms):  0.0  0.0
       Avg:   0.0, Min:   0.0, Max:   0.0, Diff:   0.0]
      [Update RS (ms):  0.0  0.0
       Avg:   0.0, Min:   0.0, Max:   0.0, Diff:   0.0]
         [Processed Buffers : 0 3
          Sum: 3, Avg: 1, Min: 0, Max: 3, Diff: 3]
      [Scan RS (ms):  0.0  0.0
       Avg:   0.0, Min:   0.0, Max:   0.0, Diff:   0.0]
      [Object Copy (ms):  0.0  0.0
       Avg:   0.0, Min:   0.0, Max:   0.0, Diff:   0.0]
      [Termination (ms):  0.0  0.1
       Avg:   0.0, Min:   0.0, Max:   0.1, Diff:   0.1]
         [Termination Attempts : 1 1
          Sum: 2, Avg: 1, Min: 1, Max: 1, Diff: 0]
      [GC Worker End (ms):  10837.0  10837.0
       Avg: 10837.0, Min: 10837.0, Max: 10837.0, Diff:   0.0]
      [GC Worker (ms):  0.5  0.6
       Avg:   0.5, Min:   0.5, Max:   0.6, Diff:   0.0]
      [GC Worker Other (ms):  0.1  0.1
       Avg:   0.1, Min:   0.1, Max:   0.1, Diff:   0.0]
   [Complete CSet Marking:   0.0 ms]
   [Clear CT:   0.0 ms]
   [Other:   0.0 ms]
      [Choose CSet:   0.0 ms]
      [Ref Proc:   0.0 ms]
      [Ref Enq:   0.0 ms]
      [Free CSet:   0.0 ms]
   [Eden: 0B(101M)->0B(101M) Survivors: 1024K->1024K Heap: 431M(512M)->431M(512M)]
 [Times: user=0.01 sys=0.00, real=0.00 secs] 
10.837: [Full GC 431M->398M(512M), 0.0110220 secs]
 [Times: user=0.01 sys=0.00, real=0.01 secs] 
10.848: [Full GC 398M->398M(512M), 0.0121750 secs]
 [Times: user=0.01 sys=0.00, real=0.02 secs] 
10.861: [GC concurrent-mark-abort]
10.906: [GC pause (young), 0.00274000 secs]
   [Parallel Time:   2.6 ms]
      [GC Worker Start (ms):  10906.0  10907.6
       Avg: 10906.8, Min: 10906.0, Max: 10907.6, Diff:   1.6]
      [Ext Root Scanning (ms):  2.5  0.5
       Avg:   1.5, Min:   0.5, Max:   2.5, Diff:   2.0]
      [Update RS (ms):  0.0  0.1
       Avg:   0.0, Min:   0.0, Max:   0.1, Diff:   0.1]
         [Processed Buffers : 0 5
          Sum: 5, Avg: 2, Min: 0, Max: 5, Diff: 5]
      [Scan RS (ms):  0.0  0.0
       Avg:   0.0, Min:   0.0, Max:   0.0, Diff:   0.0]
      [Object Copy (ms):  0.1  0.0
       Avg:   0.1, Min:   0.0, Max:   0.1, Diff:   0.0]
      [Termination (ms):  0.0  0.4
       Avg:   0.2, Min:   0.0, Max:   0.4, Diff:   0.4]
         [Termination Attempts : 1 1
          Sum: 2, Avg: 1, Min: 1, Max: 1, Diff: 0]
      [GC Worker End (ms):  10908.6  10908.6
       Avg: 10908.6, Min: 10908.6, Max: 10908.6, Diff:   0.0]
      [GC Worker (ms):  2.6  1.0
       Avg:   1.8, Min:   1.0, Max:   2.6, Diff:   1.6]
      [GC Worker Other (ms):  0.0  1.7
       Avg:   0.9, Min:   0.0, Max:   1.7, Diff:   1.6]
   [Clear CT:   0.0 ms]
   [Other:   0.1 ms]
      [Choose CSet:   0.0 ms]
      [Ref Proc:   0.0 ms]
      [Ref Enq:   0.0 ms]
      [Free CSet:   0.0 ms]
   [Eden: 1024K(101M)->0B(101M) Survivors: 0B->1024K Heap: 469M(512M)->469M(512M)]
 [Times: user=0.01 sys=0.00, real=0.00 secs] 
10.909: [Full GC 469M->308M(512M), 0.0119900 secs]
 [Times: user=0.01 sys=0.00, real=0.01 secs] 
10.950: [GC pause (young) (initial-mark), 0.00227100 secs]
   [Parallel Time:   2.1 ms]
      [GC Worker Start (ms):  10950.5  10950.6
       Avg: 10950.5, Min: 10950.5, Max: 10950.6, Diff:   0.0]
      [Ext Root Scanning (ms):  1.8  1.5
       Avg:   1.7, Min:   1.5, Max:   1.8, Diff:   0.4]
      [Update RS (ms):  0.0  0.0
       Avg:   0.0, Min:   0.0, Max:   0.0, Diff:   0.0]
         [Processed Buffers : 0 2
          Sum: 2, Avg: 1, Min: 0, Max: 2, Diff: 2]
      [Scan RS (ms):  0.0  0.0
       Avg:   0.0, Min:   0.0, Max:   0.0, Diff:   0.0]
      [Object Copy (ms):  0.2  0.2
       Avg:   0.2, Min:   0.2, Max:   0.2, Diff:   0.0]
      [Termination (ms):  0.0  0.4
       Avg:   0.2, Min:   0.0, Max:   0.4, Diff:   0.4]
         [Termination Attempts : 1 1
          Sum: 2, Avg: 1, Min: 1, Max: 1, Diff: 0]
      [GC Worker End (ms):  10952.6  10952.6
       Avg: 10952.6, Min: 10952.6, Max: 10952.6, Diff:   0.0]
      [GC Worker (ms):  2.0  2.0
       Avg:   2.0, Min:   2.0, Max:   2.0, Diff:   0.0]
      [GC Worker Other (ms):  0.1  0.1
       Avg:   0.1, Min:   0.1, Max:   0.1, Diff:   0.0]
   [Clear CT:   0.0 ms]
   [Other:   0.1 ms]
      [Choose CSet:   0.0 ms]
      [Ref Proc:   0.0 ms]
      [Ref Enq:   0.0 ms]
      [Free CSet:   0.0 ms]
   [Eden: 1024K(101M)->0B(101M) Survivors: 0B->1024K Heap: 357M(512M)->356M(512M)]
 [Times: user=0.00 sys=0.00, real=0.00 secs] 
10.953: [GC concurrent-root-region-scan-start]
10.954: [GC concurrent-root-region-scan-end, 0.0015820]
10.954: [GC concurrent-mark-start]
10.979: [GC concurrent-mark-end, 0.0241980 sec]
10.993: [GC remark 10.993: [GC ref-proc, 0.0000160 secs], 0.0043040 secs]
 [Times: user=0.01 sys=0.00, real=0.00 secs] 
10.998: [GC cleanup 430M->430M(512M), 0.0004420 secs]
 [Times: user=0.00 sys=0.00, real=0.00 secs] 
10.998: [GC pause (young), 0.00109500 secs]
   [Parallel Time:   1.0 ms]
      [GC Worker Start (ms):  10998.5  10998.5
       Avg: 10998.5, Min: 10998.5, Max: 10998.5, Diff:   0.0]
      [Ext Root Scanning (ms):  0.6  0.9
       Avg:   0.8, Min:   0.6, Max:   0.9, Diff:   0.3]
      [Update RS (ms):  0.1  0.0
       Avg:   0.0, Min:   0.0, Max:   0.1, Diff:   0.1]
         [Processed Buffers : 7 0
          Sum: 7, Avg: 3, Min: 0, Max: 7, Diff: 7]
      [Scan RS (ms):  0.0  0.0
       Avg:   0.0, Min:   0.0, Max:   0.0, Diff:   0.0]
      [Object Copy (ms):  0.1  0.0
       Avg:   0.0, Min:   0.0, Max:   0.1, Diff:   0.0]
      [Termination (ms):  0.2  0.0
       Avg:   0.1, Min:   0.0, Max:   0.2, Diff:   0.2]
         [Termination Attempts : 1 1
          Sum: 2, Avg: 1, Min: 1, Max: 1, Diff: 0]
      [GC Worker End (ms):  10999.5  10999.5
       Avg: 10999.5, Min: 10999.5, Max: 10999.5, Diff:   0.0]
      [GC Worker (ms):  1.0  1.0
       Avg:   1.0, Min:   1.0, Max:   1.0, Diff:   0.0]
      [GC Worker Other (ms):  0.0  0.1
       Avg:   0.0, Min:   0.0, Max:   0.1, Diff:   0.0]
   [Clear CT:   0.0 ms]
   [Other:   0.1 ms]
      [Choose CSet:   0.0 ms]
      [Ref Proc:   0.0 ms]
      [Ref Enq:   0.0 ms]
      [Free CSet:   0.0 ms]
   [Eden: 1024K(101M)->0B(101M) Survivors: 1024K->1024K Heap: 430M(512M)->430M(512M)]
 [Times: user=0.00 sys=0.00, real=0.01 secs] 
11.000: [Full GC 430M->171M(512M), 0.0136070 secs]
 [Times: user=0.01 sys=0.00, real=0.01 secs] 
11.076: [GC pause (young) (initial-mark), 0.00259400 secs]
   [Parallel Time:   2.3 ms]
      [GC Worker Start (ms):  11075.8  11076.3
       Avg: 11076.1, Min: 11075.8, Max: 11076.3, Diff:   0.5]
      [Ext Root Scanning (ms):  1.9  1.2
       Avg:   1.6, Min:   1.2, Max:   1.9, Diff:   0.7]
      [Update RS (ms):  0.0  0.0
       Avg:   0.0, Min:   0.0, Max:   0.0, Diff:   0.0]
         [Processed Buffers : 0 5
          Sum: 5, Avg: 2, Min: 0, Max: 5, Diff: 5]
      [Scan RS (ms):  0.0  0.0
       Avg:   0.0, Min:   0.0, Max:   0.0, Diff:   0.0]
      [Object Copy (ms):  0.2  0.2
       Avg:   0.2, Min:   0.2, Max:   0.2, Diff:   0.1]
      [Termination (ms):  0.0  0.3
       Avg:   0.1, Min:   0.0, Max:   0.3, Diff:   0.3]
         [Termination Attempts : 1 1
          Sum: 2, Avg: 1, Min: 1, Max: 1, Diff: 0]
      [GC Worker End (ms):  11078.0  11078.0
       Avg: 11078.0, Min: 11078.0, Max: 11078.0, Diff:   0.0]
      [GC Worker (ms):  2.2  1.7
       Avg:   1.9, Min:   1.7, Max:   2.2, Diff:   0.5]
      [GC Worker Other (ms):  0.1  0.6
       Avg:   0.3, Min:   0.1, Max:   0.6, Diff:   0.5]
   [Clear CT:   0.0 ms]
   [Other:   0.3 ms]
      [Choose CSet:   0.0 ms]
      [Ref Proc:   0.1 ms]
      [Ref Enq:   0.0 ms]
      [Free CSet:   0.0 ms]
   [Eden: 1024K(101M)->0B(172M) Survivors: 0B->1024K Heap: 275M(512M)->275M(512M)]
 [Times: user=0.01 sys=0.00, real=0.00 secs] 
11.079: [GC concurrent-root-region-scan-start]
11.079: [GC concurrent-root-region-scan-end, 0.0000480]
11.079: [GC concurrent-mark-start]
11.080: [GC concurrent-mark-end, 0.0018110 sec]
11.098: [GC remark 11.098: [GC ref-proc, 0.0000160 secs], 0.0026350 secs]
 [Times: user=0.00 sys=0.00, real=0.01 secs] 
11.102: [GC cleanup 311M->235M(512M), 0.0004880 secs]
 [Times: user=0.00 sys=0.00, real=0.00 secs] 
11.102: [GC concurrent-cleanup-start]
11.102: [GC concurrent-cleanup-end, 0.0001730]
11.127: [GC pause (young) (initial-mark), 0.00113000 secs]
   [Parallel Time:   0.9 ms]
      [GC Worker Start (ms):  11127.3  11127.3
       Avg: 11127.3, Min: 11127.3, Max: 11127.3, Diff:   0.0]
      [Ext Root Scanning (ms):  0.7  0.7
       Avg:   0.7, Min:   0.7, Max:   0.7, Diff:   0.1]
      [Update RS (ms):  0.0  0.0
       Avg:   0.0, Min:   0.0, Max:   0.0, Diff:   0.0]
         [Processed Buffers : 1 2
          Sum: 3, Avg: 1, Min: 1, Max: 2, Diff: 1]
      [Scan RS (ms):  0.0  0.0
       Avg:   0.0, Min:   0.0, Max:   0.0, Diff:   0.0]
      [Object Copy (ms):  0.2  0.1
       Avg:   0.2, Min:   0.1, Max:   0.2, Diff:   0.1]
      [Termination (ms):  0.0  0.0
       Avg:   0.0, Min:   0.0, Max:   0.0, Diff:   0.0]
         [Termination Attempts : 1 1
          Sum: 2, Avg: 1, Min: 1, Max: 1, Diff: 0]
      [GC Worker End (ms):  11128.2  11128.2
       Avg: 11128.2, Min: 11128.2, Max: 11128.2, Diff:   0.0]
      [GC Worker (ms):  0.9  0.9
       Avg:   0.9, Min:   0.9, Max:   0.9, Diff:   0.0]
      [GC Worker Other (ms):  0.0  0.0
       Avg:   0.0, Min:   0.0, Max:   0.0, Diff:   0.0]
   [Clear CT:   0.0 ms]
   [Other:   0.2 ms]
      [Choose CSet:   0.0 ms]
      [Ref Proc:   0.0 ms]
      [Ref Enq:   0.0 ms]
      [Free CSet:   0.0 ms]
   [Eden: 1024K(172M)->0B(177M) Survivors: 1024K->1024K Heap: 271M(512M)->271M(512M)]
 [Times: user=0.00 sys=0.00, real=0.00 secs] 
11.128: [GC concurrent-root-region-scan-start]
11.128: [GC concurrent-root-region-scan-end, 0.0000630]
11.128: [GC concurrent-mark-start]
11.130: [GC concurrent-mark-end, 0.0014780 sec]
11.136: [GC remark 11.137: [GC ref-proc, 0.0000180 secs], 0.0028300 secs]
 [Times: user=0.01 sys=0.00, real=0.01 secs] 
11.139: [GC cleanup 287M->256M(512M), 0.0005320 secs]
 [Times: user=0.00 sys=0.00, real=0.00 secs] 
11.140: [GC concurrent-cleanup-start]
11.140: [GC concurrent-cleanup-end, 0.0000820]
11.162: [GC pause (young) (initial-mark), 0.00203200 secs]
   [Parallel Time:   1.8 ms]
      [GC Worker Start (ms):  11161.9  11163.3
       Avg: 11162.6, Min: 11161.9, Max: 11163.3, Diff:   1.4]
      [Ext Root Scanning (ms):  1.2  0.3
       Avg:   0.7, Min:   0.3, Max:   1.2, Diff:   0.9]
      [Update RS (ms):  0.0  0.0
       Avg:   0.0, Min:   0.0, Max:   0.0, Diff:   0.0]
         [Processed Buffers : 4 0
          Sum: 4, Avg: 2, Min: 0, Max: 4, Diff: 4]
      [Scan RS (ms):  0.0  0.0
       Avg:   0.0, Min:   0.0, Max:   0.0, Diff:   0.0]
      [Object Copy (ms):  0.3  0.0
       Avg:   0.2, Min:   0.0, Max:   0.3, Diff:   0.3]
      [Termination (ms):  0.2  0.0
       Avg:   0.1, Min:   0.0, Max:   0.2, Diff:   0.2]
         [Termination Attempts : 1 1
          Sum: 2, Avg: 1, Min: 1, Max: 1, Diff: 0]
      [GC Worker End (ms):  11163.6  11163.6
       Avg: 11163.6, Min: 11163.6, Max: 11163.6, Diff:   0.0]
      [GC Worker (ms):  1.8  0.4
       Avg:   1.1, Min:   0.4, Max:   1.8, Diff:   1.4]
      [GC Worker Other (ms):  0.1  1.5
       Avg:   0.8, Min:   0.1, Max:   1.5, Diff:   1.4]
   [Clear CT:   0.0 ms]
   [Other:   0.2 ms]
      [Choose CSet:   0.0 ms]
      [Ref Proc:   0.0 ms]
      [Ref Enq:   0.0 ms]
      [Free CSet:   0.0 ms]
   [Eden: 1024K(177M)->0B(160M) Survivors: 1024K->1024K Heap: 287M(512M)->287M(512M)]
 [Times: user=0.01 sys=0.00, real=0.00 secs] 
11.164: [GC concurrent-root-region-scan-start]
11.164: [GC concurrent-root-region-scan-end, 0.0000590]
11.164: [GC concurrent-mark-start]
11.174: [GC concurrent-mark-end, 0.0097260 sec]
11.235: [GC remark 11.235: [GC ref-proc, 0.0000150 secs], 0.0034080 secs]
 [Times: user=0.01 sys=0.00, real=0.00 secs] 
11.239: [GC cleanup 414M->377M(512M), 0.0003340 secs]
 [Times: user=0.00 sys=0.00, real=0.01 secs] 
11.239: [GC concurrent-cleanup-start]
11.239: [GC concurrent-cleanup-end, 0.0000890]
11.279: [GC pause (young) (initial-mark), 0.00133300 secs]
   [Parallel Time:   1.2 ms]
      [GC Worker Start (ms):  11279.0  11279.0
       Avg: 11279.0, Min: 11279.0, Max: 11279.0, Diff:   0.0]
      [Ext Root Scanning (ms):  0.9  1.0
       Avg:   0.9, Min:   0.9, Max:   1.0, Diff:   0.1]
      [Update RS (ms):  0.0  0.0
       Avg:   0.0, Min:   0.0, Max:   0.0, Diff:   0.0]
         [Processed Buffers : 3 0
          Sum: 3, Avg: 1, Min: 0, Max: 3, Diff: 3]
      [Scan RS (ms):  0.0  0.0
       Avg:   0.0, Min:   0.0, Max:   0.0, Diff:   0.0]
      [Object Copy (ms):  0.2  0.2
       Avg:   0.2, Min:   0.2, Max:   0.2, Diff:   0.1]
      [Termination (ms):  0.0  0.0
       Avg:   0.0, Min:   0.0, Max:   0.0, Diff:   0.0]
         [Termination Attempts : 1 1
          Sum: 2, Avg: 1, Min: 1, Max: 1, Diff: 0]
      [GC Worker End (ms):  11280.2  11280.2
       Avg: 11280.2, Min: 11280.2, Max: 11280.2, Diff:   0.0]
      [GC Worker (ms):  1.2  1.1
       Avg:   1.1, Min:   1.1, Max:   1.2, Diff:   0.0]
      [GC Worker Other (ms):  0.0  0.1
       Avg:   0.1, Min:   0.0, Max:   0.1, Diff:   0.0]
   [Clear CT:   0.0 ms]
   [Other:   0.1 ms]
      [Choose CSet:   0.0 ms]
      [Ref Proc:   0.0 ms]
      [Ref Enq:   0.0 ms]
      [Free CSet:   0.0 ms]
   [Eden: 1024K(160M)->0B(101M) Survivors: 1024K->1024K Heap: 439M(512M)->439M(512M)]
 [Times: user=0.01 sys=0.00, real=0.00 secs] 
11.280: [GC concurrent-root-region-scan-start]
11.280: [GC concurrent-root-region-scan-end, 0.0000940]
11.280: [GC concurrent-mark-start]
11.283: [GC concurrent-mark-end, 0.0022460 sec]
11.287: [GC remark 11.287: [GC ref-proc, 0.0000180 secs], 0.0038640 secs]
 [Times: user=0.01 sys=0.00, real=0.01 secs] 
11.291: [GC cleanup 452M->386M(512M), 0.0003870 secs]
 [Times: user=0.00 sys=0.00, real=0.00 secs] 
11.291: [GC concurrent-cleanup-start]
11.292: [GC concurrent-cleanup-end, 0.0001730]
11.305: [GC pause (young) (initial-mark), 0.00150500 secs]
   [Parallel Time:   1.4 ms]
      [GC Worker Start (ms):  11305.0  11305.1
       Avg: 11305.0, Min: 11305.0, Max: 11305.1, Diff:   0.0]
      [Ext Root Scanning (ms):  0.7  1.1
       Avg:   0.9, Min:   0.7, Max:   1.1, Diff:   0.4]
      [Update RS (ms):  0.0  0.0
       Avg:   0.0, Min:   0.0, Max:   0.0, Diff:   0.0]
         [Processed Buffers : 3 0
          Sum: 3, Avg: 1, Min: 0, Max: 3, Diff: 3]
      [Scan RS (ms):  0.0  0.0
       Avg:   0.0, Min:   0.0, Max:   0.0, Diff:   0.0]
      [Object Copy (ms):  0.2  0.1
       Avg:   0.2, Min:   0.1, Max:   0.2, Diff:   0.0]
      [Termination (ms):  0.4  0.0
       Avg:   0.2, Min:   0.0, Max:   0.4, Diff:   0.4]
         [Termination Attempts : 1 1
          Sum: 2, Avg: 1, Min: 1, Max: 1, Diff: 0]
      [GC Worker End (ms):  11306.3  11306.3
       Avg: 11306.3, Min: 11306.3, Max: 11306.3, Diff:   0.0]
      [GC Worker (ms):  1.3  1.3
       Avg:   1.3, Min:   1.3, Max:   1.3, Diff:   0.0]
      [GC Worker Other (ms):  0.1  0.1
       Avg:   0.1, Min:   0.1, Max:   0.1, Diff:   0.0]
   [Clear CT:   0.0 ms]
   [Other:   0.1 ms]
      [Choose CSet:   0.0 ms]
      [Ref Proc:   0.0 ms]
      [Ref Enq:   0.0 ms]
      [Free CSet:   0.0 ms]
   [Eden: 1024K(101M)->0B(101M) Survivors: 1024K->1024K Heap: 400M(512M)->400M(512M)]
 [Times: user=0.01 sys=0.00, real=0.00 secs] 
11.307: [GC concurrent-root-region-scan-start]
11.307: [GC concurrent-root-region-scan-end, 0.0000850]
11.307: [GC concurrent-mark-start]
11.309: [GC concurrent-mark-end, 0.0020270 sec]
11.313: [GC remark 11.313: [GC ref-proc, 0.0000170 secs], 0.0035100 secs]
 [Times: user=0.01 sys=0.00, real=0.00 secs] 
11.328: [GC cleanup 432M->345M(512M), 0.0004690 secs]
 [Times: user=0.00 sys=0.00, real=0.00 secs] 
11.329: [GC concurrent-cleanup-start]
11.329: [GC concurrent-cleanup-end, 0.0002010]
11.367: [GC pause (young) (initial-mark), 0.00271500 secs]
   [Parallel Time:   2.5 ms]
      [GC Worker Start (ms):  11366.7  11366.7
       Avg: 11366.7, Min: 11366.7, Max: 11366.7, Diff:   0.0]
      [Ext Root Scanning (ms):  1.1  2.4
       Avg:   1.7, Min:   1.1, Max:   2.4, Diff:   1.3]
      [Update RS (ms):  0.0  0.0
       Avg:   0.0, Min:   0.0, Max:   0.0, Diff:   0.0]
         [Processed Buffers : 3 0
          Sum: 3, Avg: 1, Min: 0, Max: 3, Diff: 3]
      [Scan RS (ms):  0.0  0.0
       Avg:   0.0, Min:   0.0, Max:   0.0, Diff:   0.0]
      [Object Copy (ms):  0.3  0.1
       Avg:   0.2, Min:   0.1, Max:   0.3, Diff:   0.2]
      [Termination (ms):  1.1  0.0
       Avg:   0.6, Min:   0.0, Max:   1.1, Diff:   1.1]
         [Termination Attempts : 1 1
          Sum: 2, Avg: 1, Min: 1, Max: 1, Diff: 0]
      [GC Worker End (ms):  11369.2  11369.2
       Avg: 11369.2, Min: 11369.2, Max: 11369.2, Diff:   0.0]
      [GC Worker (ms):  2.5  2.5
       Avg:   2.5, Min:   2.5, Max:   2.5, Diff:   0.0]
      [GC Worker Other (ms):  0.0  0.0
       Avg:   0.0, Min:   0.0, Max:   0.0, Diff:   0.0]
   [Clear CT:   0.0 ms]
   [Other:   0.2 ms]
      [Choose CSet:   0.0 ms]
      [Ref Proc:   0.0 ms]
      [Ref Enq:   0.0 ms]
      [Free CSet:   0.0 ms]
   [Eden: 1024K(101M)->0B(101M) Survivors: 1024K->1024K Heap: 407M(512M)->407M(512M)]
 [Times: user=0.00 sys=0.00, real=0.01 secs] 
11.369: [GC concurrent-root-region-scan-start]
11.369: [GC concurrent-root-region-scan-end, 0.0000810]
11.369: [GC concurrent-mark-start]
11.377: [GC pause (young), 0.00126000 secs]
   [Parallel Time:   1.2 ms]
      [GC Worker Start (ms):  11377.2  11377.3
       Avg: 11377.2, Min: 11377.2, Max: 11377.3, Diff:   0.0]
      [Ext Root Scanning (ms):  0.8  1.1
       Avg:   0.9, Min:   0.8, Max:   1.1, Diff:   0.2]
      [SATB Filtering (ms):  0.0  0.0
       Avg:   0.0, Min:   0.0, Max:   0.0, Diff:   0.0]
      [Update RS (ms):  0.0  0.0
       Avg:   0.0, Min:   0.0, Max:   0.0, Diff:   0.0]
         [Processed Buffers : 2 0
          Sum: 2, Avg: 1, Min: 0, Max: 2, Diff: 2]
      [Scan RS (ms):  0.0  0.0
       Avg:   0.0, Min:   0.0, Max:   0.0, Diff:   0.0]
      [Object Copy (ms):  0.1  0.0
       Avg:   0.0, Min:   0.0, Max:   0.1, Diff:   0.0]
      [Termination (ms):  0.2  0.0
       Avg:   0.1, Min:   0.0, Max:   0.2, Diff:   0.2]
         [Termination Attempts : 1 1
          Sum: 2, Avg: 1, Min: 1, Max: 1, Diff: 0]
      [GC Worker End (ms):  11378.4  11378.3
       Avg: 11378.4, Min: 11378.3, Max: 11378.4, Diff:   0.0]
      [GC Worker (ms):  1.1  1.1
       Avg:   1.1, Min:   1.1, Max:   1.1, Diff:   0.0]
      [GC Worker Other (ms):  0.1  0.1
       Avg:   0.1, Min:   0.1, Max:   0.1, Diff:   0.0]
   [Complete CSet Marking:   0.0 ms]
   [Clear CT:   0.0 ms]
   [Other:   0.1 ms]
      [Choose CSet:   0.0 ms]
      [Ref Proc:   0.0 ms]
      [Ref Enq:   0.0 ms]
      [Free CSet:   0.0 ms]
   [Eden: 0B(101M)->0B(101M) Survivors: 1024K->1024K Heap: 420M(512M)->420M(512M)]
 [Times: user=0.00 sys=0.00, real=0.00 secs] 
11.379: [Full GC 420M->341M(512M), 0.0116820 secs]
 [Times: user=0.01 sys=0.00, real=0.02 secs] 
11.391: [GC concurrent-mark-abort]
11.417: [GC pause (young), 0.00310500 secs]
   [Parallel Time:   3.0 ms]
      [GC Worker Start (ms):  11416.6  11416.6
       Avg: 11416.6, Min: 11416.6, Max: 11416.6, Diff:   0.0]
      [Ext Root Scanning (ms):  2.8  1.8
       Avg:   2.3, Min:   1.8, Max:   2.8, Diff:   1.0]
      [Update RS (ms):  0.0  0.0
       Avg:   0.0, Min:   0.0, Max:   0.0, Diff:   0.0]
         [Processed Buffers : 0 2
          Sum: 2, Avg: 1, Min: 0, Max: 2, Diff: 2]
      [Scan RS (ms):  0.0  0.0
       Avg:   0.0, Min:   0.0, Max:   0.0, Diff:   0.0]
      [Object Copy (ms):  0.0  0.1
       Avg:   0.1, Min:   0.0, Max:   0.1, Diff:   0.0]
      [Termination (ms):  0.0  1.0
       Avg:   0.5, Min:   0.0, Max:   1.0, Diff:   1.0]
         [Termination Attempts : 1 1
          Sum: 2, Avg: 1, Min: 1, Max: 1, Diff: 0]
      [GC Worker End (ms):  11419.5  11419.5
       Avg: 11419.5, Min: 11419.5, Max: 11419.5, Diff:   0.0]
      [GC Worker (ms):  2.9  2.9
       Avg:   2.9, Min:   2.9, Max:   2.9, Diff:   0.0]
      [GC Worker Other (ms):  0.1  0.1
       Avg:   0.1, Min:   0.1, Max:   0.1, Diff:   0.1]
   [Clear CT:   0.0 ms]
   [Other:   0.1 ms]
      [Choose CSet:   0.0 ms]
      [Ref Proc:   0.0 ms]
      [Ref Enq:   0.0 ms]
      [Free CSet:   0.0 ms]
   [Eden: 1024K(101M)->0B(101M) Survivors: 0B->1024K Heap: 383M(512M)->383M(512M)]
 [Times: user=0.01 sys=0.00, real=0.01 secs] 
11.420: [Full GC 383M->292M(512M), 0.0137590 secs]
 [Times: user=0.01 sys=0.00, real=0.01 secs] 
11.460: [GC pause (young) (initial-mark), 0.00197000 secs]
   [Parallel Time:   1.8 ms]
      [GC Worker Start (ms):  11460.5  11460.6
       Avg: 11460.6, Min: 11460.5, Max: 11460.6, Diff:   0.1]
      [Ext Root Scanning (ms):  1.4  1.5
       Avg:   1.4, Min:   1.4, Max:   1.5, Diff:   0.1]
      [Update RS (ms):  0.0  0.0
       Avg:   0.0, Min:   0.0, Max:   0.0, Diff:   0.0]
         [Processed Buffers : 3 0
          Sum: 3, Avg: 1, Min: 0, Max: 3, Diff: 3]
      [Scan RS (ms):  0.0  0.0
       Avg:   0.0, Min:   0.0, Max:   0.0, Diff:   0.0]
      [Object Copy (ms):  0.3  0.1
       Avg:   0.2, Min:   0.1, Max:   0.3, Diff:   0.1]
      [Termination (ms):  0.0  0.0
       Avg:   0.0, Min:   0.0, Max:   0.0, Diff:   0.0]
         [Termination Attempts : 1 1
          Sum: 2, Avg: 1, Min: 1, Max: 1, Diff: 0]
      [GC Worker End (ms):  11462.3  11462.3
       Avg: 11462.3, Min: 11462.3, Max: 11462.3, Diff:   0.0]
      [GC Worker (ms):  1.7  1.6
       Avg:   1.7, Min:   1.6, Max:   1.7, Diff:   0.1]
      [GC Worker Other (ms):  0.1  0.2
       Avg:   0.1, Min:   0.1, Max:   0.2, Diff:   0.1]
   [Clear CT:   0.0 ms]
   [Other:   0.2 ms]
      [Choose CSet:   0.0 ms]
      [Ref Proc:   0.0 ms]
      [Ref Enq:   0.0 ms]
      [Free CSet:   0.0 ms]
   [Eden: 1024K(101M)->0B(107M) Survivors: 0B->1024K Heap: 339M(512M)->339M(512M)]
 [Times: user=0.01 sys=0.00, real=0.00 secs] 
11.462: [GC concurrent-root-region-scan-start]
11.462: [GC concurrent-root-region-scan-end, 0.0000320]
11.463: [GC concurrent-mark-start]
11.464: [GC concurrent-mark-end, 0.0012640 sec]
11.470: [GC remark 11.471: [GC ref-proc, 0.0000220 secs], 0.0036580 secs]
 [Times: user=0.01 sys=0.00, real=0.00 secs] 
11.474: [GC cleanup 353M->353M(512M), 0.0003300 secs]
 [Times: user=0.00 sys=0.00, real=0.00 secs] 
11.477: [GC pause (young), 0.00101000 secs]
   [Parallel Time:   0.9 ms]
      [GC Worker Start (ms):  11476.9  11476.9
       Avg: 11476.9, Min: 11476.9, Max: 11476.9, Diff:   0.0]
      [Ext Root Scanning (ms):  0.7  0.7
       Avg:   0.7, Min:   0.7, Max:   0.7, Diff:   0.1]
      [Update RS (ms):  0.0  0.1
       Avg:   0.1, Min:   0.0, Max:   0.1, Diff:   0.1]
         [Processed Buffers : 1 3
          Sum: 4, Avg: 2, Min: 1, Max: 3, Diff: 2]
      [Scan RS (ms):  0.0  0.0
       Avg:   0.0, Min:   0.0, Max:   0.0, Diff:   0.0]
      [Object Copy (ms):  0.0  0.0
       Avg:   0.0, Min:   0.0, Max:   0.0, Diff:   0.0]
      [Termination (ms):  0.1  0.0
       Avg:   0.0, Min:   0.0, Max:   0.1, Diff:   0.1]
         [Termination Attempts : 1 1
          Sum: 2, Avg: 1, Min: 1, Max: 1, Diff: 0]
      [GC Worker End (ms):  11477.7  11477.7
       Avg: 11477.7, Min: 11477.7, Max: 11477.7, Diff:   0.0]
      [GC Worker (ms):  0.9  0.8
       Avg:   0.9, Min:   0.8, Max:   0.9, Diff:   0.0]
      [GC Worker Other (ms):  0.0  0.1
       Avg:   0.1, Min:   0.0, Max:   0.1, Diff:   0.0]
   [Clear CT:   0.0 ms]
   [Other:   0.1 ms]
      [Choose CSet:   0.0 ms]
      [Ref Proc:   0.0 ms]
      [Ref Enq:   0.0 ms]
      [Free CSet:   0.0 ms]
   [Eden: 1024K(107M)->0B(101M) Survivors: 1024K->1024K Heap: 353M(512M)->353M(512M)]
 [Times: user=0.01 sys=0.00, real=0.00 secs] 
11.478: [Full GC 353M->271M(512M), 0.0110770 secs]
 [Times: user=0.01 sys=0.00, real=0.02 secs] 
11.506: [GC pause (young) (initial-mark), 0.00192800 secs]
   [Parallel Time:   1.7 ms]
      [GC Worker Start (ms):  11505.8  11505.8
       Avg: 11505.8, Min: 11505.8, Max: 11505.8, Diff:   0.0]
      [Ext Root Scanning (ms):  1.5  1.4
       Avg:   1.4, Min:   1.4, Max:   1.5, Diff:   0.1]
      [Update RS (ms):  0.0  0.0
       Avg:   0.0, Min:   0.0, Max:   0.0, Diff:   0.0]
         [Processed Buffers : 0 3
          Sum: 3, Avg: 1, Min: 0, Max: 3, Diff: 3]
      [Scan RS (ms):  0.0  0.0
       Avg:   0.0, Min:   0.0, Max:   0.0, Diff:   0.0]
      [Object Copy (ms):  0.2  0.2
       Avg:   0.2, Min:   0.2, Max:   0.2, Diff:   0.0]
      [Termination (ms):  0.0  0.0
       Avg:   0.0, Min:   0.0, Max:   0.0, Diff:   0.0]
         [Termination Attempts : 1 1
          Sum: 2, Avg: 1, Min: 1, Max: 1, Diff: 0]
      [GC Worker End (ms):  11507.5  11507.5
       Avg: 11507.5, Min: 11507.5, Max: 11507.5, Diff:   0.0]
      [GC Worker (ms):  1.7  1.7
       Avg:   1.7, Min:   1.7, Max:   1.7, Diff:   0.0]
      [GC Worker Other (ms):  0.1  0.1
       Avg:   0.1, Min:   0.1, Max:   0.1, Diff:   0.0]
   [Clear CT:   0.0 ms]
   [Other:   0.2 ms]
      [Choose CSet:   0.0 ms]
      [Ref Proc:   0.0 ms]
      [Ref Enq:   0.0 ms]
      [Free CSet:   0.0 ms]
   [Eden: 1024K(101M)->0B(151M) Survivors: 0B->1024K Heap: 296M(512M)->296M(512M)]
 [Times: user=0.00 sys=0.00, real=0.00 secs] 
11.508: [GC concurrent-root-region-scan-start]
11.508: [GC concurrent-root-region-scan-end, 0.0000590]
11.508: [GC concurrent-mark-start]
11.511: [GC concurrent-mark-end, 0.0029060 sec]
11.527: [GC remark 11.527: [GC ref-proc, 0.0000200 secs], 0.0034690 secs]
 [Times: user=0.00 sys=0.00, real=0.01 secs] 
11.550: [GC cleanup 368M->368M(512M), 0.0005940 secs]
 [Times: user=0.00 sys=0.00, real=0.00 secs] 
11.581: [GC pause (young) (initial-mark), 0.00168600 secs]
   [Parallel Time:   1.5 ms]
      [GC Worker Start (ms):  11581.4  11581.4
       Avg: 11581.4, Min: 11581.4, Max: 11581.4, Diff:   0.1]
      [Ext Root Scanning (ms):  1.2  0.7
       Avg:   1.0, Min:   0.7, Max:   1.2, Diff:   0.5]
      [Update RS (ms):  0.0  0.1
       Avg:   0.0, Min:   0.0, Max:   0.1, Diff:   0.1]
         [Processed Buffers : 0 4
          Sum: 4, Avg: 2, Min: 0, Max: 4, Diff: 4]
      [Scan RS (ms):  0.0  0.0
       Avg:   0.0, Min:   0.0, Max:   0.0, Diff:   0.0]
      [Object Copy (ms):  0.2  0.1
       Avg:   0.2, Min:   0.1, Max:   0.2, Diff:   0.0]
      [Termination (ms):  0.0  0.4
       Avg:   0.2, Min:   0.0, Max:   0.4, Diff:   0.4]
         [Termination Attempts : 1 1
          Sum: 2, Avg: 1, Min: 1, Max: 1, Diff: 0]
      [GC Worker End (ms):  11582.8  11582.8
       Avg: 11582.8, Min: 11582.8, Max: 11582.8, Diff:   0.0]
      [GC Worker (ms):  1.4  1.3
       Avg:   1.4, Min:   1.3, Max:   1.4, Diff:   0.1]
      [GC Worker Other (ms):  0.1  0.1
       Avg:   0.1, Min:   0.1, Max:   0.1, Diff:   0.1]
   [Clear CT:   0.0 ms]
   [Other:   0.2 ms]
      [Choose CSet:   0.0 ms]
      [Ref Proc:   0.0 ms]
      [Ref Enq:   0.0 ms]
      [Free CSet:   0.0 ms]
   [Eden: 1024K(151M)->0B(101M) Survivors: 1024K->1024K Heap: 413M(512M)->413M(512M)]
 [Times: user=0.00 sys=0.00, real=0.00 secs] 
11.583: [GC concurrent-root-region-scan-start]
11.583: [GC concurrent-root-region-scan-end, 0.0000500]
11.583: [GC concurrent-mark-start]
11.587: [GC concurrent-mark-end, 0.0034640 sec]
11.590: [GC remark 11.590: [GC ref-proc, 0.0000600 secs], 0.0034580 secs]
 [Times: user=0.01 sys=0.00, real=0.00 secs] 
11.594: [GC cleanup 427M->343M(512M), 0.0004280 secs]
 [Times: user=0.00 sys=0.00, real=0.00 secs] 
11.594: [GC concurrent-cleanup-start]
11.594: [GC concurrent-cleanup-end, 0.0001880]
11.629: [GC pause (young) (initial-mark), 0.00108500 secs]
   [Parallel Time:   0.9 ms]
      [GC Worker Start (ms):  11629.1  11629.1
       Avg: 11629.1, Min: 11629.1, Max: 11629.1, Diff:   0.0]
      [Ext Root Scanning (ms):  0.7  0.7
       Avg:   0.7, Min:   0.7, Max:   0.7, Diff:   0.1]
      [Update RS (ms):  0.0  0.0
       Avg:   0.0, Min:   0.0, Max:   0.0, Diff:   0.0]
         [Processed Buffers : 2 3
          Sum: 5, Avg: 2, Min: 2, Max: 3, Diff: 1]
      [Scan RS (ms):  0.0  0.0
       Avg:   0.0, Min:   0.0, Max:   0.0, Diff:   0.0]
      [Object Copy (ms):  0.1  0.2
       Avg:   0.2, Min:   0.1, Max:   0.2, Diff:   0.0]
      [Termination (ms):  0.0  0.0
       Avg:   0.0, Min:   0.0, Max:   0.0, Diff:   0.0]
         [Termination Attempts : 1 1
          Sum: 2, Avg: 1, Min: 1, Max: 1, Diff: 0]
      [GC Worker End (ms):  11630.0  11630.0
       Avg: 11630.0, Min: 11630.0, Max: 11630.0, Diff:   0.0]
      [GC Worker (ms):  0.9  0.9
       Avg:   0.9, Min:   0.9, Max:   0.9, Diff:   0.0]
      [GC Worker Other (ms):  0.1  0.1
       Avg:   0.1, Min:   0.1, Max:   0.1, Diff:   0.0]
   [Clear CT:   0.0 ms]
   [Other:   0.1 ms]
      [Choose CSet:   0.0 ms]
      [Ref Proc:   0.0 ms]
      [Ref Enq:   0.0 ms]
      [Free CSet:   0.0 ms]
   [Eden: 1024K(101M)->0B(101M) Survivors: 1024K->1024K Heap: 392M(512M)->392M(512M)]
 [Times: user=0.00 sys=0.00, real=0.00 secs] 
11.630: [GC concurrent-root-region-scan-start]
11.630: [GC concurrent-root-region-scan-end, 0.0000720]
11.630: [GC concurrent-mark-start]
11.630: [GC pause (young), 0.00055900 secs]
   [Parallel Time:   0.5 ms]
      [GC Worker Start (ms):  11630.5  11630.5
       Avg: 11630.5, Min: 11630.5, Max: 11630.5, Diff:   0.0]
      [Ext Root Scanning (ms):  0.4  0.4
       Avg:   0.4, Min:   0.4, Max:   0.4, Diff:   0.0]
      [SATB Filtering (ms):  0.0  0.0
       Avg:   0.0, Min:   0.0, Max:   0.0, Diff:   0.0]
      [Update RS (ms):  0.0  0.0
       Avg:   0.0, Min:   0.0, Max:   0.0, Diff:   0.0]
         [Processed Buffers : 4 0
          Sum: 4, Avg: 2, Min: 0, Max: 4, Diff: 4]
      [Scan RS (ms):  0.0  0.0
       Avg:   0.0, Min:   0.0, Max:   0.0, Diff:   0.0]
      [Object Copy (ms):  0.0  0.0
       Avg:   0.0, Min:   0.0, Max:   0.0, Diff:   0.0]
      [Termination (ms):  0.0  0.0
       Avg:   0.0, Min:   0.0, Max:   0.0, Diff:   0.0]
         [Termination Attempts : 1 1
          Sum: 2, Avg: 1, Min: 1, Max: 1, Diff: 0]
      [GC Worker End (ms):  11631.0  11631.0
       Avg: 11631.0, Min: 11631.0, Max: 11631.0, Diff:   0.0]
      [GC Worker (ms):  0.5  0.4
       Avg:   0.5, Min:   0.4, Max:   0.5, Diff:   0.0]
      [GC Worker Other (ms):  0.0  0.0
       Avg:   0.0, Min:   0.0, Max:   0.0, Diff:   0.0]
   [Complete CSet Marking:   0.0 ms]
   [Clear CT:   0.0 ms]
   [Other:   0.0 ms]
      [Choose CSet:   0.0 ms]
      [Ref Proc:   0.0 ms]
      [Ref Enq:   0.0 ms]
      [Free CSet:   0.0 ms]
   [Eden: 0B(101M)->0B(101M) Survivors: 1024K->1024K Heap: 392M(512M)->392M(512M)]
 [Times: user=0.00 sys=0.00, real=0.00 secs] 
11.631: [Full GC 392M->255M(512M), 0.0133540 secs]
 [Times: user=0.01 sys=0.00, real=0.01 secs] 
11.645: [GC concurrent-mark-abort]
11.671: [GC pause (young) (initial-mark), 0.00285300 secs]
   [Parallel Time:   2.5 ms]
      [GC Worker Start (ms):  11671.4  11672.4
       Avg: 11671.9, Min: 11671.4, Max: 11672.4, Diff:   1.1]
      [Ext Root Scanning (ms):  1.6  1.3
       Avg:   1.4, Min:   1.3, Max:   1.6, Diff:   0.3]
      [Update RS (ms):  0.0  0.0
       Avg:   0.0, Min:   0.0, Max:   0.0, Diff:   0.0]
         [Processed Buffers : 3 0
          Sum: 3, Avg: 1, Min: 0, Max: 3, Diff: 3]
      [Scan RS (ms):  0.0  0.0
       Avg:   0.0, Min:   0.0, Max:   0.0, Diff:   0.0]
      [Object Copy (ms):  0.4  0.1
       Avg:   0.2, Min:   0.1, Max:   0.4, Diff:   0.2]
      [Termination (ms):  0.5  0.0
       Avg:   0.2, Min:   0.0, Max:   0.5, Diff:   0.5]
         [Termination Attempts : 1 1
          Sum: 2, Avg: 1, Min: 1, Max: 1, Diff: 0]
      [GC Worker End (ms):  11673.8  11673.8
       Avg: 11673.8, Min: 11673.8, Max: 11673.8, Diff:   0.0]
      [GC Worker (ms):  2.4  1.4
       Avg:   1.9, Min:   1.4, Max:   2.4, Diff:   1.1]
      [GC Worker Other (ms):  0.0  1.1
       Avg:   0.6, Min:   0.0, Max:   1.1, Diff:   1.1]
   [Clear CT:   0.0 ms]
   [Other:   0.4 ms]
      [Choose CSet:   0.0 ms]
      [Ref Proc:   0.1 ms]
      [Ref Enq:   0.0 ms]
      [Free CSet:   0.0 ms]
   [Eden: 1024K(101M)->0B(150M) Survivors: 0B->1024K Heap: 296M(512M)->296M(512M)]
 [Times: user=0.01 sys=0.00, real=0.00 secs] 
11.674: [GC concurrent-root-region-scan-start]
11.674: [GC concurrent-root-region-scan-end, 0.0000330]
11.674: [GC concurrent-mark-start]
11.676: [GC concurrent-mark-end, 0.0019900 sec]
11.694: [GC remark 11.694: [GC ref-proc, 0.0000160 secs], 0.0037770 secs]
 [Times: user=0.01 sys=0.00, real=0.00 secs] 
11.698: [GC cleanup 330M->330M(512M), 0.0003860 secs]
 [Times: user=0.00 sys=0.00, real=0.00 secs] 
11.746: [GC pause (young) (initial-mark), 0.00134000 secs]
   [Parallel Time:   1.1 ms]
      [GC Worker Start (ms):  11746.6  11746.6
       Avg: 11746.6, Min: 11746.6, Max: 11746.6, Diff:   0.0]
      [Ext Root Scanning (ms):  0.8  0.9
       Avg:   0.8, Min:   0.8, Max:   0.9, Diff:   0.1]
      [Update RS (ms):  0.0  0.0
       Avg:   0.0, Min:   0.0, Max:   0.0, Diff:   0.0]
         [Processed Buffers : 6 0
          Sum: 6, Avg: 3, Min: 0, Max: 6, Diff: 6]
      [Scan RS (ms):  0.0  0.0
       Avg:   0.0, Min:   0.0, Max:   0.0, Diff:   0.0]
      [Object Copy (ms):  0.2  0.2
       Avg:   0.2, Min:   0.2, Max:   0.2, Diff:   0.0]
      [Termination (ms):  0.0  0.0
       Avg:   0.0, Min:   0.0, Max:   0.0, Diff:   0.0]
         [Termination Attempts : 1 1
          Sum: 2, Avg: 1, Min: 1, Max: 1, Diff: 0]
      [GC Worker End (ms):  11747.6  11747.6
       Avg: 11747.6, Min: 11747.6, Max: 11747.6, Diff:   0.0]
      [GC Worker (ms):  1.1  1.0
       Avg:   1.0, Min:   1.0, Max:   1.1, Diff:   0.0]
      [GC Worker Other (ms):  0.0  0.1
       Avg:   0.1, Min:   0.0, Max:   0.1, Diff:   0.0]
   [Clear CT:   0.0 ms]
   [Other:   0.2 ms]
      [Choose CSet:   0.0 ms]
      [Ref Proc:   0.1 ms]
      [Ref Enq:   0.0 ms]
      [Free CSet:   0.0 ms]
   [Eden: 1024K(150M)->0B(101M) Survivors: 1024K->1024K Heap: 410M(512M)->410M(512M)]
 [Times: user=0.00 sys=0.00, real=0.00 secs] 
11.748: [GC concurrent-root-region-scan-start]
11.748: [GC concurrent-root-region-scan-end, 0.0001600]
11.748: [GC concurrent-mark-start]
11.752: [GC concurrent-mark-end, 0.0036390 sec]
11.762: [GC remark 11.762: [GC ref-proc, 0.0000150 secs], 0.0035380 secs]
 [Times: user=0.00 sys=0.00, real=0.00 secs] 
11.766: [GC cleanup 435M->320M(512M), 0.0004510 secs]
 [Times: user=0.00 sys=0.00, real=0.00 secs] 
11.767: [GC concurrent-cleanup-start]
11.767: [GC concurrent-cleanup-end, 0.0003300]
11.811: [GC pause (young) (initial-mark), 0.00118400 secs]
   [Parallel Time:   1.0 ms]
      [GC Worker Start (ms):  11810.9  11810.9
       Avg: 11810.9, Min: 11810.9, Max: 11810.9, Diff:   0.0]
      [Ext Root Scanning (ms):  0.8  0.7
       Avg:   0.8, Min:   0.7, Max:   0.8, Diff:   0.1]
      [Update RS (ms):  0.0  0.1
       Avg:   0.0, Min:   0.0, Max:   0.1, Diff:   0.1]
         [Processed Buffers : 0 5
          Sum: 5, Avg: 2, Min: 0, Max: 5, Diff: 5]
      [Scan RS (ms):  0.0  0.0
       Avg:   0.0, Min:   0.0, Max:   0.0, Diff:   0.0]
      [Object Copy (ms):  0.2  0.2
       Avg:   0.2, Min:   0.2, Max:   0.2, Diff:   0.0]
      [Termination (ms):  0.0  0.0
       Avg:   0.0, Min:   0.0, Max:   0.0, Diff:   0.0]
         [Termination Attempts : 1 1
          Sum: 2, Avg: 1, Min: 1, Max: 1, Diff: 0]
      [GC Worker End (ms):  11811.8  11811.8
       Avg: 11811.8, Min: 11811.8, Max: 11811.8, Diff:   0.0]
      [GC Worker (ms):  1.0  1.0
       Avg:   1.0, Min:   1.0, Max:   1.0, Diff:   0.0]
      [GC Worker Other (ms):  0.1  0.1
       Avg:   0.1, Min:   0.1, Max:   0.1, Diff:   0.0]
   [Clear CT:   0.0 ms]
   [Other:   0.1 ms]
      [Choose CSet:   0.0 ms]
      [Ref Proc:   0.0 ms]
      [Ref Enq:   0.0 ms]
      [Free CSet:   0.0 ms]
   [Eden: 1024K(101M)->0B(101M) Survivors: 1024K->1024K Heap: 392M(512M)->392M(512M)]
 [Times: user=0.00 sys=0.00, real=0.00 secs] 
11.812: [GC concurrent-root-region-scan-start]
11.817: [GC concurrent-root-region-scan-end, 0.0047750]
11.817: [GC concurrent-mark-start]
11.825: [GC pause (young), 0.00097400 secs]
   [Parallel Time:   0.9 ms]
      [GC Worker Start (ms):  11824.7  11824.7
       Avg: 11824.7, Min: 11824.7, Max: 11824.7, Diff:   0.0]
      [Ext Root Scanning (ms):  0.8  0.8
       Avg:   0.8, Min:   0.8, Max:   0.8, Diff:   0.0]
      [SATB Filtering (ms):  0.0  0.0
       Avg:   0.0, Min:   0.0, Max:   0.0, Diff:   0.0]
      [Update RS (ms):  0.0  0.0
       Avg:   0.0, Min:   0.0, Max:   0.0, Diff:   0.0]
         [Processed Buffers : 3 1
          Sum: 4, Avg: 2, Min: 1, Max: 3, Diff: 2]
      [Scan RS (ms):  0.0  0.0
       Avg:   0.0, Min:   0.0, Max:   0.0, Diff:   0.0]
      [Object Copy (ms):  0.1  0.0
       Avg:   0.1, Min:   0.0, Max:   0.1, Diff:   0.0]
      [Termination (ms):  0.0  0.0
       Avg:   0.0, Min:   0.0, Max:   0.0, Diff:   0.0]
         [Termination Attempts : 1 1
          Sum: 2, Avg: 1, Min: 1, Max: 1, Diff: 0]
      [GC Worker End (ms):  11825.5  11825.5
       Avg: 11825.5, Min: 11825.5, Max: 11825.5, Diff:   0.0]
      [GC Worker (ms):  0.9  0.8
       Avg:   0.8, Min:   0.8, Max:   0.9, Diff:   0.0]
      [GC Worker Other (ms):  0.0  0.1
       Avg:   0.1, Min:   0.0, Max:   0.1, Diff:   0.0]
   [Complete CSet Marking:   0.0 ms]
   [Clear CT:   0.0 ms]
   [Other:   0.1 ms]
      [Choose CSet:   0.0 ms]
      [Ref Proc:   0.0 ms]
      [Ref Enq:   0.0 ms]
      [Free CSet:   0.0 ms]
   [Eden: 1024K(101M)->0B(101M) Survivors: 1024K->1024K Heap: 417M(512M)->416M(512M)]
 [Times: user=0.01 sys=0.00, real=0.00 secs] 
11.826: [Full GC 416M->269M(512M), 0.0120700 secs]
 [Times: user=0.01 sys=0.00, real=0.01 secs] 
11.838: [GC concurrent-mark-abort]
11.873: [GC pause (young) (initial-mark), 0.00332100 secs]
   [Parallel Time:   3.1 ms]
      [GC Worker Start (ms):  11872.6  11872.9
       Avg: 11872.8, Min: 11872.6, Max: 11872.9, Diff:   0.3]
      [Ext Root Scanning (ms):  3.0  2.0
       Avg:   2.5, Min:   2.0, Max:   3.0, Diff:   1.0]
      [Update RS (ms):  0.0  0.0
       Avg:   0.0, Min:   0.0, Max:   0.0, Diff:   0.0]
         [Processed Buffers : 0 5
          Sum: 5, Avg: 2, Min: 0, Max: 5, Diff: 5]
      [Scan RS (ms):  0.0  0.0
       Avg:   0.0, Min:   0.0, Max:   0.0, Diff:   0.0]
      [Object Copy (ms):  0.0  0.3
       Avg:   0.2, Min:   0.0, Max:   0.3, Diff:   0.3]
      [Termination (ms):  0.0  0.3
       Avg:   0.1, Min:   0.0, Max:   0.3, Diff:   0.3]
         [Termination Attempts : 1 1
          Sum: 2, Avg: 1, Min: 1, Max: 1, Diff: 0]
      [GC Worker End (ms):  11875.6  11875.7
       Avg: 11875.7, Min: 11875.6, Max: 11875.7, Diff:   0.0]
      [GC Worker (ms):  3.0  2.7
       Avg:   2.9, Min:   2.7, Max:   3.0, Diff:   0.3]
      [GC Worker Other (ms):  0.1  0.4
       Avg:   0.2, Min:   0.1, Max:   0.4, Diff:   0.3]
   [Clear CT:   0.0 ms]
   [Other:   0.2 ms]
      [Choose CSet:   0.0 ms]
      [Ref Proc:   0.1 ms]
      [Ref Enq:   0.0 ms]
      [Free CSet:   0.0 ms]
   [Eden: 1024K(101M)->0B(128M) Survivors: 0B->1024K Heap: 317M(512M)->317M(512M)]
 [Times: user=0.00 sys=0.00, real=0.00 secs] 
11.876: [GC concurrent-root-region-scan-start]
11.876: [GC concurrent-root-region-scan-end, 0.0000330]
11.876: [GC concurrent-mark-start]
11.877: [GC concurrent-mark-end, 0.0012490 sec]
11.877: [GC remark 11.878: [GC ref-proc, 0.0000070 secs], 0.0070920 secs]
 [Times: user=0.01 sys=0.00, real=0.01 secs] 
11.885: [GC cleanup 317M->290M(512M), 0.0007780 secs]
 [Times: user=0.00 sys=0.00, real=0.00 secs] 
11.886: [GC concurrent-cleanup-start]
11.886: [GC concurrent-cleanup-end, 0.0002990]
11.897: [GC pause (young) (initial-mark), 0.00178700 secs]
   [Parallel Time:   1.6 ms]
      [GC Worker Start (ms):  11897.6  11898.7
       Avg: 11898.1, Min: 11897.6, Max: 11898.7, Diff:   1.1]
      [Ext Root Scanning (ms):  1.2  0.3
       Avg:   0.7, Min:   0.3, Max:   1.2, Diff:   1.0]
      [Update RS (ms):  0.0  0.0
       Avg:   0.0, Min:   0.0, Max:   0.0, Diff:   0.0]
         [Processed Buffers : 0 4
          Sum: 4, Avg: 2, Min: 0, Max: 4, Diff: 4]
      [Scan RS (ms):  0.0  0.0
       Avg:   0.0, Min:   0.0, Max:   0.0, Diff:   0.0]
      [Object Copy (ms):  0.3  0.0
       Avg:   0.2, Min:   0.0, Max:   0.3, Diff:   0.3]
      [Termination (ms):  0.0  0.0
       Avg:   0.0, Min:   0.0, Max:   0.0, Diff:   0.0]
         [Termination Attempts : 1 1
          Sum: 2, Avg: 1, Min: 1, Max: 1, Diff: 0]
      [GC Worker End (ms):  11899.1  11899.1
       Avg: 11899.1, Min: 11899.1, Max: 11899.1, Diff:   0.0]
      [GC Worker (ms):  1.5  0.4
       Avg:   1.0, Min:   0.4, Max:   1.5, Diff:   1.1]
      [GC Worker Other (ms):  0.0  1.2
       Avg:   0.6, Min:   0.0, Max:   1.2, Diff:   1.1]
   [Clear CT:   0.0 ms]
   [Other:   0.2 ms]
      [Choose CSet:   0.0 ms]
      [Ref Proc:   0.1 ms]
      [Ref Enq:   0.0 ms]
      [Free CSet:   0.0 ms]
   [Eden: 1024K(128M)->0B(145M) Survivors: 1024K->1024K Heap: 301M(512M)->300M(512M)]
 [Times: user=0.00 sys=0.00, real=0.01 secs] 
11.899: [GC concurrent-root-region-scan-start]
11.899: [GC concurrent-root-region-scan-end, 0.0000350]
11.899: [GC concurrent-mark-start]
11.911: [GC concurrent-mark-end, 0.0117200 sec]
11.917: [GC remark 11.917: [GC ref-proc, 0.0000150 secs], 0.0026430 secs]
 [Times: user=0.00 sys=0.00, real=0.01 secs] 
11.920: [GC cleanup 332M->233M(512M), 0.0004470 secs]
 [Times: user=0.00 sys=0.00, real=0.00 secs] 
11.921: [GC concurrent-cleanup-start]
11.921: [GC concurrent-cleanup-end, 0.0001920]
11.934: [GC pause (young) (initial-mark), 0.00109800 secs]
   [Parallel Time:   1.0 ms]
      [GC Worker Start (ms):  11934.5  11934.5
       Avg: 11934.5, Min: 11934.5, Max: 11934.5, Diff:   0.0]
      [Ext Root Scanning (ms):  0.6  0.7
       Avg:   0.7, Min:   0.6, Max:   0.7, Diff:   0.1]
      [Update RS (ms):  0.0  0.0
       Avg:   0.0, Min:   0.0, Max:   0.0, Diff:   0.0]
         [Processed Buffers : 4 0
          Sum: 4, Avg: 2, Min: 0, Max: 4, Diff: 4]
      [Scan RS (ms):  0.0  0.0
       Avg:   0.0, Min:   0.0, Max:   0.0, Diff:   0.0]
      [Object Copy (ms):  0.2  0.1
       Avg:   0.2, Min:   0.1, Max:   0.2, Diff:   0.0]
      [Termination (ms):  0.1  0.0
       Avg:   0.0, Min:   0.0, Max:   0.1, Diff:   0.1]
         [Termination Attempts : 1 1
          Sum: 2, Avg: 1, Min: 1, Max: 1, Diff: 0]
      [GC Worker End (ms):  11935.4  11935.4
       Avg: 11935.4, Min: 11935.4, Max: 11935.4, Diff:   0.0]
      [GC Worker (ms):  0.9  0.9
       Avg:   0.9, Min:   0.9, Max:   0.9, Diff:   0.0]
      [GC Worker Other (ms):  0.1  0.1
       Avg:   0.1, Min:   0.1, Max:   0.1, Diff:   0.0]
   [Clear CT:   0.0 ms]
   [Other:   0.1 ms]
      [Choose CSet:   0.0 ms]
      [Ref Proc:   0.0 ms]
      [Ref Enq:   0.0 ms]
      [Free CSet:   0.0 ms]
   [Eden: 1024K(145M)->0B(200M) Survivors: 1024K->1024K Heap: 247M(512M)->246M(512M)]
 [Times: user=0.00 sys=0.00, real=0.00 secs] 
11.936: [GC concurrent-root-region-scan-start]
11.948: [GC concurrent-root-region-scan-end, 0.0119400]
11.948: [GC concurrent-mark-start]
11.951: [GC concurrent-mark-end, 0.0030990 sec]
11.982: [GC remark 11.982: [GC ref-proc, 0.0000140 secs], 0.0038930 secs]
 [Times: user=0.01 sys=0.00, real=0.00 secs] 
11.998: [GC cleanup 356M->289M(512M), 0.0006920 secs]
 [Times: user=0.00 sys=0.00, real=0.00 secs] 
11.999: [GC concurrent-cleanup-start]
11.999: [GC concurrent-cleanup-end, 0.0001560]
12.068: [GC pause (young), 0.00116600 secs]
   [Parallel Time:   1.0 ms]
      [GC Worker Start (ms):  12068.1  12068.1
       Avg: 12068.1, Min: 12068.1, Max: 12068.1, Diff:   0.0]
      [Ext Root Scanning (ms):  0.8  0.8
       Avg:   0.8, Min:   0.8, Max:   0.8, Diff:   0.0]
      [Update RS (ms):  0.0  0.0
       Avg:   0.0, Min:   0.0, Max:   0.0, Diff:   0.0]
         [Processed Buffers : 0 4
          Sum: 4, Avg: 2, Min: 0, Max: 4, Diff: 4]
      [Scan RS (ms):  0.0  0.1
       Avg:   0.0, Min:   0.0, Max:   0.1, Diff:   0.1]
      [Object Copy (ms):  0.1  0.0
       Avg:   0.0, Min:   0.0, Max:   0.1, Diff:   0.0]
      [Termination (ms):  0.0  0.0
       Avg:   0.0, Min:   0.0, Max:   0.0, Diff:   0.0]
         [Termination Attempts : 1 1
          Sum: 2, Avg: 1, Min: 1, Max: 1, Diff: 0]
      [GC Worker End (ms):  12069.0  12069.0
       Avg: 12069.0, Min: 12069.0, Max: 12069.0, Diff:   0.0]
      [GC Worker (ms):  1.0  0.9
       Avg:   0.9, Min:   0.9, Max:   1.0, Diff:   0.0]
      [GC Worker Other (ms):  0.0  0.1
       Avg:   0.1, Min:   0.0, Max:   0.1, Diff:   0.0]
   [Clear CT:   0.0 ms]
   [Other:   0.2 ms]
      [Choose CSet:   0.0 ms]
      [Ref Proc:   0.1 ms]
      [Ref Enq:   0.0 ms]
      [Free CSet:   0.0 ms]
   [Eden: 1024K(200M)->0B(101M) Survivors: 1024K->1024K Heap: 414M(512M)->414M(512M)]
 [Times: user=0.00 sys=0.00, real=0.01 secs] 
12.069: [Full GC 414M->347M(512M), 0.0122680 secs]
 [Times: user=0.01 sys=0.00, real=0.01 secs] 
12.115: [GC pause (young) (initial-mark), 0.00188100 secs]
   [Parallel Time:   1.7 ms]
      [GC Worker Start (ms):  12114.7  12114.7
       Avg: 12114.7, Min: 12114.7, Max: 12114.7, Diff:   0.0]
      [Ext Root Scanning (ms):  1.2  1.5
       Avg:   1.4, Min:   1.2, Max:   1.5, Diff:   0.3]
      [Update RS (ms):  0.0  0.0
       Avg:   0.0, Min:   0.0, Max:   0.0, Diff:   0.0]
         [Processed Buffers : 3 0
          Sum: 3, Avg: 1, Min: 0, Max: 3, Diff: 3]
      [Scan RS (ms):  0.0  0.0
       Avg:   0.0, Min:   0.0, Max:   0.0, Diff:   0.0]
      [Object Copy (ms):  0.3  0.1
       Avg:   0.2, Min:   0.1, Max:   0.3, Diff:   0.2]
      [Termination (ms):  0.1  0.0
       Avg:   0.1, Min:   0.0, Max:   0.1, Diff:   0.1]
         [Termination Attempts : 1 1
          Sum: 2, Avg: 1, Min: 1, Max: 1, Diff: 0]
      [GC Worker End (ms):  12116.4  12116.4
       Avg: 12116.4, Min: 12116.4, Max: 12116.4, Diff:   0.0]
      [GC Worker (ms):  1.7  1.7
       Avg:   1.7, Min:   1.7, Max:   1.7, Diff:   0.0]
      [GC Worker Other (ms):  0.1  0.1
       Avg:   0.1, Min:   0.1, Max:   0.1, Diff:   0.0]
   [Clear CT:   0.0 ms]
   [Other:   0.1 ms]
      [Choose CSet:   0.0 ms]
      [Ref Proc:   0.0 ms]
      [Ref Enq:   0.0 ms]
      [Free CSet:   0.0 ms]
   [Eden: 1024K(101M)->0B(101M) Survivors: 0B->1024K Heap: 398M(512M)->398M(512M)]
 [Times: user=0.00 sys=0.00, real=0.00 secs] 
12.117: [GC concurrent-root-region-scan-start]
12.117: [GC concurrent-root-region-scan-end, 0.0000460]
12.117: [GC concurrent-mark-start]
12.126: [GC pause (young), 0.00120300 secs]
   [Parallel Time:   1.1 ms]
      [GC Worker Start (ms):  12125.6  12125.6
       Avg: 12125.6, Min: 12125.6, Max: 12125.6, Diff:   0.0]
      [Ext Root Scanning (ms):  0.9  1.0
       Avg:   0.9, Min:   0.9, Max:   1.0, Diff:   0.1]
      [SATB Filtering (ms):  0.0  0.0
       Avg:   0.0, Min:   0.0, Max:   0.0, Diff:   0.0]
      [Update RS (ms):  0.0  0.0
       Avg:   0.0, Min:   0.0, Max:   0.0, Diff:   0.0]
         [Processed Buffers : 4 0
          Sum: 4, Avg: 2, Min: 0, Max: 4, Diff: 4]
      [Scan RS (ms):  0.0  0.0
       Avg:   0.0, Min:   0.0, Max:   0.0, Diff:   0.0]
      [Object Copy (ms):  0.1  0.0
       Avg:   0.0, Min:   0.0, Max:   0.1, Diff:   0.0]
      [Termination (ms):  0.1  0.0
       Avg:   0.1, Min:   0.0, Max:   0.1, Diff:   0.1]
         [Termination Attempts : 1 1
          Sum: 2, Avg: 1, Min: 1, Max: 1, Diff: 0]
      [GC Worker End (ms):  12126.7  12126.7
       Avg: 12126.7, Min: 12126.7, Max: 12126.7, Diff:   0.0]
      [GC Worker (ms):  1.1  1.0
       Avg:   1.1, Min:   1.0, Max:   1.1, Diff:   0.0]
      [GC Worker Other (ms):  0.0  0.1
       Avg:   0.1, Min:   0.0, Max:   0.1, Diff:   0.0]
   [Complete CSet Marking:   0.0 ms]
   [Clear CT:   0.0 ms]
   [Other:   0.1 ms]
      [Choose CSet:   0.0 ms]
      [Ref Proc:   0.0 ms]
      [Ref Enq:   0.0 ms]
      [Free CSet:   0.0 ms]
   [Eden: 1024K(101M)->0B(101M) Survivors: 1024K->1024K Heap: 416M(512M)->416M(512M)]
 [Times: user=0.00 sys=0.00, real=0.00 secs] 
12.127: [Full GC 416M->265M(512M), 0.0122600 secs]
 [Times: user=0.01 sys=0.00, real=0.02 secs] 
12.139: [GC concurrent-mark-abort]
12.173: [GC pause (young) (initial-mark), 0.00235700 secs]
   [Parallel Time:   2.1 ms]
      [GC Worker Start (ms):  12172.9  12172.9
       Avg: 12172.9, Min: 12172.9, Max: 12172.9, Diff:   0.0]
      [Ext Root Scanning (ms):  1.8  1.7
       Avg:   1.7, Min:   1.7, Max:   1.8, Diff:   0.1]
      [Update RS (ms):  0.0  0.0
       Avg:   0.0, Min:   0.0, Max:   0.0, Diff:   0.0]
         [Processed Buffers : 0 5
          Sum: 5, Avg: 2, Min: 0, Max: 5, Diff: 5]
      [Scan RS (ms):  0.0  0.0
       Avg:   0.0, Min:   0.0, Max:   0.0, Diff:   0.0]
      [Object Copy (ms):  0.3  0.2
       Avg:   0.2, Min:   0.2, Max:   0.3, Diff:   0.1]
      [Termination (ms):  0.0  0.1
       Avg:   0.1, Min:   0.0, Max:   0.1, Diff:   0.1]
         [Termination Attempts : 1 1
          Sum: 2, Avg: 1, Min: 1, Max: 1, Diff: 0]
      [GC Worker End (ms):  12174.9  12174.9
       Avg: 12174.9, Min: 12174.9, Max: 12174.9, Diff:   0.0]
      [GC Worker (ms):  2.1  2.1
       Avg:   2.1, Min:   2.1, Max:   2.1, Diff:   0.0]
      [GC Worker Other (ms):  0.0  0.1
       Avg:   0.1, Min:   0.0, Max:   0.1, Diff:   0.0]
   [Clear CT:   0.0 ms]
   [Other:   0.2 ms]
      [Choose CSet:   0.0 ms]
      [Ref Proc:   0.1 ms]
      [Ref Enq:   0.0 ms]
      [Free CSet:   0.0 ms]
   [Eden: 1024K(101M)->0B(129M) Survivors: 0B->1024K Heap: 318M(512M)->318M(512M)]
 [Times: user=0.00 sys=0.00, real=0.00 secs] 
12.175: [GC concurrent-root-region-scan-start]
12.175: [GC concurrent-root-region-scan-end, 0.0000460]
12.175: [GC concurrent-mark-start]
12.188: [GC concurrent-mark-end, 0.0131820 sec]
12.224: [GC remark 12.225: [GC ref-proc, 0.0000150 secs], 0.0046380 secs]
 [Times: user=0.01 sys=0.00, real=0.01 secs] 
12.229: [GC cleanup 406M->406M(512M), 0.0002920 secs]
 [Times: user=0.00 sys=0.00, real=0.00 secs] 
12.230: [GC pause (young), 0.00083400 secs]
   [Parallel Time:   0.8 ms]
      [GC Worker Start (ms):  12229.8  12229.9
       Avg: 12229.8, Min: 12229.8, Max: 12229.9, Diff:   0.0]
      [Ext Root Scanning (ms):  0.6  0.7
       Avg:   0.6, Min:   0.6, Max:   0.7, Diff:   0.1]
      [Update RS (ms):  0.0  0.0
       Avg:   0.0, Min:   0.0, Max:   0.0, Diff:   0.0]
         [Processed Buffers : 4 0
          Sum: 4, Avg: 2, Min: 0, Max: 4, Diff: 4]
      [Scan RS (ms):  0.0  0.0
       Avg:   0.0, Min:   0.0, Max:   0.0, Diff:   0.0]
      [Object Copy (ms):  0.0  0.0
       Avg:   0.0, Min:   0.0, Max:   0.0, Diff:   0.0]
      [Termination (ms):  0.0  0.0
       Avg:   0.0, Min:   0.0, Max:   0.0, Diff:   0.0]
         [Termination Attempts : 1 1
          Sum: 2, Avg: 1, Min: 1, Max: 1, Diff: 0]
      [GC Worker End (ms):  12230.6  12230.6
       Avg: 12230.6, Min: 12230.6, Max: 12230.6, Diff:   0.0]
      [GC Worker (ms):  0.7  0.7
       Avg:   0.7, Min:   0.7, Max:   0.7, Diff:   0.0]
      [GC Worker Other (ms):  0.0  0.1
       Avg:   0.1, Min:   0.0, Max:   0.1, Diff:   0.0]
   [Clear CT:   0.0 ms]
   [Other:   0.1 ms]
      [Choose CSet:   0.0 ms]
      [Ref Proc:   0.0 ms]
      [Ref Enq:   0.0 ms]
      [Free CSet:   0.0 ms]
   [Eden: 1024K(129M)->0B(101M) Survivors: 1024K->1024K Heap: 406M(512M)->406M(512M)]
 [Times: user=0.00 sys=0.00, real=0.00 secs] 
12.231: [Full GC 406M->302M(512M), 0.0117250 secs]
 [Times: user=0.01 sys=0.00, real=0.01 secs] 
12.277: [GC pause (young) (initial-mark), 0.00230400 secs]
   [Parallel Time:   2.1 ms]
      [GC Worker Start (ms):  12277.6  12277.8
       Avg: 12277.7, Min: 12277.6, Max: 12277.8, Diff:   0.2]
      [Ext Root Scanning (ms):  1.6  1.6
       Avg:   1.6, Min:   1.6, Max:   1.6, Diff:   0.1]
      [Update RS (ms):  0.0  0.0
       Avg:   0.0, Min:   0.0, Max:   0.0, Diff:   0.0]
         [Processed Buffers : 0 2
          Sum: 2, Avg: 1, Min: 0, Max: 2, Diff: 2]
      [Scan RS (ms):  0.0  0.0
       Avg:   0.0, Min:   0.0, Max:   0.0, Diff:   0.0]
      [Object Copy (ms):  0.4  0.1
       Avg:   0.3, Min:   0.1, Max:   0.4, Diff:   0.2]
      [Termination (ms):  0.0  0.1
       Avg:   0.0, Min:   0.0, Max:   0.1, Diff:   0.1]
         [Termination Attempts : 1 1
          Sum: 2, Avg: 1, Min: 1, Max: 1, Diff: 0]
      [GC Worker End (ms):  12279.6  12279.6
       Avg: 12279.6, Min: 12279.6, Max: 12279.6, Diff:   0.0]
      [GC Worker (ms):  2.0  1.8
       Avg:   1.9, Min:   1.8, Max:   2.0, Diff:   0.2]
      [GC Worker Other (ms):  0.1  0.2
       Avg:   0.2, Min:   0.1, Max:   0.2, Diff:   0.2]
   [Clear CT:   0.0 ms]
   [Other:   0.2 ms]
      [Choose CSet:   0.0 ms]
      [Ref Proc:   0.1 ms]
      [Ref Enq:   0.0 ms]
      [Free CSet:   0.0 ms]
   [Eden: 1024K(101M)->0B(101M) Survivors: 0B->1024K Heap: 356M(512M)->356M(512M)]
 [Times: user=0.00 sys=0.00, real=0.01 secs] 
12.280: [GC concurrent-root-region-scan-start]
12.280: [GC concurrent-root-region-scan-end, 0.0000570]
12.280: [GC concurrent-mark-start]
12.283: [GC concurrent-mark-end, 0.0031800 sec]
12.303: [GC remark 12.304: [GC ref-proc, 0.0000140 secs], 0.0052300 secs]
 [Times: user=0.00 sys=0.00, real=0.00 secs] 
12.309: [GC cleanup 396M->337M(512M), 0.0008270 secs]
 [Times: user=0.00 sys=0.00, real=0.01 secs] 
12.310: [GC concurrent-cleanup-start]
12.310: [GC concurrent-cleanup-end, 0.0001060]
12.325: [GC pause (young) (initial-mark), 0.00136800 secs]
   [Parallel Time:   1.1 ms]
      [GC Worker Start (ms):  12325.3  12325.3
       Avg: 12325.3, Min: 12325.3, Max: 12325.3, Diff:   0.0]
      [Ext Root Scanning (ms):  0.9  0.9
       Avg:   0.9, Min:   0.9, Max:   0.9, Diff:   0.1]
      [Update RS (ms):  0.0  0.0
       Avg:   0.0, Min:   0.0, Max:   0.0, Diff:   0.0]
         [Processed Buffers : 5 0
          Sum: 5, Avg: 2, Min: 0, Max: 5, Diff: 5]
      [Scan RS (ms):  0.0  0.0
       Avg:   0.0, Min:   0.0, Max:   0.0, Diff:   0.0]
      [Object Copy (ms):  0.2  0.1
       Avg:   0.2, Min:   0.1, Max:   0.2, Diff:   0.0]
      [Termination (ms):  0.0  0.0
       Avg:   0.0, Min:   0.0, Max:   0.0, Diff:   0.0]
         [Termination Attempts : 1 1
          Sum: 2, Avg: 1, Min: 1, Max: 1, Diff: 0]
      [GC Worker End (ms):  12326.4  12326.4
       Avg: 12326.4, Min: 12326.4, Max: 12326.4, Diff:   0.0]
      [GC Worker (ms):  1.1  1.1
       Avg:   1.1, Min:   1.1, Max:   1.1, Diff:   0.0]
      [GC Worker Other (ms):  0.1  0.1
       Avg:   0.1, Min:   0.1, Max:   0.1, Diff:   0.0]
   [Clear CT:   0.0 ms]
   [Other:   0.2 ms]
      [Choose CSet:   0.0 ms]
      [Ref Proc:   0.1 ms]
      [Ref Enq:   0.0 ms]
      [Free CSet:   0.0 ms]
   [Eden: 1024K(101M)->0B(101M) Survivors: 1024K->1024K Heap: 358M(512M)->358M(512M)]
 [Times: user=0.00 sys=0.00, real=0.00 secs] 
12.327: [GC concurrent-root-region-scan-start]
12.327: [GC concurrent-root-region-scan-end, 0.0000780]
12.327: [GC concurrent-mark-start]
12.329: [GC concurrent-mark-end, 0.0026060 sec]
12.346: [GC remark 12.346: [GC ref-proc, 0.0000150 secs], 0.0030940 secs]
 [Times: user=0.00 sys=0.00, real=0.00 secs] 
12.349: [GC cleanup 392M->313M(512M), 0.0003790 secs]
 [Times: user=0.00 sys=0.00, real=0.00 secs] 
12.349: [GC concurrent-cleanup-start]
12.349: [GC concurrent-cleanup-end, 0.0001590]
12.365: [GC pause (young), 0.00106900 secs]
   [Parallel Time:   1.0 ms]
      [GC Worker Start (ms):  12365.1  12365.1
       Avg: 12365.1, Min: 12365.1, Max: 12365.1, Diff:   0.0]
      [Ext Root Scanning (ms):  0.9  0.7
       Avg:   0.8, Min:   0.7, Max:   0.9, Diff:   0.1]
      [Update RS (ms):  0.0  0.0
       Avg:   0.0, Min:   0.0, Max:   0.0, Diff:   0.0]
         [Processed Buffers : 0 5
          Sum: 5, Avg: 2, Min: 0, Max: 5, Diff: 5]
      [Scan RS (ms):  0.0  0.0
       Avg:   0.0, Min:   0.0, Max:   0.0, Diff:   0.0]
      [Object Copy (ms):  0.0  0.0
       Avg:   0.0, Min:   0.0, Max:   0.0, Diff:   0.0]
      [Termination (ms):  0.0  0.1
       Avg:   0.0, Min:   0.0, Max:   0.1, Diff:   0.1]
         [Termination Attempts : 1 1
          Sum: 2, Avg: 1, Min: 1, Max: 1, Diff: 0]
      [GC Worker End (ms):  12366.0  12366.0
       Avg: 12366.0, Min: 12366.0, Max: 12366.0, Diff:   0.0]
      [GC Worker (ms):  0.9  0.9
       Avg:   0.9, Min:   0.9, Max:   0.9, Diff:   0.0]
      [GC Worker Other (ms):  0.1  0.1
       Avg:   0.1, Min:   0.1, Max:   0.1, Diff:   0.0]
   [Clear CT:   0.0 ms]
   [Other:   0.1 ms]
      [Choose CSet:   0.0 ms]
      [Ref Proc:   0.0 ms]
      [Ref Enq:   0.0 ms]
      [Free CSet:   0.0 ms]
   [Eden: 1024K(101M)->0B(107M) Survivors: 1024K->1024K Heap: 338M(512M)->338M(512M)]
 [Times: user=0.00 sys=0.00, real=0.00 secs] 
12.367: [Full GC 338M->230M(512M), 0.0123720 secs]
 [Times: user=0.01 sys=0.00, real=0.02 secs] 
12.396: [GC pause (young) (initial-mark), 0.00199300 secs]
   [Parallel Time:   1.8 ms]
      [GC Worker Start (ms):  12396.6  12396.6
       Avg: 12396.6, Min: 12396.6, Max: 12396.6, Diff:   0.0]
      [Ext Root Scanning (ms):  1.5  1.5
       Avg:   1.5, Min:   1.5, Max:   1.5, Diff:   0.0]
      [Update RS (ms):  0.0  0.0
       Avg:   0.0, Min:   0.0, Max:   0.0, Diff:   0.0]
         [Processed Buffers : 1 0
          Sum: 1, Avg: 0, Min: 0, Max: 1, Diff: 1]
      [Scan RS (ms):  0.0  0.0
       Avg:   0.0, Min:   0.0, Max:   0.0, Diff:   0.0]
      [Object Copy (ms):  0.2  0.2
       Avg:   0.2, Min:   0.2, Max:   0.2, Diff:   0.0]
      [Termination (ms):  0.0  0.0
       Avg:   0.0, Min:   0.0, Max:   0.0, Diff:   0.0]
         [Termination Attempts : 1 1
          Sum: 2, Avg: 1, Min: 1, Max: 1, Diff: 0]
      [GC Worker End (ms):  12398.4  12398.4
       Avg: 12398.4, Min: 12398.4, Max: 12398.4, Diff:   0.0]
      [GC Worker (ms):  1.8  1.8
       Avg:   1.8, Min:   1.8, Max:   1.8, Diff:   0.0]
      [GC Worker Other (ms):  0.1  0.1
       Avg:   0.1, Min:   0.1, Max:   0.1, Diff:   0.0]
   [Clear CT:   0.0 ms]
   [Other:   0.2 ms]
      [Choose CSet:   0.0 ms]
      [Ref Proc:   0.0 ms]
      [Ref Enq:   0.0 ms]
      [Free CSet:   0.0 ms]
   [Eden: 0B(107M)->0B(194M) Survivors: 0B->0B Heap: 256M(512M)->256M(512M)]
 [Times: user=0.00 sys=0.00, real=0.00 secs] 
12.399: [GC concurrent-root-region-scan-start]
12.399: [GC concurrent-root-region-scan-end, 0.0000050]
12.399: [GC concurrent-mark-start]
12.400: [GC concurrent-mark-end, 0.0017130 sec]
12.419: [GC remark 12.419: [GC ref-proc, 0.0001050 secs], 0.0032400 secs]
 [Times: user=0.01 sys=0.00, real=0.01 secs] 
12.422: [GC cleanup 295M->295M(512M), 0.0004640 secs]
 [Times: user=0.00 sys=0.00, real=0.00 secs] 
12.441: [GC pause (young) (initial-mark), 0.00113000 secs]
   [Parallel Time:   1.0 ms]
      [GC Worker Start (ms):  12441.1  12441.1
       Avg: 12441.1, Min: 12441.1, Max: 12441.1, Diff:   0.0]
      [Ext Root Scanning (ms):  0.7  0.8
       Avg:   0.7, Min:   0.7, Max:   0.8, Diff:   0.0]
      [Update RS (ms):  0.0  0.0
       Avg:   0.0, Min:   0.0, Max:   0.0, Diff:   0.0]
         [Processed Buffers : 3 1
          Sum: 4, Avg: 2, Min: 1, Max: 3, Diff: 2]
      [Scan RS (ms):  0.0  0.0
       Avg:   0.0, Min:   0.0, Max:   0.0, Diff:   0.0]
      [Object Copy (ms):  0.2  0.1
       Avg:   0.2, Min:   0.1, Max:   0.2, Diff:   0.0]
      [Termination (ms):  0.0  0.0
       Avg:   0.0, Min:   0.0, Max:   0.0, Diff:   0.0]
         [Termination Attempts : 1 1
          Sum: 2, Avg: 1, Min: 1, Max: 1, Diff: 0]
      [GC Worker End (ms):  12442.0  12442.0
       Avg: 12442.0, Min: 12442.0, Max: 12442.0, Diff:   0.0]
      [GC Worker (ms):  0.9  0.9
       Avg:   0.9, Min:   0.9, Max:   0.9, Diff:   0.0]
      [GC Worker Other (ms):  0.1  0.1
       Avg:   0.1, Min:   0.1, Max:   0.1, Diff:   0.0]
   [Clear CT:   0.0 ms]
   [Other:   0.1 ms]
      [Choose CSet:   0.0 ms]
      [Ref Proc:   0.0 ms]
      [Ref Enq:   0.0 ms]
      [Free CSet:   0.0 ms]
   [Eden: 1024K(194M)->0B(128M) Survivors: 0B->1024K Heap: 319M(512M)->319M(512M)]
 [Times: user=0.00 sys=0.00, real=0.00 secs] 
12.442: [GC concurrent-root-region-scan-start]
12.442: [GC concurrent-root-region-scan-end, 0.0000360]
12.442: [GC concurrent-mark-start]
12.445: [GC concurrent-mark-end, 0.0023780 sec]
12.448: [GC remark 12.449: [GC ref-proc, 0.0000160 secs], 0.0030320 secs]
 [Times: user=0.01 sys=0.00, real=0.01 secs] 
12.452: [GC cleanup 329M->222M(512M), 0.0005090 secs]
 [Times: user=0.00 sys=0.00, real=0.00 secs] 
12.452: [GC concurrent-cleanup-start]
12.452: [GC concurrent-cleanup-end, 0.0002440]
12.519: [GC pause (young) (initial-mark), 0.00241800 secs]
   [Parallel Time:   2.2 ms]
      [GC Worker Start (ms):  12519.3  12521.4
       Avg: 12520.4, Min: 12519.3, Max: 12521.4, Diff:   2.1]
      [Ext Root Scanning (ms):  1.5  0.0
       Avg:   0.7, Min:   0.0, Max:   1.5, Diff:   1.5]
      [Update RS (ms):  0.0  0.0
       Avg:   0.0, Min:   0.0, Max:   0.0, Diff:   0.0]
         [Processed Buffers : 4 0
          Sum: 4, Avg: 2, Min: 0, Max: 4, Diff: 4]
      [Scan RS (ms):  0.0  0.0
       Avg:   0.0, Min:   0.0, Max:   0.0, Diff:   0.0]
      [Object Copy (ms):  0.5  0.0
       Avg:   0.3, Min:   0.0, Max:   0.5, Diff:   0.5]
      [Termination (ms):  0.1  0.0
       Avg:   0.1, Min:   0.0, Max:   0.1, Diff:   0.1]
         [Termination Attempts : 1 1
          Sum: 2, Avg: 1, Min: 1, Max: 1, Diff: 0]
      [GC Worker End (ms):  12521.5  12521.5
       Avg: 12521.5, Min: 12521.5, Max: 12521.5, Diff:   0.0]
      [GC Worker (ms):  2.2  0.0
       Avg:   1.1, Min:   0.0, Max:   2.2, Diff:   2.2]
      [GC Worker Other (ms):  0.0  2.2
       Avg:   1.1, Min:   0.0, Max:   2.2, Diff:   2.1]
   [Clear CT:   0.0 ms]
   [Other:   0.2 ms]
      [Choose CSet:   0.0 ms]
      [Ref Proc:   0.1 ms]
      [Ref Enq:   0.0 ms]
      [Free CSet:   0.0 ms]
   [Eden: 1024K(128M)->0B(118M) Survivors: 1024K->1024K Heap: 328M(512M)->328M(512M)]
 [Times: user=0.00 sys=0.00, real=0.00 secs] 
12.522: [GC concurrent-root-region-scan-start]
12.522: [GC concurrent-root-region-scan-end, 0.0000370]
12.522: [GC concurrent-mark-start]
12.523: [GC concurrent-mark-end, 0.0015570 sec]
12.533: [GC remark 12.534: [GC ref-proc, 0.0000150 secs], 0.0048030 secs]
 [Times: user=0.01 sys=0.00, real=0.00 secs] 
12.595: [GC pause (young), 0.00279100 secs]
   [Parallel Time:   2.6 ms]
      [GC Worker Start (ms):  12595.5  12597.0
       Avg: 12596.3, Min: 12595.5, Max: 12597.0, Diff:   1.5]
      [Ext Root Scanning (ms):  1.2  0.0
       Avg:   0.6, Min:   0.0, Max:   1.2, Diff:   1.2]
      [SATB Filtering (ms):  0.0  0.0
       Avg:   0.0, Min:   0.0, Max:   0.0, Diff:   0.0]
      [Update RS (ms):  0.0  0.0
       Avg:   0.0, Min:   0.0, Max:   0.0, Diff:   0.0]
         [Processed Buffers : 5 0
          Sum: 5, Avg: 2, Min: 0, Max: 5, Diff: 5]
      [Scan RS (ms):  0.0  0.0
       Avg:   0.0, Min:   0.0, Max:   0.0, Diff:   0.0]
      [Object Copy (ms):  0.1  0.0
       Avg:   0.0, Min:   0.0, Max:   0.1, Diff:   0.1]
      [Termination (ms):  0.6  0.0
       Avg:   0.3, Min:   0.0, Max:   0.6, Diff:   0.6]
         [Termination Attempts : 1 1
          Sum: 2, Avg: 1, Min: 1, Max: 1, Diff: 0]
      [GC Worker End (ms):  12597.5  12597.0
       Avg: 12597.2, Min: 12597.0, Max: 12597.5, Diff:   0.4]
      [GC Worker (ms):  1.9  0.0
       Avg:   1.0, Min:   0.0, Max:   1.9, Diff:   1.9]
      [GC Worker Other (ms):  0.7  2.6
       Avg:   1.6, Min:   0.7, Max:   2.6, Diff:   1.9]
   [Complete CSet Marking:   0.0 ms]
   [Clear CT:   0.0 ms]
   [Other:   0.2 ms]
      [Choose CSet:   0.0 ms]
      [Ref Proc:   0.1 ms]
      [Ref Enq:   0.0 ms]
      [Free CSet:   0.0 ms]
   [Eden: 1024K(118M)->0B(101M) Survivors: 1024K->1024K Heap: 440M(512M)->439M(512M)]
 [Times: user=0.00 sys=0.00, real=0.00 secs] 
12.598: [Full GC 439M->269M(512M), 0.0129740 secs]
 [Times: user=0.01 sys=0.00, real=0.02 secs] 
12.623: [GC cleanup, 0.0000020 secs]
 [Times: user=0.00 sys=0.00, real=0.00 secs] 
12.623: [GC concurrent-mark-abort]
12.662: [GC pause (young) (initial-mark), 0.00188300 secs]
   [Parallel Time:   1.6 ms]
      [GC Worker Start (ms):  12662.1  12662.1
       Avg: 12662.1, Min: 12662.1, Max: 12662.1, Diff:   0.0]
      [Ext Root Scanning (ms):  1.3  1.4
       Avg:   1.4, Min:   1.3, Max:   1.4, Diff:   0.1]
      [Update RS (ms):  0.0  0.0
       Avg:   0.0, Min:   0.0, Max:   0.0, Diff:   0.0]
         [Processed Buffers : 4 0
          Sum: 4, Avg: 2, Min: 0, Max: 4, Diff: 4]
      [Scan RS (ms):  0.0  0.0
       Avg:   0.0, Min:   0.0, Max:   0.0, Diff:   0.0]
      [Object Copy (ms):  0.2  0.2
       Avg:   0.2, Min:   0.2, Max:   0.2, Diff:   0.0]
      [Termination (ms):  0.1  0.0
       Avg:   0.0, Min:   0.0, Max:   0.1, Diff:   0.1]
         [Termination Attempts : 1 1
          Sum: 2, Avg: 1, Min: 1, Max: 1, Diff: 0]
      [GC Worker End (ms):  12663.7  12663.7
       Avg: 12663.7, Min: 12663.7, Max: 12663.7, Diff:   0.0]
      [GC Worker (ms):  1.6  1.6
       Avg:   1.6, Min:   1.6, Max:   1.6, Diff:   0.0]
      [GC Worker Other (ms):  0.0  0.0
       Avg:   0.0, Min:   0.0, Max:   0.0, Diff:   0.0]
   [Clear CT:   0.0 ms]
   [Other:   0.2 ms]
      [Choose CSet:   0.0 ms]
      [Ref Proc:   0.1 ms]
      [Ref Enq:   0.0 ms]
      [Free CSet:   0.0 ms]
   [Eden: 1024K(101M)->0B(101M) Survivors: 0B->1024K Heap: 352M(512M)->352M(512M)]
 [Times: user=0.01 sys=0.00, real=0.00 secs] 
12.664: [GC concurrent-root-region-scan-start]
12.664: [GC concurrent-root-region-scan-end, 0.0000490]
12.664: [GC concurrent-mark-start]
12.668: [GC concurrent-mark-end, 0.0044860 sec]
12.683: [GC remark 12.683: [GC ref-proc, 0.0000170 secs], 0.0033920 secs]
 [Times: user=0.01 sys=0.00, real=0.00 secs] 
12.693: [GC cleanup 401M->273M(512M), 0.0013400 secs]
 [Times: user=0.00 sys=0.00, real=0.00 secs] 
12.695: [GC concurrent-cleanup-start]
12.695: [GC concurrent-cleanup-end, 0.0002930]
12.760: [GC pause (young) (initial-mark), 0.00347600 secs]
   [Parallel Time:   3.0 ms]
      [GC Worker Start (ms):  12760.1  12762.3
       Avg: 12761.2, Min: 12760.1, Max: 12762.3, Diff:   2.2]
      [Ext Root Scanning (ms):  1.5  0.0
       Avg:   0.8, Min:   0.0, Max:   1.5, Diff:   1.5]
      [Update RS (ms):  0.0  0.0
       Avg:   0.0, Min:   0.0, Max:   0.0, Diff:   0.0]
         [Processed Buffers : 3 0
          Sum: 3, Avg: 1, Min: 0, Max: 3, Diff: 3]
      [Scan RS (ms):  0.0  0.0
       Avg:   0.0, Min:   0.0, Max:   0.0, Diff:   0.0]
      [Object Copy (ms):  0.4  0.0
       Avg:   0.2, Min:   0.0, Max:   0.4, Diff:   0.4]
      [Termination (ms):  0.9  0.0
       Avg:   0.5, Min:   0.0, Max:   0.9, Diff:   0.9]
         [Termination Attempts : 1 1
          Sum: 2, Avg: 1, Min: 1, Max: 1, Diff: 0]
      [GC Worker End (ms):  12763.0  12762.4
       Avg: 12762.7, Min: 12762.4, Max: 12763.0, Diff:   0.7]
      [GC Worker (ms):  2.9  0.0
       Avg:   1.5, Min:   0.0, Max:   2.9, Diff:   2.9]
      [GC Worker Other (ms):  0.0  2.9
       Avg:   1.5, Min:   0.0, Max:   2.9, Diff:   2.9]
   [Clear CT:   0.0 ms]
   [Other:   0.5 ms]
      [Choose CSet:   0.0 ms]
      [Ref Proc:   0.1 ms]
      [Ref Enq:   0.0 ms]
      [Free CSet:   0.0 ms]
   [Eden: 1024K(101M)->0B(101M) Survivors: 1024K->1024K Heap: 383M(512M)->383M(512M)]
 [Times: user=0.00 sys=0.00, real=0.00 secs] 
12.763: [GC concurrent-root-region-scan-start]
12.763: [GC concurrent-root-region-scan-end, 0.0000650]
12.763: [GC concurrent-mark-start]
12.765: [GC concurrent-mark-end, 0.0014570 sec]
12.783: [GC remark 12.784: [GC ref-proc, 0.0000170 secs], 0.0036910 secs]
 [Times: user=0.01 sys=0.00, real=0.00 secs] 
12.787: [GC cleanup 418M->364M(512M), 0.0003850 secs]
 [Times: user=0.00 sys=0.00, real=0.00 secs] 
12.788: [GC concurrent-cleanup-start]
12.788: [GC concurrent-cleanup-end, 0.0001270]
12.806: [GC pause (young) (initial-mark), 0.00143000 secs]
   [Parallel Time:   1.1 ms]
      [GC Worker Start (ms):  12806.2  12806.3
       Avg: 12806.2, Min: 12806.2, Max: 12806.3, Diff:   0.0]
      [Ext Root Scanning (ms):  0.8  0.8
       Avg:   0.8, Min:   0.8, Max:   0.8, Diff:   0.1]
      [Update RS (ms):  0.0  0.0
       Avg:   0.0, Min:   0.0, Max:   0.0, Diff:   0.0]
         [Processed Buffers : 3 0
          Sum: 3, Avg: 1, Min: 0, Max: 3, Diff: 3]
      [Scan RS (ms):  0.0  0.0
       Avg:   0.0, Min:   0.0, Max:   0.0, Diff:   0.0]
      [Object Copy (ms):  0.1  0.2
       Avg:   0.2, Min:   0.1, Max:   0.2, Diff:   0.0]
      [Termination (ms):  0.1  0.0
       Avg:   0.0, Min:   0.0, Max:   0.1, Diff:   0.1]
         [Termination Attempts : 1 1
          Sum: 2, Avg: 1, Min: 1, Max: 1, Diff: 0]
      [GC Worker End (ms):  12807.3  12807.3
       Avg: 12807.3, Min: 12807.3, Max: 12807.3, Diff:   0.0]
      [GC Worker (ms):  1.0  1.0
       Avg:   1.0, Min:   1.0, Max:   1.0, Diff:   0.0]
      [GC Worker Other (ms):  0.1  0.1
       Avg:   0.1, Min:   0.1, Max:   0.1, Diff:   0.0]
   [Clear CT:   0.1 ms]
   [Other:   0.2 ms]
      [Choose CSet:   0.0 ms]
      [Ref Proc:   0.1 ms]
      [Ref Enq:   0.0 ms]
      [Free CSet:   0.0 ms]
   [Eden: 1024K(101M)->0B(101M) Survivors: 1024K->1024K Heap: 384M(512M)->384M(512M)]
 [Times: user=0.00 sys=0.00, real=0.00 secs] 
12.808: [GC concurrent-root-region-scan-start]
12.808: [GC concurrent-root-region-scan-end, 0.0001380]
12.808: [GC concurrent-mark-start]
12.820: [GC concurrent-mark-end, 0.0121870 sec]
12.832: [GC remark 12.832: [GC ref-proc, 0.0000160 secs], 0.0041910 secs]
 [Times: user=0.00 sys=0.00, real=0.00 secs] 
12.837: [GC cleanup 429M->384M(512M), 0.0003530 secs]
 [Times: user=0.00 sys=0.00, real=0.00 secs] 
12.837: [GC concurrent-cleanup-start]
12.837: [GC concurrent-cleanup-end, 0.0000990]
12.855: [GC pause (young) (initial-mark), 0.00142800 secs]
   [Parallel Time:   1.1 ms]
      [GC Worker Start (ms):  12855.3  12855.3
       Avg: 12855.3, Min: 12855.3, Max: 12855.3, Diff:   0.0]
      [Ext Root Scanning (ms):  0.8  0.8
       Avg:   0.8, Min:   0.8, Max:   0.8, Diff:   0.0]
      [Update RS (ms):  0.0  0.0
       Avg:   0.0, Min:   0.0, Max:   0.0, Diff:   0.0]
         [Processed Buffers : 2 0
          Sum: 2, Avg: 1, Min: 0, Max: 2, Diff: 2]
      [Scan RS (ms):  0.0  0.0
       Avg:   0.0, Min:   0.0, Max:   0.0, Diff:   0.0]
      [Object Copy (ms):  0.2  0.2
       Avg:   0.2, Min:   0.2, Max:   0.2, Diff:   0.0]
      [Termination (ms):  0.0  0.0
       Avg:   0.0, Min:   0.0, Max:   0.0, Diff:   0.0]
         [Termination Attempts : 1 1
          Sum: 2, Avg: 1, Min: 1, Max: 1, Diff: 0]
      [GC Worker End (ms):  12856.4  12856.4
       Avg: 12856.4, Min: 12856.4, Max: 12856.4, Diff:   0.0]
      [GC Worker (ms):  1.0  1.0
       Avg:   1.0, Min:   1.0, Max:   1.0, Diff:   0.0]
      [GC Worker Other (ms):  0.1  0.1
       Avg:   0.1, Min:   0.1, Max:   0.1, Diff:   0.0]
   [Clear CT:   0.0 ms]
   [Other:   0.3 ms]
      [Choose CSet:   0.0 ms]
      [Ref Proc:   0.2 ms]
      [Ref Enq:   0.0 ms]
      [Free CSet:   0.0 ms]
   [Eden: 1024K(101M)->0B(101M) Survivors: 1024K->1024K Heap: 409M(512M)->409M(512M)]
 [Times: user=0.00 sys=0.00, real=0.00 secs] 
12.857: [GC concurrent-root-region-scan-start]
12.857: [GC concurrent-root-region-scan-end, 0.0000980]
12.857: [GC concurrent-mark-start]
12.858: [GC concurrent-mark-end, 0.0016140 sec]
12.869: [GC remark 12.869: [GC ref-proc, 0.0000150 secs], 0.0048360 secs]
 [Times: user=0.01 sys=0.00, real=0.00 secs] 
12.874: [GC cleanup 429M->382M(512M), 0.0004310 secs]
 [Times: user=0.00 sys=0.00, real=0.00 secs] 
12.875: [GC concurrent-cleanup-start]
12.875: [GC concurrent-cleanup-end, 0.0001350]
12.875: [GC pause (young), 0.00091800 secs]
   [Parallel Time:   0.8 ms]
      [GC Worker Start (ms):  12874.9  12874.9
       Avg: 12874.9, Min: 12874.9, Max: 12874.9, Diff:   0.0]
      [Ext Root Scanning (ms):  0.7  0.7
       Avg:   0.7, Min:   0.7, Max:   0.7, Diff:   0.0]
      [Update RS (ms):  0.0  0.0
       Avg:   0.0, Min:   0.0, Max:   0.0, Diff:   0.0]
         [Processed Buffers : 3 0
          Sum: 3, Avg: 1, Min: 0, Max: 3, Diff: 3]
      [Scan RS (ms):  0.0  0.0
       Avg:   0.0, Min:   0.0, Max:   0.0, Diff:   0.0]
      [Object Copy (ms):  0.0  0.1
       Avg:   0.0, Min:   0.0, Max:   0.1, Diff:   0.0]
      [Termination (ms):  0.0  0.0
       Avg:   0.0, Min:   0.0, Max:   0.0, Diff:   0.0]
         [Termination Attempts : 1 1
          Sum: 2, Avg: 1, Min: 1, Max: 1, Diff: 0]
      [GC Worker End (ms):  12875.7  12875.7
       Avg: 12875.7, Min: 12875.7, Max: 12875.7, Diff:   0.0]
      [GC Worker (ms):  0.8  0.8
       Avg:   0.8, Min:   0.8, Max:   0.8, Diff:   0.0]
      [GC Worker Other (ms):  0.0  0.1
       Avg:   0.0, Min:   0.0, Max:   0.1, Diff:   0.0]
   [Clear CT:   0.0 ms]
   [Other:   0.1 ms]
      [Choose CSet:   0.0 ms]
      [Ref Proc:   0.0 ms]
      [Ref Enq:   0.0 ms]
      [Free CSet:   0.0 ms]
   [Eden: 0B(101M)->0B(101M) Survivors: 1024K->1024K Heap: 382M(512M)->382M(512M)]
 [Times: user=0.00 sys=0.00, real=0.00 secs] 
12.876: [Full GC 382M->281M(512M), 0.0112790 secs]
 [Times: user=0.01 sys=0.00, real=0.01 secs] 
12.918: [GC pause (young) (initial-mark), 0.00193900 secs]
   [Parallel Time:   1.7 ms]
      [GC Worker Start (ms):  12917.9  12917.9
       Avg: 12917.9, Min: 12917.9, Max: 12917.9, Diff:   0.0]
      [Ext Root Scanning (ms):  1.3  1.5
       Avg:   1.4, Min:   1.3, Max:   1.5, Diff:   0.2]
      [Update RS (ms):  0.0  0.0
       Avg:   0.0, Min:   0.0, Max:   0.0, Diff:   0.0]
         [Processed Buffers : 2 0
          Sum: 2, Avg: 1, Min: 0, Max: 2, Diff: 2]
      [Scan RS (ms):  0.0  0.0
       Avg:   0.0, Min:   0.0, Max:   0.0, Diff:   0.0]
      [Object Copy (ms):  0.2  0.2
       Avg:   0.2, Min:   0.2, Max:   0.2, Diff:   0.1]
      [Termination (ms):  0.1  0.0
       Avg:   0.1, Min:   0.0, Max:   0.1, Diff:   0.1]
         [Termination Attempts : 1 1
          Sum: 2, Avg: 1, Min: 1, Max: 1, Diff: 0]
      [GC Worker End (ms):  12919.6  12919.6
       Avg: 12919.6, Min: 12919.6, Max: 12919.6, Diff:   0.0]
      [GC Worker (ms):  1.7  1.7
       Avg:   1.7, Min:   1.7, Max:   1.7, Diff:   0.0]
      [GC Worker Other (ms):  0.0  0.1
       Avg:   0.0, Min:   0.0, Max:   0.1, Diff:   0.0]
   [Clear CT:   0.0 ms]
   [Other:   0.2 ms]
      [Choose CSet:   0.0 ms]
      [Ref Proc:   0.1 ms]
      [Ref Enq:   0.0 ms]
      [Free CSet:   0.0 ms]
   [Eden: 1024K(101M)->0B(123M) Survivors: 0B->1024K Heap: 324M(512M)->324M(512M)]
 [Times: user=0.01 sys=0.00, real=0.01 secs] 
12.920: [GC concurrent-root-region-scan-start]
12.920: [GC concurrent-root-region-scan-end, 0.0000260]
12.920: [GC concurrent-mark-start]
12.921: [GC concurrent-mark-end, 0.0012880 sec]
12.927: [GC remark 12.927: [GC ref-proc, 0.0000160 secs], 0.0034680 secs]
 [Times: user=0.00 sys=0.00, real=0.01 secs] 
12.931: [GC cleanup 338M->338M(512M), 0.0005300 secs]
 [Times: user=0.00 sys=0.00, real=0.00 secs] 
12.984: [GC pause (young), 0.00120400 secs]
   [Parallel Time:   1.1 ms]
      [GC Worker Start (ms):  12984.5  12984.5
       Avg: 12984.5, Min: 12984.5, Max: 12984.5, Diff:   0.0]
      [Ext Root Scanning (ms):  0.8  0.8
       Avg:   0.8, Min:   0.8, Max:   0.8, Diff:   0.0]
      [Update RS (ms):  0.1  0.2
       Avg:   0.1, Min:   0.1, Max:   0.2, Diff:   0.1]
         [Processed Buffers : 5 1
          Sum: 6, Avg: 3, Min: 1, Max: 5, Diff: 4]
      [Scan RS (ms):  0.0  0.0
       Avg:   0.0, Min:   0.0, Max:   0.0, Diff:   0.0]
      [Object Copy (ms):  0.0  0.0
       Avg:   0.0, Min:   0.0, Max:   0.0, Diff:   0.0]
      [Termination (ms):  0.1  0.0
       Avg:   0.1, Min:   0.0, Max:   0.1, Diff:   0.1]
         [Termination Attempts : 1 1
          Sum: 2, Avg: 1, Min: 1, Max: 1, Diff: 0]
      [GC Worker End (ms):  12985.6  12985.5
       Avg: 12985.5, Min: 12985.5, Max: 12985.6, Diff:   0.0]
      [GC Worker (ms):  1.1  1.0
       Avg:   1.0, Min:   1.0, Max:   1.1, Diff:   0.0]
      [GC Worker Other (ms):  0.1  0.1
       Avg:   0.1, Min:   0.1, Max:   0.1, Diff:   0.0]
   [Clear CT:   0.0 ms]
   [Other:   0.1 ms]
      [Choose CSet:   0.0 ms]
      [Ref Proc:   0.0 ms]
      [Ref Enq:   0.0 ms]
      [Free CSet:   0.0 ms]
   [Eden: 1024K(123M)->0B(101M) Survivors: 1024K->1024K Heap: 432M(512M)->432M(512M)]
 [Times: user=0.00 sys=0.00, real=0.00 secs] 
12.986: [Full GC 432M->314M(512M), 0.0120030 secs]
 [Times: user=0.01 sys=0.00, real=0.01 secs] 
13.012: [GC pause (young) (initial-mark), 0.00210200 secs]
   [Parallel Time:   1.9 ms]
      [GC Worker Start (ms):  13012.0  13012.0
       Avg: 13012.0, Min: 13012.0, Max: 13012.0, Diff:   0.0]
      [Ext Root Scanning (ms):  1.5  1.3
       Avg:   1.4, Min:   1.3, Max:   1.5, Diff:   0.1]
      [Update RS (ms):  0.0  0.0
       Avg:   0.0, Min:   0.0, Max:   0.0, Diff:   0.0]
         [Processed Buffers : 0 5
          Sum: 5, Avg: 2, Min: 0, Max: 5, Diff: 5]
      [Scan RS (ms):  0.0  0.0
       Avg:   0.0, Min:   0.0, Max:   0.0, Diff:   0.0]
      [Object Copy (ms):  0.3  0.3
       Avg:   0.3, Min:   0.3, Max:   0.3, Diff:   0.1]
      [Termination (ms):  0.0  0.3
       Avg:   0.1, Min:   0.0, Max:   0.3, Diff:   0.3]
         [Termination Attempts : 1 1
          Sum: 2, Avg: 1, Min: 1, Max: 1, Diff: 0]
      [GC Worker End (ms):  13013.8  13013.9
       Avg: 13013.9, Min: 13013.8, Max: 13013.9, Diff:   0.1]
      [GC Worker (ms):  1.8  1.9
       Avg:   1.8, Min:   1.8, Max:   1.9, Diff:   0.1]
      [GC Worker Other (ms):  0.1  0.1
       Avg:   0.1, Min:   0.1, Max:   0.1, Diff:   0.1]
   [Clear CT:   0.0 ms]
   [Other:   0.1 ms]
      [Choose CSet:   0.0 ms]
      [Ref Proc:   0.0 ms]
      [Ref Enq:   0.0 ms]
      [Free CSet:   0.0 ms]
   [Eden: 1024K(101M)->0B(111M) Survivors: 0B->1024K Heap: 334M(512M)->334M(512M)]
 [Times: user=0.00 sys=0.00, real=0.00 secs] 
13.014: [GC concurrent-root-region-scan-start]
13.014: [GC concurrent-root-region-scan-end, 0.0001260]
13.014: [GC concurrent-mark-start]
13.017: [GC concurrent-mark-end, 0.0030460 sec]
13.024: [GC remark 13.024: [GC ref-proc, 0.0000170 secs], 0.0035570 secs]
 [Times: user=0.01 sys=0.00, real=0.00 secs] 
13.028: [GC cleanup 353M->254M(512M), 0.0007810 secs]
 [Times: user=0.00 sys=0.00, real=0.00 secs] 
13.029: [GC concurrent-cleanup-start]
13.029: [GC concurrent-cleanup-end, 0.0002120]
13.054: [GC pause (young) (initial-mark), 0.00151900 secs]
   [Parallel Time:   1.4 ms]
      [GC Worker Start (ms):  13054.6  13054.6
       Avg: 13054.6, Min: 13054.6, Max: 13054.6, Diff:   0.0]
      [Ext Root Scanning (ms):  1.2  1.0
       Avg:   1.1, Min:   1.0, Max:   1.2, Diff:   0.2]
      [Update RS (ms):  0.0  0.0
       Avg:   0.0, Min:   0.0, Max:   0.0, Diff:   0.0]
         [Processed Buffers : 0 5
          Sum: 5, Avg: 2, Min: 0, Max: 5, Diff: 5]
      [Scan RS (ms):  0.0  0.0
       Avg:   0.0, Min:   0.0, Max:   0.0, Diff:   0.0]
      [Object Copy (ms):  0.1  0.2
       Avg:   0.2, Min:   0.1, Max:   0.2, Diff:   0.1]
      [Termination (ms):  0.0  0.1
       Avg:   0.0, Min:   0.0, Max:   0.1, Diff:   0.1]
         [Termination Attempts : 1 1
          Sum: 2, Avg: 1, Min: 1, Max: 1, Diff: 0]
      [GC Worker End (ms):  13055.9  13055.9
       Avg: 13055.9, Min: 13055.9, Max: 13055.9, Diff:   0.0]
      [GC Worker (ms):  1.3  1.3
       Avg:   1.3, Min:   1.3, Max:   1.3, Diff:   0.0]
      [GC Worker Other (ms):  0.0  0.1
       Avg:   0.1, Min:   0.0, Max:   0.1, Diff:   0.0]
   [Clear CT:   0.0 ms]
   [Other:   0.1 ms]
      [Choose CSet:   0.0 ms]
      [Ref Proc:   0.0 ms]
      [Ref Enq:   0.0 ms]
      [Free CSet:   0.0 ms]
   [Eden: 1024K(111M)->0B(156M) Survivors: 1024K->1024K Heap: 292M(512M)->292M(512M)]
 [Times: user=0.00 sys=0.00, real=0.00 secs] 
13.056: [GC concurrent-root-region-scan-start]
13.056: [GC concurrent-root-region-scan-end, 0.0001130]
13.056: [GC concurrent-mark-start]
13.059: [GC concurrent-mark-end, 0.0024020 sec]
13.069: [GC remark 13.070: [GC ref-proc, 0.0000150 secs], 0.0027330 secs]
 [Times: user=0.01 sys=0.00, real=0.00 secs] 
13.079: [GC cleanup 329M->238M(512M), 0.0007190 secs]
 [Times: user=0.00 sys=0.00, real=0.01 secs] 
13.080: [GC concurrent-cleanup-start]
13.080: [GC concurrent-cleanup-end, 0.0002380]
13.112: [GC pause (young) (initial-mark), 0.00119200 secs]
   [Parallel Time:   1.0 ms]
      [GC Worker Start (ms):  13111.8  13111.8
       Avg: 13111.8, Min: 13111.8, Max: 13111.8, Diff:   0.0]
      [Ext Root Scanning (ms):  0.7  0.8
       Avg:   0.7, Min:   0.7, Max:   0.8, Diff:   0.1]
      [Update RS (ms):  0.0  0.0
       Avg:   0.0, Min:   0.0, Max:   0.0, Diff:   0.0]
         [Processed Buffers : 3 0
          Sum: 3, Avg: 1, Min: 0, Max: 3, Diff: 3]
      [Scan RS (ms):  0.0  0.0
       Avg:   0.0, Min:   0.0, Max:   0.0, Diff:   0.0]
      [Object Copy (ms):  0.2  0.2
       Avg:   0.2, Min:   0.2, Max:   0.2, Diff:   0.0]
      [Termination (ms):  0.1  0.0
       Avg:   0.1, Min:   0.0, Max:   0.1, Diff:   0.1]
         [Termination Attempts : 1 1
          Sum: 2, Avg: 1, Min: 1, Max: 1, Diff: 0]
      [GC Worker End (ms):  13112.8  13112.8
       Avg: 13112.8, Min: 13112.8, Max: 13112.8, Diff:   0.0]
      [GC Worker (ms):  1.0  1.0
       Avg:   1.0, Min:   1.0, Max:   1.0, Diff:   0.0]
      [GC Worker Other (ms):  0.1  0.1
       Avg:   0.1, Min:   0.1, Max:   0.1, Diff:   0.0]
   [Clear CT:   0.0 ms]
   [Other:   0.1 ms]
      [Choose CSet:   0.0 ms]
      [Ref Proc:   0.0 ms]
      [Ref Enq:   0.0 ms]
      [Free CSet:   0.0 ms]
   [Eden: 1024K(156M)->0B(164M) Survivors: 1024K->1024K Heap: 284M(512M)->284M(512M)]
 [Times: user=0.01 sys=0.00, real=0.00 secs] 
13.113: [GC concurrent-root-region-scan-start]
13.113: [GC concurrent-root-region-scan-end, 0.0000710]
13.113: [GC concurrent-mark-start]
13.114: [GC concurrent-mark-end, 0.0013920 sec]
13.148: [GC remark 13.149: [GC ref-proc, 0.0000170 secs], 0.0038530 secs]
 [Times: user=0.00 sys=0.00, real=0.01 secs] 
13.152: [GC cleanup 352M->333M(512M), 0.0006670 secs]
 [Times: user=0.00 sys=0.00, real=0.00 secs] 
13.153: [GC concurrent-cleanup-start]
13.153: [GC concurrent-cleanup-end, 0.0000460]
13.165: [GC pause (young) (initial-mark), 0.00120100 secs]
   [Parallel Time:   1.0 ms]
      [GC Worker Start (ms):  13165.7  13165.7
       Avg: 13165.7, Min: 13165.7, Max: 13165.7, Diff:   0.0]
      [Ext Root Scanning (ms):  0.7  0.7
       Avg:   0.7, Min:   0.7, Max:   0.7, Diff:   0.0]
      [Update RS (ms):  0.0  0.0
       Avg:   0.0, Min:   0.0, Max:   0.0, Diff:   0.0]
         [Processed Buffers : 4 0
          Sum: 4, Avg: 2, Min: 0, Max: 4, Diff: 4]
      [Scan RS (ms):  0.0  0.0
       Avg:   0.0, Min:   0.0, Max:   0.0, Diff:   0.0]
      [Object Copy (ms):  0.2  0.1
       Avg:   0.2, Min:   0.1, Max:   0.2, Diff:   0.0]
      [Termination (ms):  0.0  0.0
       Avg:   0.0, Min:   0.0, Max:   0.0, Diff:   0.0]
         [Termination Attempts : 1 1
          Sum: 2, Avg: 1, Min: 1, Max: 1, Diff: 0]
      [GC Worker End (ms):  13166.6  13166.6
       Avg: 13166.6, Min: 13166.6, Max: 13166.6, Diff:   0.0]
      [GC Worker (ms):  0.9  0.9
       Avg:   0.9, Min:   0.9, Max:   0.9, Diff:   0.0]
      [GC Worker Other (ms):  0.1  0.1
       Avg:   0.1, Min:   0.1, Max:   0.1, Diff:   0.0]
   [Clear CT:   0.0 ms]
   [Other:   0.2 ms]
      [Choose CSet:   0.0 ms]
      [Ref Proc:   0.0 ms]
      [Ref Enq:   0.0 ms]
      [Free CSet:   0.0 ms]
   [Eden: 1024K(164M)->0B(101M) Survivors: 1024K->1024K Heap: 347M(512M)->347M(512M)]
 [Times: user=0.00 sys=0.00, real=0.00 secs] 
13.167: [GC concurrent-root-region-scan-start]
13.167: [GC concurrent-root-region-scan-end, 0.0003730]
13.167: [GC concurrent-mark-start]
13.184: [GC pause (young), 0.00123500 secs]
   [Parallel Time:   1.1 ms]
      [GC Worker Start (ms):  13184.3  13184.3
       Avg: 13184.3, Min: 13184.3, Max: 13184.3, Diff:   0.0]
      [Ext Root Scanning (ms):  0.8  0.9
       Avg:   0.8, Min:   0.8, Max:   0.9, Diff:   0.1]
      [SATB Filtering (ms):  0.0  0.0
       Avg:   0.0, Min:   0.0, Max:   0.0, Diff:   0.0]
      [Update RS (ms):  0.0  0.0
       Avg:   0.0, Min:   0.0, Max:   0.0, Diff:   0.0]
         [Processed Buffers : 4 0
          Sum: 4, Avg: 2, Min: 0, Max: 4, Diff: 4]
      [Scan RS (ms):  0.0  0.0
       Avg:   0.0, Min:   0.0, Max:   0.0, Diff:   0.0]
      [Object Copy (ms):  0.1  0.1
       Avg:   0.1, Min:   0.1, Max:   0.1, Diff:   0.0]
      [Termination (ms):  0.1  0.0
       Avg:   0.1, Min:   0.0, Max:   0.1, Diff:   0.1]
         [Termination Attempts : 1 1
          Sum: 2, Avg: 1, Min: 1, Max: 1, Diff: 0]
      [GC Worker End (ms):  13185.3  13185.3
       Avg: 13185.3, Min: 13185.3, Max: 13185.3, Diff:   0.0]
      [GC Worker (ms):  1.0  1.0
       Avg:   1.0, Min:   1.0, Max:   1.0, Diff:   0.0]
      [GC Worker Other (ms):  0.1  0.1
       Avg:   0.1, Min:   0.1, Max:   0.1, Diff:   0.0]
   [Complete CSet Marking:   0.0 ms]
   [Clear CT:   0.0 ms]
   [Other:   0.2 ms]
      [Choose CSet:   0.0 ms]
      [Ref Proc:   0.1 ms]
      [Ref Enq:   0.0 ms]
      [Free CSet:   0.0 ms]
   [Eden: 1024K(101M)->0B(101M) Survivors: 1024K->1024K Heap: 380M(512M)->380M(512M)]
 [Times: user=0.00 sys=0.00, real=0.00 secs] 
13.187: [GC concurrent-mark-end, 0.0198330 sec]
13.203: [GC pause (young), 0.00112900 secs]
   [Parallel Time:   1.0 ms]
      [GC Worker Start (ms):  13203.2  13203.2
       Avg: 13203.2, Min: 13203.2, Max: 13203.2, Diff:   0.0]
      [Ext Root Scanning (ms):  0.7  0.9
       Avg:   0.8, Min:   0.7, Max:   0.9, Diff:   0.2]
      [SATB Filtering (ms):  0.0  0.0
       Avg:   0.0, Min:   0.0, Max:   0.0, Diff:   0.0]
      [Update RS (ms):  0.0  0.0
       Avg:   0.0, Min:   0.0, Max:   0.0, Diff:   0.0]
         [Processed Buffers : 2 0
          Sum: 2, Avg: 1, Min: 0, Max: 2, Diff: 2]
      [Scan RS (ms):  0.0  0.0
       Avg:   0.0, Min:   0.0, Max:   0.0, Diff:   0.0]
      [Object Copy (ms):  0.1  0.0
       Avg:   0.0, Min:   0.0, Max:   0.1, Diff:   0.0]
      [Termination (ms):  0.2  0.0
       Avg:   0.1, Min:   0.0, Max:   0.2, Diff:   0.2]
         [Termination Attempts : 1 1
          Sum: 2, Avg: 1, Min: 1, Max: 1, Diff: 0]
      [GC Worker End (ms):  13204.2  13204.2
       Avg: 13204.2, Min: 13204.2, Max: 13204.2, Diff:   0.0]
      [GC Worker (ms):  1.0  1.0
       Avg:   1.0, Min:   1.0, Max:   1.0, Diff:   0.0]
      [GC Worker Other (ms):  0.1  0.1
       Avg:   0.1, Min:   0.1, Max:   0.1, Diff:   0.0]
   [Complete CSet Marking:   0.0 ms]
   [Clear CT:   0.0 ms]
   [Other:   0.1 ms]
      [Choose CSet:   0.0 ms]
      [Ref Proc:   0.0 ms]
      [Ref Enq:   0.0 ms]
      [Free CSet:   0.0 ms]
   [Eden: 1024K(101M)->0B(101M) Survivors: 1024K->1024K Heap: 411M(512M)->411M(512M)]
 [Times: user=0.00 sys=0.00, real=0.00 secs] 
13.205: [Full GC 411M->270M(512M), 0.0134900 secs]
 [Times: user=0.01 sys=0.00, real=0.01 secs] 
13.241: [GC remark, 0.0000010 secs]
 [Times: user=0.00 sys=0.00, real=0.00 secs] 
13.241: [GC concurrent-mark-abort]
13.264: [GC pause (young) (initial-mark), 0.00187700 secs]
   [Parallel Time:   1.6 ms]
      [GC Worker Start (ms):  13264.4  13264.5
       Avg: 13264.4, Min: 13264.4, Max: 13264.5, Diff:   0.1]
      [Ext Root Scanning (ms):  1.4  1.2
       Avg:   1.3, Min:   1.2, Max:   1.4, Diff:   0.2]
      [Update RS (ms):  0.0  0.0
       Avg:   0.0, Min:   0.0, Max:   0.0, Diff:   0.0]
         [Processed Buffers : 4 0
          Sum: 4, Avg: 2, Min: 0, Max: 4, Diff: 4]
      [Scan RS (ms):  0.0  0.0
       Avg:   0.0, Min:   0.0, Max:   0.0, Diff:   0.0]
      [Object Copy (ms):  0.2  0.3
       Avg:   0.3, Min:   0.2, Max:   0.3, Diff:   0.2]
      [Termination (ms):  0.0  0.0
       Avg:   0.0, Min:   0.0, Max:   0.0, Diff:   0.0]
         [Termination Attempts : 1 1
          Sum: 2, Avg: 1, Min: 1, Max: 1, Diff: 0]
      [GC Worker End (ms):  13266.0  13266.0
       Avg: 13266.0, Min: 13266.0, Max: 13266.0, Diff:   0.0]
      [GC Worker (ms):  1.6  1.5
       Avg:   1.6, Min:   1.5, Max:   1.6, Diff:   0.1]
      [GC Worker Other (ms):  0.0  0.1
       Avg:   0.1, Min:   0.0, Max:   0.1, Diff:   0.1]
   [Clear CT:   0.0 ms]
   [Other:   0.2 ms]
      [Choose CSet:   0.0 ms]
      [Ref Proc:   0.1 ms]
      [Ref Enq:   0.0 ms]
      [Free CSet:   0.0 ms]
   [Eden: 1024K(101M)->0B(103M) Survivors: 0B->1024K Heap: 344M(512M)->344M(512M)]
 [Times: user=0.00 sys=0.00, real=0.00 secs] 
13.266: [GC concurrent-root-region-scan-start]
13.266: [GC concurrent-root-region-scan-end, 0.0000460]
13.266: [GC concurrent-mark-start]
13.292: [GC concurrent-mark-end, 0.0252030 sec]
13.319: [GC remark 13.320: [GC ref-proc, 0.0002160 secs], 0.0043150 secs]
 [Times: user=0.00 sys=0.00, real=0.00 secs] 
13.324: [GC cleanup 432M->299M(512M), 0.0003980 secs]
 [Times: user=0.00 sys=0.00, real=0.00 secs] 
13.324: [GC concurrent-cleanup-start]
13.324: [GC concurrent-cleanup-end, 0.0002470]
13.364: [GC pause (young) (initial-mark), 0.00118400 secs]
   [Parallel Time:   1.0 ms]
      [GC Worker Start (ms):  13364.1  13364.1
       Avg: 13364.1, Min: 13364.1, Max: 13364.1, Diff:   0.0]
      [Ext Root Scanning (ms):  0.8  0.8
       Avg:   0.8, Min:   0.8, Max:   0.8, Diff:   0.0]
      [Update RS (ms):  0.0  0.0
       Avg:   0.0, Min:   0.0, Max:   0.0, Diff:   0.0]
         [Processed Buffers : 5 0
          Sum: 5, Avg: 2, Min: 0, Max: 5, Diff: 5]
      [Scan RS (ms):  0.0  0.0
       Avg:   0.0, Min:   0.0, Max:   0.0, Diff:   0.0]
      [Object Copy (ms):  0.1  0.2
       Avg:   0.2, Min:   0.1, Max:   0.2, Diff:   0.0]
      [Termination (ms):  0.0  0.0
       Avg:   0.0, Min:   0.0, Max:   0.0, Diff:   0.0]
         [Termination Attempts : 1 1
          Sum: 2, Avg: 1, Min: 1, Max: 1, Diff: 0]
      [GC Worker End (ms):  13365.1  13365.1
       Avg: 13365.1, Min: 13365.1, Max: 13365.1, Diff:   0.0]
      [GC Worker (ms):  1.0  1.0
       Avg:   1.0, Min:   1.0, Max:   1.0, Diff:   0.0]
      [GC Worker Other (ms):  0.1  0.1
       Avg:   0.1, Min:   0.1, Max:   0.1, Diff:   0.0]
   [Clear CT:   0.0 ms]
   [Other:   0.1 ms]
      [Choose CSet:   0.0 ms]
      [Ref Proc:   0.0 ms]
      [Ref Enq:   0.0 ms]
      [Free CSet:   0.0 ms]
   [Eden: 1024K(103M)->0B(101M) Survivors: 1024K->1024K Heap: 364M(512M)->364M(512M)]
 [Times: user=0.00 sys=0.00, real=0.00 secs] 
13.365: [GC concurrent-root-region-scan-start]
13.365: [GC concurrent-root-region-scan-end, 0.0000810]
13.365: [GC concurrent-mark-start]
13.368: [GC concurrent-mark-end, 0.0023500 sec]
13.386: [GC remark 13.386: [GC ref-proc, 0.0000160 secs], 0.0032450 secs]
 [Times: user=0.00 sys=0.00, real=0.01 secs] 
13.389: [GC cleanup 404M->311M(512M), 0.0004390 secs]
 [Times: user=0.00 sys=0.00, real=0.00 secs] 
13.390: [GC concurrent-cleanup-start]
13.390: [GC concurrent-cleanup-end, 0.0002010]
13.418: [GC pause (young) (initial-mark), 0.00163600 secs]
   [Parallel Time:   1.4 ms]
      [GC Worker Start (ms):  13417.7  13417.7
       Avg: 13417.7, Min: 13417.7, Max: 13417.7, Diff:   0.0]
      [Ext Root Scanning (ms):  1.0  1.0
       Avg:   1.0, Min:   1.0, Max:   1.0, Diff:   0.0]
      [Update RS (ms):  0.0  0.0
       Avg:   0.0, Min:   0.0, Max:   0.0, Diff:   0.0]
         [Processed Buffers : 0 4
          Sum: 4, Avg: 2, Min: 0, Max: 4, Diff: 4]
      [Scan RS (ms):  0.0  0.0
       Avg:   0.0, Min:   0.0, Max:   0.0, Diff:   0.0]
      [Object Copy (ms):  0.2  0.1
       Avg:   0.2, Min:   0.1, Max:   0.2, Diff:   0.2]
      [Termination (ms):  0.0  0.2
       Avg:   0.1, Min:   0.0, Max:   0.2, Diff:   0.2]
         [Termination Attempts : 1 1
          Sum: 2, Avg: 1, Min: 1, Max: 1, Diff: 0]
      [GC Worker End (ms):  13419.0  13419.0
       Avg: 13419.0, Min: 13419.0, Max: 13419.0, Diff:   0.0]
      [GC Worker (ms):  1.3  1.3
       Avg:   1.3, Min:   1.3, Max:   1.3, Diff:   0.0]
      [GC Worker Other (ms):  0.1  0.1
       Avg:   0.1, Min:   0.1, Max:   0.1, Diff:   0.0]
   [Clear CT:   0.0 ms]
   [Other:   0.3 ms]
      [Choose CSet:   0.0 ms]
      [Ref Proc:   0.1 ms]
      [Ref Enq:   0.0 ms]
      [Free CSet:   0.0 ms]
   [Eden: 1024K(101M)->0B(101M) Survivors: 1024K->1024K Heap: 352M(512M)->352M(512M)]
 [Times: user=0.00 sys=0.00, real=0.01 secs] 
13.419: [GC concurrent-root-region-scan-start]
13.419: [GC concurrent-root-region-scan-end, 0.0000870]
13.419: [GC concurrent-mark-start]
13.423: [GC concurrent-mark-end, 0.0030530 sec]
13.432: [GC remark 13.433: [GC ref-proc, 0.0000170 secs], 0.0040980 secs]
 [Times: user=0.01 sys=0.01, real=0.00 secs] 
13.460: [GC pause (young), 0.00134800 secs]
   [Parallel Time:   1.3 ms]
      [GC Worker Start (ms):  13459.9  13460.3
       Avg: 13460.1, Min: 13459.9, Max: 13460.3, Diff:   0.4]
      [Ext Root Scanning (ms):  1.0  0.8
       Avg:   0.9, Min:   0.8, Max:   1.0, Diff:   0.3]
      [SATB Filtering (ms):  0.0  0.0
       Avg:   0.0, Min:   0.0, Max:   0.0, Diff:   0.0]
      [Update RS (ms):  0.0  0.0
       Avg:   0.0, Min:   0.0, Max:   0.0, Diff:   0.0]
         [Processed Buffers : 3 0
          Sum: 3, Avg: 1, Min: 0, Max: 3, Diff: 3]
      [Scan RS (ms):  0.0  0.0
       Avg:   0.0, Min:   0.0, Max:   0.0, Diff:   0.0]
      [Object Copy (ms):  0.1  0.0
       Avg:   0.1, Min:   0.0, Max:   0.1, Diff:   0.0]
      [Termination (ms):  0.0  0.0
       Avg:   0.0, Min:   0.0, Max:   0.0, Diff:   0.0]
         [Termination Attempts : 1 1
          Sum: 2, Avg: 1, Min: 1, Max: 1, Diff: 0]
      [GC Worker End (ms):  13461.1  13461.1
       Avg: 13461.1, Min: 13461.1, Max: 13461.1, Diff:   0.0]
      [GC Worker (ms):  1.2  0.8
       Avg:   1.0, Min:   0.8, Max:   1.2, Diff:   0.4]
      [GC Worker Other (ms):  0.0  0.5
       Avg:   0.3, Min:   0.0, Max:   0.5, Diff:   0.4]
   [Complete CSet Marking:   0.0 ms]
   [Clear CT:   0.0 ms]
   [Other:   0.1 ms]
      [Choose CSet:   0.0 ms]
      [Ref Proc:   0.0 ms]
      [Ref Enq:   0.0 ms]
      [Free CSet:   0.0 ms]
   [Eden: 1024K(101M)->0B(101M) Survivors: 1024K->1024K Heap: 417M(512M)->417M(512M)]
 [Times: user=0.00 sys=0.00, real=0.00 secs] 
13.461: [Full GC 417M->250M(512M), 0.0124000 secs]
 [Times: user=0.01 sys=0.00, real=0.01 secs] 
13.492: [GC cleanup, 0.0000010 secs]
 [Times: user=0.00 sys=0.00, real=0.00 secs] 
13.492: [GC concurrent-mark-abort]
13.511: [GC pause (young) (initial-mark), 0.00186500 secs]
   [Parallel Time:   1.6 ms]
      [GC Worker Start (ms):  13510.7  13510.7
       Avg: 13510.7, Min: 13510.7, Max: 13510.7, Diff:   0.0]
      [Ext Root Scanning (ms):  1.3  1.3
       Avg:   1.3, Min:   1.3, Max:   1.3, Diff:   0.0]
      [Update RS (ms):  0.0  0.0
       Avg:   0.0, Min:   0.0, Max:   0.0, Diff:   0.0]
         [Processed Buffers : 3 0
          Sum: 3, Avg: 1, Min: 0, Max: 3, Diff: 3]
      [Scan RS (ms):  0.0  0.0
       Avg:   0.0, Min:   0.0, Max:   0.0, Diff:   0.0]
      [Object Copy (ms):  0.2  0.2
       Avg:   0.2, Min:   0.2, Max:   0.2, Diff:   0.1]
      [Termination (ms):  0.1  0.0
       Avg:   0.0, Min:   0.0, Max:   0.1, Diff:   0.1]
         [Termination Attempts : 1 1
          Sum: 2, Avg: 1, Min: 1, Max: 1, Diff: 0]
      [GC Worker End (ms):  13512.2  13512.2
       Avg: 13512.2, Min: 13512.2, Max: 13512.2, Diff:   0.0]
      [GC Worker (ms):  1.5  1.5
       Avg:   1.5, Min:   1.5, Max:   1.5, Diff:   0.0]
      [GC Worker Other (ms):  0.1  0.1
       Avg:   0.1, Min:   0.1, Max:   0.1, Diff:   0.0]
   [Clear CT:   0.0 ms]
   [Other:   0.3 ms]
      [Choose CSet:   0.0 ms]
      [Ref Proc:   0.1 ms]
      [Ref Enq:   0.0 ms]
      [Free CSet:   0.0 ms]
   [Eden: 1024K(101M)->0B(142M) Survivors: 0B->1024K Heap: 308M(512M)->308M(512M)]
 [Times: user=0.00 sys=0.00, real=0.00 secs] 
13.512: [GC concurrent-root-region-scan-start]
13.513: [GC concurrent-root-region-scan-end, 0.0000540]
13.513: [GC concurrent-mark-start]
13.516: [GC concurrent-mark-end, 0.0035660 sec]
13.542: [GC remark 13.548: [GC ref-proc, 0.0000190 secs], 0.0084700 secs]
 [Times: user=0.01 sys=0.00, real=0.01 secs] 
13.551: [GC cleanup 352M->285M(512M), 0.0003890 secs]
 [Times: user=0.00 sys=0.00, real=0.00 secs] 
13.551: [GC concurrent-cleanup-start]
13.552: [GC concurrent-cleanup-end, 0.0001340]
13.586: [GC pause (young) (initial-mark), 0.00111600 secs]
   [Parallel Time:   1.0 ms]
      [GC Worker Start (ms):  13585.9  13585.9
       Avg: 13585.9, Min: 13585.9, Max: 13585.9, Diff:   0.0]
      [Ext Root Scanning (ms):  0.7  0.7
       Avg:   0.7, Min:   0.7, Max:   0.7, Diff:   0.1]
      [Update RS (ms):  0.0  0.0
       Avg:   0.0, Min:   0.0, Max:   0.0, Diff:   0.0]
         [Processed Buffers : 6 0
          Sum: 6, Avg: 3, Min: 0, Max: 6, Diff: 6]
      [Scan RS (ms):  0.0  0.0
       Avg:   0.0, Min:   0.0, Max:   0.0, Diff:   0.0]
      [Object Copy (ms):  0.2  0.2
       Avg:   0.2, Min:   0.2, Max:   0.2, Diff:   0.0]
      [Termination (ms):  0.0  0.0
       Avg:   0.0, Min:   0.0, Max:   0.0, Diff:   0.0]
         [Termination Attempts : 1 1
          Sum: 2, Avg: 1, Min: 1, Max: 1, Diff: 0]
      [GC Worker End (ms):  13586.8  13586.8
       Avg: 13586.8, Min: 13586.8, Max: 13586.8, Diff:   0.0]
      [GC Worker (ms):  0.9  0.9
       Avg:   0.9, Min:   0.9, Max:   0.9, Diff:   0.0]
      [GC Worker Other (ms):  0.1  0.1
       Avg:   0.1, Min:   0.1, Max:   0.1, Diff:   0.0]
   [Clear CT:   0.0 ms]
   [Other:   0.1 ms]
      [Choose CSet:   0.0 ms]
      [Ref Proc:   0.0 ms]
      [Ref Enq:   0.0 ms]
      [Free CSet:   0.0 ms]
   [Eden: 1024K(142M)->0B(111M) Survivors: 1024K->1024K Heap: 337M(512M)->337M(512M)]
 [Times: user=0.01 sys=0.00, real=0.00 secs] 
13.587: [GC concurrent-root-region-scan-start]
13.587: [GC concurrent-root-region-scan-end, 0.0000560]
13.587: [GC concurrent-mark-start]
13.589: [GC concurrent-mark-end, 0.0023160 sec]
13.604: [GC remark 13.604: [GC ref-proc, 0.0000160 secs], 0.0059610 secs]
 [Times: user=0.00 sys=0.00, real=0.01 secs] 
13.611: [GC cleanup 369M->263M(512M), 0.0005070 secs]
 [Times: user=0.00 sys=0.00, real=0.00 secs] 
13.611: [GC concurrent-cleanup-start]
13.612: [GC concurrent-cleanup-end, 0.0002000]
13.671: [GC pause (young) (initial-mark), 0.00148500 secs]
   [Parallel Time:   1.2 ms]
      [GC Worker Start (ms):  13671.4  13671.6
       Avg: 13671.5, Min: 13671.4, Max: 13671.6, Diff:   0.1]
      [Ext Root Scanning (ms):  1.0  0.7
       Avg:   0.8, Min:   0.7, Max:   1.0, Diff:   0.3]
      [Update RS (ms):  0.0  0.0
       Avg:   0.0, Min:   0.0, Max:   0.0, Diff:   0.0]
         [Processed Buffers : 0 4
          Sum: 4, Avg: 2, Min: 0, Max: 4, Diff: 4]
      [Scan RS (ms):  0.0  0.0
       Avg:   0.0, Min:   0.0, Max:   0.0, Diff:   0.0]
      [Object Copy (ms):  0.2  0.2
       Avg:   0.2, Min:   0.2, Max:   0.2, Diff:   0.0]
      [Termination (ms):  0.0  0.1
       Avg:   0.0, Min:   0.0, Max:   0.1, Diff:   0.1]
         [Termination Attempts : 1 1
          Sum: 2, Avg: 1, Min: 1, Max: 1, Diff: 0]
      [GC Worker End (ms):  13672.6  13672.6
       Avg: 13672.6, Min: 13672.6, Max: 13672.6, Diff:   0.0]
      [GC Worker (ms):  1.1  1.0
       Avg:   1.1, Min:   1.0, Max:   1.1, Diff:   0.1]
      [GC Worker Other (ms):  0.0  0.2
       Avg:   0.1, Min:   0.0, Max:   0.2, Diff:   0.1]
   [Clear CT:   0.0 ms]
   [Other:   0.3 ms]
      [Choose CSet:   0.0 ms]
      [Ref Proc:   0.1 ms]
      [Ref Enq:   0.0 ms]
      [Free CSet:   0.0 ms]
   [Eden: 1024K(111M)->0B(101M) Survivors: 1024K->1024K Heap: 366M(512M)->366M(512M)]
 [Times: user=0.01 sys=0.00, real=0.00 secs] 
13.673: [GC concurrent-root-region-scan-start]
13.673: [GC concurrent-root-region-scan-end, 0.0001290]
13.673: [GC concurrent-mark-start]
13.675: [GC concurrent-mark-end, 0.0015210 sec]
13.696: [GC remark 13.696: [GC ref-proc, 0.0000210 secs], 0.0038750 secs]
 [Times: user=0.01 sys=0.00, real=0.01 secs] 
13.700: [GC cleanup 409M->376M(512M), 0.0005360 secs]
 [Times: user=0.00 sys=0.00, real=0.00 secs] 
13.701: [GC concurrent-cleanup-start]
13.701: [GC concurrent-cleanup-end, 0.0000660]
13.713: [GC pause (young) (initial-mark), 0.00115800 secs]
   [Parallel Time:   1.0 ms]
      [GC Worker Start (ms):  13713.4  13713.4
       Avg: 13713.4, Min: 13713.4, Max: 13713.4, Diff:   0.0]
      [Ext Root Scanning (ms):  0.7  0.8
       Avg:   0.8, Min:   0.7, Max:   0.8, Diff:   0.0]
      [Update RS (ms):  0.0  0.0
       Avg:   0.0, Min:   0.0, Max:   0.0, Diff:   0.0]
         [Processed Buffers : 2 0
          Sum: 2, Avg: 1, Min: 0, Max: 2, Diff: 2]
      [Scan RS (ms):  0.0  0.0
       Avg:   0.0, Min:   0.0, Max:   0.0, Diff:   0.0]
      [Object Copy (ms):  0.1  0.2
       Avg:   0.2, Min:   0.1, Max:   0.2, Diff:   0.0]
      [Termination (ms):  0.0  0.0
       Avg:   0.0, Min:   0.0, Max:   0.0, Diff:   0.0]
         [Termination Attempts : 1 1
          Sum: 2, Avg: 1, Min: 1, Max: 1, Diff: 0]
      [GC Worker End (ms):  13714.3  13714.3
       Avg: 13714.3, Min: 13714.3, Max: 13714.3, Diff:   0.0]
      [GC Worker (ms):  1.0  0.9
       Avg:   1.0, Min:   0.9, Max:   1.0, Diff:   0.0]
      [GC Worker Other (ms):  0.0  0.1
       Avg:   0.1, Min:   0.0, Max:   0.1, Diff:   0.0]
   [Clear CT:   0.0 ms]
   [Other:   0.1 ms]
      [Choose CSet:   0.0 ms]
      [Ref Proc:   0.0 ms]
      [Ref Enq:   0.0 ms]
      [Free CSet:   0.0 ms]
   [Eden: 1024K(101M)->0B(101M) Survivors: 1024K->1024K Heap: 390M(512M)->390M(512M)]
 [Times: user=0.01 sys=0.00, real=0.00 secs] 
13.715: [GC concurrent-root-region-scan-start]
13.715: [GC concurrent-root-region-scan-end, 0.0000930]
13.715: [GC concurrent-mark-start]
13.725: [GC concurrent-mark-end, 0.0100730 sec]
13.747: [GC remark 13.748: [GC ref-proc, 0.0000160 secs], 0.0030490 secs]
 [Times: user=0.01 sys=0.00, real=0.01 secs] 
13.751: [GC cleanup 451M->335M(512M), 0.0003970 secs]
 [Times: user=0.00 sys=0.00, real=0.00 secs] 
13.751: [GC concurrent-cleanup-start]
13.751: [GC concurrent-cleanup-end, 0.0002570]
13.792: [GC pause (young) (initial-mark), 0.00134700 secs]
   [Parallel Time:   1.1 ms]
      [GC Worker Start (ms):  13792.1  13792.3
       Avg: 13792.2, Min: 13792.1, Max: 13792.3, Diff:   0.2]
      [Ext Root Scanning (ms):  0.8  0.7
       Avg:   0.8, Min:   0.7, Max:   0.8, Diff:   0.1]
      [Update RS (ms):  0.0  0.0
       Avg:   0.0, Min:   0.0, Max:   0.0, Diff:   0.0]
         [Processed Buffers : 2 1
          Sum: 3, Avg: 1, Min: 1, Max: 2, Diff: 1]
      [Scan RS (ms):  0.0  0.0
       Avg:   0.0, Min:   0.0, Max:   0.0, Diff:   0.0]
      [Object Copy (ms):  0.2  0.1
       Avg:   0.2, Min:   0.1, Max:   0.2, Diff:   0.1]
      [Termination (ms):  0.0  0.0
       Avg:   0.0, Min:   0.0, Max:   0.0, Diff:   0.0]
         [Termination Attempts : 1 1
          Sum: 2, Avg: 1, Min: 1, Max: 1, Diff: 0]
      [GC Worker End (ms):  13793.2  13793.2
       Avg: 13793.2, Min: 13793.2, Max: 13793.2, Diff:   0.0]
      [GC Worker (ms):  1.1  0.9
       Avg:   1.0, Min:   0.9, Max:   1.1, Diff:   0.2]
      [GC Worker Other (ms):  0.1  0.2
       Avg:   0.1, Min:   0.1, Max:   0.2, Diff:   0.2]
   [Clear CT:   0.0 ms]
   [Other:   0.2 ms]
      [Choose CSet:   0.0 ms]
      [Ref Proc:   0.1 ms]
      [Ref Enq:   0.0 ms]
      [Free CSet:   0.0 ms]
   [Eden: 1024K(101M)->0B(101M) Survivors: 1024K->1024K Heap: 401M(512M)->401M(512M)]
 [Times: user=0.00 sys=0.00, real=0.00 secs] 
13.793: [GC concurrent-root-region-scan-start]
13.794: [GC concurrent-root-region-scan-end, 0.0003820]
13.794: [GC concurrent-mark-start]
13.800: [GC pause (young), 0.00117000 secs]
   [Parallel Time:   1.0 ms]
      [GC Worker Start (ms):  13799.9  13800.0
       Avg: 13800.0, Min: 13799.9, Max: 13800.0, Diff:   0.0]
      [Ext Root Scanning (ms):  0.9  0.8
       Avg:   0.8, Min:   0.8, Max:   0.9, Diff:   0.1]
      [SATB Filtering (ms):  0.0  0.0
       Avg:   0.0, Min:   0.0, Max:   0.0, Diff:   0.0]
      [Update RS (ms):  0.0  0.0
       Avg:   0.0, Min:   0.0, Max:   0.0, Diff:   0.0]
         [Processed Buffers : 0 3
          Sum: 3, Avg: 1, Min: 0, Max: 3, Diff: 3]
      [Scan RS (ms):  0.0  0.0
       Avg:   0.0, Min:   0.0, Max:   0.0, Diff:   0.0]
      [Object Copy (ms):  0.1  0.1
       Avg:   0.1, Min:   0.1, Max:   0.1, Diff:   0.0]
      [Termination (ms):  0.0  0.1
       Avg:   0.0, Min:   0.0, Max:   0.1, Diff:   0.1]
         [Termination Attempts : 1 1
          Sum: 2, Avg: 1, Min: 1, Max: 1, Diff: 0]
      [GC Worker End (ms):  13800.9  13800.9
       Avg: 13800.9, Min: 13800.9, Max: 13800.9, Diff:   0.0]
      [GC Worker (ms):  1.0  1.0
       Avg:   1.0, Min:   1.0, Max:   1.0, Diff:   0.0]
      [GC Worker Other (ms):  0.0  0.0
       Avg:   0.0, Min:   0.0, Max:   0.0, Diff:   0.0]
   [Complete CSet Marking:   0.0 ms]
   [Clear CT:   0.0 ms]
   [Other:   0.2 ms]
      [Choose CSet:   0.0 ms]
      [Ref Proc:   0.1 ms]
      [Ref Enq:   0.0 ms]
      [Free CSet:   0.0 ms]
   [Eden: 1024K(101M)->0B(101M) Survivors: 1024K->1024K Heap: 414M(512M)->413M(512M)]
 [Times: user=0.00 sys=0.00, real=0.00 secs] 
13.801: [Full GC 413M->267M(512M), 0.0119830 secs]
 [Times: user=0.02 sys=0.00, real=0.01 secs] 
13.814: [GC concurrent-mark-abort]
13.842: [GC pause (young) (initial-mark), 0.00202100 secs]
   [Parallel Time:   1.9 ms]
      [GC Worker Start (ms):  13842.0  13842.0
       Avg: 13842.0, Min: 13842.0, Max: 13842.0, Diff:   0.0]
      [Ext Root Scanning (ms):  1.4  1.6
       Avg:   1.5, Min:   1.4, Max:   1.6, Diff:   0.2]
      [Update RS (ms):  0.0  0.0
       Avg:   0.0, Min:   0.0, Max:   0.0, Diff:   0.0]
         [Processed Buffers : 1 0
          Sum: 1, Avg: 0, Min: 0, Max: 1, Diff: 1]
      [Scan RS (ms):  0.0  0.0
       Avg:   0.0, Min:   0.0, Max:   0.0, Diff:   0.0]
      [Object Copy (ms):  0.2  0.2
       Avg:   0.2, Min:   0.2, Max:   0.2, Diff:   0.0]
      [Termination (ms):  0.2  0.0
       Avg:   0.1, Min:   0.0, Max:   0.2, Diff:   0.2]
         [Termination Attempts : 1 1
          Sum: 2, Avg: 1, Min: 1, Max: 1, Diff: 0]
      [GC Worker End (ms):  13843.8  13843.8
       Avg: 13843.8, Min: 13843.8, Max: 13843.8, Diff:   0.0]
      [GC Worker (ms):  1.8  1.8
       Avg:   1.8, Min:   1.8, Max:   1.8, Diff:   0.0]
      [GC Worker Other (ms):  0.1  0.1
       Avg:   0.1, Min:   0.1, Max:   0.1, Diff:   0.0]
   [Clear CT:   0.0 ms]
   [Other:   0.1 ms]
      [Choose CSet:   0.0 ms]
      [Ref Proc:   0.0 ms]
      [Ref Enq:   0.0 ms]
      [Free CSet:   0.0 ms]
   [Eden: 1024K(101M)->0B(139M) Survivors: 0B->1024K Heap: 310M(512M)->310M(512M)]
 [Times: user=0.00 sys=0.00, real=0.00 secs] 
13.844: [GC concurrent-root-region-scan-start]
13.844: [GC concurrent-root-region-scan-end, 0.0000240]
13.844: [GC concurrent-mark-start]
13.845: [GC concurrent-mark-end, 0.0011710 sec]
13.855: [GC remark 13.855: [GC ref-proc, 0.0000160 secs], 0.0056860 secs]
 [Times: user=0.01 sys=0.01, real=0.01 secs] 
13.861: [GC cleanup 330M->330M(512M), 0.0005400 secs]
 [Times: user=0.00 sys=0.00, real=0.00 secs] 
13.897: [GC pause (young) (initial-mark), 0.00120300 secs]
   [Parallel Time:   1.0 ms]
      [GC Worker Start (ms):  13897.1  13897.1
       Avg: 13897.1, Min: 13897.1, Max: 13897.1, Diff:   0.0]
      [Ext Root Scanning (ms):  0.8  0.8
       Avg:   0.8, Min:   0.8, Max:   0.8, Diff:   0.1]
      [Update RS (ms):  0.0  0.0
       Avg:   0.0, Min:   0.0, Max:   0.0, Diff:   0.0]
         [Processed Buffers : 3 0
          Sum: 3, Avg: 1, Min: 0, Max: 3, Diff: 3]
      [Scan RS (ms):  0.0  0.0
       Avg:   0.0, Min:   0.0, Max:   0.0, Diff:   0.0]
      [Object Copy (ms):  0.2  0.2
       Avg:   0.2, Min:   0.2, Max:   0.2, Diff:   0.0]
      [Termination (ms):  0.0  0.0
       Avg:   0.0, Min:   0.0, Max:   0.0, Diff:   0.0]
         [Termination Attempts : 1 1
          Sum: 2, Avg: 1, Min: 1, Max: 1, Diff: 0]
      [GC Worker End (ms):  13898.1  13898.1
       Avg: 13898.1, Min: 13898.1, Max: 13898.1, Diff:   0.0]
      [GC Worker (ms):  1.0  1.0
       Avg:   1.0, Min:   1.0, Max:   1.0, Diff:   0.0]
      [GC Worker Other (ms):  0.1  0.1
       Avg:   0.1, Min:   0.1, Max:   0.1, Diff:   0.0]
   [Clear CT:   0.0 ms]
   [Other:   0.1 ms]
      [Choose CSet:   0.0 ms]
      [Ref Proc:   0.0 ms]
      [Ref Enq:   0.0 ms]
      [Free CSet:   0.0 ms]
   [Eden: 1024K(139M)->0B(101M) Survivors: 1024K->1024K Heap: 386M(512M)->386M(512M)]
 [Times: user=0.00 sys=0.00, real=0.00 secs] 
13.898: [GC concurrent-root-region-scan-start]
13.898: [GC concurrent-root-region-scan-end, 0.0000390]
13.898: [GC concurrent-mark-start]
13.909: [GC concurrent-mark-end, 0.0108060 sec]
13.917: [GC pause (young), 0.00095400 secs]
   [Parallel Time:   0.9 ms]
      [GC Worker Start (ms):  13917.4  13917.4
       Avg: 13917.4, Min: 13917.4, Max: 13917.4, Diff:   0.0]
      [Ext Root Scanning (ms):  0.8  0.7
       Avg:   0.7, Min:   0.7, Max:   0.8, Diff:   0.1]
      [SATB Filtering (ms):  0.0  0.0
       Avg:   0.0, Min:   0.0, Max:   0.0, Diff:   0.0]
      [Update RS (ms):  0.0  0.0
       Avg:   0.0, Min:   0.0, Max:   0.0, Diff:   0.0]
         [Processed Buffers : 0 4
          Sum: 4, Avg: 2, Min: 0, Max: 4, Diff: 4]
      [Scan RS (ms):  0.0  0.0
       Avg:   0.0, Min:   0.0, Max:   0.0, Diff:   0.0]
      [Object Copy (ms):  0.1  0.0
       Avg:   0.0, Min:   0.0, Max:   0.1, Diff:   0.0]
      [Termination (ms):  0.0  0.0
       Avg:   0.0, Min:   0.0, Max:   0.0, Diff:   0.0]
         [Termination Attempts : 1 1
          Sum: 2, Avg: 1, Min: 1, Max: 1, Diff: 0]
      [GC Worker End (ms):  13918.2  13918.2
       Avg: 13918.2, Min: 13918.2, Max: 13918.2, Diff:   0.0]
      [GC Worker (ms):  0.8  0.8
       Avg:   0.8, Min:   0.8, Max:   0.8, Diff:   0.0]
      [GC Worker Other (ms):  0.0  0.1
       Avg:   0.1, Min:   0.0, Max:   0.1, Diff:   0.0]
   [Complete CSet Marking:   0.0 ms]
   [Clear CT:   0.0 ms]
   [Other:   0.1 ms]
      [Choose CSet:   0.0 ms]
      [Ref Proc:   0.0 ms]
      [Ref Enq:   0.0 ms]
      [Free CSet:   0.0 ms]
   [Eden: 1024K(101M)->0B(101M) Survivors: 1024K->1024K Heap: 422M(512M)->422M(512M)]
 [Times: user=0.01 sys=0.00, real=0.00 secs] 
13.918: [Full GC 422M->226M(512M), 0.0133230 secs]
 [Times: user=0.01 sys=0.00, real=0.02 secs] 
13.997: [GC remark, 0.0000010 secs]
 [Times: user=0.00 sys=0.00, real=0.00 secs] 
13.998: [GC concurrent-mark-abort]
14.034: [GC pause (young) (initial-mark), 0.00214800 secs]
   [Parallel Time:   2.0 ms]
      [GC Worker Start (ms):  14034.4  14034.6
       Avg: 14034.5, Min: 14034.4, Max: 14034.6, Diff:   0.1]
      [Ext Root Scanning (ms):  1.3  1.6
       Avg:   1.4, Min:   1.3, Max:   1.6, Diff:   0.3]
      [Update RS (ms):  0.0  0.0
       Avg:   0.0, Min:   0.0, Max:   0.0, Diff:   0.0]
         [Processed Buffers : 3 0
          Sum: 3, Avg: 1, Min: 0, Max: 3, Diff: 3]
      [Scan RS (ms):  0.0  0.0
       Avg:   0.0, Min:   0.0, Max:   0.0, Diff:   0.0]
      [Object Copy (ms):  0.4  0.2
       Avg:   0.3, Min:   0.2, Max:   0.4, Diff:   0.2]
      [Termination (ms):  0.2  0.0
       Avg:   0.1, Min:   0.0, Max:   0.2, Diff:   0.2]
         [Termination Attempts : 1 1
          Sum: 2, Avg: 1, Min: 1, Max: 1, Diff: 0]
      [GC Worker End (ms):  14036.4  14036.3
       Avg: 14036.3, Min: 14036.3, Max: 14036.4, Diff:   0.0]
      [GC Worker (ms):  1.9  1.8
       Avg:   1.9, Min:   1.8, Max:   1.9, Diff:   0.1]
      [GC Worker Other (ms):  0.0  0.2
       Avg:   0.1, Min:   0.0, Max:   0.2, Diff:   0.1]
   [Clear CT:   0.0 ms]
   [Other:   0.2 ms]
      [Choose CSet:   0.0 ms]
      [Ref Proc:   0.0 ms]
      [Ref Enq:   0.0 ms]
      [Free CSet:   0.0 ms]
   [Eden: 1024K(101M)->0B(101M) Survivors: 0B->1024K Heap: 403M(512M)->403M(512M)]
 [Times: user=0.00 sys=0.00, real=0.00 secs] 
14.037: [GC concurrent-root-region-scan-start]
14.037: [GC concurrent-root-region-scan-end, 0.0000860]
14.037: [GC concurrent-mark-start]
14.070: [GC pause (young), 0.00091300 secs]
   [Parallel Time:   0.8 ms]
      [GC Worker Start (ms):  14070.2  14070.3
       Avg: 14070.2, Min: 14070.2, Max: 14070.3, Diff:   0.0]
      [Ext Root Scanning (ms):  0.7  0.7
       Avg:   0.7, Min:   0.7, Max:   0.7, Diff:   0.1]
      [SATB Filtering (ms):  0.0  0.0
       Avg:   0.0, Min:   0.0, Max:   0.0, Diff:   0.0]
      [Update RS (ms):  0.0  0.0
       Avg:   0.0, Min:   0.0, Max:   0.0, Diff:   0.0]
         [Processed Buffers : 0 4
          Sum: 4, Avg: 2, Min: 0, Max: 4, Diff: 4]
      [Scan RS (ms):  0.0  0.0
       Avg:   0.0, Min:   0.0, Max:   0.0, Diff:   0.0]
      [Object Copy (ms):  0.0  0.1
       Avg:   0.0, Min:   0.0, Max:   0.1, Diff:   0.0]
      [Termination (ms):  0.0  0.0
       Avg:   0.0, Min:   0.0, Max:   0.0, Diff:   0.0]
         [Termination Attempts : 1 1
          Sum: 2, Avg: 1, Min: 1, Max: 1, Diff: 0]
      [GC Worker End (ms):  14071.0  14071.0
       Avg: 14071.0, Min: 14071.0, Max: 14071.0, Diff:   0.0]
      [GC Worker (ms):  0.8  0.8
       Avg:   0.8, Min:   0.8, Max:   0.8, Diff:   0.0]
      [GC Worker Other (ms):  0.0  0.1
       Avg:   0.1, Min:   0.0, Max:   0.1, Diff:   0.0]
   [Complete CSet Marking:   0.0 ms]
   [Clear CT:   0.0 ms]
   [Other:   0.1 ms]
      [Choose CSet:   0.0 ms]
      [Ref Proc:   0.0 ms]
      [Ref Enq:   0.0 ms]
      [Free CSet:   0.0 ms]
   [Eden: 0B(101M)->0B(101M) Survivors: 1024K->1024K Heap: 460M(512M)->460M(512M)]
 [Times: user=0.01 sys=0.00, real=0.00 secs] 
14.071: [Full GC 460M->246M(512M), 0.0136270 secs]
 [Times: user=0.01 sys=0.00, real=0.01 secs] 
14.085: [GC concurrent-mark-abort]
14.111: [GC pause (young) (initial-mark), 0.00211400 secs]
   [Parallel Time:   1.9 ms]
      [GC Worker Start (ms):  14111.4  14111.7
       Avg: 14111.6, Min: 14111.4, Max: 14111.7, Diff:   0.3]
      [Ext Root Scanning (ms):  1.2  1.2
       Avg:   1.2, Min:   1.2, Max:   1.2, Diff:   0.0]
      [Update RS (ms):  0.0  0.0
       Avg:   0.0, Min:   0.0, Max:   0.0, Diff:   0.0]
         [Processed Buffers : 4 0
          Sum: 4, Avg: 2, Min: 0, Max: 4, Diff: 4]
      [Scan RS (ms):  0.0  0.0
       Avg:   0.0, Min:   0.0, Max:   0.0, Diff:   0.0]
      [Object Copy (ms):  0.3  0.3
       Avg:   0.3, Min:   0.3, Max:   0.3, Diff:   0.0]
      [Termination (ms):  0.3  0.0
       Avg:   0.2, Min:   0.0, Max:   0.3, Diff:   0.3]
         [Termination Attempts : 1 1
          Sum: 2, Avg: 1, Min: 1, Max: 1, Diff: 0]
      [GC Worker End (ms):  14113.3  14113.2
       Avg: 14113.2, Min: 14113.2, Max: 14113.3, Diff:   0.0]
      [GC Worker (ms):  1.8  1.5
       Avg:   1.7, Min:   1.5, Max:   1.8, Diff:   0.3]
      [GC Worker Other (ms):  0.0  0.4
       Avg:   0.2, Min:   0.0, Max:   0.4, Diff:   0.3]
   [Clear CT:   0.0 ms]
   [Other:   0.2 ms]
      [Choose CSet:   0.0 ms]
      [Ref Proc:   0.1 ms]
      [Ref Enq:   0.0 ms]
      [Free CSet:   0.0 ms]
   [Eden: 1024K(101M)->0B(166M) Survivors: 0B->1024K Heap: 283M(512M)->283M(512M)]
 [Times: user=0.01 sys=0.00, real=0.00 secs] 
14.114: [GC concurrent-root-region-scan-start]
14.126: [GC concurrent-root-region-scan-end, 0.0121770]
14.126: [GC concurrent-mark-start]
14.134: [GC concurrent-mark-end, 0.0077710 sec]
14.182: [GC remark 14.182: [GC ref-proc, 0.0000170 secs], 0.0036870 secs]
 [Times: user=0.01 sys=0.00, real=0.00 secs] 
14.186: [GC cleanup 406M->406M(512M), 0.0003360 secs]
 [Times: user=0.00 sys=0.00, real=0.00 secs] 
14.200: [GC pause (young) (initial-mark), 0.00123800 secs]
   [Parallel Time:   1.1 ms]
      [GC Worker Start (ms):  14200.2  14200.2
       Avg: 14200.2, Min: 14200.2, Max: 14200.2, Diff:   0.0]
      [Ext Root Scanning (ms):  0.7  0.7
       Avg:   0.7, Min:   0.7, Max:   0.7, Diff:   0.0]
      [Update RS (ms):  0.0  0.0
       Avg:   0.0, Min:   0.0, Max:   0.0, Diff:   0.0]
         [Processed Buffers : 3 0
          Sum: 3, Avg: 1, Min: 0, Max: 3, Diff: 3]
      [Scan RS (ms):  0.0  0.0
       Avg:   0.0, Min:   0.0, Max:   0.0, Diff:   0.0]
      [Object Copy (ms):  0.2  0.3
       Avg:   0.2, Min:   0.2, Max:   0.3, Diff:   0.1]
      [Termination (ms):  0.1  0.0
       Avg:   0.1, Min:   0.0, Max:   0.1, Diff:   0.1]
         [Termination Attempts : 1 1
          Sum: 2, Avg: 1, Min: 1, Max: 1, Diff: 0]
      [GC Worker End (ms):  14201.3  14201.3
       Avg: 14201.3, Min: 14201.3, Max: 14201.3, Diff:   0.0]
      [GC Worker (ms):  1.1  1.0
       Avg:   1.1, Min:   1.0, Max:   1.1, Diff:   0.0]
      [GC Worker Other (ms):  0.0  0.1
       Avg:   0.1, Min:   0.0, Max:   0.1, Diff:   0.0]
   [Clear CT:   0.0 ms]
   [Other:   0.1 ms]
      [Choose CSet:   0.0 ms]
      [Ref Proc:   0.0 ms]
      [Ref Enq:   0.0 ms]
      [Free CSet:   0.0 ms]
   [Eden: 1024K(166M)->0B(101M) Survivors: 1024K->1024K Heap: 422M(512M)->422M(512M)]
 [Times: user=0.01 sys=0.00, real=0.00 secs] 
14.201: [GC concurrent-root-region-scan-start]
14.202: [GC concurrent-root-region-scan-end, 0.0000840]
14.202: [GC concurrent-mark-start]
14.202: [GC pause (young), 0.00068200 secs]
   [Parallel Time:   0.6 ms]
      [GC Worker Start (ms):  14201.7  14201.7
       Avg: 14201.7, Min: 14201.7, Max: 14201.7, Diff:   0.0]
      [Ext Root Scanning (ms):  0.4  0.5
       Avg:   0.5, Min:   0.4, Max:   0.5, Diff:   0.1]
      [SATB Filtering (ms):  0.0  0.0
       Avg:   0.0, Min:   0.0, Max:   0.0, Diff:   0.0]
      [Update RS (ms):  0.0  0.0
       Avg:   0.0, Min:   0.0, Max:   0.0, Diff:   0.0]
         [Processed Buffers : 3 0
          Sum: 3, Avg: 1, Min: 0, Max: 3, Diff: 3]
      [Scan RS (ms):  0.0  0.0
       Avg:   0.0, Min:   0.0, Max:   0.0, Diff:   0.0]
      [Object Copy (ms):  0.0  0.0
       Avg:   0.0, Min:   0.0, Max:   0.0, Diff:   0.0]
      [Termination (ms):  0.1  0.0
       Avg:   0.1, Min:   0.0, Max:   0.1, Diff:   0.1]
         [Termination Attempts : 1 1
          Sum: 2, Avg: 1, Min: 1, Max: 1, Diff: 0]
      [GC Worker End (ms):  14202.3  14202.3
       Avg: 14202.3, Min: 14202.3, Max: 14202.3, Diff:   0.0]
      [GC Worker (ms):  0.6  0.6
       Avg:   0.6, Min:   0.6, Max:   0.6, Diff:   0.0]
      [GC Worker Other (ms):  0.0  0.0
       Avg:   0.0, Min:   0.0, Max:   0.0, Diff:   0.0]
   [Complete CSet Marking:   0.0 ms]
   [Clear CT:   0.0 ms]
   [Other:   0.0 ms]
      [Choose CSet:   0.0 ms]
      [Ref Proc:   0.0 ms]
      [Ref Enq:   0.0 ms]
      [Free CSet:   0.0 ms]
   [Eden: 1024K(101M)->0B(101M) Survivors: 1024K->1024K Heap: 422M(512M)->422M(512M)]
 [Times: user=0.00 sys=0.00, real=0.00 secs] 
14.203: [Full GC 422M->306M(512M), 0.0132190 secs]
 [Times: user=0.01 sys=0.00, real=0.01 secs] 
14.216: [GC concurrent-mark-abort]
14.257: [GC pause (young) (initial-mark), 0.00213600 secs]
   [Parallel Time:   2.0 ms]
      [GC Worker Start (ms):  14257.4  14257.4
       Avg: 14257.4, Min: 14257.4, Max: 14257.4, Diff:   0.0]
      [Ext Root Scanning (ms):  1.7  1.8
       Avg:   1.7, Min:   1.7, Max:   1.8, Diff:   0.2]
      [Update RS (ms):  0.0  0.0
       Avg:   0.0, Min:   0.0, Max:   0.0, Diff:   0.0]
         [Processed Buffers : 0 2
          Sum: 2, Avg: 1, Min: 0, Max: 2, Diff: 2]
      [Scan RS (ms):  0.0  0.0
       Avg:   0.0, Min:   0.0, Max:   0.0, Diff:   0.0]
      [Object Copy (ms):  0.3  0.1
       Avg:   0.2, Min:   0.1, Max:   0.3, Diff:   0.2]
      [Termination (ms):  0.0  0.0
       Avg:   0.0, Min:   0.0, Max:   0.0, Diff:   0.0]
         [Termination Attempts : 1 1
          Sum: 2, Avg: 1, Min: 1, Max: 1, Diff: 0]
      [GC Worker End (ms):  14259.4  14259.4
       Avg: 14259.4, Min: 14259.4, Max: 14259.4, Diff:   0.0]
      [GC Worker (ms):  1.9  1.9
       Avg:   1.9, Min:   1.9, Max:   1.9, Diff:   0.0]
      [GC Worker Other (ms):  0.1  0.1
       Avg:   0.1, Min:   0.1, Max:   0.1, Diff:   0.0]
   [Clear CT:   0.0 ms]
   [Other:   0.1 ms]
      [Choose CSet:   0.0 ms]
      [Ref Proc:   0.0 ms]
      [Ref Enq:   0.0 ms]
      [Free CSet:   0.0 ms]
   [Eden: 1024K(101M)->0B(101M) Survivors: 0B->1024K Heap: 373M(512M)->373M(512M)]
 [Times: user=0.00 sys=0.00, real=0.01 secs] 
14.260: [GC concurrent-root-region-scan-start]
14.260: [GC concurrent-root-region-scan-end, 0.0000510]
14.260: [GC concurrent-mark-start]
14.261: [GC concurrent-mark-end, 0.0015810 sec]
14.270: [GC remark 14.271: [GC ref-proc, 0.0000160 secs], 0.0038660 secs]
 [Times: user=0.01 sys=0.00, real=0.00 secs] 
14.275: [GC cleanup 393M->393M(512M), 0.0004250 secs]
 [Times: user=0.00 sys=0.00, real=0.00 secs] 
14.318: [GC pause (young), 0.00161900 secs]
   [Parallel Time:   1.5 ms]
      [GC Worker Start (ms):  14318.1  14319.4
       Avg: 14318.7, Min: 14318.1, Max: 14319.4, Diff:   1.3]
      [Ext Root Scanning (ms):  1.3  0.0
       Avg:   0.7, Min:   0.0, Max:   1.3, Diff:   1.3]
      [Update RS (ms):  0.0  0.0
       Avg:   0.0, Min:   0.0, Max:   0.0, Diff:   0.0]
         [Processed Buffers : 0 6
          Sum: 6, Avg: 3, Min: 0, Max: 6, Diff: 6]
      [Scan RS (ms):  0.0  0.0
       Avg:   0.0, Min:   0.0, Max:   0.0, Diff:   0.0]
      [Object Copy (ms):  0.1  0.0
       Avg:   0.0, Min:   0.0, Max:   0.1, Diff:   0.1]
      [Termination (ms):  0.0  0.1
       Avg:   0.0, Min:   0.0, Max:   0.1, Diff:   0.1]
         [Termination Attempts : 1 1
          Sum: 2, Avg: 1, Min: 1, Max: 1, Diff: 0]
      [GC Worker End (ms):  14319.5  14319.5
       Avg: 14319.5, Min: 14319.5, Max: 14319.5, Diff:   0.0]
      [GC Worker (ms):  1.4  0.1
       Avg:   0.8, Min:   0.1, Max:   1.4, Diff:   1.3]
      [GC Worker Other (ms):  0.1  1.4
       Avg:   0.7, Min:   0.1, Max:   1.4, Diff:   1.3]
   [Clear CT:   0.0 ms]
   [Other:   0.1 ms]
      [Choose CSet:   0.0 ms]
      [Ref Proc:   0.0 ms]
      [Ref Enq:   0.0 ms]
      [Free CSet:   0.0 ms]
   [Eden: 1024K(101M)->0B(101M) Survivors: 1024K->1024K Heap: 460M(512M)->460M(512M)]
 [Times: user=0.01 sys=0.00, real=0.01 secs] 
14.320: [Full GC 460M->215M(512M), 0.0132300 secs]
 [Times: user=0.01 sys=0.01, real=0.01 secs] 
14.342: [GC pause (young) (initial-mark), 0.00439000 secs]
   [Parallel Time:   3.3 ms]
      [GC Worker Start (ms):  14342.1  14342.5
       Avg: 14342.3, Min: 14342.1, Max: 14342.5, Diff:   0.4]
      [Ext Root Scanning (ms):  3.0  2.7
       Avg:   2.8, Min:   2.7, Max:   3.0, Diff:   0.3]
      [Update RS (ms):  0.0  0.0
       Avg:   0.0, Min:   0.0, Max:   0.0, Diff:   0.0]
         [Processed Buffers : 1 0
          Sum: 1, Avg: 0, Min: 0, Max: 1, Diff: 1]
      [Scan RS (ms):  0.0  0.0
       Avg:   0.0, Min:   0.0, Max:   0.0, Diff:   0.0]
      [Object Copy (ms):  0.2  0.2
       Avg:   0.2, Min:   0.2, Max:   0.2, Diff:   0.0]
      [Termination (ms):  0.0  0.0
       Avg:   0.0, Min:   0.0, Max:   0.0, Diff:   0.0]
         [Termination Attempts : 1 1
          Sum: 2, Avg: 1, Min: 1, Max: 1, Diff: 0]
      [GC Worker End (ms):  14345.4  14345.4
       Avg: 14345.4, Min: 14345.4, Max: 14345.4, Diff:   0.0]
      [GC Worker (ms):  3.3  2.9
       Avg:   3.1, Min:   2.9, Max:   3.3, Diff:   0.4]
      [GC Worker Other (ms):  0.0  0.4
       Avg:   0.2, Min:   0.0, Max:   0.4, Diff:   0.4]
   [Clear CT:   0.0 ms]
   [Other:   1.1 ms]
      [Choose CSet:   0.0 ms]
      [Ref Proc:   0.9 ms]
      [Ref Enq:   0.0 ms]
      [Free CSet:   0.0 ms]
   [Eden: 1024K(101M)->0B(219M) Survivors: 0B->1024K Heap: 231M(512M)->231M(512M)]
 [Times: user=0.00 sys=0.00, real=0.00 secs] 
14.346: [GC concurrent-root-region-scan-start]
14.346: [GC concurrent-root-region-scan-end, 0.0000190]
14.346: [GC concurrent-mark-start]
14.348: [GC concurrent-mark-end, 0.0013260 sec]
14.361: [GC remark 14.361: [GC ref-proc, 0.0000180 secs], 0.0035680 secs]
 [Times: user=0.01 sys=0.00, real=0.00 secs] 
14.365: [GC cleanup 256M->256M(512M), 0.0004270 secs]
 [Times: user=0.00 sys=0.00, real=0.00 secs] 
14.396: [GC pause (young) (initial-mark), 0.00143300 secs]
   [Parallel Time:   1.3 ms]
      [GC Worker Start (ms):  14395.9  14395.9
       Avg: 14395.9, Min: 14395.9, Max: 14395.9, Diff:   0.0]
      [Ext Root Scanning (ms):  0.9  1.0
       Avg:   0.9, Min:   0.9, Max:   1.0, Diff:   0.1]
      [Update RS (ms):  0.0  0.0
       Avg:   0.0, Min:   0.0, Max:   0.0, Diff:   0.0]
         [Processed Buffers : 6 0
          Sum: 6, Avg: 3, Min: 0, Max: 6, Diff: 6]
      [Scan RS (ms):  0.0  0.0
       Avg:   0.0, Min:   0.0, Max:   0.0, Diff:   0.0]
      [Object Copy (ms):  0.2  0.2
       Avg:   0.2, Min:   0.2, Max:   0.2, Diff:   0.0]
      [Termination (ms):  0.1  0.0
       Avg:   0.1, Min:   0.0, Max:   0.1, Diff:   0.1]
         [Termination Attempts : 1 1
          Sum: 2, Avg: 1, Min: 1, Max: 1, Diff: 0]
      [GC Worker End (ms):  14397.1  14397.1
       Avg: 14397.1, Min: 14397.1, Max: 14397.1, Diff:   0.0]
      [GC Worker (ms):  1.2  1.2
       Avg:   1.2, Min:   1.2, Max:   1.2, Diff:   0.0]
      [GC Worker Other (ms):  0.1  0.1
       Avg:   0.1, Min:   0.1, Max:   0.1, Diff:   0.0]
   [Clear CT:   0.0 ms]
   [Other:   0.2 ms]
      [Choose CSet:   0.0 ms]
      [Ref Proc:   0.0 ms]
      [Ref Enq:   0.0 ms]
      [Free CSet:   0.0 ms]
   [Eden: 1024K(219M)->0B(145M) Survivors: 1024K->1024K Heap: 303M(512M)->303M(512M)]
 [Times: user=0.00 sys=0.00, real=0.00 secs] 
14.397: [GC concurrent-root-region-scan-start]
14.397: [GC concurrent-root-region-scan-end, 0.0000610]
14.397: [GC concurrent-mark-start]
14.411: [GC concurrent-mark-end, 0.0133340 sec]
14.433: [GC remark 14.433: [GC ref-proc, 0.0000150 secs], 0.0034540 secs]
 [Times: user=0.01 sys=0.00, real=0.00 secs] 
14.437: [GC cleanup 368M->306M(512M), 0.0006510 secs]
 [Times: user=0.00 sys=0.00, real=0.00 secs] 
14.438: [GC concurrent-cleanup-start]
14.438: [GC concurrent-cleanup-end, 0.0001190]
14.456: [GC pause (young) (initial-mark), 0.00122500 secs]
   [Parallel Time:   1.1 ms]
      [GC Worker Start (ms):  14455.8  14455.9
       Avg: 14455.8, Min: 14455.8, Max: 14455.9, Diff:   0.0]
      [Ext Root Scanning (ms):  0.8  0.8
       Avg:   0.8, Min:   0.8, Max:   0.8, Diff:   0.0]
      [Update RS (ms):  0.0  0.0
       Avg:   0.0, Min:   0.0, Max:   0.0, Diff:   0.0]
         [Processed Buffers : 2 4
          Sum: 6, Avg: 3, Min: 2, Max: 4, Diff: 2]
      [Scan RS (ms):  0.0  0.0
       Avg:   0.0, Min:   0.0, Max:   0.0, Diff:   0.0]
      [Object Copy (ms):  0.2  0.2
       Avg:   0.2, Min:   0.2, Max:   0.2, Diff:   0.0]
      [Termination (ms):  0.0  0.0
       Avg:   0.0, Min:   0.0, Max:   0.0, Diff:   0.0]
         [Termination Attempts : 1 1
          Sum: 2, Avg: 1, Min: 1, Max: 1, Diff: 0]
      [GC Worker End (ms):  14456.8  14456.8
       Avg: 14456.8, Min: 14456.8, Max: 14456.8, Diff:   0.0]
      [GC Worker (ms):  1.0  1.0
       Avg:   1.0, Min:   1.0, Max:   1.0, Diff:   0.0]
      [GC Worker Other (ms):  0.0  0.1
       Avg:   0.1, Min:   0.0, Max:   0.1, Diff:   0.0]
   [Clear CT:   0.0 ms]
   [Other:   0.2 ms]
      [Choose CSet:   0.0 ms]
      [Ref Proc:   0.0 ms]
      [Ref Enq:   0.0 ms]
      [Free CSet:   0.0 ms]
   [Eden: 1024K(145M)->0B(117M) Survivors: 1024K->1024K Heap: 330M(512M)->330M(512M)]
 [Times: user=0.00 sys=0.00, real=0.00 secs] 
14.457: [GC concurrent-root-region-scan-start]
14.457: [GC concurrent-root-region-scan-end, 0.0000790]
14.457: [GC concurrent-mark-start]
14.459: [GC concurrent-mark-end, 0.0023670 sec]
14.470: [GC remark 14.470: [GC ref-proc, 0.0000180 secs], 0.0031690 secs]
 [Times: user=0.00 sys=0.00, real=0.00 secs] 
14.526: [GC pause (young), 0.00291100 secs]
   [Parallel Time:   2.7 ms]
      [GC Worker Start (ms):  14526.0  14527.1
       Avg: 14526.5, Min: 14526.0, Max: 14527.1, Diff:   1.1]
      [Ext Root Scanning (ms):  1.4  1.4
       Avg:   1.4, Min:   1.4, Max:   1.4, Diff:   0.0]
      [SATB Filtering (ms):  0.0  0.0
       Avg:   0.0, Min:   0.0, Max:   0.0, Diff:   0.0]
      [Update RS (ms):  0.0  0.0
       Avg:   0.0, Min:   0.0, Max:   0.0, Diff:   0.0]
         [Processed Buffers : 5 0
          Sum: 5, Avg: 2, Min: 0, Max: 5, Diff: 5]
      [Scan RS (ms):  0.0  0.0
       Avg:   0.0, Min:   0.0, Max:   0.0, Diff:   0.0]
      [Object Copy (ms):  0.1  0.0
       Avg:   0.0, Min:   0.0, Max:   0.1, Diff:   0.1]
      [Termination (ms):  1.2  0.0
       Avg:   0.6, Min:   0.0, Max:   1.2, Diff:   1.2]
         [Termination Attempts : 1 1
          Sum: 2, Avg: 1, Min: 1, Max: 1, Diff: 0]
      [GC Worker End (ms):  14528.7  14528.5
       Avg: 14528.6, Min: 14528.5, Max: 14528.7, Diff:   0.2]
      [GC Worker (ms):  2.7  1.4
       Avg:   2.1, Min:   1.4, Max:   2.7, Diff:   1.3]
      [GC Worker Other (ms):  0.0  1.3
       Avg:   0.7, Min:   0.0, Max:   1.3, Diff:   1.3]
   [Complete CSet Marking:   0.0 ms]
   [Clear CT:   0.0 ms]
   [Other:   0.2 ms]
      [Choose CSet:   0.0 ms]
      [Ref Proc:   0.1 ms]
      [Ref Enq:   0.0 ms]
      [Free CSet:   0.0 ms]
   [Eden: 1024K(117M)->0B(101M) Survivors: 1024K->1024K Heap: 441M(512M)->441M(512M)]
 [Times: user=0.01 sys=0.00, real=0.01 secs] 
14.529: [Full GC 441M->286M(512M), 0.0126090 secs]
 [Times: user=0.01 sys=0.00, real=0.01 secs] 
14.607: [GC cleanup, 0.0000020 secs]
 [Times: user=0.00 sys=0.00, real=0.00 secs] 
14.607: [GC concurrent-mark-abort]
14.617: [GC pause (young), 0.00195800 secs]
   [Parallel Time:   1.7 ms]
      [GC Worker Start (ms):  14617.2  14617.2
       Avg: 14617.2, Min: 14617.2, Max: 14617.2, Diff:   0.0]
      [Ext Root Scanning (ms):  1.3  1.6
       Avg:   1.5, Min:   1.3, Max:   1.6, Diff:   0.3]
      [Update RS (ms):  0.0  0.0
       Avg:   0.0, Min:   0.0, Max:   0.0, Diff:   0.0]
         [Processed Buffers : 5 0
          Sum: 5, Avg: 2, Min: 0, Max: 5, Diff: 5]
      [Scan RS (ms):  0.0  0.0
       Avg:   0.0, Min:   0.0, Max:   0.0, Diff:   0.0]
      [Object Copy (ms):  0.1  0.0
       Avg:   0.1, Min:   0.0, Max:   0.1, Diff:   0.0]
      [Termination (ms):  0.3  0.0
       Avg:   0.1, Min:   0.0, Max:   0.3, Diff:   0.3]
         [Termination Attempts : 1 1
          Sum: 2, Avg: 1, Min: 1, Max: 1, Diff: 0]
      [GC Worker End (ms):  14618.9  14618.8
       Avg: 14618.8, Min: 14618.8, Max: 14618.9, Diff:   0.0]
      [GC Worker (ms):  1.7  1.7
       Avg:   1.7, Min:   1.7, Max:   1.7, Diff:   0.0]
      [GC Worker Other (ms):  0.1  0.1
       Avg:   0.1, Min:   0.1, Max:   0.1, Diff:   0.0]
   [Clear CT:   0.0 ms]
   [Other:   0.2 ms]
      [Choose CSet:   0.0 ms]
      [Ref Proc:   0.2 ms]
      [Ref Enq:   0.0 ms]
      [Free CSet:   0.0 ms]
   [Eden: 1024K(101M)->0B(101M) Survivors: 0B->1024K Heap: 417M(512M)->417M(512M)]
 [Times: user=0.00 sys=0.00, real=0.01 secs] 
14.637: [Full GC 443M->205M(512M), 0.0134490 secs]
 [Times: user=0.02 sys=0.00, real=0.02 secs] 
14.688: [GC pause (young) (initial-mark), 0.00322200 secs]
   [Parallel Time:   3.0 ms]
      [GC Worker Start (ms):  14687.8  14688.7
       Avg: 14688.3, Min: 14687.8, Max: 14688.7, Diff:   0.9]
      [Ext Root Scanning (ms):  2.4  1.9
       Avg:   2.2, Min:   1.9, Max:   2.4, Diff:   0.5]
      [Update RS (ms):  0.0  0.0
       Avg:   0.0, Min:   0.0, Max:   0.0, Diff:   0.0]
         [Processed Buffers : 2 0
          Sum: 2, Avg: 1, Min: 0, Max: 2, Diff: 2]
      [Scan RS (ms):  0.0  0.0
       Avg:   0.0, Min:   0.0, Max:   0.0, Diff:   0.0]
      [Object Copy (ms):  0.3  0.2
       Avg:   0.2, Min:   0.2, Max:   0.3, Diff:   0.0]
      [Termination (ms):  0.3  0.0
       Avg:   0.1, Min:   0.0, Max:   0.3, Diff:   0.3]
         [Termination Attempts : 1 1
          Sum: 2, Avg: 1, Min: 1, Max: 1, Diff: 0]
      [GC Worker End (ms):  14690.8  14690.8
       Avg: 14690.8, Min: 14690.8, Max: 14690.8, Diff:   0.0]
      [GC Worker (ms):  3.0  2.2
       Avg:   2.6, Min:   2.2, Max:   3.0, Diff:   0.9]
      [GC Worker Other (ms):  0.0  0.9
       Avg:   0.5, Min:   0.0, Max:   0.9, Diff:   0.9]
   [Clear CT:   0.0 ms]
   [Other:   0.2 ms]
      [Choose CSet:   0.0 ms]
      [Ref Proc:   0.0 ms]
      [Ref Enq:   0.0 ms]
      [Free CSet:   0.0 ms]
   [Eden: 1024K(101M)->0B(174M) Survivors: 0B->1024K Heap: 275M(512M)->275M(512M)]
 [Times: user=0.00 sys=0.00, real=0.01 secs] 
14.691: [GC concurrent-root-region-scan-start]
14.691: [GC concurrent-root-region-scan-end, 0.0000230]
14.691: [GC concurrent-mark-start]
14.692: [GC concurrent-mark-end, 0.0013670 sec]
14.703: [GC remark 14.703: [GC ref-proc, 0.0000150 secs], 0.0028680 secs]
 [Times: user=0.01 sys=0.00, real=0.00 secs] 
14.706: [GC cleanup 297M->272M(512M), 0.0004920 secs]
 [Times: user=0.00 sys=0.00, real=0.00 secs] 
14.706: [GC concurrent-cleanup-start]
14.706: [GC concurrent-cleanup-end, 0.0000610]
14.739: [GC pause (young) (initial-mark), 0.00254900 secs]
   [Parallel Time:   2.3 ms]
      [GC Worker Start (ms):  14739.3  14739.4
       Avg: 14739.3, Min: 14739.3, Max: 14739.4, Diff:   0.2]
      [Ext Root Scanning (ms):  1.5  1.0
       Avg:   1.2, Min:   1.0, Max:   1.5, Diff:   0.5]
      [Update RS (ms):  0.0  0.0
       Avg:   0.0, Min:   0.0, Max:   0.0, Diff:   0.0]
         [Processed Buffers : 5 0
          Sum: 5, Avg: 2, Min: 0, Max: 5, Diff: 5]
      [Scan RS (ms):  0.0  0.0
       Avg:   0.0, Min:   0.0, Max:   0.0, Diff:   0.0]
      [Object Copy (ms):  0.7  1.1
       Avg:   0.9, Min:   0.7, Max:   1.1, Diff:   0.4]
      [Termination (ms):  0.1  0.0
       Avg:   0.0, Min:   0.0, Max:   0.1, Diff:   0.1]
         [Termination Attempts : 1 1
          Sum: 2, Avg: 1, Min: 1, Max: 1, Diff: 0]
      [GC Worker End (ms):  14741.6  14741.6
       Avg: 14741.6, Min: 14741.6, Max: 14741.6, Diff:   0.0]
      [GC Worker (ms):  2.3  2.1
       Avg:   2.2, Min:   2.1, Max:   2.3, Diff:   0.2]
      [GC Worker Other (ms):  0.0  0.2
       Avg:   0.1, Min:   0.0, Max:   0.2, Diff:   0.2]
   [Clear CT:   0.0 ms]
   [Other:   0.2 ms]
      [Choose CSet:   0.0 ms]
      [Ref Proc:   0.0 ms]
      [Ref Enq:   0.0 ms]
      [Free CSet:   0.0 ms]
   [Eden: 1024K(174M)->0B(125M) Survivors: 1024K->1024K Heap: 324M(512M)->323M(512M)]
 [Times: user=0.00 sys=0.00, real=0.00 secs] 
14.742: [GC concurrent-root-region-scan-start]
14.742: [GC concurrent-root-region-scan-end, 0.0000500]
14.742: [GC concurrent-mark-start]
14.744: [GC concurrent-mark-end, 0.0024620 sec]
14.759: [GC remark 14.759: [GC ref-proc, 0.0000160 secs], 0.0024170 secs]
 [Times: user=0.00 sys=0.00, real=0.00 secs] 
14.818: [GC pause (young), 0.00163800 secs]
   [Parallel Time:   1.5 ms]
      [GC Worker Start (ms):  14818.1  14819.2
       Avg: 14818.7, Min: 14818.1, Max: 14819.2, Diff:   1.2]
      [Ext Root Scanning (ms):  1.2  0.3
       Avg:   0.7, Min:   0.3, Max:   1.2, Diff:   1.0]
      [SATB Filtering (ms):  0.0  0.0
       Avg:   0.0, Min:   0.0, Max:   0.0, Diff:   0.0]
      [Update RS (ms):  0.0  0.0
       Avg:   0.0, Min:   0.0, Max:   0.0, Diff:   0.0]
         [Processed Buffers : 3 1
          Sum: 4, Avg: 2, Min: 1, Max: 3, Diff: 2]
      [Scan RS (ms):  0.0  0.0
       Avg:   0.0, Min:   0.0, Max:   0.0, Diff:   0.0]
      [Object Copy (ms):  0.2  0.0
       Avg:   0.1, Min:   0.0, Max:   0.2, Diff:   0.1]
      [Termination (ms):  0.0  0.0
       Avg:   0.0, Min:   0.0, Max:   0.0, Diff:   0.0]
         [Termination Attempts : 1 1
          Sum: 2, Avg: 1, Min: 1, Max: 1, Diff: 0]
      [GC Worker End (ms):  14819.5  14819.5
       Avg: 14819.5, Min: 14819.5, Max: 14819.5, Diff:   0.0]
      [GC Worker (ms):  1.4  0.3
       Avg:   0.9, Min:   0.3, Max:   1.4, Diff:   1.2]
      [GC Worker Other (ms):  0.0  1.2
       Avg:   0.6, Min:   0.0, Max:   1.2, Diff:   1.1]
   [Complete CSet Marking:   0.0 ms]
   [Clear CT:   0.0 ms]
   [Other:   0.1 ms]
      [Choose CSet:   0.0 ms]
      [Ref Proc:   0.1 ms]
      [Ref Enq:   0.0 ms]
      [Free CSet:   0.0 ms]
   [Eden: 1024K(125M)->0B(101M) Survivors: 1024K->1024K Heap: 453M(512M)->453M(512M)]
 [Times: user=0.01 sys=0.00, real=0.01 secs] 
14.820: [GC cleanup 453M->328M(512M), 0.0003600 secs]
 [Times: user=0.00 sys=0.00, real=0.00 secs] 
14.820: [GC concurrent-cleanup-start]
14.821: [GC concurrent-cleanup-end, 0.0002220]
14.887: [GC pause (young) (initial-mark), 0.00113700 secs]
   [Parallel Time:   1.0 ms]
      [GC Worker Start (ms):  14886.8  14886.8
       Avg: 14886.8, Min: 14886.8, Max: 14886.8, Diff:   0.0]
      [Ext Root Scanning (ms):  0.7  0.8
       Avg:   0.7, Min:   0.7, Max:   0.8, Diff:   0.0]
      [Update RS (ms):  0.0  0.0
       Avg:   0.0, Min:   0.0, Max:   0.0, Diff:   0.0]
         [Processed Buffers : 4 0
          Sum: 4, Avg: 2, Min: 0, Max: 4, Diff: 4]
      [Scan RS (ms):  0.0  0.0
       Avg:   0.0, Min:   0.0, Max:   0.0, Diff:   0.0]
      [Object Copy (ms):  0.2  0.2
       Avg:   0.2, Min:   0.2, Max:   0.2, Diff:   0.0]
      [Termination (ms):  0.0  0.0
       Avg:   0.0, Min:   0.0, Max:   0.0, Diff:   0.0]
         [Termination Attempts : 1 1
          Sum: 2, Avg: 1, Min: 1, Max: 1, Diff: 0]
      [GC Worker End (ms):  14887.8  14887.8
       Avg: 14887.8, Min: 14887.8, Max: 14887.8, Diff:   0.0]
      [GC Worker (ms):  1.0  0.9
       Avg:   1.0, Min:   0.9, Max:   1.0, Diff:   0.0]
      [GC Worker Other (ms):  0.1  0.1
       Avg:   0.1, Min:   0.1, Max:   0.1, Diff:   0.0]
   [Clear CT:   0.0 ms]
   [Other:   0.1 ms]
      [Choose CSet:   0.0 ms]
      [Ref Proc:   0.0 ms]
      [Ref Enq:   0.0 ms]
      [Free CSet:   0.0 ms]
   [Eden: 1024K(101M)->0B(101M) Survivors: 1024K->1024K Heap: 437M(512M)->437M(512M)]
 [Times: user=0.00 sys=0.00, real=0.00 secs] 
14.888: [GC concurrent-root-region-scan-start]
14.888: [GC concurrent-root-region-scan-end, 0.0001020]
14.888: [GC concurrent-mark-start]
14.888: [Full GC 437M->374M(512M), 0.0129280 secs]
 [Times: user=0.01 sys=0.00, real=0.02 secs] 
14.901: [GC concurrent-mark-abort]
14.917: [GC pause (young) (initial-mark), 0.00297700 secs]
   [Parallel Time:   2.8 ms]
      [GC Worker Start (ms):  14917.2  14919.6
       Avg: 14918.4, Min: 14917.2, Max: 14919.6, Diff:   2.4]
      [Ext Root Scanning (ms):  2.3  0.0
       Avg:   1.2, Min:   0.0, Max:   2.3, Diff:   2.3]
      [Update RS (ms):  0.0  0.1
       Avg:   0.0, Min:   0.0, Max:   0.1, Diff:   0.1]
         [Processed Buffers : 0 4
          Sum: 4, Avg: 2, Min: 0, Max: 4, Diff: 4]
      [Scan RS (ms):  0.0  0.0
       Avg:   0.0, Min:   0.0, Max:   0.0, Diff:   0.0]
      [Object Copy (ms):  0.4  0.0
       Avg:   0.2, Min:   0.0, Max:   0.4, Diff:   0.4]
      [Termination (ms):  0.0  0.2
       Avg:   0.1, Min:   0.0, Max:   0.2, Diff:   0.2]
         [Termination Attempts : 1 1
          Sum: 2, Avg: 1, Min: 1, Max: 1, Diff: 0]
      [GC Worker End (ms):  14919.9  14919.9
       Avg: 14919.9, Min: 14919.9, Max: 14919.9, Diff:   0.0]
      [GC Worker (ms):  2.7  0.3
       Avg:   1.5, Min:   0.3, Max:   2.7, Diff:   2.4]
      [GC Worker Other (ms):  0.1  2.5
       Avg:   1.3, Min:   0.1, Max:   2.5, Diff:   2.4]
   [Clear CT:   0.0 ms]
   [Other:   0.2 ms]
      [Choose CSet:   0.0 ms]
      [Ref Proc:   0.0 ms]
      [Ref Enq:   0.0 ms]
      [Free CSet:   0.0 ms]
   [Eden: 1024K(101M)->0B(101M) Survivors: 0B->1024K Heap: 394M(512M)->394M(512M)]
 [Times: user=0.00 sys=0.00, real=0.01 secs] 
14.920: [GC concurrent-root-region-scan-start]
14.920: [GC concurrent-root-region-scan-end, 0.0000770]
14.920: [GC concurrent-mark-start]
14.923: [GC concurrent-mark-end, 0.0030220 sec]
14.934: [GC remark 14.934: [GC ref-proc, 0.0000160 secs], 0.0037840 secs]
 [Times: user=0.00 sys=0.00, real=0.00 secs] 
14.938: [GC cleanup 422M->279M(512M), 0.0004410 secs]
 [Times: user=0.00 sys=0.00, real=0.00 secs] 
14.939: [GC concurrent-cleanup-start]
14.939: [GC concurrent-cleanup-end, 0.0003370]
14.956: [GC pause (young) (initial-mark), 0.00155400 secs]
   [Parallel Time:   1.2 ms]
      [GC Worker Start (ms):  14956.4  14956.4
       Avg: 14956.4, Min: 14956.4, Max: 14956.4, Diff:   0.0]
      [Ext Root Scanning (ms):  0.8  1.0
       Avg:   0.9, Min:   0.8, Max:   1.0, Diff:   0.2]
      [Update RS (ms):  0.0  0.0
       Avg:   0.0, Min:   0.0, Max:   0.0, Diff:   0.0]
         [Processed Buffers : 5 0
          Sum: 5, Avg: 2, Min: 0, Max: 5, Diff: 5]
      [Scan RS (ms):  0.0  0.0
       Avg:   0.0, Min:   0.0, Max:   0.0, Diff:   0.0]
      [Object Copy (ms):  0.2  0.2
       Avg:   0.2, Min:   0.2, Max:   0.2, Diff:   0.0]
      [Termination (ms):  0.1  0.0
       Avg:   0.1, Min:   0.0, Max:   0.1, Diff:   0.1]
         [Termination Attempts : 1 1
          Sum: 2, Avg: 1, Min: 1, Max: 1, Diff: 0]
      [GC Worker End (ms):  14957.6  14957.6
       Avg: 14957.6, Min: 14957.6, Max: 14957.6, Diff:   0.0]
      [GC Worker (ms):  1.2  1.2
       Avg:   1.2, Min:   1.2, Max:   1.2, Diff:   0.0]
      [GC Worker Other (ms):  0.1  0.1
       Avg:   0.1, Min:   0.1, Max:   0.1, Diff:   0.0]
   [Clear CT:   0.0 ms]
   [Other:   0.3 ms]
      [Choose CSet:   0.0 ms]
      [Ref Proc:   0.2 ms]
      [Ref Enq:   0.0 ms]
      [Free CSet:   0.0 ms]
   [Eden: 1024K(101M)->0B(147M) Survivors: 1024K->1024K Heap: 303M(512M)->303M(512M)]
 [Times: user=0.00 sys=0.00, real=0.00 secs] 
14.958: [GC concurrent-root-region-scan-start]
14.958: [GC concurrent-root-region-scan-end, 0.0000810]
14.958: [GC concurrent-mark-start]
14.960: [GC concurrent-mark-end, 0.0023070 sec]
14.980: [GC remark 14.980: [GC ref-proc, 0.0000170 secs], 0.0028170 secs]
 [Times: user=0.00 sys=0.00, real=0.00 secs] 
14.983: [GC cleanup 344M->244M(512M), 0.0004850 secs]
 [Times: user=0.00 sys=0.00, real=0.00 secs] 
14.983: [GC concurrent-cleanup-start]
14.984: [GC concurrent-cleanup-end, 0.0002120]
14.998: [GC pause (young) (initial-mark), 0.00128500 secs]
   [Parallel Time:   1.1 ms]
      [GC Worker Start (ms):  14998.3  14998.3
       Avg: 14998.3, Min: 14998.3, Max: 14998.3, Diff:   0.0]
      [Ext Root Scanning (ms):  0.7  0.8
       Avg:   0.8, Min:   0.7, Max:   0.8, Diff:   0.1]
      [Update RS (ms):  0.0  0.0
       Avg:   0.0, Min:   0.0, Max:   0.0, Diff:   0.0]
         [Processed Buffers : 4 0
          Sum: 4, Avg: 2, Min: 0, Max: 4, Diff: 4]
      [Scan RS (ms):  0.0  0.0
       Avg:   0.0, Min:   0.0, Max:   0.0, Diff:   0.0]
      [Object Copy (ms):  0.2  0.2
       Avg:   0.2, Min:   0.2, Max:   0.2, Diff:   0.0]
      [Termination (ms):  0.1  0.0
       Avg:   0.0, Min:   0.0, Max:   0.1, Diff:   0.1]
         [Termination Attempts : 1 1
          Sum: 2, Avg: 1, Min: 1, Max: 1, Diff: 0]
      [GC Worker End (ms):  14999.3  14999.3
       Avg: 14999.3, Min: 14999.3, Max: 14999.3, Diff:   0.0]
      [GC Worker (ms):  1.0  1.0
       Avg:   1.0, Min:   1.0, Max:   1.0, Diff:   0.0]
      [GC Worker Other (ms):  0.1  0.1
       Avg:   0.1, Min:   0.1, Max:   0.1, Diff:   0.0]
   [Clear CT:   0.0 ms]
   [Other:   0.2 ms]
      [Choose CSet:   0.0 ms]
      [Ref Proc:   0.1 ms]
      [Ref Enq:   0.0 ms]
      [Free CSet:   0.0 ms]
   [Eden: 1024K(147M)->0B(188M) Survivors: 1024K->1024K Heap: 261M(512M)->261M(512M)]
 [Times: user=0.01 sys=0.00, real=0.01 secs] 
15.000: [GC concurrent-root-region-scan-start]
15.000: [GC concurrent-root-region-scan-end, 0.0001800]
15.000: [GC concurrent-mark-start]
15.011: [GC concurrent-mark-end, 0.0108560 sec]
15.134: [GC pause (young), 0.00238500 secs]
   [Parallel Time:   2.2 ms]
      [GC Worker Start (ms):  15134.1  15136.3
       Avg: 15135.2, Min: 15134.1, Max: 15136.3, Diff:   2.2]
      [Ext Root Scanning (ms):  1.9  0.0
       Avg:   0.9, Min:   0.0, Max:   1.9, Diff:   1.8]
      [SATB Filtering (ms):  0.0  0.0
       Avg:   0.0, Min:   0.0, Max:   0.0, Diff:   0.0]
      [Update RS (ms):  0.0  0.0
       Avg:   0.0, Min:   0.0, Max:   0.0, Diff:   0.0]
         [Processed Buffers : 4 0
          Sum: 4, Avg: 2, Min: 0, Max: 4, Diff: 4]
      [Scan RS (ms):  0.0  0.0
       Avg:   0.0, Min:   0.0, Max:   0.0, Diff:   0.0]
      [Object Copy (ms):  0.1  0.0
       Avg:   0.0, Min:   0.0, Max:   0.1, Diff:   0.1]
      [Termination (ms):  0.2  0.0
       Avg:   0.1, Min:   0.0, Max:   0.2, Diff:   0.2]
         [Termination Attempts : 1 1
          Sum: 2, Avg: 1, Min: 1, Max: 1, Diff: 0]
      [GC Worker End (ms):  15136.3  15136.3
       Avg: 15136.3, Min: 15136.3, Max: 15136.3, Diff:   0.0]
      [GC Worker (ms):  2.2  0.0
       Avg:   1.1, Min:   0.0, Max:   2.2, Diff:   2.2]
      [GC Worker Other (ms):  0.0  2.2
       Avg:   1.1, Min:   0.0, Max:   2.2, Diff:   2.2]
   [Complete CSet Marking:   0.0 ms]
   [Clear CT:   0.0 ms]
   [Other:   0.2 ms]
      [Choose CSet:   0.0 ms]
      [Ref Proc:   0.1 ms]
      [Ref Enq:   0.0 ms]
      [Free CSet:   0.0 ms]
   [Eden: 1024K(188M)->0B(101M) Survivors: 1024K->1024K Heap: 438M(512M)->438M(512M)]
 [Times: user=0.01 sys=0.00, real=0.00 secs] 
15.137: [Full GC 438M->365M(512M), 0.0127570 secs]
 [Times: user=0.01 sys=0.00, real=0.02 secs] 
15.182: [GC remark, 0.0000020 secs]
 [Times: user=0.00 sys=0.00, real=0.00 secs] 
15.182: [GC concurrent-mark-abort]
15.202: [GC pause (young), 0.00580800 secs]
   [Parallel Time:   5.6 ms]
      [GC Worker Start (ms):  15202.2  15204.7
       Avg: 15203.4, Min: 15202.2, Max: 15204.7, Diff:   2.5]
      [Ext Root Scanning (ms):  2.2  0.0
       Avg:   1.1, Min:   0.0, Max:   2.2, Diff:   2.2]
      [Update RS (ms):  0.0  0.0
       Avg:   0.0, Min:   0.0, Max:   0.0, Diff:   0.0]
         [Processed Buffers : 2 0
          Sum: 2, Avg: 1, Min: 0, Max: 2, Diff: 2]
      [Scan RS (ms):  0.0  0.0
       Avg:   0.0, Min:   0.0, Max:   0.0, Diff:   0.0]
      [Object Copy (ms):  0.1  0.0
       Avg:   0.0, Min:   0.0, Max:   0.1, Diff:   0.1]
      [Termination (ms):  3.2  0.0
       Avg:   1.6, Min:   0.0, Max:   3.2, Diff:   3.2]
         [Termination Attempts : 1 1
          Sum: 2, Avg: 1, Min: 1, Max: 1, Diff: 0]
      [GC Worker End (ms):  15207.8  15204.7
       Avg: 15206.2, Min: 15204.7, Max: 15207.8, Diff:   3.1]
      [GC Worker (ms):  5.6  0.0
       Avg:   2.8, Min:   0.0, Max:   5.6, Diff:   5.6]
      [GC Worker Other (ms):  0.1  5.6
       Avg:   2.8, Min:   0.1, Max:   5.6, Diff:   5.6]
   [Clear CT:   0.0 ms]
   [Other:   0.2 ms]
      [Choose CSet:   0.0 ms]
      [Ref Proc:   0.1 ms]
      [Ref Enq:   0.0 ms]
      [Free CSet:   0.0 ms]
   [Eden: 1024K(101M)->0B(101M) Survivors: 0B->1024K Heap: 432M(512M)->432M(512M)]
 [Times: user=0.00 sys=0.00, real=0.00 secs] 
15.208: [Full GC 432M->391M(512M), 0.0139130 secs]
 [Times: user=0.02 sys=0.00, real=0.02 secs] 
15.237: [GC pause (young) (initial-mark), 0.00226100 secs]
   [Parallel Time:   2.1 ms]
      [GC Worker Start (ms):  15236.7  15237.9
       Avg: 15237.3, Min: 15236.7, Max: 15237.9, Diff:   1.2]
      [Ext Root Scanning (ms):  1.7  0.5
       Avg:   1.1, Min:   0.5, Max:   1.7, Diff:   1.2]
      [Update RS (ms):  0.0  0.0
       Avg:   0.0, Min:   0.0, Max:   0.0, Diff:   0.0]
         [Processed Buffers : 0 1
          Sum: 1, Avg: 0, Min: 0, Max: 1, Diff: 1]
      [Scan RS (ms):  0.0  0.0
       Avg:   0.0, Min:   0.0, Max:   0.0, Diff:   0.0]
      [Object Copy (ms):  0.3  0.1
       Avg:   0.2, Min:   0.1, Max:   0.3, Diff:   0.2]
      [Termination (ms):  0.0  0.2
       Avg:   0.1, Min:   0.0, Max:   0.2, Diff:   0.2]
         [Termination Attempts : 1 1
          Sum: 2, Avg: 1, Min: 1, Max: 1, Diff: 0]
      [GC Worker End (ms):  15238.7  15238.7
       Avg: 15238.7, Min: 15238.7, Max: 15238.7, Diff:   0.0]
      [GC Worker (ms):  2.0  0.8
       Avg:   1.4, Min:   0.8, Max:   2.0, Diff:   1.2]
      [GC Worker Other (ms):  0.0  1.3
       Avg:   0.6, Min:   0.0, Max:   1.3, Diff:   1.2]
   [Clear CT:   0.0 ms]
   [Other:   0.2 ms]
      [Choose CSet:   0.0 ms]
      [Ref Proc:   0.1 ms]
      [Ref Enq:   0.0 ms]
      [Free CSet:   0.0 ms]
   [Eden: 1024K(101M)->0B(101M) Survivors: 0B->1024K Heap: 414M(512M)->414M(512M)]
 [Times: user=0.00 sys=0.00, real=0.01 secs] 
15.239: [GC concurrent-root-region-scan-start]
15.239: [GC concurrent-root-region-scan-end, 0.0000220]
15.239: [GC concurrent-mark-start]
15.248: [GC pause (young), 0.00109700 secs]
   [Parallel Time:   1.0 ms]
      [GC Worker Start (ms):  15247.9  15248.0
       Avg: 15248.0, Min: 15247.9, Max: 15248.0, Diff:   0.0]
      [Ext Root Scanning (ms):  0.9  0.8
       Avg:   0.8, Min:   0.8, Max:   0.9, Diff:   0.1]
      [SATB Filtering (ms):  0.0  0.0
       Avg:   0.0, Min:   0.0, Max:   0.0, Diff:   0.0]
      [Update RS (ms):  0.0  0.0
       Avg:   0.0, Min:   0.0, Max:   0.0, Diff:   0.0]
         [Processed Buffers : 0 2
          Sum: 2, Avg: 1, Min: 0, Max: 2, Diff: 2]
      [Scan RS (ms):  0.0  0.0
       Avg:   0.0, Min:   0.0, Max:   0.0, Diff:   0.0]
      [Object Copy (ms):  0.0  0.1
       Avg:   0.0, Min:   0.0, Max:   0.1, Diff:   0.0]
      [Termination (ms):  0.0  0.0
       Avg:   0.0, Min:   0.0, Max:   0.0, Diff:   0.0]
         [Termination Attempts : 1 1
          Sum: 2, Avg: 1, Min: 1, Max: 1, Diff: 0]
      [GC Worker End (ms):  15248.9  15248.9
       Avg: 15248.9, Min: 15248.9, Max: 15248.9, Diff:   0.0]
      [GC Worker (ms):  0.9  0.9
       Avg:   0.9, Min:   0.9, Max:   0.9, Diff:   0.0]
      [GC Worker Other (ms):  0.1  0.1
       Avg:   0.1, Min:   0.1, Max:   0.1, Diff:   0.0]
   [Complete CSet Marking:   0.0 ms]
   [Clear CT:   0.0 ms]
   [Other:   0.1 ms]
      [Choose CSet:   0.0 ms]
      [Ref Proc:   0.0 ms]
      [Ref Enq:   0.0 ms]
      [Free CSet:   0.0 ms]
   [Eden: 1024K(101M)->0B(101M) Survivors: 1024K->1024K Heap: 430M(512M)->430M(512M)]
 [Times: user=0.00 sys=0.00, real=0.01 secs] 
15.249: [Full GC 430M->316M(512M), 0.0124790 secs]
 [Times: user=0.01 sys=0.00, real=0.01 secs] 
15.262: [GC concurrent-mark-abort]
15.290: [GC pause (young) (initial-mark), 0.00220400 secs]
   [Parallel Time:   1.9 ms]
      [GC Worker Start (ms):  15290.4  15290.5
       Avg: 15290.5, Min: 15290.4, Max: 15290.5, Diff:   0.1]
      [Ext Root Scanning (ms):  1.3  1.7
       Avg:   1.5, Min:   1.3, Max:   1.7, Diff:   0.3]
      [Update RS (ms):  0.0  0.0
       Avg:   0.0, Min:   0.0, Max:   0.0, Diff:   0.0]
         [Processed Buffers : 2 0
          Sum: 2, Avg: 1, Min: 0, Max: 2, Diff: 2]
      [Scan RS (ms):  0.0  0.0
       Avg:   0.0, Min:   0.0, Max:   0.0, Diff:   0.0]
      [Object Copy (ms):  0.3  0.1
       Avg:   0.2, Min:   0.1, Max:   0.3, Diff:   0.1]
      [Termination (ms):  0.2  0.0
       Avg:   0.1, Min:   0.0, Max:   0.2, Diff:   0.2]
         [Termination Attempts : 1 1
          Sum: 2, Avg: 1, Min: 1, Max: 1, Diff: 0]
      [GC Worker End (ms):  15292.3  15292.3
       Avg: 15292.3, Min: 15292.3, Max: 15292.3, Diff:   0.0]
      [GC Worker (ms):  1.9  1.8
       Avg:   1.8, Min:   1.8, Max:   1.9, Diff:   0.1]
      [GC Worker Other (ms):  0.0  0.1
       Avg:   0.1, Min:   0.0, Max:   0.1, Diff:   0.1]
   [Clear CT:   0.0 ms]
   [Other:   0.3 ms]
      [Choose CSet:   0.0 ms]
      [Ref Proc:   0.1 ms]
      [Ref Enq:   0.0 ms]
      [Free CSet:   0.0 ms]
   [Eden: 1024K(101M)->0B(101M) Survivors: 0B->1024K Heap: 357M(512M)->357M(512M)]
 [Times: user=0.00 sys=0.01, real=0.00 secs] 
15.293: [GC concurrent-root-region-scan-start]
15.294: [GC concurrent-root-region-scan-end, 0.0010480]
15.294: [GC concurrent-mark-start]
15.296: [GC concurrent-mark-end, 0.0022800 sec]
15.309: [GC remark 15.309: [GC ref-proc, 0.0000240 secs], 0.0039180 secs]
 [Times: user=0.01 sys=0.00, real=0.01 secs] 
15.313: [GC cleanup 387M->387M(512M), 0.0003510 secs]
 [Times: user=0.00 sys=0.00, real=0.00 secs] 
15.333: [GC pause (young) (initial-mark), 0.00195300 secs]
   [Parallel Time:   1.7 ms]
      [GC Worker Start (ms):  15333.1  15333.3
       Avg: 15333.2, Min: 15333.1, Max: 15333.3, Diff:   0.2]
      [Ext Root Scanning (ms):  1.1  0.8
       Avg:   1.0, Min:   0.8, Max:   1.1, Diff:   0.4]
      [Update RS (ms):  0.0  0.0
       Avg:   0.0, Min:   0.0, Max:   0.0, Diff:   0.0]
         [Processed Buffers : 0 7
          Sum: 7, Avg: 3, Min: 0, Max: 7, Diff: 7]
      [Scan RS (ms):  0.0  0.0
       Avg:   0.0, Min:   0.0, Max:   0.0, Diff:   0.0]
      [Object Copy (ms):  0.4  0.2
       Avg:   0.3, Min:   0.2, Max:   0.4, Diff:   0.3]
      [Termination (ms):  0.0  0.4
       Avg:   0.2, Min:   0.0, Max:   0.4, Diff:   0.4]
         [Termination Attempts : 1 1
          Sum: 2, Avg: 1, Min: 1, Max: 1, Diff: 0]
      [GC Worker End (ms):  15334.7  15334.7
       Avg: 15334.7, Min: 15334.7, Max: 15334.7, Diff:   0.0]
      [GC Worker (ms):  1.6  1.4
       Avg:   1.5, Min:   1.4, Max:   1.6, Diff:   0.2]
      [GC Worker Other (ms):  0.1  0.3
       Avg:   0.2, Min:   0.1, Max:   0.3, Diff:   0.1]
   [Clear CT:   0.0 ms]
   [Other:   0.3 ms]
      [Choose CSet:   0.0 ms]
      [Ref Proc:   0.1 ms]
      [Ref Enq:   0.0 ms]
      [Free CSet:   0.0 ms]
   [Eden: 1024K(101M)->0B(101M) Survivors: 1024K->1024K Heap: 415M(512M)->415M(512M)]
 [Times: user=0.01 sys=0.00, real=0.00 secs] 
15.335: [GC concurrent-root-region-scan-start]
15.335: [GC concurrent-root-region-scan-end, 0.0000570]
15.335: [GC concurrent-mark-start]
15.339: [GC concurrent-mark-end, 0.0038640 sec]
15.348: [GC remark 15.348: [GC ref-proc, 0.0000130 secs], 0.0030540 secs]
 [Times: user=0.01 sys=0.00, real=0.01 secs] 
15.351: [GC cleanup 438M->276M(512M), 0.0004300 secs]
 [Times: user=0.00 sys=0.00, real=0.00 secs] 
15.351: [GC concurrent-cleanup-start]
15.352: [GC concurrent-cleanup-end, 0.0003390]
15.374: [GC pause (young) (initial-mark), 0.00198600 secs]
   [Parallel Time:   1.7 ms]
      [GC Worker Start (ms):  15374.4  15375.1
       Avg: 15374.7, Min: 15374.4, Max: 15375.1, Diff:   0.8]
      [Ext Root Scanning (ms):  1.0  0.7
       Avg:   0.9, Min:   0.7, Max:   1.0, Diff:   0.3]
      [Update RS (ms):  0.0  0.0
       Avg:   0.0, Min:   0.0, Max:   0.0, Diff:   0.0]
         [Processed Buffers : 4 0
          Sum: 4, Avg: 2, Min: 0, Max: 4, Diff: 4]
      [Scan RS (ms):  0.0  0.0
       Avg:   0.0, Min:   0.0, Max:   0.0, Diff:   0.0]
      [Object Copy (ms):  0.2  0.1
       Avg:   0.2, Min:   0.1, Max:   0.2, Diff:   0.1]
      [Termination (ms):  0.3  0.0
       Avg:   0.1, Min:   0.0, Max:   0.3, Diff:   0.3]
         [Termination Attempts : 1 1
          Sum: 2, Avg: 1, Min: 1, Max: 1, Diff: 0]
      [GC Worker End (ms):  15376.0  15375.9
       Avg: 15376.0, Min: 15375.9, Max: 15376.0, Diff:   0.0]
      [GC Worker (ms):  1.6  0.8
       Avg:   1.2, Min:   0.8, Max:   1.6, Diff:   0.8]
      [GC Worker Other (ms):  0.1  0.8
       Avg:   0.4, Min:   0.1, Max:   0.8, Diff:   0.8]
   [Clear CT:   0.0 ms]
   [Other:   0.3 ms]
      [Choose CSet:   0.0 ms]
      [Ref Proc:   0.2 ms]
      [Ref Enq:   0.0 ms]
      [Free CSet:   0.0 ms]
   [Eden: 1024K(101M)->0B(140M) Survivors: 1024K->1024K Heap: 310M(512M)->310M(512M)]
 [Times: user=0.01 sys=0.00, real=0.00 secs] 
15.376: [GC concurrent-root-region-scan-start]
15.376: [GC concurrent-root-region-scan-end, 0.0000670]
15.376: [GC concurrent-mark-start]
15.378: [GC concurrent-mark-end, 0.0015200 sec]
15.404: [GC remark 15.404: [GC ref-proc, 0.0000160 secs], 0.0031400 secs]
 [Times: user=0.01 sys=0.00, real=0.00 secs] 
15.420: [GC cleanup 384M->326M(512M), 0.0009580 secs]
 [Times: user=0.00 sys=0.00, real=0.00 secs] 
15.421: [GC concurrent-cleanup-start]
15.421: [GC concurrent-cleanup-end, 0.0001330]
15.457: [GC pause (young) (initial-mark), 0.00145800 secs]
   [Parallel Time:   1.3 ms]
      [GC Worker Start (ms):  15457.0  15457.0
       Avg: 15457.0, Min: 15457.0, Max: 15457.0, Diff:   0.0]
      [Ext Root Scanning (ms):  0.8  0.8
       Avg:   0.8, Min:   0.8, Max:   0.8, Diff:   0.0]
      [Update RS (ms):  0.0  0.0
       Avg:   0.0, Min:   0.0, Max:   0.0, Diff:   0.0]
         [Processed Buffers : 3 0
          Sum: 3, Avg: 1, Min: 0, Max: 3, Diff: 3]
      [Scan RS (ms):  0.0  0.0
       Avg:   0.0, Min:   0.0, Max:   0.0, Diff:   0.0]
      [Object Copy (ms):  0.2  0.4
       Avg:   0.3, Min:   0.2, Max:   0.4, Diff:   0.2]
      [Termination (ms):  0.2  0.0
       Avg:   0.1, Min:   0.0, Max:   0.2, Diff:   0.2]
         [Termination Attempts : 1 1
          Sum: 2, Avg: 1, Min: 1, Max: 1, Diff: 0]
      [GC Worker End (ms):  15458.3  15458.3
       Avg: 15458.3, Min: 15458.3, Max: 15458.3, Diff:   0.0]
      [GC Worker (ms):  1.2  1.2
       Avg:   1.2, Min:   1.2, Max:   1.2, Diff:   0.0]
      [GC Worker Other (ms):  0.1  0.1
       Avg:   0.1, Min:   0.1, Max:   0.1, Diff:   0.0]
   [Clear CT:   0.0 ms]
   [Other:   0.2 ms]
      [Choose CSet:   0.0 ms]
      [Ref Proc:   0.0 ms]
      [Ref Enq:   0.0 ms]
      [Free CSet:   0.0 ms]
   [Eden: 1024K(140M)->0B(101M) Survivors: 1024K->1024K Heap: 381M(512M)->381M(512M)]
 [Times: user=0.00 sys=0.00, real=0.00 secs] 
15.458: [GC concurrent-root-region-scan-start]
15.459: [GC concurrent-root-region-scan-end, 0.0002510]
15.459: [GC concurrent-mark-start]
15.480: [GC concurrent-mark-end, 0.0214970 sec]
15.487: [GC remark 15.487: [GC ref-proc, 0.0000260 secs], 0.0036040 secs]
 [Times: user=0.01 sys=0.00, real=0.01 secs] 
15.497: [GC pause (young), 0.00107300 secs]
   [Parallel Time:   1.0 ms]
      [GC Worker Start (ms):  15496.8  15496.9
       Avg: 15496.8, Min: 15496.8, Max: 15496.9, Diff:   0.0]
      [Ext Root Scanning (ms):  0.9  0.8
       Avg:   0.8, Min:   0.8, Max:   0.9, Diff:   0.1]
      [SATB Filtering (ms):  0.0  0.0
       Avg:   0.0, Min:   0.0, Max:   0.0, Diff:   0.0]
      [Update RS (ms):  0.0  0.0
       Avg:   0.0, Min:   0.0, Max:   0.0, Diff:   0.0]
         [Processed Buffers : 0 3
          Sum: 3, Avg: 1, Min: 0, Max: 3, Diff: 3]
      [Scan RS (ms):  0.0  0.0
       Avg:   0.0, Min:   0.0, Max:   0.0, Diff:   0.0]
      [Object Copy (ms):  0.0  0.1
       Avg:   0.0, Min:   0.0, Max:   0.1, Diff:   0.0]
      [Termination (ms):  0.0  0.1
       Avg:   0.0, Min:   0.0, Max:   0.1, Diff:   0.1]
         [Termination Attempts : 1 1
          Sum: 2, Avg: 1, Min: 1, Max: 1, Diff: 0]
      [GC Worker End (ms):  15497.8  15497.8
       Avg: 15497.8, Min: 15497.8, Max: 15497.8, Diff:   0.0]
      [GC Worker (ms):  0.9  0.9
       Avg:   0.9, Min:   0.9, Max:   0.9, Diff:   0.0]
      [GC Worker Other (ms):  0.1  0.1
       Avg:   0.1, Min:   0.1, Max:   0.1, Diff:   0.0]
   [Complete CSet Marking:   0.0 ms]
   [Clear CT:   0.0 ms]
   [Other:   0.1 ms]
      [Choose CSet:   0.0 ms]
      [Ref Proc:   0.0 ms]
      [Ref Enq:   0.0 ms]
      [Free CSet:   0.0 ms]
   [Eden: 1024K(101M)->0B(101M) Survivors: 1024K->1024K Heap: 442M(512M)->442M(512M)]
 [Times: user=0.00 sys=0.00, real=0.00 secs] 
15.498: [Full GC 442M->303M(512M), 0.0123730 secs]
 [Times: user=0.02 sys=0.00, real=0.02 secs] 
15.524: [GC cleanup, 0.0000020 secs]
 [Times: user=0.00 sys=0.00, real=0.00 secs] 
15.524: [GC concurrent-mark-abort]
15.549: [GC pause (young) (initial-mark), 0.00207100 secs]
   [Parallel Time:   1.9 ms]
      [GC Worker Start (ms):  15549.3  15549.3
       Avg: 15549.3, Min: 15549.3, Max: 15549.3, Diff:   0.0]
      [Ext Root Scanning (ms):  1.5  1.6
       Avg:   1.6, Min:   1.5, Max:   1.6, Diff:   0.1]
      [Update RS (ms):  0.0  0.0
       Avg:   0.0, Min:   0.0, Max:   0.0, Diff:   0.0]
         [Processed Buffers : 4 0
          Sum: 4, Avg: 2, Min: 0, Max: 4, Diff: 4]
      [Scan RS (ms):  0.0  0.0
       Avg:   0.0, Min:   0.0, Max:   0.0, Diff:   0.0]
      [Object Copy (ms):  0.2  0.2
       Avg:   0.2, Min:   0.2, Max:   0.2, Diff:   0.0]
      [Termination (ms):  0.1  0.0
       Avg:   0.1, Min:   0.0, Max:   0.1, Diff:   0.1]
         [Termination Attempts : 1 1
          Sum: 2, Avg: 1, Min: 1, Max: 1, Diff: 0]
      [GC Worker End (ms):  15551.1  15551.1
       Avg: 15551.1, Min: 15551.1, Max: 15551.1, Diff:   0.0]
      [GC Worker (ms):  1.9  1.8
       Avg:   1.8, Min:   1.8, Max:   1.9, Diff:   0.0]
      [GC Worker Other (ms):  0.1  0.1
       Avg:   0.1, Min:   0.1, Max:   0.1, Diff:   0.0]
   [Clear CT:   0.0 ms]
   [Other:   0.2 ms]
      [Choose CSet:   0.0 ms]
      [Ref Proc:   0.0 ms]
      [Ref Enq:   0.0 ms]
      [Free CSet:   0.0 ms]
   [Eden: 1024K(101M)->0B(101M) Survivors: 0B->1024K Heap: 361M(512M)->361M(512M)]
 [Times: user=0.01 sys=0.00, real=0.00 secs] 
15.551: [GC concurrent-root-region-scan-start]
15.551: [GC concurrent-root-region-scan-end, 0.0000370]
15.551: [GC concurrent-mark-start]
15.553: [GC concurrent-mark-end, 0.0016330 sec]
15.570: [GC remark 15.570: [GC ref-proc, 0.0000160 secs], 0.0041460 secs]
 [Times: user=0.01 sys=0.00, real=0.00 secs] 
15.575: [GC cleanup 397M->366M(512M), 0.0003860 secs]
 [Times: user=0.00 sys=0.00, real=0.00 secs] 
15.575: [GC concurrent-cleanup-start]
15.575: [GC concurrent-cleanup-end, 0.0000660]
15.601: [GC pause (young), 0.00114000 secs]
   [Parallel Time:   1.0 ms]
      [GC Worker Start (ms):  15600.7  15601.0
       Avg: 15600.8, Min: 15600.7, Max: 15601.0, Diff:   0.3]
      [Ext Root Scanning (ms):  0.8  0.6
       Avg:   0.7, Min:   0.6, Max:   0.8, Diff:   0.2]
      [Update RS (ms):  0.0  0.0
       Avg:   0.0, Min:   0.0, Max:   0.0, Diff:   0.0]
         [Processed Buffers : 5 0
          Sum: 5, Avg: 2, Min: 0, Max: 5, Diff: 5]
      [Scan RS (ms):  0.0  0.0
       Avg:   0.0, Min:   0.0, Max:   0.0, Diff:   0.0]
      [Object Copy (ms):  0.1  0.0
       Avg:   0.0, Min:   0.0, Max:   0.1, Diff:   0.0]
      [Termination (ms):  0.0  0.0
       Avg:   0.0, Min:   0.0, Max:   0.0, Diff:   0.0]
         [Termination Attempts : 1 1
          Sum: 2, Avg: 1, Min: 1, Max: 1, Diff: 0]
      [GC Worker End (ms):  15601.6  15601.6
       Avg: 15601.6, Min: 15601.6, Max: 15601.6, Diff:   0.0]
      [GC Worker (ms):  0.9  0.6
       Avg:   0.8, Min:   0.6, Max:   0.9, Diff:   0.3]
      [GC Worker Other (ms):  0.0  0.4
       Avg:   0.2, Min:   0.0, Max:   0.4, Diff:   0.3]
   [Clear CT:   0.0 ms]
   [Other:   0.2 ms]
      [Choose CSet:   0.0 ms]
      [Ref Proc:   0.1 ms]
      [Ref Enq:   0.0 ms]
      [Free CSet:   0.0 ms]
   [Eden: 1024K(101M)->0B(101M) Survivors: 1024K->1024K Heap: 401M(512M)->401M(512M)]
 [Times: user=0.00 sys=0.00, real=0.00 secs] 
15.602: [Full GC 401M->339M(512M), 0.0118850 secs]
 [Times: user=0.02 sys=0.00, real=0.01 secs] 
15.627: [GC pause (young) (initial-mark), 0.00297300 secs]
   [Parallel Time:   2.8 ms]
      [GC Worker Start (ms):  15627.1  15627.1
       Avg: 15627.1, Min: 15627.1, Max: 15627.1, Diff:   0.0]
      [Ext Root Scanning (ms):  2.0  2.6
       Avg:   2.3, Min:   2.0, Max:   2.6, Diff:   0.7]
      [Update RS (ms):  0.0  0.0
       Avg:   0.0, Min:   0.0, Max:   0.0, Diff:   0.0]
         [Processed Buffers : 2 0
          Sum: 2, Avg: 1, Min: 0, Max: 2, Diff: 2]
      [Scan RS (ms):  0.0  0.0
       Avg:   0.0, Min:   0.0, Max:   0.0, Diff:   0.0]
      [Object Copy (ms):  0.3  0.1
       Avg:   0.2, Min:   0.1, Max:   0.3, Diff:   0.2]
      [Termination (ms):  0.4  0.0
       Avg:   0.2, Min:   0.0, Max:   0.4, Diff:   0.4]
         [Termination Attempts : 1 1
          Sum: 2, Avg: 1, Min: 1, Max: 1, Diff: 0]
      [GC Worker End (ms):  15629.8  15629.8
       Avg: 15629.8, Min: 15629.8, Max: 15629.8, Diff:   0.0]
      [GC Worker (ms):  2.7  2.7
       Avg:   2.7, Min:   2.7, Max:   2.7, Diff:   0.0]
      [GC Worker Other (ms):  0.1  0.1
       Avg:   0.1, Min:   0.1, Max:   0.1, Diff:   0.0]
   [Clear CT:   0.0 ms]
   [Other:   0.2 ms]
      [Choose CSet:   0.0 ms]
      [Ref Proc:   0.0 ms]
      [Ref Enq:   0.0 ms]
      [Free CSet:   0.0 ms]
   [Eden: 1024K(101M)->0B(101M) Survivors: 0B->1024K Heap: 363M(512M)->363M(512M)]
 [Times: user=0.00 sys=0.00, real=0.01 secs] 
15.630: [GC concurrent-root-region-scan-start]
15.648: [GC concurrent-root-region-scan-end, 0.0175150]
15.648: [GC concurrent-mark-start]
15.656: [GC pause (young), 0.00115600 secs]
   [Parallel Time:   1.0 ms]
      [GC Worker Start (ms):  15656.4  15656.5
       Avg: 15656.4, Min: 15656.4, Max: 15656.5, Diff:   0.1]
      [Ext Root Scanning (ms):  0.8  0.7
       Avg:   0.8, Min:   0.7, Max:   0.8, Diff:   0.1]
      [SATB Filtering (ms):  0.0  0.0
       Avg:   0.0, Min:   0.0, Max:   0.0, Diff:   0.0]
      [Update RS (ms):  0.0  0.0
       Avg:   0.0, Min:   0.0, Max:   0.0, Diff:   0.0]
         [Processed Buffers : 0 4
          Sum: 4, Avg: 2, Min: 0, Max: 4, Diff: 4]
      [Scan RS (ms):  0.0  0.0
       Avg:   0.0, Min:   0.0, Max:   0.0, Diff:   0.0]
      [Object Copy (ms):  0.1  0.0
       Avg:   0.0, Min:   0.0, Max:   0.1, Diff:   0.0]
      [Termination (ms):  0.0  0.0
       Avg:   0.0, Min:   0.0, Max:   0.0, Diff:   0.0]
         [Termination Attempts : 1 1
          Sum: 2, Avg: 1, Min: 1, Max: 1, Diff: 0]
      [GC Worker End (ms):  15657.3  15657.3
       Avg: 15657.3, Min: 15657.3, Max: 15657.3, Diff:   0.0]
      [GC Worker (ms):  0.9  0.8
       Avg:   0.9, Min:   0.8, Max:   0.9, Diff:   0.1]
      [GC Worker Other (ms):  0.1  0.1
       Avg:   0.1, Min:   0.1, Max:   0.1, Diff:   0.1]
   [Complete CSet Marking:   0.0 ms]
   [Clear CT:   0.0 ms]
   [Other:   0.2 ms]
      [Choose CSet:   0.0 ms]
      [Ref Proc:   0.1 ms]
      [Ref Enq:   0.0 ms]
      [Free CSet:   0.0 ms]
   [Eden: 1024K(101M)->0B(101M) Survivors: 1024K->1024K Heap: 411M(512M)->411M(512M)]
 [Times: user=0.01 sys=0.00, real=0.00 secs] 
15.658: [Full GC 411M->268M(512M), 0.0117730 secs]
 [Times: user=0.01 sys=0.00, real=0.02 secs] 
15.670: [GC concurrent-mark-abort]
15.731: [GC pause (young) (initial-mark), 0.00469700 secs]
   [Parallel Time:   4.4 ms]
      [GC Worker Start (ms):  15731.3  15735.6
       Avg: 15733.5, Min: 15731.3, Max: 15735.6, Diff:   4.3]
      [Ext Root Scanning (ms):  2.7  0.0
       Avg:   1.4, Min:   0.0, Max:   2.7, Diff:   2.7]
      [Update RS (ms):  0.0  0.0
       Avg:   0.0, Min:   0.0, Max:   0.0, Diff:   0.0]
         [Processed Buffers : 3 0
          Sum: 3, Avg: 1, Min: 0, Max: 3, Diff: 3]
      [Scan RS (ms):  0.0  0.0
       Avg:   0.0, Min:   0.0, Max:   0.0, Diff:   0.0]
      [Object Copy (ms):  0.4  0.0
       Avg:   0.2, Min:   0.0, Max:   0.4, Diff:   0.4]
      [Termination (ms):  1.2  0.0
       Avg:   0.6, Min:   0.0, Max:   1.2, Diff:   1.2]
         [Termination Attempts : 1 1
          Sum: 2, Avg: 1, Min: 1, Max: 1, Diff: 0]
      [GC Worker End (ms):  15735.7  15735.6
       Avg: 15735.7, Min: 15735.6, Max: 15735.7, Diff:   0.1]
      [GC Worker (ms):  4.4  0.0
       Avg:   2.2, Min:   0.0, Max:   4.4, Diff:   4.4]
      [GC Worker Other (ms):  0.0  4.4
       Avg:   2.2, Min:   0.0, Max:   4.4, Diff:   4.4]
   [Clear CT:   0.0 ms]
   [Other:   0.3 ms]
      [Choose CSet:   0.0 ms]
      [Ref Proc:   0.1 ms]
      [Ref Enq:   0.0 ms]
      [Free CSet:   0.0 ms]
   [Eden: 1024K(101M)->0B(101M) Survivors: 0B->1024K Heap: 371M(512M)->371M(512M)]
 [Times: user=0.01 sys=0.00, real=0.00 secs] 
15.736: [GC concurrent-root-region-scan-start]
15.736: [GC concurrent-root-region-scan-end, 0.0000420]
15.736: [GC concurrent-mark-start]
15.748: [GC concurrent-mark-end, 0.0117700 sec]
15.766: [GC pause (young), 0.00107600 secs]
   [Parallel Time:   1.0 ms]
      [GC Worker Start (ms):  15766.1  15766.1
       Avg: 15766.1, Min: 15766.1, Max: 15766.1, Diff:   0.0]
      [Ext Root Scanning (ms):  0.9  0.8
       Avg:   0.8, Min:   0.8, Max:   0.9, Diff:   0.1]
      [SATB Filtering (ms):  0.0  0.0
       Avg:   0.0, Min:   0.0, Max:   0.0, Diff:   0.0]
      [Update RS (ms):  0.0  0.0
       Avg:   0.0, Min:   0.0, Max:   0.0, Diff:   0.0]
         [Processed Buffers : 0 4
          Sum: 4, Avg: 2, Min: 0, Max: 4, Diff: 4]
      [Scan RS (ms):  0.0  0.0
       Avg:   0.0, Min:   0.0, Max:   0.0, Diff:   0.0]
      [Object Copy (ms):  0.0  0.1
       Avg:   0.0, Min:   0.0, Max:   0.1, Diff:   0.0]
      [Termination (ms):  0.0  0.0
       Avg:   0.0, Min:   0.0, Max:   0.0, Diff:   0.0]
         [Termination Attempts : 1 1
          Sum: 2, Avg: 1, Min: 1, Max: 1, Diff: 0]
      [GC Worker End (ms):  15767.0  15767.0
       Avg: 15767.0, Min: 15767.0, Max: 15767.0, Diff:   0.0]
      [GC Worker (ms):  0.9  0.9
       Avg:   0.9, Min:   0.9, Max:   0.9, Diff:   0.0]
      [GC Worker Other (ms):  0.1  0.1
       Avg:   0.1, Min:   0.1, Max:   0.1, Diff:   0.0]
   [Complete CSet Marking:   0.0 ms]
   [Clear CT:   0.0 ms]
   [Other:   0.1 ms]
      [Choose CSet:   0.0 ms]
      [Ref Proc:   0.0 ms]
      [Ref Enq:   0.0 ms]
      [Free CSet:   0.0 ms]
   [Eden: 1024K(101M)->0B(101M) Survivors: 1024K->1024K Heap: 427M(512M)->427M(512M)]
 [Times: user=0.00 sys=0.00, real=0.00 secs] 
15.767: [Full GC 427M->180M(512M), 0.0119530 secs]
 [Times: user=0.01 sys=0.00, real=0.02 secs] 
15.805: [GC remark, 0.0000010 secs]
 [Times: user=0.00 sys=0.00, real=0.00 secs] 
15.808: [GC concurrent-mark-abort]
15.855: [GC pause (young) (initial-mark), 0.00187900 secs]
   [Parallel Time:   1.7 ms]
      [GC Worker Start (ms):  15854.6  15854.6
       Avg: 15854.6, Min: 15854.6, Max: 15854.6, Diff:   0.0]
      [Ext Root Scanning (ms):  1.3  1.4
       Avg:   1.4, Min:   1.3, Max:   1.4, Diff:   0.1]
      [Update RS (ms):  0.0  0.0
       Avg:   0.0, Min:   0.0, Max:   0.0, Diff:   0.0]
         [Processed Buffers : 4 0
          Sum: 4, Avg: 2, Min: 0, Max: 4, Diff: 4]
      [Scan RS (ms):  0.0  0.0
       Avg:   0.0, Min:   0.0, Max:   0.0, Diff:   0.0]
      [Object Copy (ms):  0.2  0.2
       Avg:   0.2, Min:   0.2, Max:   0.2, Diff:   0.0]
      [Termination (ms):  0.1  0.0
       Avg:   0.1, Min:   0.0, Max:   0.1, Diff:   0.1]
         [Termination Attempts : 1 1
          Sum: 2, Avg: 1, Min: 1, Max: 1, Diff: 0]
      [GC Worker End (ms):  15856.3  15856.3
       Avg: 15856.3, Min: 15856.3, Max: 15856.3, Diff:   0.0]
      [GC Worker (ms):  1.7  1.6
       Avg:   1.6, Min:   1.6, Max:   1.7, Diff:   0.0]
      [GC Worker Other (ms):  0.1  0.1
       Avg:   0.1, Min:   0.1, Max:   0.1, Diff:   0.0]
   [Clear CT:   0.0 ms]
   [Other:   0.2 ms]
      [Choose CSet:   0.0 ms]
      [Ref Proc:   0.0 ms]
      [Ref Enq:   0.0 ms]
      [Free CSet:   0.0 ms]
   [Eden: 1024K(101M)->0B(149M) Survivors: 0B->1024K Heap: 299M(512M)->299M(512M)]
 [Times: user=0.00 sys=0.00, real=0.00 secs] 
15.857: [GC concurrent-root-region-scan-start]
15.858: [GC concurrent-root-region-scan-end, 0.0013570]
15.858: [GC concurrent-mark-start]
15.908: [GC concurrent-mark-end, 0.0502410 sec]
15.932: [GC pause (young), 0.00104400 secs]
   [Parallel Time:   0.9 ms]
      [GC Worker Start (ms):  15932.0  15932.0
       Avg: 15932.0, Min: 15932.0, Max: 15932.0, Diff:   0.0]
      [Ext Root Scanning (ms):  0.8  0.8
       Avg:   0.8, Min:   0.8, Max:   0.8, Diff:   0.0]
      [SATB Filtering (ms):  0.0  0.0
       Avg:   0.0, Min:   0.0, Max:   0.0, Diff:   0.0]
      [Update RS (ms):  0.0  0.0
       Avg:   0.0, Min:   0.0, Max:   0.0, Diff:   0.0]
         [Processed Buffers : 4 0
          Sum: 4, Avg: 2, Min: 0, Max: 4, Diff: 4]
      [Scan RS (ms):  0.0  0.0
       Avg:   0.0, Min:   0.0, Max:   0.0, Diff:   0.0]
      [Object Copy (ms):  0.1  0.0
       Avg:   0.1, Min:   0.0, Max:   0.1, Diff:   0.0]
      [Termination (ms):  0.0  0.0
       Avg:   0.0, Min:   0.0, Max:   0.0, Diff:   0.0]
         [Termination Attempts : 1 1
          Sum: 2, Avg: 1, Min: 1, Max: 1, Diff: 0]
      [GC Worker End (ms):  15932.9  15932.9
       Avg: 15932.9, Min: 15932.9, Max: 15932.9, Diff:   0.0]
      [GC Worker (ms):  0.9  0.9
       Avg:   0.9, Min:   0.9, Max:   0.9, Diff:   0.0]
      [GC Worker Other (ms):  0.1  0.1
       Avg:   0.1, Min:   0.1, Max:   0.1, Diff:   0.0]
   [Complete CSet Marking:   0.0 ms]
   [Clear CT:   0.0 ms]
   [Other:   0.1 ms]
      [Choose CSet:   0.0 ms]
      [Ref Proc:   0.0 ms]
      [Ref Enq:   0.0 ms]
      [Free CSet:   0.0 ms]
   [Eden: 1024K(149M)->0B(101M) Survivors: 1024K->1024K Heap: 435M(512M)->435M(512M)]
 [Times: user=0.00 sys=0.00, real=0.00 secs] 
15.933: [Full GC 435M->252M(512M), 0.0134030 secs]
 [Times: user=0.02 sys=0.00, real=0.01 secs] 
15.971: [GC remark, 0.0000010 secs]
 [Times: user=0.00 sys=0.00, real=0.00 secs] 
15.972: [GC concurrent-mark-abort]
15.984: [GC pause (young) (initial-mark), 0.00292200 secs]
   [Parallel Time:   2.7 ms]
      [GC Worker Start (ms):  15984.4  15984.4
       Avg: 15984.4, Min: 15984.4, Max: 15984.4, Diff:   0.0]
      [Ext Root Scanning (ms):  1.7  2.6
       Avg:   2.1, Min:   1.7, Max:   2.6, Diff:   0.9]
      [Update RS (ms):  0.0  0.0
       Avg:   0.0, Min:   0.0, Max:   0.0, Diff:   0.0]
         [Processed Buffers : 3 0
          Sum: 3, Avg: 1, Min: 0, Max: 3, Diff: 3]
      [Scan RS (ms):  0.0  0.0
       Avg:   0.0, Min:   0.0, Max:   0.0, Diff:   0.0]
      [Object Copy (ms):  0.3  0.1
       Avg:   0.2, Min:   0.1, Max:   0.3, Diff:   0.2]
      [Termination (ms):  0.6  0.0
       Avg:   0.3, Min:   0.0, Max:   0.6, Diff:   0.6]
         [Termination Attempts : 1 1
          Sum: 2, Avg: 1, Min: 1, Max: 1, Diff: 0]
      [GC Worker End (ms):  15987.1  15987.1
       Avg: 15987.1, Min: 15987.1, Max: 15987.1, Diff:   0.0]
      [GC Worker (ms):  2.7  2.7
       Avg:   2.7, Min:   2.7, Max:   2.7, Diff:   0.0]
      [GC Worker Other (ms):  0.1  0.1
       Avg:   0.1, Min:   0.1, Max:   0.1, Diff:   0.0]
   [Clear CT:   0.0 ms]
   [Other:   0.2 ms]
      [Choose CSet:   0.0 ms]
      [Ref Proc:   0.0 ms]
      [Ref Enq:   0.0 ms]
      [Free CSet:   0.0 ms]
   [Eden: 1024K(101M)->0B(136M) Survivors: 0B->1024K Heap: 312M(512M)->312M(512M)]
 [Times: user=0.00 sys=0.00, real=0.00 secs] 
15.987: [GC concurrent-root-region-scan-start]
15.987: [GC concurrent-root-region-scan-end, 0.0000300]
15.987: [GC concurrent-mark-start]
15.989: [GC concurrent-mark-end, 0.0018110 sec]
15.992: [GC remark 15.993: [GC ref-proc, 0.0000180 secs], 0.0037160 secs]
 [Times: user=0.00 sys=0.00, real=0.00 secs] 
15.996: [GC cleanup 323M->229M(512M), 0.0005090 secs]
 [Times: user=0.00 sys=0.00, real=0.00 secs] 
15.997: [GC concurrent-cleanup-start]
15.997: [GC concurrent-cleanup-end, 0.0001850]
16.020: [GC pause (young) (initial-mark), 0.00148800 secs]
   [Parallel Time:   1.2 ms]
      [GC Worker Start (ms):  16020.4  16020.4
       Avg: 16020.4, Min: 16020.4, Max: 16020.4, Diff:   0.0]
      [Ext Root Scanning (ms):  1.0  0.8
       Avg:   0.9, Min:   0.8, Max:   1.0, Diff:   0.1]
      [Update RS (ms):  0.0  0.0
       Avg:   0.0, Min:   0.0, Max:   0.0, Diff:   0.0]
         [Processed Buffers : 4 1
          Sum: 5, Avg: 2, Min: 1, Max: 4, Diff: 3]
      [Scan RS (ms):  0.0  0.0
       Avg:   0.0, Min:   0.0, Max:   0.0, Diff:   0.0]
      [Object Copy (ms):  0.1  0.2
       Avg:   0.2, Min:   0.1, Max:   0.2, Diff:   0.1]
      [Termination (ms):  0.0  0.0
       Avg:   0.0, Min:   0.0, Max:   0.0, Diff:   0.0]
         [Termination Attempts : 1 1
          Sum: 2, Avg: 1, Min: 1, Max: 1, Diff: 0]
      [GC Worker End (ms):  16021.5  16021.5
       Avg: 16021.5, Min: 16021.5, Max: 16021.5, Diff:   0.0]
      [GC Worker (ms):  1.1  1.1
       Avg:   1.1, Min:   1.1, Max:   1.1, Diff:   0.0]
      [GC Worker Other (ms):  0.0  0.1
       Avg:   0.1, Min:   0.0, Max:   0.1, Diff:   0.0]
   [Clear CT:   0.0 ms]
   [Other:   0.3 ms]
      [Choose CSet:   0.0 ms]
      [Ref Proc:   0.0 ms]
      [Ref Enq:   0.0 ms]
      [Free CSet:   0.0 ms]
   [Eden: 1024K(136M)->0B(186M) Survivors: 1024K->1024K Heap: 263M(512M)->263M(512M)]
 [Times: user=0.00 sys=0.00, real=0.00 secs] 
16.022: [GC concurrent-root-region-scan-start]
16.063: [GC concurrent-root-region-scan-end, 0.0414660]
16.063: [GC concurrent-mark-start]
16.074: [GC concurrent-mark-end, 0.0104960 sec]
16.112: [GC remark 16.112: [GC ref-proc, 0.0000150 secs], 0.0030820 secs]
 [Times: user=0.00 sys=0.00, real=0.00 secs] 
16.115: [GC cleanup 427M->379M(512M), 0.0004210 secs]
 [Times: user=0.00 sys=0.00, real=0.00 secs] 
16.115: [GC concurrent-cleanup-start]
16.115: [GC concurrent-cleanup-end, 0.0001020]
16.133: [GC pause (young) (initial-mark), 0.00121300 secs]
   [Parallel Time:   1.0 ms]
      [GC Worker Start (ms):  16133.5  16133.5
       Avg: 16133.5, Min: 16133.5, Max: 16133.5, Diff:   0.0]
      [Ext Root Scanning (ms):  0.8  0.8
       Avg:   0.8, Min:   0.8, Max:   0.8, Diff:   0.0]
      [Update RS (ms):  0.0  0.0
       Avg:   0.0, Min:   0.0, Max:   0.0, Diff:   0.0]
         [Processed Buffers : 4 0
          Sum: 4, Avg: 2, Min: 0, Max: 4, Diff: 4]
      [Scan RS (ms):  0.0  0.0
       Avg:   0.0, Min:   0.0, Max:   0.0, Diff:   0.0]
      [Object Copy (ms):  0.2  0.2
       Avg:   0.2, Min:   0.2, Max:   0.2, Diff:   0.0]
      [Termination (ms):  0.0  0.0
       Avg:   0.0, Min:   0.0, Max:   0.0, Diff:   0.0]
         [Termination Attempts : 1 1
          Sum: 2, Avg: 1, Min: 1, Max: 1, Diff: 0]
      [GC Worker End (ms):  16134.5  16134.5
       Avg: 16134.5, Min: 16134.5, Max: 16134.5, Diff:   0.0]
      [GC Worker (ms):  1.0  1.0
       Avg:   1.0, Min:   1.0, Max:   1.0, Diff:   0.0]
      [GC Worker Other (ms):  0.1  0.1
       Avg:   0.1, Min:   0.1, Max:   0.1, Diff:   0.0]
   [Clear CT:   0.0 ms]
   [Other:   0.2 ms]
      [Choose CSet:   0.0 ms]
      [Ref Proc:   0.0 ms]
      [Ref Enq:   0.0 ms]
      [Free CSet:   0.0 ms]
   [Eden: 1024K(186M)->0B(101M) Survivors: 1024K->1024K Heap: 405M(512M)->404M(512M)]
 [Times: user=0.01 sys=0.00, real=0.00 secs] 
16.135: [GC concurrent-root-region-scan-start]
16.135: [GC concurrent-root-region-scan-end, 0.0004340]
16.135: [GC concurrent-mark-start]
16.135: [GC pause (young), 0.00147200 secs]
   [Parallel Time:   1.4 ms]
      [GC Worker Start (ms):  16135.3  16136.7
       Avg: 16136.0, Min: 16135.3, Max: 16136.7, Diff:   1.4]
      [Ext Root Scanning (ms):  0.9  0.0
       Avg:   0.4, Min:   0.0, Max:   0.9, Diff:   0.9]
      [SATB Filtering (ms):  0.0  0.0
       Avg:   0.0, Min:   0.0, Max:   0.0, Diff:   0.0]
      [Update RS (ms):  0.0  0.0
       Avg:   0.0, Min:   0.0, Max:   0.0, Diff:   0.0]
         [Processed Buffers : 3 0
          Sum: 3, Avg: 1, Min: 0, Max: 3, Diff: 3]
      [Scan RS (ms):  0.0  0.0
       Avg:   0.0, Min:   0.0, Max:   0.0, Diff:   0.0]
      [Object Copy (ms):  0.1  0.0
       Avg:   0.0, Min:   0.0, Max:   0.1, Diff:   0.1]
      [Termination (ms):  0.4  0.0
       Avg:   0.2, Min:   0.0, Max:   0.4, Diff:   0.4]
         [Termination Attempts : 1 1
          Sum: 2, Avg: 1, Min: 1, Max: 1, Diff: 0]
      [GC Worker End (ms):  16136.7  16136.7
       Avg: 16136.7, Min: 16136.7, Max: 16136.7, Diff:   0.0]
      [GC Worker (ms):  1.4  0.0
       Avg:   0.7, Min:   0.0, Max:   1.4, Diff:   1.4]
      [GC Worker Other (ms):  0.0  1.4
       Avg:   0.7, Min:   0.0, Max:   1.4, Diff:   1.4]
   [Complete CSet Marking:   0.0 ms]
   [Clear CT:   0.0 ms]
   [Other:   0.0 ms]
      [Choose CSet:   0.0 ms]
      [Ref Proc:   0.0 ms]
      [Ref Enq:   0.0 ms]
      [Free CSet:   0.0 ms]
   [Eden: 0B(101M)->0B(101M) Survivors: 1024K->1024K Heap: 404M(512M)->404M(512M)]
 [Times: user=0.00 sys=0.00, real=0.00 secs] 
16.137: [Full GC 404M->357M(512M), 0.0119910 secs]
 [Times: user=0.01 sys=0.00, real=0.02 secs] 
16.149: [GC concurrent-mark-abort]
16.175: [GC pause (young) (initial-mark), 0.00218100 secs]
   [Parallel Time:   1.9 ms]
      [GC Worker Start (ms):  16175.2  16175.2
       Avg: 16175.2, Min: 16175.2, Max: 16175.2, Diff:   0.0]
      [Ext Root Scanning (ms):  1.3  1.4
       Avg:   1.4, Min:   1.3, Max:   1.4, Diff:   0.1]
      [Update RS (ms):  0.0  0.0
       Avg:   0.0, Min:   0.0, Max:   0.0, Diff:   0.0]
         [Processed Buffers : 1 0
          Sum: 1, Avg: 0, Min: 0, Max: 1, Diff: 1]
      [Scan RS (ms):  0.0  0.0
       Avg:   0.0, Min:   0.0, Max:   0.0, Diff:   0.0]
      [Object Copy (ms):  0.3  0.5
       Avg:   0.4, Min:   0.3, Max:   0.5, Diff:   0.2]
      [Termination (ms):  0.3  0.0
       Avg:   0.1, Min:   0.0, Max:   0.3, Diff:   0.3]
         [Termination Attempts : 1 1
          Sum: 2, Avg: 1, Min: 1, Max: 1, Diff: 0]
      [GC Worker End (ms):  16177.1  16177.1
       Avg: 16177.1, Min: 16177.1, Max: 16177.1, Diff:   0.0]
      [GC Worker (ms):  1.9  1.9
       Avg:   1.9, Min:   1.9, Max:   1.9, Diff:   0.0]
      [GC Worker Other (ms):  0.1  0.1
       Avg:   0.1, Min:   0.1, Max:   0.1, Diff:   0.0]
   [Clear CT:   0.0 ms]
   [Other:   0.2 ms]
      [Choose CSet:   0.0 ms]
      [Ref Proc:   0.1 ms]
      [Ref Enq:   0.0 ms]
      [Free CSet:   0.0 ms]
   [Eden: 1024K(101M)->0B(101M) Survivors: 0B->1024K Heap: 397M(512M)->397M(512M)]
 [Times: user=0.00 sys=0.00, real=0.00 secs] 
16.177: [GC concurrent-root-region-scan-start]
16.177: [GC concurrent-root-region-scan-end, 0.0000390]
16.177: [GC concurrent-mark-start]
16.179: [GC concurrent-mark-end, 0.0016020 sec]
16.188: [GC remark 16.189: [GC ref-proc, 0.0000160 secs], 0.0051480 secs]
 [Times: user=0.01 sys=0.00, real=0.01 secs] 
16.194: [GC cleanup 415M->415M(512M), 0.0003540 secs]
 [Times: user=0.00 sys=0.00, real=0.00 secs] 
16.202: [GC pause (young), 0.00110700 secs]
   [Parallel Time:   1.0 ms]
      [GC Worker Start (ms):  16202.5  16202.5
       Avg: 16202.5, Min: 16202.5, Max: 16202.5, Diff:   0.0]
      [Ext Root Scanning (ms):  0.9  0.8
       Avg:   0.9, Min:   0.8, Max:   0.9, Diff:   0.1]
      [Update RS (ms):  0.0  0.0
       Avg:   0.0, Min:   0.0, Max:   0.0, Diff:   0.0]
         [Processed Buffers : 0 7
          Sum: 7, Avg: 3, Min: 0, Max: 7, Diff: 7]
      [Scan RS (ms):  0.0  0.0
       Avg:   0.0, Min:   0.0, Max:   0.0, Diff:   0.0]
      [Object Copy (ms):  0.0  0.1
       Avg:   0.0, Min:   0.0, Max:   0.1, Diff:   0.0]
      [Termination (ms):  0.0  0.0
       Avg:   0.0, Min:   0.0, Max:   0.0, Diff:   0.0]
         [Termination Attempts : 1 1
          Sum: 2, Avg: 1, Min: 1, Max: 1, Diff: 0]
      [GC Worker End (ms):  16203.5  16203.5
       Avg: 16203.5, Min: 16203.5, Max: 16203.5, Diff:   0.0]
      [GC Worker (ms):  1.0  0.9
       Avg:   1.0, Min:   0.9, Max:   1.0, Diff:   0.0]
      [GC Worker Other (ms):  0.1  0.1
       Avg:   0.1, Min:   0.1, Max:   0.1, Diff:   0.0]
   [Clear CT:   0.0 ms]
   [Other:   0.1 ms]
      [Choose CSet:   0.0 ms]
      [Ref Proc:   0.0 ms]
      [Ref Enq:   0.0 ms]
      [Free CSet:   0.0 ms]
   [Eden: 1024K(101M)->0B(101M) Survivors: 1024K->1024K Heap: 426M(512M)->426M(512M)]
 [Times: user=0.00 sys=0.00, real=0.00 secs] 
16.204: [Full GC 426M->246M(512M), 0.0134110 secs]
 [Times: user=0.01 sys=0.00, real=0.01 secs] 
16.260: [GC pause (young) (initial-mark), 0.00216500 secs]
   [Parallel Time:   1.9 ms]
      [GC Worker Start (ms):  16260.4  16260.4
       Avg: 16260.4, Min: 16260.4, Max: 16260.4, Diff:   0.0]
      [Ext Root Scanning (ms):  1.7  1.4
       Avg:   1.6, Min:   1.4, Max:   1.7, Diff:   0.3]
      [Update RS (ms):  0.0  0.0
       Avg:   0.0, Min:   0.0, Max:   0.0, Diff:   0.0]
         [Processed Buffers : 0 2
          Sum: 2, Avg: 1, Min: 0, Max: 2, Diff: 2]
      [Scan RS (ms):  0.0  0.0
       Avg:   0.0, Min:   0.0, Max:   0.0, Diff:   0.0]
      [Object Copy (ms):  0.1  0.3
       Avg:   0.2, Min:   0.1, Max:   0.3, Diff:   0.2]
      [Termination (ms):  0.0  0.1
       Avg:   0.1, Min:   0.0, Max:   0.1, Diff:   0.1]
         [Termination Attempts : 1 1
          Sum: 2, Avg: 1, Min: 1, Max: 1, Diff: 0]
      [GC Worker End (ms):  16262.2  16262.2
       Avg: 16262.2, Min: 16262.2, Max: 16262.2, Diff:   0.0]
      [GC Worker (ms):  1.8  1.8
       Avg:   1.8, Min:   1.8, Max:   1.8, Diff:   0.0]
      [GC Worker Other (ms):  0.1  0.1
       Avg:   0.1, Min:   0.1, Max:   0.1, Diff:   0.0]
   [Clear CT:   0.0 ms]
   [Other:   0.2 ms]
      [Choose CSet:   0.0 ms]
      [Ref Proc:   0.1 ms]
      [Ref Enq:   0.0 ms]
      [Free CSet:   0.0 ms]
   [Eden: 1024K(101M)->0B(130M) Survivors: 0B->1024K Heap: 320M(512M)->320M(512M)]
 [Times: user=0.00 sys=0.00, real=0.00 secs] 
16.263: [GC concurrent-root-region-scan-start]
16.263: [GC concurrent-root-region-scan-end, 0.0001380]
16.263: [GC concurrent-mark-start]
16.264: [GC concurrent-mark-end, 0.0014380 sec]
16.290: [GC remark 16.291: [GC ref-proc, 0.0000140 secs], 0.0032210 secs]
 [Times: user=0.00 sys=0.00, real=0.00 secs] 
16.294: [GC cleanup 369M->369M(512M), 0.0003640 secs]
 [Times: user=0.00 sys=0.00, real=0.00 secs] 
16.313: [GC pause (young) (initial-mark), 0.00169600 secs]
   [Parallel Time:   1.3 ms]
      [GC Worker Start (ms):  16313.5  16313.6
       Avg: 16313.5, Min: 16313.5, Max: 16313.6, Diff:   0.1]
      [Ext Root Scanning (ms):  1.1  0.7
       Avg:   0.9, Min:   0.7, Max:   1.1, Diff:   0.4]
      [Update RS (ms):  0.0  0.0
       Avg:   0.0, Min:   0.0, Max:   0.0, Diff:   0.0]
         [Processed Buffers : 0 7
          Sum: 7, Avg: 3, Min: 0, Max: 7, Diff: 7]
      [Scan RS (ms):  0.0  0.0
       Avg:   0.0, Min:   0.0, Max:   0.0, Diff:   0.0]
      [Object Copy (ms):  0.2  0.4
       Avg:   0.3, Min:   0.2, Max:   0.4, Diff:   0.3]
      [Termination (ms):  0.0  0.1
       Avg:   0.0, Min:   0.0, Max:   0.1, Diff:   0.1]
         [Termination Attempts : 1 1
          Sum: 2, Avg: 1, Min: 1, Max: 1, Diff: 0]
      [GC Worker End (ms):  16314.8  16314.8
       Avg: 16314.8, Min: 16314.8, Max: 16314.8, Diff:   0.0]
      [GC Worker (ms):  1.3  1.2
       Avg:   1.2, Min:   1.2, Max:   1.3, Diff:   0.1]
      [GC Worker Other (ms):  0.1  0.1
       Avg:   0.1, Min:   0.1, Max:   0.1, Diff:   0.0]
   [Clear CT:   0.0 ms]
   [Other:   0.3 ms]
      [Choose CSet:   0.0 ms]
      [Ref Proc:   0.2 ms]
      [Ref Enq:   0.0 ms]
      [Free CSet:   0.0 ms]
   [Eden: 1024K(130M)->0B(101M) Survivors: 1024K->1024K Heap: 396M(512M)->396M(512M)]
 [Times: user=0.00 sys=0.00, real=0.00 secs] 
16.315: [GC concurrent-root-region-scan-start]
16.317: [GC concurrent-root-region-scan-end, 0.0017840]
16.317: [GC concurrent-mark-start]
16.321: [GC concurrent-mark-end, 0.0039480 sec]
16.337: [GC remark 16.337: [GC ref-proc, 0.0000160 secs], 0.0031880 secs]
 [Times: user=0.01 sys=0.00, real=0.01 secs] 
16.341: [GC cleanup 436M->214M(512M), 0.0004810 secs]
 [Times: user=0.00 sys=0.00, real=0.00 secs] 
16.341: [GC concurrent-cleanup-start]
16.341: [GC concurrent-cleanup-end, 0.0004090]
16.353: [GC pause (young) (initial-mark), 0.00119500 secs]
   [Parallel Time:   1.0 ms]
      [GC Worker Start (ms):  16353.3  16353.3
       Avg: 16353.3, Min: 16353.3, Max: 16353.3, Diff:   0.0]
      [Ext Root Scanning (ms):  0.7  0.8
       Avg:   0.8, Min:   0.7, Max:   0.8, Diff:   0.0]
      [Update RS (ms):  0.0  0.0
       Avg:   0.0, Min:   0.0, Max:   0.0, Diff:   0.0]
         [Processed Buffers : 3 0
          Sum: 3, Avg: 1, Min: 0, Max: 3, Diff: 3]
      [Scan RS (ms):  0.0  0.0
       Avg:   0.0, Min:   0.0, Max:   0.0, Diff:   0.0]
      [Object Copy (ms):  0.2  0.2
       Avg:   0.2, Min:   0.2, Max:   0.2, Diff:   0.0]
      [Termination (ms):  0.0  0.0
       Avg:   0.0, Min:   0.0, Max:   0.0, Diff:   0.0]
         [Termination Attempts : 1 1
          Sum: 2, Avg: 1, Min: 1, Max: 1, Diff: 0]
      [GC Worker End (ms):  16354.3  16354.2
       Avg: 16354.3, Min: 16354.2, Max: 16354.3, Diff:   0.0]
      [GC Worker (ms):  1.0  0.9
       Avg:   1.0, Min:   0.9, Max:   1.0, Diff:   0.0]
      [GC Worker Other (ms):  0.1  0.1
       Avg:   0.1, Min:   0.1, Max:   0.1, Diff:   0.0]
   [Clear CT:   0.0 ms]
   [Other:   0.2 ms]
      [Choose CSet:   0.0 ms]
      [Ref Proc:   0.0 ms]
      [Ref Enq:   0.0 ms]
      [Free CSet:   0.0 ms]
   [Eden: 1024K(101M)->0B(224M) Survivors: 1024K->1024K Heap: 227M(512M)->227M(512M)]
 [Times: user=0.00 sys=0.00, real=0.00 secs] 
16.354: [GC concurrent-root-region-scan-start]
16.355: [GC concurrent-root-region-scan-end, 0.0001830]
16.355: [GC concurrent-mark-start]
16.364: [GC concurrent-mark-end, 0.0096610 sec]
16.382: [GC remark 16.382: [GC ref-proc, 0.0000150 secs], 0.0025110 secs]
 [Times: user=0.01 sys=0.00, real=0.00 secs] 
16.468: [GC cleanup 427M->386M(512M), 0.0006880 secs]
 [Times: user=0.00 sys=0.00, real=0.00 secs] 
16.468: [GC concurrent-cleanup-start]
16.469: [GC concurrent-cleanup-end, 0.0001190]
16.507: [GC pause (young) (initial-mark), 0.00171400 secs]
   [Parallel Time:   1.6 ms]
      [GC Worker Start (ms):  16507.4  16508.0
       Avg: 16507.7, Min: 16507.4, Max: 16508.0, Diff:   0.6]
      [Ext Root Scanning (ms):  1.0  0.6
       Avg:   0.8, Min:   0.6, Max:   1.0, Diff:   0.4]
      [Update RS (ms):  0.0  0.0
       Avg:   0.0, Min:   0.0, Max:   0.0, Diff:   0.0]
         [Processed Buffers : 0 3
          Sum: 3, Avg: 1, Min: 0, Max: 3, Diff: 3]
      [Scan RS (ms):  0.0  0.0
       Avg:   0.0, Min:   0.0, Max:   0.0, Diff:   0.0]
      [Object Copy (ms):  0.4  0.1
       Avg:   0.2, Min:   0.1, Max:   0.4, Diff:   0.3]
      [Termination (ms):  0.0  0.1
       Avg:   0.0, Min:   0.0, Max:   0.1, Diff:   0.1]
         [Termination Attempts : 1 1
          Sum: 2, Avg: 1, Min: 1, Max: 1, Diff: 0]
      [GC Worker End (ms):  16508.8  16508.8
       Avg: 16508.8, Min: 16508.8, Max: 16508.8, Diff:   0.0]
      [GC Worker (ms):  1.4  0.8
       Avg:   1.1, Min:   0.8, Max:   1.4, Diff:   0.6]
      [GC Worker Other (ms):  0.2  0.7
       Avg:   0.5, Min:   0.2, Max:   0.7, Diff:   0.6]
   [Clear CT:   0.0 ms]
   [Other:   0.1 ms]
      [Choose CSet:   0.0 ms]
      [Ref Proc:   0.0 ms]
      [Ref Enq:   0.0 ms]
      [Free CSet:   0.0 ms]
   [Eden: 1024K(224M)->0B(101M) Survivors: 1024K->1024K Heap: 447M(512M)->447M(512M)]
 [Times: user=0.01 sys=0.00, real=0.01 secs] 
16.509: [GC concurrent-root-region-scan-start]
16.509: [GC concurrent-root-region-scan-end, 0.0001050]
16.509: [GC concurrent-mark-start]
16.510: [GC pause (young), 0.00062500 secs]
   [Parallel Time:   0.6 ms]
      [GC Worker Start (ms):  16509.9  16509.9
       Avg: 16509.9, Min: 16509.9, Max: 16509.9, Diff:   0.0]
      [Ext Root Scanning (ms):  0.4  0.5
       Avg:   0.4, Min:   0.4, Max:   0.5, Diff:   0.0]
      [SATB Filtering (ms):  0.0  0.0
       Avg:   0.0, Min:   0.0, Max:   0.0, Diff:   0.0]
      [Update RS (ms):  0.0  0.0
       Avg:   0.0, Min:   0.0, Max:   0.0, Diff:   0.0]
         [Processed Buffers : 3 0
          Sum: 3, Avg: 1, Min: 0, Max: 3, Diff: 3]
      [Scan RS (ms):  0.0  0.0
       Avg:   0.0, Min:   0.0, Max:   0.0, Diff:   0.0]
      [Object Copy (ms):  0.0  0.0
       Avg:   0.0, Min:   0.0, Max:   0.0, Diff:   0.0]
      [Termination (ms):  0.0  0.0
       Avg:   0.0, Min:   0.0, Max:   0.0, Diff:   0.0]
         [Termination Attempts : 1 1
          Sum: 2, Avg: 1, Min: 1, Max: 1, Diff: 0]
      [GC Worker End (ms):  16510.4  16510.4
       Avg: 16510.4, Min: 16510.4, Max: 16510.4, Diff:   0.0]
      [GC Worker (ms):  0.5  0.5
       Avg:   0.5, Min:   0.5, Max:   0.5, Diff:   0.0]
      [GC Worker Other (ms):  0.0  0.1
       Avg:   0.1, Min:   0.0, Max:   0.1, Diff:   0.0]
   [Complete CSet Marking:   0.0 ms]
   [Clear CT:   0.0 ms]
   [Other:   0.0 ms]
      [Choose CSet:   0.0 ms]
      [Ref Proc:   0.0 ms]
      [Ref Enq:   0.0 ms]
      [Free CSet:   0.0 ms]
   [Eden: 0B(101M)->0B(101M) Survivors: 1024K->1024K Heap: 447M(512M)->447M(512M)]
 [Times: user=0.00 sys=0.00, real=0.00 secs] 
16.511: [Full GC 447M->226M(512M), 0.0123580 secs]
 [Times: user=0.01 sys=0.00, real=0.01 secs] 
16.523: [GC concurrent-mark-abort]
16.544: [GC pause (young) (initial-mark), 0.00265700 secs]
   [Parallel Time:   2.4 ms]
      [GC Worker Start (ms):  16543.7  16544.7
       Avg: 16544.2, Min: 16543.7, Max: 16544.7, Diff:   1.0]
      [Ext Root Scanning (ms):  1.6  1.2
       Avg:   1.4, Min:   1.2, Max:   1.6, Diff:   0.4]
      [Update RS (ms):  0.0  0.0
       Avg:   0.0, Min:   0.0, Max:   0.0, Diff:   0.0]
         [Processed Buffers : 1 0
          Sum: 1, Avg: 0, Min: 0, Max: 1, Diff: 1]
      [Scan RS (ms):  0.0  0.0
       Avg:   0.0, Min:   0.0, Max:   0.0, Diff:   0.0]
      [Object Copy (ms):  0.3  0.1
       Avg:   0.2, Min:   0.1, Max:   0.3, Diff:   0.2]
      [Termination (ms):  0.4  0.0
       Avg:   0.2, Min:   0.0, Max:   0.4, Diff:   0.4]
         [Termination Attempts : 1 1
          Sum: 2, Avg: 1, Min: 1, Max: 1, Diff: 0]
      [GC Worker End (ms):  16546.1  16546.0
       Avg: 16546.1, Min: 16546.0, Max: 16546.1, Diff:   0.1]
      [GC Worker (ms):  2.4  1.3
       Avg:   1.8, Min:   1.3, Max:   2.4, Diff:   1.1]
      [GC Worker Other (ms):  0.1  1.1
       Avg:   0.6, Min:   0.1, Max:   1.1, Diff:   1.1]
   [Clear CT:   0.0 ms]
   [Other:   0.2 ms]
      [Choose CSet:   0.0 ms]
      [Ref Proc:   0.0 ms]
      [Ref Enq:   0.0 ms]
      [Free CSet:   0.0 ms]
   [Eden: 1024K(101M)->0B(196M) Survivors: 0B->1024K Heap: 253M(512M)->253M(512M)]
 [Times: user=0.00 sys=0.00, real=0.00 secs] 
16.546: [GC concurrent-root-region-scan-start]
16.546: [GC concurrent-root-region-scan-end, 0.0000470]
16.546: [GC concurrent-mark-start]
16.548: [GC concurrent-mark-end, 0.0019160 sec]
16.553: [GC remark 16.553: [GC ref-proc, 0.0000150 secs], 0.0034870 secs]
 [Times: user=0.01 sys=0.00, real=0.00 secs] 
16.556: [GC cleanup 267M->267M(512M), 0.0004670 secs]
 [Times: user=0.00 sys=0.00, real=0.00 secs] 
16.569: [GC pause (young) (initial-mark), 0.00135900 secs]
   [Parallel Time:   1.2 ms]
      [GC Worker Start (ms):  16568.7  16568.7
       Avg: 16568.7, Min: 16568.7, Max: 16568.7, Diff:   0.0]
      [Ext Root Scanning (ms):  0.8  1.0
       Avg:   0.9, Min:   0.8, Max:   1.0, Diff:   0.2]
      [Update RS (ms):  0.0  0.0
       Avg:   0.0, Min:   0.0, Max:   0.0, Diff:   0.0]
         [Processed Buffers : 6 0
          Sum: 6, Avg: 3, Min: 0, Max: 6, Diff: 6]
      [Scan RS (ms):  0.0  0.0
       Avg:   0.0, Min:   0.0, Max:   0.0, Diff:   0.0]
      [Object Copy (ms):  0.2  0.2
       Avg:   0.2, Min:   0.2, Max:   0.2, Diff:   0.0]
      [Termination (ms):  0.1  0.0
       Avg:   0.1, Min:   0.0, Max:   0.1, Diff:   0.1]
         [Termination Attempts : 1 1
          Sum: 2, Avg: 1, Min: 1, Max: 1, Diff: 0]
      [GC Worker End (ms):  16569.8  16569.8
       Avg: 16569.8, Min: 16569.8, Max: 16569.8, Diff:   0.0]
      [GC Worker (ms):  1.1  1.1
       Avg:   1.1, Min:   1.1, Max:   1.1, Diff:   0.0]
      [GC Worker Other (ms):  0.1  0.1
       Avg:   0.1, Min:   0.1, Max:   0.1, Diff:   0.0]
   [Clear CT:   0.0 ms]
   [Other:   0.2 ms]
      [Choose CSet:   0.0 ms]
      [Ref Proc:   0.0 ms]
      [Ref Enq:   0.0 ms]
      [Free CSet:   0.0 ms]
   [Eden: 1024K(196M)->0B(170M) Survivors: 1024K->1024K Heap: 278M(512M)->278M(512M)]
 [Times: user=0.00 sys=0.00, real=0.01 secs] 
16.570: [GC concurrent-root-region-scan-start]
16.570: [GC concurrent-root-region-scan-end, 0.0000530]
16.570: [GC concurrent-mark-start]
16.573: [GC concurrent-mark-end, 0.0028310 sec]
16.583: [GC remark 16.583: [GC ref-proc, 0.0000160 secs], 0.0025040 secs]
 [Times: user=0.00 sys=0.00, real=0.00 secs] 
16.585: [GC cleanup 301M->173M(512M), 0.0005570 secs]
 [Times: user=0.00 sys=0.00, real=0.00 secs] 
16.586: [GC concurrent-cleanup-start]
16.586: [GC concurrent-cleanup-end, 0.0002880]
16.670: [GC pause (young) (initial-mark), 0.00134000 secs]
   [Parallel Time:   1.1 ms]
      [GC Worker Start (ms):  16669.9  16669.9
       Avg: 16669.9, Min: 16669.9, Max: 16669.9, Diff:   0.0]
      [Ext Root Scanning (ms):  0.7  0.8
       Avg:   0.8, Min:   0.7, Max:   0.8, Diff:   0.1]
      [Update RS (ms):  0.0  0.0
       Avg:   0.0, Min:   0.0, Max:   0.0, Diff:   0.0]
         [Processed Buffers : 3 0
          Sum: 3, Avg: 1, Min: 0, Max: 3, Diff: 3]
      [Scan RS (ms):  0.0  0.0
       Avg:   0.0, Min:   0.0, Max:   0.0, Diff:   0.0]
      [Object Copy (ms):  0.2  0.2
       Avg:   0.2, Min:   0.2, Max:   0.2, Diff:   0.1]
      [Termination (ms):  0.0  0.0
       Avg:   0.0, Min:   0.0, Max:   0.0, Diff:   0.0]
         [Termination Attempts : 1 1
          Sum: 2, Avg: 1, Min: 1, Max: 1, Diff: 0]
      [GC Worker End (ms):  16670.9  16670.9
       Avg: 16670.9, Min: 16670.9, Max: 16670.9, Diff:   0.0]
      [GC Worker (ms):  1.0  1.0
       Avg:   1.0, Min:   1.0, Max:   1.0, Diff:   0.0]
      [GC Worker Other (ms):  0.1  0.1
       Avg:   0.1, Min:   0.1, Max:   0.1, Diff:   0.0]
   [Clear CT:   0.0 ms]
   [Other:   0.2 ms]
      [Choose CSet:   0.0 ms]
      [Ref Proc:   0.0 ms]
      [Ref Enq:   0.0 ms]
      [Free CSet:   0.0 ms]
   [Eden: 1024K(170M)->0B(130M) Survivors: 1024K->1024K Heap: 317M(512M)->317M(512M)]
 [Times: user=0.01 sys=0.00, real=0.00 secs] 
16.671: [GC concurrent-root-region-scan-start]
16.672: [GC concurrent-root-region-scan-end, 0.0003040]
16.672: [GC concurrent-mark-start]
16.676: [GC concurrent-mark-end, 0.0040100 sec]
16.715: [GC remark 16.715: [GC ref-proc, 0.0000140 secs], 0.0036230 secs]
 [Times: user=0.01 sys=0.00, real=0.00 secs] 
16.729: [GC pause (young), 0.00128900 secs]
   [Parallel Time:   1.2 ms]
      [GC Worker Start (ms):  16729.1  16729.1
       Avg: 16729.1, Min: 16729.1, Max: 16729.1, Diff:   0.0]
      [Ext Root Scanning (ms):  0.9  1.1
       Avg:   1.0, Min:   0.9, Max:   1.1, Diff:   0.2]
      [SATB Filtering (ms):  0.0  0.0
       Avg:   0.0, Min:   0.0, Max:   0.0, Diff:   0.0]
      [Update RS (ms):  0.0  0.0
       Avg:   0.0, Min:   0.0, Max:   0.0, Diff:   0.0]
         [Processed Buffers : 4 0
          Sum: 4, Avg: 2, Min: 0, Max: 4, Diff: 4]
      [Scan RS (ms):  0.0  0.0
       Avg:   0.0, Min:   0.0, Max:   0.0, Diff:   0.0]
      [Object Copy (ms):  0.1  0.0
       Avg:   0.0, Min:   0.0, Max:   0.1, Diff:   0.0]
      [Termination (ms):  0.2  0.0
       Avg:   0.1, Min:   0.0, Max:   0.2, Diff:   0.2]
         [Termination Attempts : 1 1
          Sum: 2, Avg: 1, Min: 1, Max: 1, Diff: 0]
      [GC Worker End (ms):  16730.3  16730.3
       Avg: 16730.3, Min: 16730.3, Max: 16730.3, Diff:   0.0]
      [GC Worker (ms):  1.2  1.1
       Avg:   1.1, Min:   1.1, Max:   1.2, Diff:   0.0]
      [GC Worker Other (ms):  0.0  0.1
       Avg:   0.0, Min:   0.0, Max:   0.1, Diff:   0.0]
   [Complete CSet Marking:   0.0 ms]
   [Clear CT:   0.0 ms]
   [Other:   0.1 ms]
      [Choose CSet:   0.0 ms]
      [Ref Proc:   0.0 ms]
      [Ref Enq:   0.0 ms]
      [Free CSet:   0.0 ms]
   [Eden: 1024K(130M)->0B(101M) Survivors: 1024K->1024K Heap: 416M(512M)->416M(512M)]
 [Times: user=0.01 sys=0.00, real=0.00 secs] 
16.735: [GC pause (young), 0.00112400 secs]
   [Parallel Time:   1.0 ms]
      [GC Worker Start (ms):  16735.4  16735.4
       Avg: 16735.4, Min: 16735.4, Max: 16735.4, Diff:   0.0]
      [Ext Root Scanning (ms):  0.9  0.9
       Avg:   0.9, Min:   0.9, Max:   0.9, Diff:   0.0]
      [SATB Filtering (ms):  0.0  0.0
       Avg:   0.0, Min:   0.0, Max:   0.0, Diff:   0.0]
      [Update RS (ms):  0.0  0.0
       Avg:   0.0, Min:   0.0, Max:   0.0, Diff:   0.0]
         [Processed Buffers : 3 0
          Sum: 3, Avg: 1, Min: 0, Max: 3, Diff: 3]
      [Scan RS (ms):  0.0  0.0
       Avg:   0.0, Min:   0.0, Max:   0.0, Diff:   0.0]
      [Object Copy (ms):  0.0  0.1
       Avg:   0.1, Min:   0.0, Max:   0.1, Diff:   0.0]
      [Termination (ms):  0.0  0.0
       Avg:   0.0, Min:   0.0, Max:   0.0, Diff:   0.0]
         [Termination Attempts : 1 1
          Sum: 2, Avg: 1, Min: 1, Max: 1, Diff: 0]
      [GC Worker End (ms):  16736.4  16736.4
       Avg: 16736.4, Min: 16736.4, Max: 16736.4, Diff:   0.0]
      [GC Worker (ms):  1.0  0.9
       Avg:   1.0, Min:   0.9, Max:   1.0, Diff:   0.0]
      [GC Worker Other (ms):  0.1  0.1
       Avg:   0.1, Min:   0.1, Max:   0.1, Diff:   0.0]
   [Complete CSet Marking:   0.0 ms]
   [Clear CT:   0.0 ms]
   [Other:   0.1 ms]
      [Choose CSet:   0.0 ms]
      [Ref Proc:   0.0 ms]
      [Ref Enq:   0.0 ms]
      [Free CSet:   0.0 ms]
   [Eden: 1024K(101M)->0B(101M) Survivors: 1024K->1024K Heap: 426M(512M)->426M(512M)]
 [Times: user=0.00 sys=0.00, real=0.00 secs] 
16.737: [Full GC 426M->300M(512M), 0.0127840 secs]
 [Times: user=0.01 sys=0.00, real=0.02 secs] 
16.793: [GC cleanup, 0.0000010 secs]
 [Times: user=0.00 sys=0.00, real=0.00 secs] 
16.793: [GC concurrent-mark-abort]
16.819: [GC pause (young) (initial-mark), 0.00213800 secs]
   [Parallel Time:   2.0 ms]
      [GC Worker Start (ms):  16818.7  16818.7
       Avg: 16818.7, Min: 16818.7, Max: 16818.7, Diff:   0.0]
      [Ext Root Scanning (ms):  1.4  1.8
       Avg:   1.6, Min:   1.4, Max:   1.8, Diff:   0.3]
      [Update RS (ms):  0.0  0.0
       Avg:   0.0, Min:   0.0, Max:   0.0, Diff:   0.0]
         [Processed Buffers : 3 0
          Sum: 3, Avg: 1, Min: 0, Max: 3, Diff: 3]
      [Scan RS (ms):  0.0  0.0
       Avg:   0.0, Min:   0.0, Max:   0.0, Diff:   0.0]
      [Object Copy (ms):  0.2  0.2
       Avg:   0.2, Min:   0.2, Max:   0.2, Diff:   0.1]
      [Termination (ms):  0.3  0.0
       Avg:   0.1, Min:   0.0, Max:   0.3, Diff:   0.3]
         [Termination Attempts : 1 1
          Sum: 2, Avg: 1, Min: 1, Max: 1, Diff: 0]
      [GC Worker End (ms):  16820.7  16820.7
       Avg: 16820.7, Min: 16820.7, Max: 16820.7, Diff:   0.0]
      [GC Worker (ms):  1.9  1.9
       Avg:   1.9, Min:   1.9, Max:   1.9, Diff:   0.0]
      [GC Worker Other (ms):  0.1  0.1
       Avg:   0.1, Min:   0.1, Max:   0.1, Diff:   0.0]
   [Clear CT:   0.0 ms]
   [Other:   0.1 ms]
      [Choose CSet:   0.0 ms]
      [Ref Proc:   0.0 ms]
      [Ref Enq:   0.0 ms]
      [Free CSet:   0.0 ms]
   [Eden: 1024K(101M)->0B(101M) Survivors: 0B->1024K Heap: 415M(512M)->415M(512M)]
 [Times: user=0.01 sys=0.00, real=0.01 secs] 
16.821: [GC concurrent-root-region-scan-start]
16.821: [GC concurrent-root-region-scan-end, 0.0000700]
16.821: [GC concurrent-mark-start]
16.823: [GC concurrent-mark-end, 0.0024040 sec]
16.828: [GC pause (young), 0.00126600 secs]
   [Parallel Time:   1.0 ms]
      [GC Worker Start (ms):  16828.1  16828.1
       Avg: 16828.1, Min: 16828.1, Max: 16828.1, Diff:   0.0]
      [Ext Root Scanning (ms):  0.9  0.8
       Avg:   0.8, Min:   0.8, Max:   0.9, Diff:   0.1]
      [SATB Filtering (ms):  0.0  0.0
       Avg:   0.0, Min:   0.0, Max:   0.0, Diff:   0.0]
      [Update RS (ms):  0.0  0.0
       Avg:   0.0, Min:   0.0, Max:   0.0, Diff:   0.0]
         [Processed Buffers : 0 3
          Sum: 3, Avg: 1, Min: 0, Max: 3, Diff: 3]
      [Scan RS (ms):  0.0  0.0
       Avg:   0.0, Min:   0.0, Max:   0.0, Diff:   0.0]
      [Object Copy (ms):  0.0  0.1
       Avg:   0.0, Min:   0.0, Max:   0.1, Diff:   0.0]
      [Termination (ms):  0.0  0.0
       Avg:   0.0, Min:   0.0, Max:   0.0, Diff:   0.0]
         [Termination Attempts : 1 1
          Sum: 2, Avg: 1, Min: 1, Max: 1, Diff: 0]
      [GC Worker End (ms):  16829.0  16829.0
       Avg: 16829.0, Min: 16829.0, Max: 16829.0, Diff:   0.0]
      [GC Worker (ms):  0.9  0.9
       Avg:   0.9, Min:   0.9, Max:   0.9, Diff:   0.0]
      [GC Worker Other (ms):  0.1  0.1
       Avg:   0.1, Min:   0.1, Max:   0.1, Diff:   0.0]
   [Complete CSet Marking:   0.0 ms]
   [Clear CT:   0.0 ms]
   [Other:   0.3 ms]
      [Choose CSet:   0.0 ms]
      [Ref Proc:   0.2 ms]
      [Ref Enq:   0.0 ms]
      [Free CSet:   0.0 ms]
   [Eden: 1024K(101M)->0B(101M) Survivors: 1024K->1024K Heap: 430M(512M)->430M(512M)]
 [Times: user=0.00 sys=0.00, real=0.01 secs] 
16.830: [Full GC 430M->323M(512M), 0.0123890 secs]
 [Times: user=0.01 sys=0.00, real=0.01 secs] 
16.890: [GC pause (young), 0.00185000 secs]
   [Parallel Time:   1.7 ms]
      [GC Worker Start (ms):  16890.5  16890.5
       Avg: 16890.5, Min: 16890.5, Max: 16890.5, Diff:   0.0]
      [Ext Root Scanning (ms):  1.5  1.6
       Avg:   1.5, Min:   1.5, Max:   1.6, Diff:   0.1]
      [SATB Filtering (ms):  0.0  0.0
       Avg:   0.0, Min:   0.0, Max:   0.0, Diff:   0.0]
      [Update RS (ms):  0.0  0.0
       Avg:   0.0, Min:   0.0, Max:   0.0, Diff:   0.0]
         [Processed Buffers : 5 0
          Sum: 5, Avg: 2, Min: 0, Max: 5, Diff: 5]
      [Scan RS (ms):  0.0  0.0
       Avg:   0.0, Min:   0.0, Max:   0.0, Diff:   0.0]
      [Object Copy (ms):  0.1  0.1
       Avg:   0.1, Min:   0.1, Max:   0.1, Diff:   0.0]
      [Termination (ms):  0.1  0.0
       Avg:   0.0, Min:   0.0, Max:   0.1, Diff:   0.1]
         [Termination Attempts : 1 1
          Sum: 2, Avg: 1, Min: 1, Max: 1, Diff: 0]
      [GC Worker End (ms):  16892.2  16892.2
       Avg: 16892.2, Min: 16892.2, Max: 16892.2, Diff:   0.0]
      [GC Worker (ms):  1.7  1.7
       Avg:   1.7, Min:   1.7, Max:   1.7, Diff:   0.0]
      [GC Worker Other (ms):  0.1  0.1
       Avg:   0.1, Min:   0.1, Max:   0.1, Diff:   0.0]
   [Complete CSet Marking:   0.0 ms]
   [Clear CT:   0.0 ms]
   [Other:   0.1 ms]
      [Choose CSet:   0.0 ms]
      [Ref Proc:   0.0 ms]
      [Ref Enq:   0.0 ms]
      [Free CSet:   0.0 ms]
   [Eden: 1024K(101M)->0B(101M) Survivors: 0B->1024K Heap: 412M(512M)->411M(512M)]
 [Times: user=0.01 sys=0.00, real=0.00 secs] 
16.902: [Full GC 428M->267M(512M), 0.0136670 secs]
 [Times: user=0.01 sys=0.00, real=0.01 secs] 
16.936: [GC remark, 0.0000010 secs]
 [Times: user=0.00 sys=0.00, real=0.00 secs] 
16.936: [GC concurrent-mark-abort]
16.959: [GC pause (young) (initial-mark), 0.00224600 secs]
   [Parallel Time:   2.1 ms]
      [GC Worker Start (ms):  16959.4  16959.4
       Avg: 16959.4, Min: 16959.4, Max: 16959.4, Diff:   0.0]
      [Ext Root Scanning (ms):  1.5  1.9
       Avg:   1.7, Min:   1.5, Max:   1.9, Diff:   0.4]
      [Update RS (ms):  0.0  0.0
       Avg:   0.0, Min:   0.0, Max:   0.0, Diff:   0.0]
         [Processed Buffers : 4 0
          Sum: 4, Avg: 2, Min: 0, Max: 4, Diff: 4]
      [Scan RS (ms):  0.0  0.0
       Avg:   0.0, Min:   0.0, Max:   0.0, Diff:   0.0]
      [Object Copy (ms):  0.3  0.1
       Avg:   0.2, Min:   0.1, Max:   0.3, Diff:   0.2]
      [Termination (ms):  0.3  0.0
       Avg:   0.1, Min:   0.0, Max:   0.3, Diff:   0.3]
         [Termination Attempts : 1 1
          Sum: 2, Avg: 1, Min: 1, Max: 1, Diff: 0]
      [GC Worker End (ms):  16961.4  16961.4
       Avg: 16961.4, Min: 16961.4, Max: 16961.4, Diff:   0.0]
      [GC Worker (ms):  2.0  2.0
       Avg:   2.0, Min:   2.0, Max:   2.0, Diff:   0.0]
      [GC Worker Other (ms):  0.0  0.1
       Avg:   0.1, Min:   0.0, Max:   0.1, Diff:   0.0]
   [Clear CT:   0.0 ms]
   [Other:   0.2 ms]
      [Choose CSet:   0.0 ms]
      [Ref Proc:   0.0 ms]
      [Ref Enq:   0.0 ms]
      [Free CSet:   0.0 ms]
   [Eden: 1024K(101M)->0B(111M) Survivors: 0B->1024K Heap: 337M(512M)->337M(512M)]
 [Times: user=0.00 sys=0.00, real=0.00 secs] 
16.962: [GC concurrent-root-region-scan-start]
16.962: [GC concurrent-root-region-scan-end, 0.0000410]
16.962: [GC concurrent-mark-start]
16.965: [GC concurrent-mark-end, 0.0026150 sec]
16.969: [GC remark 16.970: [GC ref-proc, 0.0000170 secs], 0.0034890 secs]
 [Times: user=0.01 sys=0.00, real=0.00 secs] 
16.973: [GC cleanup 351M->243M(512M), 0.0005150 secs]
 [Times: user=0.00 sys=0.00, real=0.00 secs] 
16.973: [GC concurrent-cleanup-start]
16.974: [GC concurrent-cleanup-end, 0.0002240]
16.990: [GC pause (young) (initial-mark), 0.00169600 secs]
   [Parallel Time:   1.5 ms]
      [GC Worker Start (ms):  16990.5  16990.5
       Avg: 16990.5, Min: 16990.5, Max: 16990.5, Diff:   0.0]
      [Ext Root Scanning (ms):  0.8  1.2
       Avg:   1.0, Min:   0.8, Max:   1.2, Diff:   0.4]
      [Update RS (ms):  0.0  0.0
       Avg:   0.0, Min:   0.0, Max:   0.0, Diff:   0.0]
         [Processed Buffers : 4 0
          Sum: 4, Avg: 2, Min: 0, Max: 4, Diff: 4]
      [Scan RS (ms):  0.0  0.0
       Avg:   0.0, Min:   0.0, Max:   0.0, Diff:   0.0]
      [Object Copy (ms):  0.2  0.2
       Avg:   0.2, Min:   0.2, Max:   0.2, Diff:   0.0]
      [Termination (ms):  0.4  0.0
       Avg:   0.2, Min:   0.0, Max:   0.4, Diff:   0.4]
         [Termination Attempts : 1 1
          Sum: 2, Avg: 1, Min: 1, Max: 1, Diff: 0]
      [GC Worker End (ms):  16991.9  16991.9
       Avg: 16991.9, Min: 16991.9, Max: 16991.9, Diff:   0.0]
      [GC Worker (ms):  1.5  1.4
       Avg:   1.5, Min:   1.4, Max:   1.5, Diff:   0.0]
      [GC Worker Other (ms):  0.0  0.1
       Avg:   0.1, Min:   0.0, Max:   0.1, Diff:   0.0]
   [Clear CT:   0.0 ms]
   [Other:   0.2 ms]
      [Choose CSet:   0.0 ms]
      [Ref Proc:   0.0 ms]
      [Ref Enq:   0.0 ms]
      [Free CSet:   0.0 ms]
   [Eden: 1024K(111M)->0B(185M) Survivors: 1024K->1024K Heap: 264M(512M)->264M(512M)]
 [Times: user=0.00 sys=0.00, real=0.00 secs] 
16.992: [GC concurrent-root-region-scan-start]
16.992: [GC concurrent-root-region-scan-end, 0.0000860]
16.992: [GC concurrent-mark-start]
16.994: [GC concurrent-mark-end, 0.0018820 sec]
17.007: [GC remark 17.007: [GC ref-proc, 0.0000150 secs], 0.0027040 secs]
 [Times: user=0.01 sys=0.00, real=0.01 secs] 
17.090: [GC cleanup 433M->353M(512M), 0.0005840 secs]
 [Times: user=0.00 sys=0.00, real=0.00 secs] 
17.090: [GC concurrent-cleanup-start]
17.091: [GC concurrent-cleanup-end, 0.0005610]
17.115: [GC pause (young) (initial-mark), 0.00150900 secs]
   [Parallel Time:   1.3 ms]
      [GC Worker Start (ms):  17114.8  17114.8
       Avg: 17114.8, Min: 17114.8, Max: 17114.8, Diff:   0.0]
      [Ext Root Scanning (ms):  1.0  1.1
       Avg:   1.1, Min:   1.0, Max:   1.1, Diff:   0.1]
      [Update RS (ms):  0.1  0.0
       Avg:   0.0, Min:   0.0, Max:   0.1, Diff:   0.1]
         [Processed Buffers : 3 0
          Sum: 3, Avg: 1, Min: 0, Max: 3, Diff: 3]
      [Scan RS (ms):  0.0  0.0
       Avg:   0.0, Min:   0.0, Max:   0.0, Diff:   0.0]
      [Object Copy (ms):  0.2  0.2
       Avg:   0.2, Min:   0.2, Max:   0.2, Diff:   0.0]
      [Termination (ms):  0.0  0.0
       Avg:   0.0, Min:   0.0, Max:   0.0, Diff:   0.0]
         [Termination Attempts : 1 1
          Sum: 2, Avg: 1, Min: 1, Max: 1, Diff: 0]
      [GC Worker End (ms):  17116.1  17116.1
       Avg: 17116.1, Min: 17116.1, Max: 17116.1, Diff:   0.0]
      [GC Worker (ms):  1.3  1.3
       Avg:   1.3, Min:   1.3, Max:   1.3, Diff:   0.0]
      [GC Worker Other (ms):  0.0  0.1
       Avg:   0.1, Min:   0.0, Max:   0.1, Diff:   0.0]
   [Clear CT:   0.0 ms]
   [Other:   0.1 ms]
      [Choose CSet:   0.0 ms]
      [Ref Proc:   0.0 ms]
      [Ref Enq:   0.0 ms]
      [Free CSet:   0.0 ms]
   [Eden: 1024K(185M)->0B(101M) Survivors: 1024K->1024K Heap: 386M(512M)->386M(512M)]
 [Times: user=0.00 sys=0.00, real=0.00 secs] 
17.116: [GC concurrent-root-region-scan-start]
17.117: [GC concurrent-root-region-scan-end, 0.0002990]
17.117: [GC concurrent-mark-start]
17.129: [GC pause (young), 0.00125600 secs]
   [Parallel Time:   1.1 ms]
      [GC Worker Start (ms):  17129.0  17129.1
       Avg: 17129.0, Min: 17129.0, Max: 17129.1, Diff:   0.0]
      [Ext Root Scanning (ms):  0.8  1.0
       Avg:   0.9, Min:   0.8, Max:   1.0, Diff:   0.2]
      [SATB Filtering (ms):  0.0  0.0
       Avg:   0.0, Min:   0.0, Max:   0.0, Diff:   0.0]
      [Update RS (ms):  0.0  0.0
       Avg:   0.0, Min:   0.0, Max:   0.0, Diff:   0.0]
         [Processed Buffers : 3 0
          Sum: 3, Avg: 1, Min: 0, Max: 3, Diff: 3]
      [Scan RS (ms):  0.0  0.0
       Avg:   0.0, Min:   0.0, Max:   0.0, Diff:   0.0]
      [Object Copy (ms):  0.1  0.0
       Avg:   0.1, Min:   0.0, Max:   0.1, Diff:   0.0]
      [Termination (ms):  0.1  0.0
       Avg:   0.1, Min:   0.0, Max:   0.1, Diff:   0.1]
         [Termination Attempts : 1 1
          Sum: 2, Avg: 1, Min: 1, Max: 1, Diff: 0]
      [GC Worker End (ms):  17130.1  17130.1
       Avg: 17130.1, Min: 17130.1, Max: 17130.1, Diff:   0.0]
      [GC Worker (ms):  1.1  1.1
       Avg:   1.1, Min:   1.1, Max:   1.1, Diff:   0.0]
      [GC Worker Other (ms):  0.0  0.1
       Avg:   0.1, Min:   0.0, Max:   0.1, Diff:   0.0]
   [Complete CSet Marking:   0.0 ms]
   [Clear CT:   0.0 ms]
   [Other:   0.1 ms]
      [Choose CSet:   0.0 ms]
      [Ref Proc:   0.1 ms]
      [Ref Enq:   0.0 ms]
      [Free CSet:   0.0 ms]
   [Eden: 0B(101M)->0B(101M) Survivors: 1024K->1024K Heap: 409M(512M)->409M(512M)]
 [Times: user=0.00 sys=0.00, real=0.00 secs] 
17.131: [Full GC 409M->315M(512M), 0.0116800 secs]
 [Times: user=0.01 sys=0.00, real=0.01 secs] 
17.143: [GC concurrent-mark-abort]
17.170: [GC pause (young) (initial-mark), 0.00203900 secs]
   [Parallel Time:   1.9 ms]
      [GC Worker Start (ms):  17170.6  17171.1
       Avg: 17170.9, Min: 17170.6, Max: 17171.1, Diff:   0.5]
      [Ext Root Scanning (ms):  1.6  1.1
       Avg:   1.3, Min:   1.1, Max:   1.6, Diff:   0.4]
      [Update RS (ms):  0.0  0.0
       Avg:   0.0, Min:   0.0, Max:   0.0, Diff:   0.0]
         [Processed Buffers : 0 1
          Sum: 1, Avg: 0, Min: 0, Max: 1, Diff: 1]
      [Scan RS (ms):  0.0  0.0
       Avg:   0.0, Min:   0.0, Max:   0.0, Diff:   0.0]
      [Object Copy (ms):  0.3  0.1
       Avg:   0.2, Min:   0.1, Max:   0.3, Diff:   0.2]
      [Termination (ms):  0.0  0.0
       Avg:   0.0, Min:   0.0, Max:   0.0, Diff:   0.0]
         [Termination Attempts : 1 1
          Sum: 2, Avg: 1, Min: 1, Max: 1, Diff: 0]
      [GC Worker End (ms):  17172.4  17172.4
       Avg: 17172.4, Min: 17172.4, Max: 17172.4, Diff:   0.0]
      [GC Worker (ms):  1.8  1.3
       Avg:   1.6, Min:   1.3, Max:   1.8, Diff:   0.5]
      [GC Worker Other (ms):  0.0  0.6
       Avg:   0.3, Min:   0.0, Max:   0.6, Diff:   0.5]
   [Clear CT:   0.0 ms]
   [Other:   0.2 ms]
      [Choose CSet:   0.0 ms]
      [Ref Proc:   0.0 ms]
      [Ref Enq:   0.0 ms]
      [Free CSet:   0.0 ms]
   [Eden: 1024K(101M)->0B(101M) Survivors: 0B->1024K Heap: 356M(512M)->356M(512M)]
 [Times: user=0.00 sys=0.00, real=0.00 secs] 
17.173: [GC concurrent-root-region-scan-start]
17.174: [GC concurrent-root-region-scan-end, 0.0013660]
17.174: [GC concurrent-mark-start]
17.176: [GC concurrent-mark-end, 0.0023720 sec]
17.191: [GC remark 17.191: [GC ref-proc, 0.0000160 secs], 0.0035810 secs]
 [Times: user=0.00 sys=0.00, real=0.00 secs] 
17.194: [GC cleanup 390M->390M(512M), 0.0003810 secs]
 [Times: user=0.00 sys=0.00, real=0.00 secs] 
17.219: [GC pause (young) (initial-mark), 0.00175800 secs]
   [Parallel Time:   1.6 ms]
      [GC Worker Start (ms):  17219.4  17219.4
       Avg: 17219.4, Min: 17219.4, Max: 17219.4, Diff:   0.0]
      [Ext Root Scanning (ms):  0.7  1.4
       Avg:   1.1, Min:   0.7, Max:   1.4, Diff:   0.7]
      [Update RS (ms):  0.0  0.0
       Avg:   0.0, Min:   0.0, Max:   0.0, Diff:   0.0]
         [Processed Buffers : 5 0
          Sum: 5, Avg: 2, Min: 0, Max: 5, Diff: 5]
      [Scan RS (ms):  0.0  0.0
       Avg:   0.0, Min:   0.0, Max:   0.0, Diff:   0.0]
      [Object Copy (ms):  0.2  0.1
       Avg:   0.2, Min:   0.1, Max:   0.2, Diff:   0.1]
      [Termination (ms):  0.6  0.0
       Avg:   0.3, Min:   0.0, Max:   0.6, Diff:   0.6]
         [Termination Attempts : 1 1
          Sum: 2, Avg: 1, Min: 1, Max: 1, Diff: 0]
      [GC Worker End (ms):  17221.0  17220.9
       Avg: 17221.0, Min: 17220.9, Max: 17221.0, Diff:   0.0]
      [GC Worker (ms):  1.6  1.5
       Avg:   1.6, Min:   1.5, Max:   1.6, Diff:   0.0]
      [GC Worker Other (ms):  0.1  0.1
       Avg:   0.1, Min:   0.1, Max:   0.1, Diff:   0.0]
   [Clear CT:   0.0 ms]
   [Other:   0.1 ms]
      [Choose CSet:   0.0 ms]
      [Ref Proc:   0.0 ms]
      [Ref Enq:   0.0 ms]
      [Free CSet:   0.0 ms]
   [Eden: 1024K(101M)->0B(101M) Survivors: 1024K->1024K Heap: 425M(512M)->425M(512M)]
 [Times: user=0.00 sys=0.00, real=0.00 secs] 
17.221: [GC concurrent-root-region-scan-start]
17.221: [GC concurrent-root-region-scan-end, 0.0000550]
17.221: [GC concurrent-mark-start]
17.224: [GC concurrent-mark-end, 0.0025070 sec]
17.228: [GC pause (young), 0.00115400 secs]
   [Parallel Time:   1.1 ms]
      [GC Worker Start (ms):  17228.4  17228.5
       Avg: 17228.4, Min: 17228.4, Max: 17228.5, Diff:   0.0]
      [Ext Root Scanning (ms):  0.9  0.9
       Avg:   0.9, Min:   0.9, Max:   0.9, Diff:   0.0]
      [SATB Filtering (ms):  0.0  0.0
       Avg:   0.0, Min:   0.0, Max:   0.0, Diff:   0.0]
      [Update RS (ms):  0.0  0.0
       Avg:   0.0, Min:   0.0, Max:   0.0, Diff:   0.0]
         [Processed Buffers : 2 2
          Sum: 4, Avg: 2, Min: 2, Max: 2, Diff: 0]
      [Scan RS (ms):  0.0  0.0
       Avg:   0.0, Min:   0.0, Max:   0.0, Diff:   0.0]
      [Object Copy (ms):  0.1  0.0
       Avg:   0.1, Min:   0.0, Max:   0.1, Diff:   0.0]
      [Termination (ms):  0.0  0.0
       Avg:   0.0, Min:   0.0, Max:   0.0, Diff:   0.0]
         [Termination Attempts : 1 1
          Sum: 2, Avg: 1, Min: 1, Max: 1, Diff: 0]
      [GC Worker End (ms):  17229.4  17229.4
       Avg: 17229.4, Min: 17229.4, Max: 17229.4, Diff:   0.0]
      [GC Worker (ms):  1.0  1.0
       Avg:   1.0, Min:   1.0, Max:   1.0, Diff:   0.0]
      [GC Worker Other (ms):  0.0  0.1
       Avg:   0.1, Min:   0.0, Max:   0.1, Diff:   0.0]
   [Complete CSet Marking:   0.0 ms]
   [Clear CT:   0.0 ms]
   [Other:   0.1 ms]
      [Choose CSet:   0.0 ms]
      [Ref Proc:   0.0 ms]
      [Ref Enq:   0.0 ms]
      [Free CSet:   0.0 ms]
   [Eden: 1024K(101M)->0B(101M) Survivors: 1024K->1024K Heap: 438M(512M)->438M(512M)]
 [Times: user=0.00 sys=0.00, real=0.01 secs] 
17.230: [Full GC 438M->236M(512M), 0.0130290 secs]
 [Times: user=0.02 sys=0.00, real=0.01 secs] 
17.344: [GC remark, 0.0000010 secs]
 [Times: user=0.00 sys=0.00, real=0.00 secs] 
17.345: [GC concurrent-mark-abort]
17.375: [GC pause (young), 0.00185400 secs]
   [Parallel Time:   1.7 ms]
      [GC Worker Start (ms):  17374.8  17374.9
       Avg: 17374.8, Min: 17374.8, Max: 17374.9, Diff:   0.1]
      [Ext Root Scanning (ms):  1.4  1.6
       Avg:   1.5, Min:   1.4, Max:   1.6, Diff:   0.2]
      [Update RS (ms):  0.0  0.0
       Avg:   0.0, Min:   0.0, Max:   0.0, Diff:   0.0]
         [Processed Buffers : 4 0
          Sum: 4, Avg: 2, Min: 0, Max: 4, Diff: 4]
      [Scan RS (ms):  0.0  0.0
       Avg:   0.0, Min:   0.0, Max:   0.0, Diff:   0.0]
      [Object Copy (ms):  0.1  0.0
       Avg:   0.1, Min:   0.0, Max:   0.1, Diff:   0.1]
      [Termination (ms):  0.2  0.0
       Avg:   0.1, Min:   0.0, Max:   0.2, Diff:   0.2]
         [Termination Attempts : 1 1
          Sum: 2, Avg: 1, Min: 1, Max: 1, Diff: 0]
      [GC Worker End (ms):  17376.5  17376.5
       Avg: 17376.5, Min: 17376.5, Max: 17376.5, Diff:   0.0]
      [GC Worker (ms):  1.7  1.6
       Avg:   1.7, Min:   1.6, Max:   1.7, Diff:   0.1]
      [GC Worker Other (ms):  0.0  0.1
       Avg:   0.1, Min:   0.0, Max:   0.1, Diff:   0.1]
   [Clear CT:   0.0 ms]
   [Other:   0.1 ms]
      [Choose CSet:   0.0 ms]
      [Ref Proc:   0.0 ms]
      [Ref Enq:   0.0 ms]
      [Free CSet:   0.0 ms]
   [Eden: 1024K(101M)->0B(101M) Survivors: 0B->1024K Heap: 454M(512M)->454M(512M)]
 [Times: user=0.00 sys=0.00, real=0.00 secs] 
17.377: [Full GC 454M->201M(512M), 0.0118850 secs]
 [Times: user=0.01 sys=0.00, real=0.02 secs] 
17.436: [GC pause (young) (initial-mark), 0.00243300 secs]
   [Parallel Time:   2.2 ms]
      [GC Worker Start (ms):  17435.9  17436.0
       Avg: 17436.0, Min: 17435.9, Max: 17436.0, Diff:   0.1]
      [Ext Root Scanning (ms):  1.3  2.0
       Avg:   1.6, Min:   1.3, Max:   2.0, Diff:   0.7]
      [Update RS (ms):  0.0  0.0
       Avg:   0.0, Min:   0.0, Max:   0.0, Diff:   0.0]
         [Processed Buffers : 2 0
          Sum: 2, Avg: 1, Min: 0, Max: 2, Diff: 2]
      [Scan RS (ms):  0.0  0.0
       Avg:   0.0, Min:   0.0, Max:   0.0, Diff:   0.0]
      [Object Copy (ms):  0.3  0.1
       Avg:   0.2, Min:   0.1, Max:   0.3, Diff:   0.2]
      [Termination (ms):  0.6  0.0
       Avg:   0.3, Min:   0.0, Max:   0.6, Diff:   0.6]
         [Termination Attempts : 1 1
          Sum: 2, Avg: 1, Min: 1, Max: 1, Diff: 0]
      [GC Worker End (ms):  17438.1  17438.1
       Avg: 17438.1, Min: 17438.1, Max: 17438.1, Diff:   0.0]
      [GC Worker (ms):  2.2  2.1
       Avg:   2.2, Min:   2.1, Max:   2.2, Diff:   0.1]
      [GC Worker Other (ms):  0.0  0.1
       Avg:   0.1, Min:   0.0, Max:   0.1, Diff:   0.1]
   [Clear CT:   0.0 ms]
   [Other:   0.2 ms]
      [Choose CSet:   0.0 ms]
      [Ref Proc:   0.0 ms]
      [Ref Enq:   0.0 ms]
      [Free CSet:   0.0 ms]
   [Eden: 1024K(101M)->0B(161M) Survivors: 0B->1024K Heap: 287M(512M)->287M(512M)]
 [Times: user=0.00 sys=0.00, real=0.00 secs] 
17.438: [GC concurrent-root-region-scan-start]
17.438: [GC concurrent-root-region-scan-end, 0.0000410]
17.438: [GC concurrent-mark-start]
17.440: [GC concurrent-mark-end, 0.0013680 sec]
17.451: [GC remark 17.452: [GC ref-proc, 0.0000180 secs], 0.0031270 secs]
 [Times: user=0.01 sys=0.00, real=0.00 secs] 
17.455: [GC cleanup 312M->312M(512M), 0.0008770 secs]
 [Times: user=0.00 sys=0.00, real=0.00 secs] 
17.474: [GC pause (young) (initial-mark), 0.00169000 secs]
   [Parallel Time:   1.2 ms]
      [GC Worker Start (ms):  17474.5  17474.9
       Avg: 17474.7, Min: 17474.5, Max: 17474.9, Diff:   0.4]
      [Ext Root Scanning (ms):  0.9  0.6
       Avg:   0.8, Min:   0.6, Max:   0.9, Diff:   0.3]
      [Update RS (ms):  0.0  0.0
       Avg:   0.0, Min:   0.0, Max:   0.0, Diff:   0.0]
         [Processed Buffers : 1 4
          Sum: 5, Avg: 2, Min: 1, Max: 4, Diff: 3]
      [Scan RS (ms):  0.0  0.0
       Avg:   0.0, Min:   0.0, Max:   0.0, Diff:   0.0]
      [Object Copy (ms):  0.2  0.1
       Avg:   0.2, Min:   0.1, Max:   0.2, Diff:   0.2]
      [Termination (ms):  0.0  0.0
       Avg:   0.0, Min:   0.0, Max:   0.0, Diff:   0.0]
         [Termination Attempts : 1 1
          Sum: 2, Avg: 1, Min: 1, Max: 1, Diff: 0]
      [GC Worker End (ms):  17475.7  17475.7
       Avg: 17475.7, Min: 17475.7, Max: 17475.7, Diff:   0.0]
      [GC Worker (ms):  1.2  0.8
       Avg:   1.0, Min:   0.8, Max:   1.2, Diff:   0.4]
      [GC Worker Other (ms):  0.0  0.5
       Avg:   0.3, Min:   0.0, Max:   0.5, Diff:   0.4]
   [Clear CT:   0.0 ms]
   [Other:   0.4 ms]
      [Choose CSet:   0.0 ms]
      [Ref Proc:   0.2 ms]
      [Ref Enq:   0.0 ms]
      [Free CSet:   0.0 ms]
   [Eden: 1024K(161M)->0B(111M) Survivors: 1024K->1024K Heap: 335M(512M)->335M(512M)]
 [Times: user=0.00 sys=0.00, real=0.00 secs] 
17.476: [GC concurrent-root-region-scan-start]
17.476: [GC concurrent-root-region-scan-end, 0.0001270]
17.476: [GC concurrent-mark-start]
17.479: [GC concurrent-mark-end, 0.0029160 sec]
17.488: [GC remark 17.488: [GC ref-proc, 0.0000160 secs], 0.0024540 secs]
 [Times: user=0.01 sys=0.00, real=0.01 secs] 
17.511: [GC cleanup 396M->240M(512M), 0.0014350 secs]
 [Times: user=0.00 sys=0.00, real=0.00 secs] 
17.512: [GC concurrent-cleanup-start]
17.513: [GC concurrent-cleanup-end, 0.0004070]
17.540: [GC pause (young) (initial-mark), 0.00128700 secs]
   [Parallel Time:   1.1 ms]
      [GC Worker Start (ms):  17540.2  17540.2
       Avg: 17540.2, Min: 17540.2, Max: 17540.2, Diff:   0.0]
      [Ext Root Scanning (ms):  0.7  0.8
       Avg:   0.8, Min:   0.7, Max:   0.8, Diff:   0.0]
      [Update RS (ms):  0.0  0.0
       Avg:   0.0, Min:   0.0, Max:   0.0, Diff:   0.0]
         [Processed Buffers : 4 0
          Sum: 4, Avg: 2, Min: 0, Max: 4, Diff: 4]
      [Scan RS (ms):  0.0  0.0
       Avg:   0.0, Min:   0.0, Max:   0.0, Diff:   0.0]
      [Object Copy (ms):  0.2  0.3
       Avg:   0.2, Min:   0.2, Max:   0.3, Diff:   0.1]
      [Termination (ms):  0.1  0.0
       Avg:   0.1, Min:   0.0, Max:   0.1, Diff:   0.1]
         [Termination Attempts : 1 1
          Sum: 2, Avg: 1, Min: 1, Max: 1, Diff: 0]
      [GC Worker End (ms):  17541.3  17541.3
       Avg: 17541.3, Min: 17541.3, Max: 17541.3, Diff:   0.0]
      [GC Worker (ms):  1.1  1.0
       Avg:   1.1, Min:   1.0, Max:   1.1, Diff:   0.0]
      [GC Worker Other (ms):  0.1  0.1
       Avg:   0.1, Min:   0.1, Max:   0.1, Diff:   0.0]
   [Clear CT:   0.0 ms]
   [Other:   0.2 ms]
      [Choose CSet:   0.0 ms]
      [Ref Proc:   0.0 ms]
      [Ref Enq:   0.0 ms]
      [Free CSet:   0.0 ms]
   [Eden: 1024K(111M)->0B(171M) Survivors: 1024K->1024K Heap: 278M(512M)->277M(512M)]
 [Times: user=0.00 sys=0.00, real=0.00 secs] 
17.541: [GC concurrent-root-region-scan-start]
17.542: [GC concurrent-root-region-scan-end, 0.0000740]
17.542: [GC concurrent-mark-start]
17.543: [GC concurrent-mark-end, 0.0011080 sec]
17.552: [GC remark 17.552: [GC ref-proc, 0.0000170 secs], 0.0032250 secs]
 [Times: user=0.00 sys=0.00, real=0.00 secs] 
17.556: [GC cleanup 298M->298M(512M), 0.0005910 secs]
 [Times: user=0.01 sys=0.00, real=0.00 secs] 
17.584: [GC pause (young) (initial-mark), 0.00112000 secs]
   [Parallel Time:   1.0 ms]
      [GC Worker Start (ms):  17583.9  17584.0
       Avg: 17584.0, Min: 17583.9, Max: 17584.0, Diff:   0.1]
      [Ext Root Scanning (ms):  0.7  0.6
       Avg:   0.7, Min:   0.6, Max:   0.7, Diff:   0.0]
      [Update RS (ms):  0.0  0.0
       Avg:   0.0, Min:   0.0, Max:   0.0, Diff:   0.0]
         [Processed Buffers : 2 0
          Sum: 2, Avg: 1, Min: 0, Max: 2, Diff: 2]
      [Scan RS (ms):  0.0  0.0
       Avg:   0.0, Min:   0.0, Max:   0.0, Diff:   0.0]
      [Object Copy (ms):  0.2  0.1
       Avg:   0.1, Min:   0.1, Max:   0.2, Diff:   0.0]
      [Termination (ms):  0.0  0.0
       Avg:   0.0, Min:   0.0, Max:   0.0, Diff:   0.0]
         [Termination Attempts : 1 1
          Sum: 2, Avg: 1, Min: 1, Max: 1, Diff: 0]
      [GC Worker End (ms):  17584.8  17584.8
       Avg: 17584.8, Min: 17584.8, Max: 17584.8, Diff:   0.0]
      [GC Worker (ms):  0.9  0.8
       Avg:   0.9, Min:   0.8, Max:   0.9, Diff:   0.1]
      [GC Worker Other (ms):  0.1  0.2
       Avg:   0.1, Min:   0.1, Max:   0.2, Diff:   0.1]
   [Clear CT:   0.0 ms]
   [Other:   0.1 ms]
      [Choose CSet:   0.0 ms]
      [Ref Proc:   0.0 ms]
      [Ref Enq:   0.0 ms]
      [Free CSet:   0.0 ms]
   [Eden: 1024K(171M)->0B(110M) Survivors: 1024K->1024K Heap: 337M(512M)->337M(512M)]
 [Times: user=0.01 sys=0.00, real=0.00 secs] 
17.585: [GC concurrent-root-region-scan-start]
17.585: [GC concurrent-root-region-scan-end, 0.0000780]
17.585: [GC concurrent-mark-start]
17.588: [GC concurrent-mark-end, 0.0033560 sec]
17.617: [GC remark 17.617: [GC ref-proc, 0.0000160 secs], 0.0035930 secs]
 [Times: user=0.00 sys=0.00, real=0.01 secs] 
17.621: [GC cleanup 396M->371M(512M), 0.0003750 secs]
 [Times: user=0.00 sys=0.00, real=0.00 secs] 
17.621: [GC concurrent-cleanup-start]
17.621: [GC concurrent-cleanup-end, 0.0000560]
17.658: [GC pause (young) (initial-mark), 0.00119700 secs]
   [Parallel Time:   1.0 ms]
      [GC Worker Start (ms):  17657.6  17657.7
       Avg: 17657.7, Min: 17657.6, Max: 17657.7, Diff:   0.0]
      [Ext Root Scanning (ms):  0.8  0.8
       Avg:   0.8, Min:   0.8, Max:   0.8, Diff:   0.0]
      [Update RS (ms):  0.0  0.0
       Avg:   0.0, Min:   0.0, Max:   0.0, Diff:   0.0]
         [Processed Buffers : 2 0
          Sum: 2, Avg: 1, Min: 0, Max: 2, Diff: 2]
      [Scan RS (ms):  0.0  0.0
       Avg:   0.0, Min:   0.0, Max:   0.0, Diff:   0.0]
      [Object Copy (ms):  0.2  0.2
       Avg:   0.2, Min:   0.2, Max:   0.2, Diff:   0.0]
      [Termination (ms):  0.0  0.0
       Avg:   0.0, Min:   0.0, Max:   0.0, Diff:   0.0]
         [Termination Attempts : 1 1
          Sum: 2, Avg: 1, Min: 1, Max: 1, Diff: 0]
      [GC Worker End (ms):  17658.7  17658.6
       Avg: 17658.6, Min: 17658.6, Max: 17658.7, Diff:   0.0]
      [GC Worker (ms):  1.0  1.0
       Avg:   1.0, Min:   1.0, Max:   1.0, Diff:   0.0]
      [GC Worker Other (ms):  0.1  0.1
       Avg:   0.1, Min:   0.1, Max:   0.1, Diff:   0.0]
   [Clear CT:   0.0 ms]
   [Other:   0.1 ms]
      [Choose CSet:   0.0 ms]
      [Ref Proc:   0.0 ms]
      [Ref Enq:   0.0 ms]
      [Free CSet:   0.0 ms]
   [Eden: 1024K(110M)->0B(101M) Survivors: 1024K->1024K Heap: 429M(512M)->428M(512M)]
 [Times: user=0.00 sys=0.00, real=0.00 secs] 
17.659: [GC concurrent-root-region-scan-start]
17.659: [GC concurrent-root-region-scan-end, 0.0001340]
17.659: [GC concurrent-mark-start]
17.662: [GC concurrent-mark-end, 0.0026640 sec]
17.673: [GC remark 17.673: [GC ref-proc, 0.0000190 secs], 0.0035080 secs]
 [Times: user=0.01 sys=0.00, real=0.00 secs] 
17.676: [GC cleanup 454M->332M(512M), 0.0004190 secs]
 [Times: user=0.00 sys=0.00, real=0.00 secs] 
17.677: [GC concurrent-cleanup-start]
17.677: [GC concurrent-cleanup-end, 0.0002420]
17.741: [GC pause (young) (initial-mark), 0.00129300 secs]
   [Parallel Time:   1.0 ms]
      [GC Worker Start (ms):  17741.4  17741.6
       Avg: 17741.5, Min: 17741.4, Max: 17741.6, Diff:   0.2]
      [Ext Root Scanning (ms):  0.7  0.7
       Avg:   0.7, Min:   0.7, Max:   0.7, Diff:   0.1]
      [Update RS (ms):  0.0  0.0
       Avg:   0.0, Min:   0.0, Max:   0.0, Diff:   0.0]
         [Processed Buffers : 1 1
          Sum: 2, Avg: 1, Min: 1, Max: 1, Diff: 0]
      [Scan RS (ms):  0.0  0.0
       Avg:   0.0, Min:   0.0, Max:   0.0, Diff:   0.0]
      [Object Copy (ms):  0.2  0.1
       Avg:   0.2, Min:   0.1, Max:   0.2, Diff:   0.1]
      [Termination (ms):  0.0  0.0
       Avg:   0.0, Min:   0.0, Max:   0.0, Diff:   0.0]
         [Termination Attempts : 1 1
          Sum: 2, Avg: 1, Min: 1, Max: 1, Diff: 0]
      [GC Worker End (ms):  17742.4  17742.4
       Avg: 17742.4, Min: 17742.4, Max: 17742.4, Diff:   0.0]
      [GC Worker (ms):  1.0  0.8
       Avg:   0.9, Min:   0.8, Max:   1.0, Diff:   0.2]
      [GC Worker Other (ms):  0.0  0.2
       Avg:   0.1, Min:   0.0, Max:   0.2, Diff:   0.2]
   [Clear CT:   0.0 ms]
   [Other:   0.2 ms]
      [Choose CSet:   0.0 ms]
      [Ref Proc:   0.1 ms]
      [Ref Enq:   0.0 ms]
      [Free CSet:   0.0 ms]
   [Eden: 1024K(101M)->0B(101M) Survivors: 1024K->1024K Heap: 440M(512M)->440M(512M)]
 [Times: user=0.00 sys=0.00, real=0.00 secs] 
17.743: [GC concurrent-root-region-scan-start]
17.743: [GC concurrent-root-region-scan-end, 0.0000790]
17.743: [GC concurrent-mark-start]
17.743: [GC pause (young), 0.00063300 secs]
   [Parallel Time:   0.6 ms]
      [GC Worker Start (ms):  17743.2  17743.3
       Avg: 17743.3, Min: 17743.2, Max: 17743.3, Diff:   0.1]
      [Ext Root Scanning (ms):  0.5  0.4
       Avg:   0.4, Min:   0.4, Max:   0.5, Diff:   0.0]
      [SATB Filtering (ms):  0.0  0.0
       Avg:   0.0, Min:   0.0, Max:   0.0, Diff:   0.0]
      [Update RS (ms):  0.0  0.0
       Avg:   0.0, Min:   0.0, Max:   0.0, Diff:   0.0]
         [Processed Buffers : 3 0
          Sum: 3, Avg: 1, Min: 0, Max: 3, Diff: 3]
      [Scan RS (ms):  0.0  0.0
       Avg:   0.0, Min:   0.0, Max:   0.0, Diff:   0.0]
      [Object Copy (ms):  0.0  0.0
       Avg:   0.0, Min:   0.0, Max:   0.0, Diff:   0.0]
      [Termination (ms):  0.0  0.0
       Avg:   0.0, Min:   0.0, Max:   0.0, Diff:   0.0]
         [Termination Attempts : 1 1
          Sum: 2, Avg: 1, Min: 1, Max: 1, Diff: 0]
      [GC Worker End (ms):  17743.8  17743.8
       Avg: 17743.8, Min: 17743.8, Max: 17743.8, Diff:   0.0]
      [GC Worker (ms):  0.5  0.4
       Avg:   0.5, Min:   0.4, Max:   0.5, Diff:   0.1]
      [GC Worker Other (ms):  0.0  0.1
       Avg:   0.1, Min:   0.0, Max:   0.1, Diff:   0.1]
   [Complete CSet Marking:   0.0 ms]
   [Clear CT:   0.0 ms]
   [Other:   0.0 ms]
      [Choose CSet:   0.0 ms]
      [Ref Proc:   0.0 ms]
      [Ref Enq:   0.0 ms]
      [Free CSet:   0.0 ms]
   [Eden: 0B(101M)->0B(101M) Survivors: 1024K->1024K Heap: 440M(512M)->440M(512M)]
 [Times: user=0.00 sys=0.00, real=0.00 secs] 
17.744: [Full GC 440M->296M(512M), 0.0112570 secs]
 [Times: user=0.01 sys=0.00, real=0.01 secs] 
17.755: [GC concurrent-mark-abort]
17.784: [GC pause (young) (initial-mark), 0.00188500 secs]
   [Parallel Time:   1.7 ms]
      [GC Worker Start (ms):  17784.0  17784.0
       Avg: 17784.0, Min: 17784.0, Max: 17784.0, Diff:   0.0]
      [Ext Root Scanning (ms):  1.3  1.4
       Avg:   1.3, Min:   1.3, Max:   1.4, Diff:   0.1]
      [Update RS (ms):  0.0  0.0
       Avg:   0.0, Min:   0.0, Max:   0.0, Diff:   0.0]
         [Processed Buffers : 3 0
          Sum: 3, Avg: 1, Min: 0, Max: 3, Diff: 3]
      [Scan RS (ms):  0.0  0.0
       Avg:   0.0, Min:   0.0, Max:   0.0, Diff:   0.0]
      [Object Copy (ms):  0.2  0.3
       Avg:   0.2, Min:   0.2, Max:   0.3, Diff:   0.1]
      [Termination (ms):  0.2  0.0
       Avg:   0.1, Min:   0.0, Max:   0.2, Diff:   0.2]
         [Termination Attempts : 1 1
          Sum: 2, Avg: 1, Min: 1, Max: 1, Diff: 0]
      [GC Worker End (ms):  17785.7  17785.7
       Avg: 17785.7, Min: 17785.7, Max: 17785.7, Diff:   0.0]
      [GC Worker (ms):  1.7  1.7
       Avg:   1.7, Min:   1.7, Max:   1.7, Diff:   0.0]
      [GC Worker Other (ms):  0.1  0.1
       Avg:   0.1, Min:   0.1, Max:   0.1, Diff:   0.0]
   [Clear CT:   0.0 ms]
   [Other:   0.1 ms]
      [Choose CSet:   0.0 ms]
      [Ref Proc:   0.0 ms]
      [Ref Enq:   0.0 ms]
      [Free CSet:   0.0 ms]
   [Eden: 1024K(101M)->0B(110M) Survivors: 0B->1024K Heap: 337M(512M)->337M(512M)]
 [Times: user=0.00 sys=0.00, real=0.00 secs] 
17.786: [GC concurrent-root-region-scan-start]
17.786: [GC concurrent-root-region-scan-end, 0.0001510]
17.786: [GC concurrent-mark-start]
17.798: [GC concurrent-mark-end, 0.0121520 sec]
17.809: [GC remark 17.809: [GC ref-proc, 0.0000150 secs], 0.0035510 secs]
 [Times: user=0.01 sys=0.00, real=0.00 secs] 
17.813: [GC cleanup 384M->384M(512M), 0.0003940 secs]
 [Times: user=0.00 sys=0.00, real=0.00 secs] 
17.832: [GC pause (young) (initial-mark), 0.00226900 secs]
   [Parallel Time:   1.9 ms]
      [GC Worker Start (ms):  17832.7  17834.5
       Avg: 17833.6, Min: 17832.7, Max: 17834.5, Diff:   1.8]
      [Ext Root Scanning (ms):  1.3  0.0
       Avg:   0.7, Min:   0.0, Max:   1.3, Diff:   1.3]
      [Update RS (ms):  0.0  0.0
       Avg:   0.0, Min:   0.0, Max:   0.0, Diff:   0.0]
         [Processed Buffers : 4 0
          Sum: 4, Avg: 2, Min: 0, Max: 4, Diff: 4]
      [Scan RS (ms):  0.0  0.0
       Avg:   0.0, Min:   0.0, Max:   0.0, Diff:   0.0]
      [Object Copy (ms):  0.3  0.0
       Avg:   0.2, Min:   0.0, Max:   0.3, Diff:   0.3]
      [Termination (ms):  0.1  0.0
       Avg:   0.1, Min:   0.0, Max:   0.1, Diff:   0.1]
         [Termination Attempts : 1 1
          Sum: 2, Avg: 1, Min: 1, Max: 1, Diff: 0]
      [GC Worker End (ms):  17834.5  17834.5
       Avg: 17834.5, Min: 17834.5, Max: 17834.5, Diff:   0.0]
      [GC Worker (ms):  1.8  0.0
       Avg:   0.9, Min:   0.0, Max:   1.8, Diff:   1.8]
      [GC Worker Other (ms):  0.1  1.9
       Avg:   1.0, Min:   0.1, Max:   1.9, Diff:   1.8]
   [Clear CT:   0.0 ms]
   [Other:   0.3 ms]
      [Choose CSet:   0.0 ms]
      [Ref Proc:   0.2 ms]
      [Ref Enq:   0.0 ms]
      [Free CSet:   0.0 ms]
   [Eden: 1024K(110M)->0B(101M) Survivors: 1024K->1024K Heap: 408M(512M)->408M(512M)]
 [Times: user=0.01 sys=0.00, real=0.00 secs] 
17.835: [GC concurrent-root-region-scan-start]
17.835: [GC concurrent-root-region-scan-end, 0.0005770]
17.835: [GC concurrent-mark-start]
17.844: [GC pause (young), 0.00118200 secs]
   [Parallel Time:   1.1 ms]
      [GC Worker Start (ms):  17843.9  17843.9
       Avg: 17843.9, Min: 17843.9, Max: 17843.9, Diff:   0.0]
      [Ext Root Scanning (ms):  0.8  0.9
       Avg:   0.9, Min:   0.8, Max:   0.9, Diff:   0.1]
      [SATB Filtering (ms):  0.0  0.0
       Avg:   0.0, Min:   0.0, Max:   0.0, Diff:   0.0]
      [Update RS (ms):  0.0  0.0
       Avg:   0.0, Min:   0.0, Max:   0.0, Diff:   0.0]
         [Processed Buffers : 4 0
          Sum: 4, Avg: 2, Min: 0, Max: 4, Diff: 4]
      [Scan RS (ms):  0.0  0.0
       Avg:   0.0, Min:   0.0, Max:   0.0, Diff:   0.0]
      [Object Copy (ms):  0.1  0.1
       Avg:   0.1, Min:   0.1, Max:   0.1, Diff:   0.0]
      [Termination (ms):  0.1  0.0
       Avg:   0.0, Min:   0.0, Max:   0.1, Diff:   0.1]
         [Termination Attempts : 1 1
          Sum: 2, Avg: 1, Min: 1, Max: 1, Diff: 0]
      [GC Worker End (ms):  17844.9  17844.9
       Avg: 17844.9, Min: 17844.9, Max: 17844.9, Diff:   0.0]
      [GC Worker (ms):  1.0  1.0
       Avg:   1.0, Min:   1.0, Max:   1.0, Diff:   0.0]
      [GC Worker Other (ms):  0.1  0.1
       Avg:   0.1, Min:   0.1, Max:   0.1, Diff:   0.0]
   [Complete CSet Marking:   0.0 ms]
   [Clear CT:   0.0 ms]
   [Other:   0.1 ms]
      [Choose CSet:   0.0 ms]
      [Ref Proc:   0.0 ms]
      [Ref Enq:   0.0 ms]
      [Free CSet:   0.0 ms]
   [Eden: 1024K(101M)->0B(101M) Survivors: 1024K->1024K Heap: 424M(512M)->424M(512M)]
 [Times: user=0.01 sys=0.00, real=0.00 secs] 
17.857: [GC concurrent-mark-end, 0.0219940 sec]
17.863: [GC remark 17.863: [GC ref-proc, 0.0000240 secs], 0.0048890 secs]
 [Times: user=0.00 sys=0.00, real=0.00 secs] 
17.868: [GC pause (young), 0.00113000 secs]
   [Parallel Time:   1.1 ms]
      [GC Worker Start (ms):  17868.5  17868.6
       Avg: 17868.5, Min: 17868.5, Max: 17868.6, Diff:   0.1]
      [Ext Root Scanning (ms):  0.9  0.8
       Avg:   0.9, Min:   0.8, Max:   0.9, Diff:   0.1]
      [SATB Filtering (ms):  0.0  0.0
       Avg:   0.0, Min:   0.0, Max:   0.0, Diff:   0.0]
      [Update RS (ms):  0.0  0.1
       Avg:   0.1, Min:   0.0, Max:   0.1, Diff:   0.1]
         [Processed Buffers : 2 1
          Sum: 3, Avg: 1, Min: 1, Max: 2, Diff: 1]
      [Scan RS (ms):  0.0  0.0
       Avg:   0.0, Min:   0.0, Max:   0.0, Diff:   0.0]
      [Object Copy (ms):  0.1  0.0
       Avg:   0.0, Min:   0.0, Max:   0.1, Diff:   0.0]
      [Termination (ms):  0.0  0.0
       Avg:   0.0, Min:   0.0, Max:   0.0, Diff:   0.0]
         [Termination Attempts : 2 1
          Sum: 3, Avg: 1, Min: 1, Max: 2, Diff: 1]
      [GC Worker End (ms):  17869.5  17869.5
       Avg: 17869.5, Min: 17869.5, Max: 17869.5, Diff:   0.0]
      [GC Worker (ms):  1.0  1.0
       Avg:   1.0, Min:   1.0, Max:   1.0, Diff:   0.1]
      [GC Worker Other (ms):  0.0  0.1
       Avg:   0.1, Min:   0.0, Max:   0.1, Diff:   0.1]
   [Complete CSet Marking:   0.0 ms]
   [Clear CT:   0.0 ms]
   [Other:   0.1 ms]
      [Choose CSet:   0.0 ms]
      [Ref Proc:   0.0 ms]
      [Ref Enq:   0.0 ms]
      [Free CSet:   0.0 ms]
   [Eden: 0B(101M)->0B(101M) Survivors: 1024K->1024K Heap: 457M(512M)->457M(512M)]
 [Times: user=0.00 sys=0.00, real=0.01 secs] 
17.870: [Full GC 457M->273M(512M), 0.0125090 secs]
 [Times: user=0.02 sys=0.00, real=0.01 secs] 
17.894: [GC cleanup, 0.0000030 secs]
 [Times: user=0.00 sys=0.00, real=0.00 secs] 
17.895: [GC concurrent-mark-abort]
17.913: [GC pause (young) (initial-mark), 0.00208900 secs]
   [Parallel Time:   1.9 ms]
      [GC Worker Start (ms):  17913.3  17913.3
       Avg: 17913.3, Min: 17913.3, Max: 17913.3, Diff:   0.0]
      [Ext Root Scanning (ms):  1.5  1.6
       Avg:   1.6, Min:   1.5, Max:   1.6, Diff:   0.1]
      [Update RS (ms):  0.0  0.0
       Avg:   0.0, Min:   0.0, Max:   0.0, Diff:   0.0]
         [Processed Buffers : 3 0
          Sum: 3, Avg: 1, Min: 0, Max: 3, Diff: 3]
      [Scan RS (ms):  0.0  0.0
       Avg:   0.0, Min:   0.0, Max:   0.0, Diff:   0.0]
      [Object Copy (ms):  0.1  0.3
       Avg:   0.2, Min:   0.1, Max:   0.3, Diff:   0.1]
      [Termination (ms):  0.2  0.0
       Avg:   0.1, Min:   0.0, Max:   0.2, Diff:   0.2]
         [Termination Attempts : 1 1
          Sum: 2, Avg: 1, Min: 1, Max: 1, Diff: 0]
      [GC Worker End (ms):  17915.1  17915.1
       Avg: 17915.1, Min: 17915.1, Max: 17915.1, Diff:   0.0]
      [GC Worker (ms):  1.9  1.9
       Avg:   1.9, Min:   1.9, Max:   1.9, Diff:   0.0]
      [GC Worker Other (ms):  0.1  0.1
       Avg:   0.1, Min:   0.1, Max:   0.1, Diff:   0.0]
   [Clear CT:   0.0 ms]
   [Other:   0.2 ms]
      [Choose CSet:   0.0 ms]
      [Ref Proc:   0.0 ms]
      [Ref Enq:   0.0 ms]
      [Free CSet:   0.0 ms]
   [Eden: 1024K(101M)->0B(127M) Survivors: 0B->1024K Heap: 320M(512M)->320M(512M)]
 [Times: user=0.00 sys=0.00, real=0.00 secs] 
17.915: [GC concurrent-root-region-scan-start]
17.915: [GC concurrent-root-region-scan-end, 0.0000320]
17.915: [GC concurrent-mark-start]
17.917: [GC concurrent-mark-end, 0.0017170 sec]
17.924: [GC remark 17.924: [GC ref-proc, 0.0000160 secs], 0.0035110 secs]
 [Times: user=0.01 sys=0.00, real=0.00 secs] 
17.949: [GC cleanup 375M->336M(512M), 0.0005190 secs]
 [Times: user=0.00 sys=0.00, real=0.00 secs] 
17.950: [GC concurrent-cleanup-start]
17.950: [GC concurrent-cleanup-end, 0.0001080]
17.985: [GC pause (young) (initial-mark), 0.00121100 secs]
   [Parallel Time:   1.1 ms]
      [GC Worker Start (ms):  17984.7  17984.7
       Avg: 17984.7, Min: 17984.7, Max: 17984.7, Diff:   0.0]
      [Ext Root Scanning (ms):  0.7  0.8
       Avg:   0.8, Min:   0.7, Max:   0.8, Diff:   0.1]
      [Update RS (ms):  0.0  0.0
       Avg:   0.0, Min:   0.0, Max:   0.0, Diff:   0.0]
         [Processed Buffers : 6 0
          Sum: 6, Avg: 3, Min: 0, Max: 6, Diff: 6]
      [Scan RS (ms):  0.0  0.0
       Avg:   0.0, Min:   0.0, Max:   0.0, Diff:   0.0]
      [Object Copy (ms):  0.2  0.2
       Avg:   0.2, Min:   0.2, Max:   0.2, Diff:   0.0]
      [Termination (ms):  0.0  0.0
       Avg:   0.0, Min:   0.0, Max:   0.0, Diff:   0.0]
         [Termination Attempts : 1 1
          Sum: 2, Avg: 1, Min: 1, Max: 1, Diff: 0]
      [GC Worker End (ms):  17985.7  17985.7
       Avg: 17985.7, Min: 17985.7, Max: 17985.7, Diff:   0.0]
      [GC Worker (ms):  1.0  1.0
       Avg:   1.0, Min:   1.0, Max:   1.0, Diff:   0.0]
      [GC Worker Other (ms):  0.1  0.1
       Avg:   0.1, Min:   0.1, Max:   0.1, Diff:   0.0]
   [Clear CT:   0.0 ms]
   [Other:   0.1 ms]
      [Choose CSet:   0.0 ms]
      [Ref Proc:   0.0 ms]
      [Ref Enq:   0.0 ms]
      [Free CSet:   0.0 ms]
   [Eden: 1024K(127M)->0B(101M) Survivors: 1024K->1024K Heap: 390M(512M)->389M(512M)]
 [Times: user=0.00 sys=0.00, real=0.00 secs] 
17.986: [GC concurrent-root-region-scan-start]
17.986: [GC concurrent-root-region-scan-end, 0.0000670]
17.986: [GC concurrent-mark-start]
17.989: [GC concurrent-mark-end, 0.0028870 sec]
17.994: [GC remark 17.995: [GC ref-proc, 0.0000180 secs], 0.0034330 secs]
 [Times: user=0.00 sys=0.00, real=0.00 secs] 
18.015: [GC cleanup 437M->322M(512M), 0.0006410 secs]
 [Times: user=0.00 sys=0.00, real=0.00 secs] 
18.016: [GC concurrent-cleanup-start]
18.016: [GC concurrent-cleanup-end, 0.0003290]
18.082: [GC pause (young), 0.00134100 secs]
   [Parallel Time:   1.2 ms]
      [GC Worker Start (ms):  18082.3  18083.2
       Avg: 18082.7, Min: 18082.3, Max: 18083.2, Diff:   0.9]
      [Ext Root Scanning (ms):  1.1  0.2
       Avg:   0.7, Min:   0.2, Max:   1.1, Diff:   0.9]
      [Update RS (ms):  0.0  0.0
       Avg:   0.0, Min:   0.0, Max:   0.0, Diff:   0.0]
         [Processed Buffers : 0 4
          Sum: 4, Avg: 2, Min: 0, Max: 4, Diff: 4]
      [Scan RS (ms):  0.0  0.0
       Avg:   0.0, Min:   0.0, Max:   0.0, Diff:   0.0]
      [Object Copy (ms):  0.1  0.0
       Avg:   0.0, Min:   0.0, Max:   0.1, Diff:   0.1]
      [Termination (ms):  0.0  0.0
       Avg:   0.0, Min:   0.0, Max:   0.0, Diff:   0.0]
         [Termination Attempts : 1 1
          Sum: 2, Avg: 1, Min: 1, Max: 1, Diff: 0]
      [GC Worker End (ms):  18083.5  18083.5
       Avg: 18083.5, Min: 18083.5, Max: 18083.5, Diff:   0.0]
      [GC Worker (ms):  1.2  0.3
       Avg:   0.7, Min:   0.3, Max:   1.2, Diff:   0.9]
      [GC Worker Other (ms):  0.1  0.9
       Avg:   0.5, Min:   0.1, Max:   0.9, Diff:   0.9]
   [Clear CT:   0.0 ms]
   [Other:   0.1 ms]
      [Choose CSet:   0.0 ms]
      [Ref Proc:   0.0 ms]
      [Ref Enq:   0.0 ms]
      [Free CSet:   0.0 ms]
   [Eden: 1024K(101M)->0B(101M) Survivors: 1024K->1024K Heap: 432M(512M)->431M(512M)]
 [Times: user=0.00 sys=0.00, real=0.00 secs] 
18.084: [Full GC 431M->304M(512M), 0.0116450 secs]
 [Times: user=0.01 sys=0.00, real=0.01 secs] 
18.106: [GC pause (young) (initial-mark), 0.00271500 secs]
   [Parallel Time:   2.5 ms]
      [GC Worker Start (ms):  18106.4  18106.4
       Avg: 18106.4, Min: 18106.4, Max: 18106.4, Diff:   0.0]
      [Ext Root Scanning (ms):  1.4  2.2
       Avg:   1.8, Min:   1.4, Max:   2.2, Diff:   0.8]
      [Update RS (ms):  0.0  0.0
       Avg:   0.0, Min:   0.0, Max:   0.0, Diff:   0.0]
         [Processed Buffers : 4 0
          Sum: 4, Avg: 2, Min: 0, Max: 4, Diff: 4]
      [Scan RS (ms):  0.0  0.0
       Avg:   0.0, Min:   0.0, Max:   0.0, Diff:   0.0]
      [Object Copy (ms):  0.2  0.2
       Avg:   0.2, Min:   0.2, Max:   0.2, Diff:   0.0]
      [Termination (ms):  0.8  0.0
       Avg:   0.4, Min:   0.0, Max:   0.8, Diff:   0.8]
         [Termination Attempts : 1 1
          Sum: 2, Avg: 1, Min: 1, Max: 1, Diff: 0]
      [GC Worker End (ms):  18108.9  18108.9
       Avg: 18108.9, Min: 18108.9, Max: 18108.9, Diff:   0.0]
      [GC Worker (ms):  2.5  2.5
       Avg:   2.5, Min:   2.5, Max:   2.5, Diff:   0.0]
      [GC Worker Other (ms):  0.1  0.1
       Avg:   0.1, Min:   0.1, Max:   0.1, Diff:   0.0]
   [Clear CT:   0.0 ms]
   [Other:   0.2 ms]
      [Choose CSet:   0.0 ms]
      [Ref Proc:   0.0 ms]
      [Ref Enq:   0.0 ms]
      [Free CSet:   0.0 ms]
   [Eden: 1024K(101M)->0B(123M) Survivors: 0B->1024K Heap: 324M(512M)->324M(512M)]
 [Times: user=0.01 sys=0.00, real=0.01 secs] 
18.109: [GC concurrent-root-region-scan-start]
18.109: [GC concurrent-root-region-scan-end, 0.0000470]
18.109: [GC concurrent-mark-start]
18.112: [GC concurrent-mark-end, 0.0026000 sec]
18.120: [GC remark 18.120: [GC ref-proc, 0.0000160 secs], 0.0029220 secs]
 [Times: user=0.00 sys=0.00, real=0.00 secs] 
18.123: [GC cleanup 345M->214M(512M), 0.0007120 secs]
 [Times: user=0.00 sys=0.00, real=0.00 secs] 
18.124: [GC concurrent-cleanup-start]
18.124: [GC concurrent-cleanup-end, 0.0002540]
18.183: [GC pause (young) (initial-mark), 0.00103800 secs]
   [Parallel Time:   0.9 ms]
      [GC Worker Start (ms):  18183.4  18183.4
       Avg: 18183.4, Min: 18183.4, Max: 18183.4, Diff:   0.0]
      [Ext Root Scanning (ms):  0.7  0.7
       Avg:   0.7, Min:   0.7, Max:   0.7, Diff:   0.0]
      [Update RS (ms):  0.0  0.0
       Avg:   0.0, Min:   0.0, Max:   0.0, Diff:   0.0]
         [Processed Buffers : 4 0
          Sum: 4, Avg: 2, Min: 0, Max: 4, Diff: 4]
      [Scan RS (ms):  0.0  0.0
       Avg:   0.0, Min:   0.0, Max:   0.0, Diff:   0.0]
      [Object Copy (ms):  0.2  0.2
       Avg:   0.2, Min:   0.2, Max:   0.2, Diff:   0.0]
      [Termination (ms):  0.0  0.0
       Avg:   0.0, Min:   0.0, Max:   0.0, Diff:   0.0]
         [Termination Attempts : 1 1
          Sum: 2, Avg: 1, Min: 1, Max: 1, Diff: 0]
      [GC Worker End (ms):  18184.3  18184.3
       Avg: 18184.3, Min: 18184.3, Max: 18184.3, Diff:   0.0]
      [GC Worker (ms):  0.9  0.8
       Avg:   0.9, Min:   0.8, Max:   0.9, Diff:   0.0]
      [GC Worker Other (ms):  0.0  0.1
       Avg:   0.1, Min:   0.0, Max:   0.1, Diff:   0.0]
   [Clear CT:   0.0 ms]
   [Other:   0.1 ms]
      [Choose CSet:   0.0 ms]
      [Ref Proc:   0.0 ms]
      [Ref Enq:   0.0 ms]
      [Free CSet:   0.0 ms]
   [Eden: 1024K(123M)->0B(139M) Survivors: 1024K->1024K Heap: 309M(512M)->309M(512M)]
 [Times: user=0.00 sys=0.00, real=0.00 secs] 
18.184: [GC concurrent-root-region-scan-start]
18.185: [GC concurrent-root-region-scan-end, 0.0000450]
18.185: [GC concurrent-mark-start]
18.194: [GC concurrent-mark-end, 0.0094400 sec]
18.209: [GC remark 18.210: [GC ref-proc, 0.0000160 secs], 0.0033040 secs]
 [Times: user=0.01 sys=0.00, real=0.00 secs] 
18.257: [GC pause (young), 0.00095600 secs]
   [Parallel Time:   0.8 ms]
      [GC Worker Start (ms):  18256.8  18256.8
       Avg: 18256.8, Min: 18256.8, Max: 18256.8, Diff:   0.0]
      [Ext Root Scanning (ms):  0.7  0.6
       Avg:   0.7, Min:   0.6, Max:   0.7, Diff:   0.1]
      [SATB Filtering (ms):  0.0  0.0
       Avg:   0.0, Min:   0.0, Max:   0.0, Diff:   0.0]
      [Update RS (ms):  0.0  0.0
       Avg:   0.0, Min:   0.0, Max:   0.0, Diff:   0.0]
         [Processed Buffers : 0 5
          Sum: 5, Avg: 2, Min: 0, Max: 5, Diff: 5]
      [Scan RS (ms):  0.0  0.0
       Avg:   0.0, Min:   0.0, Max:   0.0, Diff:   0.0]
      [Object Copy (ms):  0.0  0.0
       Avg:   0.0, Min:   0.0, Max:   0.0, Diff:   0.0]
      [Termination (ms):  0.0  0.0
       Avg:   0.0, Min:   0.0, Max:   0.0, Diff:   0.0]
         [Termination Attempts : 1 1
          Sum: 2, Avg: 1, Min: 1, Max: 1, Diff: 0]
      [GC Worker End (ms):  18257.6  18257.6
       Avg: 18257.6, Min: 18257.6, Max: 18257.6, Diff:   0.0]
      [GC Worker (ms):  0.8  0.7
       Avg:   0.8, Min:   0.7, Max:   0.8, Diff:   0.0]
      [GC Worker Other (ms):  0.1  0.1
       Avg:   0.1, Min:   0.1, Max:   0.1, Diff:   0.0]
   [Complete CSet Marking:   0.0 ms]
   [Clear CT:   0.0 ms]
   [Other:   0.1 ms]
      [Choose CSet:   0.0 ms]
      [Ref Proc:   0.1 ms]
      [Ref Enq:   0.0 ms]
      [Free CSet:   0.0 ms]
   [Eden: 1024K(139M)->0B(101M) Survivors: 1024K->1024K Heap: 430M(512M)->430M(512M)]
 [Times: user=0.01 sys=0.00, real=0.00 secs] 
18.266: [Full GC 445M->348M(512M), 0.0152160 secs]
 [Times: user=0.02 sys=0.00, real=0.02 secs] 
18.291: [GC cleanup, 0.0000010 secs]
 [Times: user=0.00 sys=0.00, real=0.00 secs] 
18.291: [GC concurrent-mark-abort]
18.316: [GC pause (young), 0.00181600 secs]
   [Parallel Time:   1.7 ms]
      [GC Worker Start (ms):  18316.0  18316.0
       Avg: 18316.0, Min: 18316.0, Max: 18316.0, Diff:   0.0]
      [Ext Root Scanning (ms):  1.4  1.6
       Avg:   1.5, Min:   1.4, Max:   1.6, Diff:   0.2]
      [Update RS (ms):  0.0  0.0
       Avg:   0.0, Min:   0.0, Max:   0.0, Diff:   0.0]
         [Processed Buffers : 4 0
          Sum: 4, Avg: 2, Min: 0, Max: 4, Diff: 4]
      [Scan RS (ms):  0.0  0.0
       Avg:   0.0, Min:   0.0, Max:   0.0, Diff:   0.0]
      [Object Copy (ms):  0.1  0.0
       Avg:   0.0, Min:   0.0, Max:   0.1, Diff:   0.0]
      [Termination (ms):  0.1  0.0
       Avg:   0.1, Min:   0.0, Max:   0.1, Diff:   0.1]
         [Termination Attempts : 1 1
          Sum: 2, Avg: 1, Min: 1, Max: 1, Diff: 0]
      [GC Worker End (ms):  18317.6  18317.6
       Avg: 18317.6, Min: 18317.6, Max: 18317.6, Diff:   0.0]
      [GC Worker (ms):  1.7  1.6
       Avg:   1.7, Min:   1.6, Max:   1.7, Diff:   0.0]
      [GC Worker Other (ms):  0.1  0.1
       Avg:   0.1, Min:   0.1, Max:   0.1, Diff:   0.0]
   [Clear CT:   0.0 ms]
   [Other:   0.1 ms]
      [Choose CSet:   0.0 ms]
      [Ref Proc:   0.0 ms]
      [Ref Enq:   0.0 ms]
      [Free CSet:   0.0 ms]
   [Eden: 1024K(101M)->0B(101M) Survivors: 0B->1024K Heap: 407M(512M)->407M(512M)]
 [Times: user=0.00 sys=0.00, real=0.00 secs] 
18.318: [Full GC 407M->268M(512M), 0.0117120 secs]
 [Times: user=0.01 sys=0.00, real=0.02 secs] 
18.350: [GC pause (young) (initial-mark), 0.00373500 secs]
   [Parallel Time:   3.5 ms]
      [GC Worker Start (ms):  18350.6  18350.6
       Avg: 18350.6, Min: 18350.6, Max: 18350.6, Diff:   0.0]
      [Ext Root Scanning (ms):  1.5  3.3
       Avg:   2.4, Min:   1.5, Max:   3.3, Diff:   1.9]
      [Update RS (ms):  0.0  0.0
       Avg:   0.0, Min:   0.0, Max:   0.0, Diff:   0.0]
         [Processed Buffers : 3 0
          Sum: 3, Avg: 1, Min: 0, Max: 3, Diff: 3]
      [Scan RS (ms):  0.0  0.0
       Avg:   0.0, Min:   0.0, Max:   0.0, Diff:   0.0]
      [Object Copy (ms):  0.2  0.1
       Avg:   0.2, Min:   0.1, Max:   0.2, Diff:   0.1]
      [Termination (ms):  1.7  0.0
       Avg:   0.9, Min:   0.0, Max:   1.7, Diff:   1.7]
         [Termination Attempts : 1 1
          Sum: 2, Avg: 1, Min: 1, Max: 1, Diff: 0]
      [GC Worker End (ms):  18354.1  18354.1
       Avg: 18354.1, Min: 18354.1, Max: 18354.1, Diff:   0.0]
      [GC Worker (ms):  3.5  3.5
       Avg:   3.5, Min:   3.5, Max:   3.5, Diff:   0.0]
      [GC Worker Other (ms):  0.1  0.1
       Avg:   0.1, Min:   0.1, Max:   0.1, Diff:   0.0]
   [Clear CT:   0.0 ms]
   [Other:   0.2 ms]
      [Choose CSet:   0.0 ms]
      [Ref Proc:   0.0 ms]
      [Ref Enq:   0.0 ms]
      [Free CSet:   0.0 ms]
   [Eden: 1024K(101M)->0B(144M) Survivors: 0B->1024K Heap: 304M(512M)->304M(512M)]
 [Times: user=0.00 sys=0.00, real=0.00 secs] 
18.354: [GC concurrent-root-region-scan-start]
18.354: [GC concurrent-root-region-scan-end, 0.0000920]
18.354: [GC concurrent-mark-start]
18.357: [GC concurrent-mark-end, 0.0027380 sec]
18.372: [GC remark 18.373: [GC ref-proc, 0.0000280 secs], 0.0040140 secs]
 [Times: user=0.01 sys=0.00, real=0.00 secs] 
18.384: [GC cleanup 353M->293M(512M), 0.0005500 secs]
 [Times: user=0.00 sys=0.00, real=0.00 secs] 
18.384: [GC concurrent-cleanup-start]
18.385: [GC concurrent-cleanup-end, 0.0001560]
18.423: [GC pause (young) (initial-mark), 0.00313800 secs]
   [Parallel Time:   2.9 ms]
      [GC Worker Start (ms):  18423.2  18423.6
       Avg: 18423.4, Min: 18423.2, Max: 18423.6, Diff:   0.4]
      [Ext Root Scanning (ms):  2.6  2.3
       Avg:   2.5, Min:   2.3, Max:   2.6, Diff:   0.3]
      [Update RS (ms):  0.0  0.0
       Avg:   0.0, Min:   0.0, Max:   0.0, Diff:   0.0]
         [Processed Buffers : 0 5
          Sum: 5, Avg: 2, Min: 0, Max: 5, Diff: 5]
      [Scan RS (ms):  0.0  0.0
       Avg:   0.0, Min:   0.0, Max:   0.0, Diff:   0.0]
      [Object Copy (ms):  0.2  0.1
       Avg:   0.2, Min:   0.1, Max:   0.2, Diff:   0.1]
      [Termination (ms):  0.0  0.0
       Avg:   0.0, Min:   0.0, Max:   0.0, Diff:   0.0]
         [Termination Attempts : 1 1
          Sum: 2, Avg: 1, Min: 1, Max: 1, Diff: 0]
      [GC Worker End (ms):  18426.1  18426.1
       Avg: 18426.1, Min: 18426.1, Max: 18426.1, Diff:   0.0]
      [GC Worker (ms):  2.9  2.5
       Avg:   2.7, Min:   2.5, Max:   2.9, Diff:   0.4]
      [GC Worker Other (ms):  0.0  0.4
       Avg:   0.2, Min:   0.0, Max:   0.4, Diff:   0.4]
   [Clear CT:   0.0 ms]
   [Other:   0.2 ms]
      [Choose CSet:   0.0 ms]
      [Ref Proc:   0.0 ms]
      [Ref Enq:   0.0 ms]
      [Free CSet:   0.0 ms]
   [Eden: 1024K(144M)->0B(101M) Survivors: 1024K->1024K Heap: 357M(512M)->357M(512M)]
 [Times: user=0.01 sys=0.00, real=0.00 secs] 
18.426: [GC concurrent-root-region-scan-start]
18.427: [GC concurrent-root-region-scan-end, 0.0004720]
18.427: [GC concurrent-mark-start]
Heap
 garbage-first heap   total 524288K, used 378534K [0x00000007dae00000, 0x00000007fae00000, 0x00000007fae00000)
  region size 1024K, 2 young (2048K), 1 survivors (1024K)
 compacting perm gen  total 20480K, used 2879K [0x00000007fae00000, 0x00000007fc200000, 0x0000000800000000)
   the space 20480K,  14% used [0x00000007fae00000, 0x00000007fb0cff80, 0x00000007fb0d0000, 0x00000007fc200000)
No shared spaces configured.
18.429: [GC concurrent-mark-end, 0.0026150 sec]
