0.200: [GC [PSYoungGen: 26036K->416K(38208K)] 174827K->167369K(220608K), 0.0263120 secs] [Times: user=0.04 sys=0.01, real=0.03 secs] 
0.226: [Full GC [PSYoungGen: 416K->0K(38208K)] [ParOldGen: 166953K->167288K(182400K)] 167369K->167288K(220608K) [PSPermGen: 2869K->2867K(21248K)], 0.0144620 secs] [Times: user=0.02 sys=0.01, real=0.01 secs] 
0.259: [Full GC [PSYoungGen: 31240K->18163K(38208K)] [ParOldGen: 167288K->179027K(182400K)] 198528K->197190K(220608K) [PSPermGen: 2870K->2870K(21248K)], 0.0316280 secs] [Times: user=0.04 sys=0.02, real=0.03 secs] 
0.297: [Full GC [PSYoungGen: 28844K->10682K(38208K)] [ParOldGen: 179027K->179024K(182400K)] 207872K->189706K(220608K) [PSPermGen: 2870K->2870K(21248K)], 0.0368900 secs] [Times: user=0.06 sys=0.00, real=0.04 secs] 
0.373: [Full GC [PSYoungGen: 22448K->0K(38208K)] [ParOldGen: 228923K->215234K(232384K)] 251372K->215234K(270592K) [PSPermGen: 2870K->2870K(21248K)], 0.1445250 secs] [Times: user=0.22 sys=0.00, real=0.15 secs] 
0.548: [Full GC [PSYoungGen: 22783K->0K(38208K)] [ParOldGen: 240985K->233504K(258176K)] 263769K->233504K(296384K) [PSPermGen: 2870K->2870K(21248K)], 0.0844700 secs] [Times: user=0.14 sys=0.00, real=0.08 secs] 
0.644: [GC [PSYoungGen: 22784K->64K(38208K)] 256288K->256016K(296384K), 0.0218310 secs] [Times: user=0.02 sys=0.02, real=0.02 secs] 
0.666: [Full GC [PSYoungGen: 64K->0K(38208K)] [ParOldGen: 255952K->184704K(258176K)] 256016K->184704K(296384K) [PSPermGen: 2870K->2870K(21248K)], 0.1156920 secs] [Times: user=0.20 sys=0.00, real=0.11 secs] 
0.886: [Full GC [PSYoungGen: 28314K->0K(38208K)] [ParOldGen: 338808K->320491K(349568K)] 367122K->320491K(387776K) [PSPermGen: 2870K->2870K(21248K)], 0.1936050 secs] [Times: user=0.35 sys=0.00, real=0.19 secs] 
1.091: [GC [PSYoungGen: 20156K->32K(38208K)] 340647K->340679K(387776K), 0.0130400 secs] [Times: user=0.02 sys=0.01, real=0.01 secs] 
1.104: [Full GC [PSYoungGen: 32K->0K(38208K)] [ParOldGen: 340647K->256533K(349568K)] 340679K->256533K(387776K) [PSPermGen: 2870K->2870K(21248K)], 0.1604840 secs] [Times: user=0.28 sys=0.00, real=0.17 secs] 
1.323: [Full GC [PSYoungGen: 30944K->0K(38208K)] [ParOldGen: 336856K->288394K(349568K)] 367800K->288394K(387776K) [PSPermGen: 2870K->2870K(21248K)], 0.1883550 secs] [Times: user=0.33 sys=0.00, real=0.19 secs] 
1.536: [GC [PSYoungGen: 24462K->32K(38208K)] 337319K->337351K(387776K), 0.0125480 secs] [Times: user=0.02 sys=0.00, real=0.01 secs] 
1.549: [Full GC [PSYoungGen: 32K->0K(38208K)] [ParOldGen: 337319K->286219K(349568K)] 337351K->286219K(387776K) [PSPermGen: 2870K->2870K(21248K)], 0.0926650 secs] [Times: user=0.16 sys=0.00, real=0.09 secs] 
1.674: [GC [PSYoungGen: 25407K->64K(38208K)] 347862K->347590K(387776K), 0.0176390 secs] [Times: user=0.03 sys=0.01, real=0.02 secs] 
1.692: [Full GC [PSYoungGen: 64K->0K(38208K)] [ParOldGen: 347526K->251915K(349568K)] 347590K->251915K(387776K) [PSPermGen: 2870K->2870K(21248K)], 0.1697020 secs] [Times: user=0.30 sys=0.00, real=0.17 secs] 
1.889: [GC [PSYoungGen: 29442K->64K(38208K)] 306454K->306517K(387776K), 0.0150050 secs] [Times: user=0.03 sys=0.00, real=0.02 secs] 
1.935: [Full GC [PSYoungGen: 23818K->0K(38208K)] [ParOldGen: 344605K->324640K(349568K)] 368423K->324640K(387776K) [PSPermGen: 2870K->2870K(21248K)], 0.1874870 secs] [Times: user=0.34 sys=0.01, real=0.18 secs] 
2.147: [Full GC [PSYoungGen: 29007K->0K(38208K)] [ParOldGen: 343116K->323199K(349568K)] 372124K->323199K(387776K) [PSPermGen: 2870K->2870K(21248K)], 0.1779880 secs] [Times: user=0.31 sys=0.00, real=0.18 secs] 
2.349: [Full GC [PSYoungGen: 29754K->0K(38208K)] [ParOldGen: 340452K->292514K(349568K)] 370207K->292514K(387776K) [PSPermGen: 2870K->2870K(21248K)], 0.1857870 secs] [Times: user=0.34 sys=0.00, real=0.19 secs] 
2.573: [Full GC [PSYoungGen: 30602K->0K(38208K)] [ParOldGen: 335952K->273532K(349568K)] 366554K->273532K(387776K) [PSPermGen: 2870K->2870K(21248K)], 0.1781330 secs] [Times: user=0.32 sys=0.01, real=0.18 secs] 
2.786: [GC [PSYoungGen: 29831K->64K(38208K)] 339220K->338948K(387776K), 0.0144660 secs] [Times: user=0.03 sys=0.00, real=0.01 secs] 
2.800: [Full GC [PSYoungGen: 64K->0K(38208K)] [ParOldGen: 338884K->273117K(349568K)] 338948K->273117K(387776K) [PSPermGen: 2870K->2870K(21248K)], 0.1494580 secs] [Times: user=0.27 sys=0.00, real=0.15 secs] 
2.986: [GC-- [PSYoungGen: 32089K->32089K(38208K)] 343582K->381463K(387776K), 0.0155910 secs] [Times: user=0.03 sys=0.00, real=0.01 secs] 
3.002: [Full GC [PSYoungGen: 32089K->0K(38208K)] [ParOldGen: 349373K->271279K(349568K)] 381463K->271279K(387776K) [PSPermGen: 2870K->2870K(21248K)], 0.1578590 secs] [Times: user=0.28 sys=0.00, real=0.16 secs] 
3.195: [GC [PSYoungGen: 30119K->32K(38208K)] 338350K->338382K(387776K), 0.0153640 secs] [Times: user=0.03 sys=0.00, real=0.01 secs] 
3.210: [Full GC [PSYoungGen: 32K->0K(38208K)] [ParOldGen: 338350K->245333K(349568K)] 338382K->245333K(387776K) [PSPermGen: 2870K->2870K(21248K)], 0.1596270 secs] [Times: user=0.29 sys=0.01, real=0.16 secs] 
3.436: [Full GC [PSYoungGen: 25597K->0K(38208K)] [ParOldGen: 346516K->280632K(349568K)] 372114K->280632K(387776K) [PSPermGen: 2870K->2870K(21248K)], 0.1837400 secs] [Times: user=0.33 sys=0.00, real=0.18 secs] 
3.635: [GC [PSYoungGen: 30402K->32K(38208K)] 311035K->311067K(387776K), 0.0166350 secs] [Times: user=0.03 sys=0.00, real=0.01 secs] 
3.652: [Full GC [PSYoungGen: 32K->0K(38208K)] [ParOldGen: 311035K->300479K(349568K)] 311067K->300479K(387776K) [PSPermGen: 2870K->2870K(21248K)], 0.1646770 secs] [Times: user=0.29 sys=0.00, real=0.17 secs] 
3.854: [Full GC [PSYoungGen: 26444K->0K(38208K)] [ParOldGen: 347376K->248712K(349568K)] 373821K->248712K(387776K) [PSPermGen: 2870K->2870K(21248K)], 0.1793010 secs] [Times: user=0.30 sys=0.01, real=0.17 secs] 
4.092: [Full GC [PSYoungGen: 24503K->0K(38208K)] [ParOldGen: 335199K->247667K(349568K)] 359702K->247667K(387776K) [PSPermGen: 2870K->2870K(21248K)], 0.1713670 secs] [Times: user=0.31 sys=0.00, real=0.17 secs] 
4.277: [GC [PSYoungGen: 26531K->64K(38208K)] 274198K->274041K(387776K), 0.0135410 secs] [Times: user=0.03 sys=0.00, real=0.01 secs] 
4.314: [GC [PSYoungGen: 28416K->64K(38208K)] 322167K->322021K(387776K), 0.0146390 secs] [Times: user=0.03 sys=0.00, real=0.01 secs] 
4.329: [Full GC [PSYoungGen: 64K->0K(38208K)] [ParOldGen: 321957K->232259K(349568K)] 322021K->232259K(387776K) [PSPermGen: 2870K->2870K(21248K)], 0.1564500 secs] [Times: user=0.28 sys=0.00, real=0.16 secs] 
4.499: [GC [PSYoungGen: 25965K->64K(38208K)] 258224K->258288K(387776K), 0.0135890 secs] [Times: user=0.02 sys=0.00, real=0.01 secs] 
4.530: [GC [PSYoungGen: 31967K->64K(38208K)] 290192K->290095K(387776K), 0.0190670 secs] [Times: user=0.02 sys=0.00, real=0.02 secs] 
4.590: [Full GC [PSYoungGen: 28975K->15404K(38208K)] [ParOldGen: 333360K->346867K(349568K)] 362336K->362272K(387776K) [PSPermGen: 2870K->2870K(21248K)], 0.1070220 secs] [Times: user=0.15 sys=0.01, real=0.11 secs] 
4.697: [Full GC [PSYoungGen: 15404K->15404K(38208K)] [ParOldGen: 346867K->346858K(349568K)] 362272K->362262K(387776K) [PSPermGen: 2870K->2870K(21248K)], 0.1999020 secs] [Times: user=0.36 sys=0.00, real=0.20 secs] 
4.897: [Full GC [PSYoungGen: 15404K->0K(38208K)] [ParOldGen: 346858K->305139K(349568K)] 362262K->305139K(387776K) [PSPermGen: 2870K->2870K(21248K)], 0.2132440 secs] [Times: user=0.28 sys=0.00, real=0.21 secs] 
5.124: [GC [PSYoungGen: 22063K->0K(38208K)] 327203K->327203K(387776K), 0.0186570 secs] [Times: user=0.02 sys=0.00, real=0.02 secs] 
5.143: [Full GC [PSYoungGen: 0K->0K(38208K)] [ParOldGen: 327203K->327202K(349568K)] 327203K->327202K(387776K) [PSPermGen: 2870K->2870K(21248K)], 0.1949450 secs] [Times: user=0.35 sys=0.00, real=0.20 secs] 
5.355: [Full GC [PSYoungGen: 32768K->0K(38208K)] [ParOldGen: 327202K->347046K(349568K)] 359970K->347046K(387776K) [PSPermGen: 2870K->2870K(21248K)], 0.1441860 secs] [Times: user=0.25 sys=0.01, real=0.14 secs] 
5.512: [Full GC [PSYoungGen: 23720K->0K(38208K)] [ParOldGen: 347046K->266043K(349568K)] 370766K->266043K(387776K) [PSPermGen: 2870K->2870K(21248K)], 0.1809870 secs] [Times: user=0.29 sys=0.00, real=0.18 secs] 
5.705: [GC [PSYoungGen: 22256K->64K(38208K)] 288300K->288364K(387776K), 0.0113260 secs] [Times: user=0.02 sys=0.00, real=0.01 secs] 
5.727: [GC [PSYoungGen: 25699K->64K(38208K)] 314000K->313664K(387776K), 0.0134290 secs] [Times: user=0.03 sys=0.00, real=0.01 secs] 
5.741: [Full GC [PSYoungGen: 64K->0K(38208K)] [ParOldGen: 313600K->266218K(349568K)] 313664K->266218K(387776K) [PSPermGen: 2870K->2870K(21248K)], 0.1465930 secs] [Times: user=0.24 sys=0.00, real=0.15 secs] 
5.905: [GC [PSYoungGen: 32176K->32K(38208K)] 298395K->298427K(387776K), 0.0154390 secs] [Times: user=0.03 sys=0.00, real=0.01 secs] 
5.955: [Full GC [PSYoungGen: 31175K->0K(38208K)] [ParOldGen: 339730K->268953K(349568K)] 370906K->268953K(387776K) [PSPermGen: 2870K->2870K(21248K)], 0.1635630 secs] [Times: user=0.30 sys=0.00, real=0.16 secs] 
6.163: [Full GC [PSYoungGen: 21071K->0K(38208K)] [ParOldGen: 333144K->273652K(349568K)] 354216K->273652K(387776K) [PSPermGen: 2870K->2870K(21248K)], 0.1661070 secs] [Times: user=0.29 sys=0.00, real=0.17 secs] 
6.372: [Full GC [PSYoungGen: 20156K->0K(38208K)] [ParOldGen: 336101K->273798K(349568K)] 356257K->273798K(387776K) [PSPermGen: 2870K->2870K(21248K)], 0.1786630 secs] [Times: user=0.33 sys=0.00, real=0.18 secs] 
6.595: [Full GC [PSYoungGen: 20697K->0K(38208K)] [ParOldGen: 340422K->306217K(349568K)] 361120K->306217K(387776K) [PSPermGen: 2870K->2870K(21248K)], 0.1899740 secs] [Times: user=0.33 sys=0.00, real=0.19 secs] 
6.808: [Full GC [PSYoungGen: 23720K->0K(38208K)] [ParOldGen: 326915K->330372K(349568K)] 350635K->330372K(387776K) [PSPermGen: 2870K->2870K(21248K)], 0.1739520 secs] [Times: user=0.32 sys=0.00, real=0.17 secs] 
6.998: [Full GC [PSYoungGen: 30338K->13820K(38208K)] [ParOldGen: 330372K->346744K(349568K)] 360710K->360565K(387776K) [PSPermGen: 2870K->2870K(21248K)], 0.2150410 secs] [Times: user=0.38 sys=0.01, real=0.21 secs] 
7.220: [Full GC [PSYoungGen: 25982K->0K(38208K)] [ParOldGen: 346744K->174388K(349568K)] 372726K->174388K(387776K) [PSPermGen: 2870K->2870K(21248K)], 0.1371290 secs] [Times: user=0.25 sys=0.00, real=0.14 secs] 
7.387: [GC [PSYoungGen: 20155K->32K(38208K)] 233712K->233744K(387776K), 0.0117990 secs] [Times: user=0.02 sys=0.00, real=0.01 secs] 
7.465: [Full GC [PSYoungGen: 30090K->0K(38208K)] [ParOldGen: 336448K->282537K(349568K)] 366538K->282537K(387776K) [PSPermGen: 2870K->2870K(21248K)], 0.1488850 secs] [Times: user=0.27 sys=0.00, real=0.15 secs] 
7.627: [GC [PSYoungGen: 24211K->32K(38208K)] 306748K->306780K(387776K), 0.0119950 secs] [Times: user=0.03 sys=0.00, real=0.01 secs] 
7.665: [Full GC [PSYoungGen: 27324K->0K(38208K)] [ParOldGen: 330549K->287652K(349568K)] 357874K->287652K(387776K) [PSPermGen: 2870K->2870K(21248K)], 0.1737980 secs] [Times: user=0.31 sys=0.01, real=0.17 secs] 
7.876: [Full GC [PSYoungGen: 29206K->0K(38208K)] [ParOldGen: 331148K->310139K(349568K)] 360355K->310139K(387776K) [PSPermGen: 2870K->2870K(21248K)], 0.1891330 secs] [Times: user=0.33 sys=0.00, real=0.19 secs] 
8.092: [Full GC [PSYoungGen: 25728K->0K(38208K)] [ParOldGen: 334499K->205672K(349568K)] 360228K->205672K(387776K) [PSPermGen: 2870K->2870K(21248K)], 0.1545140 secs] [Times: user=0.27 sys=0.00, real=0.16 secs] 
8.303: [GC [PSYoungGen: 23720K->0K(38208K)] 314154K->314154K(387776K), 0.0123120 secs] [Times: user=0.03 sys=0.00, real=0.02 secs] 
8.315: [Full GC [PSYoungGen: 0K->0K(38208K)] [ParOldGen: 314154K->314154K(349568K)] 314154K->314154K(387776K) [PSPermGen: 2870K->2870K(21248K)], 0.0158280 secs] [Times: user=0.02 sys=0.00, real=0.01 secs] 
8.348: [GC [PSYoungGen: 32439K->64K(38208K)] 346594K->346595K(387776K), 0.0148920 secs] [Times: user=0.03 sys=0.00, real=0.01 secs] 
8.363: [Full GC [PSYoungGen: 64K->0K(38208K)] [ParOldGen: 346531K->306806K(349568K)] 346595K->306806K(387776K) [PSPermGen: 2870K->2870K(21248K)], 0.1719650 secs] [Times: user=0.31 sys=0.01, real=0.18 secs] 
8.560: [Full GC [PSYoungGen: 28742K->0K(38208K)] [ParOldGen: 326090K->189083K(349568K)] 354833K->189083K(387776K) [PSPermGen: 2870K->2870K(21248K)], 0.1465700 secs] [Times: user=0.26 sys=0.00, real=0.15 secs] 
8.742: [GC [PSYoungGen: 24744K->64K(38208K)] 257782K->257845K(387776K), 0.0118450 secs] [Times: user=0.03 sys=0.00, real=0.02 secs] 
8.810: [Full GC [PSYoungGen: 31046K->0K(38208K)] [ParOldGen: 339150K->214407K(349568K)] 370196K->214407K(387776K) [PSPermGen: 2870K->2870K(21248K)], 0.1625070 secs] [Times: user=0.27 sys=0.00, real=0.16 secs] 
8.997: [GC [PSYoungGen: 24670K->64K(38208K)] 259340K->259404K(387776K), 0.0119980 secs] [Times: user=0.02 sys=0.00, real=0.01 secs] 
9.034: [GC [PSYoungGen: 28229K->64K(38208K)] 312240K->312019K(387776K), 0.0138750 secs] [Times: user=0.03 sys=0.00, real=0.01 secs] 
9.048: [Full GC [PSYoungGen: 64K->0K(38208K)] [ParOldGen: 311955K->277242K(349568K)] 312019K->277242K(387776K) [PSPermGen: 2870K->2870K(21248K)], 0.1660940 secs] [Times: user=0.30 sys=0.00, real=0.17 secs] 
9.228: [GC [PSYoungGen: 25836K->64K(38208K)] 303079K->303080K(387776K), 0.0126620 secs] [Times: user=0.02 sys=0.00, real=0.01 secs] 
9.263: [Full GC [PSYoungGen: 23148K->0K(38208K)] [ParOldGen: 327376K->231800K(349568K)] 350524K->231800K(387776K) [PSPermGen: 2870K->2870K(21248K)], 0.1621940 secs] [Times: user=0.30 sys=0.00, real=0.17 secs] 
9.472: [GC [PSYoungGen: 27684K->64K(38208K)] 322301K->322365K(387776K), 0.0138520 secs] [Times: user=0.03 sys=0.00, real=0.02 secs] 
9.486: [Full GC [PSYoungGen: 64K->0K(38208K)] [ParOldGen: 322301K->236419K(349568K)] 322365K->236419K(387776K) [PSPermGen: 2870K->2870K(21248K)], 0.1582270 secs] [Times: user=0.28 sys=0.00, real=0.16 secs] 
9.714: [Full GC [PSYoungGen: 27652K->0K(38208K)] [ParOldGen: 344344K->249188K(349568K)] 371996K->249188K(387776K) [PSPermGen: 2870K->2870K(21248K)], 0.1704480 secs] [Times: user=0.31 sys=0.00, real=0.17 secs] 
9.920: [GC [PSYoungGen: 25391K->64K(38208K)] 317172K->317014K(387776K), 0.0126970 secs] [Times: user=0.02 sys=0.00, real=0.01 secs] 
9.933: [Full GC [PSYoungGen: 64K->0K(38208K)] [ParOldGen: 316950K->219206K(349568K)] 317014K->219206K(387776K) [PSPermGen: 2870K->2870K(21248K)], 0.1438600 secs] [Times: user=0.26 sys=0.00, real=0.15 secs] 
10.112: [GC [PSYoungGen: 25592K->64K(38208K)] 287870K->287789K(387776K), 0.0123240 secs] [Times: user=0.02 sys=0.00, real=0.01 secs] 
10.147: [GC [PSYoungGen: 23352K->64K(38208K)] 335461K->335365K(387776K), 0.0119650 secs] [Times: user=0.03 sys=0.00, real=0.01 secs] 
10.159: [Full GC [PSYoungGen: 64K->0K(38208K)] [ParOldGen: 335301K->204855K(349568K)] 335365K->204855K(387776K) [PSPermGen: 2870K->2870K(21248K)], 0.1544410 secs] [Times: user=0.26 sys=0.00, real=0.15 secs] 
10.356: [GC [PSYoungGen: 32768K->64K(38208K)] 286281K->286090K(387776K), 0.0183550 secs] [Times: user=0.03 sys=0.00, real=0.02 secs] 
10.408: [Full GC [PSYoungGen: 26354K->0K(38208K)] [ParOldGen: 327886K->233803K(349568K)] 354241K->233803K(387776K) [PSPermGen: 2870K->2870K(21248K)], 0.1654910 secs] [Times: user=0.30 sys=0.00, real=0.16 secs] 
10.595: [GC [PSYoungGen: 24153K->64K(38208K)] 274754K->274818K(387776K), 0.0116040 secs] [Times: user=0.03 sys=0.00, real=0.01 secs] 
10.652: [Full GC [PSYoungGen: 25352K->0K(38208K)] [ParOldGen: 343148K->284805K(349568K)] 368500K->284805K(387776K) [PSPermGen: 2870K->2870K(21248K)], 0.1810630 secs] [Times: user=0.34 sys=0.00, real=0.18 secs] 
10.866: [GC [PSYoungGen: 15513K->64K(38208K)] 348816K->348880K(387776K), 0.0086160 secs] [Times: user=0.02 sys=0.00, real=0.01 secs] 
10.875: [Full GC [PSYoungGen: 64K->0K(38208K)] [ParOldGen: 348816K->336849K(349568K)] 348880K->336849K(387776K) [PSPermGen: 2870K->2870K(21248K)], 0.0572880 secs] [Times: user=0.10 sys=0.00, real=0.05 secs] 
10.944: [Full GC [PSYoungGen: 23207K->0K(38208K)] [ParOldGen: 336849K->234304K(349568K)] 360057K->234304K(387776K) [PSPermGen: 2870K->2870K(21248K)], 0.1643620 secs] [Times: user=0.31 sys=0.00, real=0.16 secs] 
11.122: [GC [PSYoungGen: 25290K->32K(38208K)] 259594K->259626K(387776K), 0.0122840 secs] [Times: user=0.02 sys=0.00, real=0.02 secs] 
11.186: [Full GC [PSYoungGen: 28173K->0K(38208K)] [ParOldGen: 334011K->280464K(349568K)] 362184K->280464K(387776K) [PSPermGen: 2870K->2870K(21248K)], 0.1775650 secs] [Times: user=0.34 sys=0.01, real=0.17 secs] 
11.404: [Full GC [PSYoungGen: 32163K->17275K(38208K)] [ParOldGen: 327002K->341828K(349568K)] 359166K->359103K(387776K) [PSPermGen: 2870K->2870K(21248K)], 0.0663040 secs] [Times: user=0.12 sys=0.00, real=0.07 secs] 
11.470: [Full GC [PSYoungGen: 17275K->17275K(38208K)] [ParOldGen: 341828K->341828K(349568K)] 359103K->359103K(387776K) [PSPermGen: 2870K->2870K(21248K)], 0.0157180 secs] [Times: user=0.02 sys=0.00, real=0.02 secs] 
11.486: [Full GC [PSYoungGen: 17275K->0K(38208K)] [ParOldGen: 341828K->319436K(349568K)] 359103K->319436K(387776K) [PSPermGen: 2870K->2870K(21248K)], 0.1675800 secs] [Times: user=0.31 sys=0.00, real=0.17 secs] 
11.680: [Full GC [PSYoungGen: 24136K->24136K(38208K)] [ParOldGen: 344727K->327928K(349568K)] 368864K->352065K(387776K) [PSPermGen: 2870K->2870K(21248K)], 0.1875560 secs] [Times: user=0.35 sys=0.00, real=0.19 secs] 
11.879: [Full GC [PSYoungGen: 24137K->0K(38208K)] [ParOldGen: 348563K->188186K(349568K)] 372700K->188186K(387776K) [PSPermGen: 2870K->2870K(21248K)], 0.1439030 secs] [Times: user=0.27 sys=0.00, real=0.14 secs] 
12.079: [GC [PSYoungGen: 23368K->64K(38208K)] 300307K->300371K(387776K), 0.0118720 secs] [Times: user=0.02 sys=0.01, real=0.01 secs] 
12.106: [GC [PSYoungGen: 31513K->32K(38208K)] 331821K->331789K(387776K), 0.0149860 secs] [Times: user=0.02 sys=0.00, real=0.01 secs] 
12.121: [Full GC [PSYoungGen: 32K->0K(38208K)] [ParOldGen: 331757K->231447K(349568K)] 331789K->231447K(387776K) [PSPermGen: 2870K->2870K(21248K)], 0.1565600 secs] [Times: user=0.29 sys=0.00, real=0.16 secs] 
12.318: [GC [PSYoungGen: 24253K->64K(38208K)] 311825K->311889K(387776K), 0.0130310 secs] [Times: user=0.02 sys=0.00, real=0.01 secs] 
12.353: [Full GC [PSYoungGen: 21568K->0K(38208K)] [ParOldGen: 335962K->196351K(349568K)] 357530K->196351K(387776K) [PSPermGen: 2870K->2870K(21248K)], 0.1451950 secs] [Times: user=0.27 sys=0.00, real=0.15 secs] 
12.522: [GC [PSYoungGen: 30117K->64K(38208K)] 243062K->242981K(387776K), 0.0143380 secs] [Times: user=0.02 sys=0.00, real=0.02 secs] 
12.595: [Full GC [PSYoungGen: 30814K->0K(38208K)] [ParOldGen: 329955K->246017K(349568K)] 360769K->246017K(387776K) [PSPermGen: 2870K->2870K(21248K)], 0.1559020 secs] [Times: user=0.29 sys=0.01, real=0.15 secs] 
12.807: [GC [PSYoungGen: 31852K->64K(38208K)] 340292K->339659K(387776K), 0.0153400 secs] [Times: user=0.03 sys=0.00, real=0.01 secs] 
12.822: [Full GC [PSYoungGen: 64K->0K(38208K)] [ParOldGen: 339595K->244356K(349568K)] 339659K->244356K(387776K) [PSPermGen: 2872K->2872K(21248K)], 0.1619220 secs] [Times: user=0.30 sys=0.00, real=0.17 secs] 
13.043: [Full GC [PSYoungGen: 21839K->0K(38208K)] [ParOldGen: 337712K->227447K(349568K)] 359551K->227447K(387776K) [PSPermGen: 2872K->2872K(21248K)], 0.2088610 secs] [Times: user=0.27 sys=0.00, real=0.21 secs] 
Heap
 PSYoungGen      total 38208K, used 25039K [0x00000007f5560000, 0x00000007f8000000, 0x0000000800000000)
  eden space 32768K, 76% used [0x00000007f5560000,0x00000007f6dd3e70,0x00000007f7560000)
  from space 5440K, 0% used [0x00000007f7ab0000,0x00000007f7ab0000,0x00000007f8000000)
  to   space 5440K, 0% used [0x00000007f7560000,0x00000007f7560000,0x00000007f7ab0000)
 ParOldGen       total 349568K, used 266771K [0x00000007e0000000, 0x00000007f5560000, 0x00000007f5560000)
  object space 349568K, 76% used [0x00000007e0000000,0x00000007f0484da8,0x00000007f5560000)
 PSPermGen       total 21248K, used 2879K [0x00000007dae00000, 0x00000007dc2c0000, 0x00000007e0000000)
  object space 21248K, 13% used [0x00000007dae00000,0x00000007db0cff80,0x00000007dc2c0000)
