0.107: [GC 0.107: [ParNew: 28260K->342K(39296K), 0.0305350 secs] 28260K->20906K(126720K), 0.0305960 secs] [Times: user=0.05 sys=0.01, real=0.03 secs] 
0.156: [GC 0.156: [ParNew: 35286K->498K(39296K), 0.0411100 secs] 55850K->54647K(126720K), 0.0411700 secs] [Times: user=0.04 sys=0.03, real=0.04 secs] 
0.206: [GC 0.206: [ParNew: 21765K->597K(39296K), 0.0288420 secs] 75914K->75654K(126720K), 0.0289010 secs] [Times: user=0.04 sys=0.02, real=0.03 secs] 
0.250: [GC 0.250: [ParNew: 32610K->471K(39296K), 0.0350900 secs]0.285: [Tenured: 106712K->107020K(107800K), 0.0057700 secs] 107667K->107020K(147096K), [Perm : 2872K->2872K(21248K)], 0.0412170 secs] [Times: user=0.05 sys=0.02, real=0.04 secs] 
0.326: [GC 0.326: [ParNew: 64388K->0K(80384K), 0.0718050 secs] 171408K->171408K(258752K), 0.0718600 secs] [Times: user=0.08 sys=0.06, real=0.07 secs] 
0.428: [GC 0.428: [ParNew: 61690K->33K(80384K), 0.0710270 secs]0.499: [Tenured: 233098K->233098K(240060K), 0.0053290 secs] 233098K->233098K(320444K), [Perm : 2872K->2872K(21248K)], 0.0767970 secs] [Times: user=0.08 sys=0.04, real=0.08 secs] 
0.579: [GC 0.579: [ParNew: 131520K->16779K(157248K), 0.1320670 secs] 364619K->356600K(506816K), 0.1321260 secs] [Times: user=0.13 sys=0.12, real=0.13 secs] 
0.771: [GC 0.771: [ParNew: 141595K->141595K(157248K), 0.0000210 secs]0.771: [Tenured: 339821K->338420K(349568K), 0.1693470 secs] 481416K->443070K(506816K), [Perm : 2872K->2872K(21248K)], 0.1694660 secs] [Times: user=0.17 sys=0.00, real=0.17 secs] 
0.954: [Full GC 0.954: [Tenured: 338420K->337591K(349568K), 0.1746320 secs] 472544K->429640K(506816K), [Perm : 2872K->2870K(21248K)], 0.1747090 secs] [Times: user=0.17 sys=0.00, real=0.17 secs] 
1.159: [Full GC 1.159: [Tenured: 337591K->228217K(349568K), 0.0942540 secs] 490690K->228217K(506816K), [Perm : 2870K->2870K(21248K)], 0.0943310 secs] [Times: user=0.09 sys=0.00, real=0.10 secs] 
1.322: [GC 1.322: [ParNew (promotion failed): 138955K->152072K(157248K), 0.0520750 secs]1.374: [Tenured: 326566K->264671K(349568K), 0.1019200 secs] 367172K->264671K(506816K), [Perm : 2870K->2870K(21248K)], 0.1541110 secs] [Times: user=0.19 sys=0.01, real=0.15 secs] 
1.543: [GC 1.543: [ParNew: 138336K->138336K(157248K), 0.0000200 secs]1.543: [Tenured: 264671K->279851K(349568K), 0.1087340 secs] 403008K->279851K(506816K), [Perm : 2870K->2870K(21248K)], 0.1088450 secs] [Times: user=0.11 sys=0.00, real=0.11 secs] 
1.712: [GC 1.712: [ParNew: 120556K->120556K(157248K), 0.0000200 secs]1.712: [Tenured: 279851K->245730K(349568K), 0.1002870 secs] 400408K->245730K(506816K), [Perm : 2870K->2870K(21248K)], 0.1003920 secs] [Times: user=0.10 sys=0.00, real=0.10 secs] 
1.878: [GC 1.878: [ParNew (promotion failed): 131856K->131860K(157248K), 0.0329650 secs]1.911: [Tenured: 326391K->243343K(349568K), 0.0895870 secs] 377587K->243343K(506816K), [Perm : 2870K->2870K(21248K)], 0.1226670 secs] [Times: user=0.15 sys=0.00, real=0.12 secs] 
2.067: [GC 2.067: [ParNew: 132432K->132432K(157248K), 0.0000190 secs]2.067: [Tenured: 243343K->341350K(349568K), 0.1009030 secs] 375775K->341350K(506816K), [Perm : 2870K->2870K(21248K)], 0.1010030 secs] [Times: user=0.10 sys=0.00, real=0.10 secs] 
2.235: [GC 2.235: [ParNew: 136248K->136248K(157248K), 0.0000200 secs]2.235: [Tenured: 341350K->301922K(349568K), 0.1224010 secs] 477598K->301922K(506816K), [Perm : 2870K->2870K(21248K)], 0.1225090 secs] [Times: user=0.12 sys=0.00, real=0.12 secs] 
2.419: [GC 2.419: [ParNew: 124315K->124315K(157248K), 0.0000190 secs]2.419: [Tenured: 301922K->335099K(349568K), 0.1055480 secs] 426237K->335099K(506816K), [Perm : 2870K->2870K(21248K)], 0.1056600 secs] [Times: user=0.10 sys=0.00, real=0.11 secs] 
2.592: [GC 2.592: [ParNew: 132144K->132144K(157248K), 0.0000300 secs]2.592: [Tenured: 335099K->280380K(349568K), 0.1136230 secs] 467244K->280380K(506816K), [Perm : 2870K->2870K(21248K)], 0.1137410 secs] [Times: user=0.11 sys=0.00, real=0.11 secs] 
2.767: [GC 2.768: [ParNew: 124992K->124992K(157248K), 0.0000200 secs]2.768: [Tenured: 280380K->333698K(349568K), 0.1342470 secs] 405372K->333698K(506816K), [Perm : 2870K->2870K(21248K)], 0.1343540 secs] [Times: user=0.13 sys=0.01, real=0.13 secs] 
2.969: [GC 2.969: [ParNew: 134187K->134187K(157248K), 0.0000200 secs]2.969: [Tenured: 333698K->246588K(349568K), 0.1014790 secs] 467885K->246588K(506816K), [Perm : 2870K->2870K(21248K)], 0.1015870 secs] [Times: user=0.10 sys=0.00, real=0.10 secs] 
3.140: [GC 3.140: [ParNew (promotion failed): 138504K->151348K(157248K), 0.0479590 secs]3.188: [Tenured: 345604K->278253K(349568K), 0.1146990 secs] 385092K->278253K(506816K), [Perm : 2870K->2870K(21248K)], 0.1627730 secs] [Times: user=0.20 sys=0.00, real=0.17 secs] 
3.372: [GC 3.372: [ParNew: 139776K->139776K(157248K), 0.0000230 secs]3.372: [Tenured: 278253K->288245K(349568K), 0.1162940 secs] 418029K->288245K(506816K), [Perm : 2870K->2870K(21248K)], 0.1164040 secs] [Times: user=0.12 sys=0.00, real=0.11 secs] 
3.558: [GC 3.558: [ParNew: 139099K->139099K(157248K), 0.0000180 secs]3.558: [Tenured: 288245K->337671K(349568K), 0.1347370 secs] 427345K->337671K(506816K), [Perm : 2870K->2870K(21248K)], 0.1348380 secs] [Times: user=0.14 sys=0.01, real=0.14 secs] 
3.761: [GC 3.761: [ParNew: 135824K->135824K(157248K), 0.0000200 secs]3.761: [Tenured: 337671K->341593K(349568K), 0.1490290 secs] 473496K->396884K(506816K), [Perm : 2870K->2870K(21248K)], 0.1491420 secs] [Times: user=0.15 sys=0.00, real=0.15 secs] 
3.950: [Full GC 3.950: [Tenured: 341593K->302692K(349568K), 0.1234980 secs] 478386K->302692K(506816K), [Perm : 2870K->2870K(21248K)], 0.1235720 secs] [Times: user=0.13 sys=0.00, real=0.13 secs] 
4.142: [GC 4.142: [ParNew: 136354K->136354K(157248K), 0.0000190 secs]4.142: [Tenured: 302692K->268517K(349568K), 0.1085820 secs] 439046K->268517K(506816K), [Perm : 2870K->2870K(21248K)], 0.1086860 secs] [Times: user=0.11 sys=0.00, real=0.10 secs] 
4.320: [GC 4.320: [ParNew: 138168K->138168K(157248K), 0.0000200 secs]4.320: [Tenured: 268517K->322949K(349568K), 0.1300460 secs] 406685K->322949K(506816K), [Perm : 2870K->2870K(21248K)], 0.1301540 secs] [Times: user=0.13 sys=0.00, real=0.13 secs] 
4.515: [GC 4.515: [ParNew: 131318K->131318K(157248K), 0.0000200 secs]4.515: [Tenured: 322949K->268063K(349568K), 0.1096300 secs] 454268K->268063K(506816K), [Perm : 2870K->2870K(21248K)], 0.1097370 secs] [Times: user=0.11 sys=0.00, real=0.11 secs] 
4.692: [GC 4.692: [ParNew: 134491K->134491K(157248K), 0.0000190 secs]4.692: [Tenured: 268063K->276139K(349568K), 0.1027710 secs] 402554K->276139K(506816K), [Perm : 2870K->2870K(21248K)], 0.1028790 secs] [Times: user=0.10 sys=0.00, real=0.11 secs] 
4.862: [GC 4.863: [ParNew: 134769K->134769K(157248K), 0.0000190 secs]4.863: [Tenured: 276139K->250034K(349568K), 0.1018540 secs] 410908K->250034K(506816K), [Perm : 2870K->2870K(21248K)], 0.1019590 secs] [Times: user=0.11 sys=0.00, real=0.10 secs] 
5.031: [GC 5.031: [ParNew (promotion failed): 132163K->146998K(157248K), 0.0405880 secs]5.071: [Tenured: 335614K->284433K(349568K), 0.1145870 secs] 382197K->284433K(506816K), [Perm : 2870K->2870K(21248K)], 0.1552900 secs] [Times: user=0.19 sys=0.00, real=0.16 secs] 
5.256: [GC 5.256: [ParNew: 138996K->138996K(157248K), 0.0000190 secs]5.256: [Tenured: 284433K->260827K(349568K), 0.1066960 secs] 423430K->260827K(506816K), [Perm : 2870K->2870K(21248K)], 0.1068010 secs] [Times: user=0.10 sys=0.00, real=0.11 secs] 
5.424: [GC 5.424: [ParNew: 121641K->121641K(157248K), 0.0000190 secs]5.424: [Tenured: 260827K->315240K(349568K), 0.1129990 secs] 382468K->315240K(506816K), [Perm : 2870K->2870K(21248K)], 0.1131060 secs] [Times: user=0.11 sys=0.00, real=0.11 secs] 
5.606: [GC 5.606: [ParNew: 137600K->137600K(157248K), 0.0000190 secs]5.606: [Tenured: 315240K->284270K(349568K), 0.1086120 secs] 452840K->284270K(506816K), [Perm : 2870K->2870K(21248K)], 0.1087190 secs] [Times: user=0.11 sys=0.00, real=0.11 secs] 
5.783: [GC 5.783: [ParNew: 137606K->137606K(157248K), 0.0000200 secs]5.783: [Tenured: 284270K->314982K(349568K), 0.1268080 secs] 421876K->314982K(506816K), [Perm : 2870K->2870K(21248K)], 0.1269200 secs] [Times: user=0.13 sys=0.00, real=0.12 secs] 
5.973: [GC 5.973: [ParNew: 124747K->124747K(157248K), 0.0000190 secs]5.973: [Tenured: 314982K->244633K(349568K), 0.1002010 secs] 439730K->244633K(506816K), [Perm : 2870K->2870K(21248K)], 0.1003310 secs] [Times: user=0.10 sys=0.00, real=0.10 secs] 
6.143: [GC 6.143: [ParNew: 139282K->139282K(157248K), 0.0000200 secs]6.143: [Tenured: 244633K->267544K(349568K), 0.1104610 secs] 383916K->267544K(506816K), [Perm : 2870K->2870K(21248K)], 0.1105670 secs] [Times: user=0.11 sys=0.00, real=0.11 secs] 
6.323: [GC 6.323: [ParNew: 139302K->139302K(157248K), 0.0000200 secs]6.323: [Tenured: 267544K->274692K(349568K), 0.1026100 secs] 406846K->274692K(506816K), [Perm : 2870K->2870K(21248K)], 0.1027180 secs] [Times: user=0.10 sys=0.00, real=0.10 secs] 
6.495: [GC 6.495: [ParNew: 135888K->135888K(157248K), 0.0000180 secs]6.495: [Tenured: 274692K->320947K(349568K), 0.1292700 secs] 410580K->320947K(506816K), [Perm : 2870K->2870K(21248K)], 0.1293750 secs] [Times: user=0.13 sys=0.00, real=0.13 secs] 
6.690: [GC 6.690: [ParNew: 132335K->132335K(157248K), 0.0000190 secs]6.690: [Tenured: 320947K->250694K(349568K), 0.1025120 secs] 453283K->250694K(506816K), [Perm : 2870K->2870K(21248K)], 0.1026230 secs] [Times: user=0.10 sys=0.00, real=0.11 secs] 
6.855: [GC 6.855: [ParNew: 124161K->124161K(157248K), 0.0000180 secs]6.855: [Tenured: 250694K->244199K(349568K), 0.0997420 secs] 374855K->244199K(506816K), [Perm : 2870K->2870K(21248K)], 0.0998430 secs] [Times: user=0.09 sys=0.00, real=0.10 secs] 
7.024: [GC 7.024: [ParNew (promotion failed): 139282K->155406K(157248K), 0.0523970 secs]7.077: [Tenured: 348371K->293141K(349568K), 0.1178260 secs] 383481K->293141K(506816K), [Perm : 2870K->2870K(21248K)], 0.1703360 secs] [Times: user=0.22 sys=0.01, real=0.17 secs] 
7.265: [GC 7.265: [ParNew: 137761K->137761K(157248K), 0.0000180 secs]7.265: [Tenured: 293141K->239470K(349568K), 0.0972020 secs] 430902K->239470K(506816K), [Perm : 2870K->2870K(21248K)], 0.0973010 secs] [Times: user=0.09 sys=0.00, real=0.10 secs] 
7.429: [GC 7.430: [ParNew: 133987K->133987K(157248K), 0.0000200 secs]7.430: [Tenured: 239470K->223321K(349568K), 0.0924940 secs] 373458K->223321K(506816K), [Perm : 2870K->2870K(21248K)], 0.0925980 secs] [Times: user=0.09 sys=0.00, real=0.10 secs] 
7.592: [GC 7.592: [ParNew (promotion failed): 139061K->150064K(157248K), 0.0503330 secs]7.642: [Tenured: 338048K->273084K(349568K), 0.1097880 secs] 362382K->273084K(506816K), [Perm : 2870K->2870K(21248K)], 0.1602350 secs] [Times: user=0.21 sys=0.00, real=0.16 secs] 
7.822: [GC 7.822: [ParNew: 137856K->137856K(157248K), 0.0000190 secs]7.822: [Tenured: 273084K->295888K(349568K), 0.1053710 secs] 410940K->295888K(506816K), [Perm : 2870K->2870K(21248K)], 0.1054760 secs] [Times: user=0.11 sys=0.00, real=0.11 secs] 
7.997: [GC 7.997: [ParNew: 138683K->138683K(157248K), 0.0000290 secs]7.997: [Tenured: 295888K->256892K(349568K), 0.1067610 secs] 434572K->256892K(506816K), [Perm : 2870K->2870K(21248K)], 0.1068730 secs] [Times: user=0.11 sys=0.00, real=0.11 secs] 
8.172: [GC 8.172: [ParNew: 136954K->136954K(157248K), 0.0000200 secs]8.172: [Tenured: 256892K->225224K(349568K), 0.0966790 secs] 393846K->225224K(506816K), [Perm : 2870K->2870K(21248K)], 0.0967860 secs] [Times: user=0.09 sys=0.00, real=0.09 secs] 
8.339: [GC 8.339: [ParNew: 139693K->139693K(157248K), 0.0000300 secs]8.339: [Tenured: 225224K->300832K(349568K), 0.1075490 secs] 364917K->300832K(506816K), [Perm : 2870K->2870K(21248K)], 0.1076760 secs] [Times: user=0.10 sys=0.00, real=0.11 secs] 
8.518: [GC 8.518: [ParNew: 139250K->139250K(157248K), 0.0000200 secs]8.518: [Tenured: 300832K->320744K(349568K), 0.1375150 secs] 440083K->320744K(506816K), [Perm : 2870K->2870K(21248K)], 0.1376220 secs] [Times: user=0.13 sys=0.00, real=0.14 secs] 
8.747: [GC 8.747: [ParNew: 138962K->138962K(157248K), 0.0000160 secs]8.747: [Tenured: 320744K->323300K(349568K), 0.1327370 secs] 459707K->323300K(506816K), [Perm : 2870K->2870K(21248K)], 0.1328390 secs] [Times: user=0.13 sys=0.00, real=0.13 secs] 
8.949: [GC 8.949: [ParNew: 136784K->136784K(157248K), 0.0000170 secs]8.949: [Tenured: 323300K->328810K(349568K), 0.1330600 secs] 460084K->328810K(506816K), [Perm : 2870K->2870K(21248K)], 0.1331520 secs] [Times: user=0.13 sys=0.01, real=0.14 secs] 
9.153: [GC 9.153: [ParNew: 137970K->137970K(157248K), 0.0000150 secs]9.153: [Tenured: 328810K->260212K(349568K), 0.1078390 secs] 466780K->260212K(506816K), [Perm : 2870K->2870K(21248K)], 0.1079390 secs] [Times: user=0.11 sys=0.00, real=0.10 secs] 
9.331: [GC 9.331: [ParNew: 138501K->138501K(157248K), 0.0000200 secs]9.331: [Tenured: 260212K->270541K(349568K), 0.1124950 secs] 398714K->270541K(506816K), [Perm : 2870K->2870K(21248K)], 0.1126070 secs] [Times: user=0.11 sys=0.00, real=0.12 secs] 
9.514: [GC 9.514: [ParNew: 138840K->138840K(157248K), 0.0000370 secs]9.514: [Tenured: 270541K->259224K(349568K), 0.1063080 secs] 409381K->259224K(506816K), [Perm : 2870K->2870K(21248K)], 0.1064370 secs] [Times: user=0.11 sys=0.00, real=0.10 secs] 
9.690: [GC 9.690: [ParNew: 137981K->137981K(157248K), 0.0000180 secs]9.690: [Tenured: 259224K->255097K(349568K), 0.0996440 secs] 397206K->255097K(506816K), [Perm : 2870K->2870K(21248K)], 0.0997480 secs] [Times: user=0.10 sys=0.00, real=0.10 secs] 
9.858: [GC 9.858: [ParNew: 136537K->136537K(157248K), 0.0000200 secs]9.858: [Tenured: 255097K->267569K(349568K), 0.1092700 secs] 391635K->267569K(506816K), [Perm : 2870K->2870K(21248K)], 0.1093770 secs] [Times: user=0.11 sys=0.00, real=0.11 secs] 
10.038: [GC 10.038: [ParNew: 137771K->137771K(157248K), 0.0000260 secs]10.038: [Tenured: 267569K->287828K(349568K), 0.1026870 secs] 405341K->287828K(506816K), [Perm : 2870K->2870K(21248K)], 0.1028140 secs] [Times: user=0.11 sys=0.00, real=0.10 secs] 
10.206: [GC 10.206: [ParNew: 130610K->130610K(157248K), 0.0000200 secs]10.206: [Tenured: 287828K->252427K(349568K), 0.1027120 secs] 418438K->252427K(506816K), [Perm : 2870K->2870K(21248K)], 0.1028150 secs] [Times: user=0.10 sys=0.00, real=0.10 secs] 
10.377: [GC 10.377: [ParNew: 136801K->136801K(157248K), 0.0000230 secs]10.377: [Tenured: 252427K->303565K(349568K), 0.1145060 secs] 389229K->303565K(506816K), [Perm : 2870K->2870K(21248K)], 0.1146210 secs] [Times: user=0.11 sys=0.00, real=0.11 secs] 
10.560: [GC 10.560: [ParNew: 136115K->136115K(157248K), 0.0000190 secs]10.560: [Tenured: 303565K->257182K(349568K), 0.1041960 secs] 439680K->257182K(506816K), [Perm : 2870K->2870K(21248K)], 0.1042990 secs] [Times: user=0.11 sys=0.00, real=0.11 secs] 
10.734: [GC 10.734: [ParNew: 138713K->138713K(157248K), 0.0000180 secs]10.734: [Tenured: 257182K->208523K(349568K), 0.0804900 secs] 395895K->208523K(506816K), [Perm : 2870K->2870K(21248K)], 0.0805890 secs] [Times: user=0.08 sys=0.01, real=0.08 secs] 
10.880: [GC 10.880: [ParNew: 131699K->16718K(157248K), 0.0609210 secs] 340222K->340220K(506816K), 0.0609860 secs] [Times: user=0.09 sys=0.00, real=0.06 secs] 
11.012: [GC 11.012: [ParNew: 146428K->146428K(157248K), 0.0000190 secs]11.012: [Tenured: 323501K->295313K(349568K), 0.1358560 secs] 469929K->295313K(506816K), [Perm : 2870K->2870K(21248K)], 0.1359650 secs] [Times: user=0.13 sys=0.00, real=0.13 secs] 
11.217: [GC 11.217: [ParNew: 130897K->130897K(157248K), 0.0000190 secs]11.218: [Tenured: 295313K->247711K(349568K), 0.1031610 secs] 426211K->247711K(506816K), [Perm : 2870K->2870K(21248K)], 0.1032690 secs] [Times: user=0.10 sys=0.00, real=0.10 secs] 
11.389: [GC 11.389: [ParNew: 136869K->136869K(157248K), 0.0000220 secs]11.389: [Tenured: 247711K->290230K(349568K), 0.1154170 secs] 384581K->290230K(506816K), [Perm : 2870K->2870K(21248K)], 0.1155240 secs] [Times: user=0.12 sys=0.00, real=0.12 secs] 
11.572: [GC 11.572: [ParNew: 137960K->137960K(157248K), 0.0000190 secs]11.573: [Tenured: 290230K->339918K(349568K), 0.1443930 secs] 428190K->367562K(506816K), [Perm : 2870K->2870K(21248K)], 0.1445010 secs] [Times: user=0.14 sys=0.00, real=0.14 secs] 
11.777: [Full GC 11.777: [Tenured: 339918K->300927K(349568K), 0.1207930 secs] 487517K->300927K(506816K), [Perm : 2870K->2870K(21248K)], 0.1208710 secs] [Times: user=0.12 sys=0.00, real=0.12 secs] 
11.963: [GC 11.963: [ParNew: 130672K->130672K(157248K), 0.0000180 secs]11.963: [Tenured: 300927K->333780K(349568K), 0.1090250 secs] 431600K->333780K(506816K), [Perm : 2870K->2870K(21248K)], 0.1091280 secs] [Times: user=0.11 sys=0.00, real=0.10 secs] 
12.139: [GC 12.139: [ParNew: 134997K->134997K(157248K), 0.0000190 secs]12.139: [Tenured: 333780K->341814K(349568K), 0.2428030 secs] 468778K->353793K(506816K), [Perm : 2870K->2870K(21248K)], 0.2429090 secs] [Times: user=0.15 sys=0.00, real=0.24 secs] 
12.437: [Full GC 12.437: [Tenured: 341814K->271419K(349568K), 0.1088990 secs] 466071K->271419K(506816K), [Perm : 2870K->2870K(21248K)], 0.1089710 secs] [Times: user=0.11 sys=0.00, real=0.11 secs] 
12.615: [GC 12.615: [ParNew: 135880K->135880K(157248K), 0.0000180 secs]12.615: [Tenured: 271419K->263299K(349568K), 0.1067090 secs] 407300K->263299K(506816K), [Perm : 2870K->2870K(21248K)], 0.1068120 secs] [Times: user=0.11 sys=0.00, real=0.10 secs] 
12.791: [GC 12.791: [ParNew: 136201K->136201K(157248K), 0.0000170 secs]12.791: [Tenured: 263299K->248583K(349568K), 0.0962820 secs] 399501K->248583K(506816K), [Perm : 2870K->2870K(21248K)], 0.0963750 secs] [Times: user=0.10 sys=0.00, real=0.10 secs] 
12.954: [GC 12.954: [ParNew: 128669K->128669K(157248K), 0.0000240 secs]12.954: [Tenured: 248583K->264239K(349568K), 0.1092860 secs] 377252K->264239K(506816K), [Perm : 2870K->2870K(21248K)], 0.1093950 secs] [Times: user=0.11 sys=0.00, real=0.11 secs] 
13.130: [GC 13.130: [ParNew: 132818K->132818K(157248K), 0.0000190 secs]13.130: [Tenured: 264239K->262135K(349568K), 0.1051730 secs] 397057K->262135K(506816K), [Perm : 2870K->2870K(21248K)], 0.1052830 secs] [Times: user=0.10 sys=0.00, real=0.11 secs] 
13.304: [GC 13.304: [ParNew: 129095K->129095K(157248K), 0.0000190 secs]13.304: [Tenured: 262135K->306556K(349568K), 0.1242920 secs] 391230K->306556K(506816K), [Perm : 2870K->2870K(21248K)], 0.1244030 secs] [Times: user=0.12 sys=0.00, real=0.12 secs] 
13.493: [GC 13.493: [ParNew: 128450K->128450K(157248K), 0.0000200 secs]13.493: [Tenured: 306556K->336337K(349568K), 0.1118250 secs] 435007K->355114K(506816K), [Perm : 2870K->2870K(21248K)], 0.1119340 secs] [Times: user=0.11 sys=0.00, real=0.11 secs] 
13.665: [Full GC 13.665: [Tenured: 336337K->234263K(349568K), 0.0966160 secs] 475574K->234263K(506816K), [Perm : 2870K->2870K(21248K)], 0.0966930 secs] [Times: user=0.09 sys=0.00, real=0.09 secs] 
13.827: [GC 13.828: [ParNew: 132190K->132190K(157248K), 0.0000180 secs]13.828: [Tenured: 234263K->241682K(349568K), 0.1031340 secs] 366454K->241682K(506816K), [Perm : 2870K->2870K(21248K)], 0.1032340 secs] [Times: user=0.11 sys=0.00, real=0.10 secs] 
13.999: [GC 13.999: [ParNew: 136123K->136123K(157248K), 0.0000210 secs]14.000: [Tenured: 241682K->233262K(349568K), 0.0985660 secs] 377805K->233262K(506816K), [Perm : 2870K->2870K(21248K)], 0.0986780 secs] [Times: user=0.09 sys=0.00, real=0.10 secs] 
14.167: [GC 14.167: [ParNew: 136463K->136463K(157248K), 0.0000210 secs]14.167: [Tenured: 233262K->246137K(349568K), 0.1004710 secs] 369725K->246137K(506816K), [Perm : 2870K->2870K(21248K)], 0.1005800 secs] [Times: user=0.10 sys=0.00, real=0.10 secs] 
14.332: [GC 14.332: [ParNew: 127499K->127499K(157248K), 0.0000190 secs]14.332: [Tenured: 246137K->297043K(349568K), 0.1116730 secs] 373636K->297043K(506816K), [Perm : 2870K->2870K(21248K)], 0.1117790 secs] [Times: user=0.11 sys=0.00, real=0.11 secs] 
14.511: [GC 14.511: [ParNew: 129122K->129122K(157248K), 0.0000220 secs]14.511: [Tenured: 297043K->300078K(349568K), 0.1230770 secs] 426165K->300078K(506816K), [Perm : 2870K->2870K(21248K)], 0.1231920 secs] [Times: user=0.12 sys=0.00, real=0.13 secs] 
14.699: [GC 14.699: [ParNew: 129004K->129004K(157248K), 0.0000190 secs]14.699: [Tenured: 300078K->315798K(349568K), 0.1318680 secs] 429083K->315798K(506816K), [Perm : 2870K->2870K(21248K)], 0.1319750 secs] [Times: user=0.13 sys=0.00, real=0.13 secs] 
14.900: [GC 14.900: [ParNew: 135638K->135638K(157248K), 0.0000320 secs]14.900: [Tenured: 315798K->274005K(349568K), 0.1128910 secs] 451437K->274005K(506816K), [Perm : 2870K->2870K(21248K)], 0.1130210 secs] [Times: user=0.11 sys=0.00, real=0.12 secs] 
15.080: [GC 15.080: [ParNew: 134214K->134214K(157248K), 0.0000180 secs]15.080: [Tenured: 274005K->302763K(349568K), 0.1177940 secs] 408220K->302763K(506816K), [Perm : 2870K->2870K(21248K)], 0.1179270 secs] [Times: user=0.12 sys=0.00, real=0.12 secs] 
15.270: [GC 15.270: [ParNew: 137672K->137672K(157248K), 0.0000200 secs]15.270: [Tenured: 302763K->267737K(349568K), 0.1120140 secs] 440435K->267737K(506816K), [Perm : 2870K->2870K(21248K)], 0.1121250 secs] [Times: user=0.11 sys=0.00, real=0.11 secs] 
15.446: [GC 15.446: [ParNew: 125966K->125966K(157248K), 0.0000200 secs]15.446: [Tenured: 267737K->335441K(349568K), 0.1254480 secs] 393704K->359296K(506816K), [Perm : 2870K->2870K(21248K)], 0.1255530 secs] [Times: user=0.12 sys=0.00, real=0.12 secs] 
15.629: [Full GC 15.629: [Tenured: 335441K->342950K(349568K), 0.1507900 secs] 470090K->435789K(506816K), [Perm : 2870K->2870K(21248K)], 0.1508640 secs] [Times: user=0.15 sys=0.01, real=0.15 secs] 
15.799: [Full GC 15.799: [Tenured: 342950K->339555K(349568K), 0.1686560 secs] 476092K->435350K(506816K), [Perm : 2870K->2870K(21248K)], 0.1687830 secs] [Times: user=0.16 sys=0.00, real=0.17 secs] 
15.987: [Full GC 15.987: [Tenured: 339555K->339555K(349568K), 0.0062170 secs] 472820K->472818K(506816K), [Perm : 2870K->2870K(21248K)], 0.0063680 secs] [Times: user=0.01 sys=0.00, real=0.01 secs] 
15.993: [Full GC 15.993: [Tenured: 339555K->344644K(349568K), 0.1822400 secs] 472818K->458367K(506816K), [Perm : 2870K->2870K(21248K)], 0.1823030 secs] [Times: user=0.18 sys=0.00, real=0.18 secs] 
16.186: [Full GC 16.186: [Tenured: 344644K->342028K(349568K), 0.1309250 secs] 480981K->459587K(506816K), [Perm : 2870K->2870K(21248K)], 0.1309970 secs] [Times: user=0.13 sys=0.00, real=0.13 secs] 
16.334: [Full GC 16.334: [Tenured: 342028K->336178K(349568K), 0.1733310 secs] 496013K->449120K(506816K), [Perm : 2872K->2872K(21248K)], 0.1734090 secs] [Times: user=0.18 sys=0.00, real=0.17 secs] 
16.526: [Full GC 16.526: [Tenured: 336178K->334609K(349568K), 0.2890820 secs] 483851K->427557K(506816K), [Perm : 2872K->2872K(21248K)], 0.2891550 secs] [Times: user=0.20 sys=0.00, real=0.29 secs] 
16.856: [Full GC 16.856: [Tenured: 348020K->347436K(349568K), 0.1861640 secs] 489541K->444948K(506816K), [Perm : 2872K->2872K(21248K)], 0.1862360 secs] [Times: user=0.18 sys=0.00, real=0.19 secs] 
Heap
 par new generation   total 157248K, used 129871K [0x00000007dae00000, 0x00000007e58a0000, 0x00000007e58a0000)
  eden space 139776K,  92% used [0x00000007dae00000, 0x00000007e2cd3f20, 0x00000007e3680000)
  from space 17472K,   0% used [0x00000007e3680000, 0x00000007e3680000, 0x00000007e4790000)
  to   space 17472K,   0% used [0x00000007e4790000, 0x00000007e4790000, 0x00000007e58a0000)
 tenured generation   total 349568K, used 347436K [0x00000007e58a0000, 0x00000007fae00000, 0x00000007fae00000)
   the space 349568K,  99% used [0x00000007e58a0000, 0x00000007fabeb118, 0x00000007fabeb200, 0x00000007fae00000)
 compacting perm gen  total 21248K, used 2879K [0x00000007fae00000, 0x00000007fc2c0000, 0x0000000800000000)
   the space 21248K,  13% used [0x00000007fae00000, 0x00000007fb0cffc0, 0x00000007fb0d0000, 0x00000007fc2c0000)
No shared spaces configured.
