{Heap before GC invocations=1 (full 0):
 PSYoungGen      total 38208K, used 28999K [0x00000007f5560000, 0x00000007f8000000, 0x0000000800000000)
  eden space 32768K, 88% used [0x00000007f5560000,0x00000007f71b1d38,0x00000007f7560000)
  from space 5440K, 0% used [0x00000007f7ab0000,0x00000007f7ab0000,0x00000007f8000000)
  to   space 5440K, 0% used [0x00000007f7560000,0x00000007f7560000,0x00000007f7ab0000)
 ParOldGen       total 349568K, used 339599K [0x00000007e0000000, 0x00000007f5560000, 0x00000007f5560000)
  object space 349568K, 97% used [0x00000007e0000000,0x00000007f4ba3f68,0x00000007f5560000)
 PSPermGen       total 21248K, used 2869K [0x00000007dae00000, 0x00000007dc2c0000, 0x00000007e0000000)
  object space 21248K, 13% used [0x00000007dae00000,0x00000007db0cd6b8,0x00000007dc2c0000)
0.519: [GC-- [PSYoungGen: 28999K->28999K(38208K)] 368599K->368599K(387776K), 0.0088180 secs] [Times: user=0.01 sys=0.00, real=0.01 secs] 
Heap after GC invocations=1 (full 0):
 PSYoungGen      total 38208K, used 28999K [0x00000007f5560000, 0x00000007f8000000, 0x0000000800000000)
  eden space 32768K, 88% used [0x00000007f5560000,0x00000007f71b1d38,0x00000007f7560000)
  from space 5440K, 0% used [0x00000007f7ab0000,0x00000007f7ab0000,0x00000007f8000000)
  to   space 5440K, 7% used [0x00000007f7560000,0x00000007f75c0000,0x00000007f7ab0000)
 ParOldGen       total 349568K, used 339599K [0x00000007e0000000, 0x00000007f5560000, 0x00000007f5560000)
  object space 349568K, 97% used [0x00000007e0000000,0x00000007f4ba3f68,0x00000007f5560000)
 PSPermGen       total 21248K, used 2869K [0x00000007dae00000, 0x00000007dc2c0000, 0x00000007e0000000)
  object space 21248K, 13% used [0x00000007dae00000,0x00000007db0cd6b8,0x00000007dc2c0000)
}
{Heap before GC invocations=2 (full 1):
 PSYoungGen      total 38208K, used 28999K [0x00000007f5560000, 0x00000007f8000000, 0x0000000800000000)
  eden space 32768K, 88% used [0x00000007f5560000,0x00000007f71b1d38,0x00000007f7560000)
  from space 5440K, 0% used [0x00000007f7ab0000,0x00000007f7ab0000,0x00000007f8000000)
  to   space 5440K, 7% used [0x00000007f7560000,0x00000007f75c0000,0x00000007f7ab0000)
 ParOldGen       total 349568K, used 339599K [0x00000007e0000000, 0x00000007f5560000, 0x00000007f5560000)
  object space 349568K, 97% used [0x00000007e0000000,0x00000007f4ba3f68,0x00000007f5560000)
 PSPermGen       total 21248K, used 2869K [0x00000007dae00000, 0x00000007dc2c0000, 0x00000007e0000000)
  object space 21248K, 13% used [0x00000007dae00000,0x00000007db0cd6b8,0x00000007dc2c0000)
0.528: [Full GC [PSYoungGen: 28999K->21461K(38208K)] [ParOldGen: 339599K->339599K(349568K)] 368599K->361061K(387776K) [PSPermGen: 2869K->2867K(21248K)], 0.0584760 secs] [Times: user=0.04 sys=0.02, real=0.06 secs] 
Heap after GC invocations=2 (full 1):
 PSYoungGen      total 38208K, used 21461K [0x00000007f5560000, 0x00000007f8000000, 0x0000000800000000)
  eden space 32768K, 65% used [0x00000007f5560000,0x00000007f6a554f8,0x00000007f7560000)
  from space 5440K, 0% used [0x00000007f7ab0000,0x00000007f7ab0000,0x00000007f8000000)
  to   space 5440K, 0% used [0x00000007f7560000,0x00000007f7560000,0x00000007f7ab0000)
 ParOldGen       total 349568K, used 339599K [0x00000007e0000000, 0x00000007f5560000, 0x00000007f5560000)
  object space 349568K, 97% used [0x00000007e0000000,0x00000007f4ba3f68,0x00000007f5560000)
 PSPermGen       total 21248K, used 2867K [0x00000007dae00000, 0x00000007dc2c0000, 0x00000007e0000000)
  object space 21248K, 13% used [0x00000007dae00000,0x00000007db0ccec0,0x00000007dc2c0000)
}
{Heap before GC invocations=3 (full 1):
 PSYoungGen      total 38208K, used 21461K [0x00000007f5560000, 0x00000007f8000000, 0x0000000800000000)
  eden space 32768K, 65% used [0x00000007f5560000,0x00000007f6a554f8,0x00000007f7560000)
  from space 5440K, 0% used [0x00000007f7ab0000,0x00000007f7ab0000,0x00000007f8000000)
  to   space 5440K, 0% used [0x00000007f7560000,0x00000007f7560000,0x00000007f7ab0000)
 ParOldGen       total 349568K, used 339599K [0x00000007e0000000, 0x00000007f5560000, 0x00000007f5560000)
  object space 349568K, 97% used [0x00000007e0000000,0x00000007f4ba3f68,0x00000007f5560000)
 PSPermGen       total 21248K, used 2867K [0x00000007dae00000, 0x00000007dc2c0000, 0x00000007e0000000)
  object space 21248K, 13% used [0x00000007dae00000,0x00000007db0ccec0,0x00000007dc2c0000)
0.586: [GC-- [PSYoungGen: 21461K->21461K(38208K)] 361061K->361061K(387776K), 0.0063510 secs] [Times: user=0.01 sys=0.00, real=0.01 secs] 
Heap after GC invocations=3 (full 1):
 PSYoungGen      total 38208K, used 21461K [0x00000007f5560000, 0x00000007f8000000, 0x0000000800000000)
  eden space 32768K, 65% used [0x00000007f5560000,0x00000007f6a554f8,0x00000007f7560000)
  from space 5440K, 0% used [0x00000007f7ab0000,0x00000007f7ab0000,0x00000007f8000000)
  to   space 5440K, 6% used [0x00000007f7560000,0x00000007f75bc010,0x00000007f7ab0000)
 ParOldGen       total 349568K, used 339599K [0x00000007e0000000, 0x00000007f5560000, 0x00000007f5560000)
  object space 349568K, 97% used [0x00000007e0000000,0x00000007f4ba3f68,0x00000007f5560000)
 PSPermGen       total 21248K, used 2867K [0x00000007dae00000, 0x00000007dc2c0000, 0x00000007e0000000)
  object space 21248K, 13% used [0x00000007dae00000,0x00000007db0ccec0,0x00000007dc2c0000)
}
{Heap before GC invocations=4 (full 2):
 PSYoungGen      total 38208K, used 21461K [0x00000007f5560000, 0x00000007f8000000, 0x0000000800000000)
  eden space 32768K, 65% used [0x00000007f5560000,0x00000007f6a554f8,0x00000007f7560000)
  from space 5440K, 0% used [0x00000007f7ab0000,0x00000007f7ab0000,0x00000007f8000000)
  to   space 5440K, 6% used [0x00000007f7560000,0x00000007f75bc010,0x00000007f7ab0000)
 ParOldGen       total 349568K, used 339599K [0x00000007e0000000, 0x00000007f5560000, 0x00000007f5560000)
  object space 349568K, 97% used [0x00000007e0000000,0x00000007f4ba3f68,0x00000007f5560000)
 PSPermGen       total 21248K, used 2867K [0x00000007dae00000, 0x00000007dc2c0000, 0x00000007e0000000)
  object space 21248K, 13% used [0x00000007dae00000,0x00000007db0ccec0,0x00000007dc2c0000)
0.593: [Full GC [PSYoungGen: 21461K->21450K(38208K)] [ParOldGen: 339599K->339599K(349568K)] 361061K->361049K(387776K) [PSPermGen: 2867K->2867K(21248K)], 0.0177360 secs] [Times: user=0.03 sys=0.00, real=0.02 secs] 
Heap after GC invocations=4 (full 2):
 PSYoungGen      total 38208K, used 21450K [0x00000007f5560000, 0x00000007f8000000, 0x0000000800000000)
  eden space 32768K, 65% used [0x00000007f5560000,0x00000007f6a52848,0x00000007f7560000)
  from space 5440K, 0% used [0x00000007f7ab0000,0x00000007f7ab0000,0x00000007f8000000)
  to   space 5440K, 0% used [0x00000007f7560000,0x00000007f7560000,0x00000007f7ab0000)
 ParOldGen       total 349568K, used 339599K [0x00000007e0000000, 0x00000007f5560000, 0x00000007f5560000)
  object space 349568K, 97% used [0x00000007e0000000,0x00000007f4ba3f68,0x00000007f5560000)
 PSPermGen       total 21248K, used 2867K [0x00000007dae00000, 0x00000007dc2c0000, 0x00000007e0000000)
  object space 21248K, 13% used [0x00000007dae00000,0x00000007db0ccec0,0x00000007dc2c0000)
}
{Heap before GC invocations=5 (full 2):
 PSYoungGen      total 38208K, used 21450K [0x00000007f5560000, 0x00000007f8000000, 0x0000000800000000)
  eden space 32768K, 65% used [0x00000007f5560000,0x00000007f6a52960,0x00000007f7560000)
  from space 5440K, 0% used [0x00000007f7ab0000,0x00000007f7ab0000,0x00000007f8000000)
  to   space 5440K, 0% used [0x00000007f7560000,0x00000007f7560000,0x00000007f7ab0000)
 ParOldGen       total 349568K, used 339599K [0x00000007e0000000, 0x00000007f5560000, 0x00000007f5560000)
  object space 349568K, 97% used [0x00000007e0000000,0x00000007f4ba3f68,0x00000007f5560000)
 PSPermGen       total 21248K, used 2867K [0x00000007dae00000, 0x00000007dc2c0000, 0x00000007e0000000)
  object space 21248K, 13% used [0x00000007dae00000,0x00000007db0ccec0,0x00000007dc2c0000)
0.611: [GC-- [PSYoungGen: 21450K->21450K(38208K)] 361050K->361050K(387776K), 0.0059730 secs] [Times: user=0.01 sys=0.00, real=0.00 secs] 
Heap after GC invocations=5 (full 2):
 PSYoungGen      total 38208K, used 21450K [0x00000007f5560000, 0x00000007f8000000, 0x0000000800000000)
  eden space 32768K, 65% used [0x00000007f5560000,0x00000007f6a52960,0x00000007f7560000)
  from space 5440K, 0% used [0x00000007f7ab0000,0x00000007f7ab0000,0x00000007f8000000)
  to   space 5440K, 6% used [0x00000007f7560000,0x00000007f75b8020,0x00000007f7ab0000)
 ParOldGen       total 349568K, used 339599K [0x00000007e0000000, 0x00000007f5560000, 0x00000007f5560000)
  object space 349568K, 97% used [0x00000007e0000000,0x00000007f4ba3f68,0x00000007f5560000)
 PSPermGen       total 21248K, used 2867K [0x00000007dae00000, 0x00000007dc2c0000, 0x00000007e0000000)
  object space 21248K, 13% used [0x00000007dae00000,0x00000007db0ccec0,0x00000007dc2c0000)
}
{Heap before GC invocations=6 (full 3):
 PSYoungGen      total 38208K, used 21450K [0x00000007f5560000, 0x00000007f8000000, 0x0000000800000000)
  eden space 32768K, 65% used [0x00000007f5560000,0x00000007f6a52960,0x00000007f7560000)
  from space 5440K, 0% used [0x00000007f7ab0000,0x00000007f7ab0000,0x00000007f8000000)
  to   space 5440K, 6% used [0x00000007f7560000,0x00000007f75b8020,0x00000007f7ab0000)
 ParOldGen       total 349568K, used 339599K [0x00000007e0000000, 0x00000007f5560000, 0x00000007f5560000)
  object space 349568K, 97% used [0x00000007e0000000,0x00000007f4ba3f68,0x00000007f5560000)
 PSPermGen       total 21248K, used 2867K [0x00000007dae00000, 0x00000007dc2c0000, 0x00000007e0000000)
  object space 21248K, 13% used [0x00000007dae00000,0x00000007db0ccec0,0x00000007dc2c0000)
0.617: [Full GC [PSYoungGen: 21450K->21450K(38208K)] [ParOldGen: 339599K->339599K(349568K)] 361050K->361049K(387776K) [PSPermGen: 2867K->2867K(21248K)], 0.0158330 secs] [Times: user=0.02 sys=0.00, real=0.02 secs] 
Heap after GC invocations=6 (full 3):
 PSYoungGen      total 38208K, used 21450K [0x00000007f5560000, 0x00000007f8000000, 0x0000000800000000)
  eden space 32768K, 65% used [0x00000007f5560000,0x00000007f6a52828,0x00000007f7560000)
  from space 5440K, 0% used [0x00000007f7ab0000,0x00000007f7ab0000,0x00000007f8000000)
  to   space 5440K, 0% used [0x00000007f7560000,0x00000007f7560000,0x00000007f7ab0000)
 ParOldGen       total 349568K, used 339599K [0x00000007e0000000, 0x00000007f5560000, 0x00000007f5560000)
  object space 349568K, 97% used [0x00000007e0000000,0x00000007f4ba3f68,0x00000007f5560000)
 PSPermGen       total 21248K, used 2867K [0x00000007dae00000, 0x00000007dc2c0000, 0x00000007e0000000)
  object space 21248K, 13% used [0x00000007dae00000,0x00000007db0ccec0,0x00000007dc2c0000)
}
{Heap before GC invocations=7 (full 3):
 PSYoungGen      total 38208K, used 21450K [0x00000007f5560000, 0x00000007f8000000, 0x0000000800000000)
  eden space 32768K, 65% used [0x00000007f5560000,0x00000007f6a52828,0x00000007f7560000)
  from space 5440K, 0% used [0x00000007f7ab0000,0x00000007f7ab0000,0x00000007f8000000)
  to   space 5440K, 0% used [0x00000007f7560000,0x00000007f7560000,0x00000007f7ab0000)
 ParOldGen       total 349568K, used 339599K [0x00000007e0000000, 0x00000007f5560000, 0x00000007f5560000)
  object space 349568K, 97% used [0x00000007e0000000,0x00000007f4ba3f68,0x00000007f5560000)
 PSPermGen       total 21248K, used 2867K [0x00000007dae00000, 0x00000007dc2c0000, 0x00000007e0000000)
  object space 21248K, 13% used [0x00000007dae00000,0x00000007db0ccec0,0x00000007dc2c0000)
0.633: [GC-- [PSYoungGen: 21450K->21450K(38208K)] 361049K->361049K(387776K), 0.0060840 secs] [Times: user=0.01 sys=0.00, real=0.01 secs] 
Heap after GC invocations=7 (full 3):
 PSYoungGen      total 38208K, used 21450K [0x00000007f5560000, 0x00000007f8000000, 0x0000000800000000)
  eden space 32768K, 65% used [0x00000007f5560000,0x00000007f6a52828,0x00000007f7560000)
  from space 5440K, 0% used [0x00000007f7ab0000,0x00000007f7ab0000,0x00000007f8000000)
  to   space 5440K, 6% used [0x00000007f7560000,0x00000007f75b8020,0x00000007f7ab0000)
 ParOldGen       total 349568K, used 339599K [0x00000007e0000000, 0x00000007f5560000, 0x00000007f5560000)
  object space 349568K, 97% used [0x00000007e0000000,0x00000007f4ba3f68,0x00000007f5560000)
 PSPermGen       total 21248K, used 2867K [0x00000007dae00000, 0x00000007dc2c0000, 0x00000007e0000000)
  object space 21248K, 13% used [0x00000007dae00000,0x00000007db0ccec0,0x00000007dc2c0000)
}
{Heap before GC invocations=8 (full 4):
 PSYoungGen      total 38208K, used 21450K [0x00000007f5560000, 0x00000007f8000000, 0x0000000800000000)
  eden space 32768K, 65% used [0x00000007f5560000,0x00000007f6a52828,0x00000007f7560000)
  from space 5440K, 0% used [0x00000007f7ab0000,0x00000007f7ab0000,0x00000007f8000000)
  to   space 5440K, 6% used [0x00000007f7560000,0x00000007f75b8020,0x00000007f7ab0000)
 ParOldGen       total 349568K, used 339599K [0x00000007e0000000, 0x00000007f5560000, 0x00000007f5560000)
  object space 349568K, 97% used [0x00000007e0000000,0x00000007f4ba3f68,0x00000007f5560000)
 PSPermGen       total 21248K, used 2867K [0x00000007dae00000, 0x00000007dc2c0000, 0x00000007e0000000)
  object space 21248K, 13% used [0x00000007dae00000,0x00000007db0ccec0,0x00000007dc2c0000)
0.639: [Full GC [PSYoungGen: 21450K->21450K(38208K)] [ParOldGen: 339599K->339599K(349568K)] 361049K->361049K(387776K) [PSPermGen: 2867K->2867K(21248K)], 0.0172860 secs] [Times: user=0.02 sys=0.00, real=0.01 secs] 
Heap after GC invocations=8 (full 4):
 PSYoungGen      total 38208K, used 21450K [0x00000007f5560000, 0x00000007f8000000, 0x0000000800000000)
  eden space 32768K, 65% used [0x00000007f5560000,0x00000007f6a52828,0x00000007f7560000)
  from space 5440K, 0% used [0x00000007f7ab0000,0x00000007f7ab0000,0x00000007f8000000)
  to   space 5440K, 0% used [0x00000007f7560000,0x00000007f7560000,0x00000007f7ab0000)
 ParOldGen       total 349568K, used 339599K [0x00000007e0000000, 0x00000007f5560000, 0x00000007f5560000)
  object space 349568K, 97% used [0x00000007e0000000,0x00000007f4ba3f68,0x00000007f5560000)
 PSPermGen       total 21248K, used 2867K [0x00000007dae00000, 0x00000007dc2c0000, 0x00000007e0000000)
  object space 21248K, 13% used [0x00000007dae00000,0x00000007db0ccec0,0x00000007dc2c0000)
}
{Heap before GC invocations=9 (full 4):
 PSYoungGen      total 38208K, used 21450K [0x00000007f5560000, 0x00000007f8000000, 0x0000000800000000)
  eden space 32768K, 65% used [0x00000007f5560000,0x00000007f6a52868,0x00000007f7560000)
  from space 5440K, 0% used [0x00000007f7ab0000,0x00000007f7ab0000,0x00000007f8000000)
  to   space 5440K, 0% used [0x00000007f7560000,0x00000007f7560000,0x00000007f7ab0000)
 ParOldGen       total 349568K, used 339599K [0x00000007e0000000, 0x00000007f5560000, 0x00000007f5560000)
  object space 349568K, 97% used [0x00000007e0000000,0x00000007f4ba3f68,0x00000007f5560000)
 PSPermGen       total 21248K, used 2867K [0x00000007dae00000, 0x00000007dc2c0000, 0x00000007e0000000)
  object space 21248K, 13% used [0x00000007dae00000,0x00000007db0ccec0,0x00000007dc2c0000)
0.657: [GC-- [PSYoungGen: 21450K->21450K(38208K)] 361049K->361049K(387776K), 0.0065710 secs] [Times: user=0.02 sys=0.00, real=0.01 secs] 
Heap after GC invocations=9 (full 4):
 PSYoungGen      total 38208K, used 21450K [0x00000007f5560000, 0x00000007f8000000, 0x0000000800000000)
  eden space 32768K, 65% used [0x00000007f5560000,0x00000007f6a52868,0x00000007f7560000)
  from space 5440K, 0% used [0x00000007f7ab0000,0x00000007f7ab0000,0x00000007f8000000)
  to   space 5440K, 6% used [0x00000007f7560000,0x00000007f75b8020,0x00000007f7ab0000)
 ParOldGen       total 349568K, used 339599K [0x00000007e0000000, 0x00000007f5560000, 0x00000007f5560000)
  object space 349568K, 97% used [0x00000007e0000000,0x00000007f4ba3f68,0x00000007f5560000)
 PSPermGen       total 21248K, used 2867K [0x00000007dae00000, 0x00000007dc2c0000, 0x00000007e0000000)
  object space 21248K, 13% used [0x00000007dae00000,0x00000007db0ccec0,0x00000007dc2c0000)
}
{Heap before GC invocations=10 (full 5):
 PSYoungGen      total 38208K, used 21450K [0x00000007f5560000, 0x00000007f8000000, 0x0000000800000000)
  eden space 32768K, 65% used [0x00000007f5560000,0x00000007f6a52868,0x00000007f7560000)
  from space 5440K, 0% used [0x00000007f7ab0000,0x00000007f7ab0000,0x00000007f8000000)
  to   space 5440K, 6% used [0x00000007f7560000,0x00000007f75b8020,0x00000007f7ab0000)
 ParOldGen       total 349568K, used 339599K [0x00000007e0000000, 0x00000007f5560000, 0x00000007f5560000)
  object space 349568K, 97% used [0x00000007e0000000,0x00000007f4ba3f68,0x00000007f5560000)
 PSPermGen       total 21248K, used 2867K [0x00000007dae00000, 0x00000007dc2c0000, 0x00000007e0000000)
  object space 21248K, 13% used [0x00000007dae00000,0x00000007db0ccec0,0x00000007dc2c0000)
0.664: [Full GC [PSYoungGen: 21450K->21449K(38208K)] [ParOldGen: 339599K->339599K(349568K)] 361049K->361049K(387776K) [PSPermGen: 2867K->2867K(21248K)], 0.0170000 secs] [Times: user=0.02 sys=0.00, real=0.02 secs] 
Heap after GC invocations=10 (full 5):
 PSYoungGen      total 38208K, used 21449K [0x00000007f5560000, 0x00000007f8000000, 0x0000000800000000)
  eden space 32768K, 65% used [0x00000007f5560000,0x00000007f6a52630,0x00000007f7560000)
  from space 5440K, 0% used [0x00000007f7ab0000,0x00000007f7ab0000,0x00000007f8000000)
  to   space 5440K, 0% used [0x00000007f7560000,0x00000007f7560000,0x00000007f7ab0000)
 ParOldGen       total 349568K, used 339599K [0x00000007e0000000, 0x00000007f5560000, 0x00000007f5560000)
  object space 349568K, 97% used [0x00000007e0000000,0x00000007f4ba3f68,0x00000007f5560000)
 PSPermGen       total 21248K, used 2867K [0x00000007dae00000, 0x00000007dc2c0000, 0x00000007e0000000)
  object space 21248K, 13% used [0x00000007dae00000,0x00000007db0ccea0,0x00000007dc2c0000)
}
{Heap before GC invocations=11 (full 5):
 PSYoungGen      total 38208K, used 21449K [0x00000007f5560000, 0x00000007f8000000, 0x0000000800000000)
  eden space 32768K, 65% used [0x00000007f5560000,0x00000007f6a52630,0x00000007f7560000)
  from space 5440K, 0% used [0x00000007f7ab0000,0x00000007f7ab0000,0x00000007f8000000)
  to   space 5440K, 0% used [0x00000007f7560000,0x00000007f7560000,0x00000007f7ab0000)
 ParOldGen       total 349568K, used 339599K [0x00000007e0000000, 0x00000007f5560000, 0x00000007f5560000)
  object space 349568K, 97% used [0x00000007e0000000,0x00000007f4ba3f68,0x00000007f5560000)
 PSPermGen       total 21248K, used 2867K [0x00000007dae00000, 0x00000007dc2c0000, 0x00000007e0000000)
  object space 21248K, 13% used [0x00000007dae00000,0x00000007db0ccea0,0x00000007dc2c0000)
0.681: [GC-- [PSYoungGen: 21449K->21449K(38208K)] 361049K->361049K(387776K), 0.0059640 secs] [Times: user=0.01 sys=0.00, real=0.00 secs] 
Heap after GC invocations=11 (full 5):
 PSYoungGen      total 38208K, used 21449K [0x00000007f5560000, 0x00000007f8000000, 0x0000000800000000)
  eden space 32768K, 65% used [0x00000007f5560000,0x00000007f6a52630,0x00000007f7560000)
  from space 5440K, 0% used [0x00000007f7ab0000,0x00000007f7ab0000,0x00000007f8000000)
  to   space 5440K, 6% used [0x00000007f7560000,0x00000007f75b8020,0x00000007f7ab0000)
 ParOldGen       total 349568K, used 339599K [0x00000007e0000000, 0x00000007f5560000, 0x00000007f5560000)
  object space 349568K, 97% used [0x00000007e0000000,0x00000007f4ba3f68,0x00000007f5560000)
 PSPermGen       total 21248K, used 2867K [0x00000007dae00000, 0x00000007dc2c0000, 0x00000007e0000000)
  object space 21248K, 13% used [0x00000007dae00000,0x00000007db0ccea0,0x00000007dc2c0000)
}
{Heap before GC invocations=12 (full 6):
 PSYoungGen      total 38208K, used 21449K [0x00000007f5560000, 0x00000007f8000000, 0x0000000800000000)
  eden space 32768K, 65% used [0x00000007f5560000,0x00000007f6a52630,0x00000007f7560000)
  from space 5440K, 0% used [0x00000007f7ab0000,0x00000007f7ab0000,0x00000007f8000000)
  to   space 5440K, 6% used [0x00000007f7560000,0x00000007f75b8020,0x00000007f7ab0000)
 ParOldGen       total 349568K, used 339599K [0x00000007e0000000, 0x00000007f5560000, 0x00000007f5560000)
  object space 349568K, 97% used [0x00000007e0000000,0x00000007f4ba3f68,0x00000007f5560000)
 PSPermGen       total 21248K, used 2867K [0x00000007dae00000, 0x00000007dc2c0000, 0x00000007e0000000)
  object space 21248K, 13% used [0x00000007dae00000,0x00000007db0ccea0,0x00000007dc2c0000)
0.687: [Full GC [PSYoungGen: 21449K->21449K(38208K)] [ParOldGen: 339599K->339599K(349568K)] 361049K->361049K(387776K) [PSPermGen: 2867K->2867K(21248K)], 0.0179250 secs] [Times: user=0.02 sys=0.00, real=0.02 secs] 
Heap after GC invocations=12 (full 6):
 PSYoungGen      total 38208K, used 21449K [0x00000007f5560000, 0x00000007f8000000, 0x0000000800000000)
  eden space 32768K, 65% used [0x00000007f5560000,0x00000007f6a52630,0x00000007f7560000)
  from space 5440K, 0% used [0x00000007f7ab0000,0x00000007f7ab0000,0x00000007f8000000)
  to   space 5440K, 0% used [0x00000007f7560000,0x00000007f7560000,0x00000007f7ab0000)
 ParOldGen       total 349568K, used 339599K [0x00000007e0000000, 0x00000007f5560000, 0x00000007f5560000)
  object space 349568K, 97% used [0x00000007e0000000,0x00000007f4ba3f68,0x00000007f5560000)
 PSPermGen       total 21248K, used 2867K [0x00000007dae00000, 0x00000007dc2c0000, 0x00000007e0000000)
  object space 21248K, 13% used [0x00000007dae00000,0x00000007db0ccea0,0x00000007dc2c0000)
}
{Heap before GC invocations=13 (full 6):
 PSYoungGen      total 38208K, used 21784K [0x00000007f5560000, 0x00000007f8000000, 0x0000000800000000)
  eden space 32768K, 66% used [0x00000007f5560000,0x00000007f6aa6330,0x00000007f7560000)
  from space 5440K, 0% used [0x00000007f7ab0000,0x00000007f7ab0000,0x00000007f8000000)
  to   space 5440K, 0% used [0x00000007f7560000,0x00000007f7560000,0x00000007f7ab0000)
 ParOldGen       total 349568K, used 339599K [0x00000007e0000000, 0x00000007f5560000, 0x00000007f5560000)
  object space 349568K, 97% used [0x00000007e0000000,0x00000007f4ba3f68,0x00000007f5560000)
 PSPermGen       total 21248K, used 2867K [0x00000007dae00000, 0x00000007dc2c0000, 0x00000007e0000000)
  object space 21248K, 13% used [0x00000007dae00000,0x00000007db0ccea0,0x00000007dc2c0000)
0.706: [GC-- [PSYoungGen: 21784K->21784K(38208K)] 361384K->361384K(387776K), 0.0059530 secs] [Times: user=0.01 sys=0.00, real=0.01 secs] 
Heap after GC invocations=13 (full 6):
 PSYoungGen      total 38208K, used 21784K [0x00000007f5560000, 0x00000007f8000000, 0x0000000800000000)
  eden space 32768K, 66% used [0x00000007f5560000,0x00000007f6aa6330,0x00000007f7560000)
  from space 5440K, 0% used [0x00000007f7ab0000,0x00000007f7ab0000,0x00000007f8000000)
  to   space 5440K, 6% used [0x00000007f7560000,0x00000007f75b8020,0x00000007f7ab0000)
 ParOldGen       total 349568K, used 339599K [0x00000007e0000000, 0x00000007f5560000, 0x00000007f5560000)
  object space 349568K, 97% used [0x00000007e0000000,0x00000007f4ba3f68,0x00000007f5560000)
 PSPermGen       total 21248K, used 2867K [0x00000007dae00000, 0x00000007dc2c0000, 0x00000007e0000000)
  object space 21248K, 13% used [0x00000007dae00000,0x00000007db0ccea0,0x00000007dc2c0000)
}
{Heap before GC invocations=14 (full 7):
 PSYoungGen      total 38208K, used 21784K [0x00000007f5560000, 0x00000007f8000000, 0x0000000800000000)
  eden space 32768K, 66% used [0x00000007f5560000,0x00000007f6aa6330,0x00000007f7560000)
  from space 5440K, 0% used [0x00000007f7ab0000,0x00000007f7ab0000,0x00000007f8000000)
  to   space 5440K, 6% used [0x00000007f7560000,0x00000007f75b8020,0x00000007f7ab0000)
 ParOldGen       total 349568K, used 339599K [0x00000007e0000000, 0x00000007f5560000, 0x00000007f5560000)
  object space 349568K, 97% used [0x00000007e0000000,0x00000007f4ba3f68,0x00000007f5560000)
 PSPermGen       total 21248K, used 2867K [0x00000007dae00000, 0x00000007dc2c0000, 0x00000007e0000000)
  object space 21248K, 13% used [0x00000007dae00000,0x00000007db0ccea0,0x00000007dc2c0000)
0.712: [Full GC [PSYoungGen: 21784K->21448K(38208K)] [ParOldGen: 339599K->339599K(349568K)] 361384K->361048K(387776K) [PSPermGen: 2867K->2867K(21248K)], 0.0168910 secs] [Times: user=0.03 sys=0.00, real=0.01 secs] 
Heap after GC invocations=14 (full 7):
 PSYoungGen      total 38208K, used 21448K [0x00000007f5560000, 0x00000007f8000000, 0x0000000800000000)
  eden space 32768K, 65% used [0x00000007f5560000,0x00000007f6a52318,0x00000007f7560000)
  from space 5440K, 0% used [0x00000007f7ab0000,0x00000007f7ab0000,0x00000007f8000000)
  to   space 5440K, 0% used [0x00000007f7560000,0x00000007f7560000,0x00000007f7ab0000)
 ParOldGen       total 349568K, used 339599K [0x00000007e0000000, 0x00000007f5560000, 0x00000007f5560000)
  object space 349568K, 97% used [0x00000007e0000000,0x00000007f4ba3f68,0x00000007f5560000)
 PSPermGen       total 21248K, used 2867K [0x00000007dae00000, 0x00000007dc2c0000, 0x00000007e0000000)
  object space 21248K, 13% used [0x00000007dae00000,0x00000007db0cce60,0x00000007dc2c0000)
}
{Heap before GC invocations=15 (full 7):
 PSYoungGen      total 38208K, used 21448K [0x00000007f5560000, 0x00000007f8000000, 0x0000000800000000)
  eden space 32768K, 65% used [0x00000007f5560000,0x00000007f6a52318,0x00000007f7560000)
  from space 5440K, 0% used [0x00000007f7ab0000,0x00000007f7ab0000,0x00000007f8000000)
  to   space 5440K, 0% used [0x00000007f7560000,0x00000007f7560000,0x00000007f7ab0000)
 ParOldGen       total 349568K, used 339599K [0x00000007e0000000, 0x00000007f5560000, 0x00000007f5560000)
  object space 349568K, 97% used [0x00000007e0000000,0x00000007f4ba3f68,0x00000007f5560000)
 PSPermGen       total 21248K, used 2867K [0x00000007dae00000, 0x00000007dc2c0000, 0x00000007e0000000)
  object space 21248K, 13% used [0x00000007dae00000,0x00000007db0cce60,0x00000007dc2c0000)
0.729: [GC-- [PSYoungGen: 21448K->21448K(38208K)] 361048K->361136K(387776K), 0.0062170 secs] [Times: user=0.01 sys=0.00, real=0.01 secs] 
Heap after GC invocations=15 (full 7):
 PSYoungGen      total 38208K, used 21448K [0x00000007f5560000, 0x00000007f8000000, 0x0000000800000000)
  eden space 32768K, 65% used [0x00000007f5560000,0x00000007f6a52318,0x00000007f7560000)
  from space 5440K, 0% used [0x00000007f7ab0000,0x00000007f7ab0000,0x00000007f8000000)
  to   space 5440K, 0% used [0x00000007f7560000,0x00000007f7568000,0x00000007f7ab0000)
 ParOldGen       total 349568K, used 339687K [0x00000007e0000000, 0x00000007f5560000, 0x00000007f5560000)
  object space 349568K, 97% used [0x00000007e0000000,0x00000007f4bb9fb8,0x00000007f5560000)
 PSPermGen       total 21248K, used 2867K [0x00000007dae00000, 0x00000007dc2c0000, 0x00000007e0000000)
  object space 21248K, 13% used [0x00000007dae00000,0x00000007db0cce60,0x00000007dc2c0000)
}
{Heap before GC invocations=16 (full 8):
 PSYoungGen      total 38208K, used 21448K [0x00000007f5560000, 0x00000007f8000000, 0x0000000800000000)
  eden space 32768K, 65% used [0x00000007f5560000,0x00000007f6a52318,0x00000007f7560000)
  from space 5440K, 0% used [0x00000007f7ab0000,0x00000007f7ab0000,0x00000007f8000000)
  to   space 5440K, 0% used [0x00000007f7560000,0x00000007f7568000,0x00000007f7ab0000)
 ParOldGen       total 349568K, used 339687K [0x00000007e0000000, 0x00000007f5560000, 0x00000007f5560000)
  object space 349568K, 97% used [0x00000007e0000000,0x00000007f4bb9fb8,0x00000007f5560000)
 PSPermGen       total 21248K, used 2867K [0x00000007dae00000, 0x00000007dc2c0000, 0x00000007e0000000)
  object space 21248K, 13% used [0x00000007dae00000,0x00000007db0cce60,0x00000007dc2c0000)
0.735: [Full GC [PSYoungGen: 21448K->21360K(38208K)] [ParOldGen: 339687K->339687K(349568K)] 361136K->361048K(387776K) [PSPermGen: 2867K->2867K(21248K)], 0.0165360 secs] [Times: user=0.02 sys=0.00, real=0.02 secs] 
Heap after GC invocations=16 (full 8):
 PSYoungGen      total 38208K, used 21360K [0x00000007f5560000, 0x00000007f8000000, 0x0000000800000000)
  eden space 32768K, 65% used [0x00000007f5560000,0x00000007f6a3c330,0x00000007f7560000)
  from space 5440K, 0% used [0x00000007f7ab0000,0x00000007f7ab0000,0x00000007f8000000)
  to   space 5440K, 0% used [0x00000007f7560000,0x00000007f7560000,0x00000007f7ab0000)
 ParOldGen       total 349568K, used 339687K [0x00000007e0000000, 0x00000007f5560000, 0x00000007f5560000)
  object space 349568K, 97% used [0x00000007e0000000,0x00000007f4bb9f50,0x00000007f5560000)
 PSPermGen       total 21248K, used 2867K [0x00000007dae00000, 0x00000007dc2c0000, 0x00000007e0000000)
  object space 21248K, 13% used [0x00000007dae00000,0x00000007db0cce60,0x00000007dc2c0000)
}
{Heap before GC invocations=17 (full 8):
 PSYoungGen      total 38208K, used 21360K [0x00000007f5560000, 0x00000007f8000000, 0x0000000800000000)
  eden space 32768K, 65% used [0x00000007f5560000,0x00000007f6a3c330,0x00000007f7560000)
  from space 5440K, 0% used [0x00000007f7ab0000,0x00000007f7ab0000,0x00000007f8000000)
  to   space 5440K, 0% used [0x00000007f7560000,0x00000007f7560000,0x00000007f7ab0000)
 ParOldGen       total 349568K, used 339687K [0x00000007e0000000, 0x00000007f5560000, 0x00000007f5560000)
  object space 349568K, 97% used [0x00000007e0000000,0x00000007f4bb9f50,0x00000007f5560000)
 PSPermGen       total 21248K, used 2867K [0x00000007dae00000, 0x00000007dc2c0000, 0x00000007e0000000)
  object space 21248K, 13% used [0x00000007dae00000,0x00000007db0cce60,0x00000007dc2c0000)
0.752: [GC-- [PSYoungGen: 21360K->21360K(38208K)] 361048K->361064K(387776K), 0.0065390 secs] [Times: user=0.01 sys=0.00, real=0.00 secs] 
Heap after GC invocations=17 (full 8):
 PSYoungGen      total 38208K, used 21360K [0x00000007f5560000, 0x00000007f8000000, 0x0000000800000000)
  eden space 32768K, 65% used [0x00000007f5560000,0x00000007f6a3c330,0x00000007f7560000)
  from space 5440K, 0% used [0x00000007f7ab0000,0x00000007f7ab0000,0x00000007f8000000)
  to   space 5440K, 5% used [0x00000007f7560000,0x00000007f75a8000,0x00000007f7ab0000)
 ParOldGen       total 349568K, used 339703K [0x00000007e0000000, 0x00000007f5560000, 0x00000007f5560000)
  object space 349568K, 97% used [0x00000007e0000000,0x00000007f4bbdf50,0x00000007f5560000)
 PSPermGen       total 21248K, used 2867K [0x00000007dae00000, 0x00000007dc2c0000, 0x00000007e0000000)
  object space 21248K, 13% used [0x00000007dae00000,0x00000007db0cce60,0x00000007dc2c0000)
}
{Heap before GC invocations=18 (full 9):
 PSYoungGen      total 38208K, used 21360K [0x00000007f5560000, 0x00000007f8000000, 0x0000000800000000)
  eden space 32768K, 65% used [0x00000007f5560000,0x00000007f6a3c330,0x00000007f7560000)
  from space 5440K, 0% used [0x00000007f7ab0000,0x00000007f7ab0000,0x00000007f8000000)
  to   space 5440K, 5% used [0x00000007f7560000,0x00000007f75a8000,0x00000007f7ab0000)
 ParOldGen       total 349568K, used 339703K [0x00000007e0000000, 0x00000007f5560000, 0x00000007f5560000)
  object space 349568K, 97% used [0x00000007e0000000,0x00000007f4bbdf50,0x00000007f5560000)
 PSPermGen       total 21248K, used 2867K [0x00000007dae00000, 0x00000007dc2c0000, 0x00000007e0000000)
  object space 21248K, 13% used [0x00000007dae00000,0x00000007db0cce60,0x00000007dc2c0000)
0.759: [Full GC [PSYoungGen: 21360K->21355K(38208K)] [ParOldGen: 339703K->339692K(349568K)] 361064K->361048K(387776K) [PSPermGen: 2867K->2867K(21248K)], 0.0169400 secs] [Times: user=0.02 sys=0.00, real=0.02 secs] 
Heap after GC invocations=18 (full 9):
 PSYoungGen      total 38208K, used 21355K [0x00000007f5560000, 0x00000007f8000000, 0x0000000800000000)
  eden space 32768K, 65% used [0x00000007f5560000,0x00000007f6a3ade0,0x00000007f7560000)
  from space 5440K, 0% used [0x00000007f7ab0000,0x00000007f7ab0000,0x00000007f8000000)
  to   space 5440K, 0% used [0x00000007f7560000,0x00000007f7560000,0x00000007f7ab0000)
 ParOldGen       total 349568K, used 339692K [0x00000007e0000000, 0x00000007f5560000, 0x00000007f5560000)
  object space 349568K, 97% used [0x00000007e0000000,0x00000007f4bbb268,0x00000007f5560000)
 PSPermGen       total 21248K, used 2867K [0x00000007dae00000, 0x00000007dc2c0000, 0x00000007e0000000)
  object space 21248K, 13% used [0x00000007dae00000,0x00000007db0cce40,0x00000007dc2c0000)
}
{Heap before GC invocations=19 (full 9):
 PSYoungGen      total 38208K, used 21355K [0x00000007f5560000, 0x00000007f8000000, 0x0000000800000000)
  eden space 32768K, 65% used [0x00000007f5560000,0x00000007f6a3ade0,0x00000007f7560000)
  from space 5440K, 0% used [0x00000007f7ab0000,0x00000007f7ab0000,0x00000007f8000000)
  to   space 5440K, 0% used [0x00000007f7560000,0x00000007f7560000,0x00000007f7ab0000)
 ParOldGen       total 349568K, used 339692K [0x00000007e0000000, 0x00000007f5560000, 0x00000007f5560000)
  object space 349568K, 97% used [0x00000007e0000000,0x00000007f4bbb268,0x00000007f5560000)
 PSPermGen       total 21248K, used 2867K [0x00000007dae00000, 0x00000007dc2c0000, 0x00000007e0000000)
  object space 21248K, 13% used [0x00000007dae00000,0x00000007db0cce40,0x00000007dc2c0000)
0.776: [GC-- [PSYoungGen: 21355K->21355K(38208K)] 361048K->361056K(387776K), 0.0062740 secs] [Times: user=0.02 sys=0.00, real=0.01 secs] 
Heap after GC invocations=19 (full 9):
 PSYoungGen      total 38208K, used 21355K [0x00000007f5560000, 0x00000007f8000000, 0x0000000800000000)
  eden space 32768K, 65% used [0x00000007f5560000,0x00000007f6a3ade0,0x00000007f7560000)
  from space 5440K, 0% used [0x00000007f7ab0000,0x00000007f7ab0000,0x00000007f8000000)
  to   space 5440K, 4% used [0x00000007f7560000,0x00000007f75a0000,0x00000007f7ab0000)
 ParOldGen       total 349568K, used 339700K [0x00000007e0000000, 0x00000007f5560000, 0x00000007f5560000)
  object space 349568K, 97% used [0x00000007e0000000,0x00000007f4bbd268,0x00000007f5560000)
 PSPermGen       total 21248K, used 2867K [0x00000007dae00000, 0x00000007dc2c0000, 0x00000007e0000000)
  object space 21248K, 13% used [0x00000007dae00000,0x00000007db0cce40,0x00000007dc2c0000)
}
{Heap before GC invocations=20 (full 10):
 PSYoungGen      total 38208K, used 21355K [0x00000007f5560000, 0x00000007f8000000, 0x0000000800000000)
  eden space 32768K, 65% used [0x00000007f5560000,0x00000007f6a3ade0,0x00000007f7560000)
  from space 5440K, 0% used [0x00000007f7ab0000,0x00000007f7ab0000,0x00000007f8000000)
  to   space 5440K, 4% used [0x00000007f7560000,0x00000007f75a0000,0x00000007f7ab0000)
 ParOldGen       total 349568K, used 339700K [0x00000007e0000000, 0x00000007f5560000, 0x00000007f5560000)
  object space 349568K, 97% used [0x00000007e0000000,0x00000007f4bbd268,0x00000007f5560000)
 PSPermGen       total 21248K, used 2867K [0x00000007dae00000, 0x00000007dc2c0000, 0x00000007e0000000)
  object space 21248K, 13% used [0x00000007dae00000,0x00000007db0cce40,0x00000007dc2c0000)
0.782: [Full GC [PSYoungGen: 21355K->21355K(38208K)] [ParOldGen: 339700K->339692K(349568K)] 361056K->361048K(387776K) [PSPermGen: 2867K->2867K(21248K)], 0.0162410 secs] [Times: user=0.02 sys=0.00, real=0.01 secs] 
Heap after GC invocations=20 (full 10):
 PSYoungGen      total 38208K, used 21355K [0x00000007f5560000, 0x00000007f8000000, 0x0000000800000000)
  eden space 32768K, 65% used [0x00000007f5560000,0x00000007f6a3acc8,0x00000007f7560000)
  from space 5440K, 0% used [0x00000007f7ab0000,0x00000007f7ab0000,0x00000007f8000000)
  to   space 5440K, 0% used [0x00000007f7560000,0x00000007f7560000,0x00000007f7ab0000)
 ParOldGen       total 349568K, used 339692K [0x00000007e0000000, 0x00000007f5560000, 0x00000007f5560000)
  object space 349568K, 97% used [0x00000007e0000000,0x00000007f4bbb380,0x00000007f5560000)
 PSPermGen       total 21248K, used 2867K [0x00000007dae00000, 0x00000007dc2c0000, 0x00000007e0000000)
  object space 21248K, 13% used [0x00000007dae00000,0x00000007db0cce40,0x00000007dc2c0000)
}
{Heap before GC invocations=21 (full 10):
 PSYoungGen      total 38208K, used 21355K [0x00000007f5560000, 0x00000007f8000000, 0x0000000800000000)
  eden space 32768K, 65% used [0x00000007f5560000,0x00000007f6a3ad18,0x00000007f7560000)
  from space 5440K, 0% used [0x00000007f7ab0000,0x00000007f7ab0000,0x00000007f8000000)
  to   space 5440K, 0% used [0x00000007f7560000,0x00000007f7560000,0x00000007f7ab0000)
 ParOldGen       total 349568K, used 339692K [0x00000007e0000000, 0x00000007f5560000, 0x00000007f5560000)
  object space 349568K, 97% used [0x00000007e0000000,0x00000007f4bbb380,0x00000007f5560000)
 PSPermGen       total 21248K, used 2868K [0x00000007dae00000, 0x00000007dc2c0000, 0x00000007e0000000)
  object space 21248K, 13% used [0x00000007dae00000,0x00000007db0cd128,0x00000007dc2c0000)
0.799: [GC-- [PSYoungGen: 21355K->21355K(38208K)] 361048K->361048K(387776K), 0.0072600 secs] [Times: user=0.01 sys=0.00, real=0.00 secs] 
Heap after GC invocations=21 (full 10):
 PSYoungGen      total 38208K, used 21355K [0x00000007f5560000, 0x00000007f8000000, 0x0000000800000000)
  eden space 32768K, 65% used [0x00000007f5560000,0x00000007f6a3ad18,0x00000007f7560000)
  from space 5440K, 0% used [0x00000007f7ab0000,0x00000007f7ab0000,0x00000007f8000000)
  to   space 5440K, 4% used [0x00000007f7560000,0x00000007f75a0000,0x00000007f7ab0000)
 ParOldGen       total 349568K, used 339692K [0x00000007e0000000, 0x00000007f5560000, 0x00000007f5560000)
  object space 349568K, 97% used [0x00000007e0000000,0x00000007f4bbb380,0x00000007f5560000)
 PSPermGen       total 21248K, used 2868K [0x00000007dae00000, 0x00000007dc2c0000, 0x00000007e0000000)
  object space 21248K, 13% used [0x00000007dae00000,0x00000007db0cd128,0x00000007dc2c0000)
}
{Heap before GC invocations=22 (full 11):
 PSYoungGen      total 38208K, used 21355K [0x00000007f5560000, 0x00000007f8000000, 0x0000000800000000)
  eden space 32768K, 65% used [0x00000007f5560000,0x00000007f6a3ad18,0x00000007f7560000)
  from space 5440K, 0% used [0x00000007f7ab0000,0x00000007f7ab0000,0x00000007f8000000)
  to   space 5440K, 4% used [0x00000007f7560000,0x00000007f75a0000,0x00000007f7ab0000)
 ParOldGen       total 349568K, used 339692K [0x00000007e0000000, 0x00000007f5560000, 0x00000007f5560000)
  object space 349568K, 97% used [0x00000007e0000000,0x00000007f4bbb380,0x00000007f5560000)
 PSPermGen       total 21248K, used 2868K [0x00000007dae00000, 0x00000007dc2c0000, 0x00000007e0000000)
  object space 21248K, 13% used [0x00000007dae00000,0x00000007db0cd128,0x00000007dc2c0000)
0.807: [Full GC [PSYoungGen: 21355K->21354K(38208K)] [ParOldGen: 339692K->339692K(349568K)] 361048K->361047K(387776K) [PSPermGen: 2868K->2868K(21248K)], 0.0158710 secs] [Times: user=0.02 sys=0.00, real=0.02 secs] 
Heap after GC invocations=22 (full 11):
 PSYoungGen      total 38208K, used 21354K [0x00000007f5560000, 0x00000007f8000000, 0x0000000800000000)
  eden space 32768K, 65% used [0x00000007f5560000,0x00000007f6a3a990,0x00000007f7560000)
  from space 5440K, 0% used [0x00000007f7ab0000,0x00000007f7ab0000,0x00000007f8000000)
  to   space 5440K, 0% used [0x00000007f7560000,0x00000007f7560000,0x00000007f7ab0000)
 ParOldGen       total 349568K, used 339692K [0x00000007e0000000, 0x00000007f5560000, 0x00000007f5560000)
  object space 349568K, 97% used [0x00000007e0000000,0x00000007f4bbb320,0x00000007f5560000)
 PSPermGen       total 21248K, used 2868K [0x00000007dae00000, 0x00000007dc2c0000, 0x00000007e0000000)
  object space 21248K, 13% used [0x00000007dae00000,0x00000007db0cd128,0x00000007dc2c0000)
}
{Heap before GC invocations=23 (full 11):
 PSYoungGen      total 38208K, used 21354K [0x00000007f5560000, 0x00000007f8000000, 0x0000000800000000)
  eden space 32768K, 65% used [0x00000007f5560000,0x00000007f6a3a990,0x00000007f7560000)
  from space 5440K, 0% used [0x00000007f7ab0000,0x00000007f7ab0000,0x00000007f8000000)
  to   space 5440K, 0% used [0x00000007f7560000,0x00000007f7560000,0x00000007f7ab0000)
 ParOldGen       total 349568K, used 339692K [0x00000007e0000000, 0x00000007f5560000, 0x00000007f5560000)
  object space 349568K, 97% used [0x00000007e0000000,0x00000007f4bbb320,0x00000007f5560000)
 PSPermGen       total 21248K, used 2868K [0x00000007dae00000, 0x00000007dc2c0000, 0x00000007e0000000)
  object space 21248K, 13% used [0x00000007dae00000,0x00000007db0cd128,0x00000007dc2c0000)
0.823: [GC-- [PSYoungGen: 21354K->21354K(38208K)] 361047K->361055K(387776K), 0.0062800 secs] [Times: user=0.01 sys=0.00, real=0.01 secs] 
Heap after GC invocations=23 (full 11):
 PSYoungGen      total 38208K, used 21354K [0x00000007f5560000, 0x00000007f8000000, 0x0000000800000000)
  eden space 32768K, 65% used [0x00000007f5560000,0x00000007f6a3a990,0x00000007f7560000)
  from space 5440K, 0% used [0x00000007f7ab0000,0x00000007f7ab0000,0x00000007f8000000)
  to   space 5440K, 4% used [0x00000007f7560000,0x00000007f75a0000,0x00000007f7ab0000)
 ParOldGen       total 349568K, used 339700K [0x00000007e0000000, 0x00000007f5560000, 0x00000007f5560000)
  object space 349568K, 97% used [0x00000007e0000000,0x00000007f4bbd320,0x00000007f5560000)
 PSPermGen       total 21248K, used 2868K [0x00000007dae00000, 0x00000007dc2c0000, 0x00000007e0000000)
  object space 21248K, 13% used [0x00000007dae00000,0x00000007db0cd128,0x00000007dc2c0000)
}
{Heap before GC invocations=24 (full 12):
 PSYoungGen      total 38208K, used 21354K [0x00000007f5560000, 0x00000007f8000000, 0x0000000800000000)
  eden space 32768K, 65% used [0x00000007f5560000,0x00000007f6a3a990,0x00000007f7560000)
  from space 5440K, 0% used [0x00000007f7ab0000,0x00000007f7ab0000,0x00000007f8000000)
  to   space 5440K, 4% used [0x00000007f7560000,0x00000007f75a0000,0x00000007f7ab0000)
 ParOldGen       total 349568K, used 339700K [0x00000007e0000000, 0x00000007f5560000, 0x00000007f5560000)
  object space 349568K, 97% used [0x00000007e0000000,0x00000007f4bbd320,0x00000007f5560000)
 PSPermGen       total 21248K, used 2868K [0x00000007dae00000, 0x00000007dc2c0000, 0x00000007e0000000)
  object space 21248K, 13% used [0x00000007dae00000,0x00000007db0cd128,0x00000007dc2c0000)
0.829: [Full GC [PSYoungGen: 21354K->21354K(38208K)] [ParOldGen: 339700K->339692K(349568K)] 361055K->361047K(387776K) [PSPermGen: 2868K->2868K(21248K)], 0.0170610 secs] [Times: user=0.02 sys=0.00, real=0.01 secs] 
Heap after GC invocations=24 (full 12):
 PSYoungGen      total 38208K, used 21354K [0x00000007f5560000, 0x00000007f8000000, 0x0000000800000000)
  eden space 32768K, 65% used [0x00000007f5560000,0x00000007f6a3a960,0x00000007f7560000)
  from space 5440K, 0% used [0x00000007f7ab0000,0x00000007f7ab0000,0x00000007f8000000)
  to   space 5440K, 0% used [0x00000007f7560000,0x00000007f7560000,0x00000007f7ab0000)
 ParOldGen       total 349568K, used 339692K [0x00000007e0000000, 0x00000007f5560000, 0x00000007f5560000)
  object space 349568K, 97% used [0x00000007e0000000,0x00000007f4bbb350,0x00000007f5560000)
 PSPermGen       total 21248K, used 2868K [0x00000007dae00000, 0x00000007dc2c0000, 0x00000007e0000000)
  object space 21248K, 13% used [0x00000007dae00000,0x00000007db0cd128,0x00000007dc2c0000)
}
{Heap before GC invocations=25 (full 12):
 PSYoungGen      total 38208K, used 22009K [0x00000007f5560000, 0x00000007f8000000, 0x0000000800000000)
  eden space 32768K, 67% used [0x00000007f5560000,0x00000007f6ade770,0x00000007f7560000)
  from space 5440K, 0% used [0x00000007f7ab0000,0x00000007f7ab0000,0x00000007f8000000)
  to   space 5440K, 0% used [0x00000007f7560000,0x00000007f7560000,0x00000007f7ab0000)
 ParOldGen       total 349568K, used 339692K [0x00000007e0000000, 0x00000007f5560000, 0x00000007f5560000)
  object space 349568K, 97% used [0x00000007e0000000,0x00000007f4bbb350,0x00000007f5560000)
 PSPermGen       total 21248K, used 2870K [0x00000007dae00000, 0x00000007dc2c0000, 0x00000007e0000000)
  object space 21248K, 13% used [0x00000007dae00000,0x00000007db0cda78,0x00000007dc2c0000)
0.847: [GC-- [PSYoungGen: 22009K->22009K(38208K)] 361702K->361702K(387776K), 0.0062820 secs] [Times: user=0.01 sys=0.00, real=0.01 secs] 
Heap after GC invocations=25 (full 12):
 PSYoungGen      total 38208K, used 22009K [0x00000007f5560000, 0x00000007f8000000, 0x0000000800000000)
  eden space 32768K, 67% used [0x00000007f5560000,0x00000007f6ade770,0x00000007f7560000)
  from space 5440K, 0% used [0x00000007f7ab0000,0x00000007f7ab0000,0x00000007f8000000)
  to   space 5440K, 4% used [0x00000007f7560000,0x00000007f75a0000,0x00000007f7ab0000)
 ParOldGen       total 349568K, used 339692K [0x00000007e0000000, 0x00000007f5560000, 0x00000007f5560000)
  object space 349568K, 97% used [0x00000007e0000000,0x00000007f4bbb350,0x00000007f5560000)
 PSPermGen       total 21248K, used 2870K [0x00000007dae00000, 0x00000007dc2c0000, 0x00000007e0000000)
  object space 21248K, 13% used [0x00000007dae00000,0x00000007db0cda78,0x00000007dc2c0000)
}
{Heap before GC invocations=26 (full 13):
 PSYoungGen      total 38208K, used 22009K [0x00000007f5560000, 0x00000007f8000000, 0x0000000800000000)
  eden space 32768K, 67% used [0x00000007f5560000,0x00000007f6ade770,0x00000007f7560000)
  from space 5440K, 0% used [0x00000007f7ab0000,0x00000007f7ab0000,0x00000007f8000000)
  to   space 5440K, 4% used [0x00000007f7560000,0x00000007f75a0000,0x00000007f7ab0000)
 ParOldGen       total 349568K, used 339692K [0x00000007e0000000, 0x00000007f5560000, 0x00000007f5560000)
  object space 349568K, 97% used [0x00000007e0000000,0x00000007f4bbb350,0x00000007f5560000)
 PSPermGen       total 21248K, used 2870K [0x00000007dae00000, 0x00000007dc2c0000, 0x00000007e0000000)
  object space 21248K, 13% used [0x00000007dae00000,0x00000007db0cda78,0x00000007dc2c0000)
0.853: [Full GC [PSYoungGen: 22009K->0K(38208K)] [ParOldGen: 339692K->170223K(203008K)] 361702K->170223K(241216K) [PSPermGen: 2870K->2870K(21248K)], 0.1349100 secs] [Times: user=0.20 sys=0.02, real=0.13 secs] 
Heap after GC invocations=26 (full 13):
 PSYoungGen      total 38208K, used 0K [0x00000007f5560000, 0x00000007f8000000, 0x0000000800000000)
  eden space 32768K, 0% used [0x00000007f5560000,0x00000007f5560000,0x00000007f7560000)
  from space 5440K, 0% used [0x00000007f7ab0000,0x00000007f7ab0000,0x00000007f8000000)
  to   space 5440K, 0% used [0x00000007f7560000,0x00000007f7560000,0x00000007f7ab0000)
 ParOldGen       total 203008K, used 170223K [0x00000007e0000000, 0x00000007ec640000, 0x00000007f5560000)
  object space 203008K, 83% used [0x00000007e0000000,0x00000007ea63bda0,0x00000007ec640000)
 PSPermGen       total 21248K, used 2870K [0x00000007dae00000, 0x00000007dc2c0000, 0x00000007e0000000)
  object space 21248K, 13% used [0x00000007dae00000,0x00000007db0cda78,0x00000007dc2c0000)
}
{Heap before GC invocations=27 (full 13):
 PSYoungGen      total 38208K, used 22880K [0x00000007f5560000, 0x00000007f8000000, 0x0000000800000000)
  eden space 32768K, 69% used [0x00000007f5560000,0x00000007f6bb8350,0x00000007f7560000)
  from space 5440K, 0% used [0x00000007f7ab0000,0x00000007f7ab0000,0x00000007f8000000)
  to   space 5440K, 0% used [0x00000007f7560000,0x00000007f7560000,0x00000007f7ab0000)
 ParOldGen       total 247040K, used 236234K [0x00000007e0000000, 0x00000007ef140000, 0x00000007f5560000)
  object space 247040K, 95% used [0x00000007e0000000,0x00000007ee6b2b00,0x00000007ef140000)
 PSPermGen       total 21248K, used 2876K [0x00000007dae00000, 0x00000007dc2c0000, 0x00000007e0000000)
  object space 21248K, 13% used [0x00000007dae00000,0x00000007db0cf090,0x00000007dc2c0000)
1.040: [GC
Desired survivor size 65536 bytes, new threshold 8 (max 15)
 [PSYoungGen: 22880K->64K(38208K)] 259115K->258302K(307264K), 0.0681130 secs] [Times: user=0.06 sys=0.02, real=0.06 secs] 
Heap after GC invocations=27 (full 13):
 PSYoungGen      total 38208K, used 64K [0x00000007f5560000, 0x00000007f8000000, 0x0000000800000000)
  eden space 32768K, 0% used [0x00000007f5560000,0x00000007f5560000,0x00000007f7560000)
  from space 5440K, 1% used [0x00000007f7560000,0x00000007f7570000,0x00000007f7ab0000)
  to   space 64K, 0% used [0x00000007f7ff0000,0x00000007f7ff0000,0x00000007f8000000)
 ParOldGen       total 269056K, used 258238K [0x00000007e0000000, 0x00000007f06c0000, 0x00000007f5560000)
  object space 269056K, 95% used [0x00000007e0000000,0x00000007efc2fa20,0x00000007f06c0000)
 PSPermGen       total 21248K, used 2876K [0x00000007dae00000, 0x00000007dc2c0000, 0x00000007e0000000)
  object space 21248K, 13% used [0x00000007dae00000,0x00000007db0cf090,0x00000007dc2c0000)
}
{Heap before GC invocations=28 (full 14):
 PSYoungGen      total 38208K, used 64K [0x00000007f5560000, 0x00000007f8000000, 0x0000000800000000)
  eden space 32768K, 0% used [0x00000007f5560000,0x00000007f5560000,0x00000007f7560000)
  from space 5440K, 1% used [0x00000007f7560000,0x00000007f7570000,0x00000007f7ab0000)
  to   space 64K, 0% used [0x00000007f7ff0000,0x00000007f7ff0000,0x00000007f8000000)
 ParOldGen       total 269056K, used 258238K [0x00000007e0000000, 0x00000007f06c0000, 0x00000007f5560000)
  object space 269056K, 95% used [0x00000007e0000000,0x00000007efc2fa20,0x00000007f06c0000)
 PSPermGen       total 21248K, used 2876K [0x00000007dae00000, 0x00000007dc2c0000, 0x00000007e0000000)
  object space 21248K, 13% used [0x00000007dae00000,0x00000007db0cf090,0x00000007dc2c0000)
1.108: [Full GC [PSYoungGen: 64K->0K(38208K)] [ParOldGen: 258238K->215748K(278080K)] 258302K->215748K(316288K) [PSPermGen: 2876K->2876K(21248K)], 0.1131820 secs] [Times: user=0.16 sys=0.00, real=0.12 secs] 
Heap after GC invocations=28 (full 14):
 PSYoungGen      total 38208K, used 0K [0x00000007f5560000, 0x00000007f8000000, 0x0000000800000000)
  eden space 32768K, 0% used [0x00000007f5560000,0x00000007f5560000,0x00000007f7560000)
  from space 5440K, 0% used [0x00000007f7560000,0x00000007f7560000,0x00000007f7ab0000)
  to   space 64K, 0% used [0x00000007f7ff0000,0x00000007f7ff0000,0x00000007f8000000)
 ParOldGen       total 278080K, used 215748K [0x00000007e0000000, 0x00000007f0f90000, 0x00000007f5560000)
  object space 278080K, 77% used [0x00000007e0000000,0x00000007ed2b1110,0x00000007f0f90000)
 PSPermGen       total 21248K, used 2876K [0x00000007dae00000, 0x00000007dc2c0000, 0x00000007e0000000)
  object space 21248K, 13% used [0x00000007dae00000,0x00000007db0cf090,0x00000007dc2c0000)
}
{Heap before GC invocations=29 (full 14):
 PSYoungGen      total 38208K, used 23802K [0x00000007f5560000, 0x00000007f8000000, 0x0000000800000000)
  eden space 32768K, 72% used [0x00000007f5560000,0x00000007f6c9ea58,0x00000007f7560000)
  from space 5440K, 0% used [0x00000007f7560000,0x00000007f7560000,0x00000007f7ab0000)
  to   space 64K, 0% used [0x00000007f7ff0000,0x00000007f7ff0000,0x00000007f8000000)
 ParOldGen       total 278080K, used 215748K [0x00000007e0000000, 0x00000007f0f90000, 0x00000007f5560000)
  object space 278080K, 77% used [0x00000007e0000000,0x00000007ed2b1110,0x00000007f0f90000)
 PSPermGen       total 21248K, used 2876K [0x00000007dae00000, 0x00000007dc2c0000, 0x00000007e0000000)
  object space 21248K, 13% used [0x00000007dae00000,0x00000007db0cf090,0x00000007dc2c0000)
1.237: [GC
Desired survivor size 65536 bytes, new threshold 9 (max 15)
 [PSYoungGen: 23802K->64K(43584K)] 239550K->239279K(321664K), 0.0109060 secs] [Times: user=0.02 sys=0.00, real=0.01 secs] 
Heap after GC invocations=29 (full 14):
 PSYoungGen      total 43584K, used 64K [0x00000007f5560000, 0x00000007f8000000, 0x0000000800000000)
  eden space 43520K, 0% used [0x00000007f5560000,0x00000007f5560000,0x00000007f7fe0000)
  from space 64K, 100% used [0x00000007f7ff0000,0x00000007f8000000,0x00000007f8000000)
  to   space 64K, 0% used [0x00000007f7fe0000,0x00000007f7fe0000,0x00000007f7ff0000)
 ParOldGen       total 278080K, used 239215K [0x00000007e0000000, 0x00000007f0f90000, 0x00000007f5560000)
  object space 278080K, 86% used [0x00000007e0000000,0x00000007ee99be80,0x00000007f0f90000)
 PSPermGen       total 21248K, used 2876K [0x00000007dae00000, 0x00000007dc2c0000, 0x00000007e0000000)
  object space 21248K, 13% used [0x00000007dae00000,0x00000007db0cf090,0x00000007dc2c0000)
}
{Heap before GC invocations=30 (full 14):
 PSYoungGen      total 43584K, used 38492K [0x00000007f5560000, 0x00000007f8000000, 0x0000000800000000)
  eden space 43520K, 88% used [0x00000007f5560000,0x00000007f7ae7260,0x00000007f7fe0000)
  from space 64K, 100% used [0x00000007f7ff0000,0x00000007f8000000,0x00000007f8000000)
  to   space 64K, 0% used [0x00000007f7fe0000,0x00000007f7fe0000,0x00000007f7ff0000)
 ParOldGen       total 278080K, used 239215K [0x00000007e0000000, 0x00000007f0f90000, 0x00000007f5560000)
  object space 278080K, 86% used [0x00000007e0000000,0x00000007ee99be80,0x00000007f0f90000)
 PSPermGen       total 21248K, used 2876K [0x00000007dae00000, 0x00000007dc2c0000, 0x00000007e0000000)
  object space 21248K, 13% used [0x00000007dae00000,0x00000007db0cf090,0x00000007dc2c0000)
1.269: [GC
Desired survivor size 65536 bytes, new threshold 10 (max 15)
 [PSYoungGen: 38492K->64K(43584K)] 277708K->276969K(321664K), 0.0322580 secs] [Times: user=0.05 sys=0.01, real=0.03 secs] 
Heap after GC invocations=30 (full 14):
 PSYoungGen      total 43584K, used 64K [0x00000007f5560000, 0x00000007f8d90000, 0x0000000800000000)
  eden space 43520K, 0% used [0x00000007f5560000,0x00000007f5560000,0x00000007f7fe0000)
  from space 64K, 100% used [0x00000007f7fe0000,0x00000007f7ff0000,0x00000007f7ff0000)
  to   space 64K, 0% used [0x00000007f8d80000,0x00000007f8d80000,0x00000007f8d90000)
 ParOldGen       total 278080K, used 276905K [0x00000007e0000000, 0x00000007f0f90000, 0x00000007f5560000)
  object space 278080K, 99% used [0x00000007e0000000,0x00000007f0e6a608,0x00000007f0f90000)
 PSPermGen       total 21248K, used 2876K [0x00000007dae00000, 0x00000007dc2c0000, 0x00000007e0000000)
  object space 21248K, 13% used [0x00000007dae00000,0x00000007db0cf090,0x00000007dc2c0000)
}
{Heap before GC invocations=31 (full 15):
 PSYoungGen      total 43584K, used 64K [0x00000007f5560000, 0x00000007f8d90000, 0x0000000800000000)
  eden space 43520K, 0% used [0x00000007f5560000,0x00000007f5560000,0x00000007f7fe0000)
  from space 64K, 100% used [0x00000007f7fe0000,0x00000007f7ff0000,0x00000007f7ff0000)
  to   space 64K, 0% used [0x00000007f8d80000,0x00000007f8d80000,0x00000007f8d90000)
 ParOldGen       total 278080K, used 276905K [0x00000007e0000000, 0x00000007f0f90000, 0x00000007f5560000)
  object space 278080K, 99% used [0x00000007e0000000,0x00000007f0e6a608,0x00000007f0f90000)
 PSPermGen       total 21248K, used 2876K [0x00000007dae00000, 0x00000007dc2c0000, 0x00000007e0000000)
  object space 21248K, 13% used [0x00000007dae00000,0x00000007db0cf090,0x00000007dc2c0000)
1.302: [Full GC [PSYoungGen: 64K->0K(43584K)] [ParOldGen: 276905K->115729K(199488K)] 276969K->115729K(243072K) [PSPermGen: 2876K->2876K(21248K)], 0.1075720 secs] [Times: user=0.16 sys=0.02, real=0.11 secs] 
Heap after GC invocations=31 (full 15):
 PSYoungGen      total 43584K, used 0K [0x00000007f5560000, 0x00000007f8d90000, 0x0000000800000000)
  eden space 43520K, 0% used [0x00000007f5560000,0x00000007f5560000,0x00000007f7fe0000)
  from space 64K, 0% used [0x00000007f7fe0000,0x00000007f7fe0000,0x00000007f7ff0000)
  to   space 64K, 0% used [0x00000007f8d80000,0x00000007f8d80000,0x00000007f8d90000)
 ParOldGen       total 199488K, used 115729K [0x00000007e0000000, 0x00000007ec2d0000, 0x00000007f5560000)
  object space 199488K, 58% used [0x00000007e0000000,0x00000007e71047a8,0x00000007ec2d0000)
 PSPermGen       total 21248K, used 2876K [0x00000007dae00000, 0x00000007dc2c0000, 0x00000007e0000000)
  object space 21248K, 13% used [0x00000007dae00000,0x00000007db0cf090,0x00000007dc2c0000)
}
{Heap before GC invocations=32 (full 15):
 PSYoungGen      total 43584K, used 40289K [0x00000007f5560000, 0x00000007f8d90000, 0x0000000800000000)
  eden space 43520K, 92% used [0x00000007f5560000,0x00000007f7cb8580,0x00000007f7fe0000)
  from space 64K, 0% used [0x00000007f7fe0000,0x00000007f7fe0000,0x00000007f7ff0000)
  to   space 64K, 0% used [0x00000007f8d80000,0x00000007f8d80000,0x00000007f8d90000)
 ParOldGen       total 199488K, used 115729K [0x00000007e0000000, 0x00000007ec2d0000, 0x00000007f5560000)
  object space 199488K, 58% used [0x00000007e0000000,0x00000007e71047a8,0x00000007ec2d0000)
 PSPermGen       total 21248K, used 2876K [0x00000007dae00000, 0x00000007dc2c0000, 0x00000007e0000000)
  object space 21248K, 13% used [0x00000007dae00000,0x00000007db0cf090,0x00000007dc2c0000)
1.430: [GC
Desired survivor size 65536 bytes, new threshold 11 (max 15)
 [PSYoungGen: 40289K->64K(51200K)] 156019K->155444K(250688K), 0.0166510 secs] [Times: user=0.03 sys=0.00, real=0.01 secs] 
Heap after GC invocations=32 (full 15):
 PSYoungGen      total 51200K, used 64K [0x00000007f5560000, 0x00000007f8d90000, 0x0000000800000000)
  eden space 51136K, 0% used [0x00000007f5560000,0x00000007f5560000,0x00000007f8750000)
  from space 64K, 100% used [0x00000007f8d80000,0x00000007f8d90000,0x00000007f8d90000)
  to   space 64K, 0% used [0x00000007f8d70000,0x00000007f8d70000,0x00000007f8d80000)
 ParOldGen       total 199488K, used 155380K [0x00000007e0000000, 0x00000007ec2d0000, 0x00000007f5560000)
  object space 199488K, 77% used [0x00000007e0000000,0x00000007e97bd3f8,0x00000007ec2d0000)
 PSPermGen       total 21248K, used 2876K [0x00000007dae00000, 0x00000007dc2c0000, 0x00000007e0000000)
  object space 21248K, 13% used [0x00000007dae00000,0x00000007db0cf090,0x00000007dc2c0000)
}
{Heap before GC invocations=33 (full 16):
 PSYoungGen      total 51200K, used 64K [0x00000007f5560000, 0x00000007f8d90000, 0x0000000800000000)
  eden space 51136K, 0% used [0x00000007f5560000,0x00000007f5560000,0x00000007f8750000)
  from space 64K, 100% used [0x00000007f8d80000,0x00000007f8d90000,0x00000007f8d90000)
  to   space 64K, 0% used [0x00000007f8d70000,0x00000007f8d70000,0x00000007f8d80000)
 ParOldGen       total 199488K, used 155380K [0x00000007e0000000, 0x00000007ec2d0000, 0x00000007f5560000)
  object space 199488K, 77% used [0x00000007e0000000,0x00000007e97bd3f8,0x00000007ec2d0000)
 PSPermGen       total 21248K, used 2876K [0x00000007dae00000, 0x00000007dc2c0000, 0x00000007e0000000)
  object space 21248K, 13% used [0x00000007dae00000,0x00000007db0cf090,0x00000007dc2c0000)
1.447: [Full GC [PSYoungGen: 64K->0K(51200K)] [ParOldGen: 155380K->87906K(184768K)] 155444K->87906K(235968K) [PSPermGen: 2876K->2876K(21248K)], 0.0574270 secs] [Times: user=0.10 sys=0.00, real=0.06 secs] 
Heap after GC invocations=33 (full 16):
 PSYoungGen      total 51200K, used 0K [0x00000007f5560000, 0x00000007f8d90000, 0x0000000800000000)
  eden space 51136K, 0% used [0x00000007f5560000,0x00000007f5560000,0x00000007f8750000)
  from space 64K, 0% used [0x00000007f8d80000,0x00000007f8d80000,0x00000007f8d90000)
  to   space 64K, 0% used [0x00000007f8d70000,0x00000007f8d70000,0x00000007f8d80000)
 ParOldGen       total 184768K, used 87906K [0x00000007e0000000, 0x00000007eb470000, 0x00000007f5560000)
  object space 184768K, 47% used [0x00000007e0000000,0x00000007e55d8820,0x00000007eb470000)
 PSPermGen       total 21248K, used 2876K [0x00000007dae00000, 0x00000007dc2c0000, 0x00000007e0000000)
  object space 21248K, 13% used [0x00000007dae00000,0x00000007db0cf090,0x00000007dc2c0000)
}
{Heap before GC invocations=34 (full 16):
 PSYoungGen      total 51200K, used 37501K [0x00000007f5560000, 0x00000007f8d90000, 0x0000000800000000)
  eden space 51136K, 73% used [0x00000007f5560000,0x00000007f79ff5b8,0x00000007f8750000)
  from space 64K, 0% used [0x00000007f8d80000,0x00000007f8d80000,0x00000007f8d90000)
  to   space 64K, 0% used [0x00000007f8d70000,0x00000007f8d70000,0x00000007f8d80000)
 ParOldGen       total 184768K, used 87906K [0x00000007e0000000, 0x00000007eb470000, 0x00000007f5560000)
  object space 184768K, 47% used [0x00000007e0000000,0x00000007e55d8820,0x00000007eb470000)
 PSPermGen       total 21248K, used 2876K [0x00000007dae00000, 0x00000007dc2c0000, 0x00000007e0000000)
  object space 21248K, 13% used [0x00000007dae00000,0x00000007db0cf090,0x00000007dc2c0000)
1.523: [GC
Desired survivor size 65536 bytes, new threshold 12 (max 15)
 [PSYoungGen: 37501K->64K(57472K)] 125407K->124604K(242240K), 0.0157150 secs] [Times: user=0.03 sys=0.00, real=0.01 secs] 
Heap after GC invocations=34 (full 16):
 PSYoungGen      total 57472K, used 64K [0x00000007f5560000, 0x00000007f8ff0000, 0x0000000800000000)
  eden space 57408K, 0% used [0x00000007f5560000,0x00000007f5560000,0x00000007f8d70000)
  from space 64K, 100% used [0x00000007f8d70000,0x00000007f8d80000,0x00000007f8d80000)
  to   space 64K, 0% used [0x00000007f8fe0000,0x00000007f8fe0000,0x00000007f8ff0000)
 ParOldGen       total 184768K, used 124540K [0x00000007e0000000, 0x00000007eb470000, 0x00000007f5560000)
  object space 184768K, 67% used [0x00000007e0000000,0x00000007e799f278,0x00000007eb470000)
 PSPermGen       total 21248K, used 2876K [0x00000007dae00000, 0x00000007dc2c0000, 0x00000007e0000000)
  object space 21248K, 13% used [0x00000007dae00000,0x00000007db0cf090,0x00000007dc2c0000)
}
{Heap before GC invocations=35 (full 16):
 PSYoungGen      total 57472K, used 56606K [0x00000007f5560000, 0x00000007f8ff0000, 0x0000000800000000)
  eden space 57408K, 98% used [0x00000007f5560000,0x00000007f8c97a18,0x00000007f8d70000)
  from space 64K, 100% used [0x00000007f8d70000,0x00000007f8d80000,0x00000007f8d80000)
  to   space 64K, 0% used [0x00000007f8fe0000,0x00000007f8fe0000,0x00000007f8ff0000)
 ParOldGen       total 184768K, used 124540K [0x00000007e0000000, 0x00000007eb470000, 0x00000007f5560000)
  object space 184768K, 67% used [0x00000007e0000000,0x00000007e799f278,0x00000007eb470000)
 PSPermGen       total 21248K, used 2876K [0x00000007dae00000, 0x00000007dc2c0000, 0x00000007e0000000)
  object space 21248K, 13% used [0x00000007dae00000,0x00000007db0cf090,0x00000007dc2c0000)
1.570: [GC
Desired survivor size 65536 bytes, new threshold 13 (max 15)
 [PSYoungGen: 56606K->64K(59904K)] 181147K->180337K(244672K), 0.0234920 secs] [Times: user=0.05 sys=0.00, real=0.02 secs] 
Heap after GC invocations=35 (full 16):
 PSYoungGen      total 59904K, used 64K [0x00000007f5560000, 0x00000007f9850000, 0x0000000800000000)
  eden space 59840K, 0% used [0x00000007f5560000,0x00000007f5560000,0x00000007f8fd0000)
  from space 64K, 100% used [0x00000007f8fe0000,0x00000007f8ff0000,0x00000007f8ff0000)
  to   space 64K, 0% used [0x00000007f8fd0000,0x00000007f8fd0000,0x00000007f8fe0000)
 ParOldGen       total 184768K, used 180273K [0x00000007e0000000, 0x00000007eb470000, 0x00000007f5560000)
  object space 184768K, 97% used [0x00000007e0000000,0x00000007eb00c670,0x00000007eb470000)
 PSPermGen       total 21248K, used 2876K [0x00000007dae00000, 0x00000007dc2c0000, 0x00000007e0000000)
  object space 21248K, 13% used [0x00000007dae00000,0x00000007db0cf090,0x00000007dc2c0000)
}
{Heap before GC invocations=36 (full 17):
 PSYoungGen      total 59904K, used 64K [0x00000007f5560000, 0x00000007f9850000, 0x0000000800000000)
  eden space 59840K, 0% used [0x00000007f5560000,0x00000007f5560000,0x00000007f8fd0000)
  from space 64K, 100% used [0x00000007f8fe0000,0x00000007f8ff0000,0x00000007f8ff0000)
  to   space 64K, 0% used [0x00000007f8fd0000,0x00000007f8fd0000,0x00000007f8fe0000)
 ParOldGen       total 184768K, used 180273K [0x00000007e0000000, 0x00000007eb470000, 0x00000007f5560000)
  object space 184768K, 97% used [0x00000007e0000000,0x00000007eb00c670,0x00000007eb470000)
 PSPermGen       total 21248K, used 2876K [0x00000007dae00000, 0x00000007dc2c0000, 0x00000007e0000000)
  object space 21248K, 13% used [0x00000007dae00000,0x00000007db0cf090,0x00000007dc2c0000)
1.594: [Full GC [PSYoungGen: 64K->0K(59904K)] [ParOldGen: 180273K->103868K(219456K)] 180337K->103868K(279360K) [PSPermGen: 2876K->2876K(21248K)], 0.0805170 secs] [Times: user=0.14 sys=0.00, real=0.08 secs] 
Heap after GC invocations=36 (full 17):
 PSYoungGen      total 59904K, used 0K [0x00000007f5560000, 0x00000007f9850000, 0x0000000800000000)
  eden space 59840K, 0% used [0x00000007f5560000,0x00000007f5560000,0x00000007f8fd0000)
  from space 64K, 0% used [0x00000007f8fe0000,0x00000007f8fe0000,0x00000007f8ff0000)
  to   space 64K, 0% used [0x00000007f8fd0000,0x00000007f8fd0000,0x00000007f8fe0000)
 ParOldGen       total 219456K, used 103868K [0x00000007e0000000, 0x00000007ed650000, 0x00000007f5560000)
  object space 219456K, 47% used [0x00000007e0000000,0x00000007e656f288,0x00000007ed650000)
 PSPermGen       total 21248K, used 2876K [0x00000007dae00000, 0x00000007dc2c0000, 0x00000007e0000000)
  object space 21248K, 13% used [0x00000007dae00000,0x00000007db0cf090,0x00000007dc2c0000)
}
{Heap before GC invocations=37 (full 17):
 PSYoungGen      total 59904K, used 50497K [0x00000007f5560000, 0x00000007f9850000, 0x0000000800000000)
  eden space 59840K, 84% used [0x00000007f5560000,0x00000007f86b0700,0x00000007f8fd0000)
  from space 64K, 0% used [0x00000007f8fe0000,0x00000007f8fe0000,0x00000007f8ff0000)
  to   space 64K, 0% used [0x00000007f8fd0000,0x00000007f8fd0000,0x00000007f8fe0000)
 ParOldGen       total 219456K, used 103868K [0x00000007e0000000, 0x00000007ed650000, 0x00000007f5560000)
  object space 219456K, 47% used [0x00000007e0000000,0x00000007e656f288,0x00000007ed650000)
 PSPermGen       total 21248K, used 2876K [0x00000007dae00000, 0x00000007dc2c0000, 0x00000007e0000000)
  object space 21248K, 13% used [0x00000007dae00000,0x00000007db0cf090,0x00000007dc2c0000)
1.700: [GC
Desired survivor size 65536 bytes, new threshold 14 (max 15)
 [PSYoungGen: 50497K->64K(59904K)] 154366K->153875K(279360K), 0.0218230 secs] [Times: user=0.04 sys=0.00, real=0.02 secs] 
Heap after GC invocations=37 (full 17):
 PSYoungGen      total 59904K, used 64K [0x00000007f5560000, 0x00000007f9ad0000, 0x0000000800000000)
  eden space 59840K, 0% used [0x00000007f5560000,0x00000007f5560000,0x00000007f8fd0000)
  from space 64K, 100% used [0x00000007f8fd0000,0x00000007f8fe0000,0x00000007f8fe0000)
  to   space 64K, 0% used [0x00000007f9ac0000,0x00000007f9ac0000,0x00000007f9ad0000)
 ParOldGen       total 219456K, used 153811K [0x00000007e0000000, 0x00000007ed650000, 0x00000007f5560000)
  object space 219456K, 70% used [0x00000007e0000000,0x00000007e9634f88,0x00000007ed650000)
 PSPermGen       total 21248K, used 2876K [0x00000007dae00000, 0x00000007dc2c0000, 0x00000007e0000000)
  object space 21248K, 13% used [0x00000007dae00000,0x00000007db0cf090,0x00000007dc2c0000)
}
{Heap before GC invocations=38 (full 17):
 PSYoungGen      total 59904K, used 59200K [0x00000007f5560000, 0x00000007f9ad0000, 0x0000000800000000)
  eden space 59840K, 98% used [0x00000007f5560000,0x00000007f8f20240,0x00000007f8fd0000)
  from space 64K, 100% used [0x00000007f8fd0000,0x00000007f8fe0000,0x00000007f8fe0000)
  to   space 64K, 0% used [0x00000007f9ac0000,0x00000007f9ac0000,0x00000007f9ad0000)
 ParOldGen       total 219456K, used 153811K [0x00000007e0000000, 0x00000007ed650000, 0x00000007f5560000)
  object space 219456K, 70% used [0x00000007e0000000,0x00000007e9634f88,0x00000007ed650000)
 PSPermGen       total 21248K, used 2876K [0x00000007dae00000, 0x00000007dc2c0000, 0x00000007e0000000)
  object space 21248K, 13% used [0x00000007dae00000,0x00000007db0cf090,0x00000007dc2c0000)
1.752: [GC
Desired survivor size 65536 bytes, new threshold 15 (max 15)
 [PSYoungGen: 59200K->64K(71040K)] 213012K->212762K(290496K), 0.0443630 secs] [Times: user=0.06 sys=0.03, real=0.04 secs] 
Heap after GC invocations=38 (full 17):
 PSYoungGen      total 71040K, used 64K [0x00000007f5560000, 0x00000007f9d10000, 0x0000000800000000)
  eden space 70976K, 0% used [0x00000007f5560000,0x00000007f5560000,0x00000007f9ab0000)
  from space 64K, 100% used [0x00000007f9ac0000,0x00000007f9ad0000,0x00000007f9ad0000)
  to   space 64K, 0% used [0x00000007f9ab0000,0x00000007f9ab0000,0x00000007f9ac0000)
 ParOldGen       total 219456K, used 212698K [0x00000007e0000000, 0x00000007ed650000, 0x00000007f5560000)
  object space 219456K, 96% used [0x00000007e0000000,0x00000007ecfb6898,0x00000007ed650000)
 PSPermGen       total 21248K, used 2876K [0x00000007dae00000, 0x00000007dc2c0000, 0x00000007e0000000)
  object space 21248K, 13% used [0x00000007dae00000,0x00000007db0cf090,0x00000007dc2c0000)
}
{Heap before GC invocations=39 (full 18):
 PSYoungGen      total 71040K, used 64K [0x00000007f5560000, 0x00000007f9d10000, 0x0000000800000000)
  eden space 70976K, 0% used [0x00000007f5560000,0x00000007f5560000,0x00000007f9ab0000)
  from space 64K, 100% used [0x00000007f9ac0000,0x00000007f9ad0000,0x00000007f9ad0000)
  to   space 64K, 0% used [0x00000007f9ab0000,0x00000007f9ab0000,0x00000007f9ac0000)
 ParOldGen       total 219456K, used 212698K [0x00000007e0000000, 0x00000007ed650000, 0x00000007f5560000)
  object space 219456K, 96% used [0x00000007e0000000,0x00000007ecfb6898,0x00000007ed650000)
 PSPermGen       total 21248K, used 2876K [0x00000007dae00000, 0x00000007dc2c0000, 0x00000007e0000000)
  object space 21248K, 13% used [0x00000007dae00000,0x00000007db0cf090,0x00000007dc2c0000)
1.796: [Full GC [PSYoungGen: 64K->0K(71040K)] [ParOldGen: 212698K->112423K(245248K)] 212762K->112423K(316288K) [PSPermGen: 2876K->2876K(21248K)], 0.0872230 secs] [Times: user=0.15 sys=0.00, real=0.09 secs] 
Heap after GC invocations=39 (full 18):
 PSYoungGen      total 71040K, used 0K [0x00000007f5560000, 0x00000007f9d10000, 0x0000000800000000)
  eden space 70976K, 0% used [0x00000007f5560000,0x00000007f5560000,0x00000007f9ab0000)
  from space 64K, 0% used [0x00000007f9ac0000,0x00000007f9ac0000,0x00000007f9ad0000)
  to   space 64K, 0% used [0x00000007f9ab0000,0x00000007f9ab0000,0x00000007f9ac0000)
 ParOldGen       total 245248K, used 112423K [0x00000007e0000000, 0x00000007eef80000, 0x00000007f5560000)
  object space 245248K, 45% used [0x00000007e0000000,0x00000007e6dc9e90,0x00000007eef80000)
 PSPermGen       total 21248K, used 2876K [0x00000007dae00000, 0x00000007dc2c0000, 0x00000007e0000000)
  object space 21248K, 13% used [0x00000007dae00000,0x00000007db0cf090,0x00000007dc2c0000)
}
{Heap before GC invocations=40 (full 18):
 PSYoungGen      total 71040K, used 56776K [0x00000007f5560000, 0x00000007f9d10000, 0x0000000800000000)
  eden space 70976K, 79% used [0x00000007f5560000,0x00000007f8cd22b0,0x00000007f9ab0000)
  from space 64K, 0% used [0x00000007f9ac0000,0x00000007f9ac0000,0x00000007f9ad0000)
  to   space 64K, 0% used [0x00000007f9ab0000,0x00000007f9ab0000,0x00000007f9ac0000)
 ParOldGen       total 245248K, used 112423K [0x00000007e0000000, 0x00000007eef80000, 0x00000007f5560000)
  object space 245248K, 45% used [0x00000007e0000000,0x00000007e6dc9e90,0x00000007eef80000)
 PSPermGen       total 21248K, used 2876K [0x00000007dae00000, 0x00000007dc2c0000, 0x00000007e0000000)
  object space 21248K, 13% used [0x00000007dae00000,0x00000007db0cf090,0x00000007dc2c0000)
1.916: [GC
Desired survivor size 65536 bytes, new threshold 15 (max 15)
 [PSYoungGen: 56776K->64K(71040K)] 169200K->169069K(316288K), 0.0248030 secs] [Times: user=0.05 sys=0.00, real=0.03 secs] 
Heap after GC invocations=40 (full 18):
 PSYoungGen      total 71040K, used 64K [0x00000007f5560000, 0x00000007fa9c0000, 0x0000000800000000)
  eden space 70976K, 0% used [0x00000007f5560000,0x00000007f5560000,0x00000007f9ab0000)
  from space 64K, 100% used [0x00000007f9ab0000,0x00000007f9ac0000,0x00000007f9ac0000)
  to   space 64K, 0% used [0x00000007fa9b0000,0x00000007fa9b0000,0x00000007fa9c0000)
 ParOldGen       total 245248K, used 169005K [0x00000007e0000000, 0x00000007eef80000, 0x00000007f5560000)
  object space 245248K, 68% used [0x00000007e0000000,0x00000007ea50b510,0x00000007eef80000)
 PSPermGen       total 21248K, used 2876K [0x00000007dae00000, 0x00000007dc2c0000, 0x00000007e0000000)
  object space 21248K, 13% used [0x00000007dae00000,0x00000007db0cf090,0x00000007dc2c0000)
}
{Heap before GC invocations=41 (full 18):
 PSYoungGen      total 71040K, used 68708K [0x00000007f5560000, 0x00000007fa9c0000, 0x0000000800000000)
  eden space 70976K, 96% used [0x00000007f5560000,0x00000007f98690e0,0x00000007f9ab0000)
  from space 64K, 100% used [0x00000007f9ab0000,0x00000007f9ac0000,0x00000007f9ac0000)
  to   space 64K, 0% used [0x00000007fa9b0000,0x00000007fa9b0000,0x00000007fa9c0000)
 ParOldGen       total 245248K, used 169005K [0x00000007e0000000, 0x00000007eef80000, 0x00000007f5560000)
  object space 245248K, 68% used [0x00000007e0000000,0x00000007ea50b510,0x00000007eef80000)
 PSPermGen       total 21248K, used 2876K [0x00000007dae00000, 0x00000007dc2c0000, 0x00000007e0000000)
  object space 21248K, 13% used [0x00000007dae00000,0x00000007db0cf090,0x00000007dc2c0000)
1.977: [GC
Desired survivor size 65536 bytes, new threshold 15 (max 15)
 [PSYoungGen: 68708K->64K(86336K)] 237713K->237448K(331584K), 0.0480710 secs] [Times: user=0.07 sys=0.02, real=0.05 secs] 
Heap after GC invocations=41 (full 18):
 PSYoungGen      total 86336K, used 64K [0x00000007f5560000, 0x00000007fabc0000, 0x0000000800000000)
  eden space 86272K, 0% used [0x00000007f5560000,0x00000007f5560000,0x00000007fa9a0000)
  from space 64K, 100% used [0x00000007fa9b0000,0x00000007fa9c0000,0x00000007fa9c0000)
  to   space 64K, 0% used [0x00000007fa9a0000,0x00000007fa9a0000,0x00000007fa9b0000)
 ParOldGen       total 245248K, used 237384K [0x00000007e0000000, 0x00000007eef80000, 0x00000007f5560000)
  object space 245248K, 96% used [0x00000007e0000000,0x00000007ee7d2320,0x00000007eef80000)
 PSPermGen       total 21248K, used 2876K [0x00000007dae00000, 0x00000007dc2c0000, 0x00000007e0000000)
  object space 21248K, 13% used [0x00000007dae00000,0x00000007db0cf090,0x00000007dc2c0000)
}
{Heap before GC invocations=42 (full 19):
 PSYoungGen      total 86336K, used 64K [0x00000007f5560000, 0x00000007fabc0000, 0x0000000800000000)
  eden space 86272K, 0% used [0x00000007f5560000,0x00000007f5560000,0x00000007fa9a0000)
  from space 64K, 100% used [0x00000007fa9b0000,0x00000007fa9c0000,0x00000007fa9c0000)
  to   space 64K, 0% used [0x00000007fa9a0000,0x00000007fa9a0000,0x00000007fa9b0000)
 ParOldGen       total 245248K, used 237384K [0x00000007e0000000, 0x00000007eef80000, 0x00000007f5560000)
  object space 245248K, 96% used [0x00000007e0000000,0x00000007ee7d2320,0x00000007eef80000)
 PSPermGen       total 21248K, used 2876K [0x00000007dae00000, 0x00000007dc2c0000, 0x00000007e0000000)
  object space 21248K, 13% used [0x00000007dae00000,0x00000007db0cf090,0x00000007dc2c0000)
2.025: [Full GC [PSYoungGen: 64K->0K(86336K)] [ParOldGen: 237384K->112766K(263104K)] 237448K->112766K(349440K) [PSPermGen: 2876K->2876K(21248K)], 0.0892060 secs] [Times: user=0.16 sys=0.00, real=0.09 secs] 
Heap after GC invocations=42 (full 19):
 PSYoungGen      total 86336K, used 0K [0x00000007f5560000, 0x00000007fabc0000, 0x0000000800000000)
  eden space 86272K, 0% used [0x00000007f5560000,0x00000007f5560000,0x00000007fa9a0000)
  from space 64K, 0% used [0x00000007fa9b0000,0x00000007fa9b0000,0x00000007fa9c0000)
  to   space 64K, 0% used [0x00000007fa9a0000,0x00000007fa9a0000,0x00000007fa9b0000)
 ParOldGen       total 263104K, used 112766K [0x00000007e0000000, 0x00000007f00f0000, 0x00000007f5560000)
  object space 263104K, 42% used [0x00000007e0000000,0x00000007e6e1f9d0,0x00000007f00f0000)
 PSPermGen       total 21248K, used 2876K [0x00000007dae00000, 0x00000007dc2c0000, 0x00000007e0000000)
  object space 21248K, 13% used [0x00000007dae00000,0x00000007db0cf090,0x00000007dc2c0000)
}
{Heap before GC invocations=43 (full 19):
 PSYoungGen      total 86336K, used 78609K [0x00000007f5560000, 0x00000007fabc0000, 0x0000000800000000)
  eden space 86272K, 91% used [0x00000007f5560000,0x00000007fa224400,0x00000007fa9a0000)
  from space 64K, 0% used [0x00000007fa9b0000,0x00000007fa9b0000,0x00000007fa9c0000)
  to   space 64K, 0% used [0x00000007fa9a0000,0x00000007fa9a0000,0x00000007fa9b0000)
 ParOldGen       total 263104K, used 112766K [0x00000007e0000000, 0x00000007f00f0000, 0x00000007f5560000)
  object space 263104K, 42% used [0x00000007e0000000,0x00000007e6e1f9d0,0x00000007f00f0000)
 PSPermGen       total 21248K, used 2876K [0x00000007dae00000, 0x00000007dc2c0000, 0x00000007e0000000)
  object space 21248K, 13% used [0x00000007dae00000,0x00000007db0cf090,0x00000007dc2c0000)
2.158: [GC
Desired survivor size 65536 bytes, new threshold 15 (max 15)
 [PSYoungGen: 78609K->64K(86336K)] 191375K->191227K(349440K), 0.0324260 secs] [Times: user=0.07 sys=0.00, real=0.04 secs] 
Heap after GC invocations=43 (full 19):
 PSYoungGen      total 86336K, used 64K [0x00000007f5560000, 0x00000007fbdb0000, 0x0000000800000000)
  eden space 86272K, 0% used [0x00000007f5560000,0x00000007f5560000,0x00000007fa9a0000)
  from space 64K, 100% used [0x00000007fa9a0000,0x00000007fa9b0000,0x00000007fa9b0000)
  to   space 64K, 0% used [0x00000007fbda0000,0x00000007fbda0000,0x00000007fbdb0000)
 ParOldGen       total 263104K, used 191163K [0x00000007e0000000, 0x00000007f00f0000, 0x00000007f5560000)
  object space 263104K, 72% used [0x00000007e0000000,0x00000007ebaaefd8,0x00000007f00f0000)
 PSPermGen       total 21248K, used 2876K [0x00000007dae00000, 0x00000007dc2c0000, 0x00000007e0000000)
  object space 21248K, 13% used [0x00000007dae00000,0x00000007db0cf090,0x00000007dc2c0000)
}
{Heap before GC invocations=44 (full 20):
 PSYoungGen      total 86336K, used 64K [0x00000007f5560000, 0x00000007fbdb0000, 0x0000000800000000)
  eden space 86272K, 0% used [0x00000007f5560000,0x00000007f5560000,0x00000007fa9a0000)
  from space 64K, 100% used [0x00000007fa9a0000,0x00000007fa9b0000,0x00000007fa9b0000)
  to   space 64K, 0% used [0x00000007fbda0000,0x00000007fbda0000,0x00000007fbdb0000)
 ParOldGen       total 263104K, used 191163K [0x00000007e0000000, 0x00000007f00f0000, 0x00000007f5560000)
  object space 263104K, 72% used [0x00000007e0000000,0x00000007ebaaefd8,0x00000007f00f0000)
 PSPermGen       total 21248K, used 2876K [0x00000007dae00000, 0x00000007dc2c0000, 0x00000007e0000000)
  object space 21248K, 13% used [0x00000007dae00000,0x00000007db0cf090,0x00000007dc2c0000)
2.190: [Full GC [PSYoungGen: 64K->0K(86336K)] [ParOldGen: 191163K->90966K(258752K)] 191227K->90966K(345088K) [PSPermGen: 2876K->2876K(21248K)], 0.0746380 secs] [Times: user=0.12 sys=0.00, real=0.07 secs] 
Heap after GC invocations=44 (full 20):
 PSYoungGen      total 86336K, used 0K [0x00000007f5560000, 0x00000007fbdb0000, 0x0000000800000000)
  eden space 86272K, 0% used [0x00000007f5560000,0x00000007f5560000,0x00000007fa9a0000)
  from space 64K, 0% used [0x00000007fa9a0000,0x00000007fa9a0000,0x00000007fa9b0000)
  to   space 64K, 0% used [0x00000007fbda0000,0x00000007fbda0000,0x00000007fbdb0000)
 ParOldGen       total 258752K, used 90966K [0x00000007e0000000, 0x00000007efcb0000, 0x00000007f5560000)
  object space 258752K, 35% used [0x00000007e0000000,0x00000007e58d58c8,0x00000007efcb0000)
 PSPermGen       total 21248K, used 2876K [0x00000007dae00000, 0x00000007dc2c0000, 0x00000007e0000000)
  object space 21248K, 13% used [0x00000007dae00000,0x00000007db0cf090,0x00000007dc2c0000)
}
{Heap before GC invocations=45 (full 20):
 PSYoungGen      total 86336K, used 83547K [0x00000007f5560000, 0x00000007fbdb0000, 0x0000000800000000)
  eden space 86272K, 96% used [0x00000007f5560000,0x00000007fa6f6cc0,0x00000007fa9a0000)
  from space 64K, 0% used [0x00000007fa9a0000,0x00000007fa9a0000,0x00000007fa9b0000)
  to   space 64K, 0% used [0x00000007fbda0000,0x00000007fbda0000,0x00000007fbdb0000)
 ParOldGen       total 258752K, used 90966K [0x00000007e0000000, 0x00000007efcb0000, 0x00000007f5560000)
  object space 258752K, 35% used [0x00000007e0000000,0x00000007e58d58c8,0x00000007efcb0000)
 PSPermGen       total 21248K, used 2876K [0x00000007dae00000, 0x00000007dc2c0000, 0x00000007e0000000)
  object space 21248K, 13% used [0x00000007dae00000,0x00000007db0cf090,0x00000007dc2c0000)
2.309: [GC
Desired survivor size 65536 bytes, new threshold 15 (max 15)
 [PSYoungGen: 83547K->64K(99392K)] 174513K->174509K(358144K), 0.0358780 secs] [Times: user=0.06 sys=0.00, real=0.03 secs] 
Heap after GC invocations=45 (full 20):
 PSYoungGen      total 99392K, used 64K [0x00000007f5560000, 0x00000007fbdb0000, 0x0000000800000000)
  eden space 99328K, 0% used [0x00000007f5560000,0x00000007f5560000,0x00000007fb660000)
  from space 64K, 100% used [0x00000007fbda0000,0x00000007fbdb0000,0x00000007fbdb0000)
  to   space 64K, 0% used [0x00000007fbd90000,0x00000007fbd90000,0x00000007fbda0000)
 ParOldGen       total 258752K, used 174445K [0x00000007e0000000, 0x00000007efcb0000, 0x00000007f5560000)
  object space 258752K, 67% used [0x00000007e0000000,0x00000007eaa5b730,0x00000007efcb0000)
 PSPermGen       total 21248K, used 2876K [0x00000007dae00000, 0x00000007dc2c0000, 0x00000007e0000000)
  object space 21248K, 13% used [0x00000007dae00000,0x00000007db0cf090,0x00000007dc2c0000)
}
{Heap before GC invocations=46 (full 21):
 PSYoungGen      total 99392K, used 64K [0x00000007f5560000, 0x00000007fbdb0000, 0x0000000800000000)
  eden space 99328K, 0% used [0x00000007f5560000,0x00000007f5560000,0x00000007fb660000)
  from space 64K, 100% used [0x00000007fbda0000,0x00000007fbdb0000,0x00000007fbdb0000)
  to   space 64K, 0% used [0x00000007fbd90000,0x00000007fbd90000,0x00000007fbda0000)
 ParOldGen       total 258752K, used 174445K [0x00000007e0000000, 0x00000007efcb0000, 0x00000007f5560000)
  object space 258752K, 67% used [0x00000007e0000000,0x00000007eaa5b730,0x00000007efcb0000)
 PSPermGen       total 21248K, used 2876K [0x00000007dae00000, 0x00000007dc2c0000, 0x00000007e0000000)
  object space 21248K, 13% used [0x00000007dae00000,0x00000007db0cf090,0x00000007dc2c0000)
2.345: [Full GC [PSYoungGen: 64K->0K(99392K)] [ParOldGen: 174445K->116728K(303424K)] 174509K->116728K(402816K) [PSPermGen: 2876K->2876K(21248K)], 0.0840230 secs] [Times: user=0.15 sys=0.00, real=0.09 secs] 
Heap after GC invocations=46 (full 21):
 PSYoungGen      total 99392K, used 0K [0x00000007f5560000, 0x00000007fbdb0000, 0x0000000800000000)
  eden space 99328K, 0% used [0x00000007f5560000,0x00000007f5560000,0x00000007fb660000)
  from space 64K, 0% used [0x00000007fbda0000,0x00000007fbda0000,0x00000007fbdb0000)
  to   space 64K, 0% used [0x00000007fbd90000,0x00000007fbd90000,0x00000007fbda0000)
 ParOldGen       total 303424K, used 116728K [0x00000007e0000000, 0x00000007f2850000, 0x00000007f5560000)
  object space 303424K, 38% used [0x00000007e0000000,0x00000007e71fe1e0,0x00000007f2850000)
 PSPermGen       total 21248K, used 2876K [0x00000007dae00000, 0x00000007dc2c0000, 0x00000007e0000000)
  object space 21248K, 13% used [0x00000007dae00000,0x00000007db0cf090,0x00000007dc2c0000)
}
{Heap before GC invocations=47 (full 21):
 PSYoungGen      total 99392K, used 95116K [0x00000007f5560000, 0x00000007fbdb0000, 0x0000000800000000)
  eden space 99328K, 95% used [0x00000007f5560000,0x00000007fb243048,0x00000007fb660000)
  from space 64K, 0% used [0x00000007fbda0000,0x00000007fbda0000,0x00000007fbdb0000)
  to   space 64K, 0% used [0x00000007fbd90000,0x00000007fbd90000,0x00000007fbda0000)
 ParOldGen       total 303424K, used 116728K [0x00000007e0000000, 0x00000007f2850000, 0x00000007f5560000)
  object space 303424K, 38% used [0x00000007e0000000,0x00000007e71fe1e0,0x00000007f2850000)
 PSPermGen       total 21248K, used 2876K [0x00000007dae00000, 0x00000007dc2c0000, 0x00000007e0000000)
  object space 21248K, 13% used [0x00000007dae00000,0x00000007db0cf090,0x00000007dc2c0000)
2.482: [GC
Desired survivor size 65536 bytes, new threshold 15 (max 15)
 [PSYoungGen: 95116K->64K(106752K)] 211844K->211106K(410176K), 0.0379750 secs] [Times: user=0.07 sys=0.00, real=0.04 secs] 
Heap after GC invocations=47 (full 21):
 PSYoungGen      total 106752K, used 64K [0x00000007f5560000, 0x00000007fc470000, 0x0000000800000000)
  eden space 106688K, 0% used [0x00000007f5560000,0x00000007f5560000,0x00000007fbd90000)
  from space 64K, 100% used [0x00000007fbd90000,0x00000007fbda0000,0x00000007fbda0000)
  to   space 64K, 0% used [0x00000007fc460000,0x00000007fc460000,0x00000007fc470000)
 ParOldGen       total 303424K, used 211042K [0x00000007e0000000, 0x00000007f2850000, 0x00000007f5560000)
  object space 303424K, 69% used [0x00000007e0000000,0x00000007ece18a90,0x00000007f2850000)
 PSPermGen       total 21248K, used 2876K [0x00000007dae00000, 0x00000007dc2c0000, 0x00000007e0000000)
  object space 21248K, 13% used [0x00000007dae00000,0x00000007db0cf090,0x00000007dc2c0000)
}
{Heap before GC invocations=48 (full 22):
 PSYoungGen      total 106752K, used 64K [0x00000007f5560000, 0x00000007fc470000, 0x0000000800000000)
  eden space 106688K, 0% used [0x00000007f5560000,0x00000007f5560000,0x00000007fbd90000)
  from space 64K, 100% used [0x00000007fbd90000,0x00000007fbda0000,0x00000007fbda0000)
  to   space 64K, 0% used [0x00000007fc460000,0x00000007fc460000,0x00000007fc470000)
 ParOldGen       total 303424K, used 211042K [0x00000007e0000000, 0x00000007f2850000, 0x00000007f5560000)
  object space 303424K, 69% used [0x00000007e0000000,0x00000007ece18a90,0x00000007f2850000)
 PSPermGen       total 21248K, used 2876K [0x00000007dae00000, 0x00000007dc2c0000, 0x00000007e0000000)
  object space 21248K, 13% used [0x00000007dae00000,0x00000007db0cf090,0x00000007dc2c0000)
2.520: [Full GC [PSYoungGen: 64K->0K(106752K)] [ParOldGen: 211042K->144507K(349568K)] 211106K->144507K(456320K) [PSPermGen: 2876K->2876K(21248K)], 0.1008140 secs] [Times: user=0.18 sys=0.00, real=0.10 secs] 
Heap after GC invocations=48 (full 22):
 PSYoungGen      total 106752K, used 0K [0x00000007f5560000, 0x00000007fc470000, 0x0000000800000000)
  eden space 106688K, 0% used [0x00000007f5560000,0x00000007f5560000,0x00000007fbd90000)
  from space 64K, 0% used [0x00000007fbd90000,0x00000007fbd90000,0x00000007fbda0000)
  to   space 64K, 0% used [0x00000007fc460000,0x00000007fc460000,0x00000007fc470000)
 ParOldGen       total 349568K, used 144507K [0x00000007e0000000, 0x00000007f5560000, 0x00000007f5560000)
  object space 349568K, 41% used [0x00000007e0000000,0x00000007e8d1ef48,0x00000007f5560000)
 PSPermGen       total 21248K, used 2876K [0x00000007dae00000, 0x00000007dc2c0000, 0x00000007e0000000)
  object space 21248K, 13% used [0x00000007dae00000,0x00000007db0cf090,0x00000007dc2c0000)
}
{Heap before GC invocations=49 (full 22):
 PSYoungGen      total 106752K, used 100950K [0x00000007f5560000, 0x00000007fc470000, 0x0000000800000000)
  eden space 106688K, 94% used [0x00000007f5560000,0x00000007fb7f5ac8,0x00000007fbd90000)
  from space 64K, 0% used [0x00000007fbd90000,0x00000007fbd90000,0x00000007fbda0000)
  to   space 64K, 0% used [0x00000007fc460000,0x00000007fc460000,0x00000007fc470000)
 ParOldGen       total 349568K, used 144507K [0x00000007e0000000, 0x00000007f5560000, 0x00000007f5560000)
  object space 349568K, 41% used [0x00000007e0000000,0x00000007e8d1ef48,0x00000007f5560000)
 PSPermGen       total 21248K, used 2876K [0x00000007dae00000, 0x00000007dc2c0000, 0x00000007e0000000)
  object space 21248K, 13% used [0x00000007dae00000,0x00000007db0cf090,0x00000007dc2c0000)
2.675: [GC
Desired survivor size 65536 bytes, new threshold 15 (max 15)
 [PSYoungGen: 100950K->64K(113664K)] 245458K->244967K(463232K), 0.0486600 secs] [Times: user=0.08 sys=0.00, real=0.05 secs] 
Heap after GC invocations=49 (full 22):
 PSYoungGen      total 113664K, used 64K [0x00000007f5560000, 0x00000007fcc30000, 0x0000000800000000)
  eden space 113600K, 0% used [0x00000007f5560000,0x00000007f5560000,0x00000007fc450000)
  from space 64K, 100% used [0x00000007fc460000,0x00000007fc470000,0x00000007fc470000)
  to   space 64K, 0% used [0x00000007fc450000,0x00000007fc450000,0x00000007fc460000)
 ParOldGen       total 349568K, used 244903K [0x00000007e0000000, 0x00000007f5560000, 0x00000007f5560000)
  object space 349568K, 70% used [0x00000007e0000000,0x00000007eef29ce8,0x00000007f5560000)
 PSPermGen       total 21248K, used 2876K [0x00000007dae00000, 0x00000007dc2c0000, 0x00000007e0000000)
  object space 21248K, 13% used [0x00000007dae00000,0x00000007db0cf090,0x00000007dc2c0000)
}
{Heap before GC invocations=50 (full 23):
 PSYoungGen      total 113664K, used 64K [0x00000007f5560000, 0x00000007fcc30000, 0x0000000800000000)
  eden space 113600K, 0% used [0x00000007f5560000,0x00000007f5560000,0x00000007fc450000)
  from space 64K, 100% used [0x00000007fc460000,0x00000007fc470000,0x00000007fc470000)
  to   space 64K, 0% used [0x00000007fc450000,0x00000007fc450000,0x00000007fc460000)
 ParOldGen       total 349568K, used 244903K [0x00000007e0000000, 0x00000007f5560000, 0x00000007f5560000)
  object space 349568K, 70% used [0x00000007e0000000,0x00000007eef29ce8,0x00000007f5560000)
 PSPermGen       total 21248K, used 2876K [0x00000007dae00000, 0x00000007dc2c0000, 0x00000007e0000000)
  object space 21248K, 13% used [0x00000007dae00000,0x00000007db0cf090,0x00000007dc2c0000)
2.723: [Full GC [PSYoungGen: 64K->0K(113664K)] [ParOldGen: 244903K->116470K(349568K)] 244967K->116470K(463232K) [PSPermGen: 2876K->2876K(21248K)], 0.0923850 secs] [Times: user=0.16 sys=0.01, real=0.09 secs] 
Heap after GC invocations=50 (full 23):
 PSYoungGen      total 113664K, used 0K [0x00000007f5560000, 0x00000007fcc30000, 0x0000000800000000)
  eden space 113600K, 0% used [0x00000007f5560000,0x00000007f5560000,0x00000007fc450000)
  from space 64K, 0% used [0x00000007fc460000,0x00000007fc460000,0x00000007fc470000)
  to   space 64K, 0% used [0x00000007fc450000,0x00000007fc450000,0x00000007fc460000)
 ParOldGen       total 349568K, used 116470K [0x00000007e0000000, 0x00000007f5560000, 0x00000007f5560000)
  object space 349568K, 33% used [0x00000007e0000000,0x00000007e71bdbd8,0x00000007f5560000)
 PSPermGen       total 21248K, used 2876K [0x00000007dae00000, 0x00000007dc2c0000, 0x00000007e0000000)
  object space 21248K, 13% used [0x00000007dae00000,0x00000007db0cf090,0x00000007dc2c0000)
}
{Heap before GC invocations=51 (full 23):
 PSYoungGen      total 113664K, used 106419K [0x00000007f5560000, 0x00000007fcc30000, 0x0000000800000000)
  eden space 113600K, 93% used [0x00000007f5560000,0x00000007fbd4ce28,0x00000007fc450000)
  from space 64K, 0% used [0x00000007fc460000,0x00000007fc460000,0x00000007fc470000)
  to   space 64K, 0% used [0x00000007fc450000,0x00000007fc450000,0x00000007fc460000)
 ParOldGen       total 349568K, used 116470K [0x00000007e0000000, 0x00000007f5560000, 0x00000007f5560000)
  object space 349568K, 33% used [0x00000007e0000000,0x00000007e71bdbd8,0x00000007f5560000)
 PSPermGen       total 21248K, used 2876K [0x00000007dae00000, 0x00000007dc2c0000, 0x00000007e0000000)
  object space 21248K, 13% used [0x00000007dae00000,0x00000007db0cf090,0x00000007dc2c0000)
2.872: [GC
Desired survivor size 65536 bytes, new threshold 15 (max 15)
 [PSYoungGen: 106419K->64K(113664K)] 222890K->222554K(463232K), 0.0430180 secs] [Times: user=0.08 sys=0.00, real=0.04 secs] 
Heap after GC invocations=51 (full 23):
 PSYoungGen      total 113664K, used 64K [0x00000007f5560000, 0x00000007fd3a0000, 0x0000000800000000)
  eden space 113600K, 0% used [0x00000007f5560000,0x00000007f5560000,0x00000007fc450000)
  from space 64K, 100% used [0x00000007fc450000,0x00000007fc460000,0x00000007fc460000)
  to   space 64K, 0% used [0x00000007fd390000,0x00000007fd390000,0x00000007fd3a0000)
 ParOldGen       total 349568K, used 222490K [0x00000007e0000000, 0x00000007f5560000, 0x00000007f5560000)
  object space 349568K, 63% used [0x00000007e0000000,0x00000007ed946880,0x00000007f5560000)
 PSPermGen       total 21248K, used 2876K [0x00000007dae00000, 0x00000007dc2c0000, 0x00000007e0000000)
  object space 21248K, 13% used [0x00000007dae00000,0x00000007db0cf090,0x00000007dc2c0000)
}
{Heap before GC invocations=52 (full 24):
 PSYoungGen      total 113664K, used 64K [0x00000007f5560000, 0x00000007fd3a0000, 0x0000000800000000)
  eden space 113600K, 0% used [0x00000007f5560000,0x00000007f5560000,0x00000007fc450000)
  from space 64K, 100% used [0x00000007fc450000,0x00000007fc460000,0x00000007fc460000)
  to   space 64K, 0% used [0x00000007fd390000,0x00000007fd390000,0x00000007fd3a0000)
 ParOldGen       total 349568K, used 222490K [0x00000007e0000000, 0x00000007f5560000, 0x00000007f5560000)
  object space 349568K, 63% used [0x00000007e0000000,0x00000007ed946880,0x00000007f5560000)
 PSPermGen       total 21248K, used 2876K [0x00000007dae00000, 0x00000007dc2c0000, 0x00000007e0000000)
  object space 21248K, 13% used [0x00000007dae00000,0x00000007db0cf090,0x00000007dc2c0000)
2.916: [Full GC [PSYoungGen: 64K->0K(113664K)] [ParOldGen: 222490K->141321K(349568K)] 222554K->141321K(463232K) [PSPermGen: 2876K->2876K(21248K)], 0.1010880 secs] [Times: user=0.18 sys=0.00, real=0.10 secs] 
Heap after GC invocations=52 (full 24):
 PSYoungGen      total 113664K, used 0K [0x00000007f5560000, 0x00000007fd3a0000, 0x0000000800000000)
  eden space 113600K, 0% used [0x00000007f5560000,0x00000007f5560000,0x00000007fc450000)
  from space 64K, 0% used [0x00000007fc450000,0x00000007fc450000,0x00000007fc460000)
  to   space 64K, 0% used [0x00000007fd390000,0x00000007fd390000,0x00000007fd3a0000)
 ParOldGen       total 349568K, used 141321K [0x00000007e0000000, 0x00000007f5560000, 0x00000007f5560000)
  object space 349568K, 40% used [0x00000007e0000000,0x00000007e8a027c8,0x00000007f5560000)
 PSPermGen       total 21248K, used 2876K [0x00000007dae00000, 0x00000007dc2c0000, 0x00000007e0000000)
  object space 21248K, 13% used [0x00000007dae00000,0x00000007db0cf090,0x00000007dc2c0000)
}
{Heap before GC invocations=53 (full 24):
 PSYoungGen      total 113664K, used 102503K [0x00000007f5560000, 0x00000007fd3a0000, 0x0000000800000000)
  eden space 113600K, 90% used [0x00000007f5560000,0x00000007fb979f78,0x00000007fc450000)
  from space 64K, 0% used [0x00000007fc450000,0x00000007fc450000,0x00000007fc460000)
  to   space 64K, 0% used [0x00000007fd390000,0x00000007fd390000,0x00000007fd3a0000)
 ParOldGen       total 349568K, used 141321K [0x00000007e0000000, 0x00000007f5560000, 0x00000007f5560000)
  object space 349568K, 40% used [0x00000007e0000000,0x00000007e8a027c8,0x00000007f5560000)
 PSPermGen       total 21248K, used 2876K [0x00000007dae00000, 0x00000007dc2c0000, 0x00000007e0000000)
  object space 21248K, 13% used [0x00000007dae00000,0x00000007db0cf090,0x00000007dc2c0000)
3.070: [GC
Desired survivor size 65536 bytes, new threshold 15 (max 15)
 [PSYoungGen: 102503K->64K(128704K)] 243825K->243843K(478272K), 0.0418620 secs] [Times: user=0.08 sys=0.00, real=0.04 secs] 
Heap after GC invocations=53 (full 24):
 PSYoungGen      total 128704K, used 64K [0x00000007f5560000, 0x00000007fd3a0000, 0x0000000800000000)
  eden space 128640K, 0% used [0x00000007f5560000,0x00000007f5560000,0x00000007fd300000)
  from space 64K, 100% used [0x00000007fd390000,0x00000007fd3a0000,0x00000007fd3a0000)
  to   space 64K, 0% used [0x00000007fd380000,0x00000007fd380000,0x00000007fd390000)
 ParOldGen       total 349568K, used 243779K [0x00000007e0000000, 0x00000007f5560000, 0x00000007f5560000)
  object space 349568K, 69% used [0x00000007e0000000,0x00000007eee10eb8,0x00000007f5560000)
 PSPermGen       total 21248K, used 2876K [0x00000007dae00000, 0x00000007dc2c0000, 0x00000007e0000000)
  object space 21248K, 13% used [0x00000007dae00000,0x00000007db0cf090,0x00000007dc2c0000)
}
{Heap before GC invocations=54 (full 25):
 PSYoungGen      total 128704K, used 64K [0x00000007f5560000, 0x00000007fd3a0000, 0x0000000800000000)
  eden space 128640K, 0% used [0x00000007f5560000,0x00000007f5560000,0x00000007fd300000)
  from space 64K, 100% used [0x00000007fd390000,0x00000007fd3a0000,0x00000007fd3a0000)
  to   space 64K, 0% used [0x00000007fd380000,0x00000007fd380000,0x00000007fd390000)
 ParOldGen       total 349568K, used 243779K [0x00000007e0000000, 0x00000007f5560000, 0x00000007f5560000)
  object space 349568K, 69% used [0x00000007e0000000,0x00000007eee10eb8,0x00000007f5560000)
 PSPermGen       total 21248K, used 2876K [0x00000007dae00000, 0x00000007dc2c0000, 0x00000007e0000000)
  object space 21248K, 13% used [0x00000007dae00000,0x00000007db0cf090,0x00000007dc2c0000)
3.112: [Full GC [PSYoungGen: 64K->0K(128704K)] [ParOldGen: 243779K->135641K(349568K)] 243843K->135641K(478272K) [PSPermGen: 2876K->2876K(21248K)], 0.1043550 secs] [Times: user=0.18 sys=0.01, real=0.10 secs] 
Heap after GC invocations=54 (full 25):
 PSYoungGen      total 128704K, used 0K [0x00000007f5560000, 0x00000007fd3a0000, 0x0000000800000000)
  eden space 128640K, 0% used [0x00000007f5560000,0x00000007f5560000,0x00000007fd300000)
  from space 64K, 0% used [0x00000007fd390000,0x00000007fd390000,0x00000007fd3a0000)
  to   space 64K, 0% used [0x00000007fd380000,0x00000007fd380000,0x00000007fd390000)
 ParOldGen       total 349568K, used 135641K [0x00000007e0000000, 0x00000007f5560000, 0x00000007f5560000)
  object space 349568K, 38% used [0x00000007e0000000,0x00000007e84764f8,0x00000007f5560000)
 PSPermGen       total 21248K, used 2876K [0x00000007dae00000, 0x00000007dc2c0000, 0x00000007e0000000)
  object space 21248K, 13% used [0x00000007dae00000,0x00000007db0cf090,0x00000007dc2c0000)
}
{Heap before GC invocations=55 (full 25):
 PSYoungGen      total 128704K, used 120672K [0x00000007f5560000, 0x00000007fd3a0000, 0x0000000800000000)
  eden space 128640K, 93% used [0x00000007f5560000,0x00000007fcb38298,0x00000007fd300000)
  from space 64K, 0% used [0x00000007fd390000,0x00000007fd390000,0x00000007fd3a0000)
  to   space 64K, 0% used [0x00000007fd380000,0x00000007fd380000,0x00000007fd390000)
 ParOldGen       total 349568K, used 135641K [0x00000007e0000000, 0x00000007f5560000, 0x00000007f5560000)
  object space 349568K, 38% used [0x00000007e0000000,0x00000007e84764f8,0x00000007f5560000)
 PSPermGen       total 21248K, used 2876K [0x00000007dae00000, 0x00000007dc2c0000, 0x00000007e0000000)
  object space 21248K, 13% used [0x00000007dae00000,0x00000007db0cf090,0x00000007dc2c0000)
3.281: [GC
Desired survivor size 65536 bytes, new threshold 15 (max 15)
 [PSYoungGen: 120672K->64K(129216K)] 256313K->256343K(478784K), 0.1009110 secs] [Times: user=0.13 sys=0.02, real=0.10 secs] 
Heap after GC invocations=55 (full 25):
 PSYoungGen      total 129216K, used 64K [0x00000007f5560000, 0x00000007fe500000, 0x0000000800000000)
  eden space 129152K, 0% used [0x00000007f5560000,0x00000007f5560000,0x00000007fd380000)
  from space 64K, 100% used [0x00000007fd380000,0x00000007fd390000,0x00000007fd390000)
  to   space 64K, 0% used [0x00000007fe4f0000,0x00000007fe4f0000,0x00000007fe500000)
 ParOldGen       total 349568K, used 256279K [0x00000007e0000000, 0x00000007f5560000, 0x00000007f5560000)
  object space 349568K, 73% used [0x00000007e0000000,0x00000007efa45e20,0x00000007f5560000)
 PSPermGen       total 21248K, used 2876K [0x00000007dae00000, 0x00000007dc2c0000, 0x00000007e0000000)
  object space 21248K, 13% used [0x00000007dae00000,0x00000007db0cf090,0x00000007dc2c0000)
}
{Heap before GC invocations=56 (full 26):
 PSYoungGen      total 129216K, used 64K [0x00000007f5560000, 0x00000007fe500000, 0x0000000800000000)
  eden space 129152K, 0% used [0x00000007f5560000,0x00000007f5560000,0x00000007fd380000)
  from space 64K, 100% used [0x00000007fd380000,0x00000007fd390000,0x00000007fd390000)
  to   space 64K, 0% used [0x00000007fe4f0000,0x00000007fe4f0000,0x00000007fe500000)
 ParOldGen       total 349568K, used 256279K [0x00000007e0000000, 0x00000007f5560000, 0x00000007f5560000)
  object space 349568K, 73% used [0x00000007e0000000,0x00000007efa45e20,0x00000007f5560000)
 PSPermGen       total 21248K, used 2876K [0x00000007dae00000, 0x00000007dc2c0000, 0x00000007e0000000)
  object space 21248K, 13% used [0x00000007dae00000,0x00000007db0cf090,0x00000007dc2c0000)
3.382: [Full GC [PSYoungGen: 64K->0K(129216K)] [ParOldGen: 256279K->176632K(349568K)] 256343K->176632K(478784K) [PSPermGen: 2876K->2876K(21248K)], 0.1231990 secs] [Times: user=0.22 sys=0.00, real=0.12 secs] 
Heap after GC invocations=56 (full 26):
 PSYoungGen      total 129216K, used 0K [0x00000007f5560000, 0x00000007fe500000, 0x0000000800000000)
  eden space 129152K, 0% used [0x00000007f5560000,0x00000007f5560000,0x00000007fd380000)
  from space 64K, 0% used [0x00000007fd380000,0x00000007fd380000,0x00000007fd390000)
  to   space 64K, 0% used [0x00000007fe4f0000,0x00000007fe4f0000,0x00000007fe500000)
 ParOldGen       total 349568K, used 176632K [0x00000007e0000000, 0x00000007f5560000, 0x00000007f5560000)
  object space 349568K, 50% used [0x00000007e0000000,0x00000007eac7e328,0x00000007f5560000)
 PSPermGen       total 21248K, used 2876K [0x00000007dae00000, 0x00000007dc2c0000, 0x00000007e0000000)
  object space 21248K, 13% used [0x00000007dae00000,0x00000007db0cf090,0x00000007dc2c0000)
}
{Heap before GC invocations=57 (full 26):
 PSYoungGen      total 129216K, used 111647K [0x00000007f5560000, 0x00000007fe500000, 0x0000000800000000)
  eden space 129152K, 86% used [0x00000007f5560000,0x00000007fc267f48,0x00000007fd380000)
  from space 64K, 0% used [0x00000007fd380000,0x00000007fd380000,0x00000007fd390000)
  to   space 64K, 0% used [0x00000007fe4f0000,0x00000007fe4f0000,0x00000007fe500000)
 ParOldGen       total 349568K, used 176632K [0x00000007e0000000, 0x00000007f5560000, 0x00000007f5560000)
  object space 349568K, 50% used [0x00000007e0000000,0x00000007eac7e328,0x00000007f5560000)
 PSPermGen       total 21248K, used 2876K [0x00000007dae00000, 0x00000007dc2c0000, 0x00000007e0000000)
  object space 21248K, 13% used [0x00000007dae00000,0x00000007db0cf090,0x00000007dc2c0000)
3.563: [GC
Desired survivor size 65536 bytes, new threshold 15 (max 15)
 [PSYoungGen: 111647K->64K(147008K)] 288280K->288074K(496576K), 0.0896220 secs] [Times: user=0.09 sys=0.03, real=0.09 secs] 
Heap after GC invocations=57 (full 26):
 PSYoungGen      total 147008K, used 64K [0x00000007f5560000, 0x00000007fe6a0000, 0x0000000800000000)
  eden space 146944K, 0% used [0x00000007f5560000,0x00000007f5560000,0x00000007fe4e0000)
  from space 64K, 100% used [0x00000007fe4f0000,0x00000007fe500000,0x00000007fe500000)
  to   space 64K, 0% used [0x00000007fe4e0000,0x00000007fe4e0000,0x00000007fe4f0000)
 ParOldGen       total 349568K, used 288010K [0x00000007e0000000, 0x00000007f5560000, 0x00000007f5560000)
  object space 349568K, 82% used [0x00000007e0000000,0x00000007f1942bc8,0x00000007f5560000)
 PSPermGen       total 21248K, used 2876K [0x00000007dae00000, 0x00000007dc2c0000, 0x00000007e0000000)
  object space 21248K, 13% used [0x00000007dae00000,0x00000007db0cf090,0x00000007dc2c0000)
}
{Heap before GC invocations=58 (full 27):
 PSYoungGen      total 147008K, used 64K [0x00000007f5560000, 0x00000007fe6a0000, 0x0000000800000000)
  eden space 146944K, 0% used [0x00000007f5560000,0x00000007f5560000,0x00000007fe4e0000)
  from space 64K, 100% used [0x00000007fe4f0000,0x00000007fe500000,0x00000007fe500000)
  to   space 64K, 0% used [0x00000007fe4e0000,0x00000007fe4e0000,0x00000007fe4f0000)
 ParOldGen       total 349568K, used 288010K [0x00000007e0000000, 0x00000007f5560000, 0x00000007f5560000)
  object space 349568K, 82% used [0x00000007e0000000,0x00000007f1942bc8,0x00000007f5560000)
 PSPermGen       total 21248K, used 2876K [0x00000007dae00000, 0x00000007dc2c0000, 0x00000007e0000000)
  object space 21248K, 13% used [0x00000007dae00000,0x00000007db0cf090,0x00000007dc2c0000)
3.653: [Full GC [PSYoungGen: 64K->0K(147008K)] [ParOldGen: 288010K->175405K(349568K)] 288074K->175405K(496576K) [PSPermGen: 2876K->2876K(21248K)], 0.1303050 secs] [Times: user=0.23 sys=0.00, real=0.13 secs] 
Heap after GC invocations=58 (full 27):
 PSYoungGen      total 147008K, used 0K [0x00000007f5560000, 0x00000007fe6a0000, 0x0000000800000000)
  eden space 146944K, 0% used [0x00000007f5560000,0x00000007f5560000,0x00000007fe4e0000)
  from space 64K, 0% used [0x00000007fe4f0000,0x00000007fe4f0000,0x00000007fe500000)
  to   space 64K, 0% used [0x00000007fe4e0000,0x00000007fe4e0000,0x00000007fe4f0000)
 ParOldGen       total 349568K, used 175405K [0x00000007e0000000, 0x00000007f5560000, 0x00000007f5560000)
  object space 349568K, 50% used [0x00000007e0000000,0x00000007eab4b590,0x00000007f5560000)
 PSPermGen       total 21248K, used 2876K [0x00000007dae00000, 0x00000007dc2c0000, 0x00000007e0000000)
  object space 21248K, 13% used [0x00000007dae00000,0x00000007db0cf090,0x00000007dc2c0000)
}
{Heap before GC invocations=59 (full 27):
 PSYoungGen      total 147008K, used 146838K [0x00000007f5560000, 0x00000007fe6a0000, 0x0000000800000000)
  eden space 146944K, 99% used [0x00000007f5560000,0x00000007fe4c58f8,0x00000007fe4e0000)
  from space 64K, 0% used [0x00000007fe4f0000,0x00000007fe4f0000,0x00000007fe500000)
  to   space 64K, 0% used [0x00000007fe4e0000,0x00000007fe4e0000,0x00000007fe4f0000)
 ParOldGen       total 349568K, used 175405K [0x00000007e0000000, 0x00000007f5560000, 0x00000007f5560000)
  object space 349568K, 50% used [0x00000007e0000000,0x00000007eab4b590,0x00000007f5560000)
 PSPermGen       total 21248K, used 2876K [0x00000007dae00000, 0x00000007dc2c0000, 0x00000007e0000000)
  object space 21248K, 13% used [0x00000007dae00000,0x00000007db0cf090,0x00000007dc2c0000)
3.865: [GC
Desired survivor size 65536 bytes, new threshold 15 (max 15)
 [PSYoungGen: 146838K->64K(147008K)] 322243K->322105K(496576K), 0.0922640 secs] [Times: user=0.14 sys=0.03, real=0.09 secs] 
Heap after GC invocations=59 (full 27):
 PSYoungGen      total 147008K, used 64K [0x00000007f5560000, 0x00000007ffad0000, 0x0000000800000000)
  eden space 146944K, 0% used [0x00000007f5560000,0x00000007f5560000,0x00000007fe4e0000)
  from space 64K, 100% used [0x00000007fe4e0000,0x00000007fe4f0000,0x00000007fe4f0000)
  to   space 64K, 0% used [0x00000007ffac0000,0x00000007ffac0000,0x00000007ffad0000)
 ParOldGen       total 349568K, used 322041K [0x00000007e0000000, 0x00000007f5560000, 0x00000007f5560000)
  object space 349568K, 92% used [0x00000007e0000000,0x00000007f3a7e6f8,0x00000007f5560000)
 PSPermGen       total 21248K, used 2876K [0x00000007dae00000, 0x00000007dc2c0000, 0x00000007e0000000)
  object space 21248K, 13% used [0x00000007dae00000,0x00000007db0cf090,0x00000007dc2c0000)
}
{Heap before GC invocations=60 (full 28):
 PSYoungGen      total 147008K, used 64K [0x00000007f5560000, 0x00000007ffad0000, 0x0000000800000000)
  eden space 146944K, 0% used [0x00000007f5560000,0x00000007f5560000,0x00000007fe4e0000)
  from space 64K, 100% used [0x00000007fe4e0000,0x00000007fe4f0000,0x00000007fe4f0000)
  to   space 64K, 0% used [0x00000007ffac0000,0x00000007ffac0000,0x00000007ffad0000)
 ParOldGen       total 349568K, used 322041K [0x00000007e0000000, 0x00000007f5560000, 0x00000007f5560000)
  object space 349568K, 92% used [0x00000007e0000000,0x00000007f3a7e6f8,0x00000007f5560000)
 PSPermGen       total 21248K, used 2876K [0x00000007dae00000, 0x00000007dc2c0000, 0x00000007e0000000)
  object space 21248K, 13% used [0x00000007dae00000,0x00000007db0cf090,0x00000007dc2c0000)
3.958: [Full GC [PSYoungGen: 64K->0K(147008K)] [ParOldGen: 322041K->169628K(349568K)] 322105K->169628K(496576K) [PSPermGen: 2876K->2876K(21248K)], 0.1316590 secs] [Times: user=0.23 sys=0.00, real=0.14 secs] 
Heap after GC invocations=60 (full 28):
 PSYoungGen      total 147008K, used 0K [0x00000007f5560000, 0x00000007ffad0000, 0x0000000800000000)
  eden space 146944K, 0% used [0x00000007f5560000,0x00000007f5560000,0x00000007fe4e0000)
  from space 64K, 0% used [0x00000007fe4e0000,0x00000007fe4e0000,0x00000007fe4f0000)
  to   space 64K, 0% used [0x00000007ffac0000,0x00000007ffac0000,0x00000007ffad0000)
 ParOldGen       total 349568K, used 169628K [0x00000007e0000000, 0x00000007f5560000, 0x00000007f5560000)
  object space 349568K, 48% used [0x00000007e0000000,0x00000007ea5a73d0,0x00000007f5560000)
 PSPermGen       total 21248K, used 2876K [0x00000007dae00000, 0x00000007dc2c0000, 0x00000007e0000000)
  object space 21248K, 13% used [0x00000007dae00000,0x00000007db0cf090,0x00000007dc2c0000)
}
{Heap before GC invocations=61 (full 28):
 PSYoungGen      total 147008K, used 142994K [0x00000007f5560000, 0x00000007ffad0000, 0x0000000800000000)
  eden space 146944K, 97% used [0x00000007f5560000,0x00000007fe104a70,0x00000007fe4e0000)
  from space 64K, 0% used [0x00000007fe4e0000,0x00000007fe4e0000,0x00000007fe4f0000)
  to   space 64K, 0% used [0x00000007ffac0000,0x00000007ffac0000,0x00000007ffad0000)
 ParOldGen       total 349568K, used 169628K [0x00000007e0000000, 0x00000007f5560000, 0x00000007f5560000)
  object space 349568K, 48% used [0x00000007e0000000,0x00000007ea5a73d0,0x00000007f5560000)
 PSPermGen       total 21248K, used 2876K [0x00000007dae00000, 0x00000007dc2c0000, 0x00000007e0000000)
  object space 21248K, 13% used [0x00000007dae00000,0x00000007db0cf090,0x00000007dc2c0000)
4.163: [GC
Desired survivor size 65536 bytes, new threshold 15 (max 15)
 [PSYoungGen: 142994K->64K(163328K)] 312623K->312554K(512896K), 0.0572590 secs] [Times: user=0.10 sys=0.00, real=0.06 secs] 
Heap after GC invocations=61 (full 28):
 PSYoungGen      total 163328K, used 64K [0x00000007f5560000, 0x00000007ffad0000, 0x0000000800000000)
  eden space 163264K, 0% used [0x00000007f5560000,0x00000007f5560000,0x00000007ff4d0000)
  from space 64K, 100% used [0x00000007ffac0000,0x00000007ffad0000,0x00000007ffad0000)
  to   space 64K, 0% used [0x00000007ffab0000,0x00000007ffab0000,0x00000007ffac0000)
 ParOldGen       total 349568K, used 312490K [0x00000007e0000000, 0x00000007f5560000, 0x00000007f5560000)
  object space 349568K, 89% used [0x00000007e0000000,0x00000007f312aab8,0x00000007f5560000)
 PSPermGen       total 21248K, used 2876K [0x00000007dae00000, 0x00000007dc2c0000, 0x00000007e0000000)
  object space 21248K, 13% used [0x00000007dae00000,0x00000007db0cf090,0x00000007dc2c0000)
}
{Heap before GC invocations=62 (full 29):
 PSYoungGen      total 163328K, used 64K [0x00000007f5560000, 0x00000007ffad0000, 0x0000000800000000)
  eden space 163264K, 0% used [0x00000007f5560000,0x00000007f5560000,0x00000007ff4d0000)
  from space 64K, 100% used [0x00000007ffac0000,0x00000007ffad0000,0x00000007ffad0000)
  to   space 64K, 0% used [0x00000007ffab0000,0x00000007ffab0000,0x00000007ffac0000)
 ParOldGen       total 349568K, used 312490K [0x00000007e0000000, 0x00000007f5560000, 0x00000007f5560000)
  object space 349568K, 89% used [0x00000007e0000000,0x00000007f312aab8,0x00000007f5560000)
 PSPermGen       total 21248K, used 2876K [0x00000007dae00000, 0x00000007dc2c0000, 0x00000007e0000000)
  object space 21248K, 13% used [0x00000007dae00000,0x00000007db0cf090,0x00000007dc2c0000)
4.221: [Full GC [PSYoungGen: 64K->0K(163328K)] [ParOldGen: 312490K->170953K(349568K)] 312554K->170953K(512896K) [PSPermGen: 2876K->2876K(21248K)], 0.1343940 secs] [Times: user=0.23 sys=0.01, real=0.13 secs] 
Heap after GC invocations=62 (full 29):
 PSYoungGen      total 163328K, used 0K [0x00000007f5560000, 0x00000007ffad0000, 0x0000000800000000)
  eden space 163264K, 0% used [0x00000007f5560000,0x00000007f5560000,0x00000007ff4d0000)
  from space 64K, 0% used [0x00000007ffac0000,0x00000007ffac0000,0x00000007ffad0000)
  to   space 64K, 0% used [0x00000007ffab0000,0x00000007ffab0000,0x00000007ffac0000)
 ParOldGen       total 349568K, used 170953K [0x00000007e0000000, 0x00000007f5560000, 0x00000007f5560000)
  object space 349568K, 48% used [0x00000007e0000000,0x00000007ea6f24d0,0x00000007f5560000)
 PSPermGen       total 21248K, used 2876K [0x00000007dae00000, 0x00000007dc2c0000, 0x00000007e0000000)
  object space 21248K, 13% used [0x00000007dae00000,0x00000007db0cf090,0x00000007dc2c0000)
}
{Heap before GC invocations=63 (full 29):
 PSYoungGen      total 163328K, used 161857K [0x00000007f5560000, 0x00000007ffad0000, 0x0000000800000000)
  eden space 163264K, 99% used [0x00000007f5560000,0x00000007ff3707c0,0x00000007ff4d0000)
  from space 64K, 0% used [0x00000007ffac0000,0x00000007ffac0000,0x00000007ffad0000)
  to   space 64K, 0% used [0x00000007ffab0000,0x00000007ffab0000,0x00000007ffac0000)
 ParOldGen       total 349568K, used 170953K [0x00000007e0000000, 0x00000007f5560000, 0x00000007f5560000)
  object space 349568K, 48% used [0x00000007e0000000,0x00000007ea6f24d0,0x00000007f5560000)
 PSPermGen       total 21248K, used 2876K [0x00000007dae00000, 0x00000007dc2c0000, 0x00000007e0000000)
  object space 21248K, 13% used [0x00000007dae00000,0x00000007db0cf090,0x00000007dc2c0000)
4.454: [GC
Desired survivor size 65536 bytes, new threshold 15 (max 15)
 [PSYoungGen: 161857K->64K(169344K)] 332811K->332777K(518912K), 0.0770960 secs] [Times: user=0.12 sys=0.01, real=0.08 secs] 
Heap after GC invocations=63 (full 29):
 PSYoungGen      total 169344K, used 64K [0x00000007f5560000, 0x0000000800000000, 0x0000000800000000)
  eden space 169280K, 0% used [0x00000007f5560000,0x00000007f5560000,0x00000007ffab0000)
  from space 64K, 100% used [0x00000007ffab0000,0x00000007ffac0000,0x00000007ffac0000)
  to   space 64K, 0% used [0x00000007ffff0000,0x00000007ffff0000,0x0000000800000000)
 ParOldGen       total 349568K, used 332713K [0x00000007e0000000, 0x00000007f5560000, 0x00000007f5560000)
  object space 349568K, 95% used [0x00000007e0000000,0x00000007f44ea620,0x00000007f5560000)
 PSPermGen       total 21248K, used 2876K [0x00000007dae00000, 0x00000007dc2c0000, 0x00000007e0000000)
  object space 21248K, 13% used [0x00000007dae00000,0x00000007db0cf090,0x00000007dc2c0000)
}
{Heap before GC invocations=64 (full 30):
 PSYoungGen      total 169344K, used 64K [0x00000007f5560000, 0x0000000800000000, 0x0000000800000000)
  eden space 169280K, 0% used [0x00000007f5560000,0x00000007f5560000,0x00000007ffab0000)
  from space 64K, 100% used [0x00000007ffab0000,0x00000007ffac0000,0x00000007ffac0000)
  to   space 64K, 0% used [0x00000007ffff0000,0x00000007ffff0000,0x0000000800000000)
 ParOldGen       total 349568K, used 332713K [0x00000007e0000000, 0x00000007f5560000, 0x00000007f5560000)
  object space 349568K, 95% used [0x00000007e0000000,0x00000007f44ea620,0x00000007f5560000)
 PSPermGen       total 21248K, used 2876K [0x00000007dae00000, 0x00000007dc2c0000, 0x00000007e0000000)
  object space 21248K, 13% used [0x00000007dae00000,0x00000007db0cf090,0x00000007dc2c0000)
4.532: [Full GC [PSYoungGen: 64K->0K(169344K)] [ParOldGen: 332713K->206508K(349568K)] 332777K->206508K(518912K) [PSPermGen: 2876K->2876K(21248K)], 0.1494570 secs] [Times: user=0.27 sys=0.00, real=0.15 secs] 
Heap after GC invocations=64 (full 30):
 PSYoungGen      total 169344K, used 0K [0x00000007f5560000, 0x0000000800000000, 0x0000000800000000)
  eden space 169280K, 0% used [0x00000007f5560000,0x00000007f5560000,0x00000007ffab0000)
  from space 64K, 0% used [0x00000007ffab0000,0x00000007ffab0000,0x00000007ffac0000)
  to   space 64K, 0% used [0x00000007ffff0000,0x00000007ffff0000,0x0000000800000000)
 ParOldGen       total 349568K, used 206508K [0x00000007e0000000, 0x00000007f5560000, 0x00000007f5560000)
  object space 349568K, 59% used [0x00000007e0000000,0x00000007ec9ab210,0x00000007f5560000)
 PSPermGen       total 21248K, used 2876K [0x00000007dae00000, 0x00000007dc2c0000, 0x00000007e0000000)
  object space 21248K, 13% used [0x00000007dae00000,0x00000007db0cf090,0x00000007dc2c0000)
}
{Heap before GC invocations=65 (full 31):
 PSYoungGen      total 169344K, used 147754K [0x00000007f5560000, 0x0000000800000000, 0x0000000800000000)
  eden space 169280K, 87% used [0x00000007f5560000,0x00000007fe5aaba0,0x00000007ffab0000)
  from space 64K, 0% used [0x00000007ffab0000,0x00000007ffab0000,0x00000007ffac0000)
  to   space 64K, 0% used [0x00000007ffff0000,0x00000007ffff0000,0x0000000800000000)
 ParOldGen       total 349568K, used 206508K [0x00000007e0000000, 0x00000007f5560000, 0x00000007f5560000)
  object space 349568K, 59% used [0x00000007e0000000,0x00000007ec9ab210,0x00000007f5560000)
 PSPermGen       total 21248K, used 2876K [0x00000007dae00000, 0x00000007dc2c0000, 0x00000007e0000000)
  object space 21248K, 13% used [0x00000007dae00000,0x00000007db0cf090,0x00000007dc2c0000)
4.757: [Full GC [PSYoungGen: 147754K->0K(169344K)] [ParOldGen: 206508K->163488K(349568K)] 354263K->163488K(518912K) [PSPermGen: 2876K->2876K(21248K)], 0.1318900 secs] [Times: user=0.23 sys=0.01, real=0.14 secs] 
Heap after GC invocations=65 (full 31):
 PSYoungGen      total 169344K, used 0K [0x00000007f5560000, 0x0000000800000000, 0x0000000800000000)
  eden space 169280K, 0% used [0x00000007f5560000,0x00000007f5560000,0x00000007ffab0000)
  from space 64K, 0% used [0x00000007ffab0000,0x00000007ffab0000,0x00000007ffac0000)
  to   space 64K, 0% used [0x00000007ffff0000,0x00000007ffff0000,0x0000000800000000)
 ParOldGen       total 349568K, used 163488K [0x00000007e0000000, 0x00000007f5560000, 0x00000007f5560000)
  object space 349568K, 46% used [0x00000007e0000000,0x00000007e9fa8018,0x00000007f5560000)
 PSPermGen       total 21248K, used 2876K [0x00000007dae00000, 0x00000007dc2c0000, 0x00000007e0000000)
  object space 21248K, 13% used [0x00000007dae00000,0x00000007db0cf090,0x00000007dc2c0000)
}
{Heap before GC invocations=66 (full 31):
 PSYoungGen      total 169344K, used 152169K [0x00000007f5560000, 0x0000000800000000, 0x0000000800000000)
  eden space 169280K, 89% used [0x00000007f5560000,0x00000007fe9fa780,0x00000007ffab0000)
  from space 64K, 0% used [0x00000007ffab0000,0x00000007ffab0000,0x00000007ffac0000)
  to   space 64K, 0% used [0x00000007ffff0000,0x00000007ffff0000,0x0000000800000000)
 ParOldGen       total 349568K, used 163488K [0x00000007e0000000, 0x00000007f5560000, 0x00000007f5560000)
  object space 349568K, 46% used [0x00000007e0000000,0x00000007e9fa8018,0x00000007f5560000)
 PSPermGen       total 21248K, used 2876K [0x00000007dae00000, 0x00000007dc2c0000, 0x00000007e0000000)
  object space 21248K, 13% used [0x00000007dae00000,0x00000007db0cf090,0x00000007dc2c0000)
4.968: [GC
Desired survivor size 65536 bytes, new threshold 15 (max 15)
 [PSYoungGen: 152169K->64K(174656K)] 315657K->315675K(524224K), 0.0618970 secs] [Times: user=0.12 sys=0.00, real=0.07 secs] 
Heap after GC invocations=66 (full 31):
 PSYoungGen      total 174656K, used 64K [0x00000007f5560000, 0x0000000800000000, 0x0000000800000000)
  eden space 174592K, 0% used [0x00000007f5560000,0x00000007f5560000,0x00000007fffe0000)
  from space 64K, 100% used [0x00000007ffff0000,0x0000000800000000,0x0000000800000000)
  to   space 64K, 0% used [0x00000007fffe0000,0x00000007fffe0000,0x00000007ffff0000)
 ParOldGen       total 349568K, used 315611K [0x00000007e0000000, 0x00000007f5560000, 0x00000007f5560000)
  object space 349568K, 90% used [0x00000007e0000000,0x00000007f3436f90,0x00000007f5560000)
 PSPermGen       total 21248K, used 2876K [0x00000007dae00000, 0x00000007dc2c0000, 0x00000007e0000000)
  object space 21248K, 13% used [0x00000007dae00000,0x00000007db0cf090,0x00000007dc2c0000)
}
{Heap before GC invocations=67 (full 32):
 PSYoungGen      total 174656K, used 64K [0x00000007f5560000, 0x0000000800000000, 0x0000000800000000)
  eden space 174592K, 0% used [0x00000007f5560000,0x00000007f5560000,0x00000007fffe0000)
  from space 64K, 100% used [0x00000007ffff0000,0x0000000800000000,0x0000000800000000)
  to   space 64K, 0% used [0x00000007fffe0000,0x00000007fffe0000,0x00000007ffff0000)
 ParOldGen       total 349568K, used 315611K [0x00000007e0000000, 0x00000007f5560000, 0x00000007f5560000)
  object space 349568K, 90% used [0x00000007e0000000,0x00000007f3436f90,0x00000007f5560000)
 PSPermGen       total 21248K, used 2876K [0x00000007dae00000, 0x00000007dc2c0000, 0x00000007e0000000)
  object space 21248K, 13% used [0x00000007dae00000,0x00000007db0cf090,0x00000007dc2c0000)
5.030: [Full GC [PSYoungGen: 64K->0K(174656K)] [ParOldGen: 315611K->164784K(349568K)] 315675K->164784K(524224K) [PSPermGen: 2876K->2876K(21248K)], 0.1278800 secs] [Times: user=0.22 sys=0.00, real=0.12 secs] 
Heap after GC invocations=67 (full 32):
 PSYoungGen      total 174656K, used 0K [0x00000007f5560000, 0x0000000800000000, 0x0000000800000000)
  eden space 174592K, 0% used [0x00000007f5560000,0x00000007f5560000,0x00000007fffe0000)
  from space 64K, 0% used [0x00000007ffff0000,0x00000007ffff0000,0x0000000800000000)
  to   space 64K, 0% used [0x00000007fffe0000,0x00000007fffe0000,0x00000007ffff0000)
 ParOldGen       total 349568K, used 164784K [0x00000007e0000000, 0x00000007f5560000, 0x00000007f5560000)
  object space 349568K, 47% used [0x00000007e0000000,0x00000007ea0ec0e0,0x00000007f5560000)
 PSPermGen       total 21248K, used 2876K [0x00000007dae00000, 0x00000007dc2c0000, 0x00000007e0000000)
  object space 21248K, 13% used [0x00000007dae00000,0x00000007db0cf090,0x00000007dc2c0000)
}
{Heap before GC invocations=68 (full 32):
 PSYoungGen      total 174656K, used 170778K [0x00000007f5560000, 0x0000000800000000, 0x0000000800000000)
  eden space 174592K, 97% used [0x00000007f5560000,0x00000007ffc26998,0x00000007fffe0000)
  from space 64K, 0% used [0x00000007ffff0000,0x00000007ffff0000,0x0000000800000000)
  to   space 64K, 0% used [0x00000007fffe0000,0x00000007fffe0000,0x00000007ffff0000)
 ParOldGen       total 349568K, used 164784K [0x00000007e0000000, 0x00000007f5560000, 0x00000007f5560000)
  object space 349568K, 47% used [0x00000007e0000000,0x00000007ea0ec0e0,0x00000007f5560000)
 PSPermGen       total 21248K, used 2876K [0x00000007dae00000, 0x00000007dc2c0000, 0x00000007e0000000)
  object space 21248K, 13% used [0x00000007dae00000,0x00000007db0cf090,0x00000007dc2c0000)
5.270: [GC
Desired survivor size 65536 bytes, new threshold 15 (max 15)
 [PSYoungGen: 170778K->64K(174656K)] 335562K->335593K(524224K), 0.0814730 secs] [Times: user=0.13 sys=0.00, real=0.08 secs] 
Heap after GC invocations=68 (full 32):
 PSYoungGen      total 174656K, used 64K [0x00000007f5560000, 0x0000000800000000, 0x0000000800000000)
  eden space 174592K, 0% used [0x00000007f5560000,0x00000007f5560000,0x00000007fffe0000)
  from space 64K, 100% used [0x00000007fffe0000,0x00000007ffff0000,0x00000007ffff0000)
  to   space 64K, 0% used [0x00000007ffff0000,0x00000007ffff0000,0x0000000800000000)
 ParOldGen       total 349568K, used 335529K [0x00000007e0000000, 0x00000007f5560000, 0x00000007f5560000)
  object space 349568K, 95% used [0x00000007e0000000,0x00000007f47aa5e0,0x00000007f5560000)
 PSPermGen       total 21248K, used 2876K [0x00000007dae00000, 0x00000007dc2c0000, 0x00000007e0000000)
  object space 21248K, 13% used [0x00000007dae00000,0x00000007db0cf090,0x00000007dc2c0000)
}
{Heap before GC invocations=69 (full 33):
 PSYoungGen      total 174656K, used 64K [0x00000007f5560000, 0x0000000800000000, 0x0000000800000000)
  eden space 174592K, 0% used [0x00000007f5560000,0x00000007f5560000,0x00000007fffe0000)
  from space 64K, 100% used [0x00000007fffe0000,0x00000007ffff0000,0x00000007ffff0000)
  to   space 64K, 0% used [0x00000007ffff0000,0x00000007ffff0000,0x0000000800000000)
 ParOldGen       total 349568K, used 335529K [0x00000007e0000000, 0x00000007f5560000, 0x00000007f5560000)
  object space 349568K, 95% used [0x00000007e0000000,0x00000007f47aa5e0,0x00000007f5560000)
 PSPermGen       total 21248K, used 2876K [0x00000007dae00000, 0x00000007dc2c0000, 0x00000007e0000000)
  object space 21248K, 13% used [0x00000007dae00000,0x00000007db0cf090,0x00000007dc2c0000)
5.351: [Full GC [PSYoungGen: 64K->0K(174656K)] [ParOldGen: 335529K->204306K(349568K)] 335593K->204306K(524224K) [PSPermGen: 2876K->2876K(21248K)], 0.1490310 secs] [Times: user=0.26 sys=0.01, real=0.15 secs] 
Heap after GC invocations=69 (full 33):
 PSYoungGen      total 174656K, used 0K [0x00000007f5560000, 0x0000000800000000, 0x0000000800000000)
  eden space 174592K, 0% used [0x00000007f5560000,0x00000007f5560000,0x00000007fffe0000)
  from space 64K, 0% used [0x00000007fffe0000,0x00000007fffe0000,0x00000007ffff0000)
  to   space 64K, 0% used [0x00000007ffff0000,0x00000007ffff0000,0x0000000800000000)
 ParOldGen       total 349568K, used 204306K [0x00000007e0000000, 0x00000007f5560000, 0x00000007f5560000)
  object space 349568K, 58% used [0x00000007e0000000,0x00000007ec784bc8,0x00000007f5560000)
 PSPermGen       total 21248K, used 2876K [0x00000007dae00000, 0x00000007dc2c0000, 0x00000007e0000000)
  object space 21248K, 13% used [0x00000007dae00000,0x00000007db0cf090,0x00000007dc2c0000)
}
{Heap before GC invocations=70 (full 34):
 PSYoungGen      total 174656K, used 171855K [0x00000007f5560000, 0x0000000800000000, 0x0000000800000000)
  eden space 174592K, 98% used [0x00000007f5560000,0x00000007ffd33d10,0x00000007fffe0000)
  from space 64K, 0% used [0x00000007fffe0000,0x00000007fffe0000,0x00000007ffff0000)
  to   space 64K, 0% used [0x00000007ffff0000,0x00000007ffff0000,0x0000000800000000)
 ParOldGen       total 349568K, used 204306K [0x00000007e0000000, 0x00000007f5560000, 0x00000007f5560000)
  object space 349568K, 58% used [0x00000007e0000000,0x00000007ec784bc8,0x00000007f5560000)
 PSPermGen       total 21248K, used 2876K [0x00000007dae00000, 0x00000007dc2c0000, 0x00000007e0000000)
  object space 21248K, 13% used [0x00000007dae00000,0x00000007db0cf090,0x00000007dc2c0000)
5.595: [Full GC [PSYoungGen: 171855K->0K(174656K)] [ParOldGen: 204306K->191254K(349568K)] 376162K->191254K(524224K) [PSPermGen: 2876K->2876K(21248K)], 0.1513840 secs] [Times: user=0.26 sys=0.00, real=0.15 secs] 
Heap after GC invocations=70 (full 34):
 PSYoungGen      total 174656K, used 0K [0x00000007f5560000, 0x0000000800000000, 0x0000000800000000)
  eden space 174592K, 0% used [0x00000007f5560000,0x00000007f5560000,0x00000007fffe0000)
  from space 64K, 0% used [0x00000007fffe0000,0x00000007fffe0000,0x00000007ffff0000)
  to   space 64K, 0% used [0x00000007ffff0000,0x00000007ffff0000,0x0000000800000000)
 ParOldGen       total 349568K, used 191254K [0x00000007e0000000, 0x00000007f5560000, 0x00000007f5560000)
  object space 349568K, 54% used [0x00000007e0000000,0x00000007ebac5828,0x00000007f5560000)
 PSPermGen       total 21248K, used 2876K [0x00000007dae00000, 0x00000007dc2c0000, 0x00000007e0000000)
  object space 21248K, 13% used [0x00000007dae00000,0x00000007db0cf090,0x00000007dc2c0000)
}
{Heap before GC invocations=71 (full 35):
 PSYoungGen      total 174656K, used 164841K [0x00000007f5560000, 0x0000000800000000, 0x0000000800000000)
  eden space 174592K, 94% used [0x00000007f5560000,0x00000007ff65a720,0x00000007fffe0000)
  from space 64K, 0% used [0x00000007fffe0000,0x00000007fffe0000,0x00000007ffff0000)
  to   space 64K, 0% used [0x00000007ffff0000,0x00000007ffff0000,0x0000000800000000)
 ParOldGen       total 349568K, used 191254K [0x00000007e0000000, 0x00000007f5560000, 0x00000007f5560000)
  object space 349568K, 54% used [0x00000007e0000000,0x00000007ebac5828,0x00000007f5560000)
 PSPermGen       total 21248K, used 2876K [0x00000007dae00000, 0x00000007dc2c0000, 0x00000007e0000000)
  object space 21248K, 13% used [0x00000007dae00000,0x00000007db0cf090,0x00000007dc2c0000)
5.836: [Full GC [PSYoungGen: 164841K->0K(174656K)] [ParOldGen: 191254K->165120K(349568K)] 356095K->165120K(524224K) [PSPermGen: 2876K->2876K(21248K)], 0.1428450 secs] [Times: user=0.16 sys=0.00, real=0.15 secs] 
Heap after GC invocations=71 (full 35):
 PSYoungGen      total 174656K, used 0K [0x00000007f5560000, 0x0000000800000000, 0x0000000800000000)
  eden space 174592K, 0% used [0x00000007f5560000,0x00000007f5560000,0x00000007fffe0000)
  from space 64K, 0% used [0x00000007fffe0000,0x00000007fffe0000,0x00000007ffff0000)
  to   space 64K, 0% used [0x00000007ffff0000,0x00000007ffff0000,0x0000000800000000)
 ParOldGen       total 349568K, used 165120K [0x00000007e0000000, 0x00000007f5560000, 0x00000007f5560000)
  object space 349568K, 47% used [0x00000007e0000000,0x00000007ea140180,0x00000007f5560000)
 PSPermGen       total 21248K, used 2876K [0x00000007dae00000, 0x00000007dc2c0000, 0x00000007e0000000)
  object space 21248K, 13% used [0x00000007dae00000,0x00000007db0cf090,0x00000007dc2c0000)
}
{Heap before GC invocations=72 (full 35):
 PSYoungGen      total 174656K, used 167502K [0x00000007f5560000, 0x0000000800000000, 0x0000000800000000)
  eden space 174592K, 95% used [0x00000007f5560000,0x00000007ff8f3ae0,0x00000007fffe0000)
  from space 64K, 0% used [0x00000007fffe0000,0x00000007fffe0000,0x00000007ffff0000)
  to   space 64K, 0% used [0x00000007ffff0000,0x00000007ffff0000,0x0000000800000000)
 ParOldGen       total 349568K, used 165120K [0x00000007e0000000, 0x00000007f5560000, 0x00000007f5560000)
  object space 349568K, 47% used [0x00000007e0000000,0x00000007ea140180,0x00000007f5560000)
 PSPermGen       total 21248K, used 2876K [0x00000007dae00000, 0x00000007dc2c0000, 0x00000007e0000000)
  object space 21248K, 13% used [0x00000007dae00000,0x00000007db0cf090,0x00000007dc2c0000)
6.066: [GC
Desired survivor size 65536 bytes, new threshold 15 (max 15)
 [PSYoungGen: 167502K->64K(174656K)] 332623K->332673K(524224K), 0.0695060 secs] [Times: user=0.09 sys=0.00, real=0.07 secs] 
Heap after GC invocations=72 (full 35):
 PSYoungGen      total 174656K, used 64K [0x00000007f5560000, 0x0000000800000000, 0x0000000800000000)
  eden space 174592K, 0% used [0x00000007f5560000,0x00000007f5560000,0x00000007fffe0000)
  from space 64K, 100% used [0x00000007ffff0000,0x0000000800000000,0x0000000800000000)
  to   space 64K, 0% used [0x00000007fffe0000,0x00000007fffe0000,0x00000007ffff0000)
 ParOldGen       total 349568K, used 332609K [0x00000007e0000000, 0x00000007f5560000, 0x00000007f5560000)
  object space 349568K, 95% used [0x00000007e0000000,0x00000007f44d04e8,0x00000007f5560000)
 PSPermGen       total 21248K, used 2876K [0x00000007dae00000, 0x00000007dc2c0000, 0x00000007e0000000)
  object space 21248K, 13% used [0x00000007dae00000,0x00000007db0cf090,0x00000007dc2c0000)
}
{Heap before GC invocations=73 (full 36):
 PSYoungGen      total 174656K, used 64K [0x00000007f5560000, 0x0000000800000000, 0x0000000800000000)
  eden space 174592K, 0% used [0x00000007f5560000,0x00000007f5560000,0x00000007fffe0000)
  from space 64K, 100% used [0x00000007ffff0000,0x0000000800000000,0x0000000800000000)
  to   space 64K, 0% used [0x00000007fffe0000,0x00000007fffe0000,0x00000007ffff0000)
 ParOldGen       total 349568K, used 332609K [0x00000007e0000000, 0x00000007f5560000, 0x00000007f5560000)
  object space 349568K, 95% used [0x00000007e0000000,0x00000007f44d04e8,0x00000007f5560000)
 PSPermGen       total 21248K, used 2876K [0x00000007dae00000, 0x00000007dc2c0000, 0x00000007e0000000)
  object space 21248K, 13% used [0x00000007dae00000,0x00000007db0cf090,0x00000007dc2c0000)
6.136: [Full GC [PSYoungGen: 64K->0K(174656K)] [ParOldGen: 332609K->219081K(349568K)] 332673K->219081K(524224K) [PSPermGen: 2876K->2876K(21248K)], 0.1683130 secs] [Times: user=0.20 sys=0.00, real=0.17 secs] 
Heap after GC invocations=73 (full 36):
 PSYoungGen      total 174656K, used 0K [0x00000007f5560000, 0x0000000800000000, 0x0000000800000000)
  eden space 174592K, 0% used [0x00000007f5560000,0x00000007f5560000,0x00000007fffe0000)
  from space 64K, 0% used [0x00000007ffff0000,0x00000007ffff0000,0x0000000800000000)
  to   space 64K, 0% used [0x00000007fffe0000,0x00000007fffe0000,0x00000007ffff0000)
 ParOldGen       total 349568K, used 219081K [0x00000007e0000000, 0x00000007f5560000, 0x00000007f5560000)
  object space 349568K, 62% used [0x00000007e0000000,0x00000007ed5f2440,0x00000007f5560000)
 PSPermGen       total 21248K, used 2876K [0x00000007dae00000, 0x00000007dc2c0000, 0x00000007e0000000)
  object space 21248K, 13% used [0x00000007dae00000,0x00000007db0cf090,0x00000007dc2c0000)
}
{Heap before GC invocations=74 (full 37):
 PSYoungGen      total 174656K, used 173000K [0x00000007f5560000, 0x0000000800000000, 0x0000000800000000)
  eden space 174592K, 99% used [0x00000007f5560000,0x00000007ffe52208,0x00000007fffe0000)
  from space 64K, 0% used [0x00000007ffff0000,0x00000007ffff0000,0x0000000800000000)
  to   space 64K, 0% used [0x00000007fffe0000,0x00000007fffe0000,0x00000007ffff0000)
 ParOldGen       total 349568K, used 219081K [0x00000007e0000000, 0x00000007f5560000, 0x00000007f5560000)
  object space 349568K, 62% used [0x00000007e0000000,0x00000007ed5f2440,0x00000007f5560000)
 PSPermGen       total 21248K, used 2876K [0x00000007dae00000, 0x00000007dc2c0000, 0x00000007e0000000)
  object space 21248K, 13% used [0x00000007dae00000,0x00000007db0cf090,0x00000007dc2c0000)
6.398: [Full GC [PSYoungGen: 173000K->0K(174656K)] [ParOldGen: 219081K->198620K(349568K)] 392081K->198620K(524224K) [PSPermGen: 2876K->2876K(21248K)], 0.1756900 secs] [Times: user=0.18 sys=0.01, real=0.18 secs] 
Heap after GC invocations=74 (full 37):
 PSYoungGen      total 174656K, used 0K [0x00000007f5560000, 0x0000000800000000, 0x0000000800000000)
  eden space 174592K, 0% used [0x00000007f5560000,0x00000007f5560000,0x00000007fffe0000)
  from space 64K, 0% used [0x00000007ffff0000,0x00000007ffff0000,0x0000000800000000)
  to   space 64K, 0% used [0x00000007fffe0000,0x00000007fffe0000,0x00000007ffff0000)
 ParOldGen       total 349568K, used 198620K [0x00000007e0000000, 0x00000007f5560000, 0x00000007f5560000)
  object space 349568K, 56% used [0x00000007e0000000,0x00000007ec1f7038,0x00000007f5560000)
 PSPermGen       total 21248K, used 2876K [0x00000007dae00000, 0x00000007dc2c0000, 0x00000007e0000000)
  object space 21248K, 13% used [0x00000007dae00000,0x00000007db0cf090,0x00000007dc2c0000)
}
{Heap before GC invocations=75 (full 38):
 PSYoungGen      total 174656K, used 168602K [0x00000007f5560000, 0x0000000800000000, 0x0000000800000000)
  eden space 174592K, 96% used [0x00000007f5560000,0x00000007ffa06a78,0x00000007fffe0000)
  from space 64K, 0% used [0x00000007ffff0000,0x00000007ffff0000,0x0000000800000000)
  to   space 64K, 0% used [0x00000007fffe0000,0x00000007fffe0000,0x00000007ffff0000)
 ParOldGen       total 349568K, used 198620K [0x00000007e0000000, 0x00000007f5560000, 0x00000007f5560000)
  object space 349568K, 56% used [0x00000007e0000000,0x00000007ec1f7038,0x00000007f5560000)
 PSPermGen       total 21248K, used 2876K [0x00000007dae00000, 0x00000007dc2c0000, 0x00000007e0000000)
  object space 21248K, 13% used [0x00000007dae00000,0x00000007db0cf090,0x00000007dc2c0000)
6.662: [Full GC [PSYoungGen: 168602K->0K(174656K)] [ParOldGen: 198620K->202781K(349568K)] 367222K->202781K(524224K) [PSPermGen: 2876K->2876K(21248K)], 0.1652200 secs] [Times: user=0.21 sys=0.00, real=0.16 secs] 
Heap after GC invocations=75 (full 38):
 PSYoungGen      total 174656K, used 0K [0x00000007f5560000, 0x0000000800000000, 0x0000000800000000)
  eden space 174592K, 0% used [0x00000007f5560000,0x00000007f5560000,0x00000007fffe0000)
  from space 64K, 0% used [0x00000007ffff0000,0x00000007ffff0000,0x0000000800000000)
  to   space 64K, 0% used [0x00000007fffe0000,0x00000007fffe0000,0x00000007ffff0000)
 ParOldGen       total 349568K, used 202781K [0x00000007e0000000, 0x00000007f5560000, 0x00000007f5560000)
  object space 349568K, 58% used [0x00000007e0000000,0x00000007ec6077c8,0x00000007f5560000)
 PSPermGen       total 21248K, used 2876K [0x00000007dae00000, 0x00000007dc2c0000, 0x00000007e0000000)
  object space 21248K, 13% used [0x00000007dae00000,0x00000007db0cf090,0x00000007dc2c0000)
}
{Heap before GC invocations=76 (full 39):
 PSYoungGen      total 174656K, used 162912K [0x00000007f5560000, 0x0000000800000000, 0x0000000800000000)
  eden space 174592K, 93% used [0x00000007f5560000,0x00000007ff478268,0x00000007fffe0000)
  from space 64K, 0% used [0x00000007ffff0000,0x00000007ffff0000,0x0000000800000000)
  to   space 64K, 0% used [0x00000007fffe0000,0x00000007fffe0000,0x00000007ffff0000)
 ParOldGen       total 349568K, used 202781K [0x00000007e0000000, 0x00000007f5560000, 0x00000007f5560000)
  object space 349568K, 58% used [0x00000007e0000000,0x00000007ec6077c8,0x00000007f5560000)
 PSPermGen       total 21248K, used 2876K [0x00000007dae00000, 0x00000007dc2c0000, 0x00000007e0000000)
  object space 21248K, 13% used [0x00000007dae00000,0x00000007db0cf090,0x00000007dc2c0000)
6.917: [Full GC [PSYoungGen: 162912K->0K(174656K)] [ParOldGen: 202781K->201564K(349568K)] 365694K->201564K(524224K) [PSPermGen: 2876K->2876K(21248K)], 0.1545260 secs] [Times: user=0.27 sys=0.00, real=0.16 secs] 
Heap after GC invocations=76 (full 39):
 PSYoungGen      total 174656K, used 0K [0x00000007f5560000, 0x0000000800000000, 0x0000000800000000)
  eden space 174592K, 0% used [0x00000007f5560000,0x00000007f5560000,0x00000007fffe0000)
  from space 64K, 0% used [0x00000007ffff0000,0x00000007ffff0000,0x0000000800000000)
  to   space 64K, 0% used [0x00000007fffe0000,0x00000007fffe0000,0x00000007ffff0000)
 ParOldGen       total 349568K, used 201564K [0x00000007e0000000, 0x00000007f5560000, 0x00000007f5560000)
  object space 349568K, 57% used [0x00000007e0000000,0x00000007ec4d7238,0x00000007f5560000)
 PSPermGen       total 21248K, used 2876K [0x00000007dae00000, 0x00000007dc2c0000, 0x00000007e0000000)
  object space 21248K, 13% used [0x00000007dae00000,0x00000007db0cf090,0x00000007dc2c0000)
}
{Heap before GC invocations=77 (full 40):
 PSYoungGen      total 174656K, used 172318K [0x00000007f5560000, 0x0000000800000000, 0x0000000800000000)
  eden space 174592K, 98% used [0x00000007f5560000,0x00000007ffda7910,0x00000007fffe0000)
  from space 64K, 0% used [0x00000007ffff0000,0x00000007ffff0000,0x0000000800000000)
  to   space 64K, 0% used [0x00000007fffe0000,0x00000007fffe0000,0x00000007ffff0000)
 ParOldGen       total 349568K, used 201564K [0x00000007e0000000, 0x00000007f5560000, 0x00000007f5560000)
  object space 349568K, 57% used [0x00000007e0000000,0x00000007ec4d7238,0x00000007f5560000)
 PSPermGen       total 21248K, used 2876K [0x00000007dae00000, 0x00000007dc2c0000, 0x00000007e0000000)
  object space 21248K, 13% used [0x00000007dae00000,0x00000007db0cf090,0x00000007dc2c0000)
7.160: [Full GC [PSYoungGen: 172318K->0K(174656K)] [ParOldGen: 201564K->205687K(349568K)] 373882K->205687K(524224K) [PSPermGen: 2876K->2876K(21248K)], 0.1618700 secs] [Times: user=0.28 sys=0.00, real=0.16 secs] 
Heap after GC invocations=77 (full 40):
 PSYoungGen      total 174656K, used 0K [0x00000007f5560000, 0x0000000800000000, 0x0000000800000000)
  eden space 174592K, 0% used [0x00000007f5560000,0x00000007f5560000,0x00000007fffe0000)
  from space 64K, 0% used [0x00000007ffff0000,0x00000007ffff0000,0x0000000800000000)
  to   space 64K, 0% used [0x00000007fffe0000,0x00000007fffe0000,0x00000007ffff0000)
 ParOldGen       total 349568K, used 205687K [0x00000007e0000000, 0x00000007f5560000, 0x00000007f5560000)
  object space 349568K, 58% used [0x00000007e0000000,0x00000007ec8ddf48,0x00000007f5560000)
 PSPermGen       total 21248K, used 2876K [0x00000007dae00000, 0x00000007dc2c0000, 0x00000007e0000000)
  object space 21248K, 13% used [0x00000007dae00000,0x00000007db0cf090,0x00000007dc2c0000)
}
{Heap before GC invocations=78 (full 41):
 PSYoungGen      total 174656K, used 172679K [0x00000007f5560000, 0x0000000800000000, 0x0000000800000000)
  eden space 174592K, 98% used [0x00000007f5560000,0x00000007ffe01f68,0x00000007fffe0000)
  from space 64K, 0% used [0x00000007ffff0000,0x00000007ffff0000,0x0000000800000000)
  to   space 64K, 0% used [0x00000007fffe0000,0x00000007fffe0000,0x00000007ffff0000)
 ParOldGen       total 349568K, used 205687K [0x00000007e0000000, 0x00000007f5560000, 0x00000007f5560000)
  object space 349568K, 58% used [0x00000007e0000000,0x00000007ec8ddf48,0x00000007f5560000)
 PSPermGen       total 21248K, used 2876K [0x00000007dae00000, 0x00000007dc2c0000, 0x00000007e0000000)
  object space 21248K, 13% used [0x00000007dae00000,0x00000007db0cf090,0x00000007dc2c0000)
7.413: [Full GC [PSYoungGen: 172679K->0K(174656K)] [ParOldGen: 205687K->188524K(349568K)] 378367K->188524K(524224K) [PSPermGen: 2876K->2876K(21248K)], 0.1481990 secs] [Times: user=0.26 sys=0.00, real=0.15 secs] 
Heap after GC invocations=78 (full 41):
 PSYoungGen      total 174656K, used 0K [0x00000007f5560000, 0x0000000800000000, 0x0000000800000000)
  eden space 174592K, 0% used [0x00000007f5560000,0x00000007f5560000,0x00000007fffe0000)
  from space 64K, 0% used [0x00000007ffff0000,0x00000007ffff0000,0x0000000800000000)
  to   space 64K, 0% used [0x00000007fffe0000,0x00000007fffe0000,0x00000007ffff0000)
 ParOldGen       total 349568K, used 188524K [0x00000007e0000000, 0x00000007f5560000, 0x00000007f5560000)
  object space 349568K, 53% used [0x00000007e0000000,0x00000007eb81b330,0x00000007f5560000)
 PSPermGen       total 21248K, used 2876K [0x00000007dae00000, 0x00000007dc2c0000, 0x00000007e0000000)
  object space 21248K, 13% used [0x00000007dae00000,0x00000007db0cf090,0x00000007dc2c0000)
}
{Heap before GC invocations=79 (full 41):
 PSYoungGen      total 174656K, used 159599K [0x00000007f5560000, 0x0000000800000000, 0x0000000800000000)
  eden space 174592K, 91% used [0x00000007f5560000,0x00000007ff13bc80,0x00000007fffe0000)
  from space 64K, 0% used [0x00000007ffff0000,0x00000007ffff0000,0x0000000800000000)
  to   space 64K, 0% used [0x00000007fffe0000,0x00000007fffe0000,0x00000007ffff0000)
 ParOldGen       total 349568K, used 188524K [0x00000007e0000000, 0x00000007f5560000, 0x00000007f5560000)
  object space 349568K, 53% used [0x00000007e0000000,0x00000007eb81b330,0x00000007f5560000)
 PSPermGen       total 21248K, used 2876K [0x00000007dae00000, 0x00000007dc2c0000, 0x00000007e0000000)
  object space 21248K, 13% used [0x00000007dae00000,0x00000007db0cf090,0x00000007dc2c0000)
7.644: [GC
Desired survivor size 65536 bytes, new threshold 15 (max 15)
 [PSYoungGen: 159599K->64K(174656K)] 348123K->348179K(524224K), 0.1026450 secs] [Times: user=0.16 sys=0.01, real=0.10 secs] 
Heap after GC invocations=79 (full 41):
 PSYoungGen      total 174656K, used 64K [0x00000007f5560000, 0x0000000800000000, 0x0000000800000000)
  eden space 174592K, 0% used [0x00000007f5560000,0x00000007f5560000,0x00000007fffe0000)
  from space 64K, 100% used [0x00000007fffe0000,0x00000007ffff0000,0x00000007ffff0000)
  to   space 64K, 0% used [0x00000007ffff0000,0x00000007ffff0000,0x0000000800000000)
 ParOldGen       total 349568K, used 348115K [0x00000007e0000000, 0x00000007f5560000, 0x00000007f5560000)
  object space 349568K, 99% used [0x00000007e0000000,0x00000007f53f4ed0,0x00000007f5560000)
 PSPermGen       total 21248K, used 2876K [0x00000007dae00000, 0x00000007dc2c0000, 0x00000007e0000000)
  object space 21248K, 13% used [0x00000007dae00000,0x00000007db0cf090,0x00000007dc2c0000)
}
{Heap before GC invocations=80 (full 42):
 PSYoungGen      total 174656K, used 64K [0x00000007f5560000, 0x0000000800000000, 0x0000000800000000)
  eden space 174592K, 0% used [0x00000007f5560000,0x00000007f5560000,0x00000007fffe0000)
  from space 64K, 100% used [0x00000007fffe0000,0x00000007ffff0000,0x00000007ffff0000)
  to   space 64K, 0% used [0x00000007ffff0000,0x00000007ffff0000,0x0000000800000000)
 ParOldGen       total 349568K, used 348115K [0x00000007e0000000, 0x00000007f5560000, 0x00000007f5560000)
  object space 349568K, 99% used [0x00000007e0000000,0x00000007f53f4ed0,0x00000007f5560000)
 PSPermGen       total 21248K, used 2876K [0x00000007dae00000, 0x00000007dc2c0000, 0x00000007e0000000)
  object space 21248K, 13% used [0x00000007dae00000,0x00000007db0cf090,0x00000007dc2c0000)
7.747: [Full GC [PSYoungGen: 64K->0K(174656K)] [ParOldGen: 348115K->188311K(349568K)] 348179K->188311K(524224K) [PSPermGen: 2876K->2876K(21248K)], 0.1453480 secs] [Times: user=0.26 sys=0.00, real=0.15 secs] 
Heap after GC invocations=80 (full 42):
 PSYoungGen      total 174656K, used 0K [0x00000007f5560000, 0x0000000800000000, 0x0000000800000000)
  eden space 174592K, 0% used [0x00000007f5560000,0x00000007f5560000,0x00000007fffe0000)
  from space 64K, 0% used [0x00000007fffe0000,0x00000007fffe0000,0x00000007ffff0000)
  to   space 64K, 0% used [0x00000007ffff0000,0x00000007ffff0000,0x0000000800000000)
 ParOldGen       total 349568K, used 188311K [0x00000007e0000000, 0x00000007f5560000, 0x00000007f5560000)
  object space 349568K, 53% used [0x00000007e0000000,0x00000007eb7e5dc8,0x00000007f5560000)
 PSPermGen       total 21248K, used 2876K [0x00000007dae00000, 0x00000007dc2c0000, 0x00000007e0000000)
  object space 21248K, 13% used [0x00000007dae00000,0x00000007db0cf090,0x00000007dc2c0000)
}
{Heap before GC invocations=81 (full 43):
 PSYoungGen      total 174656K, used 169019K [0x00000007f5560000, 0x0000000800000000, 0x0000000800000000)
  eden space 174592K, 96% used [0x00000007f5560000,0x00000007ffa6ed00,0x00000007fffe0000)
  from space 64K, 0% used [0x00000007fffe0000,0x00000007fffe0000,0x00000007ffff0000)
  to   space 64K, 0% used [0x00000007ffff0000,0x00000007ffff0000,0x0000000800000000)
 ParOldGen       total 349568K, used 188311K [0x00000007e0000000, 0x00000007f5560000, 0x00000007f5560000)
  object space 349568K, 53% used [0x00000007e0000000,0x00000007eb7e5dc8,0x00000007f5560000)
 PSPermGen       total 21248K, used 2876K [0x00000007dae00000, 0x00000007dc2c0000, 0x00000007e0000000)
  object space 21248K, 13% used [0x00000007dae00000,0x00000007db0cf090,0x00000007dc2c0000)
7.983: [Full GC [PSYoungGen: 169019K->0K(174656K)] [ParOldGen: 188311K->204416K(349568K)] 357330K->204416K(524224K) [PSPermGen: 2876K->2876K(21248K)], 0.1600470 secs] [Times: user=0.27 sys=0.00, real=0.16 secs] 
Heap after GC invocations=81 (full 43):
 PSYoungGen      total 174656K, used 0K [0x00000007f5560000, 0x0000000800000000, 0x0000000800000000)
  eden space 174592K, 0% used [0x00000007f5560000,0x00000007f5560000,0x00000007fffe0000)
  from space 64K, 0% used [0x00000007fffe0000,0x00000007fffe0000,0x00000007ffff0000)
  to   space 64K, 0% used [0x00000007ffff0000,0x00000007ffff0000,0x0000000800000000)
 ParOldGen       total 349568K, used 204416K [0x00000007e0000000, 0x00000007f5560000, 0x00000007f5560000)
  object space 349568K, 58% used [0x00000007e0000000,0x00000007ec7a03c0,0x00000007f5560000)
 PSPermGen       total 21248K, used 2876K [0x00000007dae00000, 0x00000007dc2c0000, 0x00000007e0000000)
  object space 21248K, 13% used [0x00000007dae00000,0x00000007db0cf090,0x00000007dc2c0000)
}
{Heap before GC invocations=82 (full 44):
 PSYoungGen      total 174656K, used 166561K [0x00000007f5560000, 0x0000000800000000, 0x0000000800000000)
  eden space 174592K, 95% used [0x00000007f5560000,0x00000007ff808420,0x00000007fffe0000)
  from space 64K, 0% used [0x00000007fffe0000,0x00000007fffe0000,0x00000007ffff0000)
  to   space 64K, 0% used [0x00000007ffff0000,0x00000007ffff0000,0x0000000800000000)
 ParOldGen       total 349568K, used 204416K [0x00000007e0000000, 0x00000007f5560000, 0x00000007f5560000)
  object space 349568K, 58% used [0x00000007e0000000,0x00000007ec7a03c0,0x00000007f5560000)
 PSPermGen       total 21248K, used 2876K [0x00000007dae00000, 0x00000007dc2c0000, 0x00000007e0000000)
  object space 21248K, 13% used [0x00000007dae00000,0x00000007db0cf090,0x00000007dc2c0000)
8.231: [Full GC [PSYoungGen: 166561K->0K(174656K)] [ParOldGen: 204416K->200005K(349568K)] 370977K->200005K(524224K) [PSPermGen: 2876K->2876K(21248K)], 0.1590220 secs] [Times: user=0.27 sys=0.01, real=0.16 secs] 
Heap after GC invocations=82 (full 44):
 PSYoungGen      total 174656K, used 0K [0x00000007f5560000, 0x0000000800000000, 0x0000000800000000)
  eden space 174592K, 0% used [0x00000007f5560000,0x00000007f5560000,0x00000007fffe0000)
  from space 64K, 0% used [0x00000007fffe0000,0x00000007fffe0000,0x00000007ffff0000)
  to   space 64K, 0% used [0x00000007ffff0000,0x00000007ffff0000,0x0000000800000000)
 ParOldGen       total 349568K, used 200005K [0x00000007e0000000, 0x00000007f5560000, 0x00000007f5560000)
  object space 349568K, 57% used [0x00000007e0000000,0x00000007ec3514f0,0x00000007f5560000)
 PSPermGen       total 21248K, used 2876K [0x00000007dae00000, 0x00000007dc2c0000, 0x00000007e0000000)
  object space 21248K, 13% used [0x00000007dae00000,0x00000007db0cf090,0x00000007dc2c0000)
}
{Heap before GC invocations=83 (full 45):
 PSYoungGen      total 174656K, used 157340K [0x00000007f5560000, 0x0000000800000000, 0x0000000800000000)
  eden space 174592K, 90% used [0x00000007f5560000,0x00000007fef07320,0x00000007fffe0000)
  from space 64K, 0% used [0x00000007fffe0000,0x00000007fffe0000,0x00000007ffff0000)
  to   space 64K, 0% used [0x00000007ffff0000,0x00000007ffff0000,0x0000000800000000)
 ParOldGen       total 349568K, used 200005K [0x00000007e0000000, 0x00000007f5560000, 0x00000007f5560000)
  object space 349568K, 57% used [0x00000007e0000000,0x00000007ec3514f0,0x00000007f5560000)
 PSPermGen       total 21248K, used 2876K [0x00000007dae00000, 0x00000007dc2c0000, 0x00000007e0000000)
  object space 21248K, 13% used [0x00000007dae00000,0x00000007db0cf090,0x00000007dc2c0000)
8.471: [Full GC [PSYoungGen: 157340K->0K(174656K)] [ParOldGen: 200005K->196099K(349568K)] 357346K->196099K(524224K) [PSPermGen: 2876K->2876K(21248K)], 0.1525770 secs] [Times: user=0.27 sys=0.00, real=0.15 secs] 
Heap after GC invocations=83 (full 45):
 PSYoungGen      total 174656K, used 0K [0x00000007f5560000, 0x0000000800000000, 0x0000000800000000)
  eden space 174592K, 0% used [0x00000007f5560000,0x00000007f5560000,0x00000007fffe0000)
  from space 64K, 0% used [0x00000007fffe0000,0x00000007fffe0000,0x00000007ffff0000)
  to   space 64K, 0% used [0x00000007ffff0000,0x00000007ffff0000,0x0000000800000000)
 ParOldGen       total 349568K, used 196099K [0x00000007e0000000, 0x00000007f5560000, 0x00000007f5560000)
  object space 349568K, 56% used [0x00000007e0000000,0x00000007ebf80e90,0x00000007f5560000)
 PSPermGen       total 21248K, used 2876K [0x00000007dae00000, 0x00000007dc2c0000, 0x00000007e0000000)
  object space 21248K, 13% used [0x00000007dae00000,0x00000007db0cf090,0x00000007dc2c0000)
}
{Heap before GC invocations=84 (full 46):
 PSYoungGen      total 174656K, used 174144K [0x00000007f5560000, 0x0000000800000000, 0x0000000800000000)
  eden space 174592K, 99% used [0x00000007f5560000,0x00000007fff70040,0x00000007fffe0000)
  from space 64K, 0% used [0x00000007fffe0000,0x00000007fffe0000,0x00000007ffff0000)
  to   space 64K, 0% used [0x00000007ffff0000,0x00000007ffff0000,0x0000000800000000)
 ParOldGen       total 349568K, used 196099K [0x00000007e0000000, 0x00000007f5560000, 0x00000007f5560000)
  object space 349568K, 56% used [0x00000007e0000000,0x00000007ebf80e90,0x00000007f5560000)
 PSPermGen       total 21248K, used 2876K [0x00000007dae00000, 0x00000007dc2c0000, 0x00000007e0000000)
  object space 21248K, 13% used [0x00000007dae00000,0x00000007db0cf090,0x00000007dc2c0000)
8.714: [Full GC [PSYoungGen: 174144K->0K(174656K)] [ParOldGen: 196099K->229023K(349568K)] 370243K->229023K(524224K) [PSPermGen: 2876K->2876K(21248K)], 0.1722700 secs] [Times: user=0.31 sys=0.01, real=0.17 secs] 
Heap after GC invocations=84 (full 46):
 PSYoungGen      total 174656K, used 0K [0x00000007f5560000, 0x0000000800000000, 0x0000000800000000)
  eden space 174592K, 0% used [0x00000007f5560000,0x00000007f5560000,0x00000007fffe0000)
  from space 64K, 0% used [0x00000007fffe0000,0x00000007fffe0000,0x00000007ffff0000)
  to   space 64K, 0% used [0x00000007ffff0000,0x00000007ffff0000,0x0000000800000000)
 ParOldGen       total 349568K, used 229023K [0x00000007e0000000, 0x00000007f5560000, 0x00000007f5560000)
  object space 349568K, 65% used [0x00000007e0000000,0x00000007edfa7eb8,0x00000007f5560000)
 PSPermGen       total 21248K, used 2876K [0x00000007dae00000, 0x00000007dc2c0000, 0x00000007e0000000)
  object space 21248K, 13% used [0x00000007dae00000,0x00000007db0cf090,0x00000007dc2c0000)
}
{Heap before GC invocations=85 (full 47):
 PSYoungGen      total 174656K, used 159482K [0x00000007f5560000, 0x0000000800000000, 0x0000000800000000)
  eden space 174592K, 91% used [0x00000007f5560000,0x00000007ff11ea88,0x00000007fffe0000)
  from space 64K, 0% used [0x00000007fffe0000,0x00000007fffe0000,0x00000007ffff0000)
  to   space 64K, 0% used [0x00000007ffff0000,0x00000007ffff0000,0x0000000800000000)
 ParOldGen       total 349568K, used 229023K [0x00000007e0000000, 0x00000007f5560000, 0x00000007f5560000)
  object space 349568K, 65% used [0x00000007e0000000,0x00000007edfa7eb8,0x00000007f5560000)
 PSPermGen       total 21248K, used 2876K [0x00000007dae00000, 0x00000007dc2c0000, 0x00000007e0000000)
  object space 21248K, 13% used [0x00000007dae00000,0x00000007db0cf090,0x00000007dc2c0000)
8.969: [Full GC [PSYoungGen: 159482K->0K(174656K)] [ParOldGen: 229023K->173762K(349568K)] 388506K->173762K(524224K) [PSPermGen: 2876K->2876K(21248K)], 0.1370950 secs] [Times: user=0.24 sys=0.00, real=0.13 secs] 
Heap after GC invocations=85 (full 47):
 PSYoungGen      total 174656K, used 0K [0x00000007f5560000, 0x0000000800000000, 0x0000000800000000)
  eden space 174592K, 0% used [0x00000007f5560000,0x00000007f5560000,0x00000007fffe0000)
  from space 64K, 0% used [0x00000007fffe0000,0x00000007fffe0000,0x00000007ffff0000)
  to   space 64K, 0% used [0x00000007ffff0000,0x00000007ffff0000,0x0000000800000000)
 ParOldGen       total 349568K, used 173762K [0x00000007e0000000, 0x00000007f5560000, 0x00000007f5560000)
  object space 349568K, 49% used [0x00000007e0000000,0x00000007ea9b0a90,0x00000007f5560000)
 PSPermGen       total 21248K, used 2876K [0x00000007dae00000, 0x00000007dc2c0000, 0x00000007e0000000)
  object space 21248K, 13% used [0x00000007dae00000,0x00000007db0cf090,0x00000007dc2c0000)
}
{Heap before GC invocations=86 (full 47):
 PSYoungGen      total 174656K, used 168544K [0x00000007f5560000, 0x0000000800000000, 0x0000000800000000)
  eden space 174592K, 96% used [0x00000007f5560000,0x00000007ff9f8088,0x00000007fffe0000)
  from space 64K, 0% used [0x00000007fffe0000,0x00000007fffe0000,0x00000007ffff0000)
  to   space 64K, 0% used [0x00000007ffff0000,0x00000007ffff0000,0x0000000800000000)
 ParOldGen       total 349568K, used 173762K [0x00000007e0000000, 0x00000007f5560000, 0x00000007f5560000)
  object space 349568K, 49% used [0x00000007e0000000,0x00000007ea9b0a90,0x00000007f5560000)
 PSPermGen       total 21248K, used 2876K [0x00000007dae00000, 0x00000007dc2c0000, 0x00000007e0000000)
  object space 21248K, 13% used [0x00000007dae00000,0x00000007db0cf090,0x00000007dc2c0000)
9.195: [GC
Desired survivor size 65536 bytes, new threshold 15 (max 15)
 [PSYoungGen: 168544K->64K(174656K)] 342306K->342362K(524224K), 0.0700140 secs] [Times: user=0.12 sys=0.00, real=0.07 secs] 
Heap after GC invocations=86 (full 47):
 PSYoungGen      total 174656K, used 64K [0x00000007f5560000, 0x0000000800000000, 0x0000000800000000)
  eden space 174592K, 0% used [0x00000007f5560000,0x00000007f5560000,0x00000007fffe0000)
  from space 64K, 100% used [0x00000007ffff0000,0x0000000800000000,0x0000000800000000)
  to   space 64K, 0% used [0x00000007fffe0000,0x00000007fffe0000,0x00000007ffff0000)
 ParOldGen       total 349568K, used 342298K [0x00000007e0000000, 0x00000007f5560000, 0x00000007f5560000)
  object space 349568K, 97% used [0x00000007e0000000,0x00000007f4e46a38,0x00000007f5560000)
 PSPermGen       total 21248K, used 2876K [0x00000007dae00000, 0x00000007dc2c0000, 0x00000007e0000000)
  object space 21248K, 13% used [0x00000007dae00000,0x00000007db0cf090,0x00000007dc2c0000)
}
{Heap before GC invocations=87 (full 48):
 PSYoungGen      total 174656K, used 64K [0x00000007f5560000, 0x0000000800000000, 0x0000000800000000)
  eden space 174592K, 0% used [0x00000007f5560000,0x00000007f5560000,0x00000007fffe0000)
  from space 64K, 100% used [0x00000007ffff0000,0x0000000800000000,0x0000000800000000)
  to   space 64K, 0% used [0x00000007fffe0000,0x00000007fffe0000,0x00000007ffff0000)
 ParOldGen       total 349568K, used 342298K [0x00000007e0000000, 0x00000007f5560000, 0x00000007f5560000)
  object space 349568K, 97% used [0x00000007e0000000,0x00000007f4e46a38,0x00000007f5560000)
 PSPermGen       total 21248K, used 2876K [0x00000007dae00000, 0x00000007dc2c0000, 0x00000007e0000000)
  object space 21248K, 13% used [0x00000007dae00000,0x00000007db0cf090,0x00000007dc2c0000)
9.265: [Full GC [PSYoungGen: 64K->0K(174656K)] [ParOldGen: 342298K->230999K(349568K)] 342362K->230999K(524224K) [PSPermGen: 2876K->2876K(21248K)], 0.1645480 secs] [Times: user=0.29 sys=0.00, real=0.17 secs] 
Heap after GC invocations=87 (full 48):
 PSYoungGen      total 174656K, used 0K [0x00000007f5560000, 0x0000000800000000, 0x0000000800000000)
  eden space 174592K, 0% used [0x00000007f5560000,0x00000007f5560000,0x00000007fffe0000)
  from space 64K, 0% used [0x00000007ffff0000,0x00000007ffff0000,0x0000000800000000)
  to   space 64K, 0% used [0x00000007fffe0000,0x00000007fffe0000,0x00000007ffff0000)
 ParOldGen       total 349568K, used 230999K [0x00000007e0000000, 0x00000007f5560000, 0x00000007f5560000)
  object space 349568K, 66% used [0x00000007e0000000,0x00000007ee195f90,0x00000007f5560000)
 PSPermGen       total 21248K, used 2876K [0x00000007dae00000, 0x00000007dc2c0000, 0x00000007e0000000)
  object space 21248K, 13% used [0x00000007dae00000,0x00000007db0cf090,0x00000007dc2c0000)
}
{Heap before GC invocations=88 (full 49):
 PSYoungGen      total 174656K, used 158879K [0x00000007f5560000, 0x0000000800000000, 0x0000000800000000)
  eden space 174592K, 91% used [0x00000007f5560000,0x00000007ff087ef8,0x00000007fffe0000)
  from space 64K, 0% used [0x00000007ffff0000,0x00000007ffff0000,0x0000000800000000)
  to   space 64K, 0% used [0x00000007fffe0000,0x00000007fffe0000,0x00000007ffff0000)
 ParOldGen       total 349568K, used 230999K [0x00000007e0000000, 0x00000007f5560000, 0x00000007f5560000)
  object space 349568K, 66% used [0x00000007e0000000,0x00000007ee195f90,0x00000007f5560000)
 PSPermGen       total 21248K, used 2876K [0x00000007dae00000, 0x00000007dc2c0000, 0x00000007e0000000)
  object space 21248K, 13% used [0x00000007dae00000,0x00000007db0cf090,0x00000007dc2c0000)
9.511: [Full GC [PSYoungGen: 158879K->0K(174656K)] [ParOldGen: 230999K->221832K(349568K)] 389879K->221832K(524224K) [PSPermGen: 2876K->2876K(21248K)], 0.1664700 secs] [Times: user=0.29 sys=0.01, real=0.16 secs] 
Heap after GC invocations=88 (full 49):
 PSYoungGen      total 174656K, used 0K [0x00000007f5560000, 0x0000000800000000, 0x0000000800000000)
  eden space 174592K, 0% used [0x00000007f5560000,0x00000007f5560000,0x00000007fffe0000)
  from space 64K, 0% used [0x00000007ffff0000,0x00000007ffff0000,0x0000000800000000)
  to   space 64K, 0% used [0x00000007fffe0000,0x00000007fffe0000,0x00000007ffff0000)
 ParOldGen       total 349568K, used 221832K [0x00000007e0000000, 0x00000007f5560000, 0x00000007f5560000)
  object space 349568K, 63% used [0x00000007e0000000,0x00000007ed8a23b0,0x00000007f5560000)
 PSPermGen       total 21248K, used 2876K [0x00000007dae00000, 0x00000007dc2c0000, 0x00000007e0000000)
  object space 21248K, 13% used [0x00000007dae00000,0x00000007db0cf090,0x00000007dc2c0000)
}
{Heap before GC invocations=89 (full 50):
 PSYoungGen      total 174656K, used 159575K [0x00000007f5560000, 0x0000000800000000, 0x0000000800000000)
  eden space 174592K, 91% used [0x00000007f5560000,0x00000007ff135c48,0x00000007fffe0000)
  from space 64K, 0% used [0x00000007ffff0000,0x00000007ffff0000,0x0000000800000000)
  to   space 64K, 0% used [0x00000007fffe0000,0x00000007fffe0000,0x00000007ffff0000)
 ParOldGen       total 349568K, used 221832K [0x00000007e0000000, 0x00000007f5560000, 0x00000007f5560000)
  object space 349568K, 63% used [0x00000007e0000000,0x00000007ed8a23b0,0x00000007f5560000)
 PSPermGen       total 21248K, used 2876K [0x00000007dae00000, 0x00000007dc2c0000, 0x00000007e0000000)
  object space 21248K, 13% used [0x00000007dae00000,0x00000007db0cf090,0x00000007dc2c0000)
9.759: [Full GC [PSYoungGen: 159575K->0K(174656K)] [ParOldGen: 221832K->177155K(349568K)] 381407K->177155K(524224K) [PSPermGen: 2876K->2876K(21248K)], 0.1420430 secs] [Times: user=0.25 sys=0.00, real=0.14 secs] 
Heap after GC invocations=89 (full 50):
 PSYoungGen      total 174656K, used 0K [0x00000007f5560000, 0x0000000800000000, 0x0000000800000000)
  eden space 174592K, 0% used [0x00000007f5560000,0x00000007f5560000,0x00000007fffe0000)
  from space 64K, 0% used [0x00000007ffff0000,0x00000007ffff0000,0x0000000800000000)
  to   space 64K, 0% used [0x00000007fffe0000,0x00000007fffe0000,0x00000007ffff0000)
 ParOldGen       total 349568K, used 177155K [0x00000007e0000000, 0x00000007f5560000, 0x00000007f5560000)
  object space 349568K, 50% used [0x00000007e0000000,0x00000007ead00e40,0x00000007f5560000)
 PSPermGen       total 21248K, used 2876K [0x00000007dae00000, 0x00000007dc2c0000, 0x00000007e0000000)
  object space 21248K, 13% used [0x00000007dae00000,0x00000007db0cf090,0x00000007dc2c0000)
}
{Heap before GC invocations=90 (full 50):
 PSYoungGen      total 174656K, used 172369K [0x00000007f5560000, 0x0000000800000000, 0x0000000800000000)
  eden space 174592K, 98% used [0x00000007f5560000,0x00000007ffdb44f0,0x00000007fffe0000)
  from space 64K, 0% used [0x00000007ffff0000,0x00000007ffff0000,0x0000000800000000)
  to   space 64K, 0% used [0x00000007fffe0000,0x00000007fffe0000,0x00000007ffff0000)
 ParOldGen       total 349568K, used 177155K [0x00000007e0000000, 0x00000007f5560000, 0x00000007f5560000)
  object space 349568K, 50% used [0x00000007e0000000,0x00000007ead00e40,0x00000007f5560000)
 PSPermGen       total 21248K, used 2876K [0x00000007dae00000, 0x00000007dc2c0000, 0x00000007e0000000)
  object space 21248K, 13% used [0x00000007dae00000,0x00000007db0cf090,0x00000007dc2c0000)
9.993: [GC
Desired survivor size 65536 bytes, new threshold 15 (max 15)
 [PSYoungGen: 172369K->64K(174656K)] 349524K->349580K(524224K), 0.0700210 secs] [Times: user=0.14 sys=0.00, real=0.07 secs] 
Heap after GC invocations=90 (full 50):
 PSYoungGen      total 174656K, used 64K [0x00000007f5560000, 0x0000000800000000, 0x0000000800000000)
  eden space 174592K, 0% used [0x00000007f5560000,0x00000007f5560000,0x00000007fffe0000)
  from space 64K, 100% used [0x00000007fffe0000,0x00000007ffff0000,0x00000007ffff0000)
  to   space 64K, 0% used [0x00000007ffff0000,0x00000007ffff0000,0x0000000800000000)
 ParOldGen       total 349568K, used 349516K [0x00000007e0000000, 0x00000007f5560000, 0x00000007f5560000)
  object space 349568K, 99% used [0x00000007e0000000,0x00000007f5553250,0x00000007f5560000)
 PSPermGen       total 21248K, used 2876K [0x00000007dae00000, 0x00000007dc2c0000, 0x00000007e0000000)
  object space 21248K, 13% used [0x00000007dae00000,0x00000007db0cf090,0x00000007dc2c0000)
}
{Heap before GC invocations=91 (full 51):
 PSYoungGen      total 174656K, used 64K [0x00000007f5560000, 0x0000000800000000, 0x0000000800000000)
  eden space 174592K, 0% used [0x00000007f5560000,0x00000007f5560000,0x00000007fffe0000)
  from space 64K, 100% used [0x00000007fffe0000,0x00000007ffff0000,0x00000007ffff0000)
  to   space 64K, 0% used [0x00000007ffff0000,0x00000007ffff0000,0x0000000800000000)
 ParOldGen       total 349568K, used 349516K [0x00000007e0000000, 0x00000007f5560000, 0x00000007f5560000)
  object space 349568K, 99% used [0x00000007e0000000,0x00000007f5553250,0x00000007f5560000)
 PSPermGen       total 21248K, used 2876K [0x00000007dae00000, 0x00000007dc2c0000, 0x00000007e0000000)
  object space 21248K, 13% used [0x00000007dae00000,0x00000007db0cf090,0x00000007dc2c0000)
10.063: [Full GC [PSYoungGen: 64K->0K(174656K)] [ParOldGen: 349516K->233264K(349568K)] 349580K->233264K(524224K) [PSPermGen: 2876K->2876K(21248K)], 0.1669690 secs] [Times: user=0.29 sys=0.01, real=0.17 secs] 
Heap after GC invocations=91 (full 51):
 PSYoungGen      total 174656K, used 0K [0x00000007f5560000, 0x0000000800000000, 0x0000000800000000)
  eden space 174592K, 0% used [0x00000007f5560000,0x00000007f5560000,0x00000007fffe0000)
  from space 64K, 0% used [0x00000007fffe0000,0x00000007fffe0000,0x00000007ffff0000)
  to   space 64K, 0% used [0x00000007ffff0000,0x00000007ffff0000,0x0000000800000000)
 ParOldGen       total 349568K, used 233264K [0x00000007e0000000, 0x00000007f5560000, 0x00000007f5560000)
  object space 349568K, 66% used [0x00000007e0000000,0x00000007ee3cc120,0x00000007f5560000)
 PSPermGen       total 21248K, used 2876K [0x00000007dae00000, 0x00000007dc2c0000, 0x00000007e0000000)
  object space 21248K, 13% used [0x00000007dae00000,0x00000007db0cf090,0x00000007dc2c0000)
}
{Heap before GC invocations=92 (full 52):
 PSYoungGen      total 174656K, used 169536K [0x00000007f5560000, 0x0000000800000000, 0x0000000800000000)
  eden space 174592K, 97% used [0x00000007f5560000,0x00000007ffaf0068,0x00000007fffe0000)
  from space 64K, 0% used [0x00000007fffe0000,0x00000007fffe0000,0x00000007ffff0000)
  to   space 64K, 0% used [0x00000007ffff0000,0x00000007ffff0000,0x0000000800000000)
 ParOldGen       total 349568K, used 233264K [0x00000007e0000000, 0x00000007f5560000, 0x00000007f5560000)
  object space 349568K, 66% used [0x00000007e0000000,0x00000007ee3cc120,0x00000007f5560000)
 PSPermGen       total 21248K, used 2876K [0x00000007dae00000, 0x00000007dc2c0000, 0x00000007e0000000)
  object space 21248K, 13% used [0x00000007dae00000,0x00000007db0cf090,0x00000007dc2c0000)
10.317: [Full GC [PSYoungGen: 169536K->0K(174656K)] [ParOldGen: 233264K->200870K(349568K)] 402800K->200870K(524224K) [PSPermGen: 2876K->2876K(21248K)], 0.1603500 secs] [Times: user=0.27 sys=0.00, real=0.16 secs] 
Heap after GC invocations=92 (full 52):
 PSYoungGen      total 174656K, used 0K [0x00000007f5560000, 0x0000000800000000, 0x0000000800000000)
  eden space 174592K, 0% used [0x00000007f5560000,0x00000007f5560000,0x00000007fffe0000)
  from space 64K, 0% used [0x00000007fffe0000,0x00000007fffe0000,0x00000007ffff0000)
  to   space 64K, 0% used [0x00000007ffff0000,0x00000007ffff0000,0x0000000800000000)
 ParOldGen       total 349568K, used 200870K [0x00000007e0000000, 0x00000007f5560000, 0x00000007f5560000)
  object space 349568K, 57% used [0x00000007e0000000,0x00000007ec429940,0x00000007f5560000)
 PSPermGen       total 21248K, used 2876K [0x00000007dae00000, 0x00000007dc2c0000, 0x00000007e0000000)
  object space 21248K, 13% used [0x00000007dae00000,0x00000007db0cf090,0x00000007dc2c0000)
}
{Heap before GC invocations=93 (full 53):
 PSYoungGen      total 174656K, used 166344K [0x00000007f5560000, 0x0000000800000000, 0x0000000800000000)
  eden space 174592K, 95% used [0x00000007f5560000,0x00000007ff7d2208,0x00000007fffe0000)
  from space 64K, 0% used [0x00000007fffe0000,0x00000007fffe0000,0x00000007ffff0000)
  to   space 64K, 0% used [0x00000007ffff0000,0x00000007ffff0000,0x0000000800000000)
 ParOldGen       total 349568K, used 200870K [0x00000007e0000000, 0x00000007f5560000, 0x00000007f5560000)
  object space 349568K, 57% used [0x00000007e0000000,0x00000007ec429940,0x00000007f5560000)
 PSPermGen       total 21248K, used 2876K [0x00000007dae00000, 0x00000007dc2c0000, 0x00000007e0000000)
  object space 21248K, 13% used [0x00000007dae00000,0x00000007db0cf090,0x00000007dc2c0000)
10.562: [Full GC [PSYoungGen: 166344K->0K(174656K)] [ParOldGen: 200870K->187135K(349568K)] 367214K->187135K(524224K) [PSPermGen: 2876K->2876K(21248K)], 0.1443900 secs] [Times: user=0.26 sys=0.00, real=0.14 secs] 
Heap after GC invocations=93 (full 53):
 PSYoungGen      total 174656K, used 0K [0x00000007f5560000, 0x0000000800000000, 0x0000000800000000)
  eden space 174592K, 0% used [0x00000007f5560000,0x00000007f5560000,0x00000007fffe0000)
  from space 64K, 0% used [0x00000007fffe0000,0x00000007fffe0000,0x00000007ffff0000)
  to   space 64K, 0% used [0x00000007ffff0000,0x00000007ffff0000,0x0000000800000000)
 ParOldGen       total 349568K, used 187135K [0x00000007e0000000, 0x00000007f5560000, 0x00000007f5560000)
  object space 349568K, 53% used [0x00000007e0000000,0x00000007eb6bfec8,0x00000007f5560000)
 PSPermGen       total 21248K, used 2876K [0x00000007dae00000, 0x00000007dc2c0000, 0x00000007e0000000)
  object space 21248K, 13% used [0x00000007dae00000,0x00000007db0cf090,0x00000007dc2c0000)
}
{Heap before GC invocations=94 (full 54):
 PSYoungGen      total 174656K, used 172420K [0x00000007f5560000, 0x0000000800000000, 0x0000000800000000)
  eden space 174592K, 98% used [0x00000007f5560000,0x00000007ffdc1350,0x00000007fffe0000)
  from space 64K, 0% used [0x00000007fffe0000,0x00000007fffe0000,0x00000007ffff0000)
  to   space 64K, 0% used [0x00000007ffff0000,0x00000007ffff0000,0x0000000800000000)
 ParOldGen       total 349568K, used 187135K [0x00000007e0000000, 0x00000007f5560000, 0x00000007f5560000)
  object space 349568K, 53% used [0x00000007e0000000,0x00000007eb6bfec8,0x00000007f5560000)
 PSPermGen       total 21248K, used 2876K [0x00000007dae00000, 0x00000007dc2c0000, 0x00000007e0000000)
  object space 21248K, 13% used [0x00000007dae00000,0x00000007db0cf090,0x00000007dc2c0000)
10.794: [Full GC [PSYoungGen: 172420K->0K(174656K)] [ParOldGen: 187135K->231467K(349568K)] 359556K->231467K(524224K) [PSPermGen: 2876K->2876K(21248K)], 0.1708670 secs] [Times: user=0.32 sys=0.01, real=0.17 secs] 
Heap after GC invocations=94 (full 54):
 PSYoungGen      total 174656K, used 0K [0x00000007f5560000, 0x0000000800000000, 0x0000000800000000)
  eden space 174592K, 0% used [0x00000007f5560000,0x00000007f5560000,0x00000007fffe0000)
  from space 64K, 0% used [0x00000007fffe0000,0x00000007fffe0000,0x00000007ffff0000)
  to   space 64K, 0% used [0x00000007ffff0000,0x00000007ffff0000,0x0000000800000000)
 ParOldGen       total 349568K, used 231467K [0x00000007e0000000, 0x00000007f5560000, 0x00000007f5560000)
  object space 349568K, 66% used [0x00000007e0000000,0x00000007ee20aed8,0x00000007f5560000)
 PSPermGen       total 21248K, used 2876K [0x00000007dae00000, 0x00000007dc2c0000, 0x00000007e0000000)
  object space 21248K, 13% used [0x00000007dae00000,0x00000007db0cf090,0x00000007dc2c0000)
}
{Heap before GC invocations=95 (full 55):
 PSYoungGen      total 174656K, used 154593K [0x00000007f5560000, 0x0000000800000000, 0x0000000800000000)
  eden space 174592K, 88% used [0x00000007f5560000,0x00000007fec58700,0x00000007fffe0000)
  from space 64K, 0% used [0x00000007fffe0000,0x00000007fffe0000,0x00000007ffff0000)
  to   space 64K, 0% used [0x00000007ffff0000,0x00000007ffff0000,0x0000000800000000)
 ParOldGen       total 349568K, used 231467K [0x00000007e0000000, 0x00000007f5560000, 0x00000007f5560000)
  object space 349568K, 66% used [0x00000007e0000000,0x00000007ee20aed8,0x00000007f5560000)
 PSPermGen       total 21248K, used 2876K [0x00000007dae00000, 0x00000007dc2c0000, 0x00000007e0000000)
  object space 21248K, 13% used [0x00000007dae00000,0x00000007db0cf090,0x00000007dc2c0000)
11.044: [Full GC [PSYoungGen: 154593K->0K(174656K)] [ParOldGen: 231467K->194847K(349568K)] 386061K->194847K(524224K) [PSPermGen: 2876K->2876K(21248K)], 0.1510860 secs] [Times: user=0.27 sys=0.00, real=0.15 secs] 
Heap after GC invocations=95 (full 55):
 PSYoungGen      total 174656K, used 0K [0x00000007f5560000, 0x0000000800000000, 0x0000000800000000)
  eden space 174592K, 0% used [0x00000007f5560000,0x00000007f5560000,0x00000007fffe0000)
  from space 64K, 0% used [0x00000007fffe0000,0x00000007fffe0000,0x00000007ffff0000)
  to   space 64K, 0% used [0x00000007ffff0000,0x00000007ffff0000,0x0000000800000000)
 ParOldGen       total 349568K, used 194847K [0x00000007e0000000, 0x00000007f5560000, 0x00000007f5560000)
  object space 349568K, 55% used [0x00000007e0000000,0x00000007ebe47d08,0x00000007f5560000)
 PSPermGen       total 21248K, used 2876K [0x00000007dae00000, 0x00000007dc2c0000, 0x00000007e0000000)
  object space 21248K, 13% used [0x00000007dae00000,0x00000007db0cf090,0x00000007dc2c0000)
}
{Heap before GC invocations=96 (full 56):
 PSYoungGen      total 174656K, used 168143K [0x00000007f5560000, 0x0000000800000000, 0x0000000800000000)
  eden space 174592K, 96% used [0x00000007f5560000,0x00000007ff993c00,0x00000007fffe0000)
  from space 64K, 0% used [0x00000007fffe0000,0x00000007fffe0000,0x00000007ffff0000)
  to   space 64K, 0% used [0x00000007ffff0000,0x00000007ffff0000,0x0000000800000000)
 ParOldGen       total 349568K, used 194847K [0x00000007e0000000, 0x00000007f5560000, 0x00000007f5560000)
  object space 349568K, 55% used [0x00000007e0000000,0x00000007ebe47d08,0x00000007f5560000)
 PSPermGen       total 21248K, used 2876K [0x00000007dae00000, 0x00000007dc2c0000, 0x00000007e0000000)
  object space 21248K, 13% used [0x00000007dae00000,0x00000007db0cf090,0x00000007dc2c0000)
11.282: [Full GC [PSYoungGen: 168143K->0K(174656K)] [ParOldGen: 194847K->202652K(349568K)] 362990K->202652K(524224K) [PSPermGen: 2876K->2876K(21248K)], 0.1553100 secs] [Times: user=0.28 sys=0.00, real=0.15 secs] 
Heap after GC invocations=96 (full 56):
 PSYoungGen      total 174656K, used 0K [0x00000007f5560000, 0x0000000800000000, 0x0000000800000000)
  eden space 174592K, 0% used [0x00000007f5560000,0x00000007f5560000,0x00000007fffe0000)
  from space 64K, 0% used [0x00000007fffe0000,0x00000007fffe0000,0x00000007ffff0000)
  to   space 64K, 0% used [0x00000007ffff0000,0x00000007ffff0000,0x0000000800000000)
 ParOldGen       total 349568K, used 202652K [0x00000007e0000000, 0x00000007f5560000, 0x00000007f5560000)
  object space 349568K, 57% used [0x00000007e0000000,0x00000007ec5e72a0,0x00000007f5560000)
 PSPermGen       total 21248K, used 2876K [0x00000007dae00000, 0x00000007dc2c0000, 0x00000007e0000000)
  object space 21248K, 13% used [0x00000007dae00000,0x00000007db0cf090,0x00000007dc2c0000)
}
{Heap before GC invocations=97 (full 57):
 PSYoungGen      total 174656K, used 166680K [0x00000007f5560000, 0x0000000800000000, 0x0000000800000000)
  eden space 174592K, 95% used [0x00000007f5560000,0x00000007ff8262a0,0x00000007fffe0000)
  from space 64K, 0% used [0x00000007fffe0000,0x00000007fffe0000,0x00000007ffff0000)
  to   space 64K, 0% used [0x00000007ffff0000,0x00000007ffff0000,0x0000000800000000)
 ParOldGen       total 349568K, used 202652K [0x00000007e0000000, 0x00000007f5560000, 0x00000007f5560000)
  object space 349568K, 57% used [0x00000007e0000000,0x00000007ec5e72a0,0x00000007f5560000)
 PSPermGen       total 21248K, used 2876K [0x00000007dae00000, 0x00000007dc2c0000, 0x00000007e0000000)
  object space 21248K, 13% used [0x00000007dae00000,0x00000007db0cf090,0x00000007dc2c0000)
11.523: [Full GC [PSYoungGen: 166680K->0K(174656K)] [ParOldGen: 202652K->203834K(349568K)] 369333K->203834K(524224K) [PSPermGen: 2876K->2876K(21248K)], 0.1540900 secs] [Times: user=0.29 sys=0.00, real=0.15 secs] 
Heap after GC invocations=97 (full 57):
 PSYoungGen      total 174656K, used 0K [0x00000007f5560000, 0x0000000800000000, 0x0000000800000000)
  eden space 174592K, 0% used [0x00000007f5560000,0x00000007f5560000,0x00000007fffe0000)
  from space 64K, 0% used [0x00000007fffe0000,0x00000007fffe0000,0x00000007ffff0000)
  to   space 64K, 0% used [0x00000007ffff0000,0x00000007ffff0000,0x0000000800000000)
 ParOldGen       total 349568K, used 203834K [0x00000007e0000000, 0x00000007f5560000, 0x00000007f5560000)
  object space 349568K, 58% used [0x00000007e0000000,0x00000007ec70e930,0x00000007f5560000)
 PSPermGen       total 21248K, used 2876K [0x00000007dae00000, 0x00000007dc2c0000, 0x00000007e0000000)
  object space 21248K, 13% used [0x00000007dae00000,0x00000007db0cf090,0x00000007dc2c0000)
}
{Heap before GC invocations=98 (full 58):
 PSYoungGen      total 174656K, used 165502K [0x00000007f5560000, 0x0000000800000000, 0x0000000800000000)
  eden space 174592K, 94% used [0x00000007f5560000,0x00000007ff6ff9a0,0x00000007fffe0000)
  from space 64K, 0% used [0x00000007fffe0000,0x00000007fffe0000,0x00000007ffff0000)
  to   space 64K, 0% used [0x00000007ffff0000,0x00000007ffff0000,0x0000000800000000)
 ParOldGen       total 349568K, used 203834K [0x00000007e0000000, 0x00000007f5560000, 0x00000007f5560000)
  object space 349568K, 58% used [0x00000007e0000000,0x00000007ec70e930,0x00000007f5560000)
 PSPermGen       total 21248K, used 2876K [0x00000007dae00000, 0x00000007dc2c0000, 0x00000007e0000000)
  object space 21248K, 13% used [0x00000007dae00000,0x00000007db0cf090,0x00000007dc2c0000)
11.761: [Full GC [PSYoungGen: 165502K->0K(174656K)] [ParOldGen: 203834K->201277K(349568K)] 369336K->201277K(524224K) [PSPermGen: 2876K->2876K(21248K)], 0.1546570 secs] [Times: user=0.27 sys=0.00, real=0.15 secs] 
Heap after GC invocations=98 (full 58):
 PSYoungGen      total 174656K, used 0K [0x00000007f5560000, 0x0000000800000000, 0x0000000800000000)
  eden space 174592K, 0% used [0x00000007f5560000,0x00000007f5560000,0x00000007fffe0000)
  from space 64K, 0% used [0x00000007fffe0000,0x00000007fffe0000,0x00000007ffff0000)
  to   space 64K, 0% used [0x00000007ffff0000,0x00000007ffff0000,0x0000000800000000)
 ParOldGen       total 349568K, used 201277K [0x00000007e0000000, 0x00000007f5560000, 0x00000007f5560000)
  object space 349568K, 57% used [0x00000007e0000000,0x00000007ec48f480,0x00000007f5560000)
 PSPermGen       total 21248K, used 2876K [0x00000007dae00000, 0x00000007dc2c0000, 0x00000007e0000000)
  object space 21248K, 13% used [0x00000007dae00000,0x00000007db0cf090,0x00000007dc2c0000)
}
{Heap before GC invocations=99 (full 59):
 PSYoungGen      total 174656K, used 168665K [0x00000007f5560000, 0x0000000800000000, 0x0000000800000000)
  eden space 174592K, 96% used [0x00000007f5560000,0x00000007ffa16430,0x00000007fffe0000)
  from space 64K, 0% used [0x00000007fffe0000,0x00000007fffe0000,0x00000007ffff0000)
  to   space 64K, 0% used [0x00000007ffff0000,0x00000007ffff0000,0x0000000800000000)
 ParOldGen       total 349568K, used 201277K [0x00000007e0000000, 0x00000007f5560000, 0x00000007f5560000)
  object space 349568K, 57% used [0x00000007e0000000,0x00000007ec48f480,0x00000007f5560000)
 PSPermGen       total 21248K, used 2876K [0x00000007dae00000, 0x00000007dc2c0000, 0x00000007e0000000)
  object space 21248K, 13% used [0x00000007dae00000,0x00000007db0cf090,0x00000007dc2c0000)
12.004: [Full GC [PSYoungGen: 168665K->0K(174656K)] [ParOldGen: 201277K->211868K(349568K)] 369942K->211868K(524224K) [PSPermGen: 2876K->2876K(21248K)], 0.1593860 secs] [Times: user=0.29 sys=0.00, real=0.16 secs] 
Heap after GC invocations=99 (full 59):
 PSYoungGen      total 174656K, used 0K [0x00000007f5560000, 0x0000000800000000, 0x0000000800000000)
  eden space 174592K, 0% used [0x00000007f5560000,0x00000007f5560000,0x00000007fffe0000)
  from space 64K, 0% used [0x00000007fffe0000,0x00000007fffe0000,0x00000007ffff0000)
  to   space 64K, 0% used [0x00000007ffff0000,0x00000007ffff0000,0x0000000800000000)
 ParOldGen       total 349568K, used 211868K [0x00000007e0000000, 0x00000007f5560000, 0x00000007f5560000)
  object space 349568K, 60% used [0x00000007e0000000,0x00000007ecee7230,0x00000007f5560000)
 PSPermGen       total 21248K, used 2876K [0x00000007dae00000, 0x00000007dc2c0000, 0x00000007e0000000)
  object space 21248K, 13% used [0x00000007dae00000,0x00000007db0cf090,0x00000007dc2c0000)
}
{Heap before GC invocations=100 (full 60):
 PSYoungGen      total 174656K, used 171497K [0x00000007f5560000, 0x0000000800000000, 0x0000000800000000)
  eden space 174592K, 98% used [0x00000007f5560000,0x00000007ffcda7e0,0x00000007fffe0000)
  from space 64K, 0% used [0x00000007fffe0000,0x00000007fffe0000,0x00000007ffff0000)
  to   space 64K, 0% used [0x00000007ffff0000,0x00000007ffff0000,0x0000000800000000)
 ParOldGen       total 349568K, used 211868K [0x00000007e0000000, 0x00000007f5560000, 0x00000007f5560000)
  object space 349568K, 60% used [0x00000007e0000000,0x00000007ecee7230,0x00000007f5560000)
 PSPermGen       total 21248K, used 2876K [0x00000007dae00000, 0x00000007dc2c0000, 0x00000007e0000000)
  object space 21248K, 13% used [0x00000007dae00000,0x00000007db0cf090,0x00000007dc2c0000)
12.252: [Full GC [PSYoungGen: 171497K->0K(174656K)] [ParOldGen: 211868K->213312K(349568K)] 383366K->213312K(524224K) [PSPermGen: 2876K->2876K(21248K)], 0.1614250 secs] [Times: user=0.30 sys=0.01, real=0.16 secs] 
Heap after GC invocations=100 (full 60):
 PSYoungGen      total 174656K, used 0K [0x00000007f5560000, 0x0000000800000000, 0x0000000800000000)
  eden space 174592K, 0% used [0x00000007f5560000,0x00000007f5560000,0x00000007fffe0000)
  from space 64K, 0% used [0x00000007fffe0000,0x00000007fffe0000,0x00000007ffff0000)
  to   space 64K, 0% used [0x00000007ffff0000,0x00000007ffff0000,0x0000000800000000)
 ParOldGen       total 349568K, used 213312K [0x00000007e0000000, 0x00000007f5560000, 0x00000007f5560000)
  object space 349568K, 61% used [0x00000007e0000000,0x00000007ed050010,0x00000007f5560000)
 PSPermGen       total 21248K, used 2876K [0x00000007dae00000, 0x00000007dc2c0000, 0x00000007e0000000)
  object space 21248K, 13% used [0x00000007dae00000,0x00000007db0cf090,0x00000007dc2c0000)
}
{Heap before GC invocations=101 (full 61):
 PSYoungGen      total 174656K, used 172970K [0x00000007f5560000, 0x0000000800000000, 0x0000000800000000)
  eden space 174592K, 99% used [0x00000007f5560000,0x00000007ffe4a8f8,0x00000007fffe0000)
  from space 64K, 0% used [0x00000007fffe0000,0x00000007fffe0000,0x00000007ffff0000)
  to   space 64K, 0% used [0x00000007ffff0000,0x00000007ffff0000,0x0000000800000000)
 ParOldGen       total 349568K, used 213312K [0x00000007e0000000, 0x00000007f5560000, 0x00000007f5560000)
  object space 349568K, 61% used [0x00000007e0000000,0x00000007ed050010,0x00000007f5560000)
 PSPermGen       total 21248K, used 2876K [0x00000007dae00000, 0x00000007dc2c0000, 0x00000007e0000000)
  object space 21248K, 13% used [0x00000007dae00000,0x00000007db0cf090,0x00000007dc2c0000)
12.502: [Full GC [PSYoungGen: 172970K->0K(174656K)] [ParOldGen: 213312K->192307K(349568K)] 386282K->192307K(524224K) [PSPermGen: 2876K->2876K(21248K)], 0.1512490 secs] [Times: user=0.27 sys=0.00, real=0.15 secs] 
Heap after GC invocations=101 (full 61):
 PSYoungGen      total 174656K, used 0K [0x00000007f5560000, 0x0000000800000000, 0x0000000800000000)
  eden space 174592K, 0% used [0x00000007f5560000,0x00000007f5560000,0x00000007fffe0000)
  from space 64K, 0% used [0x00000007fffe0000,0x00000007fffe0000,0x00000007ffff0000)
  to   space 64K, 0% used [0x00000007ffff0000,0x00000007ffff0000,0x0000000800000000)
 ParOldGen       total 349568K, used 192307K [0x00000007e0000000, 0x00000007f5560000, 0x00000007f5560000)
  object space 349568K, 55% used [0x00000007e0000000,0x00000007ebbccde0,0x00000007f5560000)
 PSPermGen       total 21248K, used 2876K [0x00000007dae00000, 0x00000007dc2c0000, 0x00000007e0000000)
  object space 21248K, 13% used [0x00000007dae00000,0x00000007db0cf090,0x00000007dc2c0000)
}
{Heap before GC invocations=102 (full 62):
 PSYoungGen      total 174656K, used 171220K [0x00000007f5560000, 0x0000000800000000, 0x0000000800000000)
  eden space 174592K, 98% used [0x00000007f5560000,0x00000007ffc952c0,0x00000007fffe0000)
  from space 64K, 0% used [0x00000007fffe0000,0x00000007fffe0000,0x00000007ffff0000)
  to   space 64K, 0% used [0x00000007ffff0000,0x00000007ffff0000,0x0000000800000000)
 ParOldGen       total 349568K, used 192307K [0x00000007e0000000, 0x00000007f5560000, 0x00000007f5560000)
  object space 349568K, 55% used [0x00000007e0000000,0x00000007ebbccde0,0x00000007f5560000)
 PSPermGen       total 21248K, used 2876K [0x00000007dae00000, 0x00000007dc2c0000, 0x00000007e0000000)
  object space 21248K, 13% used [0x00000007dae00000,0x00000007db0cf090,0x00000007dc2c0000)
12.743: [Full GC [PSYoungGen: 171220K->0K(174656K)] [ParOldGen: 192307K->171508K(349568K)] 363528K->171508K(524224K) [PSPermGen: 2876K->2876K(21248K)], 0.1353790 secs] [Times: user=0.25 sys=0.00, real=0.13 secs] 
Heap after GC invocations=102 (full 62):
 PSYoungGen      total 174656K, used 0K [0x00000007f5560000, 0x0000000800000000, 0x0000000800000000)
  eden space 174592K, 0% used [0x00000007f5560000,0x00000007f5560000,0x00000007fffe0000)
  from space 64K, 0% used [0x00000007fffe0000,0x00000007fffe0000,0x00000007ffff0000)
  to   space 64K, 0% used [0x00000007ffff0000,0x00000007ffff0000,0x0000000800000000)
 ParOldGen       total 349568K, used 171508K [0x00000007e0000000, 0x00000007f5560000, 0x00000007f5560000)
  object space 349568K, 49% used [0x00000007e0000000,0x00000007ea77d3f0,0x00000007f5560000)
 PSPermGen       total 21248K, used 2876K [0x00000007dae00000, 0x00000007dc2c0000, 0x00000007e0000000)
  object space 21248K, 13% used [0x00000007dae00000,0x00000007db0cf090,0x00000007dc2c0000)
}
{Heap before GC invocations=103 (full 62):
 PSYoungGen      total 174656K, used 164135K [0x00000007f5560000, 0x0000000800000000, 0x0000000800000000)
  eden space 174592K, 94% used [0x00000007f5560000,0x00000007ff5a9c80,0x00000007fffe0000)
  from space 64K, 0% used [0x00000007fffe0000,0x00000007fffe0000,0x00000007ffff0000)
  to   space 64K, 0% used [0x00000007ffff0000,0x00000007ffff0000,0x0000000800000000)
 ParOldGen       total 349568K, used 171508K [0x00000007e0000000, 0x00000007f5560000, 0x00000007f5560000)
  object space 349568K, 49% used [0x00000007e0000000,0x00000007ea77d3f0,0x00000007f5560000)
 PSPermGen       total 21248K, used 2876K [0x00000007dae00000, 0x00000007dc2c0000, 0x00000007e0000000)
  object space 21248K, 13% used [0x00000007dae00000,0x00000007db0cf090,0x00000007dc2c0000)
12.962: [GC
Desired survivor size 65536 bytes, new threshold 15 (max 15)
 [PSYoungGen: 164135K->64K(174656K)] 335644K->335699K(524224K), 0.0649540 secs] [Times: user=0.13 sys=0.00, real=0.06 secs] 
Heap after GC invocations=103 (full 62):
 PSYoungGen      total 174656K, used 64K [0x00000007f5560000, 0x0000000800000000, 0x0000000800000000)
  eden space 174592K, 0% used [0x00000007f5560000,0x00000007f5560000,0x00000007fffe0000)
  from space 64K, 100% used [0x00000007ffff0000,0x0000000800000000,0x0000000800000000)
  to   space 64K, 0% used [0x00000007fffe0000,0x00000007fffe0000,0x00000007ffff0000)
 ParOldGen       total 349568K, used 335635K [0x00000007e0000000, 0x00000007f5560000, 0x00000007f5560000)
  object space 349568K, 96% used [0x00000007e0000000,0x00000007f47c4fb8,0x00000007f5560000)
 PSPermGen       total 21248K, used 2876K [0x00000007dae00000, 0x00000007dc2c0000, 0x00000007e0000000)
  object space 21248K, 13% used [0x00000007dae00000,0x00000007db0cf090,0x00000007dc2c0000)
}
{Heap before GC invocations=104 (full 63):
 PSYoungGen      total 174656K, used 64K [0x00000007f5560000, 0x0000000800000000, 0x0000000800000000)
  eden space 174592K, 0% used [0x00000007f5560000,0x00000007f5560000,0x00000007fffe0000)
  from space 64K, 100% used [0x00000007ffff0000,0x0000000800000000,0x0000000800000000)
  to   space 64K, 0% used [0x00000007fffe0000,0x00000007fffe0000,0x00000007ffff0000)
 ParOldGen       total 349568K, used 335635K [0x00000007e0000000, 0x00000007f5560000, 0x00000007f5560000)
  object space 349568K, 96% used [0x00000007e0000000,0x00000007f47c4fb8,0x00000007f5560000)
 PSPermGen       total 21248K, used 2876K [0x00000007dae00000, 0x00000007dc2c0000, 0x00000007e0000000)
  object space 21248K, 13% used [0x00000007dae00000,0x00000007db0cf090,0x00000007dc2c0000)
13.027: [Full GC [PSYoungGen: 64K->0K(174656K)] [ParOldGen: 335635K->207633K(349568K)] 335699K->207633K(524224K) [PSPermGen: 2876K->2876K(21248K)], 0.1508210 secs] [Times: user=0.27 sys=0.00, real=0.15 secs] 
Heap after GC invocations=104 (full 63):
 PSYoungGen      total 174656K, used 0K [0x00000007f5560000, 0x0000000800000000, 0x0000000800000000)
  eden space 174592K, 0% used [0x00000007f5560000,0x00000007f5560000,0x00000007fffe0000)
  from space 64K, 0% used [0x00000007ffff0000,0x00000007ffff0000,0x0000000800000000)
  to   space 64K, 0% used [0x00000007fffe0000,0x00000007fffe0000,0x00000007ffff0000)
 ParOldGen       total 349568K, used 207633K [0x00000007e0000000, 0x00000007f5560000, 0x00000007f5560000)
  object space 349568K, 59% used [0x00000007e0000000,0x00000007ecac4500,0x00000007f5560000)
 PSPermGen       total 21248K, used 2876K [0x00000007dae00000, 0x00000007dc2c0000, 0x00000007e0000000)
  object space 21248K, 13% used [0x00000007dae00000,0x00000007db0cf090,0x00000007dc2c0000)
}
{Heap before GC invocations=105 (full 64):
 PSYoungGen      total 174656K, used 160563K [0x00000007f5560000, 0x0000000800000000, 0x0000000800000000)
  eden space 174592K, 91% used [0x00000007f5560000,0x00000007ff22cce8,0x00000007fffe0000)
  from space 64K, 0% used [0x00000007ffff0000,0x00000007ffff0000,0x0000000800000000)
  to   space 64K, 0% used [0x00000007fffe0000,0x00000007fffe0000,0x00000007ffff0000)
 ParOldGen       total 349568K, used 207633K [0x00000007e0000000, 0x00000007f5560000, 0x00000007f5560000)
  object space 349568K, 59% used [0x00000007e0000000,0x00000007ecac4500,0x00000007f5560000)
 PSPermGen       total 21248K, used 2876K [0x00000007dae00000, 0x00000007dc2c0000, 0x00000007e0000000)
  object space 21248K, 13% used [0x00000007dae00000,0x00000007db0cf090,0x00000007dc2c0000)
13.264: [Full GC [PSYoungGen: 160563K->0K(174656K)] [ParOldGen: 207633K->201906K(349568K)] 368196K->201906K(524224K) [PSPermGen: 2876K->2876K(21248K)], 0.1539150 secs] [Times: user=0.28 sys=0.00, real=0.15 secs] 
Heap after GC invocations=105 (full 64):
 PSYoungGen      total 174656K, used 0K [0x00000007f5560000, 0x0000000800000000, 0x0000000800000000)
  eden space 174592K, 0% used [0x00000007f5560000,0x00000007f5560000,0x00000007fffe0000)
  from space 64K, 0% used [0x00000007ffff0000,0x00000007ffff0000,0x0000000800000000)
  to   space 64K, 0% used [0x00000007fffe0000,0x00000007fffe0000,0x00000007ffff0000)
 ParOldGen       total 349568K, used 201906K [0x00000007e0000000, 0x00000007f5560000, 0x00000007f5560000)
  object space 349568K, 57% used [0x00000007e0000000,0x00000007ec52cbb0,0x00000007f5560000)
 PSPermGen       total 21248K, used 2876K [0x00000007dae00000, 0x00000007dc2c0000, 0x00000007e0000000)
  object space 21248K, 13% used [0x00000007dae00000,0x00000007db0cf090,0x00000007dc2c0000)
}
Heap
 PSYoungGen      total 174656K, used 70437K [0x00000007f5560000, 0x0000000800000000, 0x0000000800000000)
  eden space 174592K, 40% used [0x00000007f5560000,0x00000007f9a297e0,0x00000007fffe0000)
  from space 64K, 0% used [0x00000007ffff0000,0x00000007ffff0000,0x0000000800000000)
  to   space 64K, 0% used [0x00000007fffe0000,0x00000007fffe0000,0x00000007ffff0000)
 ParOldGen       total 349568K, used 201906K [0x00000007e0000000, 0x00000007f5560000, 0x00000007f5560000)
  object space 349568K, 57% used [0x00000007e0000000,0x00000007ec52cbb0,0x00000007f5560000)
 PSPermGen       total 21248K, used 2885K [0x00000007dae00000, 0x00000007dc2c0000, 0x00000007e0000000)
  object space 21248K, 13% used [0x00000007dae00000,0x00000007db0d1558,0x00000007dc2c0000)
