{Heap before GC invocations=0 (full 0):
 par new generation   total 39296K, used 25697K [0x00000001048b0000, 0x0000000107350000, 0x000000010f350000)
  eden space 34944K,  73% used [0x00000001048b0000, 0x00000001061c8748, 0x0000000106ad0000)
  from space 4352K,   0% used [0x0000000106ad0000, 0x0000000106ad0000, 0x0000000106f10000)
  to   space 4352K,   0% used [0x0000000106f10000, 0x0000000106f10000, 0x0000000107350000)
 tenured generation   total 87424K, used 0K [0x000000010f350000, 0x00000001148b0000, 0x00000001248b0000)
   the space 87424K,   0% used [0x000000010f350000, 0x000000010f350000, 0x000000010f350200, 0x00000001148b0000)
 compacting perm gen  total 21248K, used 2864K [0x00000001248b0000, 0x0000000125d70000, 0x0000000129ab0000)
   the space 21248K,  13% used [0x00000001248b0000, 0x0000000124b7c080, 0x0000000124b7c200, 0x0000000125d70000)
No shared spaces configured.
0.109: [GC 0.109: [ParNew
Desired survivor size 2228224 bytes, new threshold 15 (max 15)
- age   1:     342680 bytes,     342680 total
: 25697K->342K(39296K), 0.0249380 secs] 25697K->17644K(126720K), 0.0249990 secs] [Times: user=0.04 sys=0.01, real=0.02 secs] 
Heap after GC invocations=1 (full 0):
 par new generation   total 39296K, used 342K [0x00000001048b0000, 0x0000000107350000, 0x000000010f350000)
  eden space 34944K,   0% used [0x00000001048b0000, 0x00000001048b0000, 0x0000000106ad0000)
  from space 4352K,   7% used [0x0000000106f10000, 0x0000000106f65a80, 0x0000000107350000)
  to   space 4352K,   0% used [0x0000000106ad0000, 0x0000000106ad0000, 0x0000000106f10000)
 tenured generation   total 87424K, used 17301K [0x000000010f350000, 0x00000001148b0000, 0x00000001248b0000)
   the space 87424K,  19% used [0x000000010f350000, 0x0000000110435610, 0x0000000110435800, 0x00000001148b0000)
 compacting perm gen  total 21248K, used 2864K [0x00000001248b0000, 0x0000000125d70000, 0x0000000129ab0000)
   the space 21248K,  13% used [0x00000001248b0000, 0x0000000124b7c080, 0x0000000124b7c200, 0x0000000125d70000)
No shared spaces configured.
}
{Heap before GC invocations=1 (full 0):
 par new generation   total 39296K, used 19042K [0x00000001048b0000, 0x0000000107350000, 0x000000010f350000)
  eden space 34944K,  53% used [0x00000001048b0000, 0x0000000105af2e18, 0x0000000106ad0000)
  from space 4352K,   7% used [0x0000000106f10000, 0x0000000106f65a80, 0x0000000107350000)
  to   space 4352K,   0% used [0x0000000106ad0000, 0x0000000106ad0000, 0x0000000106f10000)
 tenured generation   total 87424K, used 17301K [0x000000010f350000, 0x00000001148b0000, 0x00000001248b0000)
   the space 87424K,  19% used [0x000000010f350000, 0x0000000110435610, 0x0000000110435800, 0x00000001148b0000)
 compacting perm gen  total 21248K, used 2867K [0x00000001248b0000, 0x0000000125d70000, 0x0000000129ab0000)
   the space 21248K,  13% used [0x00000001248b0000, 0x0000000124b7ccb8, 0x0000000124b7ce00, 0x0000000125d70000)
No shared spaces configured.
0.144: [GC 0.144: [ParNew
Desired survivor size 2228224 bytes, new threshold 15 (max 15)
- age   1:        296 bytes,        296 total
- age   2:     314904 bytes,     315200 total
: 19042K->499K(39296K), 0.0264370 secs] 36343K->35102K(126720K), 0.0264940 secs] [Times: user=0.04 sys=0.01, real=0.03 secs] 
Heap after GC invocations=2 (full 0):
 par new generation   total 39296K, used 499K [0x00000001048b0000, 0x0000000107350000, 0x000000010f350000)
  eden space 34944K,   0% used [0x00000001048b0000, 0x00000001048b0000, 0x0000000106ad0000)
  from space 4352K,  11% used [0x0000000106ad0000, 0x0000000106b4cd58, 0x0000000106f10000)
  to   space 4352K,   0% used [0x0000000106f10000, 0x0000000106f10000, 0x0000000107350000)
 tenured generation   total 87424K, used 34603K [0x000000010f350000, 0x00000001148b0000, 0x00000001248b0000)
   the space 87424K,  39% used [0x000000010f350000, 0x000000011151ac20, 0x000000011151ae00, 0x00000001148b0000)
 compacting perm gen  total 21248K, used 2867K [0x00000001248b0000, 0x0000000125d70000, 0x0000000129ab0000)
   the space 21248K,  13% used [0x00000001248b0000, 0x0000000124b7ccb8, 0x0000000124b7ce00, 0x0000000125d70000)
No shared spaces configured.
}
{Heap before GC invocations=2 (full 0):
 par new generation   total 39296K, used 35102K [0x00000001048b0000, 0x0000000107350000, 0x000000010f350000)
  eden space 34944K,  99% used [0x00000001048b0000, 0x0000000106a7ac68, 0x0000000106ad0000)
  from space 4352K,  11% used [0x0000000106ad0000, 0x0000000106b4cd58, 0x0000000106f10000)
  to   space 4352K,   0% used [0x0000000106f10000, 0x0000000106f10000, 0x0000000107350000)
 tenured generation   total 87424K, used 34603K [0x000000010f350000, 0x00000001148b0000, 0x00000001248b0000)
   the space 87424K,  39% used [0x000000010f350000, 0x000000011151ac20, 0x000000011151ae00, 0x00000001148b0000)
 compacting perm gen  total 21248K, used 2867K [0x00000001248b0000, 0x0000000125d70000, 0x0000000129ab0000)
   the space 21248K,  13% used [0x00000001248b0000, 0x0000000124b7ccb8, 0x0000000124b7ce00, 0x0000000125d70000)
No shared spaces configured.
0.191: [GC 0.191: [ParNew
Desired survivor size 2228224 bytes, new threshold 15 (max 15)
- age   1:         72 bytes,         72 total
- age   2:        296 bytes,        368 total
- age   3:     311176 bytes,     311544 total
: 35102K->435K(39296K), 0.0402430 secs] 69705K->69641K(126720K), 0.0402950 secs] [Times: user=0.04 sys=0.04, real=0.04 secs] 
Heap after GC invocations=3 (full 0):
 par new generation   total 39296K, used 435K [0x00000001048b0000, 0x0000000107350000, 0x000000010f350000)
  eden space 34944K,   0% used [0x00000001048b0000, 0x00000001048b0000, 0x0000000106ad0000)
  from space 4352K,  10% used [0x0000000106f10000, 0x0000000106f7ce70, 0x0000000107350000)
  to   space 4352K,   0% used [0x0000000106ad0000, 0x0000000106ad0000, 0x0000000106f10000)
 tenured generation   total 87424K, used 69206K [0x000000010f350000, 0x00000001148b0000, 0x00000001248b0000)
   the space 87424K,  79% used [0x000000010f350000, 0x00000001136e5840, 0x00000001136e5a00, 0x00000001148b0000)
 compacting perm gen  total 21248K, used 2867K [0x00000001248b0000, 0x0000000125d70000, 0x0000000129ab0000)
   the space 21248K,  13% used [0x00000001248b0000, 0x0000000124b7ccb8, 0x0000000124b7ce00, 0x0000000125d70000)
No shared spaces configured.
}
{Heap before GC invocations=3 (full 0):
 par new generation   total 39296K, used 29587K [0x00000001048b0000, 0x0000000107350000, 0x000000010f350000)
  eden space 34944K,  83% used [0x00000001048b0000, 0x00000001065280b0, 0x0000000106ad0000)
  from space 4352K,  10% used [0x0000000106f10000, 0x0000000106f7ce70, 0x0000000107350000)
  to   space 4352K,   0% used [0x0000000106ad0000, 0x0000000106ad0000, 0x0000000106f10000)
 tenured generation   total 87424K, used 69206K [0x000000010f350000, 0x00000001148b0000, 0x00000001248b0000)
   the space 87424K,  79% used [0x000000010f350000, 0x00000001136e5840, 0x00000001136e5a00, 0x00000001148b0000)
 compacting perm gen  total 21248K, used 2872K [0x00000001248b0000, 0x0000000125d70000, 0x0000000129ab0000)
   the space 21248K,  13% used [0x00000001248b0000, 0x0000000124b7e2f0, 0x0000000124b7e400, 0x0000000125d70000)
No shared spaces configured.
0.245: [GC 0.245: [ParNew
Desired survivor size 2228224 bytes, new threshold 15 (max 15)
- age   1:        392 bytes,        392 total
- age   2:         56 bytes,        448 total
- age   3:        256 bytes,        704 total
- age   4:     311144 bytes,     311848 total
: 29587K->451K(39296K), 0.0349430 secs]0.280: [Tenured: 97630K->80633K(104540K), 0.0371550 secs] 98793K->80633K(143836K), [Perm : 2872K->2872K(21248K)], 0.0723530 secs] [Times: user=0.08 sys=0.03, real=0.08 secs] 
Heap after GC invocations=4 (full 1):
 par new generation   total 60544K, used 0K [0x00000001048b0000, 0x0000000108a60000, 0x000000010f350000)
  eden space 53824K,   0% used [0x00000001048b0000, 0x00000001048b0000, 0x0000000107d40000)
  from space 6720K,   0% used [0x0000000107d40000, 0x0000000107d40000, 0x00000001083d0000)
  to   space 6720K,   0% used [0x00000001083d0000, 0x00000001083d0000, 0x0000000108a60000)
 tenured generation   total 134392K, used 80633K [0x000000010f350000, 0x000000011768e000, 0x00000001248b0000)
   the space 134392K,  59% used [0x000000010f350000, 0x000000011420e6a8, 0x000000011420e800, 0x000000011768e000)
 compacting perm gen  total 21248K, used 2872K [0x00000001248b0000, 0x0000000125d70000, 0x0000000129ab0000)
   the space 21248K,  13% used [0x00000001248b0000, 0x0000000124b7e2f0, 0x0000000124b7e400, 0x0000000125d70000)
No shared spaces configured.
}
{Heap before GC invocations=4 (full 1):
 par new generation   total 60544K, used 46440K [0x00000001048b0000, 0x0000000108a60000, 0x000000010f350000)
  eden space 53824K,  86% used [0x00000001048b0000, 0x000000010760a3b0, 0x0000000107d40000)
  from space 6720K,   0% used [0x0000000107d40000, 0x0000000107d40000, 0x00000001083d0000)
  to   space 6720K,   0% used [0x00000001083d0000, 0x00000001083d0000, 0x0000000108a60000)
 tenured generation   total 134392K, used 80633K [0x000000010f350000, 0x000000011768e000, 0x00000001248b0000)
   the space 134392K,  59% used [0x000000010f350000, 0x000000011420e6a8, 0x000000011420e800, 0x000000011768e000)
 compacting perm gen  total 21248K, used 2872K [0x00000001248b0000, 0x0000000125d70000, 0x0000000129ab0000)
   the space 21248K,  13% used [0x00000001248b0000, 0x0000000124b7e2f0, 0x0000000124b7e400, 0x0000000125d70000)
No shared spaces configured.
0.344: [GC 0.344: [ParNew
Desired survivor size 3440640 bytes, new threshold 15 (max 15)
- age   1:        152 bytes,        152 total
: 46440K->303K(60544K), 0.0412110 secs] 127074K->127014K(194936K), 0.0412740 secs] [Times: user=0.05 sys=0.03, real=0.04 secs] 
Heap after GC invocations=5 (full 1):
 par new generation   total 60544K, used 303K [0x00000001048b0000, 0x0000000108a60000, 0x000000010f350000)
  eden space 53824K,   0% used [0x00000001048b0000, 0x00000001048b0000, 0x0000000107d40000)
  from space 6720K,   4% used [0x00000001083d0000, 0x000000010841be70, 0x0000000108a60000)
  to   space 6720K,   0% used [0x0000000107d40000, 0x0000000107d40000, 0x00000001083d0000)
 tenured generation   total 134392K, used 126710K [0x000000010f350000, 0x000000011768e000, 0x00000001248b0000)
   the space 134392K,  94% used [0x000000010f350000, 0x0000000116f0d9d8, 0x0000000116f0da00, 0x000000011768e000)
 compacting perm gen  total 21248K, used 2872K [0x00000001248b0000, 0x0000000125d70000, 0x0000000129ab0000)
   the space 21248K,  13% used [0x00000001248b0000, 0x0000000124b7e2f0, 0x0000000124b7e400, 0x0000000125d70000)
No shared spaces configured.
}
{Heap before GC invocations=5 (full 1):
 par new generation   total 60544K, used 34718K [0x00000001048b0000, 0x0000000108a60000, 0x000000010f350000)
  eden space 53824K,  63% used [0x00000001048b0000, 0x0000000106a4bce0, 0x0000000107d40000)
  from space 6720K,   4% used [0x00000001083d0000, 0x000000010841be70, 0x0000000108a60000)
  to   space 6720K,   0% used [0x0000000107d40000, 0x0000000107d40000, 0x00000001083d0000)
 tenured generation   total 134392K, used 126710K [0x000000010f350000, 0x000000011768e000, 0x00000001248b0000)
   the space 134392K,  94% used [0x000000010f350000, 0x0000000116f0d9d8, 0x0000000116f0da00, 0x000000011768e000)
 compacting perm gen  total 21248K, used 2872K [0x00000001248b0000, 0x0000000125d70000, 0x0000000129ab0000)
   the space 21248K,  13% used [0x00000001248b0000, 0x0000000124b7e2f0, 0x0000000124b7e400, 0x0000000125d70000)
No shared spaces configured.
0.401: [GC 0.401: [ParNew
Desired survivor size 3440640 bytes, new threshold 15 (max 15)
- age   1:         56 bytes,         56 total
- age   2:        152 bytes,        208 total
: 34718K->37K(60544K), 0.0361540 secs]0.438: [Tenured: 161125K->143824K(168812K), 0.0622070 secs] 161429K->143824K(229356K), [Perm : 2872K->2872K(21248K)], 0.0987300 secs] [Times: user=0.10 sys=0.03, real=0.10 secs] 
Heap after GC invocations=6 (full 2):
 par new generation   total 107968K, used 0K [0x00000001048b0000, 0x000000010bdd0000, 0x000000010f350000)
  eden space 96000K,   0% used [0x00000001048b0000, 0x00000001048b0000, 0x000000010a670000)
  from space 11968K,   0% used [0x000000010a670000, 0x000000010a670000, 0x000000010b220000)
  to   space 11968K,   0% used [0x000000010b220000, 0x000000010b220000, 0x000000010bdd0000)
 tenured generation   total 239708K, used 143824K [0x000000010f350000, 0x000000011dd67000, 0x00000001248b0000)
   the space 239708K,  59% used [0x000000010f350000, 0x0000000117fc40e8, 0x0000000117fc4200, 0x000000011dd67000)
 compacting perm gen  total 21248K, used 2872K [0x00000001248b0000, 0x0000000125d70000, 0x0000000129ab0000)
   the space 21248K,  13% used [0x00000001248b0000, 0x0000000124b7e2f0, 0x0000000124b7e400, 0x0000000125d70000)
No shared spaces configured.
}
{Heap before GC invocations=6 (full 2):
 par new generation   total 107968K, used 89355K [0x00000001048b0000, 0x000000010bdd0000, 0x000000010f350000)
  eden space 96000K,  93% used [0x00000001048b0000, 0x0000000109ff2fb0, 0x000000010a670000)
  from space 11968K,   0% used [0x000000010a670000, 0x000000010a670000, 0x000000010b220000)
  to   space 11968K,   0% used [0x000000010b220000, 0x000000010b220000, 0x000000010bdd0000)
 tenured generation   total 239708K, used 143824K [0x000000010f350000, 0x000000011dd67000, 0x00000001248b0000)
   the space 239708K,  59% used [0x000000010f350000, 0x0000000117fc40e8, 0x0000000117fc4200, 0x000000011dd67000)
 compacting perm gen  total 21248K, used 2872K [0x00000001248b0000, 0x0000000125d70000, 0x0000000129ab0000)
   the space 21248K,  13% used [0x00000001248b0000, 0x0000000124b7e2f0, 0x0000000124b7e400, 0x0000000125d70000)
No shared spaces configured.
0.550: [GC 0.550: [ParNew
Desired survivor size 6127616 bytes, new threshold 1 (max 15)
- age   1:   11582544 bytes,   11582544 total
: 89355K->11329K(107968K), 0.0848250 secs] 233180K->232212K(347676K), 0.0848820 secs] [Times: user=0.10 sys=0.06, real=0.08 secs] 
Heap after GC invocations=7 (full 2):
 par new generation   total 107968K, used 11329K [0x00000001048b0000, 0x000000010bdd0000, 0x000000010f350000)
  eden space 96000K,   0% used [0x00000001048b0000, 0x00000001048b0000, 0x000000010a670000)
  from space 11968K,  94% used [0x000000010b220000, 0x000000010bd307c8, 0x000000010bdd0000)
  to   space 11968K,   0% used [0x000000010a670000, 0x000000010a670000, 0x000000010b220000)
 tenured generation   total 239708K, used 220882K [0x000000010f350000, 0x000000011dd67000, 0x00000001248b0000)
   the space 239708K,  92% used [0x000000010f350000, 0x000000011cb04be8, 0x000000011cb04c00, 0x000000011dd67000)
 compacting perm gen  total 21248K, used 2872K [0x00000001248b0000, 0x0000000125d70000, 0x0000000129ab0000)
   the space 21248K,  13% used [0x00000001248b0000, 0x0000000124b7e2f0, 0x0000000124b7e400, 0x0000000125d70000)
No shared spaces configured.
}
{Heap before GC invocations=7 (full 2):
 par new generation   total 107968K, used 92111K [0x00000001048b0000, 0x000000010bdd0000, 0x000000010f350000)
  eden space 96000K,  84% used [0x00000001048b0000, 0x0000000109793738, 0x000000010a670000)
  from space 11968K,  94% used [0x000000010b220000, 0x000000010bd307c8, 0x000000010bdd0000)
  to   space 11968K,   0% used [0x000000010a670000, 0x000000010a670000, 0x000000010b220000)
 tenured generation   total 239708K, used 220882K [0x000000010f350000, 0x000000011dd67000, 0x00000001248b0000)
   the space 239708K,  92% used [0x000000010f350000, 0x000000011cb04be8, 0x000000011cb04c00, 0x000000011dd67000)
 compacting perm gen  total 21248K, used 2872K [0x00000001248b0000, 0x0000000125d70000, 0x0000000129ab0000)
   the space 21248K,  13% used [0x00000001248b0000, 0x0000000124b7e2f0, 0x0000000124b7e400, 0x0000000125d70000)
No shared spaces configured.
0.674: [GC 0.674: [ParNew
Desired survivor size 6127616 bytes, new threshold 1 (max 15)
- age   1:   11582720 bytes,   11582720 total
: 92111K->11315K(107968K), 0.0885330 secs]0.763: [Tenured: 299708K->201898K(301740K), 0.0844490 secs] 312994K->201898K(409708K), [Perm : 2872K->2872K(21248K)], 0.1732770 secs] [Times: user=0.19 sys=0.07, real=0.18 secs] 
Heap after GC invocations=8 (full 3):
 par new generation   total 151488K, used 0K [0x00000001048b0000, 0x000000010ed10000, 0x000000010f350000)
  eden space 134656K,   0% used [0x00000001048b0000, 0x00000001048b0000, 0x000000010cc30000)
  from space 16832K,   0% used [0x000000010cc30000, 0x000000010cc30000, 0x000000010dca0000)
  to   space 16832K,   0% used [0x000000010dca0000, 0x000000010dca0000, 0x000000010ed10000)
 tenured generation   total 336500K, used 201898K [0x000000010f350000, 0x0000000123bed000, 0x00000001248b0000)
   the space 336500K,  59% used [0x000000010f350000, 0x000000011b87ab58, 0x000000011b87ac00, 0x0000000123bed000)
 compacting perm gen  total 21248K, used 2872K [0x00000001248b0000, 0x0000000125d70000, 0x0000000129ab0000)
   the space 21248K,  13% used [0x00000001248b0000, 0x0000000124b7e2f0, 0x0000000124b7e400, 0x0000000125d70000)
No shared spaces configured.
}
{Heap before GC invocations=8 (full 3):
 par new generation   total 151488K, used 124118K [0x00000001048b0000, 0x000000010ed10000, 0x000000010f350000)
  eden space 134656K,  92% used [0x00000001048b0000, 0x000000010c1e58e0, 0x000000010cc30000)
  from space 16832K,   0% used [0x000000010cc30000, 0x000000010cc30000, 0x000000010dca0000)
  to   space 16832K,   0% used [0x000000010dca0000, 0x000000010dca0000, 0x000000010ed10000)
 tenured generation   total 336500K, used 201898K [0x000000010f350000, 0x0000000123bed000, 0x00000001248b0000)
   the space 336500K,  59% used [0x000000010f350000, 0x000000011b87ab58, 0x000000011b87ac00, 0x0000000123bed000)
 compacting perm gen  total 21248K, used 2872K [0x00000001248b0000, 0x0000000125d70000, 0x0000000129ab0000)
   the space 21248K,  13% used [0x00000001248b0000, 0x0000000124b7e2f0, 0x0000000124b7e400, 0x0000000125d70000)
No shared spaces configured.
0.906: [GC 0.907: [ParNew
Desired survivor size 8617984 bytes, new threshold 1 (max 15)
- age   1:   10860520 bytes,   10860520 total
: 124118K->10609K(151488K), 0.0606780 secs] 326017K->318668K(487988K), 0.0607550 secs] [Times: user=0.11 sys=0.01, real=0.06 secs] 
Heap after GC invocations=9 (full 3):
 par new generation   total 151488K, used 10609K [0x00000001048b0000, 0x000000010ed10000, 0x000000010f350000)
  eden space 134656K,   0% used [0x00000001048b0000, 0x00000001048b0000, 0x000000010cc30000)
  from space 16832K,  63% used [0x000000010dca0000, 0x000000010e6fc618, 0x000000010ed10000)
  to   space 16832K,   0% used [0x000000010cc30000, 0x000000010cc30000, 0x000000010dca0000)
 tenured generation   total 336500K, used 308058K [0x000000010f350000, 0x0000000123bed000, 0x00000001248b0000)
   the space 336500K,  91% used [0x000000010f350000, 0x0000000122026a28, 0x0000000122026c00, 0x0000000123bed000)
 compacting perm gen  total 21248K, used 2872K [0x00000001248b0000, 0x0000000125d70000, 0x0000000129ab0000)
   the space 21248K,  13% used [0x00000001248b0000, 0x0000000124b7e2f0, 0x0000000124b7e400, 0x0000000125d70000)
No shared spaces configured.
}
{Heap before GC invocations=9 (full 3):
 par new generation   total 151488K, used 135888K [0x00000001048b0000, 0x000000010ed10000, 0x000000010f350000)
  eden space 134656K,  93% used [0x00000001048b0000, 0x000000010c307a40, 0x000000010cc30000)
  from space 16832K,  63% used [0x000000010dca0000, 0x000000010e6fc618, 0x000000010ed10000)
  to   space 16832K,   0% used [0x000000010cc30000, 0x000000010cc30000, 0x000000010dca0000)
 tenured generation   total 336500K, used 308058K [0x000000010f350000, 0x0000000123bed000, 0x00000001248b0000)
   the space 336500K,  91% used [0x000000010f350000, 0x0000000122026a28, 0x0000000122026c00, 0x0000000123bed000)
 compacting perm gen  total 21248K, used 2872K [0x00000001248b0000, 0x0000000125d70000, 0x0000000129ab0000)
   the space 21248K,  13% used [0x00000001248b0000, 0x0000000124b7e2f0, 0x0000000124b7e400, 0x0000000125d70000)
No shared spaces configured.
1.029: [GC 1.029: [ParNew: 135888K->135888K(151488K), 0.0000270 secs]1.030: [Tenured: 308058K->248501K(336500K), 0.1022580 secs] 443946K->248501K(487988K), [Perm : 2872K->2870K(21248K)], 0.1024770 secs] [Times: user=0.10 sys=0.00, real=0.10 secs] 
Heap after GC invocations=10 (full 4):
 par new generation   total 157248K, used 0K [0x00000001048b0000, 0x000000010f350000, 0x000000010f350000)
  eden space 139776K,   0% used [0x00000001048b0000, 0x00000001048b0000, 0x000000010d130000)
  from space 17472K,   0% used [0x000000010d130000, 0x000000010d130000, 0x000000010e240000)
  to   space 17472K,   0% used [0x000000010e240000, 0x000000010e240000, 0x000000010f350000)
 tenured generation   total 349568K, used 248501K [0x000000010f350000, 0x00000001248b0000, 0x00000001248b0000)
   the space 349568K,  71% used [0x000000010f350000, 0x000000011e5fd518, 0x000000011e5fd600, 0x00000001248b0000)
 compacting perm gen  total 21248K, used 2870K [0x00000001248b0000, 0x0000000125d70000, 0x0000000129ab0000)
   the space 21248K,  13% used [0x00000001248b0000, 0x0000000124b7daf8, 0x0000000124b7dc00, 0x0000000125d70000)
No shared spaces configured.
}
{Heap before GC invocations=10 (full 4):
 par new generation   total 157248K, used 135327K [0x00000001048b0000, 0x000000010f350000, 0x000000010f350000)
  eden space 139776K,  96% used [0x00000001048b0000, 0x000000010ccd7e00, 0x000000010d130000)
  from space 17472K,   0% used [0x000000010d130000, 0x000000010d130000, 0x000000010e240000)
  to   space 17472K,   0% used [0x000000010e240000, 0x000000010e240000, 0x000000010f350000)
 tenured generation   total 349568K, used 248501K [0x000000010f350000, 0x00000001248b0000, 0x00000001248b0000)
   the space 349568K,  71% used [0x000000010f350000, 0x000000011e5fd518, 0x000000011e5fd600, 0x00000001248b0000)
 compacting perm gen  total 21248K, used 2870K [0x00000001248b0000, 0x0000000125d70000, 0x0000000129ab0000)
   the space 21248K,  13% used [0x00000001248b0000, 0x0000000124b7daf8, 0x0000000124b7dc00, 0x0000000125d70000)
No shared spaces configured.
1.203: [GC 1.203: [ParNew (promotion failed)
Desired survivor size 8945664 bytes, new threshold 1 (max 15)
- age   1:   15952216 bytes,   15952216 total
: 135327K->150909K(157248K), 0.0844020 secs]1.287: [Tenured: 349433K->303009K(349568K), 0.1095430 secs] 383828K->303009K(506816K), [Perm : 2870K->2870K(21248K)], 0.1940660 secs] [Times: user=0.23 sys=0.04, real=0.20 secs] 
Heap after GC invocations=11 (full 5):
 par new generation   total 157248K, used 0K [0x00000001048b0000, 0x000000010f350000, 0x000000010f350000)
  eden space 139776K,   0% used [0x00000001048b0000, 0x00000001048b0000, 0x000000010d130000)
  from space 17472K,   0% used [0x000000010e240000, 0x000000010e240000, 0x000000010f350000)
  to   space 17472K,   0% used [0x000000010d130000, 0x000000010d130000, 0x000000010e240000)
 tenured generation   total 349568K, used 303009K [0x000000010f350000, 0x00000001248b0000, 0x00000001248b0000)
   the space 349568K,  86% used [0x000000010f350000, 0x0000000121b384c0, 0x0000000121b38600, 0x00000001248b0000)
 compacting perm gen  total 21248K, used 2870K [0x00000001248b0000, 0x0000000125d70000, 0x0000000129ab0000)
   the space 21248K,  13% used [0x00000001248b0000, 0x0000000124b7daf8, 0x0000000124b7dc00, 0x0000000125d70000)
No shared spaces configured.
}
{Heap before GC invocations=11 (full 5):
 par new generation   total 157248K, used 131985K [0x00000001048b0000, 0x000000010f350000, 0x000000010f350000)
  eden space 139776K,  94% used [0x00000001048b0000, 0x000000010c994760, 0x000000010d130000)
  from space 17472K,   0% used [0x000000010e240000, 0x000000010e240000, 0x000000010f350000)
  to   space 17472K,   0% used [0x000000010d130000, 0x000000010d130000, 0x000000010e240000)
 tenured generation   total 349568K, used 303009K [0x000000010f350000, 0x00000001248b0000, 0x00000001248b0000)
   the space 349568K,  86% used [0x000000010f350000, 0x0000000121b384c0, 0x0000000121b38600, 0x00000001248b0000)
 compacting perm gen  total 21248K, used 2870K [0x00000001248b0000, 0x0000000125d70000, 0x0000000129ab0000)
   the space 21248K,  13% used [0x00000001248b0000, 0x0000000124b7daf8, 0x0000000124b7dc00, 0x0000000125d70000)
No shared spaces configured.
1.462: [GC 1.462: [ParNew: 131985K->131985K(157248K), 0.0000210 secs]1.462: [Tenured: 303009K->267907K(349568K), 0.1080970 secs] 434995K->267907K(506816K), [Perm : 2870K->2870K(21248K)], 0.1082020 secs] [Times: user=0.11 sys=0.00, real=0.11 secs] 
Heap after GC invocations=12 (full 6):
 par new generation   total 157248K, used 0K [0x00000001048b0000, 0x000000010f350000, 0x000000010f350000)
  eden space 139776K,   0% used [0x00000001048b0000, 0x00000001048b0000, 0x000000010d130000)
  from space 17472K,   0% used [0x000000010e240000, 0x000000010e240000, 0x000000010f350000)
  to   space 17472K,   0% used [0x000000010d130000, 0x000000010d130000, 0x000000010e240000)
 tenured generation   total 349568K, used 267907K [0x000000010f350000, 0x00000001248b0000, 0x00000001248b0000)
   the space 349568K,  76% used [0x000000010f350000, 0x000000011f8f0cd8, 0x000000011f8f0e00, 0x00000001248b0000)
 compacting perm gen  total 21248K, used 2870K [0x00000001248b0000, 0x0000000125d70000, 0x0000000129ab0000)
   the space 21248K,  13% used [0x00000001248b0000, 0x0000000124b7daf8, 0x0000000124b7dc00, 0x0000000125d70000)
No shared spaces configured.
}
{Heap before GC invocations=12 (full 6):
 par new generation   total 157248K, used 132121K [0x00000001048b0000, 0x000000010f350000, 0x000000010f350000)
  eden space 139776K,  94% used [0x00000001048b0000, 0x000000010c9b67c8, 0x000000010d130000)
  from space 17472K,   0% used [0x000000010e240000, 0x000000010e240000, 0x000000010f350000)
  to   space 17472K,   0% used [0x000000010d130000, 0x000000010d130000, 0x000000010e240000)
 tenured generation   total 349568K, used 267907K [0x000000010f350000, 0x00000001248b0000, 0x00000001248b0000)
   the space 349568K,  76% used [0x000000010f350000, 0x000000011f8f0cd8, 0x000000011f8f0e00, 0x00000001248b0000)
 compacting perm gen  total 21248K, used 2870K [0x00000001248b0000, 0x0000000125d70000, 0x0000000129ab0000)
   the space 21248K,  13% used [0x00000001248b0000, 0x0000000124b7daf8, 0x0000000124b7dc00, 0x0000000125d70000)
No shared spaces configured.
1.634: [GC 1.634: [ParNew: 132121K->132121K(157248K), 0.0000190 secs]1.634: [Tenured: 267907K->268146K(349568K), 0.0915620 secs] 400029K->268146K(506816K), [Perm : 2870K->2870K(21248K)], 0.0916670 secs] [Times: user=0.09 sys=0.00, real=0.10 secs] 
Heap after GC invocations=13 (full 7):
 par new generation   total 157248K, used 0K [0x00000001048b0000, 0x000000010f350000, 0x000000010f350000)
  eden space 139776K,   0% used [0x00000001048b0000, 0x00000001048b0000, 0x000000010d130000)
  from space 17472K,   0% used [0x000000010e240000, 0x000000010e240000, 0x000000010f350000)
  to   space 17472K,   0% used [0x000000010d130000, 0x000000010d130000, 0x000000010e240000)
 tenured generation   total 349568K, used 268146K [0x000000010f350000, 0x00000001248b0000, 0x00000001248b0000)
   the space 349568K,  76% used [0x000000010f350000, 0x000000011f92c830, 0x000000011f92ca00, 0x00000001248b0000)
 compacting perm gen  total 21248K, used 2870K [0x00000001248b0000, 0x0000000125d70000, 0x0000000129ab0000)
   the space 21248K,  13% used [0x00000001248b0000, 0x0000000124b7daf8, 0x0000000124b7dc00, 0x0000000125d70000)
No shared spaces configured.
}
{Heap before GC invocations=13 (full 7):
 par new generation   total 157248K, used 138559K [0x00000001048b0000, 0x000000010f350000, 0x000000010f350000)
  eden space 139776K,  99% used [0x00000001048b0000, 0x000000010cfffce8, 0x000000010d130000)
  from space 17472K,   0% used [0x000000010e240000, 0x000000010e240000, 0x000000010f350000)
  to   space 17472K,   0% used [0x000000010d130000, 0x000000010d130000, 0x000000010e240000)
 tenured generation   total 349568K, used 268146K [0x000000010f350000, 0x00000001248b0000, 0x00000001248b0000)
   the space 349568K,  76% used [0x000000010f350000, 0x000000011f92c830, 0x000000011f92ca00, 0x00000001248b0000)
 compacting perm gen  total 21248K, used 2870K [0x00000001248b0000, 0x0000000125d70000, 0x0000000129ab0000)
   the space 21248K,  13% used [0x00000001248b0000, 0x0000000124b7daf8, 0x0000000124b7dc00, 0x0000000125d70000)
No shared spaces configured.
1.794: [GC 1.794: [ParNew: 138559K->138559K(157248K), 0.0000190 secs]1.794: [Tenured: 268146K->238140K(349568K), 0.0966200 secs] 406705K->238140K(506816K), [Perm : 2870K->2870K(21248K)], 0.0967230 secs] [Times: user=0.09 sys=0.00, real=0.10 secs] 
Heap after GC invocations=14 (full 8):
 par new generation   total 157248K, used 0K [0x00000001048b0000, 0x000000010f350000, 0x000000010f350000)
  eden space 139776K,   0% used [0x00000001048b0000, 0x00000001048b0000, 0x000000010d130000)
  from space 17472K,   0% used [0x000000010e240000, 0x000000010e240000, 0x000000010f350000)
  to   space 17472K,   0% used [0x000000010d130000, 0x000000010d130000, 0x000000010e240000)
 tenured generation   total 349568K, used 238140K [0x000000010f350000, 0x00000001248b0000, 0x00000001248b0000)
   the space 349568K,  68% used [0x000000010f350000, 0x000000011dbdf3b8, 0x000000011dbdf400, 0x00000001248b0000)
 compacting perm gen  total 21248K, used 2870K [0x00000001248b0000, 0x0000000125d70000, 0x0000000129ab0000)
   the space 21248K,  13% used [0x00000001248b0000, 0x0000000124b7daf8, 0x0000000124b7dc00, 0x0000000125d70000)
No shared spaces configured.
}
{Heap before GC invocations=14 (full 8):
 par new generation   total 157248K, used 134961K [0x00000001048b0000, 0x000000010f350000, 0x000000010f350000)
  eden space 139776K,  96% used [0x00000001048b0000, 0x000000010cc7c438, 0x000000010d130000)
  from space 17472K,   0% used [0x000000010e240000, 0x000000010e240000, 0x000000010f350000)
  to   space 17472K,   0% used [0x000000010d130000, 0x000000010d130000, 0x000000010e240000)
 tenured generation   total 349568K, used 238140K [0x000000010f350000, 0x00000001248b0000, 0x00000001248b0000)
   the space 349568K,  68% used [0x000000010f350000, 0x000000011dbdf3b8, 0x000000011dbdf400, 0x00000001248b0000)
 compacting perm gen  total 21248K, used 2870K [0x00000001248b0000, 0x0000000125d70000, 0x0000000129ab0000)
   the space 21248K,  13% used [0x00000001248b0000, 0x0000000124b7daf8, 0x0000000124b7dc00, 0x0000000125d70000)
No shared spaces configured.
1.958: [GC 1.958: [ParNew (promotion failed)
Desired survivor size 8945664 bytes, new threshold 1 (max 15)
- age   1:   13918256 bytes,   13918256 total
: 134961K->148556K(157248K), 0.0534960 secs] 373101K->492212K(506816K), 0.0535580 secs] [Times: user=0.09 sys=0.01, real=0.05 secs] 
Heap after GC invocations=15 (full 8):
 par new generation   total 157248K, used 148556K [0x00000001048b0000, 0x000000010f350000, 0x000000010f350000)
  eden space 139776K,  96% used [0x00000001048b0000, 0x000000010cc7c438, 0x000000010d130000)
  from space 17472K,  77% used [0x000000010d130000, 0x000000010de76e78, 0x000000010e240000)
  to   space 17472K,   0% used [0x000000010e240000, 0x000000010e240000, 0x000000010f350000)
 tenured generation   total 349568K, used 343656K [0x000000010f350000, 0x00000001248b0000, 0x00000001248b0000)
   the space 349568K,  98% used [0x000000010f350000, 0x00000001242ea028, 0x00000001242ea200, 0x00000001248b0000)
 compacting perm gen  total 21248K, used 2870K [0x00000001248b0000, 0x0000000125d70000, 0x0000000129ab0000)
   the space 21248K,  13% used [0x00000001248b0000, 0x0000000124b7daf8, 0x0000000124b7dc00, 0x0000000125d70000)
No shared spaces configured.
}
{Heap before GC invocations=15 (full 8):
 par new generation   total 157248K, used 148556K [0x00000001048b0000, 0x000000010f350000, 0x000000010f350000)
  eden space 139776K,  96% used [0x00000001048b0000, 0x000000010cc7c438, 0x000000010d130000)
  from space 17472K,  77% used [0x000000010d130000, 0x000000010de76e78, 0x000000010e240000)
  to   space 17472K,   0% used [0x000000010e240000, 0x000000010e240000, 0x000000010f350000)
 tenured generation   total 349568K, used 343656K [0x000000010f350000, 0x00000001248b0000, 0x00000001248b0000)
   the space 349568K,  98% used [0x000000010f350000, 0x00000001242ea028, 0x00000001242ea200, 0x00000001248b0000)
 compacting perm gen  total 21248K, used 2870K [0x00000001248b0000, 0x0000000125d70000, 0x0000000129ab0000)
   the space 21248K,  13% used [0x00000001248b0000, 0x0000000124b7daf8, 0x0000000124b7dc00, 0x0000000125d70000)
No shared spaces configured.
2.012: [Full GC 2.012: [Tenured: 343656K->216196K(349568K), 0.0886910 secs] 492212K->216196K(506816K), [Perm : 2870K->2870K(21248K)], 0.0887540 secs] [Times: user=0.09 sys=0.00, real=0.09 secs] 
Heap after GC invocations=16 (full 9):
 par new generation   total 157248K, used 0K [0x00000001048b0000, 0x000000010f350000, 0x000000010f350000)
  eden space 139776K,   0% used [0x00000001048b0000, 0x00000001048b0000, 0x000000010d130000)
  from space 17472K,   0% used [0x000000010d130000, 0x000000010d130000, 0x000000010e240000)
  to   space 17472K,   0% used [0x000000010e240000, 0x000000010e240000, 0x000000010f350000)
 tenured generation   total 349568K, used 216196K [0x000000010f350000, 0x00000001248b0000, 0x00000001248b0000)
   the space 349568K,  61% used [0x000000010f350000, 0x000000011c6710f8, 0x000000011c671200, 0x00000001248b0000)
 compacting perm gen  total 21248K, used 2870K [0x00000001248b0000, 0x0000000125d70000, 0x0000000129ab0000)
   the space 21248K,  13% used [0x00000001248b0000, 0x0000000124b7daf8, 0x0000000124b7dc00, 0x0000000125d70000)
No shared spaces configured.
}
{Heap before GC invocations=16 (full 9):
 par new generation   total 157248K, used 128923K [0x00000001048b0000, 0x000000010f350000, 0x000000010f350000)
  eden space 139776K,  92% used [0x00000001048b0000, 0x000000010c696f20, 0x000000010d130000)
  from space 17472K,   0% used [0x000000010d130000, 0x000000010d130000, 0x000000010e240000)
  to   space 17472K,   0% used [0x000000010e240000, 0x000000010e240000, 0x000000010f350000)
 tenured generation   total 349568K, used 216196K [0x000000010f350000, 0x00000001248b0000, 0x00000001248b0000)
   the space 349568K,  61% used [0x000000010f350000, 0x000000011c6710f8, 0x000000011c671200, 0x00000001248b0000)
 compacting perm gen  total 21248K, used 2870K [0x00000001248b0000, 0x0000000125d70000, 0x0000000129ab0000)
   the space 21248K,  13% used [0x00000001248b0000, 0x0000000124b7daf8, 0x0000000124b7dc00, 0x0000000125d70000)
No shared spaces configured.
2.165: [GC 2.165: [ParNew
Desired survivor size 8945664 bytes, new threshold 1 (max 15)
- age   1:   11346784 bytes,   11346784 total
: 128923K->11084K(157248K), 0.0515130 secs] 345120K->343233K(506816K), 0.0515770 secs] [Times: user=0.09 sys=0.00, real=0.06 secs] 
Heap after GC invocations=17 (full 9):
 par new generation   total 157248K, used 11084K [0x00000001048b0000, 0x000000010f350000, 0x000000010f350000)
  eden space 139776K,   0% used [0x00000001048b0000, 0x00000001048b0000, 0x000000010d130000)
  from space 17472K,  63% used [0x000000010e240000, 0x000000010ed131d8, 0x000000010f350000)
  to   space 17472K,   0% used [0x000000010d130000, 0x000000010d130000, 0x000000010e240000)
 tenured generation   total 349568K, used 332148K [0x000000010f350000, 0x00000001248b0000, 0x00000001248b0000)
   the space 349568K,  95% used [0x000000010f350000, 0x00000001237ad358, 0x00000001237ad400, 0x00000001248b0000)
 compacting perm gen  total 21248K, used 2870K [0x00000001248b0000, 0x0000000125d70000, 0x0000000129ab0000)
   the space 21248K,  13% used [0x00000001248b0000, 0x0000000124b7daf8, 0x0000000124b7dc00, 0x0000000125d70000)
No shared spaces configured.
}
{Heap before GC invocations=17 (full 9):
 par new generation   total 157248K, used 150294K [0x00000001048b0000, 0x000000010f350000, 0x000000010f350000)
  eden space 139776K,  99% used [0x00000001048b0000, 0x000000010d0a27f0, 0x000000010d130000)
  from space 17472K,  63% used [0x000000010e240000, 0x000000010ed131d8, 0x000000010f350000)
  to   space 17472K,   0% used [0x000000010d130000, 0x000000010d130000, 0x000000010e240000)
 tenured generation   total 349568K, used 332148K [0x000000010f350000, 0x00000001248b0000, 0x00000001248b0000)
   the space 349568K,  95% used [0x000000010f350000, 0x00000001237ad358, 0x00000001237ad400, 0x00000001248b0000)
 compacting perm gen  total 21248K, used 2870K [0x00000001248b0000, 0x0000000125d70000, 0x0000000129ab0000)
   the space 21248K,  13% used [0x00000001248b0000, 0x0000000124b7daf8, 0x0000000124b7dc00, 0x0000000125d70000)
No shared spaces configured.
2.287: [GC 2.287: [ParNew: 150294K->150294K(157248K), 0.0000170 secs]2.287: [Tenured: 332148K->277551K(349568K), 0.1123440 secs] 482443K->277551K(506816K), [Perm : 2870K->2870K(21248K)], 0.1124450 secs] [Times: user=0.11 sys=0.00, real=0.11 secs] 
Heap after GC invocations=18 (full 10):
 par new generation   total 157248K, used 0K [0x00000001048b0000, 0x000000010f350000, 0x000000010f350000)
  eden space 139776K,   0% used [0x00000001048b0000, 0x00000001048b0000, 0x000000010d130000)
  from space 17472K,   0% used [0x000000010e240000, 0x000000010e240000, 0x000000010f350000)
  to   space 17472K,   0% used [0x000000010d130000, 0x000000010d130000, 0x000000010e240000)
 tenured generation   total 349568K, used 277551K [0x000000010f350000, 0x00000001248b0000, 0x00000001248b0000)
   the space 349568K,  79% used [0x000000010f350000, 0x000000012025bef8, 0x000000012025c000, 0x00000001248b0000)
 compacting perm gen  total 21248K, used 2870K [0x00000001248b0000, 0x0000000125d70000, 0x0000000129ab0000)
   the space 21248K,  13% used [0x00000001248b0000, 0x0000000124b7daf8, 0x0000000124b7dc00, 0x0000000125d70000)
No shared spaces configured.
}
{Heap before GC invocations=18 (full 10):
 par new generation   total 157248K, used 131760K [0x00000001048b0000, 0x000000010f350000, 0x000000010f350000)
  eden space 139776K,  94% used [0x00000001048b0000, 0x000000010c95c3d8, 0x000000010d130000)
  from space 17472K,   0% used [0x000000010e240000, 0x000000010e240000, 0x000000010f350000)
  to   space 17472K,   0% used [0x000000010d130000, 0x000000010d130000, 0x000000010e240000)
 tenured generation   total 349568K, used 277551K [0x000000010f350000, 0x00000001248b0000, 0x00000001248b0000)
   the space 349568K,  79% used [0x000000010f350000, 0x000000012025bef8, 0x000000012025c000, 0x00000001248b0000)
 compacting perm gen  total 21248K, used 2870K [0x00000001248b0000, 0x0000000125d70000, 0x0000000129ab0000)
   the space 21248K,  13% used [0x00000001248b0000, 0x0000000124b7daf8, 0x0000000124b7dc00, 0x0000000125d70000)
No shared spaces configured.
2.465: [GC 2.465: [ParNew: 131760K->131760K(157248K), 0.0000190 secs]2.465: [Tenured: 277551K->302199K(349568K), 0.1162820 secs] 409312K->302199K(506816K), [Perm : 2870K->2870K(21248K)], 0.1163900 secs] [Times: user=0.12 sys=0.00, real=0.12 secs] 
Heap after GC invocations=19 (full 11):
 par new generation   total 157248K, used 0K [0x00000001048b0000, 0x000000010f350000, 0x000000010f350000)
  eden space 139776K,   0% used [0x00000001048b0000, 0x00000001048b0000, 0x000000010d130000)
  from space 17472K,   0% used [0x000000010e240000, 0x000000010e240000, 0x000000010f350000)
  to   space 17472K,   0% used [0x000000010d130000, 0x000000010d130000, 0x000000010e240000)
 tenured generation   total 349568K, used 302199K [0x000000010f350000, 0x00000001248b0000, 0x00000001248b0000)
   the space 349568K,  86% used [0x000000010f350000, 0x0000000121a6df20, 0x0000000121a6e000, 0x00000001248b0000)
 compacting perm gen  total 21248K, used 2870K [0x00000001248b0000, 0x0000000125d70000, 0x0000000129ab0000)
   the space 21248K,  13% used [0x00000001248b0000, 0x0000000124b7daf8, 0x0000000124b7dc00, 0x0000000125d70000)
No shared spaces configured.
}
{Heap before GC invocations=19 (full 11):
 par new generation   total 157248K, used 138227K [0x00000001048b0000, 0x000000010f350000, 0x000000010f350000)
  eden space 139776K,  98% used [0x00000001048b0000, 0x000000010cfacdf8, 0x000000010d130000)
  from space 17472K,   0% used [0x000000010e240000, 0x000000010e240000, 0x000000010f350000)
  to   space 17472K,   0% used [0x000000010d130000, 0x000000010d130000, 0x000000010e240000)
 tenured generation   total 349568K, used 302199K [0x000000010f350000, 0x00000001248b0000, 0x00000001248b0000)
   the space 349568K,  86% used [0x000000010f350000, 0x0000000121a6df20, 0x0000000121a6e000, 0x00000001248b0000)
 compacting perm gen  total 21248K, used 2870K [0x00000001248b0000, 0x0000000125d70000, 0x0000000129ab0000)
   the space 21248K,  13% used [0x00000001248b0000, 0x0000000124b7daf8, 0x0000000124b7dc00, 0x0000000125d70000)
No shared spaces configured.
2.651: [GC 2.651: [ParNew: 138227K->138227K(157248K), 0.0000200 secs]2.651: [Tenured: 302199K->254010K(349568K), 0.1039540 secs] 440427K->254010K(506816K), [Perm : 2870K->2870K(21248K)], 0.1040600 secs] [Times: user=0.11 sys=0.00, real=0.10 secs] 
Heap after GC invocations=20 (full 12):
 par new generation   total 157248K, used 0K [0x00000001048b0000, 0x000000010f350000, 0x000000010f350000)
  eden space 139776K,   0% used [0x00000001048b0000, 0x00000001048b0000, 0x000000010d130000)
  from space 17472K,   0% used [0x000000010e240000, 0x000000010e240000, 0x000000010f350000)
  to   space 17472K,   0% used [0x000000010d130000, 0x000000010d130000, 0x000000010e240000)
 tenured generation   total 349568K, used 254010K [0x000000010f350000, 0x00000001248b0000, 0x00000001248b0000)
   the space 349568K,  72% used [0x000000010f350000, 0x000000011eb5e898, 0x000000011eb5ea00, 0x00000001248b0000)
 compacting perm gen  total 21248K, used 2870K [0x00000001248b0000, 0x0000000125d70000, 0x0000000129ab0000)
   the space 21248K,  13% used [0x00000001248b0000, 0x0000000124b7daf8, 0x0000000124b7dc00, 0x0000000125d70000)
No shared spaces configured.
}
{Heap before GC invocations=20 (full 12):
 par new generation   total 157248K, used 135898K [0x00000001048b0000, 0x000000010f350000, 0x000000010f350000)
  eden space 139776K,  97% used [0x00000001048b0000, 0x000000010cd66ad0, 0x000000010d130000)
  from space 17472K,   0% used [0x000000010e240000, 0x000000010e240000, 0x000000010f350000)
  to   space 17472K,   0% used [0x000000010d130000, 0x000000010d130000, 0x000000010e240000)
 tenured generation   total 349568K, used 254010K [0x000000010f350000, 0x00000001248b0000, 0x00000001248b0000)
   the space 349568K,  72% used [0x000000010f350000, 0x000000011eb5e898, 0x000000011eb5ea00, 0x00000001248b0000)
 compacting perm gen  total 21248K, used 2870K [0x00000001248b0000, 0x0000000125d70000, 0x0000000129ab0000)
   the space 21248K,  13% used [0x00000001248b0000, 0x0000000124b7daf8, 0x0000000124b7dc00, 0x0000000125d70000)
No shared spaces configured.
2.822: [GC 2.823: [ParNew: 135898K->135898K(157248K), 0.0000180 secs]2.823: [Tenured: 254010K->305938K(349568K), 0.0966040 secs] 389908K->305938K(506816K), [Perm : 2870K->2870K(21248K)], 0.0967110 secs] [Times: user=0.10 sys=0.00, real=0.10 secs] 
Heap after GC invocations=21 (full 13):
 par new generation   total 157248K, used 0K [0x00000001048b0000, 0x000000010f350000, 0x000000010f350000)
  eden space 139776K,   0% used [0x00000001048b0000, 0x00000001048b0000, 0x000000010d130000)
  from space 17472K,   0% used [0x000000010e240000, 0x000000010e240000, 0x000000010f350000)
  to   space 17472K,   0% used [0x000000010d130000, 0x000000010d130000, 0x000000010e240000)
 tenured generation   total 349568K, used 305938K [0x000000010f350000, 0x00000001248b0000, 0x00000001248b0000)
   the space 349568K,  87% used [0x000000010f350000, 0x0000000121e149e0, 0x0000000121e14a00, 0x00000001248b0000)
 compacting perm gen  total 21248K, used 2870K [0x00000001248b0000, 0x0000000125d70000, 0x0000000129ab0000)
   the space 21248K,  13% used [0x00000001248b0000, 0x0000000124b7daf8, 0x0000000124b7dc00, 0x0000000125d70000)
No shared spaces configured.
}
{Heap before GC invocations=21 (full 13):
 par new generation   total 157248K, used 126746K [0x00000001048b0000, 0x000000010f350000, 0x000000010f350000)
  eden space 139776K,  90% used [0x00000001048b0000, 0x000000010c476bf8, 0x000000010d130000)
  from space 17472K,   0% used [0x000000010e240000, 0x000000010e240000, 0x000000010f350000)
  to   space 17472K,   0% used [0x000000010d130000, 0x000000010d130000, 0x000000010e240000)
 tenured generation   total 349568K, used 305938K [0x000000010f350000, 0x00000001248b0000, 0x00000001248b0000)
   the space 349568K,  87% used [0x000000010f350000, 0x0000000121e149e0, 0x0000000121e14a00, 0x00000001248b0000)
 compacting perm gen  total 21248K, used 2870K [0x00000001248b0000, 0x0000000125d70000, 0x0000000129ab0000)
   the space 21248K,  13% used [0x00000001248b0000, 0x0000000124b7daf8, 0x0000000124b7dc00, 0x0000000125d70000)
No shared spaces configured.
2.982: [GC 2.982: [ParNew: 126746K->126746K(157248K), 0.0000210 secs]2.982: [Tenured: 305938K->266716K(349568K), 0.1074220 secs] 432685K->266716K(506816K), [Perm : 2870K->2870K(21248K)], 0.1075340 secs] [Times: user=0.11 sys=0.00, real=0.11 secs] 
Heap after GC invocations=22 (full 14):
 par new generation   total 157248K, used 0K [0x00000001048b0000, 0x000000010f350000, 0x000000010f350000)
  eden space 139776K,   0% used [0x00000001048b0000, 0x00000001048b0000, 0x000000010d130000)
  from space 17472K,   0% used [0x000000010e240000, 0x000000010e240000, 0x000000010f350000)
  to   space 17472K,   0% used [0x000000010d130000, 0x000000010d130000, 0x000000010e240000)
 tenured generation   total 349568K, used 266716K [0x000000010f350000, 0x00000001248b0000, 0x00000001248b0000)
   the space 349568K,  76% used [0x000000010f350000, 0x000000011f7c7388, 0x000000011f7c7400, 0x00000001248b0000)
 compacting perm gen  total 21248K, used 2870K [0x00000001248b0000, 0x0000000125d70000, 0x0000000129ab0000)
   the space 21248K,  13% used [0x00000001248b0000, 0x0000000124b7daf8, 0x0000000124b7dc00, 0x0000000125d70000)
No shared spaces configured.
}
{Heap before GC invocations=22 (full 14):
 par new generation   total 157248K, used 133340K [0x00000001048b0000, 0x000000010f350000, 0x000000010f350000)
  eden space 139776K,  95% used [0x00000001048b0000, 0x000000010cae71f0, 0x000000010d130000)
  from space 17472K,   0% used [0x000000010e240000, 0x000000010e240000, 0x000000010f350000)
  to   space 17472K,   0% used [0x000000010d130000, 0x000000010d130000, 0x000000010e240000)
 tenured generation   total 349568K, used 266716K [0x000000010f350000, 0x00000001248b0000, 0x00000001248b0000)
   the space 349568K,  76% used [0x000000010f350000, 0x000000011f7c7388, 0x000000011f7c7400, 0x00000001248b0000)
 compacting perm gen  total 21248K, used 2870K [0x00000001248b0000, 0x0000000125d70000, 0x0000000129ab0000)
   the space 21248K,  13% used [0x00000001248b0000, 0x0000000124b7daf8, 0x0000000124b7dc00, 0x0000000125d70000)
No shared spaces configured.
3.156: [GC 3.156: [ParNew: 133340K->133340K(157248K), 0.0000190 secs]3.156: [Tenured: 266716K->257761K(349568K), 0.1040280 secs] 400057K->257761K(506816K), [Perm : 2870K->2870K(21248K)], 0.1041320 secs] [Times: user=0.10 sys=0.00, real=0.10 secs] 
Heap after GC invocations=23 (full 15):
 par new generation   total 157248K, used 0K [0x00000001048b0000, 0x000000010f350000, 0x000000010f350000)
  eden space 139776K,   0% used [0x00000001048b0000, 0x00000001048b0000, 0x000000010d130000)
  from space 17472K,   0% used [0x000000010e240000, 0x000000010e240000, 0x000000010f350000)
  to   space 17472K,   0% used [0x000000010d130000, 0x000000010d130000, 0x000000010e240000)
 tenured generation   total 349568K, used 257761K [0x000000010f350000, 0x00000001248b0000, 0x00000001248b0000)
   the space 349568K,  73% used [0x000000010f350000, 0x000000011ef08620, 0x000000011ef08800, 0x00000001248b0000)
 compacting perm gen  total 21248K, used 2870K [0x00000001248b0000, 0x0000000125d70000, 0x0000000129ab0000)
   the space 21248K,  13% used [0x00000001248b0000, 0x0000000124b7daf8, 0x0000000124b7dc00, 0x0000000125d70000)
No shared spaces configured.
}
{Heap before GC invocations=23 (full 15):
 par new generation   total 157248K, used 132663K [0x00000001048b0000, 0x000000010f350000, 0x000000010f350000)
  eden space 139776K,  94% used [0x00000001048b0000, 0x000000010ca3dfc0, 0x000000010d130000)
  from space 17472K,   0% used [0x000000010e240000, 0x000000010e240000, 0x000000010f350000)
  to   space 17472K,   0% used [0x000000010d130000, 0x000000010d130000, 0x000000010e240000)
 tenured generation   total 349568K, used 257761K [0x000000010f350000, 0x00000001248b0000, 0x00000001248b0000)
   the space 349568K,  73% used [0x000000010f350000, 0x000000011ef08620, 0x000000011ef08800, 0x00000001248b0000)
 compacting perm gen  total 21248K, used 2870K [0x00000001248b0000, 0x0000000125d70000, 0x0000000129ab0000)
   the space 21248K,  13% used [0x00000001248b0000, 0x0000000124b7daf8, 0x0000000124b7dc00, 0x0000000125d70000)
No shared spaces configured.
3.326: [GC 3.326: [ParNew: 132663K->132663K(157248K), 0.0000190 secs]3.326: [Tenured: 257761K->261227K(349568K), 0.1057430 secs] 390425K->261227K(506816K), [Perm : 2870K->2870K(21248K)], 0.1058480 secs] [Times: user=0.11 sys=0.00, real=0.10 secs] 
Heap after GC invocations=24 (full 16):
 par new generation   total 157248K, used 0K [0x00000001048b0000, 0x000000010f350000, 0x000000010f350000)
  eden space 139776K,   0% used [0x00000001048b0000, 0x00000001048b0000, 0x000000010d130000)
  from space 17472K,   0% used [0x000000010e240000, 0x000000010e240000, 0x000000010f350000)
  to   space 17472K,   0% used [0x000000010d130000, 0x000000010d130000, 0x000000010e240000)
 tenured generation   total 349568K, used 261227K [0x000000010f350000, 0x00000001248b0000, 0x00000001248b0000)
   the space 349568K,  74% used [0x000000010f350000, 0x000000011f26ad08, 0x000000011f26ae00, 0x00000001248b0000)
 compacting perm gen  total 21248K, used 2870K [0x00000001248b0000, 0x0000000125d70000, 0x0000000129ab0000)
   the space 21248K,  13% used [0x00000001248b0000, 0x0000000124b7daf8, 0x0000000124b7dc00, 0x0000000125d70000)
No shared spaces configured.
}
{Heap before GC invocations=24 (full 16):
 par new generation   total 157248K, used 127444K [0x00000001048b0000, 0x000000010f350000, 0x000000010f350000)
  eden space 139776K,  91% used [0x00000001048b0000, 0x000000010c525010, 0x000000010d130000)
  from space 17472K,   0% used [0x000000010e240000, 0x000000010e240000, 0x000000010f350000)
  to   space 17472K,   0% used [0x000000010d130000, 0x000000010d130000, 0x000000010e240000)
 tenured generation   total 349568K, used 261227K [0x000000010f350000, 0x00000001248b0000, 0x00000001248b0000)
   the space 349568K,  74% used [0x000000010f350000, 0x000000011f26ad08, 0x000000011f26ae00, 0x00000001248b0000)
 compacting perm gen  total 21248K, used 2870K [0x00000001248b0000, 0x0000000125d70000, 0x0000000129ab0000)
   the space 21248K,  13% used [0x00000001248b0000, 0x0000000124b7daf8, 0x0000000124b7dc00, 0x0000000125d70000)
No shared spaces configured.
3.496: [GC 3.496: [ParNew: 127444K->127444K(157248K), 0.0000210 secs]3.496: [Tenured: 261227K->247002K(349568K), 0.1001360 secs] 388671K->247002K(506816K), [Perm : 2870K->2870K(21248K)], 0.1002430 secs] [Times: user=0.10 sys=0.00, real=0.10 secs] 
Heap after GC invocations=25 (full 17):
 par new generation   total 157248K, used 0K [0x00000001048b0000, 0x000000010f350000, 0x000000010f350000)
  eden space 139776K,   0% used [0x00000001048b0000, 0x00000001048b0000, 0x000000010d130000)
  from space 17472K,   0% used [0x000000010e240000, 0x000000010e240000, 0x000000010f350000)
  to   space 17472K,   0% used [0x000000010d130000, 0x000000010d130000, 0x000000010e240000)
 tenured generation   total 349568K, used 247002K [0x000000010f350000, 0x00000001248b0000, 0x00000001248b0000)
   the space 349568K,  70% used [0x000000010f350000, 0x000000011e486b78, 0x000000011e486c00, 0x00000001248b0000)
 compacting perm gen  total 21248K, used 2870K [0x00000001248b0000, 0x0000000125d70000, 0x0000000129ab0000)
   the space 21248K,  13% used [0x00000001248b0000, 0x0000000124b7daf8, 0x0000000124b7dc00, 0x0000000125d70000)
No shared spaces configured.
}
{Heap before GC invocations=25 (full 17):
 par new generation   total 157248K, used 131681K [0x00000001048b0000, 0x000000010f350000, 0x000000010f350000)
  eden space 139776K,  94% used [0x00000001048b0000, 0x000000010c9484b8, 0x000000010d130000)
  from space 17472K,   0% used [0x000000010e240000, 0x000000010e240000, 0x000000010f350000)
  to   space 17472K,   0% used [0x000000010d130000, 0x000000010d130000, 0x000000010e240000)
 tenured generation   total 349568K, used 247002K [0x000000010f350000, 0x00000001248b0000, 0x00000001248b0000)
   the space 349568K,  70% used [0x000000010f350000, 0x000000011e486b78, 0x000000011e486c00, 0x00000001248b0000)
 compacting perm gen  total 21248K, used 2870K [0x00000001248b0000, 0x0000000125d70000, 0x0000000129ab0000)
   the space 21248K,  13% used [0x00000001248b0000, 0x0000000124b7daf8, 0x0000000124b7dc00, 0x0000000125d70000)
No shared spaces configured.
3.661: [GC 3.661: [ParNew: 131681K->131681K(157248K), 0.0000200 secs]3.661: [Tenured: 247002K->261201K(349568K), 0.1054510 secs] 378684K->261201K(506816K), [Perm : 2870K->2870K(21248K)], 0.1055570 secs] [Times: user=0.10 sys=0.00, real=0.11 secs] 
Heap after GC invocations=26 (full 18):
 par new generation   total 157248K, used 0K [0x00000001048b0000, 0x000000010f350000, 0x000000010f350000)
  eden space 139776K,   0% used [0x00000001048b0000, 0x00000001048b0000, 0x000000010d130000)
  from space 17472K,   0% used [0x000000010e240000, 0x000000010e240000, 0x000000010f350000)
  to   space 17472K,   0% used [0x000000010d130000, 0x000000010d130000, 0x000000010e240000)
 tenured generation   total 349568K, used 261201K [0x000000010f350000, 0x00000001248b0000, 0x00000001248b0000)
   the space 349568K,  74% used [0x000000010f350000, 0x000000011f264588, 0x000000011f264600, 0x00000001248b0000)
 compacting perm gen  total 21248K, used 2870K [0x00000001248b0000, 0x0000000125d70000, 0x0000000129ab0000)
   the space 21248K,  13% used [0x00000001248b0000, 0x0000000124b7daf8, 0x0000000124b7dc00, 0x0000000125d70000)
No shared spaces configured.
}
{Heap before GC invocations=26 (full 18):
 par new generation   total 157248K, used 135880K [0x00000001048b0000, 0x000000010f350000, 0x000000010f350000)
  eden space 139776K,  97% used [0x00000001048b0000, 0x000000010cd621c8, 0x000000010d130000)
  from space 17472K,   0% used [0x000000010e240000, 0x000000010e240000, 0x000000010f350000)
  to   space 17472K,   0% used [0x000000010d130000, 0x000000010d130000, 0x000000010e240000)
 tenured generation   total 349568K, used 261201K [0x000000010f350000, 0x00000001248b0000, 0x00000001248b0000)
   the space 349568K,  74% used [0x000000010f350000, 0x000000011f264588, 0x000000011f264600, 0x00000001248b0000)
 compacting perm gen  total 21248K, used 2870K [0x00000001248b0000, 0x0000000125d70000, 0x0000000129ab0000)
   the space 21248K,  13% used [0x00000001248b0000, 0x0000000124b7daf8, 0x0000000124b7dc00, 0x0000000125d70000)
No shared spaces configured.
3.834: [GC 3.834: [ParNew: 135880K->135880K(157248K), 0.0000200 secs]3.834: [Tenured: 261201K->229248K(349568K), 0.0932740 secs] 397081K->229248K(506816K), [Perm : 2870K->2870K(21248K)], 0.0933850 secs] [Times: user=0.10 sys=0.00, real=0.10 secs] 
Heap after GC invocations=27 (full 19):
 par new generation   total 157248K, used 0K [0x00000001048b0000, 0x000000010f350000, 0x000000010f350000)
  eden space 139776K,   0% used [0x00000001048b0000, 0x00000001048b0000, 0x000000010d130000)
  from space 17472K,   0% used [0x000000010e240000, 0x000000010e240000, 0x000000010f350000)
  to   space 17472K,   0% used [0x000000010d130000, 0x000000010d130000, 0x000000010e240000)
 tenured generation   total 349568K, used 229248K [0x000000010f350000, 0x00000001248b0000, 0x00000001248b0000)
   the space 349568K,  65% used [0x000000010f350000, 0x000000011d330378, 0x000000011d330400, 0x00000001248b0000)
 compacting perm gen  total 21248K, used 2870K [0x00000001248b0000, 0x0000000125d70000, 0x0000000129ab0000)
   the space 21248K,  13% used [0x00000001248b0000, 0x0000000124b7daf8, 0x0000000124b7dc00, 0x0000000125d70000)
No shared spaces configured.
}
{Heap before GC invocations=27 (full 19):
 par new generation   total 157248K, used 137418K [0x00000001048b0000, 0x000000010f350000, 0x000000010f350000)
  eden space 139776K,  98% used [0x00000001048b0000, 0x000000010cee2a90, 0x000000010d130000)
  from space 17472K,   0% used [0x000000010e240000, 0x000000010e240000, 0x000000010f350000)
  to   space 17472K,   0% used [0x000000010d130000, 0x000000010d130000, 0x000000010e240000)
 tenured generation   total 349568K, used 229248K [0x000000010f350000, 0x00000001248b0000, 0x00000001248b0000)
   the space 349568K,  65% used [0x000000010f350000, 0x000000011d330378, 0x000000011d330400, 0x00000001248b0000)
 compacting perm gen  total 21248K, used 2870K [0x00000001248b0000, 0x0000000125d70000, 0x0000000129ab0000)
   the space 21248K,  13% used [0x00000001248b0000, 0x0000000124b7daf8, 0x0000000124b7dc00, 0x0000000125d70000)
No shared spaces configured.
3.996: [GC 3.996: [ParNew (promotion failed)
Desired survivor size 8945664 bytes, new threshold 1 (max 15)
- age   1:   14146736 bytes,   14146736 total
: 137418K->151237K(157248K), 0.0518360 secs]4.048: [Tenured: 340971K->234491K(349568K), 0.0949380 secs] 366667K->234491K(506816K), [Perm : 2870K->2870K(21248K)], 0.1468890 secs] [Times: user=0.19 sys=0.00, real=0.14 secs] 
Heap after GC invocations=28 (full 20):
 par new generation   total 157248K, used 0K [0x00000001048b0000, 0x000000010f350000, 0x000000010f350000)
  eden space 139776K,   0% used [0x00000001048b0000, 0x00000001048b0000, 0x000000010d130000)
  from space 17472K,   0% used [0x000000010d130000, 0x000000010d130000, 0x000000010e240000)
  to   space 17472K,   0% used [0x000000010e240000, 0x000000010e240000, 0x000000010f350000)
 tenured generation   total 349568K, used 234491K [0x000000010f350000, 0x00000001248b0000, 0x00000001248b0000)
   the space 349568K,  67% used [0x000000010f350000, 0x000000011d84ee90, 0x000000011d84f000, 0x00000001248b0000)
 compacting perm gen  total 21248K, used 2870K [0x00000001248b0000, 0x0000000125d70000, 0x0000000129ab0000)
   the space 21248K,  13% used [0x00000001248b0000, 0x0000000124b7daf8, 0x0000000124b7dc00, 0x0000000125d70000)
No shared spaces configured.
}
{Heap before GC invocations=28 (full 20):
 par new generation   total 157248K, used 139514K [0x00000001048b0000, 0x000000010f350000, 0x000000010f350000)
  eden space 139776K,  99% used [0x00000001048b0000, 0x000000010d0ee970, 0x000000010d130000)
  from space 17472K,   0% used [0x000000010d130000, 0x000000010d130000, 0x000000010e240000)
  to   space 17472K,   0% used [0x000000010e240000, 0x000000010e240000, 0x000000010f350000)
 tenured generation   total 349568K, used 234491K [0x000000010f350000, 0x00000001248b0000, 0x00000001248b0000)
   the space 349568K,  67% used [0x000000010f350000, 0x000000011d84ee90, 0x000000011d84f000, 0x00000001248b0000)
 compacting perm gen  total 21248K, used 2870K [0x00000001248b0000, 0x0000000125d70000, 0x0000000129ab0000)
   the space 21248K,  13% used [0x00000001248b0000, 0x0000000124b7daf8, 0x0000000124b7dc00, 0x0000000125d70000)
No shared spaces configured.
4.213: [GC 4.213: [ParNew: 139514K->139514K(157248K), 0.0000190 secs]4.213: [Tenured: 234491K->191073K(349568K), 0.0790550 secs] 374006K->191073K(506816K), [Perm : 2870K->2870K(21248K)], 0.0791590 secs] [Times: user=0.08 sys=0.00, real=0.08 secs] 
Heap after GC invocations=29 (full 21):
 par new generation   total 157248K, used 0K [0x00000001048b0000, 0x000000010f350000, 0x000000010f350000)
  eden space 139776K,   0% used [0x00000001048b0000, 0x00000001048b0000, 0x000000010d130000)
  from space 17472K,   0% used [0x000000010d130000, 0x000000010d130000, 0x000000010e240000)
  to   space 17472K,   0% used [0x000000010e240000, 0x000000010e240000, 0x000000010f350000)
 tenured generation   total 349568K, used 191073K [0x000000010f350000, 0x00000001248b0000, 0x00000001248b0000)
   the space 349568K,  54% used [0x000000010f350000, 0x000000011ade8480, 0x000000011ade8600, 0x00000001248b0000)
 compacting perm gen  total 21248K, used 2870K [0x00000001248b0000, 0x0000000125d70000, 0x0000000129ab0000)
   the space 21248K,  13% used [0x00000001248b0000, 0x0000000124b7daf8, 0x0000000124b7dc00, 0x0000000125d70000)
No shared spaces configured.
}
{Heap before GC invocations=29 (full 21):
 par new generation   total 157248K, used 132624K [0x00000001048b0000, 0x000000010f350000, 0x000000010f350000)
  eden space 139776K,  94% used [0x00000001048b0000, 0x000000010ca340d8, 0x000000010d130000)
  from space 17472K,   0% used [0x000000010d130000, 0x000000010d130000, 0x000000010e240000)
  to   space 17472K,   0% used [0x000000010e240000, 0x000000010e240000, 0x000000010f350000)
 tenured generation   total 349568K, used 191073K [0x000000010f350000, 0x00000001248b0000, 0x00000001248b0000)
   the space 349568K,  54% used [0x000000010f350000, 0x000000011ade8480, 0x000000011ade8600, 0x00000001248b0000)
 compacting perm gen  total 21248K, used 2870K [0x00000001248b0000, 0x0000000125d70000, 0x0000000129ab0000)
   the space 21248K,  13% used [0x00000001248b0000, 0x0000000124b7daf8, 0x0000000124b7dc00, 0x0000000125d70000)
No shared spaces configured.
4.359: [GC 4.359: [ParNew
Desired survivor size 8945664 bytes, new threshold 1 (max 15)
- age   1:   11619248 bytes,   11619248 total
: 132624K->11348K(157248K), 0.0533900 secs] 323697K->323699K(506816K), 0.0534470 secs] [Times: user=0.10 sys=0.00, real=0.05 secs] 
Heap after GC invocations=30 (full 21):
 par new generation   total 157248K, used 11348K [0x00000001048b0000, 0x000000010f350000, 0x000000010f350000)
  eden space 139776K,   0% used [0x00000001048b0000, 0x00000001048b0000, 0x000000010d130000)
  from space 17472K,  64% used [0x000000010e240000, 0x000000010ed55280, 0x000000010f350000)
  to   space 17472K,   0% used [0x000000010d130000, 0x000000010d130000, 0x000000010e240000)
 tenured generation   total 349568K, used 312350K [0x000000010f350000, 0x00000001248b0000, 0x00000001248b0000)
   the space 349568K,  89% used [0x000000010f350000, 0x00000001224579a8, 0x0000000122457a00, 0x00000001248b0000)
 compacting perm gen  total 21248K, used 2870K [0x00000001248b0000, 0x0000000125d70000, 0x0000000129ab0000)
   the space 21248K,  13% used [0x00000001248b0000, 0x0000000124b7daf8, 0x0000000124b7dc00, 0x0000000125d70000)
No shared spaces configured.
}
{Heap before GC invocations=30 (full 21):
 par new generation   total 157248K, used 144567K [0x00000001048b0000, 0x000000010f350000, 0x000000010f350000)
  eden space 139776K,  95% used [0x00000001048b0000, 0x000000010cac8c28, 0x000000010d130000)
  from space 17472K,  64% used [0x000000010e240000, 0x000000010ed55280, 0x000000010f350000)
  to   space 17472K,   0% used [0x000000010d130000, 0x000000010d130000, 0x000000010e240000)
 tenured generation   total 349568K, used 312350K [0x000000010f350000, 0x00000001248b0000, 0x00000001248b0000)
   the space 349568K,  89% used [0x000000010f350000, 0x00000001224579a8, 0x0000000122457a00, 0x00000001248b0000)
 compacting perm gen  total 21248K, used 2870K [0x00000001248b0000, 0x0000000125d70000, 0x0000000129ab0000)
   the space 21248K,  13% used [0x00000001248b0000, 0x0000000124b7daf8, 0x0000000124b7dc00, 0x0000000125d70000)
No shared spaces configured.
4.479: [GC 4.479: [ParNew: 144567K->144567K(157248K), 0.0000200 secs]4.479: [Tenured: 312350K->265871K(349568K), 0.1071760 secs] 456918K->265871K(506816K), [Perm : 2870K->2870K(21248K)], 0.1072790 secs] [Times: user=0.11 sys=0.00, real=0.11 secs] 
Heap after GC invocations=31 (full 22):
 par new generation   total 157248K, used 0K [0x00000001048b0000, 0x000000010f350000, 0x000000010f350000)
  eden space 139776K,   0% used [0x00000001048b0000, 0x00000001048b0000, 0x000000010d130000)
  from space 17472K,   0% used [0x000000010e240000, 0x000000010e240000, 0x000000010f350000)
  to   space 17472K,   0% used [0x000000010d130000, 0x000000010d130000, 0x000000010e240000)
 tenured generation   total 349568K, used 265871K [0x000000010f350000, 0x00000001248b0000, 0x00000001248b0000)
   the space 349568K,  76% used [0x000000010f350000, 0x000000011f6f3e88, 0x000000011f6f4000, 0x00000001248b0000)
 compacting perm gen  total 21248K, used 2870K [0x00000001248b0000, 0x0000000125d70000, 0x0000000129ab0000)
   the space 21248K,  13% used [0x00000001248b0000, 0x0000000124b7daf8, 0x0000000124b7dc00, 0x0000000125d70000)
No shared spaces configured.
}
{Heap before GC invocations=31 (full 22):
 par new generation   total 157248K, used 136553K [0x00000001048b0000, 0x000000010f350000, 0x000000010f350000)
  eden space 139776K,  97% used [0x00000001048b0000, 0x000000010ce0a468, 0x000000010d130000)
  from space 17472K,   0% used [0x000000010e240000, 0x000000010e240000, 0x000000010f350000)
  to   space 17472K,   0% used [0x000000010d130000, 0x000000010d130000, 0x000000010e240000)
 tenured generation   total 349568K, used 265871K [0x000000010f350000, 0x00000001248b0000, 0x00000001248b0000)
   the space 349568K,  76% used [0x000000010f350000, 0x000000011f6f3e88, 0x000000011f6f4000, 0x00000001248b0000)
 compacting perm gen  total 21248K, used 2870K [0x00000001248b0000, 0x0000000125d70000, 0x0000000129ab0000)
   the space 21248K,  13% used [0x00000001248b0000, 0x0000000124b7daf8, 0x0000000124b7dc00, 0x0000000125d70000)
No shared spaces configured.
4.654: [GC 4.654: [ParNew: 136553K->136553K(157248K), 0.0000200 secs]4.654: [Tenured: 265871K->233154K(349568K), 0.0877460 secs] 402424K->233154K(506816K), [Perm : 2870K->2870K(21248K)], 0.0878590 secs] [Times: user=0.09 sys=0.00, real=0.09 secs] 
Heap after GC invocations=32 (full 23):
 par new generation   total 157248K, used 0K [0x00000001048b0000, 0x000000010f350000, 0x000000010f350000)
  eden space 139776K,   0% used [0x00000001048b0000, 0x00000001048b0000, 0x000000010d130000)
  from space 17472K,   0% used [0x000000010e240000, 0x000000010e240000, 0x000000010f350000)
  to   space 17472K,   0% used [0x000000010d130000, 0x000000010d130000, 0x000000010e240000)
 tenured generation   total 349568K, used 233154K [0x000000010f350000, 0x00000001248b0000, 0x00000001248b0000)
   the space 349568K,  66% used [0x000000010f350000, 0x000000011d700b58, 0x000000011d700c00, 0x00000001248b0000)
 compacting perm gen  total 21248K, used 2870K [0x00000001248b0000, 0x0000000125d70000, 0x0000000129ab0000)
   the space 21248K,  13% used [0x00000001248b0000, 0x0000000124b7daf8, 0x0000000124b7dc00, 0x0000000125d70000)
No shared spaces configured.
}
{Heap before GC invocations=32 (full 23):
 par new generation   total 157248K, used 138944K [0x00000001048b0000, 0x000000010f350000, 0x000000010f350000)
  eden space 139776K,  99% used [0x00000001048b0000, 0x000000010d0600e0, 0x000000010d130000)
  from space 17472K,   0% used [0x000000010e240000, 0x000000010e240000, 0x000000010f350000)
  to   space 17472K,   0% used [0x000000010d130000, 0x000000010d130000, 0x000000010e240000)
 tenured generation   total 349568K, used 233154K [0x000000010f350000, 0x00000001248b0000, 0x00000001248b0000)
   the space 349568K,  66% used [0x000000010f350000, 0x000000011d700b58, 0x000000011d700c00, 0x00000001248b0000)
 compacting perm gen  total 21248K, used 2870K [0x00000001248b0000, 0x0000000125d70000, 0x0000000129ab0000)
   the space 21248K,  13% used [0x00000001248b0000, 0x0000000124b7daf8, 0x0000000124b7dc00, 0x0000000125d70000)
No shared spaces configured.
4.812: [GC 4.812: [ParNew: 138944K->138944K(157248K), 0.0000200 secs]4.812: [Tenured: 233154K->267265K(349568K), 0.1083240 secs] 372099K->267265K(506816K), [Perm : 2870K->2870K(21248K)], 0.1084360 secs] [Times: user=0.11 sys=0.00, real=0.11 secs] 
Heap after GC invocations=33 (full 24):
 par new generation   total 157248K, used 0K [0x00000001048b0000, 0x000000010f350000, 0x000000010f350000)
  eden space 139776K,   0% used [0x00000001048b0000, 0x00000001048b0000, 0x000000010d130000)
  from space 17472K,   0% used [0x000000010e240000, 0x000000010e240000, 0x000000010f350000)
  to   space 17472K,   0% used [0x000000010d130000, 0x000000010d130000, 0x000000010e240000)
 tenured generation   total 349568K, used 267265K [0x000000010f350000, 0x00000001248b0000, 0x00000001248b0000)
   the space 349568K,  76% used [0x000000010f350000, 0x000000011f850498, 0x000000011f850600, 0x00000001248b0000)
 compacting perm gen  total 21248K, used 2870K [0x00000001248b0000, 0x0000000125d70000, 0x0000000129ab0000)
   the space 21248K,  13% used [0x00000001248b0000, 0x0000000124b7daf8, 0x0000000124b7dc00, 0x0000000125d70000)
No shared spaces configured.
}
{Heap before GC invocations=33 (full 24):
 par new generation   total 157248K, used 127660K [0x00000001048b0000, 0x000000010f350000, 0x000000010f350000)
  eden space 139776K,  91% used [0x00000001048b0000, 0x000000010c55b030, 0x000000010d130000)
  from space 17472K,   0% used [0x000000010e240000, 0x000000010e240000, 0x000000010f350000)
  to   space 17472K,   0% used [0x000000010d130000, 0x000000010d130000, 0x000000010e240000)
 tenured generation   total 349568K, used 267265K [0x000000010f350000, 0x00000001248b0000, 0x00000001248b0000)
   the space 349568K,  76% used [0x000000010f350000, 0x000000011f850498, 0x000000011f850600, 0x00000001248b0000)
 compacting perm gen  total 21248K, used 2870K [0x00000001248b0000, 0x0000000125d70000, 0x0000000129ab0000)
   the space 21248K,  13% used [0x00000001248b0000, 0x0000000124b7daf8, 0x0000000124b7dc00, 0x0000000125d70000)
No shared spaces configured.
4.985: [GC 4.985: [ParNew: 127660K->127660K(157248K), 0.0000190 secs]4.985: [Tenured: 267265K->213871K(349568K), 0.0874180 secs] 394925K->213871K(506816K), [Perm : 2870K->2870K(21248K)], 0.0875310 secs] [Times: user=0.09 sys=0.00, real=0.09 secs] 
Heap after GC invocations=34 (full 25):
 par new generation   total 157248K, used 0K [0x00000001048b0000, 0x000000010f350000, 0x000000010f350000)
  eden space 139776K,   0% used [0x00000001048b0000, 0x00000001048b0000, 0x000000010d130000)
  from space 17472K,   0% used [0x000000010e240000, 0x000000010e240000, 0x000000010f350000)
  to   space 17472K,   0% used [0x000000010d130000, 0x000000010d130000, 0x000000010e240000)
 tenured generation   total 349568K, used 213871K [0x000000010f350000, 0x00000001248b0000, 0x00000001248b0000)
   the space 349568K,  61% used [0x000000010f350000, 0x000000011c42bc18, 0x000000011c42be00, 0x00000001248b0000)
 compacting perm gen  total 21248K, used 2870K [0x00000001248b0000, 0x0000000125d70000, 0x0000000129ab0000)
   the space 21248K,  13% used [0x00000001248b0000, 0x0000000124b7daf8, 0x0000000124b7dc00, 0x0000000125d70000)
No shared spaces configured.
}
{Heap before GC invocations=34 (full 25):
 par new generation   total 157248K, used 139689K [0x00000001048b0000, 0x000000010f350000, 0x000000010f350000)
  eden space 139776K,  99% used [0x00000001048b0000, 0x000000010d11a770, 0x000000010d130000)
  from space 17472K,   0% used [0x000000010e240000, 0x000000010e240000, 0x000000010f350000)
  to   space 17472K,   0% used [0x000000010d130000, 0x000000010d130000, 0x000000010e240000)
 tenured generation   total 349568K, used 213871K [0x000000010f350000, 0x00000001248b0000, 0x00000001248b0000)
   the space 349568K,  61% used [0x000000010f350000, 0x000000011c42bc18, 0x000000011c42be00, 0x00000001248b0000)
 compacting perm gen  total 21248K, used 2870K [0x00000001248b0000, 0x0000000125d70000, 0x0000000129ab0000)
   the space 21248K,  13% used [0x00000001248b0000, 0x0000000124b7daf8, 0x0000000124b7dc00, 0x0000000125d70000)
No shared spaces configured.
5.142: [GC 5.142: [ParNew: 139689K->139689K(157248K), 0.0000190 secs]5.142: [Tenured: 213871K->225945K(349568K), 0.0926330 secs] 353560K->225945K(506816K), [Perm : 2870K->2870K(21248K)], 0.0927380 secs] [Times: user=0.09 sys=0.00, real=0.09 secs] 
Heap after GC invocations=35 (full 26):
 par new generation   total 157248K, used 0K [0x00000001048b0000, 0x000000010f350000, 0x000000010f350000)
  eden space 139776K,   0% used [0x00000001048b0000, 0x00000001048b0000, 0x000000010d130000)
  from space 17472K,   0% used [0x000000010e240000, 0x000000010e240000, 0x000000010f350000)
  to   space 17472K,   0% used [0x000000010d130000, 0x000000010d130000, 0x000000010e240000)
 tenured generation   total 349568K, used 225945K [0x000000010f350000, 0x00000001248b0000, 0x00000001248b0000)
   the space 349568K,  64% used [0x000000010f350000, 0x000000011cff6640, 0x000000011cff6800, 0x00000001248b0000)
 compacting perm gen  total 21248K, used 2870K [0x00000001248b0000, 0x0000000125d70000, 0x0000000129ab0000)
   the space 21248K,  13% used [0x00000001248b0000, 0x0000000124b7daf8, 0x0000000124b7dc00, 0x0000000125d70000)
No shared spaces configured.
}
{Heap before GC invocations=35 (full 26):
 par new generation   total 157248K, used 128056K [0x00000001048b0000, 0x000000010f350000, 0x000000010f350000)
  eden space 139776K,  91% used [0x00000001048b0000, 0x000000010c5be160, 0x000000010d130000)
  from space 17472K,   0% used [0x000000010e240000, 0x000000010e240000, 0x000000010f350000)
  to   space 17472K,   0% used [0x000000010d130000, 0x000000010d130000, 0x000000010e240000)
 tenured generation   total 349568K, used 225945K [0x000000010f350000, 0x00000001248b0000, 0x00000001248b0000)
   the space 349568K,  64% used [0x000000010f350000, 0x000000011cff6640, 0x000000011cff6800, 0x00000001248b0000)
 compacting perm gen  total 21248K, used 2870K [0x00000001248b0000, 0x0000000125d70000, 0x0000000129ab0000)
   the space 21248K,  13% used [0x00000001248b0000, 0x0000000124b7daf8, 0x0000000124b7dc00, 0x0000000125d70000)
No shared spaces configured.
5.298: [GC 5.298: [ParNew: 128056K->128056K(157248K), 0.0000190 secs]5.299: [Tenured: 225945K->259186K(349568K), 0.1078890 secs] 354001K->259186K(506816K), [Perm : 2870K->2870K(21248K)], 0.1079980 secs] [Times: user=0.10 sys=0.00, real=0.11 secs] 
Heap after GC invocations=36 (full 27):
 par new generation   total 157248K, used 0K [0x00000001048b0000, 0x000000010f350000, 0x000000010f350000)
  eden space 139776K,   0% used [0x00000001048b0000, 0x00000001048b0000, 0x000000010d130000)
  from space 17472K,   0% used [0x000000010e240000, 0x000000010e240000, 0x000000010f350000)
  to   space 17472K,   0% used [0x000000010d130000, 0x000000010d130000, 0x000000010e240000)
 tenured generation   total 349568K, used 259186K [0x000000010f350000, 0x00000001248b0000, 0x00000001248b0000)
   the space 349568K,  74% used [0x000000010f350000, 0x000000011f06ca48, 0x000000011f06cc00, 0x00000001248b0000)
 compacting perm gen  total 21248K, used 2870K [0x00000001248b0000, 0x0000000125d70000, 0x0000000129ab0000)
   the space 21248K,  13% used [0x00000001248b0000, 0x0000000124b7daf8, 0x0000000124b7dc00, 0x0000000125d70000)
No shared spaces configured.
}
{Heap before GC invocations=36 (full 27):
 par new generation   total 157248K, used 128622K [0x00000001048b0000, 0x000000010f350000, 0x000000010f350000)
  eden space 139776K,  92% used [0x00000001048b0000, 0x000000010c64bb88, 0x000000010d130000)
  from space 17472K,   0% used [0x000000010e240000, 0x000000010e240000, 0x000000010f350000)
  to   space 17472K,   0% used [0x000000010d130000, 0x000000010d130000, 0x000000010e240000)
 tenured generation   total 349568K, used 259186K [0x000000010f350000, 0x00000001248b0000, 0x00000001248b0000)
   the space 349568K,  74% used [0x000000010f350000, 0x000000011f06ca48, 0x000000011f06cc00, 0x00000001248b0000)
 compacting perm gen  total 21248K, used 2870K [0x00000001248b0000, 0x0000000125d70000, 0x0000000129ab0000)
   the space 21248K,  13% used [0x00000001248b0000, 0x0000000124b7daf8, 0x0000000124b7dc00, 0x0000000125d70000)
No shared spaces configured.
5.471: [GC 5.471: [ParNew: 128622K->128622K(157248K), 0.0000200 secs]5.471: [Tenured: 259186K->243310K(349568K), 0.0989160 secs] 387809K->243310K(506816K), [Perm : 2870K->2870K(21248K)], 0.0990260 secs] [Times: user=0.09 sys=0.00, real=0.10 secs] 
Heap after GC invocations=37 (full 28):
 par new generation   total 157248K, used 0K [0x00000001048b0000, 0x000000010f350000, 0x000000010f350000)
  eden space 139776K,   0% used [0x00000001048b0000, 0x00000001048b0000, 0x000000010d130000)
  from space 17472K,   0% used [0x000000010e240000, 0x000000010e240000, 0x000000010f350000)
  to   space 17472K,   0% used [0x000000010d130000, 0x000000010d130000, 0x000000010e240000)
 tenured generation   total 349568K, used 243310K [0x000000010f350000, 0x00000001248b0000, 0x00000001248b0000)
   the space 349568K,  69% used [0x000000010f350000, 0x000000011e0ebb70, 0x000000011e0ebc00, 0x00000001248b0000)
 compacting perm gen  total 21248K, used 2870K [0x00000001248b0000, 0x0000000125d70000, 0x0000000129ab0000)
   the space 21248K,  13% used [0x00000001248b0000, 0x0000000124b7daf8, 0x0000000124b7dc00, 0x0000000125d70000)
No shared spaces configured.
}
{Heap before GC invocations=37 (full 28):
 par new generation   total 157248K, used 134147K [0x00000001048b0000, 0x000000010f350000, 0x000000010f350000)
  eden space 139776K,  95% used [0x00000001048b0000, 0x000000010cbb0ec0, 0x000000010d130000)
  from space 17472K,   0% used [0x000000010e240000, 0x000000010e240000, 0x000000010f350000)
  to   space 17472K,   0% used [0x000000010d130000, 0x000000010d130000, 0x000000010e240000)
 tenured generation   total 349568K, used 243310K [0x000000010f350000, 0x00000001248b0000, 0x00000001248b0000)
   the space 349568K,  69% used [0x000000010f350000, 0x000000011e0ebb70, 0x000000011e0ebc00, 0x00000001248b0000)
 compacting perm gen  total 21248K, used 2870K [0x00000001248b0000, 0x0000000125d70000, 0x0000000129ab0000)
   the space 21248K,  13% used [0x00000001248b0000, 0x0000000124b7daf8, 0x0000000124b7dc00, 0x0000000125d70000)
No shared spaces configured.
5.638: [GC 5.638: [ParNew: 134147K->134147K(157248K), 0.0000190 secs]5.638: [Tenured: 243310K->210079K(349568K), 0.0856090 secs] 377458K->210079K(506816K), [Perm : 2870K->2870K(21248K)], 0.0857110 secs] [Times: user=0.08 sys=0.00, real=0.08 secs] 
Heap after GC invocations=38 (full 29):
 par new generation   total 157248K, used 0K [0x00000001048b0000, 0x000000010f350000, 0x000000010f350000)
  eden space 139776K,   0% used [0x00000001048b0000, 0x00000001048b0000, 0x000000010d130000)
  from space 17472K,   0% used [0x000000010e240000, 0x000000010e240000, 0x000000010f350000)
  to   space 17472K,   0% used [0x000000010d130000, 0x000000010d130000, 0x000000010e240000)
 tenured generation   total 349568K, used 210079K [0x000000010f350000, 0x00000001248b0000, 0x00000001248b0000)
   the space 349568K,  60% used [0x000000010f350000, 0x000000011c077f98, 0x000000011c078000, 0x00000001248b0000)
 compacting perm gen  total 21248K, used 2870K [0x00000001248b0000, 0x0000000125d70000, 0x0000000129ab0000)
   the space 21248K,  13% used [0x00000001248b0000, 0x0000000124b7daf8, 0x0000000124b7dc00, 0x0000000125d70000)
No shared spaces configured.
}
{Heap before GC invocations=38 (full 29):
 par new generation   total 157248K, used 134818K [0x00000001048b0000, 0x000000010f350000, 0x000000010f350000)
  eden space 139776K,  96% used [0x00000001048b0000, 0x000000010cc58908, 0x000000010d130000)
  from space 17472K,   0% used [0x000000010e240000, 0x000000010e240000, 0x000000010f350000)
  to   space 17472K,   0% used [0x000000010d130000, 0x000000010d130000, 0x000000010e240000)
 tenured generation   total 349568K, used 210079K [0x000000010f350000, 0x00000001248b0000, 0x00000001248b0000)
   the space 349568K,  60% used [0x000000010f350000, 0x000000011c077f98, 0x000000011c078000, 0x00000001248b0000)
 compacting perm gen  total 21248K, used 2870K [0x00000001248b0000, 0x0000000125d70000, 0x0000000129ab0000)
   the space 21248K,  13% used [0x00000001248b0000, 0x0000000124b7daf8, 0x0000000124b7dc00, 0x0000000125d70000)
No shared spaces configured.
5.791: [GC 5.791: [ParNew
Desired survivor size 8945664 bytes, new threshold 1 (max 15)
- age   1:   12413688 bytes,   12413688 total
: 134818K->12126K(157248K), 0.0534980 secs] 344898K->344777K(506816K), 0.0535620 secs] [Times: user=0.11 sys=0.00, real=0.05 secs] 
Heap after GC invocations=39 (full 29):
 par new generation   total 157248K, used 12126K [0x00000001048b0000, 0x000000010f350000, 0x000000010f350000)
  eden space 139776K,   0% used [0x00000001048b0000, 0x00000001048b0000, 0x000000010d130000)
  from space 17472K,  69% used [0x000000010d130000, 0x000000010dd07a18, 0x000000010e240000)
  to   space 17472K,   0% used [0x000000010e240000, 0x000000010e240000, 0x000000010f350000)
 tenured generation   total 349568K, used 332650K [0x000000010f350000, 0x00000001248b0000, 0x00000001248b0000)
   the space 349568K,  95% used [0x000000010f350000, 0x000000012382aad0, 0x000000012382ac00, 0x00000001248b0000)
 compacting perm gen  total 21248K, used 2870K [0x00000001248b0000, 0x0000000125d70000, 0x0000000129ab0000)
   the space 21248K,  13% used [0x00000001248b0000, 0x0000000124b7daf8, 0x0000000124b7dc00, 0x0000000125d70000)
No shared spaces configured.
}
{Heap before GC invocations=39 (full 29):
 par new generation   total 157248K, used 148745K [0x00000001048b0000, 0x000000010f350000, 0x000000010f350000)
  eden space 139776K,  97% used [0x00000001048b0000, 0x000000010ce1abe0, 0x000000010d130000)
  from space 17472K,  69% used [0x000000010d130000, 0x000000010dd07a18, 0x000000010e240000)
  to   space 17472K,   0% used [0x000000010e240000, 0x000000010e240000, 0x000000010f350000)
 tenured generation   total 349568K, used 332650K [0x000000010f350000, 0x00000001248b0000, 0x00000001248b0000)
   the space 349568K,  95% used [0x000000010f350000, 0x000000012382aad0, 0x000000012382ac00, 0x00000001248b0000)
 compacting perm gen  total 21248K, used 2870K [0x00000001248b0000, 0x0000000125d70000, 0x0000000129ab0000)
   the space 21248K,  13% used [0x00000001248b0000, 0x0000000124b7daf8, 0x0000000124b7dc00, 0x0000000125d70000)
No shared spaces configured.
5.912: [GC 5.912: [ParNew: 148745K->148745K(157248K), 0.0000200 secs]5.912: [Tenured: 332650K->277109K(349568K), 0.1149530 secs] 481396K->277109K(506816K), [Perm : 2870K->2870K(21248K)], 0.1150580 secs] [Times: user=0.12 sys=0.00, real=0.12 secs] 
Heap after GC invocations=40 (full 30):
 par new generation   total 157248K, used 0K [0x00000001048b0000, 0x000000010f350000, 0x000000010f350000)
  eden space 139776K,   0% used [0x00000001048b0000, 0x00000001048b0000, 0x000000010d130000)
  from space 17472K,   0% used [0x000000010d130000, 0x000000010d130000, 0x000000010e240000)
  to   space 17472K,   0% used [0x000000010e240000, 0x000000010e240000, 0x000000010f350000)
 tenured generation   total 349568K, used 277109K [0x000000010f350000, 0x00000001248b0000, 0x00000001248b0000)
   the space 349568K,  79% used [0x000000010f350000, 0x00000001201ed570, 0x00000001201ed600, 0x00000001248b0000)
 compacting perm gen  total 21248K, used 2870K [0x00000001248b0000, 0x0000000125d70000, 0x0000000129ab0000)
   the space 21248K,  13% used [0x00000001248b0000, 0x0000000124b7daf8, 0x0000000124b7dc00, 0x0000000125d70000)
No shared spaces configured.
}
{Heap before GC invocations=40 (full 30):
 par new generation   total 157248K, used 131221K [0x00000001048b0000, 0x000000010f350000, 0x000000010f350000)
  eden space 139776K,  93% used [0x00000001048b0000, 0x000000010c8d5578, 0x000000010d130000)
  from space 17472K,   0% used [0x000000010d130000, 0x000000010d130000, 0x000000010e240000)
  to   space 17472K,   0% used [0x000000010e240000, 0x000000010e240000, 0x000000010f350000)
 tenured generation   total 349568K, used 277109K [0x000000010f350000, 0x00000001248b0000, 0x00000001248b0000)
   the space 349568K,  79% used [0x000000010f350000, 0x00000001201ed570, 0x00000001201ed600, 0x00000001248b0000)
 compacting perm gen  total 21248K, used 2870K [0x00000001248b0000, 0x0000000125d70000, 0x0000000129ab0000)
   the space 21248K,  13% used [0x00000001248b0000, 0x0000000124b7daf8, 0x0000000124b7dc00, 0x0000000125d70000)
No shared spaces configured.
6.093: [GC 6.093: [ParNew: 131221K->131221K(157248K), 0.0000280 secs]6.093: [Tenured: 277109K->279427K(349568K), 0.1121030 secs] 408330K->279427K(506816K), [Perm : 2870K->2870K(21248K)], 0.1122380 secs] [Times: user=0.11 sys=0.00, real=0.11 secs] 
Heap after GC invocations=41 (full 31):
 par new generation   total 157248K, used 0K [0x00000001048b0000, 0x000000010f350000, 0x000000010f350000)
  eden space 139776K,   0% used [0x00000001048b0000, 0x00000001048b0000, 0x000000010d130000)
  from space 17472K,   0% used [0x000000010d130000, 0x000000010d130000, 0x000000010e240000)
  to   space 17472K,   0% used [0x000000010e240000, 0x000000010e240000, 0x000000010f350000)
 tenured generation   total 349568K, used 279427K [0x000000010f350000, 0x00000001248b0000, 0x00000001248b0000)
   the space 349568K,  79% used [0x000000010f350000, 0x0000000120430cc0, 0x0000000120430e00, 0x00000001248b0000)
 compacting perm gen  total 21248K, used 2870K [0x00000001248b0000, 0x0000000125d70000, 0x0000000129ab0000)
   the space 21248K,  13% used [0x00000001248b0000, 0x0000000124b7daf8, 0x0000000124b7dc00, 0x0000000125d70000)
No shared spaces configured.
}
{Heap before GC invocations=41 (full 31):
 par new generation   total 157248K, used 134991K [0x00000001048b0000, 0x000000010f350000, 0x000000010f350000)
  eden space 139776K,  96% used [0x00000001048b0000, 0x000000010cc83c08, 0x000000010d130000)
  from space 17472K,   0% used [0x000000010d130000, 0x000000010d130000, 0x000000010e240000)
  to   space 17472K,   0% used [0x000000010e240000, 0x000000010e240000, 0x000000010f350000)
 tenured generation   total 349568K, used 279427K [0x000000010f350000, 0x00000001248b0000, 0x00000001248b0000)
   the space 349568K,  79% used [0x000000010f350000, 0x0000000120430cc0, 0x0000000120430e00, 0x00000001248b0000)
 compacting perm gen  total 21248K, used 2870K [0x00000001248b0000, 0x0000000125d70000, 0x0000000129ab0000)
   the space 21248K,  13% used [0x00000001248b0000, 0x0000000124b7daf8, 0x0000000124b7dc00, 0x0000000125d70000)
No shared spaces configured.
6.276: [GC 6.276: [ParNew: 134991K->134991K(157248K), 0.0000190 secs]6.276: [Tenured: 279427K->321627K(349568K), 0.1168160 secs] 414418K->321627K(506816K), [Perm : 2870K->2870K(21248K)], 0.1169230 secs] [Times: user=0.11 sys=0.00, real=0.11 secs] 
Heap after GC invocations=42 (full 32):
 par new generation   total 157248K, used 0K [0x00000001048b0000, 0x000000010f350000, 0x000000010f350000)
  eden space 139776K,   0% used [0x00000001048b0000, 0x00000001048b0000, 0x000000010d130000)
  from space 17472K,   0% used [0x000000010d130000, 0x000000010d130000, 0x000000010e240000)
  to   space 17472K,   0% used [0x000000010e240000, 0x000000010e240000, 0x000000010f350000)
 tenured generation   total 349568K, used 321627K [0x000000010f350000, 0x00000001248b0000, 0x00000001248b0000)
   the space 349568K,  92% used [0x000000010f350000, 0x0000000122d66d70, 0x0000000122d66e00, 0x00000001248b0000)
 compacting perm gen  total 21248K, used 2870K [0x00000001248b0000, 0x0000000125d70000, 0x0000000129ab0000)
   the space 21248K,  13% used [0x00000001248b0000, 0x0000000124b7daf8, 0x0000000124b7dc00, 0x0000000125d70000)
No shared spaces configured.
}
{Heap before GC invocations=42 (full 32):
 par new generation   total 157248K, used 130634K [0x00000001048b0000, 0x000000010f350000, 0x000000010f350000)
  eden space 139776K,  93% used [0x00000001048b0000, 0x000000010c842a38, 0x000000010d130000)
  from space 17472K,   0% used [0x000000010d130000, 0x000000010d130000, 0x000000010e240000)
  to   space 17472K,   0% used [0x000000010e240000, 0x000000010e240000, 0x000000010f350000)
 tenured generation   total 349568K, used 321627K [0x000000010f350000, 0x00000001248b0000, 0x00000001248b0000)
   the space 349568K,  92% used [0x000000010f350000, 0x0000000122d66d70, 0x0000000122d66e00, 0x00000001248b0000)
 compacting perm gen  total 21248K, used 2870K [0x00000001248b0000, 0x0000000125d70000, 0x0000000129ab0000)
   the space 21248K,  13% used [0x00000001248b0000, 0x0000000124b7daf8, 0x0000000124b7dc00, 0x0000000125d70000)
No shared spaces configured.
6.458: [GC 6.458: [ParNew: 130634K->130634K(157248K), 0.0000190 secs]6.458: [Tenured: 321627K->235366K(349568K), 0.0955570 secs] 452261K->235366K(506816K), [Perm : 2870K->2870K(21248K)], 0.0956610 secs] [Times: user=0.10 sys=0.00, real=0.09 secs] 
Heap after GC invocations=43 (full 33):
 par new generation   total 157248K, used 0K [0x00000001048b0000, 0x000000010f350000, 0x000000010f350000)
  eden space 139776K,   0% used [0x00000001048b0000, 0x00000001048b0000, 0x000000010d130000)
  from space 17472K,   0% used [0x000000010d130000, 0x000000010d130000, 0x000000010e240000)
  to   space 17472K,   0% used [0x000000010e240000, 0x000000010e240000, 0x000000010f350000)
 tenured generation   total 349568K, used 235366K [0x000000010f350000, 0x00000001248b0000, 0x00000001248b0000)
   the space 349568K,  67% used [0x000000010f350000, 0x000000011d9298d0, 0x000000011d929a00, 0x00000001248b0000)
 compacting perm gen  total 21248K, used 2870K [0x00000001248b0000, 0x0000000125d70000, 0x0000000129ab0000)
   the space 21248K,  13% used [0x00000001248b0000, 0x0000000124b7daf8, 0x0000000124b7dc00, 0x0000000125d70000)
No shared spaces configured.
}
{Heap before GC invocations=43 (full 33):
 par new generation   total 157248K, used 135676K [0x00000001048b0000, 0x000000010f350000, 0x000000010f350000)
  eden space 139776K,  97% used [0x00000001048b0000, 0x000000010cd2f318, 0x000000010d130000)
  from space 17472K,   0% used [0x000000010d130000, 0x000000010d130000, 0x000000010e240000)
  to   space 17472K,   0% used [0x000000010e240000, 0x000000010e240000, 0x000000010f350000)
 tenured generation   total 349568K, used 235366K [0x000000010f350000, 0x00000001248b0000, 0x00000001248b0000)
   the space 349568K,  67% used [0x000000010f350000, 0x000000011d9298d0, 0x000000011d929a00, 0x00000001248b0000)
 compacting perm gen  total 21248K, used 2870K [0x00000001248b0000, 0x0000000125d70000, 0x0000000129ab0000)
   the space 21248K,  13% used [0x00000001248b0000, 0x0000000124b7daf8, 0x0000000124b7dc00, 0x0000000125d70000)
No shared spaces configured.
6.622: [GC 6.622: [ParNew: 135676K->135676K(157248K), 0.0000200 secs]6.622: [Tenured: 235366K->246092K(349568K), 0.0991430 secs] 371042K->246092K(506816K), [Perm : 2870K->2870K(21248K)], 0.0992500 secs] [Times: user=0.10 sys=0.00, real=0.10 secs] 
Heap after GC invocations=44 (full 34):
 par new generation   total 157248K, used 0K [0x00000001048b0000, 0x000000010f350000, 0x000000010f350000)
  eden space 139776K,   0% used [0x00000001048b0000, 0x00000001048b0000, 0x000000010d130000)
  from space 17472K,   0% used [0x000000010d130000, 0x000000010d130000, 0x000000010e240000)
  to   space 17472K,   0% used [0x000000010e240000, 0x000000010e240000, 0x000000010f350000)
 tenured generation   total 349568K, used 246092K [0x000000010f350000, 0x00000001248b0000, 0x00000001248b0000)
   the space 349568K,  70% used [0x000000010f350000, 0x000000011e3a3100, 0x000000011e3a3200, 0x00000001248b0000)
 compacting perm gen  total 21248K, used 2870K [0x00000001248b0000, 0x0000000125d70000, 0x0000000129ab0000)
   the space 21248K,  13% used [0x00000001248b0000, 0x0000000124b7daf8, 0x0000000124b7dc00, 0x0000000125d70000)
No shared spaces configured.
}
{Heap before GC invocations=44 (full 34):
 par new generation   total 157248K, used 136250K [0x00000001048b0000, 0x000000010f350000, 0x000000010f350000)
  eden space 139776K,  97% used [0x00000001048b0000, 0x000000010cdbe988, 0x000000010d130000)
  from space 17472K,   0% used [0x000000010d130000, 0x000000010d130000, 0x000000010e240000)
  to   space 17472K,   0% used [0x000000010e240000, 0x000000010e240000, 0x000000010f350000)
 tenured generation   total 349568K, used 246092K [0x000000010f350000, 0x00000001248b0000, 0x00000001248b0000)
   the space 349568K,  70% used [0x000000010f350000, 0x000000011e3a3100, 0x000000011e3a3200, 0x00000001248b0000)
 compacting perm gen  total 21248K, used 2870K [0x00000001248b0000, 0x0000000125d70000, 0x0000000129ab0000)
   the space 21248K,  13% used [0x00000001248b0000, 0x0000000124b7daf8, 0x0000000124b7dc00, 0x0000000125d70000)
No shared spaces configured.
6.790: [GC 6.790: [ParNew: 136250K->136250K(157248K), 0.0000200 secs]6.790: [Tenured: 246092K->261449K(349568K), 0.1057110 secs] 382342K->261449K(506816K), [Perm : 2870K->2870K(21248K)], 0.1058190 secs] [Times: user=0.11 sys=0.00, real=0.11 secs] 
Heap after GC invocations=45 (full 35):
 par new generation   total 157248K, used 0K [0x00000001048b0000, 0x000000010f350000, 0x000000010f350000)
  eden space 139776K,   0% used [0x00000001048b0000, 0x00000001048b0000, 0x000000010d130000)
  from space 17472K,   0% used [0x000000010d130000, 0x000000010d130000, 0x000000010e240000)
  to   space 17472K,   0% used [0x000000010e240000, 0x000000010e240000, 0x000000010f350000)
 tenured generation   total 349568K, used 261449K [0x000000010f350000, 0x00000001248b0000, 0x00000001248b0000)
   the space 349568K,  74% used [0x000000010f350000, 0x000000011f2a2500, 0x000000011f2a2600, 0x00000001248b0000)
 compacting perm gen  total 21248K, used 2870K [0x00000001248b0000, 0x0000000125d70000, 0x0000000129ab0000)
   the space 21248K,  13% used [0x00000001248b0000, 0x0000000124b7daf8, 0x0000000124b7dc00, 0x0000000125d70000)
No shared spaces configured.
}
{Heap before GC invocations=45 (full 35):
 par new generation   total 157248K, used 134630K [0x00000001048b0000, 0x000000010f350000, 0x000000010f350000)
  eden space 139776K,  96% used [0x00000001048b0000, 0x000000010cc29990, 0x000000010d130000)
  from space 17472K,   0% used [0x000000010d130000, 0x000000010d130000, 0x000000010e240000)
  to   space 17472K,   0% used [0x000000010e240000, 0x000000010e240000, 0x000000010f350000)
 tenured generation   total 349568K, used 261449K [0x000000010f350000, 0x00000001248b0000, 0x00000001248b0000)
   the space 349568K,  74% used [0x000000010f350000, 0x000000011f2a2500, 0x000000011f2a2600, 0x00000001248b0000)
 compacting perm gen  total 21248K, used 2870K [0x00000001248b0000, 0x0000000125d70000, 0x0000000129ab0000)
   the space 21248K,  13% used [0x00000001248b0000, 0x0000000124b7daf8, 0x0000000124b7dc00, 0x0000000125d70000)
No shared spaces configured.
6.964: [GC 6.964: [ParNew: 134630K->134630K(157248K), 0.0000180 secs]6.964: [Tenured: 261449K->246375K(349568K), 0.0993900 secs] 396079K->246375K(506816K), [Perm : 2870K->2870K(21248K)], 0.0994950 secs] [Times: user=0.10 sys=0.00, real=0.10 secs] 
Heap after GC invocations=46 (full 36):
 par new generation   total 157248K, used 0K [0x00000001048b0000, 0x000000010f350000, 0x000000010f350000)
  eden space 139776K,   0% used [0x00000001048b0000, 0x00000001048b0000, 0x000000010d130000)
  from space 17472K,   0% used [0x000000010d130000, 0x000000010d130000, 0x000000010e240000)
  to   space 17472K,   0% used [0x000000010e240000, 0x000000010e240000, 0x000000010f350000)
 tenured generation   total 349568K, used 246375K [0x000000010f350000, 0x00000001248b0000, 0x00000001248b0000)
   the space 349568K,  70% used [0x000000010f350000, 0x000000011e3e9f38, 0x000000011e3ea000, 0x00000001248b0000)
 compacting perm gen  total 21248K, used 2870K [0x00000001248b0000, 0x0000000125d70000, 0x0000000129ab0000)
   the space 21248K,  13% used [0x00000001248b0000, 0x0000000124b7daf8, 0x0000000124b7dc00, 0x0000000125d70000)
No shared spaces configured.
}
{Heap before GC invocations=46 (full 36):
 par new generation   total 157248K, used 134793K [0x00000001048b0000, 0x000000010f350000, 0x000000010f350000)
  eden space 139776K,  96% used [0x00000001048b0000, 0x000000010cc52518, 0x000000010d130000)
  from space 17472K,   0% used [0x000000010d130000, 0x000000010d130000, 0x000000010e240000)
  to   space 17472K,   0% used [0x000000010e240000, 0x000000010e240000, 0x000000010f350000)
 tenured generation   total 349568K, used 246375K [0x000000010f350000, 0x00000001248b0000, 0x00000001248b0000)
   the space 349568K,  70% used [0x000000010f350000, 0x000000011e3e9f38, 0x000000011e3ea000, 0x00000001248b0000)
 compacting perm gen  total 21248K, used 2870K [0x00000001248b0000, 0x0000000125d70000, 0x0000000129ab0000)
   the space 21248K,  13% used [0x00000001248b0000, 0x0000000124b7daf8, 0x0000000124b7dc00, 0x0000000125d70000)
No shared spaces configured.
7.131: [GC 7.131: [ParNew: 134793K->134793K(157248K), 0.0000190 secs]7.131: [Tenured: 246375K->271542K(349568K), 0.0954000 secs] 381169K->271542K(506816K), [Perm : 2870K->2870K(21248K)], 0.0955060 secs] [Times: user=0.10 sys=0.00, real=0.10 secs] 
Heap after GC invocations=47 (full 37):
 par new generation   total 157248K, used 0K [0x00000001048b0000, 0x000000010f350000, 0x000000010f350000)
  eden space 139776K,   0% used [0x00000001048b0000, 0x00000001048b0000, 0x000000010d130000)
  from space 17472K,   0% used [0x000000010d130000, 0x000000010d130000, 0x000000010e240000)
  to   space 17472K,   0% used [0x000000010e240000, 0x000000010e240000, 0x000000010f350000)
 tenured generation   total 349568K, used 271542K [0x000000010f350000, 0x00000001248b0000, 0x00000001248b0000)
   the space 349568K,  77% used [0x000000010f350000, 0x000000011fc7db30, 0x000000011fc7dc00, 0x00000001248b0000)
 compacting perm gen  total 21248K, used 2870K [0x00000001248b0000, 0x0000000125d70000, 0x0000000129ab0000)
   the space 21248K,  13% used [0x00000001248b0000, 0x0000000124b7daf8, 0x0000000124b7dc00, 0x0000000125d70000)
No shared spaces configured.
}
{Heap before GC invocations=47 (full 37):
 par new generation   total 157248K, used 121507K [0x00000001048b0000, 0x000000010f350000, 0x000000010f350000)
  eden space 139776K,  86% used [0x00000001048b0000, 0x000000010bf58e58, 0x000000010d130000)
  from space 17472K,   0% used [0x000000010d130000, 0x000000010d130000, 0x000000010e240000)
  to   space 17472K,   0% used [0x000000010e240000, 0x000000010e240000, 0x000000010f350000)
 tenured generation   total 349568K, used 271542K [0x000000010f350000, 0x00000001248b0000, 0x00000001248b0000)
   the space 349568K,  77% used [0x000000010f350000, 0x000000011fc7db30, 0x000000011fc7dc00, 0x00000001248b0000)
 compacting perm gen  total 21248K, used 2870K [0x00000001248b0000, 0x0000000125d70000, 0x0000000129ab0000)
   the space 21248K,  13% used [0x00000001248b0000, 0x0000000124b7daf8, 0x0000000124b7dc00, 0x0000000125d70000)
No shared spaces configured.
7.287: [GC 7.287: [ParNew: 121507K->121507K(157248K), 0.0000200 secs]7.287: [Tenured: 271542K->293605K(349568K), 0.1112480 secs] 393050K->293605K(506816K), [Perm : 2870K->2870K(21248K)], 0.1113490 secs] [Times: user=0.11 sys=0.00, real=0.11 secs] 
Heap after GC invocations=48 (full 38):
 par new generation   total 157248K, used 0K [0x00000001048b0000, 0x000000010f350000, 0x000000010f350000)
  eden space 139776K,   0% used [0x00000001048b0000, 0x00000001048b0000, 0x000000010d130000)
  from space 17472K,   0% used [0x000000010d130000, 0x000000010d130000, 0x000000010e240000)
  to   space 17472K,   0% used [0x000000010e240000, 0x000000010e240000, 0x000000010f350000)
 tenured generation   total 349568K, used 293605K [0x000000010f350000, 0x00000001248b0000, 0x00000001248b0000)
   the space 349568K,  83% used [0x000000010f350000, 0x0000000121209758, 0x0000000121209800, 0x00000001248b0000)
 compacting perm gen  total 21248K, used 2870K [0x00000001248b0000, 0x0000000125d70000, 0x0000000129ab0000)
   the space 21248K,  13% used [0x00000001248b0000, 0x0000000124b7daf8, 0x0000000124b7dc00, 0x0000000125d70000)
No shared spaces configured.
}
{Heap before GC invocations=48 (full 38):
 par new generation   total 157248K, used 127391K [0x00000001048b0000, 0x000000010f350000, 0x000000010f350000)
  eden space 139776K,  91% used [0x00000001048b0000, 0x000000010c517cd8, 0x000000010d130000)
  from space 17472K,   0% used [0x000000010d130000, 0x000000010d130000, 0x000000010e240000)
  to   space 17472K,   0% used [0x000000010e240000, 0x000000010e240000, 0x000000010f350000)
 tenured generation   total 349568K, used 293605K [0x000000010f350000, 0x00000001248b0000, 0x00000001248b0000)
   the space 349568K,  83% used [0x000000010f350000, 0x0000000121209758, 0x0000000121209800, 0x00000001248b0000)
 compacting perm gen  total 21248K, used 2870K [0x00000001248b0000, 0x0000000125d70000, 0x0000000129ab0000)
   the space 21248K,  13% used [0x00000001248b0000, 0x0000000124b7daf8, 0x0000000124b7dc00, 0x0000000125d70000)
No shared spaces configured.
7.462: [GC 7.462: [ParNew: 127391K->127391K(157248K), 0.0000220 secs]7.462: [Tenured: 293605K->292756K(349568K), 0.1174440 secs] 420997K->292756K(506816K), [Perm : 2870K->2870K(21248K)], 0.1175590 secs] [Times: user=0.11 sys=0.00, real=0.12 secs] 
Heap after GC invocations=49 (full 39):
 par new generation   total 157248K, used 0K [0x00000001048b0000, 0x000000010f350000, 0x000000010f350000)
  eden space 139776K,   0% used [0x00000001048b0000, 0x00000001048b0000, 0x000000010d130000)
  from space 17472K,   0% used [0x000000010d130000, 0x000000010d130000, 0x000000010e240000)
  to   space 17472K,   0% used [0x000000010e240000, 0x000000010e240000, 0x000000010f350000)
 tenured generation   total 349568K, used 292756K [0x000000010f350000, 0x00000001248b0000, 0x00000001248b0000)
   the space 349568K,  83% used [0x000000010f350000, 0x0000000121135158, 0x0000000121135200, 0x00000001248b0000)
 compacting perm gen  total 21248K, used 2870K [0x00000001248b0000, 0x0000000125d70000, 0x0000000129ab0000)
   the space 21248K,  13% used [0x00000001248b0000, 0x0000000124b7daf8, 0x0000000124b7dc00, 0x0000000125d70000)
No shared spaces configured.
}
{Heap before GC invocations=49 (full 39):
 par new generation   total 157248K, used 130592K [0x00000001048b0000, 0x000000010f350000, 0x000000010f350000)
  eden space 139776K,  93% used [0x00000001048b0000, 0x000000010c838098, 0x000000010d130000)
  from space 17472K,   0% used [0x000000010d130000, 0x000000010d130000, 0x000000010e240000)
  to   space 17472K,   0% used [0x000000010e240000, 0x000000010e240000, 0x000000010f350000)
 tenured generation   total 349568K, used 292756K [0x000000010f350000, 0x00000001248b0000, 0x00000001248b0000)
   the space 349568K,  83% used [0x000000010f350000, 0x0000000121135158, 0x0000000121135200, 0x00000001248b0000)
 compacting perm gen  total 21248K, used 2870K [0x00000001248b0000, 0x0000000125d70000, 0x0000000129ab0000)
   the space 21248K,  13% used [0x00000001248b0000, 0x0000000124b7daf8, 0x0000000124b7dc00, 0x0000000125d70000)
No shared spaces configured.
7.646: [GC 7.646: [ParNew: 130592K->130592K(157248K), 0.0000200 secs]7.646: [Tenured: 292756K->235010K(349568K), 0.0951700 secs] 423348K->235010K(506816K), [Perm : 2870K->2870K(21248K)], 0.0952710 secs] [Times: user=0.10 sys=0.00, real=0.10 secs] 
Heap after GC invocations=50 (full 40):
 par new generation   total 157248K, used 0K [0x00000001048b0000, 0x000000010f350000, 0x000000010f350000)
  eden space 139776K,   0% used [0x00000001048b0000, 0x00000001048b0000, 0x000000010d130000)
  from space 17472K,   0% used [0x000000010d130000, 0x000000010d130000, 0x000000010e240000)
  to   space 17472K,   0% used [0x000000010e240000, 0x000000010e240000, 0x000000010f350000)
 tenured generation   total 349568K, used 235010K [0x000000010f350000, 0x00000001248b0000, 0x00000001248b0000)
   the space 349568K,  67% used [0x000000010f350000, 0x000000011d8d0b68, 0x000000011d8d0c00, 0x00000001248b0000)
 compacting perm gen  total 21248K, used 2870K [0x00000001248b0000, 0x0000000125d70000, 0x0000000129ab0000)
   the space 21248K,  13% used [0x00000001248b0000, 0x0000000124b7daf8, 0x0000000124b7dc00, 0x0000000125d70000)
No shared spaces configured.
}
{Heap before GC invocations=50 (full 40):
 par new generation   total 157248K, used 134639K [0x00000001048b0000, 0x000000010f350000, 0x000000010f350000)
  eden space 139776K,  96% used [0x00000001048b0000, 0x000000010cc2bf60, 0x000000010d130000)
  from space 17472K,   0% used [0x000000010d130000, 0x000000010d130000, 0x000000010e240000)
  to   space 17472K,   0% used [0x000000010e240000, 0x000000010e240000, 0x000000010f350000)
 tenured generation   total 349568K, used 235010K [0x000000010f350000, 0x00000001248b0000, 0x00000001248b0000)
   the space 349568K,  67% used [0x000000010f350000, 0x000000011d8d0b68, 0x000000011d8d0c00, 0x00000001248b0000)
 compacting perm gen  total 21248K, used 2870K [0x00000001248b0000, 0x0000000125d70000, 0x0000000129ab0000)
   the space 21248K,  13% used [0x00000001248b0000, 0x0000000124b7daf8, 0x0000000124b7dc00, 0x0000000125d70000)
No shared spaces configured.
7.808: [GC 7.808: [ParNew: 134639K->134639K(157248K), 0.0000190 secs]7.808: [Tenured: 235010K->244185K(349568K), 0.1060630 secs] 369650K->244185K(506816K), [Perm : 2870K->2870K(21248K)], 0.1061690 secs] [Times: user=0.10 sys=0.00, real=0.10 secs] 
Heap after GC invocations=51 (full 41):
 par new generation   total 157248K, used 0K [0x00000001048b0000, 0x000000010f350000, 0x000000010f350000)
  eden space 139776K,   0% used [0x00000001048b0000, 0x00000001048b0000, 0x000000010d130000)
  from space 17472K,   0% used [0x000000010d130000, 0x000000010d130000, 0x000000010e240000)
  to   space 17472K,   0% used [0x000000010e240000, 0x000000010e240000, 0x000000010f350000)
 tenured generation   total 349568K, used 244185K [0x000000010f350000, 0x00000001248b0000, 0x00000001248b0000)
   the space 349568K,  69% used [0x000000010f350000, 0x000000011e1c6728, 0x000000011e1c6800, 0x00000001248b0000)
 compacting perm gen  total 21248K, used 2870K [0x00000001248b0000, 0x0000000125d70000, 0x0000000129ab0000)
   the space 21248K,  13% used [0x00000001248b0000, 0x0000000124b7daf8, 0x0000000124b7dc00, 0x0000000125d70000)
No shared spaces configured.
}
{Heap before GC invocations=51 (full 41):
 par new generation   total 157248K, used 126905K [0x00000001048b0000, 0x000000010f350000, 0x000000010f350000)
  eden space 139776K,  90% used [0x00000001048b0000, 0x000000010c49e568, 0x000000010d130000)
  from space 17472K,   0% used [0x000000010d130000, 0x000000010d130000, 0x000000010e240000)
  to   space 17472K,   0% used [0x000000010e240000, 0x000000010e240000, 0x000000010f350000)
 tenured generation   total 349568K, used 244185K [0x000000010f350000, 0x00000001248b0000, 0x00000001248b0000)
   the space 349568K,  69% used [0x000000010f350000, 0x000000011e1c6728, 0x000000011e1c6800, 0x00000001248b0000)
 compacting perm gen  total 21248K, used 2870K [0x00000001248b0000, 0x0000000125d70000, 0x0000000129ab0000)
   the space 21248K,  13% used [0x00000001248b0000, 0x0000000124b7daf8, 0x0000000124b7dc00, 0x0000000125d70000)
No shared spaces configured.
7.998: [GC 7.998: [ParNew: 126905K->126905K(157248K), 0.0000220 secs]7.998: [Tenured: 244185K->334474K(349568K), 0.0751940 secs] 371091K->353411K(506816K), [Perm : 2870K->2870K(21248K)], 0.0753020 secs] [Times: user=0.07 sys=0.00, real=0.07 secs] 
Heap after GC invocations=52 (full 42):
 par new generation   total 157248K, used 18937K [0x00000001048b0000, 0x000000010f350000, 0x000000010f350000)
  eden space 139776K,  13% used [0x00000001048b0000, 0x0000000105b2e498, 0x000000010d130000)
  from space 17472K,   0% used [0x000000010d130000, 0x000000010d130000, 0x000000010e240000)
  to   space 17472K,   0% used [0x000000010e240000, 0x000000010e240000, 0x000000010f350000)
 tenured generation   total 349568K, used 334474K [0x000000010f350000, 0x00000001248b0000, 0x00000001248b0000)
   the space 349568K,  95% used [0x000000010f350000, 0x00000001239f2908, 0x00000001239f2a00, 0x00000001248b0000)
 compacting perm gen  total 21248K, used 2870K [0x00000001248b0000, 0x0000000125d70000, 0x0000000129ab0000)
   the space 21248K,  13% used [0x00000001248b0000, 0x0000000124b7daf8, 0x0000000124b7dc00, 0x0000000125d70000)
No shared spaces configured.
}
{Heap before GC invocations=52 (full 42):
 par new generation   total 157248K, used 149472K [0x00000001048b0000, 0x000000010f350000, 0x000000010f350000)
  eden space 139776K,  96% used [0x00000001048b0000, 0x000000010cbf5480, 0x000000010d130000)
  from space 17472K,  86% used [0x000000010d130000, 0x000000010dfe2be0, 0x000000010e240000)
  to   space 17472K,   0% used [0x000000010e240000, 0x000000010e240000, 0x000000010f350000)
 tenured generation   total 349568K, used 334474K [0x000000010f350000, 0x00000001248b0000, 0x00000001248b0000)
   the space 349568K,  95% used [0x000000010f350000, 0x00000001239f2908, 0x00000001239f2a00, 0x00000001248b0000)
 compacting perm gen  total 21248K, used 2870K [0x00000001248b0000, 0x0000000125d70000, 0x0000000129ab0000)
   the space 21248K,  13% used [0x00000001248b0000, 0x0000000124b7daf8, 0x0000000124b7dc00, 0x0000000125d70000)
No shared spaces configured.
8.139: [Full GC 8.139: [Tenured: 334474K->333414K(349568K), 0.1542760 secs] 483946K->387826K(506816K), [Perm : 2870K->2870K(21248K)], 0.1543510 secs] [Times: user=0.15 sys=0.00, real=0.15 secs] 
Heap after GC invocations=53 (full 43):
 par new generation   total 157248K, used 54411K [0x00000001048b0000, 0x000000010f350000, 0x000000010f350000)
  eden space 139776K,  38% used [0x00000001048b0000, 0x0000000107dd2fa0, 0x000000010d130000)
  from space 17472K,   0% used [0x000000010d130000, 0x000000010d130000, 0x000000010e240000)
  to   space 17472K,   0% used [0x000000010e240000, 0x000000010e240000, 0x000000010f350000)
 tenured generation   total 349568K, used 333414K [0x000000010f350000, 0x00000001248b0000, 0x00000001248b0000)
   the space 349568K,  95% used [0x000000010f350000, 0x00000001238e9af0, 0x00000001238e9c00, 0x00000001248b0000)
 compacting perm gen  total 21248K, used 2870K [0x00000001248b0000, 0x0000000125d70000, 0x0000000129ab0000)
   the space 21248K,  13% used [0x00000001248b0000, 0x0000000124b7daf8, 0x0000000124b7dc00, 0x0000000125d70000)
No shared spaces configured.
}
{Heap before GC invocations=53 (full 43):
 par new generation   total 157248K, used 133535K [0x00000001048b0000, 0x000000010f350000, 0x000000010f350000)
  eden space 139776K,  95% used [0x00000001048b0000, 0x000000010cb17fb0, 0x000000010d130000)
  from space 17472K,   0% used [0x000000010d130000, 0x000000010d130000, 0x000000010e240000)
  to   space 17472K,   0% used [0x000000010e240000, 0x000000010e240000, 0x000000010f350000)
 tenured generation   total 349568K, used 333414K [0x000000010f350000, 0x00000001248b0000, 0x00000001248b0000)
   the space 349568K,  95% used [0x000000010f350000, 0x00000001238e9af0, 0x00000001238e9c00, 0x00000001248b0000)
 compacting perm gen  total 21248K, used 2870K [0x00000001248b0000, 0x0000000125d70000, 0x0000000129ab0000)
   the space 21248K,  13% used [0x00000001248b0000, 0x0000000124b7daf8, 0x0000000124b7dc00, 0x0000000125d70000)
No shared spaces configured.
8.332: [Full GC 8.332: [Tenured: 333414K->191003K(349568K), 0.0802170 secs] 466950K->191003K(506816K), [Perm : 2870K->2870K(21248K)], 0.0802860 secs] [Times: user=0.08 sys=0.00, real=0.08 secs] 
Heap after GC invocations=54 (full 44):
 par new generation   total 157248K, used 0K [0x00000001048b0000, 0x000000010f350000, 0x000000010f350000)
  eden space 139776K,   0% used [0x00000001048b0000, 0x00000001048b0000, 0x000000010d130000)
  from space 17472K,   0% used [0x000000010d130000, 0x000000010d130000, 0x000000010e240000)
  to   space 17472K,   0% used [0x000000010e240000, 0x000000010e240000, 0x000000010f350000)
 tenured generation   total 349568K, used 191003K [0x000000010f350000, 0x00000001248b0000, 0x00000001248b0000)
   the space 349568K,  54% used [0x000000010f350000, 0x000000011add6db8, 0x000000011add6e00, 0x00000001248b0000)
 compacting perm gen  total 21248K, used 2870K [0x00000001248b0000, 0x0000000125d70000, 0x0000000129ab0000)
   the space 21248K,  13% used [0x00000001248b0000, 0x0000000124b7daf8, 0x0000000124b7dc00, 0x0000000125d70000)
No shared spaces configured.
}
{Heap before GC invocations=54 (full 44):
 par new generation   total 157248K, used 126597K [0x00000001048b0000, 0x000000010f350000, 0x000000010f350000)
  eden space 139776K,  90% used [0x00000001048b0000, 0x000000010c451510, 0x000000010d130000)
  from space 17472K,   0% used [0x000000010d130000, 0x000000010d130000, 0x000000010e240000)
  to   space 17472K,   0% used [0x000000010e240000, 0x000000010e240000, 0x000000010f350000)
 tenured generation   total 349568K, used 191003K [0x000000010f350000, 0x00000001248b0000, 0x00000001248b0000)
   the space 349568K,  54% used [0x000000010f350000, 0x000000011add6db8, 0x000000011add6e00, 0x00000001248b0000)
 compacting perm gen  total 21248K, used 2870K [0x00000001248b0000, 0x0000000125d70000, 0x0000000129ab0000)
   the space 21248K,  13% used [0x00000001248b0000, 0x0000000124b7daf8, 0x0000000124b7dc00, 0x0000000125d70000)
No shared spaces configured.
8.476: [GC 8.476: [ParNew
Desired survivor size 8945664 bytes, new threshold 1 (max 15)
- age   1:   16543520 bytes,   16543520 total
: 126597K->16159K(157248K), 0.0506670 secs] 317600K->317581K(506816K), 0.0507300 secs] [Times: user=0.10 sys=0.00, real=0.05 secs] 
Heap after GC invocations=55 (full 44):
 par new generation   total 157248K, used 16159K [0x00000001048b0000, 0x000000010f350000, 0x000000010f350000)
  eden space 139776K,   0% used [0x00000001048b0000, 0x00000001048b0000, 0x000000010d130000)
  from space 17472K,  92% used [0x000000010e240000, 0x000000010f207d70, 0x000000010f350000)
  to   space 17472K,   0% used [0x000000010d130000, 0x000000010d130000, 0x000000010e240000)
 tenured generation   total 349568K, used 301422K [0x000000010f350000, 0x00000001248b0000, 0x00000001248b0000)
   the space 349568K,  86% used [0x000000010f350000, 0x00000001219aba88, 0x00000001219abc00, 0x00000001248b0000)
 compacting perm gen  total 21248K, used 2870K [0x00000001248b0000, 0x0000000125d70000, 0x0000000129ab0000)
   the space 21248K,  13% used [0x00000001248b0000, 0x0000000124b7daf8, 0x0000000124b7dc00, 0x0000000125d70000)
No shared spaces configured.
}
{Heap before GC invocations=55 (full 44):
 par new generation   total 157248K, used 147031K [0x00000001048b0000, 0x000000010f350000, 0x000000010f350000)
  eden space 139776K,  93% used [0x00000001048b0000, 0x000000010c87e278, 0x000000010d130000)
  from space 17472K,  92% used [0x000000010e240000, 0x000000010f207d70, 0x000000010f350000)
  to   space 17472K,   0% used [0x000000010d130000, 0x000000010d130000, 0x000000010e240000)
 tenured generation   total 349568K, used 301422K [0x000000010f350000, 0x00000001248b0000, 0x00000001248b0000)
   the space 349568K,  86% used [0x000000010f350000, 0x00000001219aba88, 0x00000001219abc00, 0x00000001248b0000)
 compacting perm gen  total 21248K, used 2870K [0x00000001248b0000, 0x0000000125d70000, 0x0000000129ab0000)
   the space 21248K,  13% used [0x00000001248b0000, 0x0000000124b7daf8, 0x0000000124b7dc00, 0x0000000125d70000)
No shared spaces configured.
8.592: [GC 8.592: [ParNew: 147031K->147031K(157248K), 0.0000180 secs]8.592: [Tenured: 301422K->257894K(349568K), 0.1040440 secs] 448454K->257894K(506816K), [Perm : 2870K->2870K(21248K)], 0.1041370 secs] [Times: user=0.10 sys=0.00, real=0.11 secs] 
Heap after GC invocations=56 (full 45):
 par new generation   total 157248K, used 0K [0x00000001048b0000, 0x000000010f350000, 0x000000010f350000)
  eden space 139776K,   0% used [0x00000001048b0000, 0x00000001048b0000, 0x000000010d130000)
  from space 17472K,   0% used [0x000000010e240000, 0x000000010e240000, 0x000000010f350000)
  to   space 17472K,   0% used [0x000000010d130000, 0x000000010d130000, 0x000000010e240000)
 tenured generation   total 349568K, used 257894K [0x000000010f350000, 0x00000001248b0000, 0x00000001248b0000)
   the space 349568K,  73% used [0x000000010f350000, 0x000000011ef29ad0, 0x000000011ef29c00, 0x00000001248b0000)
 compacting perm gen  total 21248K, used 2870K [0x00000001248b0000, 0x0000000125d70000, 0x0000000129ab0000)
   the space 21248K,  13% used [0x00000001248b0000, 0x0000000124b7daf8, 0x0000000124b7dc00, 0x0000000125d70000)
No shared spaces configured.
}
{Heap before GC invocations=56 (full 45):
 par new generation   total 157248K, used 128150K [0x00000001048b0000, 0x000000010f350000, 0x000000010f350000)
  eden space 139776K,  91% used [0x00000001048b0000, 0x000000010c5d5ad8, 0x000000010d130000)
  from space 17472K,   0% used [0x000000010e240000, 0x000000010e240000, 0x000000010f350000)
  to   space 17472K,   0% used [0x000000010d130000, 0x000000010d130000, 0x000000010e240000)
 tenured generation   total 349568K, used 257894K [0x000000010f350000, 0x00000001248b0000, 0x00000001248b0000)
   the space 349568K,  73% used [0x000000010f350000, 0x000000011ef29ad0, 0x000000011ef29c00, 0x00000001248b0000)
 compacting perm gen  total 21248K, used 2870K [0x00000001248b0000, 0x0000000125d70000, 0x0000000129ab0000)
   the space 21248K,  13% used [0x00000001248b0000, 0x0000000124b7daf8, 0x0000000124b7dc00, 0x0000000125d70000)
No shared spaces configured.
8.760: [GC 8.760: [ParNew: 128150K->128150K(157248K), 0.0000190 secs] 386045K->386045K(506816K), 0.0000560 secs] [Times: user=0.00 sys=0.00, real=0.00 secs] 
Heap after GC invocations=57 (full 45):
 par new generation   total 157248K, used 128150K [0x00000001048b0000, 0x000000010f350000, 0x000000010f350000)
  eden space 139776K,  91% used [0x00000001048b0000, 0x000000010c5d5ad8, 0x000000010d130000)
  from space 17472K,   0% used [0x000000010e240000, 0x000000010e240000, 0x000000010f350000)
  to   space 17472K,   0% used [0x000000010d130000, 0x000000010d130000, 0x000000010e240000)
 tenured generation   total 349568K, used 257894K [0x000000010f350000, 0x00000001248b0000, 0x00000001248b0000)
   the space 349568K,  73% used [0x000000010f350000, 0x000000011ef29ad0, 0x000000011ef29c00, 0x00000001248b0000)
 compacting perm gen  total 21248K, used 2870K [0x00000001248b0000, 0x0000000125d70000, 0x0000000129ab0000)
   the space 21248K,  13% used [0x00000001248b0000, 0x0000000124b7daf8, 0x0000000124b7dc00, 0x0000000125d70000)
No shared spaces configured.
}
{Heap before GC invocations=57 (full 45):
 par new generation   total 157248K, used 128150K [0x00000001048b0000, 0x000000010f350000, 0x000000010f350000)
  eden space 139776K,  91% used [0x00000001048b0000, 0x000000010c5d5ad8, 0x000000010d130000)
  from space 17472K,   0% used [0x000000010e240000, 0x000000010e240000, 0x000000010f350000)
  to   space 17472K,   0% used [0x000000010d130000, 0x000000010d130000, 0x000000010e240000)
 tenured generation   total 349568K, used 257894K [0x000000010f350000, 0x00000001248b0000, 0x00000001248b0000)
   the space 349568K,  73% used [0x000000010f350000, 0x000000011ef29ad0, 0x000000011ef29c00, 0x00000001248b0000)
 compacting perm gen  total 21248K, used 2870K [0x00000001248b0000, 0x0000000125d70000, 0x0000000129ab0000)
   the space 21248K,  13% used [0x00000001248b0000, 0x0000000124b7daf8, 0x0000000124b7dc00, 0x0000000125d70000)
No shared spaces configured.
8.760: [Full GC 8.760: [Tenured: 257894K->212895K(349568K), 0.0875120 secs] 386045K->212895K(506816K), [Perm : 2870K->2870K(21248K)], 0.0875710 secs] [Times: user=0.08 sys=0.00, real=0.09 secs] 
Heap after GC invocations=58 (full 46):
 par new generation   total 157248K, used 0K [0x00000001048b0000, 0x000000010f350000, 0x000000010f350000)
  eden space 139776K,   0% used [0x00000001048b0000, 0x00000001048b0000, 0x000000010d130000)
  from space 17472K,   0% used [0x000000010e240000, 0x000000010e240000, 0x000000010f350000)
  to   space 17472K,   0% used [0x000000010d130000, 0x000000010d130000, 0x000000010e240000)
 tenured generation   total 349568K, used 212895K [0x000000010f350000, 0x00000001248b0000, 0x00000001248b0000)
   the space 349568K,  60% used [0x000000010f350000, 0x000000011c337ce0, 0x000000011c337e00, 0x00000001248b0000)
 compacting perm gen  total 21248K, used 2870K [0x00000001248b0000, 0x0000000125d70000, 0x0000000129ab0000)
   the space 21248K,  13% used [0x00000001248b0000, 0x0000000124b7daf8, 0x0000000124b7dc00, 0x0000000125d70000)
No shared spaces configured.
}
{Heap before GC invocations=58 (full 46):
 par new generation   total 157248K, used 135316K [0x00000001048b0000, 0x000000010f350000, 0x000000010f350000)
  eden space 139776K,  96% used [0x00000001048b0000, 0x000000010ccd5218, 0x000000010d130000)
  from space 17472K,   0% used [0x000000010e240000, 0x000000010e240000, 0x000000010f350000)
  to   space 17472K,   0% used [0x000000010d130000, 0x000000010d130000, 0x000000010e240000)
 tenured generation   total 349568K, used 212895K [0x000000010f350000, 0x00000001248b0000, 0x00000001248b0000)
   the space 349568K,  60% used [0x000000010f350000, 0x000000011c337ce0, 0x000000011c337e00, 0x00000001248b0000)
 compacting perm gen  total 21248K, used 2870K [0x00000001248b0000, 0x0000000125d70000, 0x0000000129ab0000)
   the space 21248K,  13% used [0x00000001248b0000, 0x0000000124b7daf8, 0x0000000124b7dc00, 0x0000000125d70000)
No shared spaces configured.
8.915: [GC 8.915: [ParNew
Desired survivor size 8945664 bytes, new threshold 1 (max 15)
- age   1:   13570224 bytes,   13570224 total
: 135316K->13255K(157248K), 0.0544030 secs] 348211K->348199K(506816K), 0.0544630 secs] [Times: user=0.11 sys=0.00, real=0.06 secs] 
Heap after GC invocations=59 (full 46):
 par new generation   total 157248K, used 13255K [0x00000001048b0000, 0x000000010f350000, 0x000000010f350000)
  eden space 139776K,   0% used [0x00000001048b0000, 0x00000001048b0000, 0x000000010d130000)
  from space 17472K,  75% used [0x000000010d130000, 0x000000010de21f40, 0x000000010e240000)
  to   space 17472K,   0% used [0x000000010e240000, 0x000000010e240000, 0x000000010f350000)
 tenured generation   total 349568K, used 334943K [0x000000010f350000, 0x00000001248b0000, 0x00000001248b0000)
   the space 349568K,  95% used [0x000000010f350000, 0x0000000123a67eb8, 0x0000000123a68000, 0x00000001248b0000)
 compacting perm gen  total 21248K, used 2870K [0x00000001248b0000, 0x0000000125d70000, 0x0000000129ab0000)
   the space 21248K,  13% used [0x00000001248b0000, 0x0000000124b7daf8, 0x0000000124b7dc00, 0x0000000125d70000)
No shared spaces configured.
}
{Heap before GC invocations=59 (full 46):
 par new generation   total 157248K, used 144169K [0x00000001048b0000, 0x000000010f350000, 0x000000010f350000)
  eden space 139776K,  93% used [0x00000001048b0000, 0x000000010c888730, 0x000000010d130000)
  from space 17472K,  75% used [0x000000010d130000, 0x000000010de21f40, 0x000000010e240000)
  to   space 17472K,   0% used [0x000000010e240000, 0x000000010e240000, 0x000000010f350000)
 tenured generation   total 349568K, used 334943K [0x000000010f350000, 0x00000001248b0000, 0x00000001248b0000)
   the space 349568K,  95% used [0x000000010f350000, 0x0000000123a67eb8, 0x0000000123a68000, 0x00000001248b0000)
 compacting perm gen  total 21248K, used 2870K [0x00000001248b0000, 0x0000000125d70000, 0x0000000129ab0000)
   the space 21248K,  13% used [0x00000001248b0000, 0x0000000124b7daf8, 0x0000000124b7dc00, 0x0000000125d70000)
No shared spaces configured.
9.035: [GC 9.035: [ParNew: 144169K->144169K(157248K), 0.0000210 secs]9.035: [Tenured: 334943K->294259K(349568K), 0.1179110 secs] 479113K->294259K(506816K), [Perm : 2870K->2870K(21248K)], 0.1180150 secs] [Times: user=0.12 sys=0.00, real=0.12 secs] 
Heap after GC invocations=60 (full 47):
 par new generation   total 157248K, used 0K [0x00000001048b0000, 0x000000010f350000, 0x000000010f350000)
  eden space 139776K,   0% used [0x00000001048b0000, 0x00000001048b0000, 0x000000010d130000)
  from space 17472K,   0% used [0x000000010d130000, 0x000000010d130000, 0x000000010e240000)
  to   space 17472K,   0% used [0x000000010e240000, 0x000000010e240000, 0x000000010f350000)
 tenured generation   total 349568K, used 294259K [0x000000010f350000, 0x00000001248b0000, 0x00000001248b0000)
   the space 349568K,  84% used [0x000000010f350000, 0x00000001212acf48, 0x00000001212ad000, 0x00000001248b0000)
 compacting perm gen  total 21248K, used 2870K [0x00000001248b0000, 0x0000000125d70000, 0x0000000129ab0000)
   the space 21248K,  13% used [0x00000001248b0000, 0x0000000124b7daf8, 0x0000000124b7dc00, 0x0000000125d70000)
No shared spaces configured.
}
{Heap before GC invocations=60 (full 47):
 par new generation   total 157248K, used 134759K [0x00000001048b0000, 0x000000010f350000, 0x000000010f350000)
  eden space 139776K,  96% used [0x00000001048b0000, 0x000000010cc49e98, 0x000000010d130000)
  from space 17472K,   0% used [0x000000010d130000, 0x000000010d130000, 0x000000010e240000)
  to   space 17472K,   0% used [0x000000010e240000, 0x000000010e240000, 0x000000010f350000)
 tenured generation   total 349568K, used 294259K [0x000000010f350000, 0x00000001248b0000, 0x00000001248b0000)
   the space 349568K,  84% used [0x000000010f350000, 0x00000001212acf48, 0x00000001212ad000, 0x00000001248b0000)
 compacting perm gen  total 21248K, used 2870K [0x00000001248b0000, 0x0000000125d70000, 0x0000000129ab0000)
   the space 21248K,  13% used [0x00000001248b0000, 0x0000000124b7daf8, 0x0000000124b7dc00, 0x0000000125d70000)
No shared spaces configured.
9.220: [GC 9.220: [ParNew: 134759K->134759K(157248K), 0.0000200 secs]9.220: [Tenured: 294259K->265573K(349568K), 0.1067180 secs] 429019K->265573K(506816K), [Perm : 2870K->2870K(21248K)], 0.1068200 secs] [Times: user=0.10 sys=0.00, real=0.11 secs] 
Heap after GC invocations=61 (full 48):
 par new generation   total 157248K, used 0K [0x00000001048b0000, 0x000000010f350000, 0x000000010f350000)
  eden space 139776K,   0% used [0x00000001048b0000, 0x00000001048b0000, 0x000000010d130000)
  from space 17472K,   0% used [0x000000010d130000, 0x000000010d130000, 0x000000010e240000)
  to   space 17472K,   0% used [0x000000010e240000, 0x000000010e240000, 0x000000010f350000)
 tenured generation   total 349568K, used 265573K [0x000000010f350000, 0x00000001248b0000, 0x00000001248b0000)
   the space 349568K,  75% used [0x000000010f350000, 0x000000011f6a9490, 0x000000011f6a9600, 0x00000001248b0000)
 compacting perm gen  total 21248K, used 2870K [0x00000001248b0000, 0x0000000125d70000, 0x0000000129ab0000)
   the space 21248K,  13% used [0x00000001248b0000, 0x0000000124b7daf8, 0x0000000124b7dc00, 0x0000000125d70000)
No shared spaces configured.
}
{Heap before GC invocations=61 (full 48):
 par new generation   total 157248K, used 139433K [0x00000001048b0000, 0x000000010f350000, 0x000000010f350000)
  eden space 139776K,  99% used [0x00000001048b0000, 0x000000010d0da6b0, 0x000000010d130000)
  from space 17472K,   0% used [0x000000010d130000, 0x000000010d130000, 0x000000010e240000)
  to   space 17472K,   0% used [0x000000010e240000, 0x000000010e240000, 0x000000010f350000)
 tenured generation   total 349568K, used 265573K [0x000000010f350000, 0x00000001248b0000, 0x00000001248b0000)
   the space 349568K,  75% used [0x000000010f350000, 0x000000011f6a9490, 0x000000011f6a9600, 0x00000001248b0000)
 compacting perm gen  total 21248K, used 2870K [0x00000001248b0000, 0x0000000125d70000, 0x0000000129ab0000)
   the space 21248K,  13% used [0x00000001248b0000, 0x0000000124b7daf8, 0x0000000124b7dc00, 0x0000000125d70000)
No shared spaces configured.
9.396: [GC 9.397: [ParNew: 139433K->139433K(157248K), 0.0000200 secs]9.397: [Tenured: 265573K->261246K(349568K), 0.1062130 secs] 405006K->261246K(506816K), [Perm : 2870K->2870K(21248K)], 0.1063280 secs] [Times: user=0.11 sys=0.00, real=0.10 secs] 
Heap after GC invocations=62 (full 49):
 par new generation   total 157248K, used 0K [0x00000001048b0000, 0x000000010f350000, 0x000000010f350000)
  eden space 139776K,   0% used [0x00000001048b0000, 0x00000001048b0000, 0x000000010d130000)
  from space 17472K,   0% used [0x000000010d130000, 0x000000010d130000, 0x000000010e240000)
  to   space 17472K,   0% used [0x000000010e240000, 0x000000010e240000, 0x000000010f350000)
 tenured generation   total 349568K, used 261246K [0x000000010f350000, 0x00000001248b0000, 0x00000001248b0000)
   the space 349568K,  74% used [0x000000010f350000, 0x000000011f26f8e0, 0x000000011f26fa00, 0x00000001248b0000)
 compacting perm gen  total 21248K, used 2870K [0x00000001248b0000, 0x0000000125d70000, 0x0000000129ab0000)
   the space 21248K,  13% used [0x00000001248b0000, 0x0000000124b7daf8, 0x0000000124b7dc00, 0x0000000125d70000)
No shared spaces configured.
}
{Heap before GC invocations=62 (full 49):
 par new generation   total 157248K, used 136783K [0x00000001048b0000, 0x000000010f350000, 0x000000010f350000)
  eden space 139776K,  97% used [0x00000001048b0000, 0x000000010ce43f80, 0x000000010d130000)
  from space 17472K,   0% used [0x000000010d130000, 0x000000010d130000, 0x000000010e240000)
  to   space 17472K,   0% used [0x000000010e240000, 0x000000010e240000, 0x000000010f350000)
 tenured generation   total 349568K, used 261246K [0x000000010f350000, 0x00000001248b0000, 0x00000001248b0000)
   the space 349568K,  74% used [0x000000010f350000, 0x000000011f26f8e0, 0x000000011f26fa00, 0x00000001248b0000)
 compacting perm gen  total 21248K, used 2870K [0x00000001248b0000, 0x0000000125d70000, 0x0000000129ab0000)
   the space 21248K,  13% used [0x00000001248b0000, 0x0000000124b7daf8, 0x0000000124b7dc00, 0x0000000125d70000)
No shared spaces configured.
9.571: [GC 9.571: [ParNew: 136783K->136783K(157248K), 0.0000190 secs]9.571: [Tenured: 261246K->262414K(349568K), 0.1057540 secs] 398030K->262414K(506816K), [Perm : 2870K->2870K(21248K)], 0.1058580 secs] [Times: user=0.11 sys=0.00, real=0.11 secs] 
Heap after GC invocations=63 (full 50):
 par new generation   total 157248K, used 0K [0x00000001048b0000, 0x000000010f350000, 0x000000010f350000)
  eden space 139776K,   0% used [0x00000001048b0000, 0x00000001048b0000, 0x000000010d130000)
  from space 17472K,   0% used [0x000000010d130000, 0x000000010d130000, 0x000000010e240000)
  to   space 17472K,   0% used [0x000000010e240000, 0x000000010e240000, 0x000000010f350000)
 tenured generation   total 349568K, used 262414K [0x000000010f350000, 0x00000001248b0000, 0x00000001248b0000)
   the space 349568K,  75% used [0x000000010f350000, 0x000000011f393be0, 0x000000011f393c00, 0x00000001248b0000)
 compacting perm gen  total 21248K, used 2870K [0x00000001248b0000, 0x0000000125d70000, 0x0000000129ab0000)
   the space 21248K,  13% used [0x00000001248b0000, 0x0000000124b7daf8, 0x0000000124b7dc00, 0x0000000125d70000)
No shared spaces configured.
}
{Heap before GC invocations=63 (full 50):
 par new generation   total 157248K, used 138266K [0x00000001048b0000, 0x000000010f350000, 0x000000010f350000)
  eden space 139776K,  98% used [0x00000001048b0000, 0x000000010cfb6b98, 0x000000010d130000)
  from space 17472K,   0% used [0x000000010d130000, 0x000000010d130000, 0x000000010e240000)
  to   space 17472K,   0% used [0x000000010e240000, 0x000000010e240000, 0x000000010f350000)
 tenured generation   total 349568K, used 262414K [0x000000010f350000, 0x00000001248b0000, 0x00000001248b0000)
   the space 349568K,  75% used [0x000000010f350000, 0x000000011f393be0, 0x000000011f393c00, 0x00000001248b0000)
 compacting perm gen  total 21248K, used 2870K [0x00000001248b0000, 0x0000000125d70000, 0x0000000129ab0000)
   the space 21248K,  13% used [0x00000001248b0000, 0x0000000124b7daf8, 0x0000000124b7dc00, 0x0000000125d70000)
No shared spaces configured.
9.746: [GC 9.746: [ParNew: 138266K->138266K(157248K), 0.0000190 secs]9.746: [Tenured: 262414K->222949K(349568K), 0.0920190 secs] 400681K->222949K(506816K), [Perm : 2870K->2870K(21248K)], 0.0921180 secs] [Times: user=0.09 sys=0.00, real=0.09 secs] 
Heap after GC invocations=64 (full 51):
 par new generation   total 157248K, used 0K [0x00000001048b0000, 0x000000010f350000, 0x000000010f350000)
  eden space 139776K,   0% used [0x00000001048b0000, 0x00000001048b0000, 0x000000010d130000)
  from space 17472K,   0% used [0x000000010d130000, 0x000000010d130000, 0x000000010e240000)
  to   space 17472K,   0% used [0x000000010e240000, 0x000000010e240000, 0x000000010f350000)
 tenured generation   total 349568K, used 222949K [0x000000010f350000, 0x00000001248b0000, 0x00000001248b0000)
   the space 349568K,  63% used [0x000000010f350000, 0x000000011cd09650, 0x000000011cd09800, 0x00000001248b0000)
 compacting perm gen  total 21248K, used 2870K [0x00000001248b0000, 0x0000000125d70000, 0x0000000129ab0000)
   the space 21248K,  13% used [0x00000001248b0000, 0x0000000124b7daf8, 0x0000000124b7dc00, 0x0000000125d70000)
No shared spaces configured.
}
{Heap before GC invocations=64 (full 51):
 par new generation   total 157248K, used 135975K [0x00000001048b0000, 0x000000010f350000, 0x000000010f350000)
  eden space 139776K,  97% used [0x00000001048b0000, 0x000000010cd79e38, 0x000000010d130000)
  from space 17472K,   0% used [0x000000010d130000, 0x000000010d130000, 0x000000010e240000)
  to   space 17472K,   0% used [0x000000010e240000, 0x000000010e240000, 0x000000010f350000)
 tenured generation   total 349568K, used 222949K [0x000000010f350000, 0x00000001248b0000, 0x00000001248b0000)
   the space 349568K,  63% used [0x000000010f350000, 0x000000011cd09650, 0x000000011cd09800, 0x00000001248b0000)
 compacting perm gen  total 21248K, used 2870K [0x00000001248b0000, 0x0000000125d70000, 0x0000000129ab0000)
   the space 21248K,  13% used [0x00000001248b0000, 0x0000000124b7daf8, 0x0000000124b7dc00, 0x0000000125d70000)
No shared spaces configured.
9.906: [GC 9.906: [ParNew: 135975K->135975K(157248K), 0.0000180 secs]9.906: [Tenured: 222949K->296589K(349568K), 0.1188380 secs] 358925K->296589K(506816K), [Perm : 2870K->2870K(21248K)], 0.1189420 secs] [Times: user=0.11 sys=0.00, real=0.11 secs] 
Heap after GC invocations=65 (full 52):
 par new generation   total 157248K, used 0K [0x00000001048b0000, 0x000000010f350000, 0x000000010f350000)
  eden space 139776K,   0% used [0x00000001048b0000, 0x00000001048b0000, 0x000000010d130000)
  from space 17472K,   0% used [0x000000010d130000, 0x000000010d130000, 0x000000010e240000)
  to   space 17472K,   0% used [0x000000010e240000, 0x000000010e240000, 0x000000010f350000)
 tenured generation   total 349568K, used 296589K [0x000000010f350000, 0x00000001248b0000, 0x00000001248b0000)
   the space 349568K,  84% used [0x000000010f350000, 0x00000001214f35c8, 0x00000001214f3600, 0x00000001248b0000)
 compacting perm gen  total 21248K, used 2870K [0x00000001248b0000, 0x0000000125d70000, 0x0000000129ab0000)
   the space 21248K,  13% used [0x00000001248b0000, 0x0000000124b7daf8, 0x0000000124b7dc00, 0x0000000125d70000)
No shared spaces configured.
}
{Heap before GC invocations=65 (full 52):
 par new generation   total 157248K, used 132059K [0x00000001048b0000, 0x000000010f350000, 0x000000010f350000)
  eden space 139776K,  94% used [0x00000001048b0000, 0x000000010c9a6c40, 0x000000010d130000)
  from space 17472K,   0% used [0x000000010d130000, 0x000000010d130000, 0x000000010e240000)
  to   space 17472K,   0% used [0x000000010e240000, 0x000000010e240000, 0x000000010f350000)
 tenured generation   total 349568K, used 296589K [0x000000010f350000, 0x00000001248b0000, 0x00000001248b0000)
   the space 349568K,  84% used [0x000000010f350000, 0x00000001214f35c8, 0x00000001214f3600, 0x00000001248b0000)
 compacting perm gen  total 21248K, used 2870K [0x00000001248b0000, 0x0000000125d70000, 0x0000000129ab0000)
   the space 21248K,  13% used [0x00000001248b0000, 0x0000000124b7daf8, 0x0000000124b7dc00, 0x0000000125d70000)
No shared spaces configured.
10.092: [GC 10.092: [ParNew: 132059K->132059K(157248K), 0.0000200 secs]10.092: [Tenured: 296589K->300147K(349568K), 0.1205820 secs] 428648K->300147K(506816K), [Perm : 2870K->2870K(21248K)], 0.1206900 secs] [Times: user=0.12 sys=0.00, real=0.12 secs] 
Heap after GC invocations=66 (full 53):
 par new generation   total 157248K, used 0K [0x00000001048b0000, 0x000000010f350000, 0x000000010f350000)
  eden space 139776K,   0% used [0x00000001048b0000, 0x00000001048b0000, 0x000000010d130000)
  from space 17472K,   0% used [0x000000010d130000, 0x000000010d130000, 0x000000010e240000)
  to   space 17472K,   0% used [0x000000010e240000, 0x000000010e240000, 0x000000010f350000)
 tenured generation   total 349568K, used 300147K [0x000000010f350000, 0x00000001248b0000, 0x00000001248b0000)
   the space 349568K,  85% used [0x000000010f350000, 0x000000012186ced8, 0x000000012186d000, 0x00000001248b0000)
 compacting perm gen  total 21248K, used 2870K [0x00000001248b0000, 0x0000000125d70000, 0x0000000129ab0000)
   the space 21248K,  13% used [0x00000001248b0000, 0x0000000124b7daf8, 0x0000000124b7dc00, 0x0000000125d70000)
No shared spaces configured.
}
{Heap before GC invocations=66 (full 53):
 par new generation   total 157248K, used 124932K [0x00000001048b0000, 0x000000010f350000, 0x000000010f350000)
  eden space 139776K,  89% used [0x00000001048b0000, 0x000000010c2b13b8, 0x000000010d130000)
  from space 17472K,   0% used [0x000000010d130000, 0x000000010d130000, 0x000000010e240000)
  to   space 17472K,   0% used [0x000000010e240000, 0x000000010e240000, 0x000000010f350000)
 tenured generation   total 349568K, used 300147K [0x000000010f350000, 0x00000001248b0000, 0x00000001248b0000)
   the space 349568K,  85% used [0x000000010f350000, 0x000000012186ced8, 0x000000012186d000, 0x00000001248b0000)
 compacting perm gen  total 21248K, used 2870K [0x00000001248b0000, 0x0000000125d70000, 0x0000000129ab0000)
   the space 21248K,  13% used [0x00000001248b0000, 0x0000000124b7daf8, 0x0000000124b7dc00, 0x0000000125d70000)
No shared spaces configured.
10.275: [GC 10.275: [ParNew: 124932K->124932K(157248K), 0.0000190 secs]10.275: [Tenured: 300147K->345002K(349568K), 0.1445300 secs] 425080K->356371K(506816K), [Perm : 2870K->2870K(21248K)], 0.1446380 secs] [Times: user=0.14 sys=0.00, real=0.15 secs] 
Heap after GC invocations=67 (full 54):
 par new generation   total 157248K, used 11369K [0x00000001048b0000, 0x000000010f350000, 0x000000010f350000)
  eden space 139776K,   8% used [0x00000001048b0000, 0x00000001053ca528, 0x000000010d130000)
  from space 17472K,   0% used [0x000000010d130000, 0x000000010d130000, 0x000000010e240000)
  to   space 17472K,   0% used [0x000000010e240000, 0x000000010e240000, 0x000000010f350000)
 tenured generation   total 349568K, used 345002K [0x000000010f350000, 0x00000001248b0000, 0x00000001248b0000)
   the space 349568K,  98% used [0x000000010f350000, 0x000000012443aa10, 0x000000012443ac00, 0x00000001248b0000)
 compacting perm gen  total 21248K, used 2870K [0x00000001248b0000, 0x0000000125d70000, 0x0000000129ab0000)
   the space 21248K,  13% used [0x00000001248b0000, 0x0000000124b7daf8, 0x0000000124b7dc00, 0x0000000125d70000)
No shared spaces configured.
}
{Heap before GC invocations=67 (full 54):
 par new generation   total 157248K, used 136709K [0x00000001048b0000, 0x000000010f350000, 0x000000010f350000)
  eden space 139776K,  97% used [0x00000001048b0000, 0x000000010ce31498, 0x000000010d130000)
  from space 17472K,   0% used [0x000000010d130000, 0x000000010d130000, 0x000000010e240000)
  to   space 17472K,   0% used [0x000000010e240000, 0x000000010e240000, 0x000000010f350000)
 tenured generation   total 349568K, used 345002K [0x000000010f350000, 0x00000001248b0000, 0x00000001248b0000)
   the space 349568K,  98% used [0x000000010f350000, 0x000000012443aa10, 0x000000012443ac00, 0x00000001248b0000)
 compacting perm gen  total 21248K, used 2870K [0x00000001248b0000, 0x0000000125d70000, 0x0000000129ab0000)
   the space 21248K,  13% used [0x00000001248b0000, 0x0000000124b7daf8, 0x0000000124b7dc00, 0x0000000125d70000)
No shared spaces configured.
10.483: [Full GC 10.483: [Tenured: 345002K->344014K(349568K), 0.1421790 secs] 481711K->385810K(506816K), [Perm : 2870K->2870K(21248K)], 0.1422580 secs] [Times: user=0.15 sys=0.00, real=0.15 secs] 
Heap after GC invocations=68 (full 55):
 par new generation   total 157248K, used 41795K [0x00000001048b0000, 0x000000010f350000, 0x000000010f350000)
  eden space 139776K,  29% used [0x00000001048b0000, 0x0000000107180f30, 0x000000010d130000)
  from space 17472K,   0% used [0x000000010d130000, 0x000000010d130000, 0x000000010e240000)
  to   space 17472K,   0% used [0x000000010e240000, 0x000000010e240000, 0x000000010f350000)
 tenured generation   total 349568K, used 344014K [0x000000010f350000, 0x00000001248b0000, 0x00000001248b0000)
   the space 349568K,  98% used [0x000000010f350000, 0x0000000124343940, 0x0000000124343a00, 0x00000001248b0000)
 compacting perm gen  total 21248K, used 2870K [0x00000001248b0000, 0x0000000125d70000, 0x0000000129ab0000)
   the space 21248K,  13% used [0x00000001248b0000, 0x0000000124b7daf8, 0x0000000124b7dc00, 0x0000000125d70000)
No shared spaces configured.
}
{Heap before GC invocations=68 (full 55):
 par new generation   total 157248K, used 152932K [0x00000001048b0000, 0x000000010f350000, 0x000000010f350000)
  eden space 139776K,  98% used [0x00000001048b0000, 0x000000010cf8daa8, 0x000000010d130000)
  from space 17472K,  84% used [0x000000010d130000, 0x000000010dfab8c8, 0x000000010e240000)
  to   space 17472K,   0% used [0x000000010e240000, 0x000000010e240000, 0x000000010f350000)
 tenured generation   total 349568K, used 344014K [0x000000010f350000, 0x00000001248b0000, 0x00000001248b0000)
   the space 349568K,  98% used [0x000000010f350000, 0x0000000124343940, 0x0000000124343a00, 0x00000001248b0000)
 compacting perm gen  total 21248K, used 2870K [0x00000001248b0000, 0x0000000125d70000, 0x0000000129ab0000)
   the space 21248K,  13% used [0x00000001248b0000, 0x0000000124b7daf8, 0x0000000124b7dc00, 0x0000000125d70000)
No shared spaces configured.
10.680: [Full GC 10.681: [Tenured: 344014K->325196K(349568K), 0.1284720 secs] 496947K->325196K(506816K), [Perm : 2870K->2870K(21248K)], 0.1285510 secs] [Times: user=0.12 sys=0.00, real=0.13 secs] 
Heap after GC invocations=69 (full 56):
 par new generation   total 157248K, used 0K [0x00000001048b0000, 0x000000010f350000, 0x000000010f350000)
  eden space 139776K,   0% used [0x00000001048b0000, 0x00000001048b0000, 0x000000010d130000)
  from space 17472K,   0% used [0x000000010d130000, 0x000000010d130000, 0x000000010e240000)
  to   space 17472K,   0% used [0x000000010e240000, 0x000000010e240000, 0x000000010f350000)
 tenured generation   total 349568K, used 325196K [0x000000010f350000, 0x00000001248b0000, 0x00000001248b0000)
   the space 349568K,  93% used [0x000000010f350000, 0x00000001230e30a8, 0x00000001230e3200, 0x00000001248b0000)
 compacting perm gen  total 21248K, used 2870K [0x00000001248b0000, 0x0000000125d70000, 0x0000000129ab0000)
   the space 21248K,  13% used [0x00000001248b0000, 0x0000000124b7daf8, 0x0000000124b7dc00, 0x0000000125d70000)
No shared spaces configured.
}
{Heap before GC invocations=69 (full 56):
 par new generation   total 157248K, used 132327K [0x00000001048b0000, 0x000000010f350000, 0x000000010f350000)
  eden space 139776K,  94% used [0x00000001048b0000, 0x000000010c9e9cf0, 0x000000010d130000)
  from space 17472K,   0% used [0x000000010d130000, 0x000000010d130000, 0x000000010e240000)
  to   space 17472K,   0% used [0x000000010e240000, 0x000000010e240000, 0x000000010f350000)
 tenured generation   total 349568K, used 325196K [0x000000010f350000, 0x00000001248b0000, 0x00000001248b0000)
   the space 349568K,  93% used [0x000000010f350000, 0x00000001230e30a8, 0x00000001230e3200, 0x00000001248b0000)
 compacting perm gen  total 21248K, used 2870K [0x00000001248b0000, 0x0000000125d70000, 0x0000000129ab0000)
   the space 21248K,  13% used [0x00000001248b0000, 0x0000000124b7daf8, 0x0000000124b7dc00, 0x0000000125d70000)
No shared spaces configured.
10.876: [GC 10.876: [ParNew: 132327K->132327K(157248K), 0.0000200 secs]10.876: [Tenured: 325196K->330175K(349568K), 0.1302000 secs] 457523K->330175K(506816K), [Perm : 2870K->2870K(21248K)], 0.1303030 secs] [Times: user=0.13 sys=0.00, real=0.13 secs] 
Heap after GC invocations=70 (full 57):
 par new generation   total 157248K, used 0K [0x00000001048b0000, 0x000000010f350000, 0x000000010f350000)
  eden space 139776K,   0% used [0x00000001048b0000, 0x00000001048b0000, 0x000000010d130000)
  from space 17472K,   0% used [0x000000010d130000, 0x000000010d130000, 0x000000010e240000)
  to   space 17472K,   0% used [0x000000010e240000, 0x000000010e240000, 0x000000010f350000)
 tenured generation   total 349568K, used 330175K [0x000000010f350000, 0x00000001248b0000, 0x00000001248b0000)
   the space 349568K,  94% used [0x000000010f350000, 0x00000001235bff98, 0x00000001235c0000, 0x00000001248b0000)
 compacting perm gen  total 21248K, used 2870K [0x00000001248b0000, 0x0000000125d70000, 0x0000000129ab0000)
   the space 21248K,  13% used [0x00000001248b0000, 0x0000000124b7daf8, 0x0000000124b7dc00, 0x0000000125d70000)
No shared spaces configured.
}
{Heap before GC invocations=70 (full 57):
 par new generation   total 157248K, used 136101K [0x00000001048b0000, 0x000000010f350000, 0x000000010f350000)
  eden space 139776K,  97% used [0x00000001048b0000, 0x000000010cd99530, 0x000000010d130000)
  from space 17472K,   0% used [0x000000010d130000, 0x000000010d130000, 0x000000010e240000)
  to   space 17472K,   0% used [0x000000010e240000, 0x000000010e240000, 0x000000010f350000)
 tenured generation   total 349568K, used 330175K [0x000000010f350000, 0x00000001248b0000, 0x00000001248b0000)
   the space 349568K,  94% used [0x000000010f350000, 0x00000001235bff98, 0x00000001235c0000, 0x00000001248b0000)
 compacting perm gen  total 21248K, used 2870K [0x00000001248b0000, 0x0000000125d70000, 0x0000000129ab0000)
   the space 21248K,  13% used [0x00000001248b0000, 0x0000000124b7daf8, 0x0000000124b7dc00, 0x0000000125d70000)
No shared spaces configured.
11.074: [GC 11.074: [ParNew: 136101K->136101K(157248K), 0.0000190 secs]11.074: [Tenured: 330175K->269902K(349568K), 0.1074520 secs] 466277K->269902K(506816K), [Perm : 2870K->2870K(21248K)], 0.1075590 secs] [Times: user=0.11 sys=0.00, real=0.11 secs] 
Heap after GC invocations=71 (full 58):
 par new generation   total 157248K, used 0K [0x00000001048b0000, 0x000000010f350000, 0x000000010f350000)
  eden space 139776K,   0% used [0x00000001048b0000, 0x00000001048b0000, 0x000000010d130000)
  from space 17472K,   0% used [0x000000010d130000, 0x000000010d130000, 0x000000010e240000)
  to   space 17472K,   0% used [0x000000010e240000, 0x000000010e240000, 0x000000010f350000)
 tenured generation   total 349568K, used 269902K [0x000000010f350000, 0x00000001248b0000, 0x00000001248b0000)
   the space 349568K,  77% used [0x000000010f350000, 0x000000011fae3808, 0x000000011fae3a00, 0x00000001248b0000)
 compacting perm gen  total 21248K, used 2870K [0x00000001248b0000, 0x0000000125d70000, 0x0000000129ab0000)
   the space 21248K,  13% used [0x00000001248b0000, 0x0000000124b7daf8, 0x0000000124b7dc00, 0x0000000125d70000)
No shared spaces configured.
}
{Heap before GC invocations=71 (full 58):
 par new generation   total 157248K, used 128871K [0x00000001048b0000, 0x000000010f350000, 0x000000010f350000)
  eden space 139776K,  92% used [0x00000001048b0000, 0x000000010c689d70, 0x000000010d130000)
  from space 17472K,   0% used [0x000000010d130000, 0x000000010d130000, 0x000000010e240000)
  to   space 17472K,   0% used [0x000000010e240000, 0x000000010e240000, 0x000000010f350000)
 tenured generation   total 349568K, used 269902K [0x000000010f350000, 0x00000001248b0000, 0x00000001248b0000)
   the space 349568K,  77% used [0x000000010f350000, 0x000000011fae3808, 0x000000011fae3a00, 0x00000001248b0000)
 compacting perm gen  total 21248K, used 2870K [0x00000001248b0000, 0x0000000125d70000, 0x0000000129ab0000)
   the space 21248K,  13% used [0x00000001248b0000, 0x0000000124b7daf8, 0x0000000124b7dc00, 0x0000000125d70000)
No shared spaces configured.
11.245: [GC 11.245: [ParNew: 128871K->128871K(157248K), 0.0000210 secs]11.245: [Tenured: 269902K->285181K(349568K), 0.1138780 secs] 398773K->285181K(506816K), [Perm : 2870K->2870K(21248K)], 0.1139790 secs] [Times: user=0.11 sys=0.00, real=0.12 secs] 
Heap after GC invocations=72 (full 59):
 par new generation   total 157248K, used 0K [0x00000001048b0000, 0x000000010f350000, 0x000000010f350000)
  eden space 139776K,   0% used [0x00000001048b0000, 0x00000001048b0000, 0x000000010d130000)
  from space 17472K,   0% used [0x000000010d130000, 0x000000010d130000, 0x000000010e240000)
  to   space 17472K,   0% used [0x000000010e240000, 0x000000010e240000, 0x000000010f350000)
 tenured generation   total 349568K, used 285181K [0x000000010f350000, 0x00000001248b0000, 0x00000001248b0000)
   the space 349568K,  81% used [0x000000010f350000, 0x00000001209cf530, 0x00000001209cf600, 0x00000001248b0000)
 compacting perm gen  total 21248K, used 2870K [0x00000001248b0000, 0x0000000125d70000, 0x0000000129ab0000)
   the space 21248K,  13% used [0x00000001248b0000, 0x0000000124b7daf8, 0x0000000124b7dc00, 0x0000000125d70000)
No shared spaces configured.
}
{Heap before GC invocations=72 (full 59):
 par new generation   total 157248K, used 129633K [0x00000001048b0000, 0x000000010f350000, 0x000000010f350000)
  eden space 139776K,  92% used [0x00000001048b0000, 0x000000010c7486f8, 0x000000010d130000)
  from space 17472K,   0% used [0x000000010d130000, 0x000000010d130000, 0x000000010e240000)
  to   space 17472K,   0% used [0x000000010e240000, 0x000000010e240000, 0x000000010f350000)
 tenured generation   total 349568K, used 285181K [0x000000010f350000, 0x00000001248b0000, 0x00000001248b0000)
   the space 349568K,  81% used [0x000000010f350000, 0x00000001209cf530, 0x00000001209cf600, 0x00000001248b0000)
 compacting perm gen  total 21248K, used 2870K [0x00000001248b0000, 0x0000000125d70000, 0x0000000129ab0000)
   the space 21248K,  13% used [0x00000001248b0000, 0x0000000124b7daf8, 0x0000000124b7dc00, 0x0000000125d70000)
No shared spaces configured.
11.423: [GC 11.423: [ParNew: 129633K->129633K(157248K), 0.0000190 secs]11.423: [Tenured: 285181K->297879K(349568K), 0.1103400 secs] 414815K->297879K(506816K), [Perm : 2870K->2870K(21248K)], 0.1104450 secs] [Times: user=0.11 sys=0.01, real=0.11 secs] 
Heap after GC invocations=73 (full 60):
 par new generation   total 157248K, used 0K [0x00000001048b0000, 0x000000010f350000, 0x000000010f350000)
  eden space 139776K,   0% used [0x00000001048b0000, 0x00000001048b0000, 0x000000010d130000)
  from space 17472K,   0% used [0x000000010d130000, 0x000000010d130000, 0x000000010e240000)
  to   space 17472K,   0% used [0x000000010e240000, 0x000000010e240000, 0x000000010f350000)
 tenured generation   total 349568K, used 297879K [0x000000010f350000, 0x00000001248b0000, 0x00000001248b0000)
   the space 349568K,  85% used [0x000000010f350000, 0x0000000121635dc8, 0x0000000121635e00, 0x00000001248b0000)
 compacting perm gen  total 21248K, used 2870K [0x00000001248b0000, 0x0000000125d70000, 0x0000000129ab0000)
   the space 21248K,  13% used [0x00000001248b0000, 0x0000000124b7daf8, 0x0000000124b7dc00, 0x0000000125d70000)
No shared spaces configured.
}
{Heap before GC invocations=73 (full 60):
 par new generation   total 157248K, used 126477K [0x00000001048b0000, 0x000000010f350000, 0x000000010f350000)
  eden space 139776K,  90% used [0x00000001048b0000, 0x000000010c4335b0, 0x000000010d130000)
  from space 17472K,   0% used [0x000000010d130000, 0x000000010d130000, 0x000000010e240000)
  to   space 17472K,   0% used [0x000000010e240000, 0x000000010e240000, 0x000000010f350000)
 tenured generation   total 349568K, used 297879K [0x000000010f350000, 0x00000001248b0000, 0x00000001248b0000)
   the space 349568K,  85% used [0x000000010f350000, 0x0000000121635dc8, 0x0000000121635e00, 0x00000001248b0000)
 compacting perm gen  total 21248K, used 2870K [0x00000001248b0000, 0x0000000125d70000, 0x0000000129ab0000)
   the space 21248K,  13% used [0x00000001248b0000, 0x0000000124b7daf8, 0x0000000124b7dc00, 0x0000000125d70000)
No shared spaces configured.
11.596: [GC 11.596: [ParNew: 126477K->126477K(157248K), 0.0000200 secs]11.596: [Tenured: 297879K->325513K(349568K), 0.1206950 secs] 424356K->325513K(506816K), [Perm : 2870K->2870K(21248K)], 0.1208010 secs] [Times: user=0.12 sys=0.00, real=0.12 secs] 
Heap after GC invocations=74 (full 61):
 par new generation   total 157248K, used 0K [0x00000001048b0000, 0x000000010f350000, 0x000000010f350000)
  eden space 139776K,   0% used [0x00000001048b0000, 0x00000001048b0000, 0x000000010d130000)
  from space 17472K,   0% used [0x000000010d130000, 0x000000010d130000, 0x000000010e240000)
  to   space 17472K,   0% used [0x000000010e240000, 0x000000010e240000, 0x000000010f350000)
 tenured generation   total 349568K, used 325513K [0x000000010f350000, 0x00000001248b0000, 0x00000001248b0000)
   the space 349568K,  93% used [0x000000010f350000, 0x00000001231326b0, 0x0000000123132800, 0x00000001248b0000)
 compacting perm gen  total 21248K, used 2870K [0x00000001248b0000, 0x0000000125d70000, 0x0000000129ab0000)
   the space 21248K,  13% used [0x00000001248b0000, 0x0000000124b7daf8, 0x0000000124b7dc00, 0x0000000125d70000)
No shared spaces configured.
}
{Heap before GC invocations=74 (full 61):
 par new generation   total 157248K, used 137504K [0x00000001048b0000, 0x000000010f350000, 0x000000010f350000)
  eden space 139776K,  98% used [0x00000001048b0000, 0x000000010cef8308, 0x000000010d130000)
  from space 17472K,   0% used [0x000000010d130000, 0x000000010d130000, 0x000000010e240000)
  to   space 17472K,   0% used [0x000000010e240000, 0x000000010e240000, 0x000000010f350000)
 tenured generation   total 349568K, used 325513K [0x000000010f350000, 0x00000001248b0000, 0x00000001248b0000)
   the space 349568K,  93% used [0x000000010f350000, 0x00000001231326b0, 0x0000000123132800, 0x00000001248b0000)
 compacting perm gen  total 21248K, used 2870K [0x00000001248b0000, 0x0000000125d70000, 0x0000000129ab0000)
   the space 21248K,  13% used [0x00000001248b0000, 0x0000000124b7daf8, 0x0000000124b7dc00, 0x0000000125d70000)
No shared spaces configured.
11.786: [GC 11.786: [ParNew: 137504K->137504K(157248K), 0.0000200 secs]11.786: [Tenured: 325513K->277699K(349568K), 0.1102450 secs] 463018K->277699K(506816K), [Perm : 2870K->2870K(21248K)], 0.1103540 secs] [Times: user=0.11 sys=0.00, real=0.12 secs] 
Heap after GC invocations=75 (full 62):
 par new generation   total 157248K, used 0K [0x00000001048b0000, 0x000000010f350000, 0x000000010f350000)
  eden space 139776K,   0% used [0x00000001048b0000, 0x00000001048b0000, 0x000000010d130000)
  from space 17472K,   0% used [0x000000010d130000, 0x000000010d130000, 0x000000010e240000)
  to   space 17472K,   0% used [0x000000010e240000, 0x000000010e240000, 0x000000010f350000)
 tenured generation   total 349568K, used 277699K [0x000000010f350000, 0x00000001248b0000, 0x00000001248b0000)
   the space 349568K,  79% used [0x000000010f350000, 0x0000000120280d98, 0x0000000120280e00, 0x00000001248b0000)
 compacting perm gen  total 21248K, used 2870K [0x00000001248b0000, 0x0000000125d70000, 0x0000000129ab0000)
   the space 21248K,  13% used [0x00000001248b0000, 0x0000000124b7daf8, 0x0000000124b7dc00, 0x0000000125d70000)
No shared spaces configured.
}
{Heap before GC invocations=75 (full 62):
 par new generation   total 157248K, used 128348K [0x00000001048b0000, 0x000000010f350000, 0x000000010f350000)
  eden space 139776K,  91% used [0x00000001048b0000, 0x000000010c607088, 0x000000010d130000)
  from space 17472K,   0% used [0x000000010d130000, 0x000000010d130000, 0x000000010e240000)
  to   space 17472K,   0% used [0x000000010e240000, 0x000000010e240000, 0x000000010f350000)
 tenured generation   total 349568K, used 277699K [0x000000010f350000, 0x00000001248b0000, 0x00000001248b0000)
   the space 349568K,  79% used [0x000000010f350000, 0x0000000120280d98, 0x0000000120280e00, 0x00000001248b0000)
 compacting perm gen  total 21248K, used 2870K [0x00000001248b0000, 0x0000000125d70000, 0x0000000129ab0000)
   the space 21248K,  13% used [0x00000001248b0000, 0x0000000124b7daf8, 0x0000000124b7dc00, 0x0000000125d70000)
No shared spaces configured.
11.959: [GC 11.960: [ParNew: 128348K->128348K(157248K), 0.0000200 secs]11.960: [Tenured: 277699K->267383K(349568K), 0.1061570 secs] 406047K->267383K(506816K), [Perm : 2870K->2870K(21248K)], 0.1062620 secs] [Times: user=0.10 sys=0.00, real=0.11 secs] 
Heap after GC invocations=76 (full 63):
 par new generation   total 157248K, used 0K [0x00000001048b0000, 0x000000010f350000, 0x000000010f350000)
  eden space 139776K,   0% used [0x00000001048b0000, 0x00000001048b0000, 0x000000010d130000)
  from space 17472K,   0% used [0x000000010d130000, 0x000000010d130000, 0x000000010e240000)
  to   space 17472K,   0% used [0x000000010e240000, 0x000000010e240000, 0x000000010f350000)
 tenured generation   total 349568K, used 267383K [0x000000010f350000, 0x00000001248b0000, 0x00000001248b0000)
   the space 349568K,  76% used [0x000000010f350000, 0x000000011f86ddb0, 0x000000011f86de00, 0x00000001248b0000)
 compacting perm gen  total 21248K, used 2870K [0x00000001248b0000, 0x0000000125d70000, 0x0000000129ab0000)
   the space 21248K,  13% used [0x00000001248b0000, 0x0000000124b7daf8, 0x0000000124b7dc00, 0x0000000125d70000)
No shared spaces configured.
}
{Heap before GC invocations=76 (full 63):
 par new generation   total 157248K, used 135911K [0x00000001048b0000, 0x000000010f350000, 0x000000010f350000)
  eden space 139776K,  97% used [0x00000001048b0000, 0x000000010cd69cc8, 0x000000010d130000)
  from space 17472K,   0% used [0x000000010d130000, 0x000000010d130000, 0x000000010e240000)
  to   space 17472K,   0% used [0x000000010e240000, 0x000000010e240000, 0x000000010f350000)
 tenured generation   total 349568K, used 267383K [0x000000010f350000, 0x00000001248b0000, 0x00000001248b0000)
   the space 349568K,  76% used [0x000000010f350000, 0x000000011f86ddb0, 0x000000011f86de00, 0x00000001248b0000)
 compacting perm gen  total 21248K, used 2870K [0x00000001248b0000, 0x0000000125d70000, 0x0000000129ab0000)
   the space 21248K,  13% used [0x00000001248b0000, 0x0000000124b7daf8, 0x0000000124b7dc00, 0x0000000125d70000)
No shared spaces configured.
12.133: [GC 12.133: [ParNew: 135911K->135911K(157248K), 0.0000190 secs]12.133: [Tenured: 267383K->290072K(349568K), 0.1151970 secs] 403294K->290072K(506816K), [Perm : 2870K->2870K(21248K)], 0.1153070 secs] [Times: user=0.12 sys=0.00, real=0.12 secs] 
Heap after GC invocations=77 (full 64):
 par new generation   total 157248K, used 0K [0x00000001048b0000, 0x000000010f350000, 0x000000010f350000)
  eden space 139776K,   0% used [0x00000001048b0000, 0x00000001048b0000, 0x000000010d130000)
  from space 17472K,   0% used [0x000000010d130000, 0x000000010d130000, 0x000000010e240000)
  to   space 17472K,   0% used [0x000000010e240000, 0x000000010e240000, 0x000000010f350000)
 tenured generation   total 349568K, used 290072K [0x000000010f350000, 0x00000001248b0000, 0x00000001248b0000)
   the space 349568K,  82% used [0x000000010f350000, 0x0000000120e96118, 0x0000000120e96200, 0x00000001248b0000)
 compacting perm gen  total 21248K, used 2870K [0x00000001248b0000, 0x0000000125d70000, 0x0000000129ab0000)
   the space 21248K,  13% used [0x00000001248b0000, 0x0000000124b7daf8, 0x0000000124b7dc00, 0x0000000125d70000)
No shared spaces configured.
}
{Heap before GC invocations=77 (full 64):
 par new generation   total 157248K, used 130321K [0x00000001048b0000, 0x000000010f350000, 0x000000010f350000)
  eden space 139776K,  93% used [0x00000001048b0000, 0x000000010c7f46c0, 0x000000010d130000)
  from space 17472K,   0% used [0x000000010d130000, 0x000000010d130000, 0x000000010e240000)
  to   space 17472K,   0% used [0x000000010e240000, 0x000000010e240000, 0x000000010f350000)
 tenured generation   total 349568K, used 290072K [0x000000010f350000, 0x00000001248b0000, 0x00000001248b0000)
   the space 349568K,  82% used [0x000000010f350000, 0x0000000120e96118, 0x0000000120e96200, 0x00000001248b0000)
 compacting perm gen  total 21248K, used 2870K [0x00000001248b0000, 0x0000000125d70000, 0x0000000129ab0000)
   the space 21248K,  13% used [0x00000001248b0000, 0x0000000124b7daf8, 0x0000000124b7dc00, 0x0000000125d70000)
No shared spaces configured.
12.313: [GC 12.313: [ParNew: 130321K->130321K(157248K), 0.0000190 secs]12.313: [Tenured: 290072K->239548K(349568K), 0.0960360 secs] 420393K->239548K(506816K), [Perm : 2870K->2870K(21248K)], 0.0961370 secs] [Times: user=0.09 sys=0.00, real=0.10 secs] 
Heap after GC invocations=78 (full 65):
 par new generation   total 157248K, used 0K [0x00000001048b0000, 0x000000010f350000, 0x000000010f350000)
  eden space 139776K,   0% used [0x00000001048b0000, 0x00000001048b0000, 0x000000010d130000)
  from space 17472K,   0% used [0x000000010d130000, 0x000000010d130000, 0x000000010e240000)
  to   space 17472K,   0% used [0x000000010e240000, 0x000000010e240000, 0x000000010f350000)
 tenured generation   total 349568K, used 239548K [0x000000010f350000, 0x00000001248b0000, 0x00000001248b0000)
   the space 349568K,  68% used [0x000000010f350000, 0x000000011dd3f3b0, 0x000000011dd3f400, 0x00000001248b0000)
 compacting perm gen  total 21248K, used 2870K [0x00000001248b0000, 0x0000000125d70000, 0x0000000129ab0000)
   the space 21248K,  13% used [0x00000001248b0000, 0x0000000124b7daf8, 0x0000000124b7dc00, 0x0000000125d70000)
No shared spaces configured.
}
{Heap before GC invocations=78 (full 65):
 par new generation   total 157248K, used 135391K [0x00000001048b0000, 0x000000010f350000, 0x000000010f350000)
  eden space 139776K,  96% used [0x00000001048b0000, 0x000000010cce7d90, 0x000000010d130000)
  from space 17472K,   0% used [0x000000010d130000, 0x000000010d130000, 0x000000010e240000)
  to   space 17472K,   0% used [0x000000010e240000, 0x000000010e240000, 0x000000010f350000)
 tenured generation   total 349568K, used 239548K [0x000000010f350000, 0x00000001248b0000, 0x00000001248b0000)
   the space 349568K,  68% used [0x000000010f350000, 0x000000011dd3f3b0, 0x000000011dd3f400, 0x00000001248b0000)
 compacting perm gen  total 21248K, used 2870K [0x00000001248b0000, 0x0000000125d70000, 0x0000000129ab0000)
   the space 21248K,  13% used [0x00000001248b0000, 0x0000000124b7daf8, 0x0000000124b7dc00, 0x0000000125d70000)
No shared spaces configured.
12.476: [GC 12.476: [ParNew: 135391K->135391K(157248K), 0.0000200 secs]12.476: [Tenured: 239548K->282950K(349568K), 0.1124670 secs] 374940K->282950K(506816K), [Perm : 2870K->2870K(21248K)], 0.1125770 secs] [Times: user=0.11 sys=0.00, real=0.11 secs] 
Heap after GC invocations=79 (full 66):
 par new generation   total 157248K, used 0K [0x00000001048b0000, 0x000000010f350000, 0x000000010f350000)
  eden space 139776K,   0% used [0x00000001048b0000, 0x00000001048b0000, 0x000000010d130000)
  from space 17472K,   0% used [0x000000010d130000, 0x000000010d130000, 0x000000010e240000)
  to   space 17472K,   0% used [0x000000010e240000, 0x000000010e240000, 0x000000010f350000)
 tenured generation   total 349568K, used 282950K [0x000000010f350000, 0x00000001248b0000, 0x00000001248b0000)
   the space 349568K,  80% used [0x000000010f350000, 0x00000001207a19b8, 0x00000001207a1a00, 0x00000001248b0000)
 compacting perm gen  total 21248K, used 2870K [0x00000001248b0000, 0x0000000125d70000, 0x0000000129ab0000)
   the space 21248K,  13% used [0x00000001248b0000, 0x0000000124b7daf8, 0x0000000124b7dc00, 0x0000000125d70000)
No shared spaces configured.
}
{Heap before GC invocations=79 (full 66):
 par new generation   total 157248K, used 125933K [0x00000001048b0000, 0x000000010f350000, 0x000000010f350000)
  eden space 139776K,  90% used [0x00000001048b0000, 0x000000010c3ab5b0, 0x000000010d130000)
  from space 17472K,   0% used [0x000000010d130000, 0x000000010d130000, 0x000000010e240000)
  to   space 17472K,   0% used [0x000000010e240000, 0x000000010e240000, 0x000000010f350000)
 tenured generation   total 349568K, used 282950K [0x000000010f350000, 0x00000001248b0000, 0x00000001248b0000)
   the space 349568K,  80% used [0x000000010f350000, 0x00000001207a19b8, 0x00000001207a1a00, 0x00000001248b0000)
 compacting perm gen  total 21248K, used 2870K [0x00000001248b0000, 0x0000000125d70000, 0x0000000129ab0000)
   the space 21248K,  13% used [0x00000001248b0000, 0x0000000124b7daf8, 0x0000000124b7dc00, 0x0000000125d70000)
No shared spaces configured.
12.651: [GC 12.651: [ParNew: 125933K->125933K(157248K), 0.0000190 secs]12.651: [Tenured: 282950K->232039K(349568K), 0.0929840 secs] 408883K->232039K(506816K), [Perm : 2870K->2870K(21248K)], 0.0930850 secs] [Times: user=0.09 sys=0.00, real=0.09 secs] 
Heap after GC invocations=80 (full 67):
 par new generation   total 157248K, used 0K [0x00000001048b0000, 0x000000010f350000, 0x000000010f350000)
  eden space 139776K,   0% used [0x00000001048b0000, 0x00000001048b0000, 0x000000010d130000)
  from space 17472K,   0% used [0x000000010d130000, 0x000000010d130000, 0x000000010e240000)
  to   space 17472K,   0% used [0x000000010e240000, 0x000000010e240000, 0x000000010f350000)
 tenured generation   total 349568K, used 232039K [0x000000010f350000, 0x00000001248b0000, 0x00000001248b0000)
   the space 349568K,  66% used [0x000000010f350000, 0x000000011d5e9c58, 0x000000011d5e9e00, 0x00000001248b0000)
 compacting perm gen  total 21248K, used 2870K [0x00000001248b0000, 0x0000000125d70000, 0x0000000129ab0000)
   the space 21248K,  13% used [0x00000001248b0000, 0x0000000124b7daf8, 0x0000000124b7dc00, 0x0000000125d70000)
No shared spaces configured.
}
{Heap before GC invocations=80 (full 67):
 par new generation   total 157248K, used 126768K [0x00000001048b0000, 0x000000010f350000, 0x000000010f350000)
  eden space 139776K,  90% used [0x00000001048b0000, 0x000000010c47c010, 0x000000010d130000)
  from space 17472K,   0% used [0x000000010d130000, 0x000000010d130000, 0x000000010e240000)
  to   space 17472K,   0% used [0x000000010e240000, 0x000000010e240000, 0x000000010f350000)
 tenured generation   total 349568K, used 232039K [0x000000010f350000, 0x00000001248b0000, 0x00000001248b0000)
   the space 349568K,  66% used [0x000000010f350000, 0x000000011d5e9c58, 0x000000011d5e9e00, 0x00000001248b0000)
 compacting perm gen  total 21248K, used 2870K [0x00000001248b0000, 0x0000000125d70000, 0x0000000129ab0000)
   the space 21248K,  13% used [0x00000001248b0000, 0x0000000124b7daf8, 0x0000000124b7dc00, 0x0000000125d70000)
No shared spaces configured.
12.807: [GC 12.807: [ParNew: 126768K->126768K(157248K), 0.0000200 secs]12.807: [Tenured: 232039K->274588K(349568K), 0.1093140 secs] 358807K->274588K(506816K), [Perm : 2870K->2870K(21248K)], 0.1094240 secs] [Times: user=0.11 sys=0.00, real=0.11 secs] 
Heap after GC invocations=81 (full 68):
 par new generation   total 157248K, used 0K [0x00000001048b0000, 0x000000010f350000, 0x000000010f350000)
  eden space 139776K,   0% used [0x00000001048b0000, 0x00000001048b0000, 0x000000010d130000)
  from space 17472K,   0% used [0x000000010d130000, 0x000000010d130000, 0x000000010e240000)
  to   space 17472K,   0% used [0x000000010e240000, 0x000000010e240000, 0x000000010f350000)
 tenured generation   total 349568K, used 274588K [0x000000010f350000, 0x00000001248b0000, 0x00000001248b0000)
   the space 349568K,  78% used [0x000000010f350000, 0x000000011ff771d8, 0x000000011ff77200, 0x00000001248b0000)
 compacting perm gen  total 21248K, used 2870K [0x00000001248b0000, 0x0000000125d70000, 0x0000000129ab0000)
   the space 21248K,  13% used [0x00000001248b0000, 0x0000000124b7daf8, 0x0000000124b7dc00, 0x0000000125d70000)
No shared spaces configured.
}
{Heap before GC invocations=81 (full 68):
 par new generation   total 157248K, used 126720K [0x00000001048b0000, 0x000000010f350000, 0x000000010f350000)
  eden space 139776K,  90% used [0x00000001048b0000, 0x000000010c470020, 0x000000010d130000)
  from space 17472K,   0% used [0x000000010d130000, 0x000000010d130000, 0x000000010e240000)
  to   space 17472K,   0% used [0x000000010e240000, 0x000000010e240000, 0x000000010f350000)
 tenured generation   total 349568K, used 274588K [0x000000010f350000, 0x00000001248b0000, 0x00000001248b0000)
   the space 349568K,  78% used [0x000000010f350000, 0x000000011ff771d8, 0x000000011ff77200, 0x00000001248b0000)
 compacting perm gen  total 21248K, used 2870K [0x00000001248b0000, 0x0000000125d70000, 0x0000000129ab0000)
   the space 21248K,  13% used [0x00000001248b0000, 0x0000000124b7daf8, 0x0000000124b7dc00, 0x0000000125d70000)
No shared spaces configured.
12.979: [GC 12.979: [ParNew: 126720K->126720K(157248K), 0.0000210 secs]12.979: [Tenured: 274588K->296523K(349568K), 0.1022760 secs] 401308K->296523K(506816K), [Perm : 2870K->2870K(21248K)], 0.1023870 secs] [Times: user=0.10 sys=0.00, real=0.10 secs] 
Heap after GC invocations=82 (full 69):
 par new generation   total 157248K, used 0K [0x00000001048b0000, 0x000000010f350000, 0x000000010f350000)
  eden space 139776K,   0% used [0x00000001048b0000, 0x00000001048b0000, 0x000000010d130000)
  from space 17472K,   0% used [0x000000010d130000, 0x000000010d130000, 0x000000010e240000)
  to   space 17472K,   0% used [0x000000010e240000, 0x000000010e240000, 0x000000010f350000)
 tenured generation   total 349568K, used 296523K [0x000000010f350000, 0x00000001248b0000, 0x00000001248b0000)
   the space 349568K,  84% used [0x000000010f350000, 0x00000001214e2e58, 0x00000001214e3000, 0x00000001248b0000)
 compacting perm gen  total 21248K, used 2870K [0x00000001248b0000, 0x0000000125d70000, 0x0000000129ab0000)
   the space 21248K,  13% used [0x00000001248b0000, 0x0000000124b7daf8, 0x0000000124b7dc00, 0x0000000125d70000)
No shared spaces configured.
}
{Heap before GC invocations=82 (full 69):
 par new generation   total 157248K, used 130952K [0x00000001048b0000, 0x000000010f350000, 0x000000010f350000)
  eden space 139776K,  93% used [0x00000001048b0000, 0x000000010c892278, 0x000000010d130000)
  from space 17472K,   0% used [0x000000010d130000, 0x000000010d130000, 0x000000010e240000)
  to   space 17472K,   0% used [0x000000010e240000, 0x000000010e240000, 0x000000010f350000)
 tenured generation   total 349568K, used 296523K [0x000000010f350000, 0x00000001248b0000, 0x00000001248b0000)
   the space 349568K,  84% used [0x000000010f350000, 0x00000001214e2e58, 0x00000001214e3000, 0x00000001248b0000)
 compacting perm gen  total 21248K, used 2870K [0x00000001248b0000, 0x0000000125d70000, 0x0000000129ab0000)
   the space 21248K,  13% used [0x00000001248b0000, 0x0000000124b7daf8, 0x0000000124b7dc00, 0x0000000125d70000)
No shared spaces configured.
13.146: [GC 13.146: [ParNew: 130952K->130952K(157248K), 0.0000200 secs]13.146: [Tenured: 296523K->235169K(349568K), 0.0958760 secs] 427476K->235169K(506816K), [Perm : 2870K->2870K(21248K)], 0.0959810 secs] [Times: user=0.10 sys=0.00, real=0.09 secs] 
Heap after GC invocations=83 (full 70):
 par new generation   total 157248K, used 0K [0x00000001048b0000, 0x000000010f350000, 0x000000010f350000)
  eden space 139776K,   0% used [0x00000001048b0000, 0x00000001048b0000, 0x000000010d130000)
  from space 17472K,   0% used [0x000000010d130000, 0x000000010d130000, 0x000000010e240000)
  to   space 17472K,   0% used [0x000000010e240000, 0x000000010e240000, 0x000000010f350000)
 tenured generation   total 349568K, used 235169K [0x000000010f350000, 0x00000001248b0000, 0x00000001248b0000)
   the space 349568K,  67% used [0x000000010f350000, 0x000000011d8f8660, 0x000000011d8f8800, 0x00000001248b0000)
 compacting perm gen  total 21248K, used 2870K [0x00000001248b0000, 0x0000000125d70000, 0x0000000129ab0000)
   the space 21248K,  13% used [0x00000001248b0000, 0x0000000124b7daf8, 0x0000000124b7dc00, 0x0000000125d70000)
No shared spaces configured.
}
{Heap before GC invocations=83 (full 70):
 par new generation   total 157248K, used 139290K [0x00000001048b0000, 0x000000010f350000, 0x000000010f350000)
  eden space 139776K,  99% used [0x00000001048b0000, 0x000000010d0b6a30, 0x000000010d130000)
  from space 17472K,   0% used [0x000000010d130000, 0x000000010d130000, 0x000000010e240000)
  to   space 17472K,   0% used [0x000000010e240000, 0x000000010e240000, 0x000000010f350000)
 tenured generation   total 349568K, used 235169K [0x000000010f350000, 0x00000001248b0000, 0x00000001248b0000)
   the space 349568K,  67% used [0x000000010f350000, 0x000000011d8f8660, 0x000000011d8f8800, 0x00000001248b0000)
 compacting perm gen  total 21248K, used 2870K [0x00000001248b0000, 0x0000000125d70000, 0x0000000129ab0000)
   the space 21248K,  13% used [0x00000001248b0000, 0x0000000124b7daf8, 0x0000000124b7dc00, 0x0000000125d70000)
No shared spaces configured.
13.311: [GC 13.311: [ParNew: 139290K->139290K(157248K), 0.0000190 secs]13.311: [Tenured: 235169K->234503K(349568K), 0.0948670 secs] 374460K->234503K(506816K), [Perm : 2870K->2870K(21248K)], 0.0949670 secs] [Times: user=0.10 sys=0.00, real=0.10 secs] 
Heap after GC invocations=84 (full 71):
 par new generation   total 157248K, used 0K [0x00000001048b0000, 0x000000010f350000, 0x000000010f350000)
  eden space 139776K,   0% used [0x00000001048b0000, 0x00000001048b0000, 0x000000010d130000)
  from space 17472K,   0% used [0x000000010d130000, 0x000000010d130000, 0x000000010e240000)
  to   space 17472K,   0% used [0x000000010e240000, 0x000000010e240000, 0x000000010f350000)
 tenured generation   total 349568K, used 234503K [0x000000010f350000, 0x00000001248b0000, 0x00000001248b0000)
   the space 349568K,  67% used [0x000000010f350000, 0x000000011d851c50, 0x000000011d851e00, 0x00000001248b0000)
 compacting perm gen  total 21248K, used 2870K [0x00000001248b0000, 0x0000000125d70000, 0x0000000129ab0000)
   the space 21248K,  13% used [0x00000001248b0000, 0x0000000124b7daf8, 0x0000000124b7dc00, 0x0000000125d70000)
No shared spaces configured.
}
{Heap before GC invocations=84 (full 71):
 par new generation   total 157248K, used 137440K [0x00000001048b0000, 0x000000010f350000, 0x000000010f350000)
  eden space 139776K,  98% used [0x00000001048b0000, 0x000000010cee8108, 0x000000010d130000)
  from space 17472K,   0% used [0x000000010d130000, 0x000000010d130000, 0x000000010e240000)
  to   space 17472K,   0% used [0x000000010e240000, 0x000000010e240000, 0x000000010f350000)
 tenured generation   total 349568K, used 234503K [0x000000010f350000, 0x00000001248b0000, 0x00000001248b0000)
   the space 349568K,  67% used [0x000000010f350000, 0x000000011d851c50, 0x000000011d851e00, 0x00000001248b0000)
 compacting perm gen  total 21248K, used 2870K [0x00000001248b0000, 0x0000000125d70000, 0x0000000129ab0000)
   the space 21248K,  13% used [0x00000001248b0000, 0x0000000124b7daf8, 0x0000000124b7dc00, 0x0000000125d70000)
No shared spaces configured.
13.474: [GC 13.474: [ParNew: 137440K->137440K(157248K), 0.0000190 secs]13.474: [Tenured: 234503K->197487K(349568K), 0.0802730 secs] 371943K->197487K(506816K), [Perm : 2870K->2870K(21248K)], 0.0803740 secs] [Times: user=0.08 sys=0.01, real=0.08 secs] 
Heap after GC invocations=85 (full 72):
 par new generation   total 157248K, used 0K [0x00000001048b0000, 0x000000010f350000, 0x000000010f350000)
  eden space 139776K,   0% used [0x00000001048b0000, 0x00000001048b0000, 0x000000010d130000)
  from space 17472K,   0% used [0x000000010d130000, 0x000000010d130000, 0x000000010e240000)
  to   space 17472K,   0% used [0x000000010e240000, 0x000000010e240000, 0x000000010f350000)
 tenured generation   total 349568K, used 197487K [0x000000010f350000, 0x00000001248b0000, 0x00000001248b0000)
   the space 349568K,  56% used [0x000000010f350000, 0x000000011b42bf10, 0x000000011b42c000, 0x00000001248b0000)
 compacting perm gen  total 21248K, used 2870K [0x00000001248b0000, 0x0000000125d70000, 0x0000000129ab0000)
   the space 21248K,  13% used [0x00000001248b0000, 0x0000000124b7daf8, 0x0000000124b7dc00, 0x0000000125d70000)
No shared spaces configured.
}
{Heap before GC invocations=85 (full 72):
 par new generation   total 157248K, used 130317K [0x00000001048b0000, 0x000000010f350000, 0x000000010f350000)
  eden space 139776K,  93% used [0x00000001048b0000, 0x000000010c7f3768, 0x000000010d130000)
  from space 17472K,   0% used [0x000000010d130000, 0x000000010d130000, 0x000000010e240000)
  to   space 17472K,   0% used [0x000000010e240000, 0x000000010e240000, 0x000000010f350000)
 tenured generation   total 349568K, used 197487K [0x000000010f350000, 0x00000001248b0000, 0x00000001248b0000)
   the space 349568K,  56% used [0x000000010f350000, 0x000000011b42bf10, 0x000000011b42c000, 0x00000001248b0000)
 compacting perm gen  total 21248K, used 2870K [0x00000001248b0000, 0x0000000125d70000, 0x0000000129ab0000)
   the space 21248K,  13% used [0x00000001248b0000, 0x0000000124b7daf8, 0x0000000124b7dc00, 0x0000000125d70000)
No shared spaces configured.
13.619: [GC 13.619: [ParNew
Desired survivor size 8945664 bytes, new threshold 15 (max 15)
- age   1:        240 bytes,        240 total
: 130317K->4K(157248K), 0.0508070 secs] 327805K->327805K(506816K), 0.0508700 secs] [Times: user=0.10 sys=0.00, real=0.05 secs] 
Heap after GC invocations=86 (full 72):
 par new generation   total 157248K, used 4K [0x00000001048b0000, 0x000000010f350000, 0x000000010f350000)
  eden space 139776K,   0% used [0x00000001048b0000, 0x00000001048b0000, 0x000000010d130000)
  from space 17472K,   0% used [0x000000010e240000, 0x000000010e241000, 0x000000010f350000)
  to   space 17472K,   0% used [0x000000010d130000, 0x000000010d130000, 0x000000010e240000)
 tenured generation   total 349568K, used 327801K [0x000000010f350000, 0x00000001248b0000, 0x00000001248b0000)
   the space 349568K,  93% used [0x000000010f350000, 0x000000012336e5a0, 0x000000012336e600, 0x00000001248b0000)
 compacting perm gen  total 21248K, used 2870K [0x00000001248b0000, 0x0000000125d70000, 0x0000000129ab0000)
   the space 21248K,  13% used [0x00000001248b0000, 0x0000000124b7daf8, 0x0000000124b7dc00, 0x0000000125d70000)
No shared spaces configured.
}
Heap
 par new generation   total 157248K, used 128264K [0x00000001048b0000, 0x000000010f350000, 0x000000010f350000)
  eden space 139776K,  91% used [0x00000001048b0000, 0x000000010c5f1398, 0x000000010d130000)
  from space 17472K,   0% used [0x000000010e240000, 0x000000010e241000, 0x000000010f350000)
  to   space 17472K,   0% used [0x000000010d130000, 0x000000010d130000, 0x000000010e240000)
 tenured generation   total 349568K, used 327801K [0x000000010f350000, 0x00000001248b0000, 0x00000001248b0000)
   the space 349568K,  93% used [0x000000010f350000, 0x000000012336e5a0, 0x000000012336e600, 0x00000001248b0000)
 compacting perm gen  total 21248K, used 2879K [0x00000001248b0000, 0x0000000125d70000, 0x0000000129ab0000)
   the space 21248K,  13% used [0x00000001248b0000, 0x0000000124b7ffc0, 0x0000000124b80000, 0x0000000125d70000)
No shared spaces configured.
