{Heap before GC invocations=0 (full 0):
 def new generation   total 39296K, used 29500K [0x0000000113540000, 0x0000000115fe0000, 0x000000011dfe0000)
  eden space 34944K,  84% used [0x0000000113540000, 0x000000011520f288, 0x0000000115760000)
  from space 4352K,   0% used [0x0000000115760000, 0x0000000115760000, 0x0000000115ba0000)
  to   space 4352K,   0% used [0x0000000115ba0000, 0x0000000115ba0000, 0x0000000115fe0000)
 tenured generation   total 87424K, used 0K [0x000000011dfe0000, 0x0000000123540000, 0x0000000133540000)
   the space 87424K,   0% used [0x000000011dfe0000, 0x000000011dfe0000, 0x000000011dfe0200, 0x0000000123540000)
 compacting perm gen  total 21248K, used 2864K [0x0000000133540000, 0x0000000134a00000, 0x0000000138740000)
   the space 21248K,  13% used [0x0000000133540000, 0x000000013380c080, 0x000000013380c200, 0x0000000134a00000)
No shared spaces configured.
0.115: [GC 0.115: [DefNew
Desired survivor size 2228224 bytes, new threshold 15 (max 15)
- age   1:     342680 bytes,     342680 total
: 29500K->334K(39296K), 0.0300090 secs] 29500K->21438K(126720K), 0.0300760 secs] [Times: user=0.02 sys=0.01, real=0.03 secs] 
Heap after GC invocations=1 (full 0):
 def new generation   total 39296K, used 334K [0x0000000113540000, 0x0000000115fe0000, 0x000000011dfe0000)
  eden space 34944K,   0% used [0x0000000113540000, 0x0000000113540000, 0x0000000115760000)
  from space 4352K,   7% used [0x0000000115ba0000, 0x0000000115bf3a98, 0x0000000115fe0000)
  to   space 4352K,   0% used [0x0000000115760000, 0x0000000115760000, 0x0000000115ba0000)
 tenured generation   total 87424K, used 21104K [0x000000011dfe0000, 0x0000000123540000, 0x0000000133540000)
   the space 87424K,  24% used [0x000000011dfe0000, 0x000000011f47c150, 0x000000011f47c200, 0x0000000123540000)
 compacting perm gen  total 21248K, used 2864K [0x0000000133540000, 0x0000000134a00000, 0x0000000138740000)
   the space 21248K,  13% used [0x0000000133540000, 0x000000013380c080, 0x000000013380c200, 0x0000000134a00000)
No shared spaces configured.
}
{Heap before GC invocations=1 (full 0):
 def new generation   total 39296K, used 23203K [0x0000000113540000, 0x0000000115fe0000, 0x000000011dfe0000)
  eden space 34944K,  65% used [0x0000000113540000, 0x0000000114b951c0, 0x0000000115760000)
  from space 4352K,   7% used [0x0000000115ba0000, 0x0000000115bf3a98, 0x0000000115fe0000)
  to   space 4352K,   0% used [0x0000000115760000, 0x0000000115760000, 0x0000000115ba0000)
 tenured generation   total 87424K, used 21104K [0x000000011dfe0000, 0x0000000123540000, 0x0000000133540000)
   the space 87424K,  24% used [0x000000011dfe0000, 0x000000011f47c150, 0x000000011f47c200, 0x0000000123540000)
 compacting perm gen  total 21248K, used 2872K [0x0000000133540000, 0x0000000134a00000, 0x0000000138740000)
   the space 21248K,  13% used [0x0000000133540000, 0x000000013380e2f0, 0x000000013380e400, 0x0000000134a00000)
No shared spaces configured.
0.157: [GC 0.157: [DefNew
Desired survivor size 2228224 bytes, new threshold 15 (max 15)
- age   1:        536 bytes,        536 total
- age   2:     314832 bytes,     315368 total
: 23203K->307K(39296K), 0.0307070 secs] 44307K->42516K(126720K), 0.0307710 secs] [Times: user=0.02 sys=0.01, real=0.03 secs] 
Heap after GC invocations=2 (full 0):
 def new generation   total 39296K, used 307K [0x0000000113540000, 0x0000000115fe0000, 0x000000011dfe0000)
  eden space 34944K,   0% used [0x0000000113540000, 0x0000000113540000, 0x0000000115760000)
  from space 4352K,   7% used [0x0000000115760000, 0x00000001157acfe8, 0x0000000115ba0000)
  to   space 4352K,   0% used [0x0000000115ba0000, 0x0000000115ba0000, 0x0000000115fe0000)
 tenured generation   total 87424K, used 42208K [0x000000011dfe0000, 0x0000000123540000, 0x0000000133540000)
   the space 87424K,  48% used [0x000000011dfe0000, 0x00000001209182a0, 0x0000000120918400, 0x0000000123540000)
 compacting perm gen  total 21248K, used 2872K [0x0000000133540000, 0x0000000134a00000, 0x0000000138740000)
   the space 21248K,  13% used [0x0000000133540000, 0x000000013380e2f0, 0x000000013380e400, 0x0000000134a00000)
No shared spaces configured.
}
{Heap before GC invocations=2 (full 0):
 def new generation   total 39296K, used 20473K [0x0000000113540000, 0x0000000115fe0000, 0x000000011dfe0000)
  eden space 34944K,  57% used [0x0000000113540000, 0x00000001148f1438, 0x0000000115760000)
  from space 4352K,   7% used [0x0000000115760000, 0x00000001157acfe8, 0x0000000115ba0000)
  to   space 4352K,   0% used [0x0000000115ba0000, 0x0000000115ba0000, 0x0000000115fe0000)
 tenured generation   total 87424K, used 42208K [0x000000011dfe0000, 0x0000000123540000, 0x0000000133540000)
   the space 87424K,  48% used [0x000000011dfe0000, 0x00000001209182a0, 0x0000000120918400, 0x0000000123540000)
 compacting perm gen  total 21248K, used 2872K [0x0000000133540000, 0x0000000134a00000, 0x0000000138740000)
   the space 21248K,  13% used [0x0000000133540000, 0x000000013380e2f0, 0x000000013380e400, 0x0000000134a00000)
No shared spaces configured.
0.197: [GC 0.197: [DefNew
Desired survivor size 2228224 bytes, new threshold 15 (max 15)
- age   1:         56 bytes,         56 total
- age   2:        536 bytes,        592 total
- age   3:     314816 bytes,     315408 total
: 20473K->308K(39296K), 0.0293760 secs] 62681K->62681K(126720K), 0.0294320 secs] [Times: user=0.02 sys=0.02, real=0.03 secs] 
Heap after GC invocations=3 (full 0):
 def new generation   total 39296K, used 308K [0x0000000113540000, 0x0000000115fe0000, 0x000000011dfe0000)
  eden space 34944K,   0% used [0x0000000113540000, 0x0000000113540000, 0x0000000115760000)
  from space 4352K,   7% used [0x0000000115ba0000, 0x0000000115bed010, 0x0000000115fe0000)
  to   space 4352K,   0% used [0x0000000115760000, 0x0000000115760000, 0x0000000115ba0000)
 tenured generation   total 87424K, used 62373K [0x000000011dfe0000, 0x0000000123540000, 0x0000000133540000)
   the space 87424K,  71% used [0x000000011dfe0000, 0x0000000121cc96a0, 0x0000000121cc9800, 0x0000000123540000)
 compacting perm gen  total 21248K, used 2872K [0x0000000133540000, 0x0000000134a00000, 0x0000000138740000)
   the space 21248K,  13% used [0x0000000133540000, 0x000000013380e2f0, 0x000000013380e400, 0x0000000134a00000)
No shared spaces configured.
}
{Heap before GC invocations=3 (full 0):
 def new generation   total 39296K, used 23389K [0x0000000113540000, 0x0000000115fe0000, 0x000000011dfe0000)
  eden space 34944K,  66% used [0x0000000113540000, 0x0000000114bca4d8, 0x0000000115760000)
  from space 4352K,   7% used [0x0000000115ba0000, 0x0000000115bed010, 0x0000000115fe0000)
  to   space 4352K,   0% used [0x0000000115760000, 0x0000000115760000, 0x0000000115ba0000)
 tenured generation   total 87424K, used 62373K [0x000000011dfe0000, 0x0000000123540000, 0x0000000133540000)
   the space 87424K,  71% used [0x000000011dfe0000, 0x0000000121cc96a0, 0x0000000121cc9800, 0x0000000123540000)
 compacting perm gen  total 21248K, used 2872K [0x0000000133540000, 0x0000000134a00000, 0x0000000138740000)
   the space 21248K,  13% used [0x0000000133540000, 0x000000013380e2f0, 0x000000013380e400, 0x0000000134a00000)
No shared spaces configured.
0.238: [GC 0.238: [DefNew
Desired survivor size 2228224 bytes, new threshold 15 (max 15)
- age   1:         56 bytes,         56 total
- age   2:         56 bytes,        112 total
- age   3:        536 bytes,        648 total
- age   4:     314800 bytes,     315448 total
: 23389K->308K(39296K), 0.0330670 secs] 85762K->85762K(126720K), 0.0331230 secs] [Times: user=0.02 sys=0.01, real=0.03 secs] 
Heap after GC invocations=4 (full 0):
 def new generation   total 39296K, used 308K [0x0000000113540000, 0x0000000115fe0000, 0x000000011dfe0000)
  eden space 34944K,   0% used [0x0000000113540000, 0x0000000113540000, 0x0000000115760000)
  from space 4352K,   7% used [0x0000000115760000, 0x00000001157ad038, 0x0000000115ba0000)
  to   space 4352K,   0% used [0x0000000115ba0000, 0x0000000115ba0000, 0x0000000115fe0000)
 tenured generation   total 87424K, used 85454K [0x000000011dfe0000, 0x0000000123540000, 0x0000000133540000)
   the space 87424K,  97% used [0x000000011dfe0000, 0x0000000123353b40, 0x0000000123353c00, 0x0000000123540000)
 compacting perm gen  total 21248K, used 2872K [0x0000000133540000, 0x0000000134a00000, 0x0000000138740000)
   the space 21248K,  13% used [0x0000000133540000, 0x000000013380e2f0, 0x000000013380e400, 0x0000000134a00000)
No shared spaces configured.
}
{Heap before GC invocations=4 (full 0):
 def new generation   total 39296K, used 20473K [0x0000000113540000, 0x0000000115fe0000, 0x000000011dfe0000)
  eden space 34944K,  57% used [0x0000000113540000, 0x00000001148f1438, 0x0000000115760000)
  from space 4352K,   7% used [0x0000000115760000, 0x00000001157ad038, 0x0000000115ba0000)
  to   space 4352K,   0% used [0x0000000115ba0000, 0x0000000115ba0000, 0x0000000115fe0000)
 tenured generation   total 87424K, used 85454K [0x000000011dfe0000, 0x0000000123540000, 0x0000000133540000)
   the space 87424K,  97% used [0x000000011dfe0000, 0x0000000123353b40, 0x0000000123353c00, 0x0000000123540000)
 compacting perm gen  total 21248K, used 2872K [0x0000000133540000, 0x0000000134a00000, 0x0000000138740000)
   the space 21248K,  13% used [0x0000000133540000, 0x000000013380e2f0, 0x000000013380e400, 0x0000000134a00000)
No shared spaces configured.
0.280: [GC 0.280: [DefNew
Desired survivor size 2228224 bytes, new threshold 15 (max 15)
- age   1:         56 bytes,         56 total
- age   2:         56 bytes,        112 total
- age   3:         40 bytes,        152 total
- age   4:        536 bytes,        688 total
- age   5:     314800 bytes,     315488 total
: 20473K->308K(39296K), 0.0282400 secs]0.309: [Tenured: 105619K->105927K(107592K), 0.0054030 secs] 105927K->105927K(146888K), [Perm : 2872K->2872K(21248K)], 0.0340160 secs] [Times: user=0.02 sys=0.01, real=0.04 secs] 
Heap after GC invocations=5 (full 1):
 def new generation   total 79552K, used 0K [0x0000000113540000, 0x0000000118b90000, 0x000000011dfe0000)
  eden space 70720K,   0% used [0x0000000113540000, 0x0000000113540000, 0x0000000117a50000)
  from space 8832K,   0% used [0x0000000117a50000, 0x0000000117a50000, 0x00000001182f0000)
  to   space 8832K,   0% used [0x00000001182f0000, 0x00000001182f0000, 0x0000000118b90000)
 tenured generation   total 176548K, used 105927K [0x000000011dfe0000, 0x0000000128c49000, 0x0000000133540000)
   the space 176548K,  59% used [0x000000011dfe0000, 0x0000000124751fa0, 0x0000000124752000, 0x0000000128c49000)
 compacting perm gen  total 21248K, used 2872K [0x0000000133540000, 0x0000000134a00000, 0x0000000138740000)
   the space 21248K,  13% used [0x0000000133540000, 0x000000013380e2f0, 0x000000013380e400, 0x0000000134a00000)
No shared spaces configured.
}
{Heap before GC invocations=5 (full 1):
 def new generation   total 79552K, used 65226K [0x0000000113540000, 0x0000000118b90000, 0x000000011dfe0000)
  eden space 70720K,  92% used [0x0000000113540000, 0x00000001174f2aa0, 0x0000000117a50000)
  from space 8832K,   0% used [0x0000000117a50000, 0x0000000117a50000, 0x00000001182f0000)
  to   space 8832K,   0% used [0x00000001182f0000, 0x00000001182f0000, 0x0000000118b90000)
 tenured generation   total 176548K, used 105927K [0x000000011dfe0000, 0x0000000128c49000, 0x0000000133540000)
   the space 176548K,  59% used [0x000000011dfe0000, 0x0000000124751fa0, 0x0000000124752000, 0x0000000128c49000)
 compacting perm gen  total 21248K, used 2872K [0x0000000133540000, 0x0000000134a00000, 0x0000000138740000)
   the space 21248K,  13% used [0x0000000133540000, 0x000000013380e2f0, 0x000000013380e400, 0x0000000134a00000)
No shared spaces configured.
0.351: [GC 0.351: [DefNew
Desired survivor size 4521984 bytes, new threshold 15 (max 15)
- age   1:        128 bytes,        128 total
: 65226K->0K(79552K), 0.0832550 secs] 171154K->171154K(256100K), 0.0833110 secs] [Times: user=0.05 sys=0.04, real=0.09 secs] 
Heap after GC invocations=6 (full 1):
 def new generation   total 79552K, used 0K [0x0000000113540000, 0x0000000118b90000, 0x000000011dfe0000)
  eden space 70720K,   0% used [0x0000000113540000, 0x0000000113540000, 0x0000000117a50000)
  from space 8832K,   0% used [0x00000001182f0000, 0x00000001182f0080, 0x0000000118b90000)
  to   space 8832K,   0% used [0x0000000117a50000, 0x0000000117a50000, 0x00000001182f0000)
 tenured generation   total 176548K, used 171154K [0x000000011dfe0000, 0x0000000128c49000, 0x0000000133540000)
   the space 176548K,  96% used [0x000000011dfe0000, 0x00000001287049c0, 0x0000000128704a00, 0x0000000128c49000)
 compacting perm gen  total 21248K, used 2872K [0x0000000133540000, 0x0000000134a00000, 0x0000000138740000)
   the space 21248K,  13% used [0x0000000133540000, 0x000000013380e2f0, 0x000000013380e400, 0x0000000134a00000)
No shared spaces configured.
}
{Heap before GC invocations=6 (full 1):
 def new generation   total 79552K, used 63313K [0x0000000113540000, 0x0000000118b90000, 0x000000011dfe0000)
  eden space 70720K,  89% used [0x0000000113540000, 0x00000001173144c0, 0x0000000117a50000)
  from space 8832K,   0% used [0x00000001182f0000, 0x00000001182f0080, 0x0000000118b90000)
  to   space 8832K,   0% used [0x0000000117a50000, 0x0000000117a50000, 0x00000001182f0000)
 tenured generation   total 176548K, used 171154K [0x000000011dfe0000, 0x0000000128c49000, 0x0000000133540000)
   the space 176548K,  96% used [0x000000011dfe0000, 0x00000001287049c0, 0x0000000128704a00, 0x0000000128c49000)
 compacting perm gen  total 21248K, used 2872K [0x0000000133540000, 0x0000000134a00000, 0x0000000138740000)
   the space 21248K,  13% used [0x0000000133540000, 0x000000013380e2f0, 0x000000013380e400, 0x0000000134a00000)
No shared spaces configured.
0.468: [GC 0.468: [DefNew
Desired survivor size 4521984 bytes, new threshold 15 (max 15)
- age   1:        208 bytes,        208 total
- age   2:        128 bytes,        336 total
: 63313K->0K(79552K), 0.0812240 secs]0.549: [Tenured: 234467K->234467K(239872K), 0.0053370 secs] 234467K->234467K(319424K), [Perm : 2872K->2872K(21248K)], 0.0870300 secs] [Times: user=0.05 sys=0.03, real=0.09 secs] 
Heap after GC invocations=7 (full 2):
 def new generation   total 157248K, used 0K [0x0000000113540000, 0x000000011dfe0000, 0x000000011dfe0000)
  eden space 139776K,   0% used [0x0000000113540000, 0x0000000113540000, 0x000000011bdc0000)
  from space 17472K,   0% used [0x000000011bdc0000, 0x000000011bdc0000, 0x000000011ced0000)
  to   space 17472K,   0% used [0x000000011ced0000, 0x000000011ced0000, 0x000000011dfe0000)
 tenured generation   total 349568K, used 234467K [0x000000011dfe0000, 0x0000000133540000, 0x0000000133540000)
   the space 349568K,  67% used [0x000000011dfe0000, 0x000000012c4d8f00, 0x000000012c4d9000, 0x0000000133540000)
 compacting perm gen  total 21248K, used 2872K [0x0000000133540000, 0x0000000134a00000, 0x0000000138740000)
   the space 21248K,  13% used [0x0000000133540000, 0x000000013380e2f0, 0x000000013380e400, 0x0000000134a00000)
No shared spaces configured.
}
{Heap before GC invocations=7 (full 2):
 def new generation   total 157248K, used 136158K [0x0000000113540000, 0x000000011dfe0000, 0x000000011dfe0000)
  eden space 139776K,  97% used [0x0000000113540000, 0x000000011ba37b10, 0x000000011bdc0000)
  from space 17472K,   0% used [0x000000011bdc0000, 0x000000011bdc0000, 0x000000011ced0000)
  to   space 17472K,   0% used [0x000000011ced0000, 0x000000011ced0000, 0x000000011dfe0000)
 tenured generation   total 349568K, used 234467K [0x000000011dfe0000, 0x0000000133540000, 0x0000000133540000)
   the space 349568K,  67% used [0x000000011dfe0000, 0x000000012c4d8f00, 0x000000012c4d9000, 0x0000000133540000)
 compacting perm gen  total 21248K, used 2872K [0x0000000133540000, 0x0000000134a00000, 0x0000000138740000)
   the space 21248K,  13% used [0x0000000133540000, 0x000000013380e2f0, 0x000000013380e400, 0x0000000134a00000)
No shared spaces configured.
0.633: [GC 0.633: [DefNew (promotion failed) : 136158K->149171K(157248K), 0.1441370 secs]0.777: [Tenured: 333101K->327922K(349568K), 0.0983430 secs] 370626K->327922K(506816K), [Perm : 2872K->2872K(21248K)], 0.2425880 secs] [Times: user=0.18 sys=0.07, real=0.24 secs] 
Heap after GC invocations=8 (full 3):
 def new generation   total 157248K, used 0K [0x0000000113540000, 0x000000011dfe0000, 0x000000011dfe0000)
  eden space 139776K,   0% used [0x0000000113540000, 0x0000000113540000, 0x000000011bdc0000)
  from space 17472K,   0% used [0x000000011ced0000, 0x000000011ced0000, 0x000000011dfe0000)
  to   space 17472K,   0% used [0x000000011bdc0000, 0x000000011bdc0000, 0x000000011ced0000)
 tenured generation   total 349568K, used 327922K [0x000000011dfe0000, 0x0000000133540000, 0x0000000133540000)
   the space 349568K,  93% used [0x000000011dfe0000, 0x000000013201ca60, 0x000000013201cc00, 0x0000000133540000)
 compacting perm gen  total 21248K, used 2872K [0x0000000133540000, 0x0000000134a00000, 0x0000000138740000)
   the space 21248K,  13% used [0x0000000133540000, 0x000000013380e2f0, 0x000000013380e400, 0x0000000134a00000)
No shared spaces configured.
}
{Heap before GC invocations=8 (full 3):
 def new generation   total 157248K, used 130725K [0x0000000113540000, 0x000000011dfe0000, 0x000000011dfe0000)
  eden space 139776K,  93% used [0x0000000113540000, 0x000000011b4e9580, 0x000000011bdc0000)
  from space 17472K,   0% used [0x000000011ced0000, 0x000000011ced0000, 0x000000011dfe0000)
  to   space 17472K,   0% used [0x000000011bdc0000, 0x000000011bdc0000, 0x000000011ced0000)
 tenured generation   total 349568K, used 327922K [0x000000011dfe0000, 0x0000000133540000, 0x0000000133540000)
   the space 349568K,  93% used [0x000000011dfe0000, 0x000000013201ca60, 0x000000013201cc00, 0x0000000133540000)
 compacting perm gen  total 21248K, used 2872K [0x0000000133540000, 0x0000000134a00000, 0x0000000138740000)
   the space 21248K,  13% used [0x0000000133540000, 0x000000013380e2f0, 0x000000013380e400, 0x0000000134a00000)
No shared spaces configured.
0.940: [GC 0.941: [DefNew: 130725K->130725K(157248K), 0.0000200 secs]0.941: [Tenured: 327922K->279662K(349568K), 0.1138680 secs] 458647K->279662K(506816K), [Perm : 2872K->2870K(21248K)], 0.1139720 secs] [Times: user=0.11 sys=0.00, real=0.12 secs] 
Heap after GC invocations=9 (full 4):
 def new generation   total 157248K, used 0K [0x0000000113540000, 0x000000011dfe0000, 0x000000011dfe0000)
  eden space 139776K,   0% used [0x0000000113540000, 0x0000000113540000, 0x000000011bdc0000)
  from space 17472K,   0% used [0x000000011ced0000, 0x000000011ced0000, 0x000000011dfe0000)
  to   space 17472K,   0% used [0x000000011bdc0000, 0x000000011bdc0000, 0x000000011ced0000)
 tenured generation   total 349568K, used 279662K [0x000000011dfe0000, 0x0000000133540000, 0x0000000133540000)
   the space 349568K,  80% used [0x000000011dfe0000, 0x000000012f0fb838, 0x000000012f0fba00, 0x0000000133540000)
 compacting perm gen  total 21248K, used 2870K [0x0000000133540000, 0x0000000134a00000, 0x0000000138740000)
   the space 21248K,  13% used [0x0000000133540000, 0x000000013380daf8, 0x000000013380dc00, 0x0000000134a00000)
No shared spaces configured.
}
{Heap before GC invocations=9 (full 4):
 def new generation   total 157248K, used 136619K [0x0000000113540000, 0x000000011dfe0000, 0x000000011dfe0000)
  eden space 139776K,  97% used [0x0000000113540000, 0x000000011baaae28, 0x000000011bdc0000)
  from space 17472K,   0% used [0x000000011ced0000, 0x000000011ced0000, 0x000000011dfe0000)
  to   space 17472K,   0% used [0x000000011bdc0000, 0x000000011bdc0000, 0x000000011ced0000)
 tenured generation   total 349568K, used 279662K [0x000000011dfe0000, 0x0000000133540000, 0x0000000133540000)
   the space 349568K,  80% used [0x000000011dfe0000, 0x000000012f0fb838, 0x000000012f0fba00, 0x0000000133540000)
 compacting perm gen  total 21248K, used 2870K [0x0000000133540000, 0x0000000134a00000, 0x0000000138740000)
   the space 21248K,  13% used [0x0000000133540000, 0x000000013380daf8, 0x000000013380dc00, 0x0000000134a00000)
No shared spaces configured.
1.121: [GC 1.121: [DefNew: 136619K->136619K(157248K), 0.0000240 secs]1.121: [Tenured: 279662K->241077K(349568K), 0.0982780 secs] 416281K->241077K(506816K), [Perm : 2870K->2870K(21248K)], 0.0984140 secs] [Times: user=0.10 sys=0.00, real=0.10 secs] 
Heap after GC invocations=10 (full 5):
 def new generation   total 157248K, used 0K [0x0000000113540000, 0x000000011dfe0000, 0x000000011dfe0000)
  eden space 139776K,   0% used [0x0000000113540000, 0x0000000113540000, 0x000000011bdc0000)
  from space 17472K,   0% used [0x000000011ced0000, 0x000000011ced0000, 0x000000011dfe0000)
  to   space 17472K,   0% used [0x000000011bdc0000, 0x000000011bdc0000, 0x000000011ced0000)
 tenured generation   total 349568K, used 241077K [0x000000011dfe0000, 0x0000000133540000, 0x0000000133540000)
   the space 349568K,  68% used [0x000000011dfe0000, 0x000000012cb4d6f8, 0x000000012cb4d800, 0x0000000133540000)
 compacting perm gen  total 21248K, used 2870K [0x0000000133540000, 0x0000000134a00000, 0x0000000138740000)
   the space 21248K,  13% used [0x0000000133540000, 0x000000013380daf8, 0x000000013380dc00, 0x0000000134a00000)
No shared spaces configured.
}
{Heap before GC invocations=10 (full 5):
 def new generation   total 157248K, used 139398K [0x0000000113540000, 0x000000011dfe0000, 0x000000011dfe0000)
  eden space 139776K,  99% used [0x0000000113540000, 0x000000011bd61a10, 0x000000011bdc0000)
  from space 17472K,   0% used [0x000000011ced0000, 0x000000011ced0000, 0x000000011dfe0000)
  to   space 17472K,   0% used [0x000000011bdc0000, 0x000000011bdc0000, 0x000000011ced0000)
 tenured generation   total 349568K, used 241077K [0x000000011dfe0000, 0x0000000133540000, 0x0000000133540000)
   the space 349568K,  68% used [0x000000011dfe0000, 0x000000012cb4d6f8, 0x000000012cb4d800, 0x0000000133540000)
 compacting perm gen  total 21248K, used 2870K [0x0000000133540000, 0x0000000134a00000, 0x0000000138740000)
   the space 21248K,  13% used [0x0000000133540000, 0x000000013380daf8, 0x000000013380dc00, 0x0000000134a00000)
No shared spaces configured.
1.288: [GC 1.289: [DefNew (promotion failed) : 139398K->154644K(157248K), 0.0675810 secs]1.356: [Tenured: 340999K->339778K(349568K), 0.1023460 secs] 380476K->339778K(506816K), [Perm : 2870K->2870K(21248K)], 0.1700460 secs] [Times: user=0.16 sys=0.01, real=0.17 secs] 
Heap after GC invocations=11 (full 6):
 def new generation   total 157248K, used 0K [0x0000000113540000, 0x000000011dfe0000, 0x000000011dfe0000)
  eden space 139776K,   0% used [0x0000000113540000, 0x0000000113540000, 0x000000011bdc0000)
  from space 17472K,   0% used [0x000000011bdc0000, 0x000000011bdc0000, 0x000000011ced0000)
  to   space 17472K,   0% used [0x000000011ced0000, 0x000000011ced0000, 0x000000011dfe0000)
 tenured generation   total 349568K, used 339778K [0x000000011dfe0000, 0x0000000133540000, 0x0000000133540000)
   the space 349568K,  97% used [0x000000011dfe0000, 0x0000000132bb0800, 0x0000000132bb0800, 0x0000000133540000)
 compacting perm gen  total 21248K, used 2870K [0x0000000133540000, 0x0000000134a00000, 0x0000000138740000)
   the space 21248K,  13% used [0x0000000133540000, 0x000000013380daf8, 0x000000013380dc00, 0x0000000134a00000)
No shared spaces configured.
}
{Heap before GC invocations=11 (full 6):
 def new generation   total 157248K, used 133082K [0x0000000113540000, 0x000000011dfe0000, 0x000000011dfe0000)
  eden space 139776K,  95% used [0x0000000113540000, 0x000000011b736a98, 0x000000011bdc0000)
  from space 17472K,   0% used [0x000000011bdc0000, 0x000000011bdc0000, 0x000000011ced0000)
  to   space 17472K,   0% used [0x000000011ced0000, 0x000000011ced0000, 0x000000011dfe0000)
 tenured generation   total 349568K, used 339778K [0x000000011dfe0000, 0x0000000133540000, 0x0000000133540000)
   the space 349568K,  97% used [0x000000011dfe0000, 0x0000000132bb0800, 0x0000000132bb0800, 0x0000000133540000)
 compacting perm gen  total 21248K, used 2870K [0x0000000133540000, 0x0000000134a00000, 0x0000000138740000)
   the space 21248K,  13% used [0x0000000133540000, 0x000000013380daf8, 0x000000013380dc00, 0x0000000134a00000)
No shared spaces configured.
1.523: [GC 1.523: [DefNew: 133082K->133082K(157248K), 0.0000190 secs]1.523: [Tenured: 339778K->225219K(349568K), 0.0912480 secs] 472860K->225219K(506816K), [Perm : 2870K->2870K(21248K)], 0.0913550 secs] [Times: user=0.09 sys=0.00, real=0.09 secs] 
Heap after GC invocations=12 (full 7):
 def new generation   total 157248K, used 0K [0x0000000113540000, 0x000000011dfe0000, 0x000000011dfe0000)
  eden space 139776K,   0% used [0x0000000113540000, 0x0000000113540000, 0x000000011bdc0000)
  from space 17472K,   0% used [0x000000011bdc0000, 0x000000011bdc0000, 0x000000011ced0000)
  to   space 17472K,   0% used [0x000000011ced0000, 0x000000011ced0000, 0x000000011dfe0000)
 tenured generation   total 349568K, used 225219K [0x000000011dfe0000, 0x0000000133540000, 0x0000000133540000)
   the space 349568K,  64% used [0x000000011dfe0000, 0x000000012bbd0fa8, 0x000000012bbd1000, 0x0000000133540000)
 compacting perm gen  total 21248K, used 2870K [0x0000000133540000, 0x0000000134a00000, 0x0000000138740000)
   the space 21248K,  13% used [0x0000000133540000, 0x000000013380daf8, 0x000000013380dc00, 0x0000000134a00000)
No shared spaces configured.
}
{Heap before GC invocations=12 (full 7):
 def new generation   total 157248K, used 131672K [0x0000000113540000, 0x000000011dfe0000, 0x000000011dfe0000)
  eden space 139776K,  94% used [0x0000000113540000, 0x000000011b5d6240, 0x000000011bdc0000)
  from space 17472K,   0% used [0x000000011bdc0000, 0x000000011bdc0000, 0x000000011ced0000)
  to   space 17472K,   0% used [0x000000011ced0000, 0x000000011ced0000, 0x000000011dfe0000)
 tenured generation   total 349568K, used 225219K [0x000000011dfe0000, 0x0000000133540000, 0x0000000133540000)
   the space 349568K,  64% used [0x000000011dfe0000, 0x000000012bbd0fa8, 0x000000012bbd1000, 0x0000000133540000)
 compacting perm gen  total 21248K, used 2870K [0x0000000133540000, 0x0000000134a00000, 0x0000000138740000)
   the space 21248K,  13% used [0x0000000133540000, 0x000000013380daf8, 0x000000013380dc00, 0x0000000134a00000)
No shared spaces configured.
1.680: [GC 1.680: [DefNew
Desired survivor size 8945664 bytes, new threshold 1 (max 15)
- age   1:   11170120 bytes,   11170120 total
: 131672K->10908K(157248K), 0.0554550 secs] 356892K->354927K(506816K), 0.0555210 secs] [Times: user=0.05 sys=0.00, real=0.06 secs] 
Heap after GC invocations=13 (full 7):
 def new generation   total 157248K, used 10908K [0x0000000113540000, 0x000000011dfe0000, 0x000000011dfe0000)
  eden space 139776K,   0% used [0x0000000113540000, 0x0000000113540000, 0x000000011bdc0000)
  from space 17472K,  62% used [0x000000011ced0000, 0x000000011d977148, 0x000000011dfe0000)
  to   space 17472K,   0% used [0x000000011bdc0000, 0x000000011bdc0000, 0x000000011ced0000)
 tenured generation   total 349568K, used 344019K [0x000000011dfe0000, 0x0000000133540000, 0x0000000133540000)
   the space 349568K,  98% used [0x000000011dfe0000, 0x0000000132fd4d90, 0x0000000132fd4e00, 0x0000000133540000)
 compacting perm gen  total 21248K, used 2870K [0x0000000133540000, 0x0000000134a00000, 0x0000000138740000)
   the space 21248K,  13% used [0x0000000133540000, 0x000000013380daf8, 0x000000013380dc00, 0x0000000134a00000)
No shared spaces configured.
}
{Heap before GC invocations=13 (full 7):
 def new generation   total 157248K, used 146239K [0x0000000113540000, 0x000000011dfe0000, 0x000000011dfe0000)
  eden space 139776K,  96% used [0x0000000113540000, 0x000000011b968b30, 0x000000011bdc0000)
  from space 17472K,  62% used [0x000000011ced0000, 0x000000011d977148, 0x000000011dfe0000)
  to   space 17472K,   0% used [0x000000011bdc0000, 0x000000011bdc0000, 0x000000011ced0000)
 tenured generation   total 349568K, used 344019K [0x000000011dfe0000, 0x0000000133540000, 0x0000000133540000)
   the space 349568K,  98% used [0x000000011dfe0000, 0x0000000132fd4d90, 0x0000000132fd4e00, 0x0000000133540000)
 compacting perm gen  total 21248K, used 2870K [0x0000000133540000, 0x0000000134a00000, 0x0000000138740000)
   the space 21248K,  13% used [0x0000000133540000, 0x000000013380daf8, 0x000000013380dc00, 0x0000000134a00000)
No shared spaces configured.
1.801: [GC 1.802: [DefNew: 146239K->146239K(157248K), 0.0000180 secs]1.802: [Tenured: 344019K->295443K(349568K), 0.1184740 secs] 490258K->295443K(506816K), [Perm : 2870K->2870K(21248K)], 0.1185760 secs] [Times: user=0.12 sys=0.00, real=0.12 secs] 
Heap after GC invocations=14 (full 8):
 def new generation   total 157248K, used 0K [0x0000000113540000, 0x000000011dfe0000, 0x000000011dfe0000)
  eden space 139776K,   0% used [0x0000000113540000, 0x0000000113540000, 0x000000011bdc0000)
  from space 17472K,   0% used [0x000000011ced0000, 0x000000011ced0000, 0x000000011dfe0000)
  to   space 17472K,   0% used [0x000000011bdc0000, 0x000000011bdc0000, 0x000000011ced0000)
 tenured generation   total 349568K, used 295443K [0x000000011dfe0000, 0x0000000133540000, 0x0000000133540000)
   the space 349568K,  84% used [0x000000011dfe0000, 0x0000000130064c18, 0x0000000130064e00, 0x0000000133540000)
 compacting perm gen  total 21248K, used 2870K [0x0000000133540000, 0x0000000134a00000, 0x0000000138740000)
   the space 21248K,  13% used [0x0000000133540000, 0x000000013380daf8, 0x000000013380dc00, 0x0000000134a00000)
No shared spaces configured.
}
{Heap before GC invocations=14 (full 8):
 def new generation   total 157248K, used 139767K [0x0000000113540000, 0x000000011dfe0000, 0x000000011dfe0000)
  eden space 139776K,  99% used [0x0000000113540000, 0x000000011bdbdd00, 0x000000011bdc0000)
  from space 17472K,   0% used [0x000000011ced0000, 0x000000011ced0000, 0x000000011dfe0000)
  to   space 17472K,   0% used [0x000000011bdc0000, 0x000000011bdc0000, 0x000000011ced0000)
 tenured generation   total 349568K, used 295443K [0x000000011dfe0000, 0x0000000133540000, 0x0000000133540000)
   the space 349568K,  84% used [0x000000011dfe0000, 0x0000000130064c18, 0x0000000130064e00, 0x0000000133540000)
 compacting perm gen  total 21248K, used 2870K [0x0000000133540000, 0x0000000134a00000, 0x0000000138740000)
   the space 21248K,  13% used [0x0000000133540000, 0x000000013380daf8, 0x000000013380dc00, 0x0000000134a00000)
No shared spaces configured.
1.989: [GC 1.990: [DefNew: 139767K->139767K(157248K), 0.0000200 secs]1.990: [Tenured: 295443K->309831K(349568K), 0.0975150 secs] 435210K->309831K(506816K), [Perm : 2870K->2870K(21248K)], 0.0976150 secs] [Times: user=0.09 sys=0.00, real=0.10 secs] 
Heap after GC invocations=15 (full 9):
 def new generation   total 157248K, used 0K [0x0000000113540000, 0x000000011dfe0000, 0x000000011dfe0000)
  eden space 139776K,   0% used [0x0000000113540000, 0x0000000113540000, 0x000000011bdc0000)
  from space 17472K,   0% used [0x000000011ced0000, 0x000000011ced0000, 0x000000011dfe0000)
  to   space 17472K,   0% used [0x000000011bdc0000, 0x000000011bdc0000, 0x000000011ced0000)
 tenured generation   total 349568K, used 309831K [0x000000011dfe0000, 0x0000000133540000, 0x0000000133540000)
   the space 349568K,  88% used [0x000000011dfe0000, 0x0000000130e71fd0, 0x0000000130e72000, 0x0000000133540000)
 compacting perm gen  total 21248K, used 2870K [0x0000000133540000, 0x0000000134a00000, 0x0000000138740000)
   the space 21248K,  13% used [0x0000000133540000, 0x000000013380daf8, 0x000000013380dc00, 0x0000000134a00000)
No shared spaces configured.
}
{Heap before GC invocations=15 (full 9):
 def new generation   total 157248K, used 129236K [0x0000000113540000, 0x000000011dfe0000, 0x000000011dfe0000)
  eden space 139776K,  92% used [0x0000000113540000, 0x000000011b375100, 0x000000011bdc0000)
  from space 17472K,   0% used [0x000000011ced0000, 0x000000011ced0000, 0x000000011dfe0000)
  to   space 17472K,   0% used [0x000000011bdc0000, 0x000000011bdc0000, 0x000000011ced0000)
 tenured generation   total 349568K, used 309831K [0x000000011dfe0000, 0x0000000133540000, 0x0000000133540000)
   the space 349568K,  88% used [0x000000011dfe0000, 0x0000000130e71fd0, 0x0000000130e72000, 0x0000000133540000)
 compacting perm gen  total 21248K, used 2870K [0x0000000133540000, 0x0000000134a00000, 0x0000000138740000)
   the space 21248K,  13% used [0x0000000133540000, 0x000000013380daf8, 0x000000013380dc00, 0x0000000134a00000)
No shared spaces configured.
2.151: [GC 2.151: [DefNew: 129236K->129236K(157248K), 0.0000190 secs]2.151: [Tenured: 309831K->296448K(349568K), 0.1101340 secs] 439068K->296448K(506816K), [Perm : 2870K->2870K(21248K)], 0.1102370 secs] [Times: user=0.11 sys=0.00, real=0.11 secs] 
Heap after GC invocations=16 (full 10):
 def new generation   total 157248K, used 0K [0x0000000113540000, 0x000000011dfe0000, 0x000000011dfe0000)
  eden space 139776K,   0% used [0x0000000113540000, 0x0000000113540000, 0x000000011bdc0000)
  from space 17472K,   0% used [0x000000011ced0000, 0x000000011ced0000, 0x000000011dfe0000)
  to   space 17472K,   0% used [0x000000011bdc0000, 0x000000011bdc0000, 0x000000011ced0000)
 tenured generation   total 349568K, used 296448K [0x000000011dfe0000, 0x0000000133540000, 0x0000000133540000)
   the space 349568K,  84% used [0x000000011dfe0000, 0x0000000130160148, 0x0000000130160200, 0x0000000133540000)
 compacting perm gen  total 21248K, used 2870K [0x0000000133540000, 0x0000000134a00000, 0x0000000138740000)
   the space 21248K,  13% used [0x0000000133540000, 0x000000013380daf8, 0x000000013380dc00, 0x0000000134a00000)
No shared spaces configured.
}
{Heap before GC invocations=16 (full 10):
 def new generation   total 157248K, used 137764K [0x0000000113540000, 0x000000011dfe0000, 0x000000011dfe0000)
  eden space 139776K,  98% used [0x0000000113540000, 0x000000011bbc91f0, 0x000000011bdc0000)
  from space 17472K,   0% used [0x000000011ced0000, 0x000000011ced0000, 0x000000011dfe0000)
  to   space 17472K,   0% used [0x000000011bdc0000, 0x000000011bdc0000, 0x000000011ced0000)
 tenured generation   total 349568K, used 296448K [0x000000011dfe0000, 0x0000000133540000, 0x0000000133540000)
   the space 349568K,  84% used [0x000000011dfe0000, 0x0000000130160148, 0x0000000130160200, 0x0000000133540000)
 compacting perm gen  total 21248K, used 2870K [0x0000000133540000, 0x0000000134a00000, 0x0000000138740000)
   the space 21248K,  13% used [0x0000000133540000, 0x000000013380daf8, 0x000000013380dc00, 0x0000000134a00000)
No shared spaces configured.
2.330: [GC 2.330: [DefNew: 137764K->137764K(157248K), 0.0000180 secs]2.330: [Tenured: 296448K->258115K(349568K), 0.1046670 secs] 434212K->258115K(506816K), [Perm : 2870K->2870K(21248K)], 0.1047730 secs] [Times: user=0.10 sys=0.00, real=0.11 secs] 
Heap after GC invocations=17 (full 11):
 def new generation   total 157248K, used 0K [0x0000000113540000, 0x000000011dfe0000, 0x000000011dfe0000)
  eden space 139776K,   0% used [0x0000000113540000, 0x0000000113540000, 0x000000011bdc0000)
  from space 17472K,   0% used [0x000000011ced0000, 0x000000011ced0000, 0x000000011dfe0000)
  to   space 17472K,   0% used [0x000000011bdc0000, 0x000000011bdc0000, 0x000000011ced0000)
 tenured generation   total 349568K, used 258115K [0x000000011dfe0000, 0x0000000133540000, 0x0000000133540000)
   the space 349568K,  73% used [0x000000011dfe0000, 0x000000012dbf0d58, 0x000000012dbf0e00, 0x0000000133540000)
 compacting perm gen  total 21248K, used 2870K [0x0000000133540000, 0x0000000134a00000, 0x0000000138740000)
   the space 21248K,  13% used [0x0000000133540000, 0x000000013380daf8, 0x000000013380dc00, 0x0000000134a00000)
No shared spaces configured.
}
{Heap before GC invocations=17 (full 11):
 def new generation   total 157248K, used 133624K [0x0000000113540000, 0x000000011dfe0000, 0x000000011dfe0000)
  eden space 139776K,  95% used [0x0000000113540000, 0x000000011b7be218, 0x000000011bdc0000)
  from space 17472K,   0% used [0x000000011ced0000, 0x000000011ced0000, 0x000000011dfe0000)
  to   space 17472K,   0% used [0x000000011bdc0000, 0x000000011bdc0000, 0x000000011ced0000)
 tenured generation   total 349568K, used 258115K [0x000000011dfe0000, 0x0000000133540000, 0x0000000133540000)
   the space 349568K,  73% used [0x000000011dfe0000, 0x000000012dbf0d58, 0x000000012dbf0e00, 0x0000000133540000)
 compacting perm gen  total 21248K, used 2870K [0x0000000133540000, 0x0000000134a00000, 0x0000000138740000)
   the space 21248K,  13% used [0x0000000133540000, 0x000000013380daf8, 0x000000013380dc00, 0x0000000134a00000)
No shared spaces configured.
2.500: [GC 2.500: [DefNew: 133624K->133624K(157248K), 0.0000330 secs]2.500: [Tenured: 258115K->270079K(349568K), 0.1088170 secs] 391739K->270079K(506816K), [Perm : 2870K->2870K(21248K)], 0.1089510 secs] [Times: user=0.11 sys=0.00, real=0.11 secs] 
Heap after GC invocations=18 (full 12):
 def new generation   total 157248K, used 0K [0x0000000113540000, 0x000000011dfe0000, 0x000000011dfe0000)
  eden space 139776K,   0% used [0x0000000113540000, 0x0000000113540000, 0x000000011bdc0000)
  from space 17472K,   0% used [0x000000011ced0000, 0x000000011ced0000, 0x000000011dfe0000)
  to   space 17472K,   0% used [0x000000011bdc0000, 0x000000011bdc0000, 0x000000011ced0000)
 tenured generation   total 349568K, used 270079K [0x000000011dfe0000, 0x0000000133540000, 0x0000000133540000)
   the space 349568K,  77% used [0x000000011dfe0000, 0x000000012e79fd40, 0x000000012e79fe00, 0x0000000133540000)
 compacting perm gen  total 21248K, used 2870K [0x0000000133540000, 0x0000000134a00000, 0x0000000138740000)
   the space 21248K,  13% used [0x0000000133540000, 0x000000013380daf8, 0x000000013380dc00, 0x0000000134a00000)
No shared spaces configured.
}
{Heap before GC invocations=18 (full 12):
 def new generation   total 157248K, used 138823K [0x0000000113540000, 0x000000011dfe0000, 0x000000011dfe0000)
  eden space 139776K,  99% used [0x0000000113540000, 0x000000011bcd1eb8, 0x000000011bdc0000)
  from space 17472K,   0% used [0x000000011ced0000, 0x000000011ced0000, 0x000000011dfe0000)
  to   space 17472K,   0% used [0x000000011bdc0000, 0x000000011bdc0000, 0x000000011ced0000)
 tenured generation   total 349568K, used 270079K [0x000000011dfe0000, 0x0000000133540000, 0x0000000133540000)
   the space 349568K,  77% used [0x000000011dfe0000, 0x000000012e79fd40, 0x000000012e79fe00, 0x0000000133540000)
 compacting perm gen  total 21248K, used 2870K [0x0000000133540000, 0x0000000134a00000, 0x0000000138740000)
   the space 21248K,  13% used [0x0000000133540000, 0x000000013380daf8, 0x000000013380dc00, 0x0000000134a00000)
No shared spaces configured.
2.678: [GC 2.678: [DefNew: 138823K->138823K(157248K), 0.0000190 secs]2.678: [Tenured: 270079K->319327K(349568K), 0.1271240 secs] 408902K->319327K(506816K), [Perm : 2870K->2870K(21248K)], 0.1272310 secs] [Times: user=0.12 sys=0.00, real=0.13 secs] 
Heap after GC invocations=19 (full 13):
 def new generation   total 157248K, used 0K [0x0000000113540000, 0x000000011dfe0000, 0x000000011dfe0000)
  eden space 139776K,   0% used [0x0000000113540000, 0x0000000113540000, 0x000000011bdc0000)
  from space 17472K,   0% used [0x000000011ced0000, 0x000000011ced0000, 0x000000011dfe0000)
  to   space 17472K,   0% used [0x000000011bdc0000, 0x000000011bdc0000, 0x000000011ced0000)
 tenured generation   total 349568K, used 319327K [0x000000011dfe0000, 0x0000000133540000, 0x0000000133540000)
   the space 349568K,  91% used [0x000000011dfe0000, 0x00000001317b7cd0, 0x00000001317b7e00, 0x0000000133540000)
 compacting perm gen  total 21248K, used 2870K [0x0000000133540000, 0x0000000134a00000, 0x0000000138740000)
   the space 21248K,  13% used [0x0000000133540000, 0x000000013380daf8, 0x000000013380dc00, 0x0000000134a00000)
No shared spaces configured.
}
{Heap before GC invocations=19 (full 13):
 def new generation   total 157248K, used 137114K [0x0000000113540000, 0x000000011dfe0000, 0x000000011dfe0000)
  eden space 139776K,  98% used [0x0000000113540000, 0x000000011bb268e0, 0x000000011bdc0000)
  from space 17472K,   0% used [0x000000011ced0000, 0x000000011ced0000, 0x000000011dfe0000)
  to   space 17472K,   0% used [0x000000011bdc0000, 0x000000011bdc0000, 0x000000011ced0000)
 tenured generation   total 349568K, used 319327K [0x000000011dfe0000, 0x0000000133540000, 0x0000000133540000)
   the space 349568K,  91% used [0x000000011dfe0000, 0x00000001317b7cd0, 0x00000001317b7e00, 0x0000000133540000)
 compacting perm gen  total 21248K, used 2870K [0x0000000133540000, 0x0000000134a00000, 0x0000000138740000)
   the space 21248K,  13% used [0x0000000133540000, 0x000000013380daf8, 0x000000013380dc00, 0x0000000134a00000)
No shared spaces configured.
2.873: [GC 2.873: [DefNew: 137114K->137114K(157248K), 0.0000190 secs]2.873: [Tenured: 319327K->273511K(349568K), 0.1105280 secs] 456441K->273511K(506816K), [Perm : 2870K->2870K(21248K)], 0.1106340 secs] [Times: user=0.11 sys=0.01, real=0.11 secs] 
Heap after GC invocations=20 (full 14):
 def new generation   total 157248K, used 0K [0x0000000113540000, 0x000000011dfe0000, 0x000000011dfe0000)
  eden space 139776K,   0% used [0x0000000113540000, 0x0000000113540000, 0x000000011bdc0000)
  from space 17472K,   0% used [0x000000011ced0000, 0x000000011ced0000, 0x000000011dfe0000)
  to   space 17472K,   0% used [0x000000011bdc0000, 0x000000011bdc0000, 0x000000011ced0000)
 tenured generation   total 349568K, used 273511K [0x000000011dfe0000, 0x0000000133540000, 0x0000000133540000)
   the space 349568K,  78% used [0x000000011dfe0000, 0x000000012eaf9e68, 0x000000012eafa000, 0x0000000133540000)
 compacting perm gen  total 21248K, used 2870K [0x0000000133540000, 0x0000000134a00000, 0x0000000138740000)
   the space 21248K,  13% used [0x0000000133540000, 0x000000013380daf8, 0x000000013380dc00, 0x0000000134a00000)
No shared spaces configured.
}
{Heap before GC invocations=20 (full 14):
 def new generation   total 157248K, used 125705K [0x0000000113540000, 0x000000011dfe0000, 0x000000011dfe0000)
  eden space 139776K,  89% used [0x0000000113540000, 0x000000011b002478, 0x000000011bdc0000)
  from space 17472K,   0% used [0x000000011ced0000, 0x000000011ced0000, 0x000000011dfe0000)
  to   space 17472K,   0% used [0x000000011bdc0000, 0x000000011bdc0000, 0x000000011ced0000)
 tenured generation   total 349568K, used 273511K [0x000000011dfe0000, 0x0000000133540000, 0x0000000133540000)
   the space 349568K,  78% used [0x000000011dfe0000, 0x000000012eaf9e68, 0x000000012eafa000, 0x0000000133540000)
 compacting perm gen  total 21248K, used 2870K [0x0000000133540000, 0x0000000134a00000, 0x0000000138740000)
   the space 21248K,  13% used [0x0000000133540000, 0x000000013380daf8, 0x000000013380dc00, 0x0000000134a00000)
No shared spaces configured.
3.045: [GC 3.046: [DefNew: 125705K->125705K(157248K), 0.0000210 secs]3.046: [Tenured: 273511K->336127K(349568K), 0.0711140 secs] 399216K->336127K(506816K), [Perm : 2870K->2870K(21248K)], 0.0712210 secs] [Times: user=0.07 sys=0.00, real=0.07 secs] 
Heap after GC invocations=21 (full 15):
 def new generation   total 157248K, used 0K [0x0000000113540000, 0x000000011dfe0000, 0x000000011dfe0000)
  eden space 139776K,   0% used [0x0000000113540000, 0x0000000113540000, 0x000000011bdc0000)
  from space 17472K,   0% used [0x000000011ced0000, 0x000000011ced0000, 0x000000011dfe0000)
  to   space 17472K,   0% used [0x000000011bdc0000, 0x000000011bdc0000, 0x000000011ced0000)
 tenured generation   total 349568K, used 336127K [0x000000011dfe0000, 0x0000000133540000, 0x0000000133540000)
   the space 349568K,  96% used [0x000000011dfe0000, 0x000000013281fda0, 0x000000013281fe00, 0x0000000133540000)
 compacting perm gen  total 21248K, used 2870K [0x0000000133540000, 0x0000000134a00000, 0x0000000138740000)
   the space 21248K,  13% used [0x0000000133540000, 0x000000013380daf8, 0x000000013380dc00, 0x0000000134a00000)
No shared spaces configured.
}
{Heap before GC invocations=21 (full 15):
 def new generation   total 157248K, used 135996K [0x0000000113540000, 0x000000011dfe0000, 0x000000011dfe0000)
  eden space 139776K,  97% used [0x0000000113540000, 0x000000011ba0f158, 0x000000011bdc0000)
  from space 17472K,   0% used [0x000000011ced0000, 0x000000011ced0000, 0x000000011dfe0000)
  to   space 17472K,   0% used [0x000000011bdc0000, 0x000000011bdc0000, 0x000000011ced0000)
 tenured generation   total 349568K, used 336127K [0x000000011dfe0000, 0x0000000133540000, 0x0000000133540000)
   the space 349568K,  96% used [0x000000011dfe0000, 0x000000013281fda0, 0x000000013281fe00, 0x0000000133540000)
 compacting perm gen  total 21248K, used 2870K [0x0000000133540000, 0x0000000134a00000, 0x0000000138740000)
   the space 21248K,  13% used [0x0000000133540000, 0x000000013380daf8, 0x000000013380dc00, 0x0000000134a00000)
No shared spaces configured.
3.185: [GC 3.185: [DefNew: 135996K->135996K(157248K), 0.0000190 secs]3.185: [Tenured: 336127K->236248K(349568K), 0.0961650 secs] 472123K->236248K(506816K), [Perm : 2870K->2870K(21248K)], 0.0962690 secs] [Times: user=0.09 sys=0.00, real=0.09 secs] 
Heap after GC invocations=22 (full 16):
 def new generation   total 157248K, used 0K [0x0000000113540000, 0x000000011dfe0000, 0x000000011dfe0000)
  eden space 139776K,   0% used [0x0000000113540000, 0x0000000113540000, 0x000000011bdc0000)
  from space 17472K,   0% used [0x000000011ced0000, 0x000000011ced0000, 0x000000011dfe0000)
  to   space 17472K,   0% used [0x000000011bdc0000, 0x000000011bdc0000, 0x000000011ced0000)
 tenured generation   total 349568K, used 236248K [0x000000011dfe0000, 0x0000000133540000, 0x0000000133540000)
   the space 349568K,  67% used [0x000000011dfe0000, 0x000000012c696398, 0x000000012c696400, 0x0000000133540000)
 compacting perm gen  total 21248K, used 2870K [0x0000000133540000, 0x0000000134a00000, 0x0000000138740000)
   the space 21248K,  13% used [0x0000000133540000, 0x000000013380daf8, 0x000000013380dc00, 0x0000000134a00000)
No shared spaces configured.
}
{Heap before GC invocations=22 (full 16):
 def new generation   total 157248K, used 137953K [0x0000000113540000, 0x000000011dfe0000, 0x000000011dfe0000)
  eden space 139776K,  98% used [0x0000000113540000, 0x000000011bbf85c8, 0x000000011bdc0000)
  from space 17472K,   0% used [0x000000011ced0000, 0x000000011ced0000, 0x000000011dfe0000)
  to   space 17472K,   0% used [0x000000011bdc0000, 0x000000011bdc0000, 0x000000011ced0000)
 tenured generation   total 349568K, used 236248K [0x000000011dfe0000, 0x0000000133540000, 0x0000000133540000)
   the space 349568K,  67% used [0x000000011dfe0000, 0x000000012c696398, 0x000000012c696400, 0x0000000133540000)
 compacting perm gen  total 21248K, used 2870K [0x0000000133540000, 0x0000000134a00000, 0x0000000138740000)
   the space 21248K,  13% used [0x0000000133540000, 0x000000013380daf8, 0x000000013380dc00, 0x0000000134a00000)
No shared spaces configured.
3.351: [GC 3.351: [DefNew (promotion failed) : 137953K->149968K(157248K), 0.0474140 secs]3.398: [Tenured: 341164K->274938K(349568K), 0.1111230 secs] 374202K->274938K(506816K), [Perm : 2870K->2870K(21248K)], 0.1586530 secs] [Times: user=0.16 sys=0.00, real=0.16 secs] 
Heap after GC invocations=23 (full 17):
 def new generation   total 157248K, used 0K [0x0000000113540000, 0x000000011dfe0000, 0x000000011dfe0000)
  eden space 139776K,   0% used [0x0000000113540000, 0x0000000113540000, 0x000000011bdc0000)
  from space 17472K,   0% used [0x000000011bdc0000, 0x000000011bdc0000, 0x000000011ced0000)
  to   space 17472K,   0% used [0x000000011ced0000, 0x000000011ced0000, 0x000000011dfe0000)
 tenured generation   total 349568K, used 274938K [0x000000011dfe0000, 0x0000000133540000, 0x0000000133540000)
   the space 349568K,  78% used [0x000000011dfe0000, 0x000000012ec5ea80, 0x000000012ec5ec00, 0x0000000133540000)
 compacting perm gen  total 21248K, used 2870K [0x0000000133540000, 0x0000000134a00000, 0x0000000138740000)
   the space 21248K,  13% used [0x0000000133540000, 0x000000013380daf8, 0x000000013380dc00, 0x0000000134a00000)
No shared spaces configured.
}
{Heap before GC invocations=23 (full 17):
 def new generation   total 157248K, used 130213K [0x0000000113540000, 0x000000011dfe0000, 0x000000011dfe0000)
  eden space 139776K,  93% used [0x0000000113540000, 0x000000011b469708, 0x000000011bdc0000)
  from space 17472K,   0% used [0x000000011bdc0000, 0x000000011bdc0000, 0x000000011ced0000)
  to   space 17472K,   0% used [0x000000011ced0000, 0x000000011ced0000, 0x000000011dfe0000)
 tenured generation   total 349568K, used 274938K [0x000000011dfe0000, 0x0000000133540000, 0x0000000133540000)
   the space 349568K,  78% used [0x000000011dfe0000, 0x000000012ec5ea80, 0x000000012ec5ec00, 0x0000000133540000)
 compacting perm gen  total 21248K, used 2870K [0x0000000133540000, 0x0000000134a00000, 0x0000000138740000)
   the space 21248K,  13% used [0x0000000133540000, 0x000000013380daf8, 0x000000013380dc00, 0x0000000134a00000)
No shared spaces configured.
3.574: [GC 3.574: [DefNew: 130213K->130213K(157248K), 0.0000180 secs]3.574: [Tenured: 274938K->270534K(349568K), 0.1090630 secs] 405152K->270534K(506816K), [Perm : 2870K->2870K(21248K)], 0.1091630 secs] [Times: user=0.11 sys=0.00, real=0.11 secs] 
Heap after GC invocations=24 (full 18):
 def new generation   total 157248K, used 0K [0x0000000113540000, 0x000000011dfe0000, 0x000000011dfe0000)
  eden space 139776K,   0% used [0x0000000113540000, 0x0000000113540000, 0x000000011bdc0000)
  from space 17472K,   0% used [0x000000011bdc0000, 0x000000011bdc0000, 0x000000011ced0000)
  to   space 17472K,   0% used [0x000000011ced0000, 0x000000011ced0000, 0x000000011dfe0000)
 tenured generation   total 349568K, used 270534K [0x000000011dfe0000, 0x0000000133540000, 0x0000000133540000)
   the space 349568K,  77% used [0x000000011dfe0000, 0x000000012e811978, 0x000000012e811a00, 0x0000000133540000)
 compacting perm gen  total 21248K, used 2870K [0x0000000133540000, 0x0000000134a00000, 0x0000000138740000)
   the space 21248K,  13% used [0x0000000133540000, 0x000000013380daf8, 0x000000013380dc00, 0x0000000134a00000)
No shared spaces configured.
}
{Heap before GC invocations=24 (full 18):
 def new generation   total 157248K, used 135585K [0x0000000113540000, 0x000000011dfe0000, 0x000000011dfe0000)
  eden space 139776K,  97% used [0x0000000113540000, 0x000000011b9a8638, 0x000000011bdc0000)
  from space 17472K,   0% used [0x000000011bdc0000, 0x000000011bdc0000, 0x000000011ced0000)
  to   space 17472K,   0% used [0x000000011ced0000, 0x000000011ced0000, 0x000000011dfe0000)
 tenured generation   total 349568K, used 270534K [0x000000011dfe0000, 0x0000000133540000, 0x0000000133540000)
   the space 349568K,  77% used [0x000000011dfe0000, 0x000000012e811978, 0x000000012e811a00, 0x0000000133540000)
 compacting perm gen  total 21248K, used 2870K [0x0000000133540000, 0x0000000134a00000, 0x0000000138740000)
   the space 21248K,  13% used [0x0000000133540000, 0x000000013380daf8, 0x000000013380dc00, 0x0000000134a00000)
No shared spaces configured.
3.751: [GC 3.751: [DefNew: 135585K->135585K(157248K), 0.0000180 secs]3.751: [Tenured: 270534K->285554K(349568K), 0.1151740 secs] 406119K->285554K(506816K), [Perm : 2870K->2870K(21248K)], 0.1152740 secs] [Times: user=0.12 sys=0.00, real=0.12 secs] 
Heap after GC invocations=25 (full 19):
 def new generation   total 157248K, used 0K [0x0000000113540000, 0x000000011dfe0000, 0x000000011dfe0000)
  eden space 139776K,   0% used [0x0000000113540000, 0x0000000113540000, 0x000000011bdc0000)
  from space 17472K,   0% used [0x000000011bdc0000, 0x000000011bdc0000, 0x000000011ced0000)
  to   space 17472K,   0% used [0x000000011ced0000, 0x000000011ced0000, 0x000000011dfe0000)
 tenured generation   total 349568K, used 285554K [0x000000011dfe0000, 0x0000000133540000, 0x0000000133540000)
   the space 349568K,  81% used [0x000000011dfe0000, 0x000000012f6bcb90, 0x000000012f6bcc00, 0x0000000133540000)
 compacting perm gen  total 21248K, used 2870K [0x0000000133540000, 0x0000000134a00000, 0x0000000138740000)
   the space 21248K,  13% used [0x0000000133540000, 0x000000013380daf8, 0x000000013380dc00, 0x0000000134a00000)
No shared spaces configured.
}
{Heap before GC invocations=25 (full 19):
 def new generation   total 157248K, used 126397K [0x0000000113540000, 0x000000011dfe0000, 0x000000011dfe0000)
  eden space 139776K,  90% used [0x0000000113540000, 0x000000011b0af6a0, 0x000000011bdc0000)
  from space 17472K,   0% used [0x000000011bdc0000, 0x000000011bdc0000, 0x000000011ced0000)
  to   space 17472K,   0% used [0x000000011ced0000, 0x000000011ced0000, 0x000000011dfe0000)
 tenured generation   total 349568K, used 285554K [0x000000011dfe0000, 0x0000000133540000, 0x0000000133540000)
   the space 349568K,  81% used [0x000000011dfe0000, 0x000000012f6bcb90, 0x000000012f6bcc00, 0x0000000133540000)
 compacting perm gen  total 21248K, used 2870K [0x0000000133540000, 0x0000000134a00000, 0x0000000138740000)
   the space 21248K,  13% used [0x0000000133540000, 0x000000013380daf8, 0x000000013380dc00, 0x0000000134a00000)
No shared spaces configured.
3.929: [GC 3.929: [DefNew: 126397K->126397K(157248K), 0.0000190 secs]3.929: [Tenured: 285554K->281853K(349568K), 0.1137980 secs] 411952K->281853K(506816K), [Perm : 2870K->2870K(21248K)], 0.1139020 secs] [Times: user=0.12 sys=0.00, real=0.12 secs] 
Heap after GC invocations=26 (full 20):
 def new generation   total 157248K, used 0K [0x0000000113540000, 0x000000011dfe0000, 0x000000011dfe0000)
  eden space 139776K,   0% used [0x0000000113540000, 0x0000000113540000, 0x000000011bdc0000)
  from space 17472K,   0% used [0x000000011bdc0000, 0x000000011bdc0000, 0x000000011ced0000)
  to   space 17472K,   0% used [0x000000011ced0000, 0x000000011ced0000, 0x000000011dfe0000)
 tenured generation   total 349568K, used 281853K [0x000000011dfe0000, 0x0000000133540000, 0x0000000133540000)
   the space 349568K,  80% used [0x000000011dfe0000, 0x000000012f31f4b0, 0x000000012f31f600, 0x0000000133540000)
 compacting perm gen  total 21248K, used 2870K [0x0000000133540000, 0x0000000134a00000, 0x0000000138740000)
   the space 21248K,  13% used [0x0000000133540000, 0x000000013380daf8, 0x000000013380dc00, 0x0000000134a00000)
No shared spaces configured.
}
{Heap before GC invocations=26 (full 20):
 def new generation   total 157248K, used 139083K [0x0000000113540000, 0x000000011dfe0000, 0x000000011dfe0000)
  eden space 139776K,  99% used [0x0000000113540000, 0x000000011bd12e10, 0x000000011bdc0000)
  from space 17472K,   0% used [0x000000011bdc0000, 0x000000011bdc0000, 0x000000011ced0000)
  to   space 17472K,   0% used [0x000000011ced0000, 0x000000011ced0000, 0x000000011dfe0000)
 tenured generation   total 349568K, used 281853K [0x000000011dfe0000, 0x0000000133540000, 0x0000000133540000)
   the space 349568K,  80% used [0x000000011dfe0000, 0x000000012f31f4b0, 0x000000012f31f600, 0x0000000133540000)
 compacting perm gen  total 21248K, used 2870K [0x0000000133540000, 0x0000000134a00000, 0x0000000138740000)
   the space 21248K,  13% used [0x0000000133540000, 0x000000013380daf8, 0x000000013380dc00, 0x0000000134a00000)
No shared spaces configured.
4.112: [GC 4.112: [DefNew: 139083K->139083K(157248K), 0.0000190 secs]4.112: [Tenured: 281853K->238147K(349568K), 0.0986480 secs] 420936K->238147K(506816K), [Perm : 2870K->2870K(21248K)], 0.0987500 secs] [Times: user=0.10 sys=0.00, real=0.09 secs] 
Heap after GC invocations=27 (full 21):
 def new generation   total 157248K, used 0K [0x0000000113540000, 0x000000011dfe0000, 0x000000011dfe0000)
  eden space 139776K,   0% used [0x0000000113540000, 0x0000000113540000, 0x000000011bdc0000)
  from space 17472K,   0% used [0x000000011bdc0000, 0x000000011bdc0000, 0x000000011ced0000)
  to   space 17472K,   0% used [0x000000011ced0000, 0x000000011ced0000, 0x000000011dfe0000)
 tenured generation   total 349568K, used 238147K [0x000000011dfe0000, 0x0000000133540000, 0x0000000133540000)
   the space 349568K,  68% used [0x000000011dfe0000, 0x000000012c870f50, 0x000000012c871000, 0x0000000133540000)
 compacting perm gen  total 21248K, used 2870K [0x0000000133540000, 0x0000000134a00000, 0x0000000138740000)
   the space 21248K,  13% used [0x0000000133540000, 0x000000013380daf8, 0x000000013380dc00, 0x0000000134a00000)
No shared spaces configured.
}
{Heap before GC invocations=27 (full 21):
 def new generation   total 157248K, used 139776K [0x0000000113540000, 0x000000011dfe0000, 0x000000011dfe0000)
  eden space 139776K, 100% used [0x0000000113540000, 0x000000011bdc0000, 0x000000011bdc0000)
  from space 17472K,   0% used [0x000000011bdc0000, 0x000000011bdc0000, 0x000000011ced0000)
  to   space 17472K,   0% used [0x000000011ced0000, 0x000000011ced0000, 0x000000011dfe0000)
 tenured generation   total 349568K, used 238147K [0x000000011dfe0000, 0x0000000133540000, 0x0000000133540000)
   the space 349568K,  68% used [0x000000011dfe0000, 0x000000012c870f50, 0x000000012c871000, 0x0000000133540000)
 compacting perm gen  total 21248K, used 2870K [0x0000000133540000, 0x0000000134a00000, 0x0000000138740000)
   the space 21248K,  13% used [0x0000000133540000, 0x000000013380daf8, 0x000000013380dc00, 0x0000000134a00000)
No shared spaces configured.
4.282: [GC 4.282: [DefNew (promotion failed) : 139776K->151790K(157248K), 0.0507140 secs]4.332: [Tenured: 345326K->229331K(349568K), 0.0928940 secs] 377923K->229331K(506816K), [Perm : 2870K->2870K(21248K)], 0.1437150 secs] [Times: user=0.14 sys=0.00, real=0.15 secs] 
Heap after GC invocations=28 (full 22):
 def new generation   total 157248K, used 0K [0x0000000113540000, 0x000000011dfe0000, 0x000000011dfe0000)
  eden space 139776K,   0% used [0x0000000113540000, 0x0000000113540000, 0x000000011bdc0000)
  from space 17472K,   0% used [0x000000011ced0000, 0x000000011ced0000, 0x000000011dfe0000)
  to   space 17472K,   0% used [0x000000011bdc0000, 0x000000011bdc0000, 0x000000011ced0000)
 tenured generation   total 349568K, used 229331K [0x000000011dfe0000, 0x0000000133540000, 0x0000000133540000)
   the space 349568K,  65% used [0x000000011dfe0000, 0x000000012bfd4e00, 0x000000012bfd4e00, 0x0000000133540000)
 compacting perm gen  total 21248K, used 2870K [0x0000000133540000, 0x0000000134a00000, 0x0000000138740000)
   the space 21248K,  13% used [0x0000000133540000, 0x000000013380daf8, 0x000000013380dc00, 0x0000000134a00000)
No shared spaces configured.
}
{Heap before GC invocations=28 (full 22):
 def new generation   total 157248K, used 135992K [0x0000000113540000, 0x000000011dfe0000, 0x000000011dfe0000)
  eden space 139776K,  97% used [0x0000000113540000, 0x000000011ba0e1b8, 0x000000011bdc0000)
  from space 17472K,   0% used [0x000000011ced0000, 0x000000011ced0000, 0x000000011dfe0000)
  to   space 17472K,   0% used [0x000000011bdc0000, 0x000000011bdc0000, 0x000000011ced0000)
 tenured generation   total 349568K, used 229331K [0x000000011dfe0000, 0x0000000133540000, 0x0000000133540000)
   the space 349568K,  65% used [0x000000011dfe0000, 0x000000012bfd4e00, 0x000000012bfd4e00, 0x0000000133540000)
 compacting perm gen  total 21248K, used 2870K [0x0000000133540000, 0x0000000134a00000, 0x0000000138740000)
   the space 21248K,  13% used [0x0000000133540000, 0x000000013380daf8, 0x000000013380dc00, 0x0000000134a00000)
No shared spaces configured.
4.493: [GC 4.493: [DefNew: 135992K->135992K(157248K), 0.0000180 secs]4.493: [Tenured: 229331K->280322K(349568K), 0.1188440 secs] 365323K->280322K(506816K), [Perm : 2870K->2870K(21248K)], 0.1189480 secs] [Times: user=0.12 sys=0.00, real=0.12 secs] 
Heap after GC invocations=29 (full 23):
 def new generation   total 157248K, used 0K [0x0000000113540000, 0x000000011dfe0000, 0x000000011dfe0000)
  eden space 139776K,   0% used [0x0000000113540000, 0x0000000113540000, 0x000000011bdc0000)
  from space 17472K,   0% used [0x000000011ced0000, 0x000000011ced0000, 0x000000011dfe0000)
  to   space 17472K,   0% used [0x000000011bdc0000, 0x000000011bdc0000, 0x000000011ced0000)
 tenured generation   total 349568K, used 280322K [0x000000011dfe0000, 0x0000000133540000, 0x0000000133540000)
   the space 349568K,  80% used [0x000000011dfe0000, 0x000000012f1a0908, 0x000000012f1a0a00, 0x0000000133540000)
 compacting perm gen  total 21248K, used 2870K [0x0000000133540000, 0x0000000134a00000, 0x0000000138740000)
   the space 21248K,  13% used [0x0000000133540000, 0x000000013380daf8, 0x000000013380dc00, 0x0000000134a00000)
No shared spaces configured.
}
{Heap before GC invocations=29 (full 23):
 def new generation   total 157248K, used 138713K [0x0000000113540000, 0x000000011dfe0000, 0x000000011dfe0000)
  eden space 139776K,  99% used [0x0000000113540000, 0x000000011bcb67b0, 0x000000011bdc0000)
  from space 17472K,   0% used [0x000000011ced0000, 0x000000011ced0000, 0x000000011dfe0000)
  to   space 17472K,   0% used [0x000000011bdc0000, 0x000000011bdc0000, 0x000000011ced0000)
 tenured generation   total 349568K, used 280322K [0x000000011dfe0000, 0x0000000133540000, 0x0000000133540000)
   the space 349568K,  80% used [0x000000011dfe0000, 0x000000012f1a0908, 0x000000012f1a0a00, 0x0000000133540000)
 compacting perm gen  total 21248K, used 2870K [0x0000000133540000, 0x0000000134a00000, 0x0000000138740000)
   the space 21248K,  13% used [0x0000000133540000, 0x000000013380daf8, 0x000000013380dc00, 0x0000000134a00000)
No shared spaces configured.
4.681: [GC 4.681: [DefNew: 138713K->138713K(157248K), 0.0000190 secs]4.681: [Tenured: 280322K->243130K(349568K), 0.0987510 secs] 419036K->243130K(506816K), [Perm : 2870K->2870K(21248K)], 0.0988590 secs] [Times: user=0.10 sys=0.00, real=0.10 secs] 
Heap after GC invocations=30 (full 24):
 def new generation   total 157248K, used 0K [0x0000000113540000, 0x000000011dfe0000, 0x000000011dfe0000)
  eden space 139776K,   0% used [0x0000000113540000, 0x0000000113540000, 0x000000011bdc0000)
  from space 17472K,   0% used [0x000000011ced0000, 0x000000011ced0000, 0x000000011dfe0000)
  to   space 17472K,   0% used [0x000000011bdc0000, 0x000000011bdc0000, 0x000000011ced0000)
 tenured generation   total 349568K, used 243130K [0x000000011dfe0000, 0x0000000133540000, 0x0000000133540000)
   the space 349568K,  69% used [0x000000011dfe0000, 0x000000012cd4eb68, 0x000000012cd4ec00, 0x0000000133540000)
 compacting perm gen  total 21248K, used 2870K [0x0000000133540000, 0x0000000134a00000, 0x0000000138740000)
   the space 21248K,  13% used [0x0000000133540000, 0x000000013380daf8, 0x000000013380dc00, 0x0000000134a00000)
No shared spaces configured.
}
{Heap before GC invocations=30 (full 24):
 def new generation   total 157248K, used 134835K [0x0000000113540000, 0x000000011dfe0000, 0x000000011dfe0000)
  eden space 139776K,  96% used [0x0000000113540000, 0x000000011b8ece48, 0x000000011bdc0000)
  from space 17472K,   0% used [0x000000011ced0000, 0x000000011ced0000, 0x000000011dfe0000)
  to   space 17472K,   0% used [0x000000011bdc0000, 0x000000011bdc0000, 0x000000011ced0000)
 tenured generation   total 349568K, used 243130K [0x000000011dfe0000, 0x0000000133540000, 0x0000000133540000)
   the space 349568K,  69% used [0x000000011dfe0000, 0x000000012cd4eb68, 0x000000012cd4ec00, 0x0000000133540000)
 compacting perm gen  total 21248K, used 2870K [0x0000000133540000, 0x0000000134a00000, 0x0000000138740000)
   the space 21248K,  13% used [0x0000000133540000, 0x000000013380daf8, 0x000000013380dc00, 0x0000000134a00000)
No shared spaces configured.
4.848: [GC 4.848: [DefNew: 134835K->134835K(157248K), 0.0000190 secs]4.848: [Tenured: 243130K->277783K(349568K), 0.0998520 secs] 377966K->277783K(506816K), [Perm : 2870K->2870K(21248K)], 0.0999680 secs] [Times: user=0.10 sys=0.00, real=0.10 secs] 
Heap after GC invocations=31 (full 25):
 def new generation   total 157248K, used 0K [0x0000000113540000, 0x000000011dfe0000, 0x000000011dfe0000)
  eden space 139776K,   0% used [0x0000000113540000, 0x0000000113540000, 0x000000011bdc0000)
  from space 17472K,   0% used [0x000000011ced0000, 0x000000011ced0000, 0x000000011dfe0000)
  to   space 17472K,   0% used [0x000000011bdc0000, 0x000000011bdc0000, 0x000000011ced0000)
 tenured generation   total 349568K, used 277783K [0x000000011dfe0000, 0x0000000133540000, 0x0000000133540000)
   the space 349568K,  79% used [0x000000011dfe0000, 0x000000012ef25f50, 0x000000012ef26000, 0x0000000133540000)
 compacting perm gen  total 21248K, used 2870K [0x0000000133540000, 0x0000000134a00000, 0x0000000138740000)
   the space 21248K,  13% used [0x0000000133540000, 0x000000013380daf8, 0x000000013380dc00, 0x0000000134a00000)
No shared spaces configured.
}
{Heap before GC invocations=31 (full 25):
 def new generation   total 157248K, used 138799K [0x0000000113540000, 0x000000011dfe0000, 0x000000011dfe0000)
  eden space 139776K,  99% used [0x0000000113540000, 0x000000011bccbe68, 0x000000011bdc0000)
  from space 17472K,   0% used [0x000000011ced0000, 0x000000011ced0000, 0x000000011dfe0000)
  to   space 17472K,   0% used [0x000000011bdc0000, 0x000000011bdc0000, 0x000000011ced0000)
 tenured generation   total 349568K, used 277783K [0x000000011dfe0000, 0x0000000133540000, 0x0000000133540000)
   the space 349568K,  79% used [0x000000011dfe0000, 0x000000012ef25f50, 0x000000012ef26000, 0x0000000133540000)
 compacting perm gen  total 21248K, used 2870K [0x0000000133540000, 0x0000000134a00000, 0x0000000138740000)
   the space 21248K,  13% used [0x0000000133540000, 0x000000013380daf8, 0x000000013380dc00, 0x0000000134a00000)
No shared spaces configured.
5.017: [GC 5.018: [DefNew: 138799K->138799K(157248K), 0.0000180 secs]5.018: [Tenured: 277783K->317359K(349568K), 0.1141530 secs] 416583K->317359K(506816K), [Perm : 2870K->2870K(21248K)], 0.1142540 secs] [Times: user=0.12 sys=0.00, real=0.12 secs] 
Heap after GC invocations=32 (full 26):
 def new generation   total 157248K, used 0K [0x0000000113540000, 0x000000011dfe0000, 0x000000011dfe0000)
  eden space 139776K,   0% used [0x0000000113540000, 0x0000000113540000, 0x000000011bdc0000)
  from space 17472K,   0% used [0x000000011ced0000, 0x000000011ced0000, 0x000000011dfe0000)
  to   space 17472K,   0% used [0x000000011bdc0000, 0x000000011bdc0000, 0x000000011ced0000)
 tenured generation   total 349568K, used 317359K [0x000000011dfe0000, 0x0000000133540000, 0x0000000133540000)
   the space 349568K,  90% used [0x000000011dfe0000, 0x00000001315cbd88, 0x00000001315cbe00, 0x0000000133540000)
 compacting perm gen  total 21248K, used 2870K [0x0000000133540000, 0x0000000134a00000, 0x0000000138740000)
   the space 21248K,  13% used [0x0000000133540000, 0x000000013380daf8, 0x000000013380dc00, 0x0000000134a00000)
No shared spaces configured.
}
{Heap before GC invocations=32 (full 26):
 def new generation   total 157248K, used 133932K [0x0000000113540000, 0x000000011dfe0000, 0x000000011dfe0000)
  eden space 139776K,  95% used [0x0000000113540000, 0x000000011b80b0a0, 0x000000011bdc0000)
  from space 17472K,   0% used [0x000000011ced0000, 0x000000011ced0000, 0x000000011dfe0000)
  to   space 17472K,   0% used [0x000000011bdc0000, 0x000000011bdc0000, 0x000000011ced0000)
 tenured generation   total 349568K, used 317359K [0x000000011dfe0000, 0x0000000133540000, 0x0000000133540000)
   the space 349568K,  90% used [0x000000011dfe0000, 0x00000001315cbd88, 0x00000001315cbe00, 0x0000000133540000)
 compacting perm gen  total 21248K, used 2870K [0x0000000133540000, 0x0000000134a00000, 0x0000000138740000)
   the space 21248K,  13% used [0x0000000133540000, 0x000000013380daf8, 0x000000013380dc00, 0x0000000134a00000)
No shared spaces configured.
5.199: [GC 5.199: [DefNew: 133932K->133932K(157248K), 0.0000190 secs]5.199: [Tenured: 317359K->349513K(349568K), 0.1357850 secs] 451291K->364472K(506816K), [Perm : 2870K->2870K(21248K)], 0.1358890 secs] [Times: user=0.13 sys=0.00, real=0.14 secs] 
Heap after GC invocations=33 (full 27):
 def new generation   total 157248K, used 14958K [0x0000000113540000, 0x000000011dfe0000, 0x000000011dfe0000)
  eden space 139776K,  10% used [0x0000000113540000, 0x00000001143dba18, 0x000000011bdc0000)
  from space 17472K,   0% used [0x000000011ced0000, 0x000000011ced0000, 0x000000011dfe0000)
  to   space 17472K,   0% used [0x000000011bdc0000, 0x000000011bdc0000, 0x000000011ced0000)
 tenured generation   total 349568K, used 349513K [0x000000011dfe0000, 0x0000000133540000, 0x0000000133540000)
   the space 349568K,  99% used [0x000000011dfe0000, 0x0000000133532730, 0x0000000133532800, 0x0000000133540000)
 compacting perm gen  total 21248K, used 2870K [0x0000000133540000, 0x0000000134a00000, 0x0000000138740000)
   the space 21248K,  13% used [0x0000000133540000, 0x000000013380daf8, 0x000000013380dc00, 0x0000000134a00000)
No shared spaces configured.
}
{Heap before GC invocations=33 (full 27):
 def new generation   total 157248K, used 147299K [0x0000000113540000, 0x000000011dfe0000, 0x000000011dfe0000)
  eden space 139776K,  94% used [0x0000000113540000, 0x000000011b6b4590, 0x000000011bdc0000)
  from space 17472K,  84% used [0x000000011ced0000, 0x000000011dd34738, 0x000000011dfe0000)
  to   space 17472K,   0% used [0x000000011bdc0000, 0x000000011bdc0000, 0x000000011ced0000)
 tenured generation   total 349568K, used 349513K [0x000000011dfe0000, 0x0000000133540000, 0x0000000133540000)
   the space 349568K,  99% used [0x000000011dfe0000, 0x0000000133532730, 0x0000000133532800, 0x0000000133540000)
 compacting perm gen  total 21248K, used 2870K [0x0000000133540000, 0x0000000134a00000, 0x0000000138740000)
   the space 21248K,  13% used [0x0000000133540000, 0x000000013380daf8, 0x000000013380dc00, 0x0000000134a00000)
No shared spaces configured.
5.402: [Full GC 5.402: [Tenured: 349513K->263789K(349568K), 0.1070610 secs] 496812K->263789K(506816K), [Perm : 2870K->2870K(21248K)], 0.1071350 secs] [Times: user=0.11 sys=0.01, real=0.10 secs] 
Heap after GC invocations=34 (full 28):
 def new generation   total 157248K, used 0K [0x0000000113540000, 0x000000011dfe0000, 0x000000011dfe0000)
  eden space 139776K,   0% used [0x0000000113540000, 0x0000000113540000, 0x000000011bdc0000)
  from space 17472K,   0% used [0x000000011ced0000, 0x000000011ced0000, 0x000000011dfe0000)
  to   space 17472K,   0% used [0x000000011bdc0000, 0x000000011bdc0000, 0x000000011ced0000)
 tenured generation   total 349568K, used 263789K [0x000000011dfe0000, 0x0000000133540000, 0x0000000133540000)
   the space 349568K,  75% used [0x000000011dfe0000, 0x000000012e17b560, 0x000000012e17b600, 0x0000000133540000)
 compacting perm gen  total 21248K, used 2870K [0x0000000133540000, 0x0000000134a00000, 0x0000000138740000)
   the space 21248K,  13% used [0x0000000133540000, 0x000000013380daf8, 0x000000013380dc00, 0x0000000134a00000)
No shared spaces configured.
}
{Heap before GC invocations=34 (full 28):
 def new generation   total 157248K, used 138038K [0x0000000113540000, 0x000000011dfe0000, 0x000000011dfe0000)
  eden space 139776K,  98% used [0x0000000113540000, 0x000000011bc0d940, 0x000000011bdc0000)
  from space 17472K,   0% used [0x000000011ced0000, 0x000000011ced0000, 0x000000011dfe0000)
  to   space 17472K,   0% used [0x000000011bdc0000, 0x000000011bdc0000, 0x000000011ced0000)
 tenured generation   total 349568K, used 263789K [0x000000011dfe0000, 0x0000000133540000, 0x0000000133540000)
   the space 349568K,  75% used [0x000000011dfe0000, 0x000000012e17b560, 0x000000012e17b600, 0x0000000133540000)
 compacting perm gen  total 21248K, used 2870K [0x0000000133540000, 0x0000000134a00000, 0x0000000138740000)
   the space 21248K,  13% used [0x0000000133540000, 0x000000013380daf8, 0x000000013380dc00, 0x0000000134a00000)
No shared spaces configured.
5.578: [GC 5.578: [DefNew: 138038K->138038K(157248K), 0.0000240 secs]5.578: [Tenured: 263789K->196547K(349568K), 0.0806780 secs] 401827K->196547K(506816K), [Perm : 2870K->2870K(21248K)], 0.0808020 secs] [Times: user=0.08 sys=0.00, real=0.08 secs] 
Heap after GC invocations=35 (full 29):
 def new generation   total 157248K, used 0K [0x0000000113540000, 0x000000011dfe0000, 0x000000011dfe0000)
  eden space 139776K,   0% used [0x0000000113540000, 0x0000000113540000, 0x000000011bdc0000)
  from space 17472K,   0% used [0x000000011ced0000, 0x000000011ced0000, 0x000000011dfe0000)
  to   space 17472K,   0% used [0x000000011bdc0000, 0x000000011bdc0000, 0x000000011ced0000)
 tenured generation   total 349568K, used 196547K [0x000000011dfe0000, 0x0000000133540000, 0x0000000133540000)
   the space 349568K,  56% used [0x000000011dfe0000, 0x0000000129fd0cb0, 0x0000000129fd0e00, 0x0000000133540000)
 compacting perm gen  total 21248K, used 2870K [0x0000000133540000, 0x0000000134a00000, 0x0000000138740000)
   the space 21248K,  13% used [0x0000000133540000, 0x000000013380daf8, 0x000000013380dc00, 0x0000000134a00000)
No shared spaces configured.
}
{Heap before GC invocations=35 (full 29):
 def new generation   total 157248K, used 129181K [0x0000000113540000, 0x000000011dfe0000, 0x000000011dfe0000)
  eden space 139776K,  92% used [0x0000000113540000, 0x000000011b367540, 0x000000011bdc0000)
  from space 17472K,   0% used [0x000000011ced0000, 0x000000011ced0000, 0x000000011dfe0000)
  to   space 17472K,   0% used [0x000000011bdc0000, 0x000000011bdc0000, 0x000000011ced0000)
 tenured generation   total 349568K, used 196547K [0x000000011dfe0000, 0x0000000133540000, 0x0000000133540000)
   the space 349568K,  56% used [0x000000011dfe0000, 0x0000000129fd0cb0, 0x0000000129fd0e00, 0x0000000133540000)
 compacting perm gen  total 21248K, used 2870K [0x0000000133540000, 0x0000000134a00000, 0x0000000138740000)
   the space 21248K,  13% used [0x0000000133540000, 0x000000013380daf8, 0x000000013380dc00, 0x0000000134a00000)
No shared spaces configured.
5.724: [GC 5.724: [DefNew
Desired survivor size 8945664 bytes, new threshold 1 (max 15)
- age   1:   17064288 bytes,   17064288 total
: 129181K->16664K(157248K), 0.0530600 secs] 325728K->325433K(506816K), 0.0531300 secs] [Times: user=0.05 sys=0.00, real=0.05 secs] 
Heap after GC invocations=36 (full 29):
 def new generation   total 157248K, used 16664K [0x0000000113540000, 0x000000011dfe0000, 0x000000011dfe0000)
  eden space 139776K,   0% used [0x0000000113540000, 0x0000000113540000, 0x000000011bdc0000)
  from space 17472K,  95% used [0x000000011bdc0000, 0x000000011ce06160, 0x000000011ced0000)
  to   space 17472K,   0% used [0x000000011ced0000, 0x000000011ced0000, 0x000000011dfe0000)
 tenured generation   total 349568K, used 308768K [0x000000011dfe0000, 0x0000000133540000, 0x0000000133540000)
   the space 349568K,  88% used [0x000000011dfe0000, 0x0000000130d683b8, 0x0000000130d68400, 0x0000000133540000)
 compacting perm gen  total 21248K, used 2870K [0x0000000133540000, 0x0000000134a00000, 0x0000000138740000)
   the space 21248K,  13% used [0x0000000133540000, 0x000000013380daf8, 0x000000013380dc00, 0x0000000134a00000)
No shared spaces configured.
}
{Heap before GC invocations=36 (full 29):
 def new generation   total 157248K, used 146950K [0x0000000113540000, 0x000000011dfe0000, 0x000000011dfe0000)
  eden space 139776K,  93% used [0x0000000113540000, 0x000000011b47b980, 0x000000011bdc0000)
  from space 17472K,  95% used [0x000000011bdc0000, 0x000000011ce06160, 0x000000011ced0000)
  to   space 17472K,   0% used [0x000000011ced0000, 0x000000011ced0000, 0x000000011dfe0000)
 tenured generation   total 349568K, used 308768K [0x000000011dfe0000, 0x0000000133540000, 0x0000000133540000)
   the space 349568K,  88% used [0x000000011dfe0000, 0x0000000130d683b8, 0x0000000130d68400, 0x0000000133540000)
 compacting perm gen  total 21248K, used 2870K [0x0000000133540000, 0x0000000134a00000, 0x0000000138740000)
   the space 21248K,  13% used [0x0000000133540000, 0x000000013380daf8, 0x000000013380dc00, 0x0000000134a00000)
No shared spaces configured.
5.842: [GC 5.842: [DefNew: 146950K->146950K(157248K), 0.0000230 secs]5.842: [Tenured: 308768K->292493K(349568K), 0.1175100 secs] 455719K->292493K(506816K), [Perm : 2870K->2870K(21248K)], 0.1176280 secs] [Times: user=0.12 sys=0.00, real=0.11 secs] 
Heap after GC invocations=37 (full 30):
 def new generation   total 157248K, used 0K [0x0000000113540000, 0x000000011dfe0000, 0x000000011dfe0000)
  eden space 139776K,   0% used [0x0000000113540000, 0x0000000113540000, 0x000000011bdc0000)
  from space 17472K,   0% used [0x000000011bdc0000, 0x000000011bdc0000, 0x000000011ced0000)
  to   space 17472K,   0% used [0x000000011ced0000, 0x000000011ced0000, 0x000000011dfe0000)
 tenured generation   total 349568K, used 292493K [0x000000011dfe0000, 0x0000000133540000, 0x0000000133540000)
   the space 349568K,  83% used [0x000000011dfe0000, 0x000000012fd83490, 0x000000012fd83600, 0x0000000133540000)
 compacting perm gen  total 21248K, used 2870K [0x0000000133540000, 0x0000000134a00000, 0x0000000138740000)
   the space 21248K,  13% used [0x0000000133540000, 0x000000013380daf8, 0x000000013380dc00, 0x0000000134a00000)
No shared spaces configured.
}
{Heap before GC invocations=37 (full 30):
 def new generation   total 157248K, used 139252K [0x0000000113540000, 0x000000011dfe0000, 0x000000011dfe0000)
  eden space 139776K,  99% used [0x0000000113540000, 0x000000011bd3d1b8, 0x000000011bdc0000)
  from space 17472K,   0% used [0x000000011bdc0000, 0x000000011bdc0000, 0x000000011ced0000)
  to   space 17472K,   0% used [0x000000011ced0000, 0x000000011ced0000, 0x000000011dfe0000)
 tenured generation   total 349568K, used 292493K [0x000000011dfe0000, 0x0000000133540000, 0x0000000133540000)
   the space 349568K,  83% used [0x000000011dfe0000, 0x000000012fd83490, 0x000000012fd83600, 0x0000000133540000)
 compacting perm gen  total 21248K, used 2870K [0x0000000133540000, 0x0000000134a00000, 0x0000000138740000)
   the space 21248K,  13% used [0x0000000133540000, 0x000000013380daf8, 0x000000013380dc00, 0x0000000134a00000)
No shared spaces configured.
6.029: [GC 6.029: [DefNew: 139252K->139252K(157248K), 0.0000180 secs]6.029: [Tenured: 292493K->234190K(349568K), 0.0952620 secs] 431745K->234190K(506816K), [Perm : 2870K->2870K(21248K)], 0.0953610 secs] [Times: user=0.10 sys=0.00, real=0.10 secs] 
Heap after GC invocations=38 (full 31):
 def new generation   total 157248K, used 0K [0x0000000113540000, 0x000000011dfe0000, 0x000000011dfe0000)
  eden space 139776K,   0% used [0x0000000113540000, 0x0000000113540000, 0x000000011bdc0000)
  from space 17472K,   0% used [0x000000011bdc0000, 0x000000011bdc0000, 0x000000011ced0000)
  to   space 17472K,   0% used [0x000000011ced0000, 0x000000011ced0000, 0x000000011dfe0000)
 tenured generation   total 349568K, used 234190K [0x000000011dfe0000, 0x0000000133540000, 0x0000000133540000)
   the space 349568K,  66% used [0x000000011dfe0000, 0x000000012c493900, 0x000000012c493a00, 0x0000000133540000)
 compacting perm gen  total 21248K, used 2870K [0x0000000133540000, 0x0000000134a00000, 0x0000000138740000)
   the space 21248K,  13% used [0x0000000133540000, 0x000000013380daf8, 0x000000013380dc00, 0x0000000134a00000)
No shared spaces configured.
}
{Heap before GC invocations=38 (full 31):
 def new generation   total 157248K, used 133495K [0x0000000113540000, 0x000000011dfe0000, 0x000000011dfe0000)
  eden space 139776K,  95% used [0x0000000113540000, 0x000000011b79de28, 0x000000011bdc0000)
  from space 17472K,   0% used [0x000000011bdc0000, 0x000000011bdc0000, 0x000000011ced0000)
  to   space 17472K,   0% used [0x000000011ced0000, 0x000000011ced0000, 0x000000011dfe0000)
 tenured generation   total 349568K, used 234190K [0x000000011dfe0000, 0x0000000133540000, 0x0000000133540000)
   the space 349568K,  66% used [0x000000011dfe0000, 0x000000012c493900, 0x000000012c493a00, 0x0000000133540000)
 compacting perm gen  total 21248K, used 2870K [0x0000000133540000, 0x0000000134a00000, 0x0000000138740000)
   the space 21248K,  13% used [0x0000000133540000, 0x000000013380daf8, 0x000000013380dc00, 0x0000000134a00000)
No shared spaces configured.
6.190: [GC 6.190: [DefNew: 133495K->133495K(157248K), 0.0000190 secs]6.190: [Tenured: 234190K->228437K(349568K), 0.0928690 secs] 367685K->228437K(506816K), [Perm : 2870K->2870K(21248K)], 0.0929720 secs] [Times: user=0.09 sys=0.00, real=0.10 secs] 
Heap after GC invocations=39 (full 32):
 def new generation   total 157248K, used 0K [0x0000000113540000, 0x000000011dfe0000, 0x000000011dfe0000)
  eden space 139776K,   0% used [0x0000000113540000, 0x0000000113540000, 0x000000011bdc0000)
  from space 17472K,   0% used [0x000000011bdc0000, 0x000000011bdc0000, 0x000000011ced0000)
  to   space 17472K,   0% used [0x000000011ced0000, 0x000000011ced0000, 0x000000011dfe0000)
 tenured generation   total 349568K, used 228437K [0x000000011dfe0000, 0x0000000133540000, 0x0000000133540000)
   the space 349568K,  65% used [0x000000011dfe0000, 0x000000012bef5550, 0x000000012bef5600, 0x0000000133540000)
 compacting perm gen  total 21248K, used 2870K [0x0000000133540000, 0x0000000134a00000, 0x0000000138740000)
   the space 21248K,  13% used [0x0000000133540000, 0x000000013380daf8, 0x000000013380dc00, 0x0000000134a00000)
No shared spaces configured.
}
{Heap before GC invocations=39 (full 32):
 def new generation   total 157248K, used 121190K [0x0000000113540000, 0x000000011dfe0000, 0x000000011dfe0000)
  eden space 139776K,  86% used [0x0000000113540000, 0x000000011ab99930, 0x000000011bdc0000)
  from space 17472K,   0% used [0x000000011bdc0000, 0x000000011bdc0000, 0x000000011ced0000)
  to   space 17472K,   0% used [0x000000011ced0000, 0x000000011ced0000, 0x000000011dfe0000)
 tenured generation   total 349568K, used 228437K [0x000000011dfe0000, 0x0000000133540000, 0x0000000133540000)
   the space 349568K,  65% used [0x000000011dfe0000, 0x000000012bef5550, 0x000000012bef5600, 0x0000000133540000)
 compacting perm gen  total 21248K, used 2870K [0x0000000133540000, 0x0000000134a00000, 0x0000000138740000)
   the space 21248K,  13% used [0x0000000133540000, 0x000000013380daf8, 0x000000013380dc00, 0x0000000134a00000)
No shared spaces configured.
6.344: [GC 6.344: [DefNew: 121190K->121190K(157248K), 0.0000190 secs]6.344: [Tenured: 228437K->250214K(349568K), 0.1013520 secs] 349627K->250214K(506816K), [Perm : 2870K->2870K(21248K)], 0.1014570 secs] [Times: user=0.10 sys=0.00, real=0.10 secs] 
Heap after GC invocations=40 (full 33):
 def new generation   total 157248K, used 0K [0x0000000113540000, 0x000000011dfe0000, 0x000000011dfe0000)
  eden space 139776K,   0% used [0x0000000113540000, 0x0000000113540000, 0x000000011bdc0000)
  from space 17472K,   0% used [0x000000011bdc0000, 0x000000011bdc0000, 0x000000011ced0000)
  to   space 17472K,   0% used [0x000000011ced0000, 0x000000011ced0000, 0x000000011dfe0000)
 tenured generation   total 349568K, used 250214K [0x000000011dfe0000, 0x0000000133540000, 0x0000000133540000)
   the space 349568K,  71% used [0x000000011dfe0000, 0x000000012d439ba0, 0x000000012d439c00, 0x0000000133540000)
 compacting perm gen  total 21248K, used 2870K [0x0000000133540000, 0x0000000134a00000, 0x0000000138740000)
   the space 21248K,  13% used [0x0000000133540000, 0x000000013380daf8, 0x000000013380dc00, 0x0000000134a00000)
No shared spaces configured.
}
{Heap before GC invocations=40 (full 33):
 def new generation   total 157248K, used 133734K [0x0000000113540000, 0x000000011dfe0000, 0x000000011dfe0000)
  eden space 139776K,  95% used [0x0000000113540000, 0x000000011b7d9870, 0x000000011bdc0000)
  from space 17472K,   0% used [0x000000011bdc0000, 0x000000011bdc0000, 0x000000011ced0000)
  to   space 17472K,   0% used [0x000000011ced0000, 0x000000011ced0000, 0x000000011dfe0000)
 tenured generation   total 349568K, used 250214K [0x000000011dfe0000, 0x0000000133540000, 0x0000000133540000)
   the space 349568K,  71% used [0x000000011dfe0000, 0x000000012d439ba0, 0x000000012d439c00, 0x0000000133540000)
 compacting perm gen  total 21248K, used 2870K [0x0000000133540000, 0x0000000134a00000, 0x0000000138740000)
   the space 21248K,  13% used [0x0000000133540000, 0x000000013380daf8, 0x000000013380dc00, 0x0000000134a00000)
No shared spaces configured.
6.513: [GC 6.513: [DefNew: 133734K->133734K(157248K), 0.0000270 secs]6.513: [Tenured: 250214K->262903K(349568K), 0.1053910 secs] 383949K->262903K(506816K), [Perm : 2870K->2870K(21248K)], 0.1055160 secs] [Times: user=0.10 sys=0.00, real=0.10 secs] 
Heap after GC invocations=41 (full 34):
 def new generation   total 157248K, used 0K [0x0000000113540000, 0x000000011dfe0000, 0x000000011dfe0000)
  eden space 139776K,   0% used [0x0000000113540000, 0x0000000113540000, 0x000000011bdc0000)
  from space 17472K,   0% used [0x000000011bdc0000, 0x000000011bdc0000, 0x000000011ced0000)
  to   space 17472K,   0% used [0x000000011ced0000, 0x000000011ced0000, 0x000000011dfe0000)
 tenured generation   total 349568K, used 262903K [0x000000011dfe0000, 0x0000000133540000, 0x0000000133540000)
   the space 349568K,  75% used [0x000000011dfe0000, 0x000000012e09deb0, 0x000000012e09e000, 0x0000000133540000)
 compacting perm gen  total 21248K, used 2870K [0x0000000133540000, 0x0000000134a00000, 0x0000000138740000)
   the space 21248K,  13% used [0x0000000133540000, 0x000000013380daf8, 0x000000013380dc00, 0x0000000134a00000)
No shared spaces configured.
}
{Heap before GC invocations=41 (full 34):
 def new generation   total 157248K, used 132694K [0x0000000113540000, 0x000000011dfe0000, 0x000000011dfe0000)
  eden space 139776K,  94% used [0x0000000113540000, 0x000000011b6d5818, 0x000000011bdc0000)
  from space 17472K,   0% used [0x000000011bdc0000, 0x000000011bdc0000, 0x000000011ced0000)
  to   space 17472K,   0% used [0x000000011ced0000, 0x000000011ced0000, 0x000000011dfe0000)
 tenured generation   total 349568K, used 262903K [0x000000011dfe0000, 0x0000000133540000, 0x0000000133540000)
   the space 349568K,  75% used [0x000000011dfe0000, 0x000000012e09deb0, 0x000000012e09e000, 0x0000000133540000)
 compacting perm gen  total 21248K, used 2870K [0x0000000133540000, 0x0000000134a00000, 0x0000000138740000)
   the space 21248K,  13% used [0x0000000133540000, 0x000000013380daf8, 0x000000013380dc00, 0x0000000134a00000)
No shared spaces configured.
6.684: [GC 6.684: [DefNew: 132694K->132694K(157248K), 0.0000260 secs]6.685: [Tenured: 262903K->198554K(349568K), 0.0821990 secs] 395597K->198554K(506816K), [Perm : 2870K->2870K(21248K)], 0.0823060 secs] [Times: user=0.09 sys=0.00, real=0.08 secs] 
Heap after GC invocations=42 (full 35):
 def new generation   total 157248K, used 0K [0x0000000113540000, 0x000000011dfe0000, 0x000000011dfe0000)
  eden space 139776K,   0% used [0x0000000113540000, 0x0000000113540000, 0x000000011bdc0000)
  from space 17472K,   0% used [0x000000011bdc0000, 0x000000011bdc0000, 0x000000011ced0000)
  to   space 17472K,   0% used [0x000000011ced0000, 0x000000011ced0000, 0x000000011dfe0000)
 tenured generation   total 349568K, used 198554K [0x000000011dfe0000, 0x0000000133540000, 0x0000000133540000)
   the space 349568K,  56% used [0x000000011dfe0000, 0x000000012a1c6a08, 0x000000012a1c6c00, 0x0000000133540000)
 compacting perm gen  total 21248K, used 2870K [0x0000000133540000, 0x0000000134a00000, 0x0000000138740000)
   the space 21248K,  13% used [0x0000000133540000, 0x000000013380daf8, 0x000000013380dc00, 0x0000000134a00000)
No shared spaces configured.
}
{Heap before GC invocations=42 (full 35):
 def new generation   total 157248K, used 138638K [0x0000000113540000, 0x000000011dfe0000, 0x000000011dfe0000)
  eden space 139776K,  99% used [0x0000000113540000, 0x000000011bca3a60, 0x000000011bdc0000)
  from space 17472K,   0% used [0x000000011bdc0000, 0x000000011bdc0000, 0x000000011ced0000)
  to   space 17472K,   0% used [0x000000011ced0000, 0x000000011ced0000, 0x000000011dfe0000)
 tenured generation   total 349568K, used 198554K [0x000000011dfe0000, 0x0000000133540000, 0x0000000133540000)
   the space 349568K,  56% used [0x000000011dfe0000, 0x000000012a1c6a08, 0x000000012a1c6c00, 0x0000000133540000)
 compacting perm gen  total 21248K, used 2870K [0x0000000133540000, 0x0000000134a00000, 0x0000000138740000)
   the space 21248K,  13% used [0x0000000133540000, 0x000000013380daf8, 0x000000013380dc00, 0x0000000134a00000)
No shared spaces configured.
6.836: [GC 6.836: [DefNew
Desired survivor size 8945664 bytes, new threshold 1 (max 15)
- age   1:   13043040 bytes,   13043040 total
: 138638K->12737K(157248K), 0.0557890 secs] 337193K->337127K(506816K), 0.0558600 secs] [Times: user=0.06 sys=0.00, real=0.06 secs] 
Heap after GC invocations=43 (full 35):
 def new generation   total 157248K, used 12737K [0x0000000113540000, 0x000000011dfe0000, 0x000000011dfe0000)
  eden space 139776K,   0% used [0x0000000113540000, 0x0000000113540000, 0x000000011bdc0000)
  from space 17472K,  72% used [0x000000011ced0000, 0x000000011db40560, 0x000000011dfe0000)
  to   space 17472K,   0% used [0x000000011bdc0000, 0x000000011bdc0000, 0x000000011ced0000)
 tenured generation   total 349568K, used 324390K [0x000000011dfe0000, 0x0000000133540000, 0x0000000133540000)
   the space 349568K,  92% used [0x000000011dfe0000, 0x0000000131ca9870, 0x0000000131ca9a00, 0x0000000133540000)
 compacting perm gen  total 21248K, used 2870K [0x0000000133540000, 0x0000000134a00000, 0x0000000138740000)
   the space 21248K,  13% used [0x0000000133540000, 0x000000013380daf8, 0x000000013380dc00, 0x0000000134a00000)
No shared spaces configured.
}
{Heap before GC invocations=43 (full 35):
 def new generation   total 157248K, used 149061K [0x0000000113540000, 0x000000011dfe0000, 0x000000011dfe0000)
  eden space 139776K,  97% used [0x0000000113540000, 0x000000011ba61098, 0x000000011bdc0000)
  from space 17472K,  72% used [0x000000011ced0000, 0x000000011db40560, 0x000000011dfe0000)
  to   space 17472K,   0% used [0x000000011bdc0000, 0x000000011bdc0000, 0x000000011ced0000)
 tenured generation   total 349568K, used 324390K [0x000000011dfe0000, 0x0000000133540000, 0x0000000133540000)
   the space 349568K,  92% used [0x000000011dfe0000, 0x0000000131ca9870, 0x0000000131ca9a00, 0x0000000133540000)
 compacting perm gen  total 21248K, used 2870K [0x0000000133540000, 0x0000000134a00000, 0x0000000138740000)
   the space 21248K,  13% used [0x0000000133540000, 0x000000013380daf8, 0x000000013380dc00, 0x0000000134a00000)
No shared spaces configured.
6.959: [GC 6.959: [DefNew: 149061K->149061K(157248K), 0.0000180 secs]6.960: [Tenured: 324390K->329518K(349568K), 0.1317220 secs] 473451K->329518K(506816K), [Perm : 2870K->2870K(21248K)], 0.1318280 secs] [Times: user=0.13 sys=0.00, real=0.13 secs] 
Heap after GC invocations=44 (full 36):
 def new generation   total 157248K, used 0K [0x0000000113540000, 0x000000011dfe0000, 0x000000011dfe0000)
  eden space 139776K,   0% used [0x0000000113540000, 0x0000000113540000, 0x000000011bdc0000)
  from space 17472K,   0% used [0x000000011ced0000, 0x000000011ced0000, 0x000000011dfe0000)
  to   space 17472K,   0% used [0x000000011bdc0000, 0x000000011bdc0000, 0x000000011ced0000)
 tenured generation   total 349568K, used 329518K [0x000000011dfe0000, 0x0000000133540000, 0x0000000133540000)
   the space 349568K,  94% used [0x000000011dfe0000, 0x00000001321ab978, 0x00000001321aba00, 0x0000000133540000)
 compacting perm gen  total 21248K, used 2870K [0x0000000133540000, 0x0000000134a00000, 0x0000000138740000)
   the space 21248K,  13% used [0x0000000133540000, 0x000000013380daf8, 0x000000013380dc00, 0x0000000134a00000)
No shared spaces configured.
}
{Heap before GC invocations=44 (full 36):
 def new generation   total 157248K, used 129454K [0x0000000113540000, 0x000000011dfe0000, 0x000000011dfe0000)
  eden space 139776K,  92% used [0x0000000113540000, 0x000000011b3abb60, 0x000000011bdc0000)
  from space 17472K,   0% used [0x000000011ced0000, 0x000000011ced0000, 0x000000011dfe0000)
  to   space 17472K,   0% used [0x000000011bdc0000, 0x000000011bdc0000, 0x000000011ced0000)
 tenured generation   total 349568K, used 329518K [0x000000011dfe0000, 0x0000000133540000, 0x0000000133540000)
   the space 349568K,  94% used [0x000000011dfe0000, 0x00000001321ab978, 0x00000001321aba00, 0x0000000133540000)
 compacting perm gen  total 21248K, used 2870K [0x0000000133540000, 0x0000000134a00000, 0x0000000138740000)
   the space 21248K,  13% used [0x0000000133540000, 0x000000013380daf8, 0x000000013380dc00, 0x0000000134a00000)
No shared spaces configured.
7.157: [GC 7.157: [DefNew: 129454K->129454K(157248K), 0.0000190 secs]7.157: [Tenured: 329518K->323373K(349568K), 0.1156780 secs] 458973K->323373K(506816K), [Perm : 2870K->2870K(21248K)], 0.1157860 secs] [Times: user=0.11 sys=0.00, real=0.12 secs] 
Heap after GC invocations=45 (full 37):
 def new generation   total 157248K, used 0K [0x0000000113540000, 0x000000011dfe0000, 0x000000011dfe0000)
  eden space 139776K,   0% used [0x0000000113540000, 0x0000000113540000, 0x000000011bdc0000)
  from space 17472K,   0% used [0x000000011ced0000, 0x000000011ced0000, 0x000000011dfe0000)
  to   space 17472K,   0% used [0x000000011bdc0000, 0x000000011bdc0000, 0x000000011ced0000)
 tenured generation   total 349568K, used 323373K [0x000000011dfe0000, 0x0000000133540000, 0x0000000133540000)
   the space 349568K,  92% used [0x000000011dfe0000, 0x0000000131bab480, 0x0000000131bab600, 0x0000000133540000)
 compacting perm gen  total 21248K, used 2870K [0x0000000133540000, 0x0000000134a00000, 0x0000000138740000)
   the space 21248K,  13% used [0x0000000133540000, 0x000000013380daf8, 0x000000013380dc00, 0x0000000134a00000)
No shared spaces configured.
}
{Heap before GC invocations=45 (full 37):
 def new generation   total 157248K, used 139210K [0x0000000113540000, 0x000000011dfe0000, 0x000000011dfe0000)
  eden space 139776K,  99% used [0x0000000113540000, 0x000000011bd328e0, 0x000000011bdc0000)
  from space 17472K,   0% used [0x000000011ced0000, 0x000000011ced0000, 0x000000011dfe0000)
  to   space 17472K,   0% used [0x000000011bdc0000, 0x000000011bdc0000, 0x000000011ced0000)
 tenured generation   total 349568K, used 323373K [0x000000011dfe0000, 0x0000000133540000, 0x0000000133540000)
   the space 349568K,  92% used [0x000000011dfe0000, 0x0000000131bab480, 0x0000000131bab600, 0x0000000133540000)
 compacting perm gen  total 21248K, used 2870K [0x0000000133540000, 0x0000000134a00000, 0x0000000138740000)
   the space 21248K,  13% used [0x0000000133540000, 0x000000013380daf8, 0x000000013380dc00, 0x0000000134a00000)
No shared spaces configured.
7.343: [GC 7.343: [DefNew: 139210K->139210K(157248K), 0.0000190 secs]7.343: [Tenured: 323373K->220280K(349568K), 0.0905840 secs] 462583K->220280K(506816K), [Perm : 2870K->2870K(21248K)], 0.0906920 secs] [Times: user=0.09 sys=0.00, real=0.09 secs] 
Heap after GC invocations=46 (full 38):
 def new generation   total 157248K, used 0K [0x0000000113540000, 0x000000011dfe0000, 0x000000011dfe0000)
  eden space 139776K,   0% used [0x0000000113540000, 0x0000000113540000, 0x000000011bdc0000)
  from space 17472K,   0% used [0x000000011ced0000, 0x000000011ced0000, 0x000000011dfe0000)
  to   space 17472K,   0% used [0x000000011bdc0000, 0x000000011bdc0000, 0x000000011ced0000)
 tenured generation   total 349568K, used 220280K [0x000000011dfe0000, 0x0000000133540000, 0x0000000133540000)
   the space 349568K,  63% used [0x000000011dfe0000, 0x000000012b6fe190, 0x000000012b6fe200, 0x0000000133540000)
 compacting perm gen  total 21248K, used 2870K [0x0000000133540000, 0x0000000134a00000, 0x0000000138740000)
   the space 21248K,  13% used [0x0000000133540000, 0x000000013380daf8, 0x000000013380dc00, 0x0000000134a00000)
No shared spaces configured.
}
{Heap before GC invocations=46 (full 38):
 def new generation   total 157248K, used 131037K [0x0000000113540000, 0x000000011dfe0000, 0x000000011dfe0000)
  eden space 139776K,  93% used [0x0000000113540000, 0x000000011b537700, 0x000000011bdc0000)
  from space 17472K,   0% used [0x000000011ced0000, 0x000000011ced0000, 0x000000011dfe0000)
  to   space 17472K,   0% used [0x000000011bdc0000, 0x000000011bdc0000, 0x000000011ced0000)
 tenured generation   total 349568K, used 220280K [0x000000011dfe0000, 0x0000000133540000, 0x0000000133540000)
   the space 349568K,  63% used [0x000000011dfe0000, 0x000000012b6fe190, 0x000000012b6fe200, 0x0000000133540000)
 compacting perm gen  total 21248K, used 2870K [0x0000000133540000, 0x0000000134a00000, 0x0000000138740000)
   the space 21248K,  13% used [0x0000000133540000, 0x000000013380daf8, 0x000000013380dc00, 0x0000000134a00000)
No shared spaces configured.
7.499: [GC 7.499: [DefNew: 131037K->131037K(157248K), 0.0000180 secs]7.499: [Tenured: 220280K->212355K(349568K), 0.0863700 secs] 351318K->212355K(506816K), [Perm : 2870K->2870K(21248K)], 0.0864700 secs] [Times: user=0.08 sys=0.00, real=0.09 secs] 
Heap after GC invocations=47 (full 39):
 def new generation   total 157248K, used 0K [0x0000000113540000, 0x000000011dfe0000, 0x000000011dfe0000)
  eden space 139776K,   0% used [0x0000000113540000, 0x0000000113540000, 0x000000011bdc0000)
  from space 17472K,   0% used [0x000000011ced0000, 0x000000011ced0000, 0x000000011dfe0000)
  to   space 17472K,   0% used [0x000000011bdc0000, 0x000000011bdc0000, 0x000000011ced0000)
 tenured generation   total 349568K, used 212355K [0x000000011dfe0000, 0x0000000133540000, 0x0000000133540000)
   the space 349568K,  60% used [0x000000011dfe0000, 0x000000012af40fa0, 0x000000012af41000, 0x0000000133540000)
 compacting perm gen  total 21248K, used 2870K [0x0000000133540000, 0x0000000134a00000, 0x0000000138740000)
   the space 21248K,  13% used [0x0000000133540000, 0x000000013380daf8, 0x000000013380dc00, 0x0000000134a00000)
No shared spaces configured.
}
{Heap before GC invocations=47 (full 39):
 def new generation   total 157248K, used 134080K [0x0000000113540000, 0x000000011dfe0000, 0x000000011dfe0000)
  eden space 139776K,  95% used [0x0000000113540000, 0x000000011b830378, 0x000000011bdc0000)
  from space 17472K,   0% used [0x000000011ced0000, 0x000000011ced0000, 0x000000011dfe0000)
  to   space 17472K,   0% used [0x000000011bdc0000, 0x000000011bdc0000, 0x000000011ced0000)
 tenured generation   total 349568K, used 212355K [0x000000011dfe0000, 0x0000000133540000, 0x0000000133540000)
   the space 349568K,  60% used [0x000000011dfe0000, 0x000000012af40fa0, 0x000000012af41000, 0x0000000133540000)
 compacting perm gen  total 21248K, used 2870K [0x0000000133540000, 0x0000000134a00000, 0x0000000138740000)
   the space 21248K,  13% used [0x0000000133540000, 0x000000013380daf8, 0x000000013380dc00, 0x0000000134a00000)
No shared spaces configured.
7.652: [GC 7.652: [DefNew
Desired survivor size 8945664 bytes, new threshold 1 (max 15)
- age   1:   12595960 bytes,   12595960 total
: 134080K->12300K(157248K), 0.0535600 secs] 346436K->346393K(506816K), 0.0536310 secs] [Times: user=0.05 sys=0.00, real=0.05 secs] 
Heap after GC invocations=48 (full 39):
 def new generation   total 157248K, used 12300K [0x0000000113540000, 0x000000011dfe0000, 0x000000011dfe0000)
  eden space 139776K,   0% used [0x0000000113540000, 0x0000000113540000, 0x000000011bdc0000)
  from space 17472K,  70% used [0x000000011bdc0000, 0x000000011c9c32f8, 0x000000011ced0000)
  to   space 17472K,   0% used [0x000000011ced0000, 0x000000011ced0000, 0x000000011dfe0000)
 tenured generation   total 349568K, used 334093K [0x000000011dfe0000, 0x0000000133540000, 0x0000000133540000)
   the space 349568K,  95% used [0x000000011dfe0000, 0x00000001326234e8, 0x0000000132623600, 0x0000000133540000)
 compacting perm gen  total 21248K, used 2870K [0x0000000133540000, 0x0000000134a00000, 0x0000000138740000)
   the space 21248K,  13% used [0x0000000133540000, 0x000000013380daf8, 0x000000013380dc00, 0x0000000134a00000)
No shared spaces configured.
}
{Heap before GC invocations=48 (full 39):
 def new generation   total 157248K, used 141564K [0x0000000113540000, 0x000000011dfe0000, 0x000000011dfe0000)
  eden space 139776K,  92% used [0x0000000113540000, 0x000000011b37be18, 0x000000011bdc0000)
  from space 17472K,  70% used [0x000000011bdc0000, 0x000000011c9c32f8, 0x000000011ced0000)
  to   space 17472K,   0% used [0x000000011ced0000, 0x000000011ced0000, 0x000000011dfe0000)
 tenured generation   total 349568K, used 334093K [0x000000011dfe0000, 0x0000000133540000, 0x0000000133540000)
   the space 349568K,  95% used [0x000000011dfe0000, 0x00000001326234e8, 0x0000000132623600, 0x0000000133540000)
 compacting perm gen  total 21248K, used 2870K [0x0000000133540000, 0x0000000134a00000, 0x0000000138740000)
   the space 21248K,  13% used [0x0000000133540000, 0x000000013380daf8, 0x000000013380dc00, 0x0000000134a00000)
No shared spaces configured.
7.771: [GC 7.771: [DefNew: 141564K->141564K(157248K), 0.0000180 secs]7.771: [Tenured: 334093K->299837K(349568K), 0.1197070 secs] 475657K->299837K(506816K), [Perm : 2870K->2870K(21248K)], 0.1198060 secs] [Times: user=0.12 sys=0.00, real=0.12 secs] 
Heap after GC invocations=49 (full 40):
 def new generation   total 157248K, used 0K [0x0000000113540000, 0x000000011dfe0000, 0x000000011dfe0000)
  eden space 139776K,   0% used [0x0000000113540000, 0x0000000113540000, 0x000000011bdc0000)
  from space 17472K,   0% used [0x000000011bdc0000, 0x000000011bdc0000, 0x000000011ced0000)
  to   space 17472K,   0% used [0x000000011ced0000, 0x000000011ced0000, 0x000000011dfe0000)
 tenured generation   total 349568K, used 299837K [0x000000011dfe0000, 0x0000000133540000, 0x0000000133540000)
   the space 349568K,  85% used [0x000000011dfe0000, 0x00000001304af700, 0x00000001304af800, 0x0000000133540000)
 compacting perm gen  total 21248K, used 2870K [0x0000000133540000, 0x0000000134a00000, 0x0000000138740000)
   the space 21248K,  13% used [0x0000000133540000, 0x000000013380daf8, 0x000000013380dc00, 0x0000000134a00000)
No shared spaces configured.
}
{Heap before GC invocations=49 (full 40):
 def new generation   total 157248K, used 137181K [0x0000000113540000, 0x000000011dfe0000, 0x000000011dfe0000)
  eden space 139776K,  98% used [0x0000000113540000, 0x000000011bb37768, 0x000000011bdc0000)
  from space 17472K,   0% used [0x000000011bdc0000, 0x000000011bdc0000, 0x000000011ced0000)
  to   space 17472K,   0% used [0x000000011ced0000, 0x000000011ced0000, 0x000000011dfe0000)
 tenured generation   total 349568K, used 299837K [0x000000011dfe0000, 0x0000000133540000, 0x0000000133540000)
   the space 349568K,  85% used [0x000000011dfe0000, 0x00000001304af700, 0x00000001304af800, 0x0000000133540000)
 compacting perm gen  total 21248K, used 2870K [0x0000000133540000, 0x0000000134a00000, 0x0000000138740000)
   the space 21248K,  13% used [0x0000000133540000, 0x000000013380daf8, 0x000000013380dc00, 0x0000000134a00000)
No shared spaces configured.
7.959: [GC 7.959: [DefNew: 137181K->137181K(157248K), 0.0000180 secs]7.959: [Tenured: 299837K->302975K(349568K), 0.1040080 secs] 437019K->302975K(506816K), [Perm : 2870K->2870K(21248K)], 0.1041090 secs] [Times: user=0.11 sys=0.00, real=0.11 secs] 
Heap after GC invocations=50 (full 41):
 def new generation   total 157248K, used 0K [0x0000000113540000, 0x000000011dfe0000, 0x000000011dfe0000)
  eden space 139776K,   0% used [0x0000000113540000, 0x0000000113540000, 0x000000011bdc0000)
  from space 17472K,   0% used [0x000000011bdc0000, 0x000000011bdc0000, 0x000000011ced0000)
  to   space 17472K,   0% used [0x000000011ced0000, 0x000000011ced0000, 0x000000011dfe0000)
 tenured generation   total 349568K, used 302975K [0x000000011dfe0000, 0x0000000133540000, 0x0000000133540000)
   the space 349568K,  86% used [0x000000011dfe0000, 0x00000001307bfc20, 0x00000001307bfe00, 0x0000000133540000)
 compacting perm gen  total 21248K, used 2870K [0x0000000133540000, 0x0000000134a00000, 0x0000000138740000)
   the space 21248K,  13% used [0x0000000133540000, 0x000000013380daf8, 0x000000013380dc00, 0x0000000134a00000)
No shared spaces configured.
}
{Heap before GC invocations=50 (full 41):
 def new generation   total 157248K, used 134182K [0x0000000113540000, 0x000000011dfe0000, 0x000000011dfe0000)
  eden space 139776K,  95% used [0x0000000113540000, 0x000000011b849b08, 0x000000011bdc0000)
  from space 17472K,   0% used [0x000000011bdc0000, 0x000000011bdc0000, 0x000000011ced0000)
  to   space 17472K,   0% used [0x000000011ced0000, 0x000000011ced0000, 0x000000011dfe0000)
 tenured generation   total 349568K, used 302975K [0x000000011dfe0000, 0x0000000133540000, 0x0000000133540000)
   the space 349568K,  86% used [0x000000011dfe0000, 0x00000001307bfc20, 0x00000001307bfe00, 0x0000000133540000)
 compacting perm gen  total 21248K, used 2870K [0x0000000133540000, 0x0000000134a00000, 0x0000000138740000)
   the space 21248K,  13% used [0x0000000133540000, 0x000000013380daf8, 0x000000013380dc00, 0x0000000134a00000)
No shared spaces configured.
8.131: [GC 8.131: [DefNew: 134182K->134182K(157248K), 0.0000180 secs]8.131: [Tenured: 302975K->251994K(349568K), 0.1018930 secs] 437157K->251994K(506816K), [Perm : 2870K->2870K(21248K)], 0.1019950 secs] [Times: user=0.10 sys=0.00, real=0.11 secs] 
Heap after GC invocations=51 (full 42):
 def new generation   total 157248K, used 0K [0x0000000113540000, 0x000000011dfe0000, 0x000000011dfe0000)
  eden space 139776K,   0% used [0x0000000113540000, 0x0000000113540000, 0x000000011bdc0000)
  from space 17472K,   0% used [0x000000011bdc0000, 0x000000011bdc0000, 0x000000011ced0000)
  to   space 17472K,   0% used [0x000000011ced0000, 0x000000011ced0000, 0x000000011dfe0000)
 tenured generation   total 349568K, used 251994K [0x000000011dfe0000, 0x0000000133540000, 0x0000000133540000)
   the space 349568K,  72% used [0x000000011dfe0000, 0x000000012d5f69a8, 0x000000012d5f6a00, 0x0000000133540000)
 compacting perm gen  total 21248K, used 2870K [0x0000000133540000, 0x0000000134a00000, 0x0000000138740000)
   the space 21248K,  13% used [0x0000000133540000, 0x000000013380daf8, 0x000000013380dc00, 0x0000000134a00000)
No shared spaces configured.
}
{Heap before GC invocations=51 (full 42):
 def new generation   total 157248K, used 132698K [0x0000000113540000, 0x000000011dfe0000, 0x000000011dfe0000)
  eden space 139776K,  94% used [0x0000000113540000, 0x000000011b6d6b00, 0x000000011bdc0000)
  from space 17472K,   0% used [0x000000011bdc0000, 0x000000011bdc0000, 0x000000011ced0000)
  to   space 17472K,   0% used [0x000000011ced0000, 0x000000011ced0000, 0x000000011dfe0000)
 tenured generation   total 349568K, used 251994K [0x000000011dfe0000, 0x0000000133540000, 0x0000000133540000)
   the space 349568K,  72% used [0x000000011dfe0000, 0x000000012d5f69a8, 0x000000012d5f6a00, 0x0000000133540000)
 compacting perm gen  total 21248K, used 2870K [0x0000000133540000, 0x0000000134a00000, 0x0000000138740000)
   the space 21248K,  13% used [0x0000000133540000, 0x000000013380daf8, 0x000000013380dc00, 0x0000000134a00000)
No shared spaces configured.
8.299: [GC 8.299: [DefNew: 132698K->132698K(157248K), 0.0000190 secs]8.299: [Tenured: 251994K->271105K(349568K), 0.1097630 secs] 384693K->271105K(506816K), [Perm : 2870K->2870K(21248K)], 0.1098630 secs] [Times: user=0.11 sys=0.00, real=0.11 secs] 
Heap after GC invocations=52 (full 43):
 def new generation   total 157248K, used 0K [0x0000000113540000, 0x000000011dfe0000, 0x000000011dfe0000)
  eden space 139776K,   0% used [0x0000000113540000, 0x0000000113540000, 0x000000011bdc0000)
  from space 17472K,   0% used [0x000000011bdc0000, 0x000000011bdc0000, 0x000000011ced0000)
  to   space 17472K,   0% used [0x000000011ced0000, 0x000000011ced0000, 0x000000011dfe0000)
 tenured generation   total 349568K, used 271105K [0x000000011dfe0000, 0x0000000133540000, 0x0000000133540000)
   the space 349568K,  77% used [0x000000011dfe0000, 0x000000012e8a07d8, 0x000000012e8a0800, 0x0000000133540000)
 compacting perm gen  total 21248K, used 2870K [0x0000000133540000, 0x0000000134a00000, 0x0000000138740000)
   the space 21248K,  13% used [0x0000000133540000, 0x000000013380daf8, 0x000000013380dc00, 0x0000000134a00000)
No shared spaces configured.
}
{Heap before GC invocations=52 (full 43):
 def new generation   total 157248K, used 119015K [0x0000000113540000, 0x000000011dfe0000, 0x000000011dfe0000)
  eden space 139776K,  85% used [0x0000000113540000, 0x000000011a979e50, 0x000000011bdc0000)
  from space 17472K,   0% used [0x000000011bdc0000, 0x000000011bdc0000, 0x000000011ced0000)
  to   space 17472K,   0% used [0x000000011ced0000, 0x000000011ced0000, 0x000000011dfe0000)
 tenured generation   total 349568K, used 271105K [0x000000011dfe0000, 0x0000000133540000, 0x0000000133540000)
   the space 349568K,  77% used [0x000000011dfe0000, 0x000000012e8a07d8, 0x000000012e8a0800, 0x0000000133540000)
 compacting perm gen  total 21248K, used 2870K [0x0000000133540000, 0x0000000134a00000, 0x0000000138740000)
   the space 21248K,  13% used [0x0000000133540000, 0x000000013380daf8, 0x000000013380dc00, 0x0000000134a00000)
No shared spaces configured.
8.468: [GC 8.469: [DefNew: 119015K->119015K(157248K), 0.0000190 secs]8.469: [Tenured: 271105K->285289K(349568K), 0.0941990 secs] 390121K->285289K(506816K), [Perm : 2870K->2870K(21248K)], 0.0943080 secs] [Times: user=0.09 sys=0.00, real=0.10 secs] 
Heap after GC invocations=53 (full 44):
 def new generation   total 157248K, used 0K [0x0000000113540000, 0x000000011dfe0000, 0x000000011dfe0000)
  eden space 139776K,   0% used [0x0000000113540000, 0x0000000113540000, 0x000000011bdc0000)
  from space 17472K,   0% used [0x000000011bdc0000, 0x000000011bdc0000, 0x000000011ced0000)
  to   space 17472K,   0% used [0x000000011ced0000, 0x000000011ced0000, 0x000000011dfe0000)
 tenured generation   total 349568K, used 285289K [0x000000011dfe0000, 0x0000000133540000, 0x0000000133540000)
   the space 349568K,  81% used [0x000000011dfe0000, 0x000000012f67a568, 0x000000012f67a600, 0x0000000133540000)
 compacting perm gen  total 21248K, used 2870K [0x0000000133540000, 0x0000000134a00000, 0x0000000138740000)
   the space 21248K,  13% used [0x0000000133540000, 0x000000013380daf8, 0x000000013380dc00, 0x0000000134a00000)
No shared spaces configured.
}
{Heap before GC invocations=53 (full 44):
 def new generation   total 157248K, used 134371K [0x0000000113540000, 0x000000011dfe0000, 0x000000011dfe0000)
  eden space 139776K,  96% used [0x0000000113540000, 0x000000011b878d20, 0x000000011bdc0000)
  from space 17472K,   0% used [0x000000011bdc0000, 0x000000011bdc0000, 0x000000011ced0000)
  to   space 17472K,   0% used [0x000000011ced0000, 0x000000011ced0000, 0x000000011dfe0000)
 tenured generation   total 349568K, used 285289K [0x000000011dfe0000, 0x0000000133540000, 0x0000000133540000)
   the space 349568K,  81% used [0x000000011dfe0000, 0x000000012f67a568, 0x000000012f67a600, 0x0000000133540000)
 compacting perm gen  total 21248K, used 2870K [0x0000000133540000, 0x0000000134a00000, 0x0000000138740000)
   the space 21248K,  13% used [0x0000000133540000, 0x000000013380daf8, 0x000000013380dc00, 0x0000000134a00000)
No shared spaces configured.
8.630: [GC 8.630: [DefNew: 134371K->134371K(157248K), 0.0000180 secs]8.630: [Tenured: 285289K->263190K(349568K), 0.1022150 secs] 419660K->263190K(506816K), [Perm : 2870K->2870K(21248K)], 0.1023200 secs] [Times: user=0.10 sys=0.00, real=0.11 secs] 
Heap after GC invocations=54 (full 45):
 def new generation   total 157248K, used 0K [0x0000000113540000, 0x000000011dfe0000, 0x000000011dfe0000)
  eden space 139776K,   0% used [0x0000000113540000, 0x0000000113540000, 0x000000011bdc0000)
  from space 17472K,   0% used [0x000000011bdc0000, 0x000000011bdc0000, 0x000000011ced0000)
  to   space 17472K,   0% used [0x000000011ced0000, 0x000000011ced0000, 0x000000011dfe0000)
 tenured generation   total 349568K, used 263190K [0x000000011dfe0000, 0x0000000133540000, 0x0000000133540000)
   the space 349568K,  75% used [0x000000011dfe0000, 0x000000012e0e5bc8, 0x000000012e0e5c00, 0x0000000133540000)
 compacting perm gen  total 21248K, used 2870K [0x0000000133540000, 0x0000000134a00000, 0x0000000138740000)
   the space 21248K,  13% used [0x0000000133540000, 0x000000013380daf8, 0x000000013380dc00, 0x0000000134a00000)
No shared spaces configured.
}
{Heap before GC invocations=54 (full 45):
 def new generation   total 157248K, used 137814K [0x0000000113540000, 0x000000011dfe0000, 0x000000011dfe0000)
  eden space 139776K,  98% used [0x0000000113540000, 0x000000011bbd5918, 0x000000011bdc0000)
  from space 17472K,   0% used [0x000000011bdc0000, 0x000000011bdc0000, 0x000000011ced0000)
  to   space 17472K,   0% used [0x000000011ced0000, 0x000000011ced0000, 0x000000011dfe0000)
 tenured generation   total 349568K, used 263190K [0x000000011dfe0000, 0x0000000133540000, 0x0000000133540000)
   the space 349568K,  75% used [0x000000011dfe0000, 0x000000012e0e5bc8, 0x000000012e0e5c00, 0x0000000133540000)
 compacting perm gen  total 21248K, used 2870K [0x0000000133540000, 0x0000000134a00000, 0x0000000138740000)
   the space 21248K,  13% used [0x0000000133540000, 0x000000013380daf8, 0x000000013380dc00, 0x0000000134a00000)
No shared spaces configured.
8.802: [GC 8.802: [DefNew: 137814K->137814K(157248K), 0.0000190 secs]8.802: [Tenured: 263190K->234240K(349568K), 0.0960210 secs] 401005K->234240K(506816K), [Perm : 2870K->2870K(21248K)], 0.0961220 secs] [Times: user=0.09 sys=0.00, real=0.10 secs] 
Heap after GC invocations=55 (full 46):
 def new generation   total 157248K, used 0K [0x0000000113540000, 0x000000011dfe0000, 0x000000011dfe0000)
  eden space 139776K,   0% used [0x0000000113540000, 0x0000000113540000, 0x000000011bdc0000)
  from space 17472K,   0% used [0x000000011bdc0000, 0x000000011bdc0000, 0x000000011ced0000)
  to   space 17472K,   0% used [0x000000011ced0000, 0x000000011ced0000, 0x000000011dfe0000)
 tenured generation   total 349568K, used 234240K [0x000000011dfe0000, 0x0000000133540000, 0x0000000133540000)
   the space 349568K,  67% used [0x000000011dfe0000, 0x000000012c4a0228, 0x000000012c4a0400, 0x0000000133540000)
 compacting perm gen  total 21248K, used 2870K [0x0000000133540000, 0x0000000134a00000, 0x0000000138740000)
   the space 21248K,  13% used [0x0000000133540000, 0x000000013380daf8, 0x000000013380dc00, 0x0000000134a00000)
No shared spaces configured.
}
{Heap before GC invocations=55 (full 46):
 def new generation   total 157248K, used 139767K [0x0000000113540000, 0x000000011dfe0000, 0x000000011dfe0000)
  eden space 139776K,  99% used [0x0000000113540000, 0x000000011bdbdff8, 0x000000011bdc0000)
  from space 17472K,   0% used [0x000000011bdc0000, 0x000000011bdc0000, 0x000000011ced0000)
  to   space 17472K,   0% used [0x000000011ced0000, 0x000000011ced0000, 0x000000011dfe0000)
 tenured generation   total 349568K, used 234240K [0x000000011dfe0000, 0x0000000133540000, 0x0000000133540000)
   the space 349568K,  67% used [0x000000011dfe0000, 0x000000012c4a0228, 0x000000012c4a0400, 0x0000000133540000)
 compacting perm gen  total 21248K, used 2870K [0x0000000133540000, 0x0000000134a00000, 0x0000000138740000)
   the space 21248K,  13% used [0x0000000133540000, 0x000000013380daf8, 0x000000013380dc00, 0x0000000134a00000)
No shared spaces configured.
8.968: [GC 8.968: [DefNew: 139767K->139767K(157248K), 0.0000200 secs]8.968: [Tenured: 234240K->277818K(349568K), 0.0985960 secs] 374008K->277818K(506816K), [Perm : 2870K->2870K(21248K)], 0.0986980 secs] [Times: user=0.10 sys=0.00, real=0.10 secs] 
Heap after GC invocations=56 (full 47):
 def new generation   total 157248K, used 0K [0x0000000113540000, 0x000000011dfe0000, 0x000000011dfe0000)
  eden space 139776K,   0% used [0x0000000113540000, 0x0000000113540000, 0x000000011bdc0000)
  from space 17472K,   0% used [0x000000011bdc0000, 0x000000011bdc0000, 0x000000011ced0000)
  to   space 17472K,   0% used [0x000000011ced0000, 0x000000011ced0000, 0x000000011dfe0000)
 tenured generation   total 349568K, used 277818K [0x000000011dfe0000, 0x0000000133540000, 0x0000000133540000)
   the space 349568K,  79% used [0x000000011dfe0000, 0x000000012ef2e9c8, 0x000000012ef2ea00, 0x0000000133540000)
 compacting perm gen  total 21248K, used 2870K [0x0000000133540000, 0x0000000134a00000, 0x0000000138740000)
   the space 21248K,  13% used [0x0000000133540000, 0x000000013380daf8, 0x000000013380dc00, 0x0000000134a00000)
No shared spaces configured.
}
{Heap before GC invocations=56 (full 47):
 def new generation   total 157248K, used 128548K [0x0000000113540000, 0x000000011dfe0000, 0x000000011dfe0000)
  eden space 139776K,  91% used [0x0000000113540000, 0x000000011b2c9250, 0x000000011bdc0000)
  from space 17472K,   0% used [0x000000011bdc0000, 0x000000011bdc0000, 0x000000011ced0000)
  to   space 17472K,   0% used [0x000000011ced0000, 0x000000011ced0000, 0x000000011dfe0000)
 tenured generation   total 349568K, used 277818K [0x000000011dfe0000, 0x0000000133540000, 0x0000000133540000)
   the space 349568K,  79% used [0x000000011dfe0000, 0x000000012ef2e9c8, 0x000000012ef2ea00, 0x0000000133540000)
 compacting perm gen  total 21248K, used 2870K [0x0000000133540000, 0x0000000134a00000, 0x0000000138740000)
   the space 21248K,  13% used [0x0000000133540000, 0x000000013380daf8, 0x000000013380dc00, 0x0000000134a00000)
No shared spaces configured.
9.132: [GC 9.132: [DefNew: 128548K->128548K(157248K), 0.0000170 secs]9.132: [Tenured: 277818K->258384K(349568K), 0.1038270 secs] 406367K->258384K(506816K), [Perm : 2870K->2870K(21248K)], 0.1039340 secs] [Times: user=0.11 sys=0.00, real=0.10 secs] 
Heap after GC invocations=57 (full 48):
 def new generation   total 157248K, used 0K [0x0000000113540000, 0x000000011dfe0000, 0x000000011dfe0000)
  eden space 139776K,   0% used [0x0000000113540000, 0x0000000113540000, 0x000000011bdc0000)
  from space 17472K,   0% used [0x000000011bdc0000, 0x000000011bdc0000, 0x000000011ced0000)
  to   space 17472K,   0% used [0x000000011ced0000, 0x000000011ced0000, 0x000000011dfe0000)
 tenured generation   total 349568K, used 258384K [0x000000011dfe0000, 0x0000000133540000, 0x0000000133540000)
   the space 349568K,  73% used [0x000000011dfe0000, 0x000000012dc34050, 0x000000012dc34200, 0x0000000133540000)
 compacting perm gen  total 21248K, used 2870K [0x0000000133540000, 0x0000000134a00000, 0x0000000138740000)
   the space 21248K,  13% used [0x0000000133540000, 0x000000013380daf8, 0x000000013380dc00, 0x0000000134a00000)
No shared spaces configured.
}
{Heap before GC invocations=57 (full 48):
 def new generation   total 157248K, used 134738K [0x0000000113540000, 0x000000011dfe0000, 0x000000011dfe0000)
  eden space 139776K,  96% used [0x0000000113540000, 0x000000011b8d4b88, 0x000000011bdc0000)
  from space 17472K,   0% used [0x000000011bdc0000, 0x000000011bdc0000, 0x000000011ced0000)
  to   space 17472K,   0% used [0x000000011ced0000, 0x000000011ced0000, 0x000000011dfe0000)
 tenured generation   total 349568K, used 258384K [0x000000011dfe0000, 0x0000000133540000, 0x0000000133540000)
   the space 349568K,  73% used [0x000000011dfe0000, 0x000000012dc34050, 0x000000012dc34200, 0x0000000133540000)
 compacting perm gen  total 21248K, used 2870K [0x0000000133540000, 0x0000000134a00000, 0x0000000138740000)
   the space 21248K,  13% used [0x0000000133540000, 0x000000013380daf8, 0x000000013380dc00, 0x0000000134a00000)
No shared spaces configured.
9.303: [GC 9.303: [DefNew: 134738K->134738K(157248K), 0.0000200 secs]9.303: [Tenured: 258384K->341826K(349568K), 0.1248170 secs] 393122K->360340K(506816K), [Perm : 2870K->2870K(21248K)], 0.1249240 secs] [Times: user=0.12 sys=0.01, real=0.12 secs] 
Heap after GC invocations=58 (full 49):
 def new generation   total 157248K, used 18513K [0x0000000113540000, 0x000000011dfe0000, 0x000000011dfe0000)
  eden space 139776K,  13% used [0x0000000113540000, 0x00000001147547b8, 0x000000011bdc0000)
  from space 17472K,   0% used [0x000000011bdc0000, 0x000000011bdc0000, 0x000000011ced0000)
  to   space 17472K,   0% used [0x000000011ced0000, 0x000000011ced0000, 0x000000011dfe0000)
 tenured generation   total 349568K, used 341826K [0x000000011dfe0000, 0x0000000133540000, 0x0000000133540000)
   the space 349568K,  97% used [0x000000011dfe0000, 0x0000000132db09f0, 0x0000000132db0a00, 0x0000000133540000)
 compacting perm gen  total 21248K, used 2870K [0x0000000133540000, 0x0000000134a00000, 0x0000000138740000)
   the space 21248K,  13% used [0x0000000133540000, 0x000000013380daf8, 0x000000013380dc00, 0x0000000134a00000)
No shared spaces configured.
}
{Heap before GC invocations=58 (full 49):
 def new generation   total 157248K, used 131070K [0x0000000113540000, 0x000000011dfe0000, 0x000000011dfe0000)
  eden space 139776K,  93% used [0x0000000113540000, 0x000000011b53f818, 0x000000011bdc0000)
  from space 17472K,   0% used [0x000000011bdc0000, 0x000000011bdc0000, 0x000000011ced0000)
  to   space 17472K,   0% used [0x000000011ced0000, 0x000000011ced0000, 0x000000011dfe0000)
 tenured generation   total 349568K, used 341826K [0x000000011dfe0000, 0x0000000133540000, 0x0000000133540000)
   the space 349568K,  97% used [0x000000011dfe0000, 0x0000000132db09f0, 0x0000000132db0a00, 0x0000000133540000)
 compacting perm gen  total 21248K, used 2870K [0x0000000133540000, 0x0000000134a00000, 0x0000000138740000)
   the space 21248K,  13% used [0x0000000133540000, 0x000000013380daf8, 0x000000013380dc00, 0x0000000134a00000)
No shared spaces configured.
9.485: [Full GC 9.485: [Tenured: 341826K->266007K(349568K), 0.1028570 secs] 472896K->266007K(506816K), [Perm : 2870K->2870K(21248K)], 0.1029280 secs] [Times: user=0.10 sys=0.00, real=0.10 secs] 
Heap after GC invocations=59 (full 50):
 def new generation   total 157248K, used 0K [0x0000000113540000, 0x000000011dfe0000, 0x000000011dfe0000)
  eden space 139776K,   0% used [0x0000000113540000, 0x0000000113540000, 0x000000011bdc0000)
  from space 17472K,   0% used [0x000000011bdc0000, 0x000000011bdc0000, 0x000000011ced0000)
  to   space 17472K,   0% used [0x000000011ced0000, 0x000000011ced0000, 0x000000011dfe0000)
 tenured generation   total 349568K, used 266007K [0x000000011dfe0000, 0x0000000133540000, 0x0000000133540000)
   the space 349568K,  76% used [0x000000011dfe0000, 0x000000012e3a5f08, 0x000000012e3a6000, 0x0000000133540000)
 compacting perm gen  total 21248K, used 2870K [0x0000000133540000, 0x0000000134a00000, 0x0000000138740000)
   the space 21248K,  13% used [0x0000000133540000, 0x000000013380daf8, 0x000000013380dc00, 0x0000000134a00000)
No shared spaces configured.
}
{Heap before GC invocations=59 (full 50):
 def new generation   total 157248K, used 138026K [0x0000000113540000, 0x000000011dfe0000, 0x000000011dfe0000)
  eden space 139776K,  98% used [0x0000000113540000, 0x000000011bc0a820, 0x000000011bdc0000)
  from space 17472K,   0% used [0x000000011bdc0000, 0x000000011bdc0000, 0x000000011ced0000)
  to   space 17472K,   0% used [0x000000011ced0000, 0x000000011ced0000, 0x000000011dfe0000)
 tenured generation   total 349568K, used 266007K [0x000000011dfe0000, 0x0000000133540000, 0x0000000133540000)
   the space 349568K,  76% used [0x000000011dfe0000, 0x000000012e3a5f08, 0x000000012e3a6000, 0x0000000133540000)
 compacting perm gen  total 21248K, used 2870K [0x0000000133540000, 0x0000000134a00000, 0x0000000138740000)
   the space 21248K,  13% used [0x0000000133540000, 0x000000013380daf8, 0x000000013380dc00, 0x0000000134a00000)
No shared spaces configured.
9.657: [GC 9.657: [DefNew: 138026K->138026K(157248K), 0.0000200 secs]9.657: [Tenured: 266007K->255577K(349568K), 0.1027480 secs] 404033K->255577K(506816K), [Perm : 2870K->2870K(21248K)], 0.1028530 secs] [Times: user=0.10 sys=0.00, real=0.10 secs] 
Heap after GC invocations=60 (full 51):
 def new generation   total 157248K, used 0K [0x0000000113540000, 0x000000011dfe0000, 0x000000011dfe0000)
  eden space 139776K,   0% used [0x0000000113540000, 0x0000000113540000, 0x000000011bdc0000)
  from space 17472K,   0% used [0x000000011bdc0000, 0x000000011bdc0000, 0x000000011ced0000)
  to   space 17472K,   0% used [0x000000011ced0000, 0x000000011ced0000, 0x000000011dfe0000)
 tenured generation   total 349568K, used 255577K [0x000000011dfe0000, 0x0000000133540000, 0x0000000133540000)
   the space 349568K,  73% used [0x000000011dfe0000, 0x000000012d9765c0, 0x000000012d976600, 0x0000000133540000)
 compacting perm gen  total 21248K, used 2870K [0x0000000133540000, 0x0000000134a00000, 0x0000000138740000)
   the space 21248K,  13% used [0x0000000133540000, 0x000000013380daf8, 0x000000013380dc00, 0x0000000134a00000)
No shared spaces configured.
}
{Heap before GC invocations=60 (full 51):
 def new generation   total 157248K, used 127166K [0x0000000113540000, 0x000000011dfe0000, 0x000000011dfe0000)
  eden space 139776K,  90% used [0x0000000113540000, 0x000000011b16fa10, 0x000000011bdc0000)
  from space 17472K,   0% used [0x000000011bdc0000, 0x000000011bdc0000, 0x000000011ced0000)
  to   space 17472K,   0% used [0x000000011ced0000, 0x000000011ced0000, 0x000000011dfe0000)
 tenured generation   total 349568K, used 255577K [0x000000011dfe0000, 0x0000000133540000, 0x0000000133540000)
   the space 349568K,  73% used [0x000000011dfe0000, 0x000000012d9765c0, 0x000000012d976600, 0x0000000133540000)
 compacting perm gen  total 21248K, used 2870K [0x0000000133540000, 0x0000000134a00000, 0x0000000138740000)
   the space 21248K,  13% used [0x0000000133540000, 0x000000013380daf8, 0x000000013380dc00, 0x0000000134a00000)
No shared spaces configured.
9.823: [GC 9.823: [DefNew: 127166K->127166K(157248K), 0.0000190 secs] 382743K->382743K(506816K), 0.0000570 secs] [Times: user=0.00 sys=0.00, real=0.00 secs] 
Heap after GC invocations=61 (full 51):
 def new generation   total 157248K, used 127166K [0x0000000113540000, 0x000000011dfe0000, 0x000000011dfe0000)
  eden space 139776K,  90% used [0x0000000113540000, 0x000000011b16fa10, 0x000000011bdc0000)
  from space 17472K,   0% used [0x000000011bdc0000, 0x000000011bdc0000, 0x000000011ced0000)
  to   space 17472K,   0% used [0x000000011ced0000, 0x000000011ced0000, 0x000000011dfe0000)
 tenured generation   total 349568K, used 255577K [0x000000011dfe0000, 0x0000000133540000, 0x0000000133540000)
   the space 349568K,  73% used [0x000000011dfe0000, 0x000000012d9765c0, 0x000000012d976600, 0x0000000133540000)
 compacting perm gen  total 21248K, used 2870K [0x0000000133540000, 0x0000000134a00000, 0x0000000138740000)
   the space 21248K,  13% used [0x0000000133540000, 0x000000013380daf8, 0x000000013380dc00, 0x0000000134a00000)
No shared spaces configured.
}
{Heap before GC invocations=61 (full 51):
 def new generation   total 157248K, used 127166K [0x0000000113540000, 0x000000011dfe0000, 0x000000011dfe0000)
  eden space 139776K,  90% used [0x0000000113540000, 0x000000011b16fa10, 0x000000011bdc0000)
  from space 17472K,   0% used [0x000000011bdc0000, 0x000000011bdc0000, 0x000000011ced0000)
  to   space 17472K,   0% used [0x000000011ced0000, 0x000000011ced0000, 0x000000011dfe0000)
 tenured generation   total 349568K, used 255577K [0x000000011dfe0000, 0x0000000133540000, 0x0000000133540000)
   the space 349568K,  73% used [0x000000011dfe0000, 0x000000012d9765c0, 0x000000012d976600, 0x0000000133540000)
 compacting perm gen  total 21248K, used 2870K [0x0000000133540000, 0x0000000134a00000, 0x0000000138740000)
   the space 21248K,  13% used [0x0000000133540000, 0x000000013380daf8, 0x000000013380dc00, 0x0000000134a00000)
No shared spaces configured.
9.823: [Full GC 9.823: [Tenured: 255577K->243019K(349568K), 0.0991050 secs] 382743K->243019K(506816K), [Perm : 2870K->2870K(21248K)], 0.0991660 secs] [Times: user=0.09 sys=0.00, real=0.10 secs] 
Heap after GC invocations=62 (full 52):
 def new generation   total 157248K, used 0K [0x0000000113540000, 0x000000011dfe0000, 0x000000011dfe0000)
  eden space 139776K,   0% used [0x0000000113540000, 0x0000000113540000, 0x000000011bdc0000)
  from space 17472K,   0% used [0x000000011bdc0000, 0x000000011bdc0000, 0x000000011ced0000)
  to   space 17472K,   0% used [0x000000011ced0000, 0x000000011ced0000, 0x000000011dfe0000)
 tenured generation   total 349568K, used 243019K [0x000000011dfe0000, 0x0000000133540000, 0x0000000133540000)
   the space 349568K,  69% used [0x000000011dfe0000, 0x000000012cd32eb8, 0x000000012cd33000, 0x0000000133540000)
 compacting perm gen  total 21248K, used 2870K [0x0000000133540000, 0x0000000134a00000, 0x0000000138740000)
   the space 21248K,  13% used [0x0000000133540000, 0x000000013380daf8, 0x000000013380dc00, 0x0000000134a00000)
No shared spaces configured.
}
{Heap before GC invocations=62 (full 52):
 def new generation   total 157248K, used 132033K [0x0000000113540000, 0x000000011dfe0000, 0x000000011dfe0000)
  eden space 139776K,  94% used [0x0000000113540000, 0x000000011b630518, 0x000000011bdc0000)
  from space 17472K,   0% used [0x000000011bdc0000, 0x000000011bdc0000, 0x000000011ced0000)
  to   space 17472K,   0% used [0x000000011ced0000, 0x000000011ced0000, 0x000000011dfe0000)
 tenured generation   total 349568K, used 243019K [0x000000011dfe0000, 0x0000000133540000, 0x0000000133540000)
   the space 349568K,  69% used [0x000000011dfe0000, 0x000000012cd32eb8, 0x000000012cd33000, 0x0000000133540000)
 compacting perm gen  total 21248K, used 2870K [0x0000000133540000, 0x0000000134a00000, 0x0000000138740000)
   the space 21248K,  13% used [0x0000000133540000, 0x000000013380daf8, 0x000000013380dc00, 0x0000000134a00000)
No shared spaces configured.
9.988: [GC 9.988: [DefNew: 132033K->132033K(157248K), 0.0000190 secs]9.988: [Tenured: 243019K->280853K(349568K), 0.1134640 secs] 375052K->280853K(506816K), [Perm : 2870K->2870K(21248K)], 0.1135660 secs] [Times: user=0.11 sys=0.00, real=0.11 secs] 
Heap after GC invocations=63 (full 53):
 def new generation   total 157248K, used 0K [0x0000000113540000, 0x000000011dfe0000, 0x000000011dfe0000)
  eden space 139776K,   0% used [0x0000000113540000, 0x0000000113540000, 0x000000011bdc0000)
  from space 17472K,   0% used [0x000000011bdc0000, 0x000000011bdc0000, 0x000000011ced0000)
  to   space 17472K,   0% used [0x000000011ced0000, 0x000000011ced0000, 0x000000011dfe0000)
 tenured generation   total 349568K, used 280853K [0x000000011dfe0000, 0x0000000133540000, 0x0000000133540000)
   the space 349568K,  80% used [0x000000011dfe0000, 0x000000012f2257a0, 0x000000012f225800, 0x0000000133540000)
 compacting perm gen  total 21248K, used 2870K [0x0000000133540000, 0x0000000134a00000, 0x0000000138740000)
   the space 21248K,  13% used [0x0000000133540000, 0x000000013380daf8, 0x000000013380dc00, 0x0000000134a00000)
No shared spaces configured.
}
{Heap before GC invocations=63 (full 53):
 def new generation   total 157248K, used 128178K [0x0000000113540000, 0x000000011dfe0000, 0x000000011dfe0000)
  eden space 139776K,  91% used [0x0000000113540000, 0x000000011b26c830, 0x000000011bdc0000)
  from space 17472K,   0% used [0x000000011bdc0000, 0x000000011bdc0000, 0x000000011ced0000)
  to   space 17472K,   0% used [0x000000011ced0000, 0x000000011ced0000, 0x000000011dfe0000)
 tenured generation   total 349568K, used 280853K [0x000000011dfe0000, 0x0000000133540000, 0x0000000133540000)
   the space 349568K,  80% used [0x000000011dfe0000, 0x000000012f2257a0, 0x000000012f225800, 0x0000000133540000)
 compacting perm gen  total 21248K, used 2870K [0x0000000133540000, 0x0000000134a00000, 0x0000000138740000)
   the space 21248K,  13% used [0x0000000133540000, 0x000000013380daf8, 0x000000013380dc00, 0x0000000134a00000)
No shared spaces configured.
10.167: [GC 10.167: [DefNew: 128178K->128178K(157248K), 0.0000190 secs]10.167: [Tenured: 280853K->252221K(349568K), 0.1019350 secs] 409031K->252221K(506816K), [Perm : 2870K->2870K(21248K)], 0.1020480 secs] [Times: user=0.10 sys=0.00, real=0.10 secs] 
Heap after GC invocations=64 (full 54):
 def new generation   total 157248K, used 0K [0x0000000113540000, 0x000000011dfe0000, 0x000000011dfe0000)
  eden space 139776K,   0% used [0x0000000113540000, 0x0000000113540000, 0x000000011bdc0000)
  from space 17472K,   0% used [0x000000011bdc0000, 0x000000011bdc0000, 0x000000011ced0000)
  to   space 17472K,   0% used [0x000000011ced0000, 0x000000011ced0000, 0x000000011dfe0000)
 tenured generation   total 349568K, used 252221K [0x000000011dfe0000, 0x0000000133540000, 0x0000000133540000)
   the space 349568K,  72% used [0x000000011dfe0000, 0x000000012d62f638, 0x000000012d62f800, 0x0000000133540000)
 compacting perm gen  total 21248K, used 2870K [0x0000000133540000, 0x0000000134a00000, 0x0000000138740000)
   the space 21248K,  13% used [0x0000000133540000, 0x000000013380daf8, 0x000000013380dc00, 0x0000000134a00000)
No shared spaces configured.
}
{Heap before GC invocations=64 (full 54):
 def new generation   total 157248K, used 130194K [0x0000000113540000, 0x000000011dfe0000, 0x000000011dfe0000)
  eden space 139776K,  93% used [0x0000000113540000, 0x000000011b464b70, 0x000000011bdc0000)
  from space 17472K,   0% used [0x000000011bdc0000, 0x000000011bdc0000, 0x000000011ced0000)
  to   space 17472K,   0% used [0x000000011ced0000, 0x000000011ced0000, 0x000000011dfe0000)
 tenured generation   total 349568K, used 252221K [0x000000011dfe0000, 0x0000000133540000, 0x0000000133540000)
   the space 349568K,  72% used [0x000000011dfe0000, 0x000000012d62f638, 0x000000012d62f800, 0x0000000133540000)
 compacting perm gen  total 21248K, used 2870K [0x0000000133540000, 0x0000000134a00000, 0x0000000138740000)
   the space 21248K,  13% used [0x0000000133540000, 0x000000013380daf8, 0x000000013380dc00, 0x0000000134a00000)
No shared spaces configured.
10.333: [GC 10.334: [DefNew: 130194K->130194K(157248K), 0.0000310 secs]10.334: [Tenured: 252221K->258463K(349568K), 0.0953720 secs] 382416K->258463K(506816K), [Perm : 2870K->2870K(21248K)], 0.0954980 secs] [Times: user=0.10 sys=0.00, real=0.09 secs] 
Heap after GC invocations=65 (full 55):
 def new generation   total 157248K, used 0K [0x0000000113540000, 0x000000011dfe0000, 0x000000011dfe0000)
  eden space 139776K,   0% used [0x0000000113540000, 0x0000000113540000, 0x000000011bdc0000)
  from space 17472K,   0% used [0x000000011bdc0000, 0x000000011bdc0000, 0x000000011ced0000)
  to   space 17472K,   0% used [0x000000011ced0000, 0x000000011ced0000, 0x000000011dfe0000)
 tenured generation   total 349568K, used 258463K [0x000000011dfe0000, 0x0000000133540000, 0x0000000133540000)
   the space 349568K,  73% used [0x000000011dfe0000, 0x000000012dc47dd0, 0x000000012dc47e00, 0x0000000133540000)
 compacting perm gen  total 21248K, used 2870K [0x0000000133540000, 0x0000000134a00000, 0x0000000138740000)
   the space 21248K,  13% used [0x0000000133540000, 0x000000013380daf8, 0x000000013380dc00, 0x0000000134a00000)
No shared spaces configured.
}
{Heap before GC invocations=65 (full 55):
 def new generation   total 157248K, used 137684K [0x0000000113540000, 0x000000011dfe0000, 0x000000011dfe0000)
  eden space 139776K,  98% used [0x0000000113540000, 0x000000011bbb52a8, 0x000000011bdc0000)
  from space 17472K,   0% used [0x000000011bdc0000, 0x000000011bdc0000, 0x000000011ced0000)
  to   space 17472K,   0% used [0x000000011ced0000, 0x000000011ced0000, 0x000000011dfe0000)
 tenured generation   total 349568K, used 258463K [0x000000011dfe0000, 0x0000000133540000, 0x0000000133540000)
   the space 349568K,  73% used [0x000000011dfe0000, 0x000000012dc47dd0, 0x000000012dc47e00, 0x0000000133540000)
 compacting perm gen  total 21248K, used 2870K [0x0000000133540000, 0x0000000134a00000, 0x0000000138740000)
   the space 21248K,  13% used [0x0000000133540000, 0x000000013380daf8, 0x000000013380dc00, 0x0000000134a00000)
No shared spaces configured.
10.499: [GC 10.499: [DefNew: 137684K->137684K(157248K), 0.0000190 secs]10.499: [Tenured: 258463K->255657K(349568K), 0.1021100 secs] 396148K->255657K(506816K), [Perm : 2870K->2870K(21248K)], 0.1022170 secs] [Times: user=0.11 sys=0.00, real=0.10 secs] 
Heap after GC invocations=66 (full 56):
 def new generation   total 157248K, used 0K [0x0000000113540000, 0x000000011dfe0000, 0x000000011dfe0000)
  eden space 139776K,   0% used [0x0000000113540000, 0x0000000113540000, 0x000000011bdc0000)
  from space 17472K,   0% used [0x000000011bdc0000, 0x000000011bdc0000, 0x000000011ced0000)
  to   space 17472K,   0% used [0x000000011ced0000, 0x000000011ced0000, 0x000000011dfe0000)
 tenured generation   total 349568K, used 255657K [0x000000011dfe0000, 0x0000000133540000, 0x0000000133540000)
   the space 349568K,  73% used [0x000000011dfe0000, 0x000000012d98a780, 0x000000012d98a800, 0x0000000133540000)
 compacting perm gen  total 21248K, used 2870K [0x0000000133540000, 0x0000000134a00000, 0x0000000138740000)
   the space 21248K,  13% used [0x0000000133540000, 0x000000013380daf8, 0x000000013380dc00, 0x0000000134a00000)
No shared spaces configured.
}
{Heap before GC invocations=66 (full 56):
 def new generation   total 157248K, used 136967K [0x0000000113540000, 0x000000011dfe0000, 0x000000011dfe0000)
  eden space 139776K,  97% used [0x0000000113540000, 0x000000011bb01df8, 0x000000011bdc0000)
  from space 17472K,   0% used [0x000000011bdc0000, 0x000000011bdc0000, 0x000000011ced0000)
  to   space 17472K,   0% used [0x000000011ced0000, 0x000000011ced0000, 0x000000011dfe0000)
 tenured generation   total 349568K, used 255657K [0x000000011dfe0000, 0x0000000133540000, 0x0000000133540000)
   the space 349568K,  73% used [0x000000011dfe0000, 0x000000012d98a780, 0x000000012d98a800, 0x0000000133540000)
 compacting perm gen  total 21248K, used 2870K [0x0000000133540000, 0x0000000134a00000, 0x0000000138740000)
   the space 21248K,  13% used [0x0000000133540000, 0x000000013380daf8, 0x000000013380dc00, 0x0000000134a00000)
No shared spaces configured.
10.672: [GC 10.672: [DefNew: 136967K->136967K(157248K), 0.0000250 secs]10.672: [Tenured: 255657K->237744K(349568K), 0.0958280 secs] 392625K->237744K(506816K), [Perm : 2870K->2870K(21248K)], 0.0959460 secs] [Times: user=0.10 sys=0.00, real=0.09 secs] 
Heap after GC invocations=67 (full 57):
 def new generation   total 157248K, used 0K [0x0000000113540000, 0x000000011dfe0000, 0x000000011dfe0000)
  eden space 139776K,   0% used [0x0000000113540000, 0x0000000113540000, 0x000000011bdc0000)
  from space 17472K,   0% used [0x000000011bdc0000, 0x000000011bdc0000, 0x000000011ced0000)
  to   space 17472K,   0% used [0x000000011ced0000, 0x000000011ced0000, 0x000000011dfe0000)
 tenured generation   total 349568K, used 237744K [0x000000011dfe0000, 0x0000000133540000, 0x0000000133540000)
   the space 349568K,  68% used [0x000000011dfe0000, 0x000000012c80c328, 0x000000012c80c400, 0x0000000133540000)
 compacting perm gen  total 21248K, used 2870K [0x0000000133540000, 0x0000000134a00000, 0x0000000138740000)
   the space 21248K,  13% used [0x0000000133540000, 0x000000013380daf8, 0x000000013380dc00, 0x0000000134a00000)
No shared spaces configured.
}
{Heap before GC invocations=67 (full 57):
 def new generation   total 157248K, used 139504K [0x0000000113540000, 0x000000011dfe0000, 0x000000011dfe0000)
  eden space 139776K,  99% used [0x0000000113540000, 0x000000011bd7c2c8, 0x000000011bdc0000)
  from space 17472K,   0% used [0x000000011bdc0000, 0x000000011bdc0000, 0x000000011ced0000)
  to   space 17472K,   0% used [0x000000011ced0000, 0x000000011ced0000, 0x000000011dfe0000)
 tenured generation   total 349568K, used 237744K [0x000000011dfe0000, 0x0000000133540000, 0x0000000133540000)
   the space 349568K,  68% used [0x000000011dfe0000, 0x000000012c80c328, 0x000000012c80c400, 0x0000000133540000)
 compacting perm gen  total 21248K, used 2870K [0x0000000133540000, 0x0000000134a00000, 0x0000000138740000)
   the space 21248K,  13% used [0x0000000133540000, 0x000000013380daf8, 0x000000013380dc00, 0x0000000134a00000)
No shared spaces configured.
10.837: [GC 10.837: [DefNew: 139504K->139504K(157248K), 0.0000190 secs]10.837: [Tenured: 237744K->244266K(349568K), 0.0899810 secs] 377249K->244266K(506816K), [Perm : 2870K->2870K(21248K)], 0.0900820 secs] [Times: user=0.09 sys=0.00, real=0.09 secs] 
Heap after GC invocations=68 (full 58):
 def new generation   total 157248K, used 0K [0x0000000113540000, 0x000000011dfe0000, 0x000000011dfe0000)
  eden space 139776K,   0% used [0x0000000113540000, 0x0000000113540000, 0x000000011bdc0000)
  from space 17472K,   0% used [0x000000011bdc0000, 0x000000011bdc0000, 0x000000011ced0000)
  to   space 17472K,   0% used [0x000000011ced0000, 0x000000011ced0000, 0x000000011dfe0000)
 tenured generation   total 349568K, used 244266K [0x000000011dfe0000, 0x0000000133540000, 0x0000000133540000)
   the space 349568K,  69% used [0x000000011dfe0000, 0x000000012ce6a918, 0x000000012ce6aa00, 0x0000000133540000)
 compacting perm gen  total 21248K, used 2870K [0x0000000133540000, 0x0000000134a00000, 0x0000000138740000)
   the space 21248K,  13% used [0x0000000133540000, 0x000000013380daf8, 0x000000013380dc00, 0x0000000134a00000)
No shared spaces configured.
}
{Heap before GC invocations=68 (full 58):
 def new generation   total 157248K, used 139500K [0x0000000113540000, 0x000000011dfe0000, 0x000000011dfe0000)
  eden space 139776K,  99% used [0x0000000113540000, 0x000000011bd7b0c8, 0x000000011bdc0000)
  from space 17472K,   0% used [0x000000011bdc0000, 0x000000011bdc0000, 0x000000011ced0000)
  to   space 17472K,   0% used [0x000000011ced0000, 0x000000011ced0000, 0x000000011dfe0000)
 tenured generation   total 349568K, used 244266K [0x000000011dfe0000, 0x0000000133540000, 0x0000000133540000)
   the space 349568K,  69% used [0x000000011dfe0000, 0x000000012ce6a918, 0x000000012ce6aa00, 0x0000000133540000)
 compacting perm gen  total 21248K, used 2870K [0x0000000133540000, 0x0000000134a00000, 0x0000000138740000)
   the space 21248K,  13% used [0x0000000133540000, 0x000000013380daf8, 0x000000013380dc00, 0x0000000134a00000)
No shared spaces configured.
10.996: [GC 10.996: [DefNew: 139500K->139500K(157248K), 0.0000180 secs]10.996: [Tenured: 244266K->271426K(349568K), 0.0998850 secs] 383766K->271426K(506816K), [Perm : 2870K->2870K(21248K)], 0.0999860 secs] [Times: user=0.10 sys=0.00, real=0.10 secs] 
Heap after GC invocations=69 (full 59):
 def new generation   total 157248K, used 0K [0x0000000113540000, 0x000000011dfe0000, 0x000000011dfe0000)
  eden space 139776K,   0% used [0x0000000113540000, 0x0000000113540000, 0x000000011bdc0000)
  from space 17472K,   0% used [0x000000011bdc0000, 0x000000011bdc0000, 0x000000011ced0000)
  to   space 17472K,   0% used [0x000000011ced0000, 0x000000011ced0000, 0x000000011dfe0000)
 tenured generation   total 349568K, used 271426K [0x000000011dfe0000, 0x0000000133540000, 0x0000000133540000)
   the space 349568K,  77% used [0x000000011dfe0000, 0x000000012e8f09c8, 0x000000012e8f0a00, 0x0000000133540000)
 compacting perm gen  total 21248K, used 2870K [0x0000000133540000, 0x0000000134a00000, 0x0000000138740000)
   the space 21248K,  13% used [0x0000000133540000, 0x000000013380daf8, 0x000000013380dc00, 0x0000000134a00000)
No shared spaces configured.
}
{Heap before GC invocations=69 (full 59):
 def new generation   total 157248K, used 132578K [0x0000000113540000, 0x000000011dfe0000, 0x000000011dfe0000)
  eden space 139776K,  94% used [0x0000000113540000, 0x000000011b6b8810, 0x000000011bdc0000)
  from space 17472K,   0% used [0x000000011bdc0000, 0x000000011bdc0000, 0x000000011ced0000)
  to   space 17472K,   0% used [0x000000011ced0000, 0x000000011ced0000, 0x000000011dfe0000)
 tenured generation   total 349568K, used 271426K [0x000000011dfe0000, 0x0000000133540000, 0x0000000133540000)
   the space 349568K,  77% used [0x000000011dfe0000, 0x000000012e8f09c8, 0x000000012e8f0a00, 0x0000000133540000)
 compacting perm gen  total 21248K, used 2870K [0x0000000133540000, 0x0000000134a00000, 0x0000000138740000)
   the space 21248K,  13% used [0x0000000133540000, 0x000000013380daf8, 0x000000013380dc00, 0x0000000134a00000)
No shared spaces configured.
11.161: [GC 11.161: [DefNew: 132578K->132578K(157248K), 0.0000190 secs]11.161: [Tenured: 271426K->251312K(349568K), 0.1006650 secs] 404004K->251312K(506816K), [Perm : 2870K->2870K(21248K)], 0.1007690 secs] [Times: user=0.10 sys=0.00, real=0.11 secs] 
Heap after GC invocations=70 (full 60):
 def new generation   total 157248K, used 0K [0x0000000113540000, 0x000000011dfe0000, 0x000000011dfe0000)
  eden space 139776K,   0% used [0x0000000113540000, 0x0000000113540000, 0x000000011bdc0000)
  from space 17472K,   0% used [0x000000011bdc0000, 0x000000011bdc0000, 0x000000011ced0000)
  to   space 17472K,   0% used [0x000000011ced0000, 0x000000011ced0000, 0x000000011dfe0000)
 tenured generation   total 349568K, used 251312K [0x000000011dfe0000, 0x0000000133540000, 0x0000000133540000)
   the space 349568K,  71% used [0x000000011dfe0000, 0x000000012d54c2b0, 0x000000012d54c400, 0x0000000133540000)
 compacting perm gen  total 21248K, used 2870K [0x0000000133540000, 0x0000000134a00000, 0x0000000138740000)
   the space 21248K,  13% used [0x0000000133540000, 0x000000013380daf8, 0x000000013380dc00, 0x0000000134a00000)
No shared spaces configured.
}
{Heap before GC invocations=70 (full 60):
 def new generation   total 157248K, used 139244K [0x0000000113540000, 0x000000011dfe0000, 0x000000011dfe0000)
  eden space 139776K,  99% used [0x0000000113540000, 0x000000011bd3b090, 0x000000011bdc0000)
  from space 17472K,   0% used [0x000000011bdc0000, 0x000000011bdc0000, 0x000000011ced0000)
  to   space 17472K,   0% used [0x000000011ced0000, 0x000000011ced0000, 0x000000011dfe0000)
 tenured generation   total 349568K, used 251312K [0x000000011dfe0000, 0x0000000133540000, 0x0000000133540000)
   the space 349568K,  71% used [0x000000011dfe0000, 0x000000012d54c2b0, 0x000000012d54c400, 0x0000000133540000)
 compacting perm gen  total 21248K, used 2870K [0x0000000133540000, 0x0000000134a00000, 0x0000000138740000)
   the space 21248K,  13% used [0x0000000133540000, 0x000000013380daf8, 0x000000013380dc00, 0x0000000134a00000)
No shared spaces configured.
11.331: [GC 11.331: [DefNew: 139244K->139244K(157248K), 0.0000200 secs]11.331: [Tenured: 251312K->271212K(349568K), 0.1079850 secs] 390556K->271212K(506816K), [Perm : 2870K->2870K(21248K)], 0.1080870 secs] [Times: user=0.11 sys=0.00, real=0.11 secs] 
Heap after GC invocations=71 (full 61):
 def new generation   total 157248K, used 0K [0x0000000113540000, 0x000000011dfe0000, 0x000000011dfe0000)
  eden space 139776K,   0% used [0x0000000113540000, 0x0000000113540000, 0x000000011bdc0000)
  from space 17472K,   0% used [0x000000011bdc0000, 0x000000011bdc0000, 0x000000011ced0000)
  to   space 17472K,   0% used [0x000000011ced0000, 0x000000011ced0000, 0x000000011dfe0000)
 tenured generation   total 349568K, used 271212K [0x000000011dfe0000, 0x0000000133540000, 0x0000000133540000)
   the space 349568K,  77% used [0x000000011dfe0000, 0x000000012e8bb010, 0x000000012e8bb200, 0x0000000133540000)
 compacting perm gen  total 21248K, used 2870K [0x0000000133540000, 0x0000000134a00000, 0x0000000138740000)
   the space 21248K,  13% used [0x0000000133540000, 0x000000013380daf8, 0x000000013380dc00, 0x0000000134a00000)
No shared spaces configured.
}
{Heap before GC invocations=71 (full 61):
 def new generation   total 157248K, used 134213K [0x0000000113540000, 0x000000011dfe0000, 0x000000011dfe0000)
  eden space 139776K,  96% used [0x0000000113540000, 0x000000011b851438, 0x000000011bdc0000)
  from space 17472K,   0% used [0x000000011bdc0000, 0x000000011bdc0000, 0x000000011ced0000)
  to   space 17472K,   0% used [0x000000011ced0000, 0x000000011ced0000, 0x000000011dfe0000)
 tenured generation   total 349568K, used 271212K [0x000000011dfe0000, 0x0000000133540000, 0x0000000133540000)
   the space 349568K,  77% used [0x000000011dfe0000, 0x000000012e8bb010, 0x000000012e8bb200, 0x0000000133540000)
 compacting perm gen  total 21248K, used 2870K [0x0000000133540000, 0x0000000134a00000, 0x0000000138740000)
   the space 21248K,  13% used [0x0000000133540000, 0x000000013380daf8, 0x000000013380dc00, 0x0000000134a00000)
No shared spaces configured.
11.506: [GC 11.506: [DefNew: 134213K->134213K(157248K), 0.0000240 secs]11.506: [Tenured: 271212K->222407K(349568K), 0.0899050 secs] 405425K->222407K(506816K), [Perm : 2870K->2870K(21248K)], 0.0900200 secs] [Times: user=0.09 sys=0.00, real=0.09 secs] 
Heap after GC invocations=72 (full 62):
 def new generation   total 157248K, used 0K [0x0000000113540000, 0x000000011dfe0000, 0x000000011dfe0000)
  eden space 139776K,   0% used [0x0000000113540000, 0x0000000113540000, 0x000000011bdc0000)
  from space 17472K,   0% used [0x000000011bdc0000, 0x000000011bdc0000, 0x000000011ced0000)
  to   space 17472K,   0% used [0x000000011ced0000, 0x000000011ced0000, 0x000000011dfe0000)
 tenured generation   total 349568K, used 222407K [0x000000011dfe0000, 0x0000000133540000, 0x0000000133540000)
   the space 349568K,  63% used [0x000000011dfe0000, 0x000000012b911c10, 0x000000012b911e00, 0x0000000133540000)
 compacting perm gen  total 21248K, used 2870K [0x0000000133540000, 0x0000000134a00000, 0x0000000138740000)
   the space 21248K,  13% used [0x0000000133540000, 0x000000013380daf8, 0x000000013380dc00, 0x0000000134a00000)
No shared spaces configured.
}
{Heap before GC invocations=72 (full 62):
 def new generation   total 157248K, used 127436K [0x0000000113540000, 0x000000011dfe0000, 0x000000011dfe0000)
  eden space 139776K,  91% used [0x0000000113540000, 0x000000011b1b33f8, 0x000000011bdc0000)
  from space 17472K,   0% used [0x000000011bdc0000, 0x000000011bdc0000, 0x000000011ced0000)
  to   space 17472K,   0% used [0x000000011ced0000, 0x000000011ced0000, 0x000000011dfe0000)
 tenured generation   total 349568K, used 222407K [0x000000011dfe0000, 0x0000000133540000, 0x0000000133540000)
   the space 349568K,  63% used [0x000000011dfe0000, 0x000000012b911c10, 0x000000012b911e00, 0x0000000133540000)
 compacting perm gen  total 21248K, used 2870K [0x0000000133540000, 0x0000000134a00000, 0x0000000138740000)
   the space 21248K,  13% used [0x0000000133540000, 0x000000013380daf8, 0x000000013380dc00, 0x0000000134a00000)
No shared spaces configured.
11.659: [GC 11.659: [DefNew: 127436K->127436K(157248K), 0.0000180 secs]11.659: [Tenured: 222407K->224089K(349568K), 0.0904770 secs] 349844K->224089K(506816K), [Perm : 2870K->2870K(21248K)], 0.0905810 secs] [Times: user=0.09 sys=0.00, real=0.09 secs] 
Heap after GC invocations=73 (full 63):
 def new generation   total 157248K, used 0K [0x0000000113540000, 0x000000011dfe0000, 0x000000011dfe0000)
  eden space 139776K,   0% used [0x0000000113540000, 0x0000000113540000, 0x000000011bdc0000)
  from space 17472K,   0% used [0x000000011bdc0000, 0x000000011bdc0000, 0x000000011ced0000)
  to   space 17472K,   0% used [0x000000011ced0000, 0x000000011ced0000, 0x000000011dfe0000)
 tenured generation   total 349568K, used 224089K [0x000000011dfe0000, 0x0000000133540000, 0x0000000133540000)
   the space 349568K,  64% used [0x000000011dfe0000, 0x000000012bab6548, 0x000000012bab6600, 0x0000000133540000)
 compacting perm gen  total 21248K, used 2870K [0x0000000133540000, 0x0000000134a00000, 0x0000000138740000)
   the space 21248K,  13% used [0x0000000133540000, 0x000000013380daf8, 0x000000013380dc00, 0x0000000134a00000)
No shared spaces configured.
}
{Heap before GC invocations=73 (full 63):
 def new generation   total 157248K, used 137202K [0x0000000113540000, 0x000000011dfe0000, 0x000000011dfe0000)
  eden space 139776K,  98% used [0x0000000113540000, 0x000000011bb3c958, 0x000000011bdc0000)
  from space 17472K,   0% used [0x000000011bdc0000, 0x000000011bdc0000, 0x000000011ced0000)
  to   space 17472K,   0% used [0x000000011ced0000, 0x000000011ced0000, 0x000000011dfe0000)
 tenured generation   total 349568K, used 224089K [0x000000011dfe0000, 0x0000000133540000, 0x0000000133540000)
   the space 349568K,  64% used [0x000000011dfe0000, 0x000000012bab6548, 0x000000012bab6600, 0x0000000133540000)
 compacting perm gen  total 21248K, used 2870K [0x0000000133540000, 0x0000000134a00000, 0x0000000138740000)
   the space 21248K,  13% used [0x0000000133540000, 0x000000013380daf8, 0x000000013380dc00, 0x0000000134a00000)
No shared spaces configured.
11.818: [GC 11.818: [DefNew: 137202K->137202K(157248K), 0.0000200 secs]11.818: [Tenured: 224089K->257175K(349568K), 0.1028240 secs] 361291K->257175K(506816K), [Perm : 2870K->2870K(21248K)], 0.1029290 secs] [Times: user=0.10 sys=0.00, real=0.10 secs] 
Heap after GC invocations=74 (full 64):
 def new generation   total 157248K, used 0K [0x0000000113540000, 0x000000011dfe0000, 0x000000011dfe0000)
  eden space 139776K,   0% used [0x0000000113540000, 0x0000000113540000, 0x000000011bdc0000)
  from space 17472K,   0% used [0x000000011bdc0000, 0x000000011bdc0000, 0x000000011ced0000)
  to   space 17472K,   0% used [0x000000011ced0000, 0x000000011ced0000, 0x000000011dfe0000)
 tenured generation   total 349568K, used 257175K [0x000000011dfe0000, 0x0000000133540000, 0x0000000133540000)
   the space 349568K,  73% used [0x000000011dfe0000, 0x000000012db05c98, 0x000000012db05e00, 0x0000000133540000)
 compacting perm gen  total 21248K, used 2870K [0x0000000133540000, 0x0000000134a00000, 0x0000000138740000)
   the space 21248K,  13% used [0x0000000133540000, 0x000000013380daf8, 0x000000013380dc00, 0x0000000134a00000)
No shared spaces configured.
}
{Heap before GC invocations=74 (full 64):
 def new generation   total 157248K, used 137768K [0x0000000113540000, 0x000000011dfe0000, 0x000000011dfe0000)
  eden space 139776K,  98% used [0x0000000113540000, 0x000000011bbca068, 0x000000011bdc0000)
  from space 17472K,   0% used [0x000000011bdc0000, 0x000000011bdc0000, 0x000000011ced0000)
  to   space 17472K,   0% used [0x000000011ced0000, 0x000000011ced0000, 0x000000011dfe0000)
 tenured generation   total 349568K, used 257175K [0x000000011dfe0000, 0x0000000133540000, 0x0000000133540000)
   the space 349568K,  73% used [0x000000011dfe0000, 0x000000012db05c98, 0x000000012db05e00, 0x0000000133540000)
 compacting perm gen  total 21248K, used 2870K [0x0000000133540000, 0x0000000134a00000, 0x0000000138740000)
   the space 21248K,  13% used [0x0000000133540000, 0x000000013380daf8, 0x000000013380dc00, 0x0000000134a00000)
No shared spaces configured.
11.989: [GC 11.989: [DefNew: 137768K->137768K(157248K), 0.0000190 secs]11.989: [Tenured: 257175K->280568K(349568K), 0.1115440 secs] 394943K->280568K(506816K), [Perm : 2870K->2870K(21248K)], 0.1116500 secs] [Times: user=0.11 sys=0.00, real=0.11 secs] 
Heap after GC invocations=75 (full 65):
 def new generation   total 157248K, used 0K [0x0000000113540000, 0x000000011dfe0000, 0x000000011dfe0000)
  eden space 139776K,   0% used [0x0000000113540000, 0x0000000113540000, 0x000000011bdc0000)
  from space 17472K,   0% used [0x000000011bdc0000, 0x000000011bdc0000, 0x000000011ced0000)
  to   space 17472K,   0% used [0x000000011ced0000, 0x000000011ced0000, 0x000000011dfe0000)
 tenured generation   total 349568K, used 280568K [0x000000011dfe0000, 0x0000000133540000, 0x0000000133540000)
   the space 349568K,  80% used [0x000000011dfe0000, 0x000000012f1de220, 0x000000012f1de400, 0x0000000133540000)
 compacting perm gen  total 21248K, used 2870K [0x0000000133540000, 0x0000000134a00000, 0x0000000138740000)
   the space 21248K,  13% used [0x0000000133540000, 0x000000013380daf8, 0x000000013380dc00, 0x0000000134a00000)
No shared spaces configured.
}
{Heap before GC invocations=75 (full 65):
 def new generation   total 157248K, used 135742K [0x0000000113540000, 0x000000011dfe0000, 0x000000011dfe0000)
  eden space 139776K,  97% used [0x0000000113540000, 0x000000011b9cf8b0, 0x000000011bdc0000)
  from space 17472K,   0% used [0x000000011bdc0000, 0x000000011bdc0000, 0x000000011ced0000)
  to   space 17472K,   0% used [0x000000011ced0000, 0x000000011ced0000, 0x000000011dfe0000)
 tenured generation   total 349568K, used 280568K [0x000000011dfe0000, 0x0000000133540000, 0x0000000133540000)
   the space 349568K,  80% used [0x000000011dfe0000, 0x000000012f1de220, 0x000000012f1de400, 0x0000000133540000)
 compacting perm gen  total 21248K, used 2870K [0x0000000133540000, 0x0000000134a00000, 0x0000000138740000)
   the space 21248K,  13% used [0x0000000133540000, 0x000000013380daf8, 0x000000013380dc00, 0x0000000134a00000)
No shared spaces configured.
12.167: [GC 12.168: [DefNew: 135742K->135742K(157248K), 0.0000240 secs]12.168: [Tenured: 280568K->315616K(349568K), 0.1244940 secs] 416310K->315616K(506816K), [Perm : 2870K->2870K(21248K)], 0.1246060 secs] [Times: user=0.13 sys=0.00, real=0.13 secs] 
Heap after GC invocations=76 (full 66):
 def new generation   total 157248K, used 0K [0x0000000113540000, 0x000000011dfe0000, 0x000000011dfe0000)
  eden space 139776K,   0% used [0x0000000113540000, 0x0000000113540000, 0x000000011bdc0000)
  from space 17472K,   0% used [0x000000011bdc0000, 0x000000011bdc0000, 0x000000011ced0000)
  to   space 17472K,   0% used [0x000000011ced0000, 0x000000011ced0000, 0x000000011dfe0000)
 tenured generation   total 349568K, used 315616K [0x000000011dfe0000, 0x0000000133540000, 0x0000000133540000)
   the space 349568K,  90% used [0x000000011dfe0000, 0x0000000131418300, 0x0000000131418400, 0x0000000133540000)
 compacting perm gen  total 21248K, used 2870K [0x0000000133540000, 0x0000000134a00000, 0x0000000138740000)
   the space 21248K,  13% used [0x0000000133540000, 0x000000013380daf8, 0x000000013380dc00, 0x0000000134a00000)
No shared spaces configured.
}
{Heap before GC invocations=76 (full 66):
 def new generation   total 157248K, used 133599K [0x0000000113540000, 0x000000011dfe0000, 0x000000011dfe0000)
  eden space 139776K,  95% used [0x0000000113540000, 0x000000011b7b7f48, 0x000000011bdc0000)
  from space 17472K,   0% used [0x000000011bdc0000, 0x000000011bdc0000, 0x000000011ced0000)
  to   space 17472K,   0% used [0x000000011ced0000, 0x000000011ced0000, 0x000000011dfe0000)
 tenured generation   total 349568K, used 315616K [0x000000011dfe0000, 0x0000000133540000, 0x0000000133540000)
   the space 349568K,  90% used [0x000000011dfe0000, 0x0000000131418300, 0x0000000131418400, 0x0000000133540000)
 compacting perm gen  total 21248K, used 2870K [0x0000000133540000, 0x0000000134a00000, 0x0000000138740000)
   the space 21248K,  13% used [0x0000000133540000, 0x000000013380daf8, 0x000000013380dc00, 0x0000000134a00000)
No shared spaces configured.
12.358: [GC 12.358: [DefNew: 133599K->133599K(157248K), 0.0000180 secs]12.358: [Tenured: 315616K->308660K(349568K), 0.1135400 secs] 449216K->308660K(506816K), [Perm : 2870K->2870K(21248K)], 0.1136460 secs] [Times: user=0.11 sys=0.00, real=0.11 secs] 
Heap after GC invocations=77 (full 67):
 def new generation   total 157248K, used 0K [0x0000000113540000, 0x000000011dfe0000, 0x000000011dfe0000)
  eden space 139776K,   0% used [0x0000000113540000, 0x0000000113540000, 0x000000011bdc0000)
  from space 17472K,   0% used [0x000000011bdc0000, 0x000000011bdc0000, 0x000000011ced0000)
  to   space 17472K,   0% used [0x000000011ced0000, 0x000000011ced0000, 0x000000011dfe0000)
 tenured generation   total 349568K, used 308660K [0x000000011dfe0000, 0x0000000133540000, 0x0000000133540000)
   the space 349568K,  88% used [0x000000011dfe0000, 0x0000000130d4d360, 0x0000000130d4d400, 0x0000000133540000)
 compacting perm gen  total 21248K, used 2870K [0x0000000133540000, 0x0000000134a00000, 0x0000000138740000)
   the space 21248K,  13% used [0x0000000133540000, 0x000000013380daf8, 0x000000013380dc00, 0x0000000134a00000)
No shared spaces configured.
}
{Heap before GC invocations=77 (full 67):
 def new generation   total 157248K, used 138864K [0x0000000113540000, 0x000000011dfe0000, 0x000000011dfe0000)
  eden space 139776K,  99% used [0x0000000113540000, 0x000000011bcdc358, 0x000000011bdc0000)
  from space 17472K,   0% used [0x000000011bdc0000, 0x000000011bdc0000, 0x000000011ced0000)
  to   space 17472K,   0% used [0x000000011ced0000, 0x000000011ced0000, 0x000000011dfe0000)
 tenured generation   total 349568K, used 308660K [0x000000011dfe0000, 0x0000000133540000, 0x0000000133540000)
   the space 349568K,  88% used [0x000000011dfe0000, 0x0000000130d4d360, 0x0000000130d4d400, 0x0000000133540000)
 compacting perm gen  total 21248K, used 2870K [0x0000000133540000, 0x0000000134a00000, 0x0000000138740000)
   the space 21248K,  13% used [0x0000000133540000, 0x000000013380daf8, 0x000000013380dc00, 0x0000000134a00000)
No shared spaces configured.
12.541: [GC 12.541: [DefNew: 138864K->138864K(157248K), 0.0000180 secs]12.541: [Tenured: 308660K->338570K(349568K), 0.1344980 secs] 447525K->338570K(506816K), [Perm : 2870K->2870K(21248K)], 0.1346050 secs] [Times: user=0.14 sys=0.00, real=0.14 secs] 
Heap after GC invocations=78 (full 68):
 def new generation   total 157248K, used 0K [0x0000000113540000, 0x000000011dfe0000, 0x000000011dfe0000)
  eden space 139776K,   0% used [0x0000000113540000, 0x0000000113540000, 0x000000011bdc0000)
  from space 17472K,   0% used [0x000000011bdc0000, 0x000000011bdc0000, 0x000000011ced0000)
  to   space 17472K,   0% used [0x000000011ced0000, 0x000000011ced0000, 0x000000011dfe0000)
 tenured generation   total 349568K, used 338570K [0x000000011dfe0000, 0x0000000133540000, 0x0000000133540000)
   the space 349568K,  96% used [0x000000011dfe0000, 0x0000000132a82990, 0x0000000132a82a00, 0x0000000133540000)
 compacting perm gen  total 21248K, used 2870K [0x0000000133540000, 0x0000000134a00000, 0x0000000138740000)
   the space 21248K,  13% used [0x0000000133540000, 0x000000013380daf8, 0x000000013380dc00, 0x0000000134a00000)
No shared spaces configured.
}
{Heap before GC invocations=78 (full 68):
 def new generation   total 157248K, used 127616K [0x0000000113540000, 0x000000011dfe0000, 0x000000011dfe0000)
  eden space 139776K,  91% used [0x0000000113540000, 0x000000011b1e0200, 0x000000011bdc0000)
  from space 17472K,   0% used [0x000000011bdc0000, 0x000000011bdc0000, 0x000000011ced0000)
  to   space 17472K,   0% used [0x000000011ced0000, 0x000000011ced0000, 0x000000011dfe0000)
 tenured generation   total 349568K, used 338570K [0x000000011dfe0000, 0x0000000133540000, 0x0000000133540000)
   the space 349568K,  96% used [0x000000011dfe0000, 0x0000000132a82990, 0x0000000132a82a00, 0x0000000133540000)
 compacting perm gen  total 21248K, used 2870K [0x0000000133540000, 0x0000000134a00000, 0x0000000138740000)
   the space 21248K,  13% used [0x0000000133540000, 0x000000013380daf8, 0x000000013380dc00, 0x0000000134a00000)
No shared spaces configured.
12.739: [GC 12.739: [DefNew: 127616K->127616K(157248K), 0.0000200 secs]12.739: [Tenured: 338570K->235360K(349568K), 0.0944780 secs] 466186K->235360K(506816K), [Perm : 2870K->2870K(21248K)], 0.0945880 secs] [Times: user=0.09 sys=0.00, real=0.10 secs] 
Heap after GC invocations=79 (full 69):
 def new generation   total 157248K, used 0K [0x0000000113540000, 0x000000011dfe0000, 0x000000011dfe0000)
  eden space 139776K,   0% used [0x0000000113540000, 0x0000000113540000, 0x000000011bdc0000)
  from space 17472K,   0% used [0x000000011bdc0000, 0x000000011bdc0000, 0x000000011ced0000)
  to   space 17472K,   0% used [0x000000011ced0000, 0x000000011ced0000, 0x000000011dfe0000)
 tenured generation   total 349568K, used 235360K [0x000000011dfe0000, 0x0000000133540000, 0x0000000133540000)
   the space 349568K,  67% used [0x000000011dfe0000, 0x000000012c5b8160, 0x000000012c5b8200, 0x0000000133540000)
 compacting perm gen  total 21248K, used 2870K [0x0000000133540000, 0x0000000134a00000, 0x0000000138740000)
   the space 21248K,  13% used [0x0000000133540000, 0x000000013380daf8, 0x000000013380dc00, 0x0000000134a00000)
No shared spaces configured.
}
{Heap before GC invocations=79 (full 69):
 def new generation   total 157248K, used 131567K [0x0000000113540000, 0x000000011dfe0000, 0x000000011dfe0000)
  eden space 139776K,  94% used [0x0000000113540000, 0x000000011b5bbda0, 0x000000011bdc0000)
  from space 17472K,   0% used [0x000000011bdc0000, 0x000000011bdc0000, 0x000000011ced0000)
  to   space 17472K,   0% used [0x000000011ced0000, 0x000000011ced0000, 0x000000011dfe0000)
 tenured generation   total 349568K, used 235360K [0x000000011dfe0000, 0x0000000133540000, 0x0000000133540000)
   the space 349568K,  67% used [0x000000011dfe0000, 0x000000012c5b8160, 0x000000012c5b8200, 0x0000000133540000)
 compacting perm gen  total 21248K, used 2870K [0x0000000133540000, 0x0000000134a00000, 0x0000000138740000)
   the space 21248K,  13% used [0x0000000133540000, 0x000000013380daf8, 0x000000013380dc00, 0x0000000134a00000)
No shared spaces configured.
12.899: [GC 12.899: [DefNew: 131567K->131567K(157248K), 0.0000190 secs]12.899: [Tenured: 235360K->183865K(349568K), 0.0752990 secs] 366927K->183865K(506816K), [Perm : 2870K->2870K(21248K)], 0.0754000 secs] [Times: user=0.07 sys=0.00, real=0.08 secs] 
Heap after GC invocations=80 (full 70):
 def new generation   total 157248K, used 0K [0x0000000113540000, 0x000000011dfe0000, 0x000000011dfe0000)
  eden space 139776K,   0% used [0x0000000113540000, 0x0000000113540000, 0x000000011bdc0000)
  from space 17472K,   0% used [0x000000011bdc0000, 0x000000011bdc0000, 0x000000011ced0000)
  to   space 17472K,   0% used [0x000000011ced0000, 0x000000011ced0000, 0x000000011dfe0000)
 tenured generation   total 349568K, used 183865K [0x000000011dfe0000, 0x0000000133540000, 0x0000000133540000)
   the space 349568K,  52% used [0x000000011dfe0000, 0x000000012936e7d8, 0x000000012936e800, 0x0000000133540000)
 compacting perm gen  total 21248K, used 2870K [0x0000000133540000, 0x0000000134a00000, 0x0000000138740000)
   the space 21248K,  13% used [0x0000000133540000, 0x000000013380daf8, 0x000000013380dc00, 0x0000000134a00000)
No shared spaces configured.
}
{Heap before GC invocations=80 (full 70):
 def new generation   total 157248K, used 131175K [0x0000000113540000, 0x000000011dfe0000, 0x000000011dfe0000)
  eden space 139776K,  93% used [0x0000000113540000, 0x000000011b559d50, 0x000000011bdc0000)
  from space 17472K,   0% used [0x000000011bdc0000, 0x000000011bdc0000, 0x000000011ced0000)
  to   space 17472K,   0% used [0x000000011ced0000, 0x000000011ced0000, 0x000000011dfe0000)
 tenured generation   total 349568K, used 183865K [0x000000011dfe0000, 0x0000000133540000, 0x0000000133540000)
   the space 349568K,  52% used [0x000000011dfe0000, 0x000000012936e7d8, 0x000000012936e800, 0x0000000133540000)
 compacting perm gen  total 21248K, used 2870K [0x0000000133540000, 0x0000000134a00000, 0x0000000138740000)
   the space 21248K,  13% used [0x0000000133540000, 0x000000013380daf8, 0x000000013380dc00, 0x0000000134a00000)
No shared spaces configured.
13.039: [GC 13.039: [DefNew
Desired survivor size 8945664 bytes, new threshold 1 (max 15)
- age   1:   13978728 bytes,   13978728 total
: 131175K->13651K(157248K), 0.0535610 secs] 315041K->315035K(506816K), 0.0536290 secs] [Times: user=0.05 sys=0.00, real=0.06 secs] 
Heap after GC invocations=81 (full 70):
 def new generation   total 157248K, used 13651K [0x0000000113540000, 0x000000011dfe0000, 0x000000011dfe0000)
  eden space 139776K,   0% used [0x0000000113540000, 0x0000000113540000, 0x000000011bdc0000)
  from space 17472K,  78% used [0x000000011ced0000, 0x000000011dc24c68, 0x000000011dfe0000)
  to   space 17472K,   0% used [0x000000011bdc0000, 0x000000011bdc0000, 0x000000011ced0000)
 tenured generation   total 349568K, used 301384K [0x000000011dfe0000, 0x0000000133540000, 0x0000000133540000)
   the space 349568K,  86% used [0x000000011dfe0000, 0x0000000130632128, 0x0000000130632200, 0x0000000133540000)
 compacting perm gen  total 21248K, used 2870K [0x0000000133540000, 0x0000000134a00000, 0x0000000138740000)
   the space 21248K,  13% used [0x0000000133540000, 0x000000013380daf8, 0x000000013380dc00, 0x0000000134a00000)
No shared spaces configured.
}
{Heap before GC invocations=81 (full 70):
 def new generation   total 157248K, used 146278K [0x0000000113540000, 0x000000011dfe0000, 0x000000011dfe0000)
  eden space 139776K,  94% used [0x0000000113540000, 0x000000011b6c4bf8, 0x000000011bdc0000)
  from space 17472K,  78% used [0x000000011ced0000, 0x000000011dc24c68, 0x000000011dfe0000)
  to   space 17472K,   0% used [0x000000011bdc0000, 0x000000011bdc0000, 0x000000011ced0000)
 tenured generation   total 349568K, used 301384K [0x000000011dfe0000, 0x0000000133540000, 0x0000000133540000)
   the space 349568K,  86% used [0x000000011dfe0000, 0x0000000130632128, 0x0000000130632200, 0x0000000133540000)
 compacting perm gen  total 21248K, used 2870K [0x0000000133540000, 0x0000000134a00000, 0x0000000138740000)
   the space 21248K,  13% used [0x0000000133540000, 0x000000013380daf8, 0x000000013380dc00, 0x0000000134a00000)
No shared spaces configured.
13.158: [GC 13.158: [DefNew: 146278K->146278K(157248K), 0.0000180 secs]13.158: [Tenured: 301384K->247206K(349568K), 0.1001350 secs] 447662K->247206K(506816K), [Perm : 2870K->2870K(21248K)], 0.1002380 secs] [Times: user=0.10 sys=0.00, real=0.10 secs] 
Heap after GC invocations=82 (full 71):
 def new generation   total 157248K, used 0K [0x0000000113540000, 0x000000011dfe0000, 0x000000011dfe0000)
  eden space 139776K,   0% used [0x0000000113540000, 0x0000000113540000, 0x000000011bdc0000)
  from space 17472K,   0% used [0x000000011ced0000, 0x000000011ced0000, 0x000000011dfe0000)
  to   space 17472K,   0% used [0x000000011bdc0000, 0x000000011bdc0000, 0x000000011ced0000)
 tenured generation   total 349568K, used 247206K [0x000000011dfe0000, 0x0000000133540000, 0x0000000133540000)
   the space 349568K,  70% used [0x000000011dfe0000, 0x000000012d149820, 0x000000012d149a00, 0x0000000133540000)
 compacting perm gen  total 21248K, used 2870K [0x0000000133540000, 0x0000000134a00000, 0x0000000138740000)
   the space 21248K,  13% used [0x0000000133540000, 0x000000013380daf8, 0x000000013380dc00, 0x0000000134a00000)
No shared spaces configured.
}
{Heap before GC invocations=82 (full 71):
 def new generation   total 157248K, used 133592K [0x0000000113540000, 0x000000011dfe0000, 0x000000011dfe0000)
  eden space 139776K,  95% used [0x0000000113540000, 0x000000011b7b6300, 0x000000011bdc0000)
  from space 17472K,   0% used [0x000000011ced0000, 0x000000011ced0000, 0x000000011dfe0000)
  to   space 17472K,   0% used [0x000000011bdc0000, 0x000000011bdc0000, 0x000000011ced0000)
 tenured generation   total 349568K, used 247206K [0x000000011dfe0000, 0x0000000133540000, 0x0000000133540000)
   the space 349568K,  70% used [0x000000011dfe0000, 0x000000012d149820, 0x000000012d149a00, 0x0000000133540000)
 compacting perm gen  total 21248K, used 2870K [0x0000000133540000, 0x0000000134a00000, 0x0000000138740000)
   the space 21248K,  13% used [0x0000000133540000, 0x000000013380daf8, 0x000000013380dc00, 0x0000000134a00000)
No shared spaces configured.
13.325: [GC 13.325: [DefNew: 133592K->133592K(157248K), 0.0000190 secs]13.325: [Tenured: 247206K->248831K(349568K), 0.1009950 secs] 380798K->248831K(506816K), [Perm : 2870K->2870K(21248K)], 0.1011040 secs] [Times: user=0.11 sys=0.00, real=0.10 secs] 
Heap after GC invocations=83 (full 72):
 def new generation   total 157248K, used 0K [0x0000000113540000, 0x000000011dfe0000, 0x000000011dfe0000)
  eden space 139776K,   0% used [0x0000000113540000, 0x0000000113540000, 0x000000011bdc0000)
  from space 17472K,   0% used [0x000000011ced0000, 0x000000011ced0000, 0x000000011dfe0000)
  to   space 17472K,   0% used [0x000000011bdc0000, 0x000000011bdc0000, 0x000000011ced0000)
 tenured generation   total 349568K, used 248831K [0x000000011dfe0000, 0x0000000133540000, 0x0000000133540000)
   the space 349568K,  71% used [0x000000011dfe0000, 0x000000012d2dff50, 0x000000012d2e0000, 0x0000000133540000)
 compacting perm gen  total 21248K, used 2870K [0x0000000133540000, 0x0000000134a00000, 0x0000000138740000)
   the space 21248K,  13% used [0x0000000133540000, 0x000000013380daf8, 0x000000013380dc00, 0x0000000134a00000)
No shared spaces configured.
}
{Heap before GC invocations=83 (full 72):
 def new generation   total 157248K, used 128411K [0x0000000113540000, 0x000000011dfe0000, 0x000000011dfe0000)
  eden space 139776K,  91% used [0x0000000113540000, 0x000000011b2a6d08, 0x000000011bdc0000)
  from space 17472K,   0% used [0x000000011ced0000, 0x000000011ced0000, 0x000000011dfe0000)
  to   space 17472K,   0% used [0x000000011bdc0000, 0x000000011bdc0000, 0x000000011ced0000)
 tenured generation   total 349568K, used 248831K [0x000000011dfe0000, 0x0000000133540000, 0x0000000133540000)
   the space 349568K,  71% used [0x000000011dfe0000, 0x000000012d2dff50, 0x000000012d2e0000, 0x0000000133540000)
 compacting perm gen  total 21248K, used 2870K [0x0000000133540000, 0x0000000134a00000, 0x0000000138740000)
   the space 21248K,  13% used [0x0000000133540000, 0x000000013380daf8, 0x000000013380dc00, 0x0000000134a00000)
No shared spaces configured.
13.490: [GC 13.490: [DefNew: 128411K->128411K(157248K), 0.0000190 secs]13.490: [Tenured: 248831K->244110K(349568K), 0.0982460 secs] 377243K->244110K(506816K), [Perm : 2870K->2870K(21248K)], 0.0983550 secs] [Times: user=0.10 sys=0.00, real=0.10 secs] 
Heap after GC invocations=84 (full 73):
 def new generation   total 157248K, used 0K [0x0000000113540000, 0x000000011dfe0000, 0x000000011dfe0000)
  eden space 139776K,   0% used [0x0000000113540000, 0x0000000113540000, 0x000000011bdc0000)
  from space 17472K,   0% used [0x000000011ced0000, 0x000000011ced0000, 0x000000011dfe0000)
  to   space 17472K,   0% used [0x000000011bdc0000, 0x000000011bdc0000, 0x000000011ced0000)
 tenured generation   total 349568K, used 244110K [0x000000011dfe0000, 0x0000000133540000, 0x0000000133540000)
   the space 349568K,  69% used [0x000000011dfe0000, 0x000000012ce43bc0, 0x000000012ce43c00, 0x0000000133540000)
 compacting perm gen  total 21248K, used 2870K [0x0000000133540000, 0x0000000134a00000, 0x0000000138740000)
   the space 21248K,  13% used [0x0000000133540000, 0x000000013380daf8, 0x000000013380dc00, 0x0000000134a00000)
No shared spaces configured.
}
{Heap before GC invocations=84 (full 73):
 def new generation   total 157248K, used 130812K [0x0000000113540000, 0x000000011dfe0000, 0x000000011dfe0000)
  eden space 139776K,  93% used [0x0000000113540000, 0x000000011b4ff320, 0x000000011bdc0000)
  from space 17472K,   0% used [0x000000011ced0000, 0x000000011ced0000, 0x000000011dfe0000)
  to   space 17472K,   0% used [0x000000011bdc0000, 0x000000011bdc0000, 0x000000011ced0000)
 tenured generation   total 349568K, used 244110K [0x000000011dfe0000, 0x0000000133540000, 0x0000000133540000)
   the space 349568K,  69% used [0x000000011dfe0000, 0x000000012ce43bc0, 0x000000012ce43c00, 0x0000000133540000)
 compacting perm gen  total 21248K, used 2871K [0x0000000133540000, 0x0000000134a00000, 0x0000000138740000)
   the space 21248K,  13% used [0x0000000133540000, 0x000000013380dcc0, 0x000000013380de00, 0x0000000134a00000)
No shared spaces configured.
13.654: [GC 13.654: [DefNew: 130812K->130812K(157248K), 0.0000210 secs]13.654: [Tenured: 244110K->283221K(349568K), 0.1138510 secs] 374923K->283221K(506816K), [Perm : 2871K->2871K(21248K)], 0.1139550 secs] [Times: user=0.11 sys=0.00, real=0.11 secs] 
Heap after GC invocations=85 (full 74):
 def new generation   total 157248K, used 0K [0x0000000113540000, 0x000000011dfe0000, 0x000000011dfe0000)
  eden space 139776K,   0% used [0x0000000113540000, 0x0000000113540000, 0x000000011bdc0000)
  from space 17472K,   0% used [0x000000011ced0000, 0x000000011ced0000, 0x000000011dfe0000)
  to   space 17472K,   0% used [0x000000011bdc0000, 0x000000011bdc0000, 0x000000011ced0000)
 tenured generation   total 349568K, used 283221K [0x000000011dfe0000, 0x0000000133540000, 0x0000000133540000)
   the space 349568K,  81% used [0x000000011dfe0000, 0x000000012f475610, 0x000000012f475800, 0x0000000133540000)
 compacting perm gen  total 21248K, used 2871K [0x0000000133540000, 0x0000000134a00000, 0x0000000138740000)
   the space 21248K,  13% used [0x0000000133540000, 0x000000013380dcc0, 0x000000013380de00, 0x0000000134a00000)
No shared spaces configured.
}
{Heap before GC invocations=85 (full 74):
 def new generation   total 157248K, used 124342K [0x0000000113540000, 0x000000011dfe0000, 0x000000011dfe0000)
  eden space 139776K,  88% used [0x0000000113540000, 0x000000011aeadad8, 0x000000011bdc0000)
  from space 17472K,   0% used [0x000000011ced0000, 0x000000011ced0000, 0x000000011dfe0000)
  to   space 17472K,   0% used [0x000000011bdc0000, 0x000000011bdc0000, 0x000000011ced0000)
 tenured generation   total 349568K, used 283221K [0x000000011dfe0000, 0x0000000133540000, 0x0000000133540000)
   the space 349568K,  81% used [0x000000011dfe0000, 0x000000012f475610, 0x000000012f475800, 0x0000000133540000)
 compacting perm gen  total 21248K, used 2872K [0x0000000133540000, 0x0000000134a00000, 0x0000000138740000)
   the space 21248K,  13% used [0x0000000133540000, 0x000000013380e200, 0x000000013380e200, 0x0000000134a00000)
No shared spaces configured.
13.828: [GC 13.829: [DefNew: 124342K->124342K(157248K), 0.0000180 secs]13.829: [Tenured: 283221K->273851K(349568K), 0.1049280 secs] 407564K->273851K(506816K), [Perm : 2872K->2872K(21248K)], 0.1050400 secs] [Times: user=0.11 sys=0.00, real=0.11 secs] 
Heap after GC invocations=86 (full 75):
 def new generation   total 157248K, used 0K [0x0000000113540000, 0x000000011dfe0000, 0x000000011dfe0000)
  eden space 139776K,   0% used [0x0000000113540000, 0x0000000113540000, 0x000000011bdc0000)
  from space 17472K,   0% used [0x000000011ced0000, 0x000000011ced0000, 0x000000011dfe0000)
  to   space 17472K,   0% used [0x000000011bdc0000, 0x000000011bdc0000, 0x000000011ced0000)
 tenured generation   total 349568K, used 273851K [0x000000011dfe0000, 0x0000000133540000, 0x0000000133540000)
   the space 349568K,  78% used [0x000000011dfe0000, 0x000000012eb4edf8, 0x000000012eb4ee00, 0x0000000133540000)
 compacting perm gen  total 21248K, used 2872K [0x0000000133540000, 0x0000000134a00000, 0x0000000138740000)
   the space 21248K,  13% used [0x0000000133540000, 0x000000013380e200, 0x000000013380e200, 0x0000000134a00000)
No shared spaces configured.
}
{Heap before GC invocations=86 (full 75):
 def new generation   total 157248K, used 127913K [0x0000000113540000, 0x000000011dfe0000, 0x000000011dfe0000)
  eden space 139776K,  91% used [0x0000000113540000, 0x000000011b22a5f0, 0x000000011bdc0000)
  from space 17472K,   0% used [0x000000011ced0000, 0x000000011ced0000, 0x000000011dfe0000)
  to   space 17472K,   0% used [0x000000011bdc0000, 0x000000011bdc0000, 0x000000011ced0000)
 tenured generation   total 349568K, used 273851K [0x000000011dfe0000, 0x0000000133540000, 0x0000000133540000)
   the space 349568K,  78% used [0x000000011dfe0000, 0x000000012eb4edf8, 0x000000012eb4ee00, 0x0000000133540000)
 compacting perm gen  total 21248K, used 2879K [0x0000000133540000, 0x0000000134a00000, 0x0000000138740000)
   the space 21248K,  13% used [0x0000000133540000, 0x000000013380ffc0, 0x0000000133810000, 0x0000000134a00000)
No shared spaces configured.
13.997: [GC 13.997: [DefNew: 127913K->127913K(157248K), 0.0000180 secs]13.997: [Tenured: 273851K->328309K(349568K), 0.1300090 secs] 401764K->328309K(506816K), [Perm : 2879K->2879K(21248K)], 0.1301150 secs] [Times: user=0.13 sys=0.00, real=0.13 secs] 
Heap after GC invocations=87 (full 76):
 def new generation   total 157248K, used 0K [0x0000000113540000, 0x000000011dfe0000, 0x000000011dfe0000)
  eden space 139776K,   0% used [0x0000000113540000, 0x0000000113540000, 0x000000011bdc0000)
  from space 17472K,   0% used [0x000000011ced0000, 0x000000011ced0000, 0x000000011dfe0000)
  to   space 17472K,   0% used [0x000000011bdc0000, 0x000000011bdc0000, 0x000000011ced0000)
 tenured generation   total 349568K, used 328309K [0x000000011dfe0000, 0x0000000133540000, 0x0000000133540000)
   the space 349568K,  93% used [0x000000011dfe0000, 0x000000013207d668, 0x000000013207d800, 0x0000000133540000)
 compacting perm gen  total 21248K, used 2879K [0x0000000133540000, 0x0000000134a00000, 0x0000000138740000)
   the space 21248K,  13% used [0x0000000133540000, 0x000000013380ffc0, 0x0000000133810000, 0x0000000134a00000)
No shared spaces configured.
}
Heap
 def new generation   total 157248K, used 131247K [0x0000000113540000, 0x000000011dfe0000, 0x000000011dfe0000)
  eden space 139776K,  93% used [0x0000000113540000, 0x000000011b56bd38, 0x000000011bdc0000)
  from space 17472K,   0% used [0x000000011ced0000, 0x000000011ced0000, 0x000000011dfe0000)
  to   space 17472K,   0% used [0x000000011bdc0000, 0x000000011bdc0000, 0x000000011ced0000)
 tenured generation   total 349568K, used 328309K [0x000000011dfe0000, 0x0000000133540000, 0x0000000133540000)
   the space 349568K,  93% used [0x000000011dfe0000, 0x000000013207d668, 0x000000013207d800, 0x0000000133540000)
 compacting perm gen  total 21248K, used 2879K [0x0000000133540000, 0x0000000134a00000, 0x0000000138740000)
   the space 21248K,  13% used [0x0000000133540000, 0x000000013380ffc0, 0x0000000133810000, 0x0000000134a00000)
No shared spaces configured.
{Heap before GC invocations=87 (full 76):
 def new generation   total 157248K, used 131247K [0x0000000113540000, 0x000000011dfe0000, 0x000000011dfe0000)
  eden space 139776K,  93% used [0x0000000113540000, 0x000000011b56bd88, 0x000000011bdc0000)
  from space 17472K,   0% used [0x000000011ced0000, 0x000000011ced0000, 0x000000011dfe0000)
  to   space 17472K,   0% used [0x000000011bdc0000, 0x000000011bdc0000, 0x000000011ced0000)
 tenured generation   total 349568K, used 328309K [0x000000011dfe0000, 0x0000000133540000, 0x0000000133540000)
   the space 349568K,  93% used [0x000000011dfe0000, 0x000000013207d668, 0x000000013207d800, 0x0000000133540000)
 compacting perm gen  total 21248K, used 2879K [0x0000000133540000, 0x0000000134a00000, 0x0000000138740000)
   the space 21248K,  13% used [0x0000000133540000, 0x000000013380ffc0, 0x0000000133810000, 0x0000000134a00000)
No shared spaces configured.
14.192: [GC 14.192: [DefNew: 131247K->131247K(157248K), 0.0000200 secs]14.192: [Tenured: 328309K->331631K(349568K), 0.1338880 secs] 459556K->331631K(506816K), [Perm : 2879K->2879K(21248K)], 0.1339950 secs] [Times: user=0.13 sys=0.00, real=0.14 secs] 
Heap after GC invocations=88 (full 77):
 def new generation   total 157248K, used 0K [0x0000000113540000, 0x000000011dfe0000, 0x000000011dfe0000)
  eden space 139776K,   0% used [0x0000000113540000, 0x0000000113540000, 0x000000011bdc0000)
  from space 17472K,   0% used [0x000000011ced0000, 0x000000011ced0000, 0x000000011dfe0000)
  to   space 17472K,   0% used [0x000000011bdc0000, 0x000000011bdc0000, 0x000000011ced0000)
 tenured generation   total 349568K, used 331631K [0x000000011dfe0000, 0x0000000133540000, 0x0000000133540000)
   the space 349568K,  94% used [0x000000011dfe0000, 0x00000001323bbe20, 0x00000001323bc000, 0x0000000133540000)
 compacting perm gen  total 21248K, used 2879K [0x0000000133540000, 0x0000000134a00000, 0x0000000138740000)
   the space 21248K,  13% used [0x0000000133540000, 0x000000013380ffc0, 0x0000000133810000, 0x0000000134a00000)
No shared spaces configured.
}
