0.148: [GC 0.148: [DefNew: 32443K->334K(39296K), 0.0383600 secs] 32443K->25080K(126720K), 0.0384220 secs] [Times: user=0.02 sys=0.01, real=0.04 secs] 
0.199: [GC 0.199: [DefNew: 25967K->334K(39296K), 0.0367880 secs] 50713K->50014K(126720K), 0.0368440 secs] [Times: user=0.02 sys=0.01, real=0.04 secs] 
0.254: [GC 0.254: [DefNew: 33693K->307K(39296K), 0.0451860 secs] 83373K->81591K(126720K), 0.0452470 secs] [Times: user=0.02 sys=0.02, real=0.05 secs] 
0.317: [GC 0.317: [DefNew: 34663K->304K(39296K), 0.0495980 secs]0.367: [Tenured: 115282K->103119K(121424K), 0.0455560 secs] 115947K->103119K(160720K), [Perm : 2867K->2867K(21248K)], 0.0954910 secs] [Times: user=0.07 sys=0.03, real=0.09 secs] 
0.496: [GC 0.496: [DefNew: 68864K->0K(77440K), 0.1027980 secs] 171983K->170095K(249308K), 0.1029510 secs] [Times: user=0.04 sys=0.03, real=0.10 secs] 
0.631: [GC 0.631: [DefNew: 62575K->0K(77440K), 0.0988260 secs]0.730: [Tenured: 230786K->206041K(232564K), 0.0986950 secs] 232671K->206041K(310004K), [Perm : 2872K->2872K(21248K)], 0.1980720 secs] [Times: user=0.13 sys=0.04, real=0.20 secs] 
0.912: [GC 0.912: [DefNew: 135270K->15967K(154624K), 0.1910220 secs] 341311K->336530K(498028K), 0.1910800 secs] [Times: user=0.09 sys=0.07, real=0.19 secs] 
1.171: [GC 1.171: [DefNew: 151919K->151919K(154624K), 0.0000180 secs]1.171: [Tenured: 320563K->284452K(343404K), 0.1372030 secs] 472482K->284452K(498028K), [Perm : 2872K->2872K(21248K)], 0.1373730 secs] [Times: user=0.13 sys=0.00, real=0.14 secs] 
1.381: [GC 1.381: [DefNew: 135170K->135170K(157248K), 0.0000200 secs]1.381: [Tenured: 284452K->313358K(349568K), 0.1359970 secs] 419623K->313358K(506816K), [Perm : 2872K->2870K(21248K)], 0.1361280 secs] [Times: user=0.14 sys=0.01, real=0.14 secs] 
1.587: [GC 1.587: [DefNew: 126012K->126012K(157248K), 0.0000280 secs]1.587: [Tenured: 313358K->253584K(349568K), 0.1133430 secs] 439370K->253584K(506816K), [Perm : 2870K->2870K(21248K)], 0.1134540 secs] [Times: user=0.11 sys=0.00, real=0.11 secs] 
1.773: [GC 1.773: [DefNew (promotion failed) : 136618K->148811K(157248K), 0.0678270 secs]1.841: [Tenured: 345116K->317813K(349568K), 0.1330590 secs] 390203K->317813K(506816K), [Perm : 2870K->2870K(21248K)], 0.2009940 secs] [Times: user=0.18 sys=0.01, real=0.20 secs] 
2.049: [GC 2.049: [DefNew: 139341K->139341K(157248K), 0.0000170 secs]2.049: [Tenured: 317813K->265602K(349568K), 0.1091710 secs] 457154K->265602K(506816K), [Perm : 2870K->2870K(21248K)], 0.1092710 secs] [Times: user=0.10 sys=0.00, real=0.11 secs] 
2.233: [GC 2.233: [DefNew: 134050K->134050K(157248K), 0.0000240 secs]2.233: [Tenured: 265602K->246378K(349568K), 0.1081400 secs] 399653K->246378K(506816K), [Perm : 2870K->2870K(21248K)], 0.1082330 secs] [Times: user=0.10 sys=0.00, real=0.11 secs] 
2.412: [GC 2.412: [DefNew (promotion failed) : 132736K->143004K(157248K), 0.0605840 secs]2.473: [Tenured: 347111K->231855K(349568K), 0.1103890 secs] 379114K->231855K(506816K), [Perm : 2870K->2870K(21248K)], 0.1710830 secs] [Times: user=0.16 sys=0.01, real=0.17 secs] 
2.650: [GC 2.650: [DefNew: 124943K->16642K(157248K), 0.0573610 secs] 356799K->356067K(506816K), 0.0574270 secs] [Times: user=0.05 sys=0.00, real=0.06 secs] 
2.778: [GC 2.778: [DefNew: 149771K->149771K(157248K), 0.0000170 secs]2.778: [Tenured: 339425K->300974K(349568K), 0.1396970 secs] 489197K->300974K(506816K), [Perm : 2870K->2870K(21248K)], 0.1398010 secs] [Times: user=0.13 sys=0.00, real=0.14 secs] 
2.990: [GC 2.990: [DefNew: 138555K->138555K(157248K), 0.0000220 secs]2.990: [Tenured: 300974K->290657K(349568K), 0.1186780 secs] 439530K->290657K(506816K), [Perm : 2870K->2870K(21248K)], 0.1187930 secs] [Times: user=0.11 sys=0.00, real=0.12 secs] 
3.182: [GC 3.182: [DefNew: 138277K->138277K(157248K), 0.0000230 secs]3.182: [Tenured: 290657K->283402K(349568K), 0.1205940 secs] 428935K->283402K(506816K), [Perm : 2870K->2870K(21248K)], 0.1207080 secs] [Times: user=0.12 sys=0.00, real=0.12 secs] 
3.374: [GC 3.374: [DefNew: 133264K->133264K(157248K), 0.0000200 secs]3.374: [Tenured: 283402K->270467K(349568K), 0.1157620 secs] 416666K->270467K(506816K), [Perm : 2870K->2870K(21248K)], 0.1158660 secs] [Times: user=0.12 sys=0.00, real=0.12 secs] 
3.567: [GC 3.567: [DefNew: 137824K->137824K(157248K), 0.0000170 secs]3.567: [Tenured: 270467K->207062K(349568K), 0.0922220 secs] 408291K->207062K(506816K), [Perm : 2870K->2870K(21248K)], 0.0923230 secs] [Times: user=0.09 sys=0.01, real=0.09 secs] 
3.731: [GC 3.731: [DefNew: 129304K->14303K(157248K), 0.0618150 secs] 336367K->335451K(506816K), 0.0618850 secs] [Times: user=0.05 sys=0.00, real=0.06 secs] 
3.857: [GC 3.857: [DefNew: 131907K->131907K(157248K), 0.0000170 secs]3.857: [Tenured: 321148K->262581K(349568K), 0.1205600 secs] 453056K->262581K(506816K), [Perm : 2870K->2870K(21248K)], 0.1206510 secs] [Times: user=0.12 sys=0.00, real=0.12 secs] 
4.050: [GC 4.050: [DefNew: 137392K->137392K(157248K), 0.0000310 secs]4.050: [Tenured: 262581K->272729K(349568K), 0.1117450 secs] 399973K->272729K(506816K), [Perm : 2870K->2870K(21248K)], 0.1118630 secs] [Times: user=0.11 sys=0.00, real=0.11 secs] 
4.234: [GC 4.234: [DefNew: 132350K->132350K(157248K), 0.0000190 secs]4.234: [Tenured: 272729K->280884K(349568K), 0.1259290 secs] 405079K->280884K(506816K), [Perm : 2870K->2870K(21248K)], 0.1260280 secs] [Times: user=0.12 sys=0.00, real=0.13 secs] 
4.437: [GC 4.437: [DefNew: 139607K->139607K(157248K), 0.0000180 secs]4.437: [Tenured: 280884K->290116K(349568K), 0.1125710 secs] 420492K->290116K(506816K), [Perm : 2870K->2870K(21248K)], 0.1126750 secs] [Times: user=0.11 sys=0.00, real=0.11 secs] 
4.620: [GC 4.620: [DefNew: 132157K->132157K(157248K), 0.0000160 secs]4.620: [Tenured: 290116K->264013K(349568K), 0.1127570 secs] 422274K->264013K(506816K), [Perm : 2870K->2870K(21248K)], 0.1128540 secs] [Times: user=0.11 sys=0.00, real=0.11 secs] 
4.801: [GC 4.801: [DefNew: 130460K->130460K(157248K), 0.0000170 secs]4.801: [Tenured: 264013K->319995K(349568K), 0.1465550 secs] 394473K->319995K(506816K), [Perm : 2870K->2870K(21248K)], 0.1466560 secs] [Times: user=0.14 sys=0.00, real=0.15 secs] 
5.022: [GC 5.022: [DefNew: 136512K->136512K(157248K), 0.0000200 secs]5.022: [Tenured: 319995K->266677K(349568K), 0.1158310 secs] 456507K->266677K(506816K), [Perm : 2870K->2870K(21248K)], 0.1159380 secs] [Times: user=0.11 sys=0.00, real=0.12 secs] 
5.210: [GC 5.210: [DefNew: 135496K->135496K(157248K), 0.0000180 secs]5.210: [Tenured: 266677K->262562K(349568K), 0.0982500 secs] 402174K->262562K(506816K), [Perm : 2870K->2870K(21248K)], 0.0983500 secs] [Times: user=0.09 sys=0.00, real=0.10 secs] 
5.379: [GC 5.379: [DefNew: 132730K->132730K(157248K), 0.0000210 secs]5.379: [Tenured: 262562K->247365K(349568K), 0.1238720 secs] 395292K->247365K(506816K), [Perm : 2870K->2870K(21248K)], 0.1239720 secs] [Times: user=0.11 sys=0.00, real=0.12 secs] 
5.576: [GC 5.576: [DefNew: 131603K->131603K(157248K), 0.0000190 secs]5.576: [Tenured: 247365K->240254K(349568K), 0.1091940 secs] 378969K->240254K(506816K), [Perm : 2870K->2870K(21248K)], 0.1092920 secs] [Times: user=0.11 sys=0.00, real=0.11 secs] 
5.760: [GC 5.760: [DefNew: 137830K->137830K(157248K), 0.0000160 secs]5.760: [Tenured: 240254K->286692K(349568K), 0.1268540 secs] 378085K->286692K(506816K), [Perm : 2870K->2870K(21248K)], 0.1269480 secs] [Times: user=0.12 sys=0.00, real=0.13 secs] 
5.958: [GC 5.958: [DefNew: 128555K->128555K(157248K), 0.0000190 secs]5.958: [Tenured: 286692K->208117K(349568K), 0.0983120 secs] 415247K->208117K(506816K), [Perm : 2870K->2870K(21248K)], 0.0984060 secs] [Times: user=0.09 sys=0.00, real=0.10 secs] 
6.129: [GC 6.129: [DefNew: 134665K->16430K(157248K), 0.0607170 secs] 342782K->342753K(506816K), 0.0607770 secs] [Times: user=0.06 sys=0.00, real=0.06 secs] 
6.265: [GC 6.265: [DefNew: 151755K->151755K(157248K), 0.0000170 secs]6.265: [Tenured: 326322K->290592K(349568K), 0.1383120 secs] 478077K->290592K(506816K), [Perm : 2870K->2870K(21248K)], 0.1384050 secs] [Times: user=0.12 sys=0.00, real=0.13 secs] 
6.476: [GC 6.476: [DefNew: 126435K->126435K(157248K), 0.0000170 secs]6.476: [Tenured: 290592K->284541K(349568K), 0.1341260 secs] 417027K->284541K(506816K), [Perm : 2870K->2870K(21248K)], 0.1342260 secs] [Times: user=0.12 sys=0.00, real=0.13 secs] 
6.703: [GC 6.703: [DefNew: 139613K->139613K(157248K), 0.0000170 secs]6.703: [Tenured: 284541K->297767K(349568K), 0.1220670 secs] 424154K->297767K(506816K), [Perm : 2870K->2870K(21248K)], 0.1221690 secs] [Times: user=0.11 sys=0.00, real=0.13 secs] 
6.907: [GC 6.907: [DefNew: 137623K->137623K(157248K), 0.0000180 secs]6.907: [Tenured: 297767K->264143K(349568K), 0.1153310 secs] 435390K->264143K(506816K), [Perm : 2870K->2870K(21248K)], 0.1154270 secs] [Times: user=0.12 sys=0.00, real=0.11 secs] 
7.098: [GC 7.099: [DefNew: 138291K->138291K(157248K), 0.0000270 secs]7.099: [Tenured: 264143K->279255K(349568K), 0.1288070 secs] 402434K->279255K(506816K), [Perm : 2870K->2870K(21248K)], 0.1289250 secs] [Times: user=0.12 sys=0.01, real=0.13 secs] 
7.300: [GC 7.300: [DefNew: 137640K->137640K(157248K), 0.0000170 secs]7.300: [Tenured: 279255K->263928K(349568K), 0.1210230 secs] 416895K->263928K(506816K), [Perm : 2870K->2870K(21248K)], 0.1212170 secs] [Times: user=0.12 sys=0.00, real=0.12 secs] 
7.497: [GC 7.497: [DefNew: 138637K->138637K(157248K), 0.0000150 secs]7.497: [Tenured: 263928K->276155K(349568K), 0.1139470 secs] 402565K->276155K(506816K), [Perm : 2870K->2870K(21248K)], 0.1140420 secs] [Times: user=0.10 sys=0.00, real=0.11 secs] 
7.681: [GC 7.681: [DefNew: 125546K->125546K(157248K), 0.0000220 secs]7.681: [Tenured: 276155K->273328K(349568K), 0.1174200 secs] 401702K->273328K(506816K), [Perm : 2870K->2870K(21248K)], 0.1180040 secs] [Times: user=0.12 sys=0.00, real=0.12 secs] 
7.871: [GC 7.871: [DefNew: 130945K->130945K(157248K), 0.0000180 secs]7.871: [Tenured: 273328K->249245K(349568K), 0.0988040 secs] 404274K->249245K(506816K), [Perm : 2870K->2870K(21248K)], 0.0989000 secs] [Times: user=0.09 sys=0.00, real=0.10 secs] 
8.040: [GC 8.040: [DefNew: 129992K->129992K(157248K), 0.0000160 secs]8.040: [Tenured: 249245K->221657K(349568K), 0.0935170 secs] 379237K->221657K(506816K), [Perm : 2870K->2870K(21248K)], 0.0936170 secs] [Times: user=0.10 sys=0.00, real=0.09 secs] 
8.206: [GC 8.206: [DefNew: 132581K->17401K(157248K), 0.0688160 secs] 354239K->354224K(506816K), 0.0688870 secs] [Times: user=0.06 sys=0.01, real=0.07 secs] 
8.357: [GC 8.357: [DefNew: 153836K->153836K(157248K), 0.0000180 secs]8.357: [Tenured: 336822K->312125K(349568K), 0.1338100 secs] 490659K->312125K(506816K), [Perm : 2870K->2870K(21248K)], 0.1339070 secs] [Times: user=0.13 sys=0.00, real=0.13 secs] 
8.561: [GC 8.561: [DefNew: 129222K->129222K(157248K), 0.0000220 secs]8.561: [Tenured: 312125K->297638K(349568K), 0.1294530 secs] 441348K->297638K(506816K), [Perm : 2870K->2870K(21248K)], 0.1295540 secs] [Times: user=0.13 sys=0.00, real=0.13 secs] 
Heap
 def new generation   total 157248K, used 44362K [0x0000000113270000, 0x000000011dd10000, 0x000000011dd10000)
  eden space 139776K,  31% used [0x0000000113270000, 0x0000000115dc2bb8, 0x000000011baf0000)
  from space 17472K,   0% used [0x000000011baf0000, 0x000000011baf0000, 0x000000011cc00000)
  to   space 17472K,   0% used [0x000000011cc00000, 0x000000011cc00000, 0x000000011dd10000)
 tenured generation   total 349568K, used 297638K [0x000000011dd10000, 0x0000000133270000, 0x0000000133270000)
   the space 349568K,  85% used [0x000000011dd10000, 0x000000012ffb9990, 0x000000012ffb9a00, 0x0000000133270000)
 compacting perm gen  total 21248K, used 2879K [0x0000000133270000, 0x0000000134730000, 0x0000000138470000)
   the space 21248K,  13% used [0x0000000133270000, 0x000000013353ffc0, 0x0000000133540000, 0x0000000134730000)
No shared spaces configured.
